cmd: build/profile/book replay --workload data/syn_default_s42.ops --version v19
events: Ir Bc Bcm Bi Bim
fl=./elf/../sysdeps/generic/dl-new-hash.h
fn=_dl_lookup_symbol_x
69 2 0 0 0 0
70 4 0 0 0 0
74 15 0 0 0 0
77 30 15 7 0 0
80 14 0 0 0 0
81 28 14 1 0 0
87 1 0 0 0 0
88 1 0 0 0 0
89 2 0 0 0 0
90 1 0 0 0 0
99 13 0 0 0 0
101 13 0 0 0 0
102 26 0 0 0 0
104 13 0 0 0 0
105 13 0 0 0 0
fl=./elf/../sysdeps/generic/dl-protected.h
fn=do_lookup_x
29 8 2 0 0 0
fl=./elf/../sysdeps/generic/ldsodefs.h
fn=do_lookup_x
139 4 0 0 0 0
140 6 0 0 0 0
fl=./elf/../sysdeps/x86_64/dl-machine.h
fn=_dl_fixup
234 2 0 0 0 0
fl=./elf/../sysdeps/x86_64/dl-runtime.h
fn=_dl_fixup
28 2 0 0 0 0
fl=./elf/../sysdeps/x86_64/dl-trampoline.h
fn=_dl_runtime_resolve_xsave
71 2 0 0 0 0
76 2 0 0 0 0
79 2 0 0 0 0
81 2 0 0 0 0
91 2 0 0 0 0
97 2 0 0 0 0
98 2 0 0 0 0
99 2 0 0 0 0
100 2 0 0 0 0
101 2 0 0 0 0
102 2 0 0 0 0
103 2 0 0 0 0
107 2 0 0 0 0
108 2 0 0 0 0
111 2 0 0 0 0
112 2 0 0 0 0
114 2 0 0 0 0
115 2 0 0 0 0
116 2 0 0 0 0
117 2 0 0 0 0
118 2 0 0 0 0
119 2 0 0 0 0
121 2 0 0 0 0
128 2 0 0 0 0
129 2 0 0 0 0
130 2 0 0 0 0
131 2 0 0 0 0
136 2 0 0 0 0
137 2 0 0 0 0
138 2 0 0 0 0
140 2 0 0 0 0
141 2 0 0 0 0
142 2 0 0 0 0
143 2 0 0 0 0
144 2 0 0 0 0
145 2 0 0 0 0
146 2 0 0 0 0
148 2 0 0 0 0
150 2 0 0 0 0
154 2 0 0 0 0
156 2 0 0 2 2
fl=./elf/./elf/dl-lookup.c
fn=_dl_lookup_symbol_x
772 26 0 0 0 0
774 4 0 0 0 0
775 8 0 0 0 0
778 2 0 0 0 0
782 4 2 2 0 0
785 4 2 0 0 0
787 4 0 0 0 0
791 28 2 0 0 0
792 34 2 0 0 0
797 10 2 0 0 0
816 2 0 0 0 0
820 4 0 0 0 0
821 14 4 0 0 0
828 2 0 0 0 0
856 8 2 0 0 0
870 6 2 0 0 0
873 4 2 0 0 0
890 8 0 0 0 0
892 18 0 0 0 0
fn=check_match
70 30 0 0 0 0
73 16 2 0 0 0
86 10 2 0 0 0
89 16 4 0 0 0
93 2 0 0 0 0
94 4 2 2 0 0
144 4 2 0 0 0
146 12 2 2 0 0
147 8 0 0 0 0
161 2 0 0 0 0
162 16 0 0 0 0
fn=do_lookup_x
347 28 0 0 0 0
348 2 0 0 0 0
353 2 0 0 0 0
354 2 0 0 0 0
358 16 0 0 0 0
361 16 8 0 0 0
365 20 8 4 0 0
386 16 8 4 0 0
390 16 8 4 0 0
396 24 8 0 0 0
400 8 0 0 0 0
401 8 0 0 0 0
404 40 8 2 0 0
405 24 0 0 0 0
408 8 0 0 0 0
409 16 8 0 0 0
411 8 0 0 0 0
412 6 0 0 0 0
413 16 0 0 0 0
415 14 0 0 0 0
416 32 0 0 0 0
419 56 8 2 0 0
422 4 0 0 0 0
423 6 0 0 0 0
424 4 2 0 0 0
426 4 0 0 0 0
429 15 3 1 0 0
431 6 0 0 0 0
432 50 0 0 0 0
433 4 0 0 0 0
436 6 2 2 0 0
439 3 1 0 0 0
461 16 0 0 0 0
476 4 2 0 0 0
483 8 2 2 0 0
487 6 2 2 0 0
499 4 0 0 0 0
500 2 0 0 0 0
501 2 0 0 0 0
518 18 6 0 0 0
522 16 0 0 0 0
fl=./elf/./elf/dl-runtime.c
fn=_dl_fixup
46 22 0 0 0 0
48 10 2 2 0 0
49 6 0 0 0 0
54 2 0 0 0 0
55 8 0 0 0 0
56 14 0 0 0 0
58 4 0 0 0 0
63 4 2 0 0 0
67 4 2 0 0 0
69 4 0 0 0 0
71 6 2 0 0 0
75 6 0 0 0 0
76 8 0 0 0 0
77 6 2 0 0 0
84 2 0 0 0 0
85 6 2 2 0 0
95 22 0 0 0 0
99 10 2 0 0 0
109 20 4 0 0 0
124 8 2 0 0 0
133 6 2 2 0 0
159 6 2 0 0 0
163 16 0 0 0 0
fl=./malloc/./malloc/arena.c
fn=_mid_memalign.isra.0
153 6 3 3 0 0
fn=free
153 24 8 6 0 0
fn=malloc
153 12 6 4 0 0
fl=./malloc/./malloc/malloc.c
fn=_int_free
1792 5 0 0 0 0
3163 6 0 0 0 0
3165 12 0 0 0 0
3166 3 0 0 0 0
3167 6 0 0 0 0
4495 56 0 0 0 0
4499 24 0 0 0 0
4505 32 8 0 0 0
4506 16 8 0 0 0
4510 40 8 0 0 0
4517 16 0 0 0 0
4518 48 16 5 0 0
4521 3 0 0 0 0
4527 9 3 0 0 0
4547 15 3 2 0 0
4550 3 0 0 0 0
4561 10 5 2 0 0
4637 10 5 0 0 0
4640 10 0 0 0 0
4643 10 5 0 0 0
4646 10 0 0 0 0
4658 43 0 0 0 0
fn=_int_free_maybe_consolidate
4770 99 0 0 0 0
4776 18 9 2 0 0
4778 8 2 0 0 0
4781 6 2 2 0 0
4784 10 2 2 0 0
4798 99 9 0 0 0
fn=_int_free_merge_chunk
1992 21 7 0 0 0
4665 56 0 0 0 0
4666 7 0 0 0 0
4670 42 7 0 0 0
4673 28 14 8 0 0
4675 21 0 0 0 0
4678 21 7 0 0 0
4681 14 0 0 0 0
4682 14 7 0 0 0
4683 14 7 0 0 0
4689 14 7 6 0 0
4691 3 0 0 0 0
4692 3 0 0 0 0
4693 3 0 0 0 0
4694 12 3 0 0 0
4696 6 0 0 0 0
4701 21 0 0 0 0
4702 49 0 0 0 0
4714 14 7 1 0 0
4720 12 6 2 0 0
4721 4 0 0 0 0
4722 4 0 0 0 0
4724 4 0 0 0 0
4732 6 0 0 0 0
4733 24 0 0 0 0
4734 12 6 1 0 0
4736 6 0 0 0 0
4738 12 6 4 0 0
4740 12 0 0 0 0
4743 6 0 0 0 0
4744 6 0 0 0 0
4746 18 0 0 0 0
4747 6 0 0 0 0
4756 1 0 0 0 0
4757 3 0 0 0 0
4758 2 0 0 0 0
fn=_int_malloc
1326 18 9 0 0 0
1345 54 9 0 0 0
1794 9 0 0 0 0
1985 12 4 2 0 0
2552 6 0 0 0 0
2564 2 1 0 0 0
2565 3 1 0 0 0
2568 4 1 0 0 0
2576 6 0 0 0 0
2577 2 1 0 0 0
3846 99 0 0 0 0
3887 18 9 0 0 0
3914 18 9 7 0 0
3977 18 9 1 0 0
3979 6 0 0 0 0
3980 2 0 0 0 0
3982 3 1 1 0 0
4039 100 20 9 0 0
4040 24 8 0 0 0
4058 27 0 0 0 0
4059 27 0 0 0 0
4060 27 9 0 0 0
4069 12 0 0 0 0
4070 73 18 6 0 0
4072 9 0 0 0 0
4073 18 0 0 0 0
4074 9 0 0 0 0
4076 18 9 0 0 0
4077 27 9 0 0 0
4079 9 0 0 0 0
4080 36 9 0 0 0
4082 36 9 0 0 0
4084 18 9 0 0 0
4085 18 9 0 0 0
4087 18 9 0 0 0
4098 36 9 1 0 0
4099 2 1 1 0 0
4127 9 0 0 0 0
4128 9 0 0 0 0
4132 18 9 0 0 0
4161 19 9 2 0 0
4163 4 0 0 0 0
4164 8 0 0 0 0
4165 2 0 0 0 0
4169 107 17 6 0 0
4170 21 0 0 0 0
4171 7 0 0 0 0
4174 14 7 4 0 0
4218 28 0 0 0 0
4221 63 0 0 0 0
4222 9 0 0 0 0
4223 9 0 0 0 0
4224 9 0 0 0 0
4225 9 0 0 0 0
4230 18 0 0 0 0
4231 18 9 6 0 0
4240 36 9 6 0 0
4246 12 6 0 0 0
4257 27 9 1 0 0
4259 32 0 0 0 0
4262 24 8 5 0 0
4263 9 0 0 0 0
4330 9 0 0 0 0
4331 18 0 0 0 0
4332 18 0 0 0 0
4333 18 0 0 0 0
4334 54 0 0 0 0
4339 34 9 2 0 0
4343 29 9 6 0 0
4346 16 4 2 0 0
4348 8 0 0 0 0
4349 4 0 0 0 0
4353 66 33 19 0 0
4355 29 0 0 0 0
4357 58 29 0 0 0
4361 4 0 0 0 0
4364 8 4 2 0 0
4373 16 0 0 0 0
4376 8 4 0 0 0
4378 12 0 0 0 0
4381 12 0 0 0 0
4384 16 4 0 0 0
4394 4 0 0 0 0
4399 16 0 0 0 0
4400 8 4 0 0 0
4403 4 0 0 0 0
4404 4 0 0 0 0
4405 4 0 0 0 0
4408 8 4 2 0 0
4410 8 4 0 0 0
4412 8 0 0 0 0
4415 32 0 0 0 0
4417 12 0 0 0 0
4418 4 0 0 0 0
4421 4 0 0 0 0
4443 5 0 0 0 0
4444 10 0 0 0 0
4446 10 5 0 0 0
4449 15 5 4 0 0
4451 4 0 0 0 0
4452 8 0 0 0 0
4453 4 0 0 0 0
4454 32 0 0 0 0
4456 8 0 0 0 0
4459 8 0 0 0 0
4460 15 0 0 0 0
4461 5 0 0 0 0
4466 4 1 1 0 0
4482 2 1 0 0 0
4487 108 9 0 0 0
fn=_int_memalign
1326 6 3 0 0 0
1345 24 0 0 0 0
4714 4 2 2 0 0
4756 2 0 0 0 0
4757 6 0 0 0 0
4758 4 0 0 0 0
5039 24 0 0 0 0
5069 12 0 0 0 0
5071 9 3 0 0 0
5074 3 0 0 0 0
5076 12 3 0 0 0
5083 15 0 0 0 0
5085 12 3 2 0 0
5086 1 0 0 0 0
5089 2 0 0 0 0
5090 12 0 0 0 0
5093 6 3 1 0 0
5095 2 0 0 0 0
5096 2 0 0 0 0
5097 1 0 0 0 0
5101 20 0 0 0 0
5103 2 0 0 0 0
5104 10 0 0 0 0
5105 4 0 0 0 0
5106 2 0 0 0 0
5108 18 4 0 0 0
5113 6 2 0 0 0
5115 4 0 0 0 0
5116 2 0 0 0 0
5117 4 0 0 0 0
5118 4 2 0 0 0
5120 2 0 0 0 0
5121 4 2 2 0 0
5122 2 0 0 0 0
5129 2 0 0 0 0
5130 6 0 0 0 0
5134 6 0 0 0 0
5140 2 0 0 0 0
5141 27 0 0 0 0
fn=_mid_memalign.isra.0
1326 6 3 0 0 0
1345 15 3 0 0 0
3575 21 0 0 0 0
3581 6 3 0 0 0
3585 6 3 2 0 0
3590 9 3 0 0 0
3598 9 3 2 0 0
3615 9 0 0 0 0
3617 6 3 2 0 0
3638 6 3 2 0 0
3640 15 0 0 0 0
3641 15 3 0 0 0
3643 6 0 0 0 0
3662 18 0 0 0 0
fn=aligned_alloc
3556 21 0 0 0 0
3557 6 3 0 0 0
3564 15 3 0 0 0
3571 9 0 0 0 0
3572 9 0 0 0 0
fn=alloc_perturb
1985 15 5 0 0 0
1987 5 0 0 0 0
fn=free
3359 56 0 0 0 0
3363 16 8 0 0 0
3371 16 0 0 0 0
3373 8 0 0 0 0
3375 24 8 0 0 0
3392 24 8 0 0 0
3398 24 0 0 0 0
3401 8 0 0 0 0
3402 48 0 0 0 0
fn=malloc
1326 12 6 0 0 0
1345 30 6 0 0 0
3294 48 0 0 0 0
3301 12 6 0 0 0
3311 12 0 0 0 0
3313 24 6 0 0 0
3316 12 6 3 0 0
3318 6 2 2 0 0
3326 12 6 5 0 0
3328 24 0 0 0 0
3329 30 6 0 0 0
3354 36 0 0 0 0
fn=sysmalloc_mmap.isra.0
2008 4 1 0 0 0
2400 6 0 0 0 0
2413 3 0 0 0 0
2418 2 1 1 0 0
2421 10 0 0 0 0
2424 2 1 0 0 0
2428 2 1 0 0 0
2432 4 0 0 0 0
2448 3 1 0 0 0
2466 1 0 0 0 0
2467 3 0 0 0 0
2471 3 1 0 0 0
2472 5 2 0 0 0
2475 3 1 0 0 0
2476 5 2 0 0 0
2481 7 0 0 0 0
fn=unlink_chunk.isra.0
1608 18 0 0 0 0
1610 45 9 0 0 0
1613 18 0 0 0 0
1614 18 0 0 0 0
1616 36 18 0 0 0
1619 9 0 0 0 0
1620 9 0 0 0 0
1621 36 15 4 0 0
1623 12 6 0 0 0
1624 18 6 0 0 0
1627 12 6 0 0 0
1641 6 0 0 0 0
1642 6 0 0 0 0
1645 18 0 0 0 0
fl=./misc/../sysdeps/unix/sysv/linux/mmap64.c
fn=mmap
47 7 0 0 0 0
50 2 1 0 0 0
53 7 2 2 0 0
58 6 1 0 0 0
60 4 0 0 0 0
fl=./misc/../sysdeps/unix/sysv/linux/setvmaname.c
fn=__set_vma_name
33 7 0 0 0 0
35 5 1 0 0 0
49 9 1 0 0 0
fl=./string/../sysdeps/x86_64/multiarch/../multiarch/strcmp-sse2.S
fn=strcmp
98 2 0 0 0 0
131 2 0 0 0 0
132 2 0 0 0 0
134 2 0 0 0 0
135 2 0 0 0 0
156 2 0 0 0 0
157 2 2 0 0 0
158 2 0 0 0 0
159 2 2 0 0 0
160 2 0 0 0 0
161 2 0 0 0 0
162 2 0 0 0 0
163 2 0 0 0 0
180 2 0 0 0 0
181 2 0 0 0 0
182 2 0 0 0 0
183 2 0 0 0 0
184 2 0 0 0 0
185 2 0 0 0 0
186 2 2 1 0 0
191 1 0 0 0 0
192 3 0 0 0 0
201 1 0 0 0 0
202 1 0 0 0 0
203 1 0 0 0 0
204 1 0 0 0 0
205 1 0 0 0 0
206 1 0 0 0 0
207 1 0 0 0 0
208 1 1 0 0 0
209 1 1 1 0 0
214 1 0 0 0 0
215 1 0 0 0 0
216 1 0 0 0 0
217 1 0 0 0 0
218 1 0 0 0 0
219 1 0 0 1 1
1613 1 0 0 0 0
1614 1 0 0 0 0
1615 1 0 0 0 0
1616 1 0 0 0 0
1617 1 0 0 0 0
1619 1 0 0 0 0
1620 1 0 0 0 0
1621 1 0 0 0 0
1622 1 0 0 0 0
1623 1 0 0 0 0
1624 1 0 0 0 0
1625 1 1 1 0 0
2095 1 0 0 0 0
2096 1 0 0 0 0
2097 1 0 0 0 0
2098 1 1 1 0 0
2104 2 0 0 0 0
2110 2 0 0 0 0
2111 2 0 0 0 0
2119 2 0 0 0 0
2120 2 0 0 0 0
fl=./string/../sysdeps/x86_64/multiarch/memset-vec-unaligned-erms.S
fn=__memset_avx2_unaligned_erms
158 3 0 0 0 0
159 6 0 0 0 0
164 3 0 0 0 0
165 3 3 0 0 0
166 3 0 0 0 0
167 3 0 0 0 0
168 3 3 3 0 0
237 3 0 0 0 0
238 3 3 0 0 0
244 3 0 0 0 0
245 3 0 0 0 0
257 3 0 0 0 0
260 3 0 0 0 0
261 3 3 0 0 0
273 3 0 0 0 0
274 3 0 0 0 0
287 3 0 0 0 0
288 3 0 0 0 0
290 3 3 0 0 0
293 3 0 0 0 0
296 3 0 0 0 0
299 24 0 0 0 0
300 24 0 0 0 0
301 24 0 0 0 0
302 24 0 0 0 0
303 24 0 0 0 0
304 24 0 0 0 0
305 27 24 17 0 0
308 3 0 0 0 0
309 3 0 0 0 0
310 3 0 0 0 0
311 3 0 0 0 0
314 6 0 0 0 0
fl=/home/wang/git-repositories/vcpkg/installed/x64-linux-clang-libcxx/include/boost/unordered/detail/foa/core.hpp
fn=lob::v19::OrderTable::grow()
1033 3 0 0 0 0
fl=/home/wang/git-repositories/vcpkg/installed/x64-linux-clang-libcxx/include/boost/unordered/detail/foa/table.hpp
fn=lob::v19::OrderTable::grow()
390 6 3 3 0 0
fl=/home/wang/sources/cxx/book/include/lob/events.hpp
fn=lob::v19::BookT<lob::ChecksumSink, 16u>::modify(unsigned long, long, unsigned int)
0 22104 0 0 0 0
92 72121 0 0 0 0
93 592336 0 0 0 0
fn=unsigned int lob::v19::BookT<lob::ChecksumSink, 16u>::match<(lob::Side)0>(unsigned long, long, unsigned int)
92 93015 0 0 0 0
93 403065 0 0 0 0
fn=unsigned int lob::v19::BookT<lob::ChecksumSink, 16u>::match<(lob::Side)1>(unsigned long, long, unsigned int)
92 92103 0 0 0 0
93 399113 0 0 0 0
fn=void lob::replay<lob::v19::BookT<lob::ChecksumSink, 16u> >(lob::v19::BookT<lob::ChecksumSink, 16u>&, std::__1::span<lob::Op const, 18446744073709551615ul>)
0 1838190 0 0 0 0
92 919095 0 0 0 0
93 9311361 0 0 0 0
fl=/home/wang/sources/cxx/book/include/lob/replay.hpp
fn=void lob::replay<lob::v19::BookT<lob::ChecksumSink, 16u> >(lob::v19::BookT<lob::ChecksumSink, 16u>&, std::__1::span<lob::Op const, 18446744073709551615ul>)
0 18 0 0 0 0
53 1000001 1000001 1 0 0
57 1 0 0 0 0
fl=/home/wang/sources/cxx/book/include/lob/v11/exact_div.hpp
fn=lob::v19::BookT<lob::ChecksumSink, 16u>::modify(unsigned long, long, unsigned int)
37 49458 0 0 0 0
fn=void lob::replay<lob::v19::BookT<lob::ChecksumSink, 16u> >(lob::v19::BookT<lob::ChecksumSink, 16u>&, std::__1::span<lob::Op const, 18446744073709551615ul>)
37 1438848 0 0 0 0
fl=/home/wang/sources/cxx/book/include/lob/v19/book.hpp
fn=lob::v19::BookT<lob::ChecksumSink, 16u>::anchor_if_on_tick(long)
405 3 0 0 0 0
406 1 0 0 0 0
623 10 2 1 0 0
624 1 0 0 0 0
fn=lob::v19::BookT<lob::ChecksumSink, 16u>::loc_of(unsigned int, unsigned long) const
365 111270 0 0 0 0
366 55635 0 0 0 0
382 278175 0 0 0 0
383 55635 0 0 0 0
384 166905 55635 4 0 0
386 500715 0 0 0 0
402 111270 0 0 0 0
fn=lob::v19::BookT<lob::ChecksumSink, 16u>::modify(unsigned long, long, unsigned int)
0 703169 0 0 0 0
224 500715 0 0 0 0
225 55635 0 0 0 0
226 111270 55635 0 0 0
227 111270 55635 1 0 0
228 111270 55635 0 0 0
230 333810 0 0 0 0
232 222540 55635 25756 0 0
233 33531 0 0 0 0
234 33531 0 0 0 0
237 22104 0 0 0 0
238 55635 0 0 0 0
240 22104 0 0 0 0
242 445080 0 0 0 0
356 38590 0 0 0 0
363 148374 0 0 0 0
365 44208 0 0 0 0
399 32972 0 0 0 0
400 49458 0 0 0 0
402 44208 0 0 0 0
452 16486 0 0 0 0
453 32972 0 0 0 0
456 32972 0 0 0 0
457 16486 0 0 0 0
458 16486 0 0 0 0
459 16486 0 0 0 0
460 16486 0 0 0 0
461 16486 0 0 0 0
468 22104 0 0 0 0
469 22104 0 0 0 0
470 221040 0 0 0 0
471 198936 0 0 0 0
472 22104 0 0 0 0
473 44208 0 0 0 0
481 22104 0 0 0 0
482 88416 0 0 0 0
483 44208 0 0 0 0
484 137874 0 0 0 0
485 44208 0 0 0 0
486 22104 22104 0 0 0
487 88416 0 0 0 0
488 44208 0 0 0 0
494 22104 22104 6727 0 0
495 5618 5618 2792 0 0
496 11400 0 0 0 0
498 11072 0 0 0 0
499 11236 5618 8 0 0
561 32972 16486 2 0 0
563 49458 0 0 0 0
565 16486 16486 0 0 0
566 49458 0 0 0 0
567 16486 0 0 0 0
572 16486 0 0 0 0
585 44208 22104 4 0 0
588 110520 0 0 0 0
589 22104 0 0 0 0
590 132624 0 0 0 0
fn=lob::v19::BookT<lob::ChecksumSink, 16u>::relink_after_grow()
431 12 0 0 0 0
433 225 0 0 0 0
434 225 0 0 0 0
438 38 0 0 0 0
440 3 3 2 0 0
441 3 3 2 0 0
443 3 0 0 0 0
fn=unsigned int lob::v19::BookT<lob::ChecksumSink, 16u>::match<(lob::Side)0>(unsigned long, long, unsigned int)
0 311107 0 0 0 0
402 31156 0 0 0 0
468 16492 0 0 0 0
469 16492 0 0 0 0
470 148428 0 0 0 0
471 115444 0 0 0 0
472 16492 0 0 0 0
473 16492 0 0 0 0
509 140202 0 0 0 0
519 31156 15578 0 0 0
522 46734 15578 0 0 0
525 15578 15578 0 0 0
530 15578 15578 4 0 0
532 31156 15578 2 0 0
533 124624 0 0 0 0
534 124020 62010 1232 0 0
537 93015 0 0 0 0
539 31005 0 0 0 0
541 31005 0 0 0 0
542 62010 31005 13128 0 0
544 32984 16492 6 0 0
548 31156 15578 1071 0 0
556 140202 0 0 0 0
fn=unsigned int lob::v19::BookT<lob::ChecksumSink, 16u>::match<(lob::Side)1>(unsigned long, long, unsigned int)
0 337063 0 0 0 0
402 30620 0 0 0 0
468 16225 0 0 0 0
469 16225 0 0 0 0
470 146025 0 0 0 0
471 113575 0 0 0 0
472 16225 0 0 0 0
473 16225 0 0 0 0
509 137790 0 0 0 0
519 30620 15310 0 0 0
522 45930 15310 0 0 0
525 15310 15310 4894 0 0
526 15310 0 0 0 0
530 15310 15310 4 0 0
532 30620 15310 2 0 0
533 107170 0 0 0 0
534 122804 61402 952 0 0
537 92103 0 0 0 0
539 30701 0 0 0 0
541 30701 0 0 0 0
542 61402 30701 12818 0 0
544 32450 16225 13 0 0
548 30620 15310 10 0 0
556 137790 0 0 0 0
fn=void lob::replay<lob::v19::BookT<lob::ChecksumSink, 16u> >(lob::v19::BookT<lob::ChecksumSink, 16u>&, std::__1::span<lob::Op const, 18446744073709551615ul>)
0 4017234 0 0 0 0
193 4888730 1944365 483305 0 0
195 2019544 0 0 0 0
199 278175 0 0 0 0
205 504886 504886 0 0 0
206 1449251 504886 0 0 0
207 504886 0 0 0 0
209 504886 504886 2 0 0
210 12 0 0 0 0
211 1009772 504886 4 0 0
217 878958 439479 2 0 0
218 1318437 0 0 0 0
221 439479 0 0 0 0
356 2757285 0 0 0 0
363 4796160 0 0 0 0
365 878958 0 0 0 0
394 2 1 0 0 0
399 959232 0 0 0 0
400 1438848 0 0 0 0
402 1009770 0 0 0 0
452 479616 0 0 0 0
453 959232 0 0 0 0
456 1438848 0 0 0 0
457 479616 0 0 0 0
458 479616 0 0 0 0
459 479616 0 0 0 0
460 479616 0 0 0 0
461 479616 0 0 0 0
468 439479 0 0 0 0
469 878958 0 0 0 0
470 4834269 0 0 0 0
471 3955311 0 0 0 0
472 439479 0 0 0 0
473 878958 0 0 0 0
482 1514658 0 0 0 0
483 1514655 0 0 0 0
484 3004046 0 0 0 0
485 504886 0 0 0 0
486 504886 504886 1 0 0
487 2019540 0 0 0 0
488 1009772 0 0 0 0
494 504886 504886 26548 0 0
495 25270 25270 12537 0 0
496 12728 0 0 0 0
498 12542 0 0 0 0
499 75810 25270 10 0 0
561 959237 479616 22 0 0
563 2398080 0 0 0 0
565 479616 479616 0 0 0
566 1438848 0 0 0 0
567 479616 0 0 0 0
572 479616 0 0 0 0
585 878958 439479 4 0 0
588 2197395 0 0 0 0
589 439479 0 0 0 0
590 1757916 0 0 0 0
fl=/home/wang/sources/cxx/book/include/lob/v19/order_table.hpp
fn=lob::v19::BookT<lob::ChecksumSink, 16u>::loc_of(unsigned int, unsigned long) const
74 278175 0 0 0 0
75 166905 0 0 0 0
fn=lob::v19::BookT<lob::ChecksumSink, 16u>::modify(unsigned long, long, unsigned int)
0 133706 0 0 0 0
74 481625 0 0 0 0
75 255512 0 0 0 0
88 166905 55635 0 0 0
92 111542 55771 144 0 0
93 272 136 0 0 0
129 5618 5618 0 0 0
131 11236 0 0 0 0
132 5618 0 0 0 0
133 22472 0 0 0 0
134 5618 0 0 0 0
135 16854 0 0 0 0
136 11336 5638 24 0 0
137 5618 0 0 0 0
138 5618 0 0 0 0
163 300647 0 0 0 0
165 468 0 0 0 0
167 55635 0 0 0 0
172 111814 0 0 0 0
174 111542 0 0 0 0
fn=lob::v19::BookT<lob::ChecksumSink, 16u>::relink_after_grow()
0 87 0 0 0 0
143 150 150 0 0 0
144 150 0 0 0 0
fn=lob::v19::OrderTable::grow()
0 16152 0 0 0 0
144 3434 0 0 0 0
163 7168 0 0 0 0
167 3584 0 0 0 0
184 1792 0 0 0 0
185 8960 1792 12 0 0
187 10316 0 0 0 0
188 8960 0 0 0 0
195 3 0 0 0 0
196 3 0 0 0 0
197 12 0 0 0 0
198 3 0 0 0 0
200 6 0 0 0 0
201 1825 457 23 0 0
202 3584 0 0 0 0
203 3584 0 0 0 0
207 24 0 0 0 0
210 3 0 0 0 0
211 3 0 0 0 0
212 12 0 0 0 0
213 5382 1795 3 0 0
215 14336 5376 455 0 0
216 1792 0 0 0 0
218 12544 0 0 0 0
219 1792 0 0 0 0
222 14342 3587 3 0 0
224 26880 10752 1048 0 0
226 7168 1792 80 0 0
227 7168 1792 80 0 0
267 30 0 0 0 0
fn=unsigned int lob::v19::BookT<lob::ChecksumSink, 16u>::match<(lob::Side)0>(unsigned long, long, unsigned int)
0 109752 0 0 0 0
74 191967 31005 0 0 0
75 109507 0 0 0 0
83 217035 0 0 0 0
129 16492 16492 0 0 0
131 32984 0 0 0 0
132 16492 0 0 0 0
133 65968 0 0 0 0
134 16492 0 0 0 0
135 65968 0 0 0 0
136 33266 16539 53 0 0
137 16492 0 0 0 0
163 65968 0 0 0 0
165 188 0 0 0 0
fn=unsigned int lob::v19::BookT<lob::ChecksumSink, 16u>::match<(lob::Side)1>(unsigned long, long, unsigned int)
0 108303 0 0 0 0
74 189453 30701 0 0 0
75 108328 0 0 0 0
83 214907 0 0 0 0
129 16225 16225 0 0 0
131 32450 0 0 0 0
132 16225 0 0 0 0
133 64900 0 0 0 0
134 16225 0 0 0 0
135 64900 0 0 0 0
136 32618 16253 34 0 0
137 16225 0 0 0 0
163 64900 0 0 0 0
165 112 0 0 0 0
fn=void lob::replay<lob::v19::BookT<lob::ChecksumSink, 16u> >(lob::v19::BookT<lob::ChecksumSink, 16u>&, std::__1::span<lob::Op const, 18446744073709551615ul>)
0 3212287 0 0 0 0
74 12907467 0 0 0 0
75 2837559 0 0 0 0
88 878958 439479 0 0 0
92 881316 440658 1191 0 0
93 2358 1179 6 0 0
100 1514658 1009772 0 0 0
101 1009772 0 0 0 0
102 1514658 504886 3 0 0
103 9 0 0 0 0
105 504886 0 0 0 0
106 1009778 0 0 0 0
129 490019 464749 15 0 0
131 929498 0 0 0 0
132 464749 0 0 0 0
133 1394247 0 0 0 0
134 464749 0 0 0 0
135 1858996 0 0 0 0
136 935813 466012 1276 0 0
137 490019 0 0 0 0
163 7020300 0 0 0 0
165 15220 0 0 0 0
167 1449251 0 0 0 0
172 884853 0 0 0 0
174 881316 0 0 0 0
184 506249 0 0 0 0
185 2529882 506249 1370 0 0
187 2019544 0 0 0 0
188 2019544 0 0 0 0
191 4089 0 0 0 0
fl=/home/wang/sources/cxx/book/include/lob/v3/hier_bitmap.hpp
fn=lob::v19::BookT<lob::ChecksumSink, 16u>::modify(unsigned long, long, unsigned int)
48 66312 0 0 0 0
57 32972 0 0 0 0
58 49458 16486 2 0 0
59 49458 0 0 0 0
78 66312 0 0 0 0
79 88416 0 0 0 0
80 22104 22104 4 0 0
95 110520 0 0 0 0
fn=lob::v19::BookT<lob::ChecksumSink, 16u>::relink_after_grow()
0 33 0 0 0 0
112 18432 6144 6 0 0
113 18588 6219 38 0 0
115 38 0 0 0 0
fn=unsigned int lob::v19::BookT<lob::ChecksumSink, 16u>::match<(lob::Side)0>(unsigned long, long, unsigned int)
0 15578 0 0 0 0
48 46734 0 0 0 0
95 77890 0 0 0 0
fn=unsigned int lob::v19::BookT<lob::ChecksumSink, 16u>::match<(lob::Side)1>(unsigned long, long, unsigned int)
48 45930 0 0 0 0
95 76550 0 0 0 0
fn=void lob::replay<lob::v19::BookT<lob::ChecksumSink, 16u> >(lob::v19::BookT<lob::ChecksumSink, 16u>&, std::__1::span<lob::Op const, 18446744073709551615ul>)
0 3 0 0 0 0
48 1514658 0 0 0 0
57 959238 0 0 0 0
58 1438857 479619 1268 0 0
59 1438866 0 0 0 0
78 1318437 0 0 0 0
79 1318437 0 0 0 0
80 439479 439479 2 0 0
95 2524425 0 0 0 0
fl=/home/wang/sources/cxx/book/source/main.cxx
fn=auto lob::for_each_type<std::__1::tuple<lob::v0::Book<lob::ChecksumSink>, lob::v1::Book<lob::ChecksumSink>, lob::v2::Book<lob::ChecksumSink>, lob::v3::BookT<lob::ChecksumSink, 16u>, lob::v4::BookT<lob::ChecksumSink, 16u>, lob::v5::BookT<lob::ChecksumSink, 16u>, lob::v7::BookT<lob::ChecksumSink, 16u>, lob::v8::BookT<lob::ChecksumSink, 16u>, lob::v9::BookT<lob::ChecksumSink, 16u>, lob::v10::BookT<lob::ChecksumSink, 16u>, lob::v11::BookT<lob::ChecksumSink, 16u>, lob::v12::BookT<lob::ChecksumSink, 16u>, lob::v13::BookT<lob::ChecksumSink, 16u>, lob::v14::BookT<lob::ChecksumSink, 16u>, lob::v15::BookT<lob::ChecksumSink, 16u>, lob::v16::BookT<lob::ChecksumSink, 16u>, lob::v17::BookT<lob::ChecksumSink, 16u>, lob::v18::BookT<lob::ChecksumSink, 16u>, lob::v19::BookT<lob::ChecksumSink, 16u> >, (anonymous namespace)::with_version<(anonymous namespace)::cmd_replay((anonymous namespace)::Args const&)::$_0>(std::__1::basic_string_view<char, std::__1::char_traits<char> >, (anonymous namespace)::cmd_replay((anonymous namespace)::Args const&)::$_0&&)::{lambda<typename $T0>()#1}>((anonymous namespace)::with_version<(anonymous namespace)::cmd_replay((anonymous namespace)::Args const&)::$_0>(std::__1::basic_string_view<char, std::__1::char_traits<char> >, (anonymous namespace)::cmd_replay((anonymous namespace)::Args const&)::$_0&&)::{lambda<typename $T0>()#1}&&)::{lambda<unsigned long... $N0>(std::__1::integer_sequence<unsigned long, ($N0)...>)#1}::operator()<0ul, 1ul, 2ul, 3ul, 4ul, 5ul, 6ul, 7ul, 8ul, 9ul, 10ul, 11ul, 12ul, 13ul, 14ul, 15ul, 16ul, 17ul, 18ul>(std::__1::integer_sequence<unsigned long, 0ul, 1ul, 2ul, 3ul, 4ul, 5ul, 6ul, 7ul, 8ul, 9ul, 10ul, 11ul, 12ul, 13ul, 14ul, 15ul, 16ul, 17ul, 18ul>) const
294 2 0 0 0 0
295 3 0 0 0 0
296 9 0 0 0 0
fl=/usr/include/c++/v1/__algorithm/comp.h
fn=unsigned int lob::v19::BookT<lob::ChecksumSink, 16u>::match<(lob::Side)0>(unsigned long, long, unsigned int)
41 31005 0 0 0 0
fn=unsigned int lob::v19::BookT<lob::ChecksumSink, 16u>::match<(lob::Side)1>(unsigned long, long, unsigned int)
41 30701 0 0 0 0
fl=/usr/include/c++/v1/__algorithm/fill_n.h
fn=std::__1::vector<unsigned int, std::__1::allocator<unsigned int> >::assign(unsigned long, unsigned int const&)
0 30 0 0 0 0
fl=/usr/include/c++/v1/__bit/countr.h
fn=lob::v19::BookT<lob::ChecksumSink, 16u>::modify(unsigned long, long, unsigned int)
28 199686 0 0 0 0
fn=lob::v19::BookT<lob::ChecksumSink, 16u>::relink_after_grow()
28 150 0 0 0 0
fn=lob::v19::OrderTable::grow()
28 3584 0 0 0 0
fn=unsigned int lob::v19::BookT<lob::ChecksumSink, 16u>::match<(lob::Side)0>(unsigned long, long, unsigned int)
28 77890 0 0 0 0
fn=unsigned int lob::v19::BookT<lob::ChecksumSink, 16u>::match<(lob::Side)1>(unsigned long, long, unsigned int)
28 76550 0 0 0 0
fn=void lob::replay<lob::v19::BookT<lob::ChecksumSink, 16u> >(lob::v19::BookT<lob::ChecksumSink, 16u>&, std::__1::span<lob::Op const, 18446744073709551615ul>)
28 3403385 0 0 0 0
fl=/usr/include/c++/v1/__iterator/wrap_iter.h
fn=void lob::replay<lob::v19::BookT<lob::ChecksumSink, 16u> >(lob::v19::BookT<lob::ChecksumSink, 16u>&, std::__1::span<lob::Op const, 18446744073709551615ul>)
65 1000000 0 0 0 0
125 1000001 0 0 0 0
fl=/usr/include/c++/v1/__memory/construct_at.h
fn=std::__1::vector<unsigned int, std::__1::allocator<unsigned int> >::assign(unsigned long, unsigned int const&)
38 1123 0 0 0 0
fl=/usr/include/c++/v1/__memory/unique_ptr.h
fn=lob::v19::BookT<lob::ChecksumSink, 16u>::modify(unsigned long, long, unsigned int)
583 11236 0 0 0 0
fn=lob::v19::OrderTable::grow()
91 6 0 0 0 0
281 3 0 0 0 0
282 3 0 0 0 0
287 3 0 0 0 0
288 3 0 0 0 0
289 12 6 3 0 0
597 3 0 0 0 0
598 3 0 0 0 0
606 3 0 0 0 0
607 3 0 0 0 0
609 6 3 3 0 0
617 6 3 0 0 0
765 21 0 0 0 0
fn=unsigned int lob::v19::BookT<lob::ChecksumSink, 16u>::match<(lob::Side)0>(unsigned long, long, unsigned int)
583 16492 0 0 0 0
fn=unsigned int lob::v19::BookT<lob::ChecksumSink, 16u>::match<(lob::Side)1>(unsigned long, long, unsigned int)
583 16225 0 0 0 0
fn=void lob::replay<lob::v19::BookT<lob::ChecksumSink, 16u> >(lob::v19::BookT<lob::ChecksumSink, 16u>&, std::__1::span<lob::Op const, 18446744073709551615ul>)
583 464749 0 0 0 0
fl=/usr/include/c++/v1/__new/allocate.h
fn=std::__1::vector<unsigned int, std::__1::allocator<unsigned int> >::assign(unsigned long, unsigned int const&)
37 3 0 0 0 0
43 3 0 0 0 0
63 2 0 0 0 0
fl=/usr/include/c++/v1/__tree
fn=lob::v19::BookT<lob::ChecksumSink, 16u>::relink_after_grow()
680 6 0 0 0 0
859 6 0 0 0 0
915 6 0 0 0 0
fl=/usr/include/c++/v1/__vector/vector.h
fn=auto lob::for_each_type<std::__1::tuple<lob::v0::Book<lob::ChecksumSink>, lob::v1::Book<lob::ChecksumSink>, lob::v2::Book<lob::ChecksumSink>, lob::v3::BookT<lob::ChecksumSink, 16u>, lob::v4::BookT<lob::ChecksumSink, 16u>, lob::v5::BookT<lob::ChecksumSink, 16u>, lob::v7::BookT<lob::ChecksumSink, 16u>, lob::v8::BookT<lob::ChecksumSink, 16u>, lob::v9::BookT<lob::ChecksumSink, 16u>, lob::v10::BookT<lob::ChecksumSink, 16u>, lob::v11::BookT<lob::ChecksumSink, 16u>, lob::v12::BookT<lob::ChecksumSink, 16u>, lob::v13::BookT<lob::ChecksumSink, 16u>, lob::v14::BookT<lob::ChecksumSink, 16u>, lob::v15::BookT<lob::ChecksumSink, 16u>, lob::v16::BookT<lob::ChecksumSink, 16u>, lob::v17::BookT<lob::ChecksumSink, 16u>, lob::v18::BookT<lob::ChecksumSink, 16u>, lob::v19::BookT<lob::ChecksumSink, 16u> >, (anonymous namespace)::with_version<(anonymous namespace)::cmd_replay((anonymous namespace)::Args const&)::$_0>(std::__1::basic_string_view<char, std::__1::char_traits<char> >, (anonymous namespace)::cmd_replay((anonymous namespace)::Args const&)::$_0&&)::{lambda<typename $T0>()#1}>((anonymous namespace)::with_version<(anonymous namespace)::cmd_replay((anonymous namespace)::Args const&)::$_0>(std::__1::basic_string_view<char, std::__1::char_traits<char> >, (anonymous namespace)::cmd_replay((anonymous namespace)::Args const&)::$_0&&)::{lambda<typename $T0>()#1}&&)::{lambda<unsigned long... $N0>(std::__1::integer_sequence<unsigned long, ($N0)...>)#1}::operator()<0ul, 1ul, 2ul, 3ul, 4ul, 5ul, 6ul, 7ul, 8ul, 9ul, 10ul, 11ul, 12ul, 13ul, 14ul, 15ul, 16ul, 17ul, 18ul>(std::__1::integer_sequence<unsigned long, 0ul, 1ul, 2ul, 3ul, 4ul, 5ul, 6ul, 7ul, 8ul, 9ul, 10ul, 11ul, 12ul, 13ul, 14ul, 15ul, 16ul, 17ul, 18ul>) const
388 4 0 0 0 0
449 1 0 0 0 0
fn=lob::v19::BookT<lob::ChecksumSink, 16u>::relink_after_grow()
388 3 0 0 0 0
764 3 0 0 0 0
fn=lob::v19::OrderTable::grow()
407 1792 0 0 0 0
fn=std::__1::vector<unsigned int, std::__1::allocator<unsigned int> >::assign(unsigned long, unsigned int const&)
0 6 0 0 0 0
391 18 0 0 0 0
572 6 3 0 0 0
575 3 0 0 0 0
577 6 0 0 0 0
741 3 0 0 0 0
746 6 0 0 0 0
764 2 0 0 0 0
889 6 3 1 0 0
893 8 0 0 0 0
902 9 3 0 0 0
905 18 0 0 0 0
935 469 233 20 0 0
1080 24 0 0 0 0
1081 6 3 0 0 0
1093 21 0 0 0 0
fn=void lob::replay<lob::v19::BookT<lob::ChecksumSink, 16u> >(lob::v19::BookT<lob::ChecksumSink, 16u>&, std::__1::span<lob::Op const, 18446744073709551615ul>)
394 1009772 0 0 0 0
fl=/usr/include/c++/v1/map
fn=unsigned int lob::v19::BookT<lob::ChecksumSink, 16u>::match<(lob::Side)0>(unsigned long, long, unsigned int)
1031 31156 0 0 0 0
fn=unsigned int lob::v19::BookT<lob::ChecksumSink, 16u>::match<(lob::Side)1>(unsigned long, long, unsigned int)
1031 30620 0 0 0 0
fl=???
fn=???
0 78 0 0 47 27
fn=operator delete(void*)
0 25 0 0 0 0
fn=operator delete(void*, std::align_val_t)
0 15 0 0 0 0
fn=operator delete(void*, unsigned long)
0 10 0 0 0 0
fn=operator delete[](void*)
0 15 0 0 0 0
fn=operator new(unsigned long)
0 102 6 4 0 0
fn=operator new(unsigned long, std::align_val_t)
0 81 3 3 0 0
fn=operator new[](unsigned long)
0 15 0 0 0 0
summary: 168303763 13736101 599293 50 30
