cmd: build/profile/book replay --workload data/syn_default_s42.ops --version v16
events: Ir Bc Bcm Bi Bim
fl=./elf/../sysdeps/generic/dl-new-hash.h
fn=_dl_lookup_symbol_x
69 2 0 0 0 0
70 4 0 0 0 0
74 15 0 0 0 0
77 30 15 7 0 0
80 14 0 0 0 0
81 28 14 1 0 0
87 1 0 0 0 0
88 1 0 0 0 0
89 2 0 0 0 0
90 1 0 0 0 0
99 13 0 0 0 0
101 13 0 0 0 0
102 26 0 0 0 0
104 13 0 0 0 0
105 13 0 0 0 0
fl=./elf/../sysdeps/generic/dl-protected.h
fn=do_lookup_x
29 8 2 0 0 0
fl=./elf/../sysdeps/generic/ldsodefs.h
fn=do_lookup_x
139 4 0 0 0 0
140 6 0 0 0 0
fl=./elf/../sysdeps/x86_64/dl-machine.h
fn=_dl_fixup
234 2 0 0 0 0
fl=./elf/../sysdeps/x86_64/dl-runtime.h
fn=_dl_fixup
28 2 0 0 0 0
fl=./elf/../sysdeps/x86_64/dl-trampoline.h
fn=_dl_runtime_resolve_xsave
71 2 0 0 0 0
76 2 0 0 0 0
79 2 0 0 0 0
81 2 0 0 0 0
91 2 0 0 0 0
97 2 0 0 0 0
98 2 0 0 0 0
99 2 0 0 0 0
100 2 0 0 0 0
101 2 0 0 0 0
102 2 0 0 0 0
103 2 0 0 0 0
107 2 0 0 0 0
108 2 0 0 0 0
111 2 0 0 0 0
112 2 0 0 0 0
114 2 0 0 0 0
115 2 0 0 0 0
116 2 0 0 0 0
117 2 0 0 0 0
118 2 0 0 0 0
119 2 0 0 0 0
121 2 0 0 0 0
128 2 0 0 0 0
129 2 0 0 0 0
130 2 0 0 0 0
131 2 0 0 0 0
136 2 0 0 0 0
137 2 0 0 0 0
138 2 0 0 0 0
140 2 0 0 0 0
141 2 0 0 0 0
142 2 0 0 0 0
143 2 0 0 0 0
144 2 0 0 0 0
145 2 0 0 0 0
146 2 0 0 0 0
148 2 0 0 0 0
150 2 0 0 0 0
154 2 0 0 0 0
156 2 0 0 2 2
fl=./elf/./elf/dl-lookup.c
fn=_dl_lookup_symbol_x
772 26 0 0 0 0
774 4 0 0 0 0
775 8 0 0 0 0
778 2 0 0 0 0
782 4 2 2 0 0
785 4 2 0 0 0
787 4 0 0 0 0
791 28 2 0 0 0
792 34 2 0 0 0
797 10 2 0 0 0
816 2 0 0 0 0
820 4 0 0 0 0
821 14 4 0 0 0
828 2 0 0 0 0
856 8 2 0 0 0
870 6 2 0 0 0
873 4 2 0 0 0
890 8 0 0 0 0
892 18 0 0 0 0
fn=check_match
70 30 0 0 0 0
73 16 2 0 0 0
86 10 2 0 0 0
89 16 4 0 0 0
93 2 0 0 0 0
94 4 2 2 0 0
144 4 2 0 0 0
146 12 2 2 0 0
147 8 0 0 0 0
161 2 0 0 0 0
162 16 0 0 0 0
fn=do_lookup_x
347 28 0 0 0 0
348 2 0 0 0 0
353 2 0 0 0 0
354 2 0 0 0 0
358 16 0 0 0 0
361 16 8 0 0 0
365 20 8 4 0 0
386 16 8 4 0 0
390 16 8 4 0 0
396 24 8 0 0 0
400 8 0 0 0 0
401 8 0 0 0 0
404 40 8 2 0 0
405 24 0 0 0 0
408 8 0 0 0 0
409 16 8 0 0 0
411 8 0 0 0 0
412 6 0 0 0 0
413 16 0 0 0 0
415 14 0 0 0 0
416 32 0 0 0 0
419 56 8 2 0 0
422 4 0 0 0 0
423 6 0 0 0 0
424 4 2 0 0 0
426 4 0 0 0 0
429 15 3 1 0 0
431 6 0 0 0 0
432 50 0 0 0 0
433 4 0 0 0 0
436 6 2 2 0 0
439 3 1 0 0 0
461 16 0 0 0 0
476 4 2 0 0 0
483 8 2 2 0 0
487 6 2 2 0 0
499 4 0 0 0 0
500 2 0 0 0 0
501 2 0 0 0 0
518 18 6 0 0 0
522 16 0 0 0 0
fl=./elf/./elf/dl-runtime.c
fn=_dl_fixup
46 22 0 0 0 0
48 10 2 2 0 0
49 6 0 0 0 0
54 2 0 0 0 0
55 8 0 0 0 0
56 14 0 0 0 0
58 4 0 0 0 0
63 4 2 0 0 0
67 4 2 0 0 0
69 4 0 0 0 0
71 6 2 0 0 0
75 6 0 0 0 0
76 8 0 0 0 0
77 6 2 0 0 0
84 2 0 0 0 0
85 6 2 2 0 0
95 22 0 0 0 0
99 10 2 0 0 0
109 20 4 0 0 0
124 8 2 0 0 0
133 6 2 2 0 0
159 6 2 0 0 0
163 16 0 0 0 0
fl=./malloc/./malloc/arena.c
fn=_mid_memalign.isra.0
153 4 2 2 0 0
fn=free
153 45 15 8 0 0
fn=malloc
153 22 11 3 0 0
fl=./malloc/./malloc/malloc.c
fn=_int_free
1792 7 0 0 0 0
3163 16 0 0 0 0
3165 32 0 0 0 0
3166 8 0 0 0 0
3167 16 0 0 0 0
4495 105 0 0 0 0
4499 45 0 0 0 0
4505 60 15 0 0 0
4506 30 15 0 0 0
4510 75 15 0 0 0
4517 30 0 0 0 0
4518 90 30 4 0 0
4521 8 0 0 0 0
4527 24 8 0 0 0
4547 40 8 2 0 0
4550 8 0 0 0 0
4561 14 7 2 0 0
4637 14 7 0 0 0
4640 14 0 0 0 0
4643 14 7 0 0 0
4646 14 0 0 0 0
4658 83 0 0 0 0
fn=_int_free_maybe_consolidate
4770 110 0 0 0 0
4776 20 10 2 0 0
4778 8 2 0 0 0
4781 6 2 2 0 0
4784 10 2 2 0 0
4798 110 10 0 0 0
fn=_int_free_merge_chunk
1992 24 8 0 0 0
4665 64 0 0 0 0
4666 8 0 0 0 0
4670 48 8 0 0 0
4673 32 16 6 0 0
4675 24 0 0 0 0
4678 24 8 0 0 0
4681 16 0 0 0 0
4682 16 8 0 0 0
4683 16 8 0 0 0
4689 16 8 2 0 0
4691 6 0 0 0 0
4692 6 0 0 0 0
4693 6 0 0 0 0
4694 24 6 0 0 0
4696 12 0 0 0 0
4701 24 0 0 0 0
4702 56 0 0 0 0
4714 16 8 0 0 0
4720 16 8 0 0 0
4724 8 0 0 0 0
4732 8 0 0 0 0
4733 32 0 0 0 0
4734 16 8 0 0 0
4736 8 0 0 0 0
4738 16 8 5 0 0
4740 21 0 0 0 0
4743 8 0 0 0 0
4744 8 0 0 0 0
4746 24 0 0 0 0
4747 8 0 0 0 0
fn=_int_malloc
1326 26 13 0 0 0
1345 78 13 0 0 0
1794 13 0 0 0 0
2008 4 1 0 0 0
2552 6 0 0 0 0
2553 1 0 0 0 0
2564 2 1 1 0 0
2589 4 0 0 0 0
2590 2 0 0 0 0
2599 12 3 0 0 0
2605 3 1 0 0 0
2608 3 1 1 0 0
2669 3 0 0 0 0
2677 2 1 0 0 0
2678 3 0 0 0 0
2691 3 1 0 0 0
2693 1 0 0 0 0
2699 5 0 0 0 0
2707 2 1 1 0 0
2709 4 0 0 0 0
2710 3 1 0 0 0
2711 1 0 0 0 0
2712 1 0 0 0 0
2715 2 1 0 0 0
2744 7 1 0 0 0
2746 2 0 0 0 0
2752 8 2 0 0 0
2753 6 0 0 0 0
2921 3 1 0 0 0
2922 1 0 0 0 0
2926 1 0 0 0 0
2930 5 1 1 0 0
2932 1 0 0 0 0
2933 1 0 0 0 0
2934 1 0 0 0 0
2935 7 0 0 0 0
2936 2 0 0 0 0
2938 1 0 0 0 0
3846 143 0 0 0 0
3887 26 13 0 0 0
3914 26 13 6 0 0
3916 4 0 0 0 0
3919 1 0 0 0 0
3921 2 1 1 0 0
3930 3 0 0 0 0
3977 24 12 3 0 0
3979 20 0 0 0 0
3980 8 0 0 0 0
3982 12 4 3 0 0
4039 115 23 11 0 0
4040 27 9 0 0 0
4058 39 0 0 0 0
4059 39 0 0 0 0
4060 39 13 0 0 0
4069 12 0 0 0 0
4070 86 19 6 0 0
4072 6 0 0 0 0
4073 12 0 0 0 0
4074 6 0 0 0 0
4076 12 6 0 0 0
4077 18 6 0 0 0
4079 6 0 0 0 0
4080 24 6 0 0 0
4082 24 6 0 0 0
4084 12 6 0 0 0
4085 12 6 0 0 0
4087 12 6 0 0 0
4098 24 6 0 0 0
4127 6 0 0 0 0
4128 6 0 0 0 0
4132 12 6 0 0 0
4161 13 6 0 0 0
4169 98 16 4 0 0
4170 18 0 0 0 0
4171 6 0 0 0 0
4174 12 6 5 0 0
4218 24 0 0 0 0
4221 42 0 0 0 0
4222 6 0 0 0 0
4223 6 0 0 0 0
4224 6 0 0 0 0
4225 6 0 0 0 0
4230 12 0 0 0 0
4231 12 6 5 0 0
4240 24 6 5 0 0
4246 12 6 0 0 0
4257 39 13 3 0 0
4259 36 0 0 0 0
4262 27 9 6 0 0
4263 13 0 0 0 0
4330 13 0 0 0 0
4331 26 0 0 0 0
4332 26 0 0 0 0
4333 26 0 0 0 0
4334 78 0 0 0 0
4339 52 13 0 0 0
4343 75 26 8 0 0
4346 52 13 0 0 0
4443 13 0 0 0 0
4444 26 0 0 0 0
4446 26 13 0 0 0
4449 39 13 8 0 0
4451 12 0 0 0 0
4452 24 0 0 0 0
4453 12 0 0 0 0
4454 96 0 0 0 0
4456 24 0 0 0 0
4459 24 0 0 0 0
4460 39 0 0 0 0
4461 13 0 0 0 0
4466 4 1 1 0 0
4482 1 0 0 0 0
4487 156 13 0 0 0
fn=_int_memalign
1326 4 2 0 0 0
1345 16 0 0 0 0
4714 4 2 2 0 0
4756 2 0 0 0 0
4757 6 0 0 0 0
4758 4 0 0 0 0
5039 16 0 0 0 0
5069 8 0 0 0 0
5071 6 2 0 0 0
5074 2 0 0 0 0
5076 8 2 1 0 0
5083 5 0 0 0 0
5085 4 1 1 0 0
5090 4 0 0 0 0
5093 2 1 0 0 0
5101 10 0 0 0 0
5103 1 0 0 0 0
5104 5 0 0 0 0
5105 2 0 0 0 0
5106 1 0 0 0 0
5108 9 2 0 0 0
5113 6 2 0 0 0
5115 4 0 0 0 0
5116 2 0 0 0 0
5117 4 0 0 0 0
5118 4 2 0 0 0
5120 2 0 0 0 0
5121 4 2 2 0 0
5122 2 0 0 0 0
5129 2 0 0 0 0
5130 6 0 0 0 0
5134 6 0 0 0 0
5140 2 0 0 0 0
5141 18 0 0 0 0
fn=_mid_memalign.isra.0
1326 4 2 0 0 0
1345 10 2 0 0 0
3575 14 0 0 0 0
3581 4 2 0 0 0
3585 4 2 2 0 0
3590 6 2 0 0 0
3598 6 2 2 0 0
3615 6 0 0 0 0
3617 4 2 2 0 0
3638 4 2 2 0 0
3640 10 0 0 0 0
3641 10 2 0 0 0
3643 4 0 0 0 0
3662 12 0 0 0 0
fn=aligned_alloc
3556 14 0 0 0 0
3557 4 2 0 0 0
3564 10 2 0 0 0
3571 6 0 0 0 0
3572 6 0 0 0 0
fn=alloc_perturb
1985 39 13 0 0 0
1987 13 0 0 0 0
fn=free
3359 105 0 0 0 0
3363 30 15 0 0 0
3371 30 0 0 0 0
3373 15 0 0 0 0
3375 45 15 0 0 0
3392 45 15 0 0 0
3398 45 0 0 0 0
3401 15 0 0 0 0
3402 90 0 0 0 0
fn=malloc
1326 28 14 0 0 0
1345 70 14 0 0 0
3178 6 0 0 0 0
3182 6 3 0 0 0
3186 12 0 0 0 0
3190 6 0 0 0 0
3191 3 0 0 0 0
3294 112 0 0 0 0
3301 28 14 0 0 0
3311 28 0 0 0 0
3313 56 14 0 0 0
3316 28 14 6 0 0
3318 24 8 2 0 0
3326 22 11 4 0 0
3328 44 0 0 0 0
3329 55 11 0 0 0
3354 84 0 0 0 0
fn=unlink_chunk.isra.0
1608 12 0 0 0 0
1610 30 6 0 0 0
1613 12 0 0 0 0
1614 12 0 0 0 0
1616 24 12 0 0 0
1619 6 0 0 0 0
1620 6 0 0 0 0
1621 27 11 1 0 0
1623 10 5 0 0 0
1624 15 5 0 0 0
1627 10 5 0 0 0
1641 5 0 0 0 0
1642 5 0 0 0 0
1645 12 0 0 0 0
fl=./malloc/./malloc/morecore.c
fn=__glibc_morecore
25 3 0 0 0 0
26 2 1 0 0 0
29 1 0 0 0 0
30 2 1 0 0 0
34 2 0 0 0 0
fl=./misc/../sysdeps/unix/sysv/linux/brk.c
fn=brk
36 1 0 0 0 0
37 2 0 0 0 0
38 2 1 0 0 0
44 1 0 0 0 0
45 1 0 0 0 0
fl=./misc/../sysdeps/unix/sysv/linux/brk_call.h
fn=brk
24 2 0 0 0 0
fl=./misc/./misc/sbrk.c
fn=sbrk
37 8 0 0 0 0
40 2 0 0 0 0
43 2 1 1 0 0
58 2 1 0 0 0
62 2 1 0 0 0
66 4 2 1 0 0
74 3 1 0 0 0
78 7 0 0 0 0
fl=./string/../sysdeps/x86_64/multiarch/../multiarch/strcmp-sse2.S
fn=strcmp
98 2 0 0 0 0
131 2 0 0 0 0
132 2 0 0 0 0
134 2 0 0 0 0
135 2 0 0 0 0
156 2 0 0 0 0
157 2 2 1 0 0
158 1 0 0 0 0
159 1 1 0 0 0
160 1 0 0 0 0
161 1 0 0 0 0
162 1 0 0 0 0
163 1 0 0 0 0
180 1 0 0 0 0
181 1 0 0 0 0
182 1 0 0 0 0
183 1 0 0 0 0
184 1 0 0 0 0
185 1 0 0 0 0
186 1 1 0 0 0
191 1 0 0 0 0
192 3 0 0 0 0
201 2 0 0 0 0
202 2 0 0 0 0
203 2 0 0 0 0
204 2 0 0 0 0
205 2 0 0 0 0
206 2 0 0 0 0
207 2 0 0 0 0
208 2 2 0 0 0
209 2 2 0 0 0
210 2 0 0 0 0
211 2 0 0 0 0
212 2 0 0 0 0
214 2 0 0 0 0
215 2 0 0 0 0
216 2 0 0 0 0
217 2 0 0 0 0
218 2 0 0 0 0
219 2 0 0 2 2
1494 1 0 0 0 0
1495 1 0 0 0 0
1496 1 0 0 0 0
1497 1 0 0 0 0
1498 1 0 0 0 0
1500 1 0 0 0 0
1501 1 0 0 0 0
1502 1 0 0 0 0
1503 1 0 0 0 0
1504 1 0 0 0 0
1505 1 0 0 0 0
1506 1 1 0 0 0
1507 1 0 0 0 0
1511 1 0 0 0 0
1512 1 0 0 0 0
1513 1 0 0 0 0
1519 1 0 0 0 0
1520 1 0 0 0 0
1521 2 0 0 0 0
1525 1 0 0 0 0
1526 1 1 0 0 0
1529 1 0 0 0 0
1530 1 0 0 0 0
1531 1 0 0 0 0
1533 1 0 0 0 0
1534 1 0 0 0 0
1535 1 0 0 0 0
1539 1 0 0 0 0
1540 1 0 0 0 0
1541 1 0 0 0 0
1542 1 0 0 0 0
1543 1 0 0 0 0
1544 1 1 1 0 0
1851 1 0 0 0 0
1852 1 0 0 0 0
1853 1 0 0 0 0
1854 1 0 0 0 0
1855 1 0 0 0 0
1857 1 0 0 0 0
1858 1 0 0 0 0
1859 1 0 0 0 0
1860 1 0 0 0 0
1861 1 0 0 0 0
1862 1 0 0 0 0
1863 1 1 1 0 0
2093 1 0 0 0 0
2095 2 0 0 0 0
2096 2 0 0 0 0
2097 2 0 0 0 0
2098 2 2 0 0 0
2099 4 0 0 0 0
2104 2 0 0 0 0
2110 2 0 0 0 0
2111 2 0 0 0 0
2119 2 0 0 0 0
2120 2 0 0 0 0
fl=./string/../sysdeps/x86_64/multiarch/memmove-vec-unaligned-erms.S
fn=__memcpy_avx_unaligned_erms
255 12 0 0 0 0
256 12 0 0 0 0
262 12 0 0 0 0
263 12 12 1 0 0
265 11 0 0 0 0
266 11 0 0 0 0
267 11 11 3 0 0
270 2 0 0 0 0
271 2 0 0 0 0
272 2 0 0 0 0
275 4 0 0 0 0
305 1 0 0 0 0
306 1 1 0 0 0
308 1 0 0 0 0
309 1 1 0 0 0
311 1 0 0 0 0
315 1 1 0 0 0
316 1 0 0 0 0
317 1 1 1 0 0
325 1 0 0 0 0
375 1 0 0 0 0
376 1 0 0 0 0
377 1 0 0 0 0
378 1 0 0 0 0
379 1 0 0 0 0
380 1 0 0 0 0
381 2 0 0 0 0
386 9 0 0 0 0
387 9 9 2 0 0
392 7 0 0 0 0
393 7 7 2 0 0
395 2 0 0 0 0
396 2 0 0 0 0
397 2 2 1 0 0
399 1 0 0 0 0
400 1 0 0 0 0
401 1 0 0 0 0
402 1 0 0 0 0
403 1 0 0 0 0
404 1 0 0 0 0
405 1 0 0 0 0
406 1 0 0 0 0
407 1 0 0 0 0
408 1 0 0 0 0
409 1 0 0 0 0
410 1 0 0 0 0
411 1 0 0 0 0
412 1 0 0 0 0
413 2 0 0 0 0
417 5 0 0 0 0
418 5 0 0 0 0
422 5 0 0 0 0
424 5 5 0 0 0
428 5 0 0 0 0
429 5 5 0 0 0
440 5 0 0 0 0
443 5 0 0 0 0
445 5 0 0 0 0
447 5 0 0 0 0
451 5 0 0 0 0
452 5 5 2 0 0
461 3 0 0 0 0
462 3 0 0 0 0
464 3 0 0 0 0
466 3 0 0 0 0
467 3 0 0 0 0
468 3 0 0 0 0
471 3 0 0 0 0
473 3 0 0 0 0
475 3 0 0 0 0
477 6 0 0 0 0
483 25 0 0 0 0
484 25 0 0 0 0
485 25 0 0 0 0
486 25 0 0 0 0
487 25 0 0 0 0
488 25 0 0 0 0
489 25 0 0 0 0
490 25 0 0 0 0
491 25 0 0 0 0
492 25 0 0 0 0
493 25 0 0 0 0
494 25 25 16 0 0
496 3 0 0 0 0
497 3 0 0 0 0
498 3 0 0 0 0
499 3 0 0 0 0
501 3 0 0 0 0
505 6 0 0 0 0
518 2 0 0 0 0
519 2 0 0 0 0
521 2 0 0 0 0
522 2 0 0 0 0
523 2 0 0 0 0
525 2 0 0 0 0
527 2 0 0 0 0
529 4 0 0 0 0
535 94 0 0 0 0
536 94 0 0 0 0
537 94 0 0 0 0
538 94 0 0 0 0
539 94 0 0 0 0
540 94 0 0 0 0
541 94 0 0 0 0
542 94 0 0 0 0
543 94 0 0 0 0
544 94 0 0 0 0
545 94 0 0 0 0
546 94 94 11 0 0
548 2 0 0 0 0
549 2 0 0 0 0
550 2 0 0 0 0
551 2 0 0 0 0
553 2 0 0 0 0
554 4 0 0 0 0
563 2 0 0 0 0
570 2 0 0 0 0
571 2 2 0 0 0
577 2 0 0 0 0
580 2 0 0 0 0
582 2 0 0 0 0
585 2 0 0 0 0
586 2 0 0 0 0
588 2 0 0 0 0
590 49106 49106 18 0 0
592 2 0 0 0 0
594 2 0 0 0 0
596 4 0 0 0 0
601 2 0 0 0 0
602 2 0 0 0 0
606 2 0 0 0 0
608 2 2 0 0 0
611 2 0 0 0 0
615 2 0 0 0 0
616 2 2 0 0 0
620 2 0 0 0 0
624 2 2 2 0 0
fl=./string/../sysdeps/x86_64/multiarch/memset-vec-unaligned-erms.S
fn=__memset_avx2_unaligned_erms
158 2 0 0 0 0
159 4 0 0 0 0
164 2 0 0 0 0
165 2 2 0 0 0
166 2 0 0 0 0
167 2 0 0 0 0
168 2 2 2 0 0
237 2 0 0 0 0
238 2 2 0 0 0
244 2 0 0 0 0
245 2 0 0 0 0
257 2 0 0 0 0
260 2 0 0 0 0
261 2 2 0 0 0
273 2 0 0 0 0
274 2 0 0 0 0
287 2 0 0 0 0
288 2 0 0 0 0
290 2 2 0 0 0
293 2 0 0 0 0
296 2 0 0 0 0
299 9 0 0 0 0
300 9 0 0 0 0
301 9 0 0 0 0
302 9 0 0 0 0
303 9 0 0 0 0
304 9 0 0 0 0
305 11 9 7 0 0
308 2 0 0 0 0
309 2 0 0 0 0
310 2 0 0 0 0
311 2 0 0 0 0
314 4 0 0 0 0
fl=/home/wang/git-repositories/vcpkg/installed/x64-linux-clang-libcxx/include/boost/unordered/detail/foa/core.hpp
fn=unsigned int lob::v16::BookT<lob::ChecksumSink, 16u>::match<(lob::Side)0>(unsigned long, long, unsigned int)
0 15578 0 0 0 0
fn=unsigned int lob::v16::BookT<lob::ChecksumSink, 16u>::match<(lob::Side)1>(unsigned long, long, unsigned int)
0 15310 0 0 0 0
fl=/home/wang/sources/cxx/book/include/lob/events.hpp
fn=lob::v16::BookT<lob::ChecksumSink, 16u>::modify(unsigned long, long, unsigned int)
0 66312 0 0 0 0
92 72121 0 0 0 0
93 676443 0 0 0 0
fn=unsigned int lob::v16::BookT<lob::ChecksumSink, 16u>::match<(lob::Side)0>(unsigned long, long, unsigned int)
0 31005 0 0 0 0
92 93015 0 0 0 0
93 372060 0 0 0 0
fn=unsigned int lob::v16::BookT<lob::ChecksumSink, 16u>::match<(lob::Side)1>(unsigned long, long, unsigned int)
0 30701 0 0 0 0
92 92103 0 0 0 0
93 368412 0 0 0 0
fn=void lob::replay<lob::v16::BookT<lob::ChecksumSink, 16u> >(lob::v16::BookT<lob::ChecksumSink, 16u>&, std::__1::span<lob::Op const, 18446744073709551615ul>)
0 878958 0 0 0 0
92 919095 0 0 0 0
93 9790977 0 0 0 0
fl=/home/wang/sources/cxx/book/include/lob/replay.hpp
fn=void lob::replay<lob::v16::BookT<lob::ChecksumSink, 16u> >(lob::v16::BookT<lob::ChecksumSink, 16u>&, std::__1::span<lob::Op const, 18446744073709551615ul>)
0 7 0 0 0 0
52 7 0 0 0 0
53 1000001 1000001 1 0 0
57 9 0 0 0 0
fl=/home/wang/sources/cxx/book/include/lob/v11/exact_div.hpp
fn=lob::v16::BookT<lob::ChecksumSink, 16u>::modify(unsigned long, long, unsigned int)
37 150051 0 0 0 0
fn=lob::v16::BookT<lob::ChecksumSink, 16u>::remove_from_level(lob::v16::BookT<lob::ChecksumSink, 16u>::Loc const&)
37 66312 0 0 0 0
fn=void lob::replay<lob::v16::BookT<lob::ChecksumSink, 16u> >(lob::v16::BookT<lob::ChecksumSink, 16u>&, std::__1::span<lob::Op const, 18446744073709551615ul>)
37 2757285 0 0 0 0
fl=/home/wang/sources/cxx/book/include/lob/v16/book.hpp
fn=lob::v16::BookT<lob::ChecksumSink, 16u>::anchor_if_on_tick(long)
373 3 0 0 0 0
374 1 0 0 0 0
601 10 2 1 0 0
602 1 0 0 0 0
fn=lob::v16::BookT<lob::ChecksumSink, 16u>::modify(unsigned long, long, unsigned int)
0 402522 0 0 0 0
186 611985 0 0 0 0
189 111270 55635 0 0 0
190 111270 55635 0 0 0
192 166905 0 0 0 0
194 222540 55635 25710 0 0
195 67062 0 0 0 0
196 33531 0 0 0 0
197 33531 0 0 0 0
198 33531 0 0 0 0
202 132624 0 0 0 0
203 22104 0 0 0 0
205 500715 0 0 0 0
324 16486 0 0 0 0
354 333810 0 0 0 0
362 67062 33531 0 0 0
367 100034 0 0 0 0
368 133565 16486 0 0 0
370 44208 0 0 0 0
387 67062 33531 0 0 0
393 32972 0 0 0 0
394 16486 16486 0 0 0
395 49458 0 0 0 0
396 16486 0 0 0 0
401 98916 0 0 0 0
417 32972 0 0 0 0
419 98916 0 0 0 0
420 16486 0 0 0 0
421 16486 0 0 0 0
422 16486 0 0 0 0
423 16486 0 0 0 0
424 16486 0 0 0 0
445 55635 0 0 0 0
446 66312 0 0 0 0
447 66312 0 0 0 0
448 121388 0 0 0 0
449 22104 0 0 0 0
450 22104 22104 0 0 0
451 88416 0 0 0 0
452 44208 0 0 0 0
457 38590 22104 6727 0 0
458 5618 5618 2792 0 0
459 11400 0 0 0 0
461 11072 0 0 0 0
462 11236 5618 6 0 0
526 32972 16486 2 0 0
530 49458 0 0 0 0
531 16486 0 0 0 0
536 32972 0 0 0 0
537 16486 0 0 0 0
538 16486 0 0 0 0
fn=lob::v16::BookT<lob::ChecksumSink, 16u>::remove_from_level(lob::v16::BookT<lob::ChecksumSink, 16u>::Loc const&)
0 66312 22104 0 0 0
324 22104 0 0 0 0
362 44208 22104 0 0 0
367 22104 0 0 0 0
368 22104 0 0 0 0
406 44208 0 0 0 0
407 44208 0 0 0 0
429 44208 0 0 0 0
430 44208 0 0 0 0
433 110520 0 0 0 0
434 110520 0 0 0 0
435 22104 0 0 0 0
436 22104 0 0 0 0
437 22104 0 0 0 0
561 22104 0 0 0 0
562 66312 0 0 0 0
563 66312 0 0 0 0
565 22104 0 0 0 0
568 176832 0 0 0 0
572 66312 0 0 0 0
fn=unsigned int lob::v16::BookT<lob::ChecksumSink, 16u>::match<(lob::Side)0>(unsigned long, long, unsigned int)
0 264675 0 0 0 0
370 31156 0 0 0 0
406 32984 0 0 0 0
407 32984 0 0 0 0
429 32984 0 0 0 0
430 32984 0 0 0 0
433 82460 0 0 0 0
434 65968 0 0 0 0
435 16492 0 0 0 0
436 32984 0 0 0 0
437 16492 0 0 0 0
472 109046 0 0 0 0
482 31156 15578 0 0 0
485 46734 15578 0 0 0
488 15578 15578 0 0 0
493 15578 15578 4 0 0
495 31156 15578 2 0 0
496 171358 0 0 0 0
497 124020 62010 1233 0 0
500 124020 0 0 0 0
501 62010 0 0 0 0
503 93015 0 0 0 0
504 31005 0 0 0 0
505 31005 31005 13122 0 0
511 31156 15578 6 0 0
519 155780 0 0 0 0
fn=unsigned int lob::v16::BookT<lob::ChecksumSink, 16u>::match<(lob::Side)1>(unsigned long, long, unsigned int)
0 275661 0 0 0 0
370 30620 0 0 0 0
406 32450 0 0 0 0
407 32450 0 0 0 0
429 32450 0 0 0 0
430 32450 0 0 0 0
433 81125 0 0 0 0
434 64900 0 0 0 0
435 16225 0 0 0 0
436 32450 0 0 0 0
437 16225 0 0 0 0
472 107170 0 0 0 0
482 30620 15310 0 0 0
485 45930 15310 0 0 0
488 15310 15310 0 0 0
489 15310 0 0 0 0
493 15310 15310 4 0 0
495 30620 15310 2 0 0
496 168410 0 0 0 0
497 122804 61402 949 0 0
500 122804 0 0 0 0
501 61402 0 0 0 0
503 92103 0 0 0 0
504 30701 0 0 0 0
505 30701 30701 12814 0 0
511 30620 15310 6 0 0
519 153100 0 0 0 0
fn=void lob::replay<lob::v16::BookT<lob::ChecksumSink, 16u> >(lob::v16::BookT<lob::ChecksumSink, 16u>&, std::__1::span<lob::Op const, 18446744073709551615ul>)
0 5011495 0 0 0 0
158 4888730 1944365 466451 0 0
160 2524430 0 0 0 0
164 333810 0 0 0 0
170 504886 504886 0 0 0
171 1449251 504886 0 0 0
172 504886 0 0 0 0
181 878958 0 0 0 0
183 439479 0 0 0 0
324 2757285 0 0 0 0
354 2197395 0 0 0 0
362 878960 439480 0 0 0
367 1398711 0 0 0 0
368 1838190 919095 0 0 0
370 1009770 0 0 0 0
393 1438848 0 0 0 0
394 479616 479616 8 0 0
395 1910456 0 0 0 0
396 477614 0 0 0 0
397 6006 2002 0 0 0
401 2881700 0 0 0 0
406 878958 0 0 0 0
407 439479 0 0 0 0
417 1438848 0 0 0 0
419 2398080 0 0 0 0
420 479616 0 0 0 0
421 479616 0 0 0 0
422 479616 0 0 0 0
423 479616 0 0 0 0
424 959232 0 0 0 0
429 878958 0 0 0 0
430 878958 0 0 0 0
433 2197395 0 0 0 0
434 2197395 0 0 0 0
435 439479 0 0 0 0
436 878958 0 0 0 0
437 439479 0 0 0 0
446 1514658 0 0 0 0
447 1514655 0 0 0 0
448 3004046 0 0 0 0
449 504886 0 0 0 0
451 2019540 0 0 0 0
452 2019544 0 0 0 0
457 504886 504886 26558 0 0
458 25270 25270 12534 0 0
459 25456 0 0 0 0
461 25084 0 0 0 0
462 75810 25270 6 0 0
526 959237 479616 10 0 0
530 1438848 0 0 0 0
531 479616 0 0 0 0
536 959232 0 0 0 0
537 479616 0 0 0 0
538 479616 0 0 0 0
542 878958 0 0 0 0
544 1318437 0 0 0 0
545 878958 0 0 0 0
547 439479 0 0 0 0
550 3076353 0 0 0 0
fl=/home/wang/sources/cxx/book/include/lob/v16/order_index.hpp
fn=lob::v16::BookT<lob::ChecksumSink, 16u>::modify(unsigned long, long, unsigned int)
0 166905 0 0 0 0
72 111270 55635 0 0 0
77 111270 55635 6 0 0
80 166905 0 0 0 0
119 22472 5618 0 0 0
123 50562 0 0 0 0
124 16854 0 0 0 0
125 16854 0 0 0 0
126 11236 5618 4 0 0
127 5618 0 0 0 0
128 5618 0 0 0 0
144 222540 0 0 0 0
147 111270 0 0 0 0
152 278175 0 0 0 0
154 166905 0 0 0 0
fn=lob::v16::OrderIndex::alloc(unsigned long)
0 4 0 0 0 0
178 10 0 0 0 0
179 2 0 0 0 0
180 8 0 0 0 0
181 4 0 0 0 0
182 4 0 0 0 0
183 8 0 0 0 0
184 2 0 0 0 0
186 792 198 20 0 0
187 1536 0 0 0 0
188 1536 0 0 0 0
190 10 0 0 0 0
fn=lob::v16::OrderIndex::grow()
0 5000 0 0 0 0
144 10752 0 0 0 0
168 2688 0 0 0 0
169 13440 2688 18 0 0
171 10752 0 0 0 0
172 8064 0 0 0 0
191 16 0 0 0 0
193 2 0 0 0 0
194 4 0 0 0 0
195 2308 770 2 0 0
197 16128 5376 538 0 0
199 5376 0 0 0 0
214 20 0 0 0 0
fn=unsigned int lob::v16::BookT<lob::ChecksumSink, 16u>::match<(lob::Side)0>(unsigned long, long, unsigned int)
0 65968 0 0 0 0
72 32984 16492 0 0 0
77 32984 16492 4 0 0
80 16492 0 0 0 0
119 49476 16492 0 0 0
123 115444 0 0 0 0
124 49476 0 0 0 0
125 65968 0 0 0 0
126 32984 16492 4 0 0
127 16492 0 0 0 0
144 65968 0 0 0 0
147 32984 0 0 0 0
152 82460 0 0 0 0
154 49476 0 0 0 0
fn=unsigned int lob::v16::BookT<lob::ChecksumSink, 16u>::match<(lob::Side)1>(unsigned long, long, unsigned int)
0 64900 0 0 0 0
72 32450 16225 0 0 0
77 32450 16225 2 0 0
80 16225 0 0 0 0
119 48675 16225 0 0 0
123 113575 0 0 0 0
124 48675 0 0 0 0
125 64900 0 0 0 0
126 32450 16225 4 0 0
127 16225 0 0 0 0
144 64900 0 0 0 0
147 32450 0 0 0 0
152 81125 0 0 0 0
154 48675 0 0 0 0
fn=void lob::replay<lob::v16::BookT<lob::ChecksumSink, 16u> >(lob::v16::BookT<lob::ChecksumSink, 16u>&, std::__1::span<lob::Op const, 18446744073709551615ul>)
0 3777480 0 0 0 0
72 1318437 439479 0 0 0
76 2 0 0 0 0
77 878960 439480 5 0 0
78 2 1 0 0 0
80 1318437 0 0 0 0
87 1514658 1009772 0 0 0
88 1009772 0 0 0 0
89 1514658 504886 2 0 0
90 8 0 0 0 0
94 504886 0 0 0 0
95 504886 0 0 0 0
119 2298475 464749 0 0 0
123 3278513 0 0 0 0
124 1394247 0 0 0 0
125 1858996 0 0 0 0
126 954775 464750 6 0 0
127 904228 0 0 0 0
128 25270 0 0 0 0
144 3777460 0 0 0 0
147 3403388 0 0 0 0
152 2197399 0 0 0 0
154 1318439 0 0 0 0
167 2 0 0 0 0
168 504887 0 0 0 0
169 3029320 504887 5 0 0
171 2019544 0 0 0 0
172 2019544 0 0 0 0
175 3 0 0 0 0
fl=/home/wang/sources/cxx/book/include/lob/v3/hier_bitmap.hpp
fn=lob::v16::BookT<lob::ChecksumSink, 16u>::modify(unsigned long, long, unsigned int)
48 66312 0 0 0 0
57 32972 0 0 0 0
58 49458 16486 2 0 0
59 49458 0 0 0 0
95 110520 0 0 0 0
fn=lob::v16::BookT<lob::ChecksumSink, 16u>::remove_from_level(lob::v16::BookT<lob::ChecksumSink, 16u>::Loc const&)
78 66312 0 0 0 0
79 66312 0 0 0 0
80 22104 22104 0 0 0
fn=unsigned int lob::v16::BookT<lob::ChecksumSink, 16u>::match<(lob::Side)0>(unsigned long, long, unsigned int)
0 15578 0 0 0 0
48 46734 0 0 0 0
95 77890 0 0 0 0
fn=unsigned int lob::v16::BookT<lob::ChecksumSink, 16u>::match<(lob::Side)1>(unsigned long, long, unsigned int)
48 45930 0 0 0 0
95 76550 0 0 0 0
fn=void lob::replay<lob::v16::BookT<lob::ChecksumSink, 16u> >(lob::v16::BookT<lob::ChecksumSink, 16u>&, std::__1::span<lob::Op const, 18446744073709551615ul>)
0 1438848 0 0 0 0
48 2019544 504886 1 0 0
57 959235 0 0 0 0
58 1438857 479619 7 0 0
59 1438866 0 0 0 0
78 1318437 0 0 0 0
79 1318437 0 0 0 0
80 439479 439479 2 0 0
95 2524425 0 0 0 0
fl=/home/wang/sources/cxx/book/source/main.cxx
fn=auto lob::for_each_type<std::__1::tuple<lob::v0::Book<lob::ChecksumSink>, lob::v1::Book<lob::ChecksumSink>, lob::v2::Book<lob::ChecksumSink>, lob::v3::BookT<lob::ChecksumSink, 16u>, lob::v4::BookT<lob::ChecksumSink, 16u>, lob::v5::BookT<lob::ChecksumSink, 16u>, lob::v7::BookT<lob::ChecksumSink, 16u>, lob::v8::BookT<lob::ChecksumSink, 16u>, lob::v9::BookT<lob::ChecksumSink, 16u>, lob::v10::BookT<lob::ChecksumSink, 16u>, lob::v11::BookT<lob::ChecksumSink, 16u>, lob::v12::BookT<lob::ChecksumSink, 16u>, lob::v13::BookT<lob::ChecksumSink, 16u>, lob::v14::BookT<lob::ChecksumSink, 16u>, lob::v15::BookT<lob::ChecksumSink, 16u>, lob::v16::BookT<lob::ChecksumSink, 16u> >, (anonymous namespace)::with_version<(anonymous namespace)::cmd_replay((anonymous namespace)::Args const&)::$_0>(std::__1::basic_string_view<char, std::__1::char_traits<char> >, (anonymous namespace)::cmd_replay((anonymous namespace)::Args const&)::$_0&&)::{lambda<typename $T0>()#1}>((anonymous namespace)::with_version<(anonymous namespace)::cmd_replay((anonymous namespace)::Args const&)::$_0>(std::__1::basic_string_view<char, std::__1::char_traits<char> >, (anonymous namespace)::cmd_replay((anonymous namespace)::Args const&)::$_0&&)::{lambda<typename $T0>()#1}&&)::{lambda<unsigned long... $N0>(std::__1::integer_sequence<unsigned long, ($N0)...>)#1}::operator()<0ul, 1ul, 2ul, 3ul, 4ul, 5ul, 6ul, 7ul, 8ul, 9ul, 10ul, 11ul, 12ul, 13ul, 14ul, 15ul>(std::__1::integer_sequence<unsigned long, 0ul, 1ul, 2ul, 3ul, 4ul, 5ul, 6ul, 7ul, 8ul, 9ul, 10ul, 11ul, 12ul, 13ul, 14ul, 15ul>) const
293 2 0 0 0 0
294 3 0 0 0 0
295 9 0 0 0 0
fl=/usr/include/c++/v1/__algorithm/comp.h
fn=unsigned int lob::v16::BookT<lob::ChecksumSink, 16u>::match<(lob::Side)0>(unsigned long, long, unsigned int)
41 31005 0 0 0 0
fn=unsigned int lob::v16::BookT<lob::ChecksumSink, 16u>::match<(lob::Side)1>(unsigned long, long, unsigned int)
41 30701 0 0 0 0
fl=/usr/include/c++/v1/__bit/countr.h
fn=lob::v16::BookT<lob::ChecksumSink, 16u>::modify(unsigned long, long, unsigned int)
28 199686 0 0 0 0
fn=lob::v16::OrderIndex::alloc(unsigned long)
28 6 0 0 0 0
fn=lob::v16::OrderIndex::grow()
28 5376 0 0 0 0
fn=unsigned int lob::v16::BookT<lob::ChecksumSink, 16u>::match<(lob::Side)0>(unsigned long, long, unsigned int)
28 110874 0 0 0 0
fn=unsigned int lob::v16::BookT<lob::ChecksumSink, 16u>::match<(lob::Side)1>(unsigned long, long, unsigned int)
28 109000 0 0 0 0
fn=void lob::replay<lob::v16::BookT<lob::ChecksumSink, 16u> >(lob::v16::BookT<lob::ChecksumSink, 16u>&, std::__1::span<lob::Op const, 18446744073709551615ul>)
28 3908270 0 0 0 0
fl=/usr/include/c++/v1/__iterator/wrap_iter.h
fn=void lob::replay<lob::v16::BookT<lob::ChecksumSink, 16u> >(lob::v16::BookT<lob::ChecksumSink, 16u>&, std::__1::span<lob::Op const, 18446744073709551615ul>)
65 1000000 0 0 0 0
125 1000001 0 0 0 0
fl=/usr/include/c++/v1/__memory/allocator.h
fn=void lob::replay<lob::v16::BookT<lob::ChecksumSink, 16u> >(lob::v16::BookT<lob::ChecksumSink, 16u>&, std::__1::span<lob::Op const, 18446744073709551615ul>)
100 24 12 0 0 0
fl=/usr/include/c++/v1/__memory/construct_at.h
fn=void lob::replay<lob::v16::BookT<lob::ChecksumSink, 16u> >(lob::v16::BookT<lob::ChecksumSink, 16u>&, std::__1::span<lob::Op const, 18446744073709551615ul>)
38 4004 0 0 0 0
fl=/usr/include/c++/v1/__memory/uninitialized_algorithms.h
fn=void lob::replay<lob::v16::BookT<lob::ChecksumSink, 16u> >(lob::v16::BookT<lob::ChecksumSink, 16u>&, std::__1::span<lob::Op const, 18446744073709551615ul>)
0 12 0 0 0 0
638 48 0 0 0 0
fl=/usr/include/c++/v1/__memory/unique_ptr.h
fn=lob::v16::BookT<lob::ChecksumSink, 16u>::modify(unsigned long, long, unsigned int)
583 5618 0 0 0 0
fn=lob::v16::OrderIndex::alloc(unsigned long)
91 2 0 0 0 0
287 2 0 0 0 0
288 2 0 0 0 0
289 4 2 2 0 0
606 2 0 0 0 0
607 2 0 0 0 0
609 4 2 0 0 0
765 14 0 0 0 0
fn=lob::v16::OrderIndex::grow()
281 2 0 0 0 0
282 2 0 0 0 0
fn=unsigned int lob::v16::BookT<lob::ChecksumSink, 16u>::match<(lob::Side)0>(unsigned long, long, unsigned int)
583 16492 0 0 0 0
fn=unsigned int lob::v16::BookT<lob::ChecksumSink, 16u>::match<(lob::Side)1>(unsigned long, long, unsigned int)
583 16225 0 0 0 0
fn=void lob::replay<lob::v16::BookT<lob::ChecksumSink, 16u> >(lob::v16::BookT<lob::ChecksumSink, 16u>&, std::__1::span<lob::Op const, 18446744073709551615ul>)
583 464749 0 0 0 0
fl=/usr/include/c++/v1/__new/allocate.h
fn=void lob::replay<lob::v16::BookT<lob::ChecksumSink, 16u> >(lob::v16::BookT<lob::ChecksumSink, 16u>&, std::__1::span<lob::Op const, 18446744073709551615ul>)
0 48 0 0 0 0
37 12 0 0 0 0
43 36 0 0 0 0
63 33 0 0 0 0
fl=/usr/include/c++/v1/__split_buffer
fn=void lob::replay<lob::v16::BookT<lob::ChecksumSink, 16u> >(lob::v16::BookT<lob::ChecksumSink, 16u>&, std::__1::span<lob::Op const, 18446744073709551615ul>)
334 12 0 0 0 0
335 12 0 0 0 0
341 24 12 1 0 0
fl=/usr/include/c++/v1/__utility/swap.h
fn=void lob::replay<lob::v16::BookT<lob::ChecksumSink, 16u> >(lob::v16::BookT<lob::ChecksumSink, 16u>&, std::__1::span<lob::Op const, 18446744073709551615ul>)
44 36 0 0 0 0
fl=/usr/include/c++/v1/__vector/vector.h
fn=auto lob::for_each_type<std::__1::tuple<lob::v0::Book<lob::ChecksumSink>, lob::v1::Book<lob::ChecksumSink>, lob::v2::Book<lob::ChecksumSink>, lob::v3::BookT<lob::ChecksumSink, 16u>, lob::v4::BookT<lob::ChecksumSink, 16u>, lob::v5::BookT<lob::ChecksumSink, 16u>, lob::v7::BookT<lob::ChecksumSink, 16u>, lob::v8::BookT<lob::ChecksumSink, 16u>, lob::v9::BookT<lob::ChecksumSink, 16u>, lob::v10::BookT<lob::ChecksumSink, 16u>, lob::v11::BookT<lob::ChecksumSink, 16u>, lob::v12::BookT<lob::ChecksumSink, 16u>, lob::v13::BookT<lob::ChecksumSink, 16u>, lob::v14::BookT<lob::ChecksumSink, 16u>, lob::v15::BookT<lob::ChecksumSink, 16u>, lob::v16::BookT<lob::ChecksumSink, 16u> >, (anonymous namespace)::with_version<(anonymous namespace)::cmd_replay((anonymous namespace)::Args const&)::$_0>(std::__1::basic_string_view<char, std::__1::char_traits<char> >, (anonymous namespace)::cmd_replay((anonymous namespace)::Args const&)::$_0&&)::{lambda<typename $T0>()#1}>((anonymous namespace)::with_version<(anonymous namespace)::cmd_replay((anonymous namespace)::Args const&)::$_0>(std::__1::basic_string_view<char, std::__1::char_traits<char> >, (anonymous namespace)::cmd_replay((anonymous namespace)::Args const&)::$_0&&)::{lambda<typename $T0>()#1}&&)::{lambda<unsigned long... $N0>(std::__1::integer_sequence<unsigned long, ($N0)...>)#1}::operator()<0ul, 1ul, 2ul, 3ul, 4ul, 5ul, 6ul, 7ul, 8ul, 9ul, 10ul, 11ul, 12ul, 13ul, 14ul, 15ul>(std::__1::integer_sequence<unsigned long, 0ul, 1ul, 2ul, 3ul, 4ul, 5ul, 6ul, 7ul, 8ul, 9ul, 10ul, 11ul, 12ul, 13ul, 14ul, 15ul>) const
388 5 0 0 0 0
449 1 0 0 0 0
fn=lob::v16::BookT<lob::ChecksumSink, 16u>::modify(unsigned long, long, unsigned int)
407 65944 0 0 0 0
411 166905 0 0 0 0
fn=lob::v16::BookT<lob::ChecksumSink, 16u>::remove_from_level(lob::v16::BookT<lob::ChecksumSink, 16u>::Loc const&)
407 88416 0 0 0 0
fn=unsigned int lob::v16::BookT<lob::ChecksumSink, 16u>::match<(lob::Side)0>(unsigned long, long, unsigned int)
407 109507 0 0 0 0
fn=unsigned int lob::v16::BookT<lob::ChecksumSink, 16u>::match<(lob::Side)1>(unsigned long, long, unsigned int)
407 108328 0 0 0 0
fn=void lob::replay<lob::v16::BookT<lob::ChecksumSink, 16u> >(lob::v16::BookT<lob::ChecksumSink, 16u>&, std::__1::span<lob::Op const, 18446744073709551615ul>)
0 4052 0 0 0 0
388 6006 0 0 0 0
391 12 0 0 0 0
407 3634241 0 0 0 0
475 1990 0 0 0 0
844 24 0 0 0 0
902 36 12 0 0 0
905 96 0 0 0 0
1128 12 0 0 0 0
1131 24 0 0 0 0
1146 8008 2002 14 0 0
1149 1990 0 0 0 0
1152 2002 0 0 0 0
fl=/usr/include/c++/v1/map
fn=unsigned int lob::v16::BookT<lob::ChecksumSink, 16u>::match<(lob::Side)0>(unsigned long, long, unsigned int)
1031 31156 0 0 0 0
fn=unsigned int lob::v16::BookT<lob::ChecksumSink, 16u>::match<(lob::Side)1>(unsigned long, long, unsigned int)
1031 30620 0 0 0 0
fl=???
fn=???
0 145 0 0 93 45
fn=operator delete(void*)
0 65 0 0 0 0
fn=operator delete(void*, std::align_val_t)
0 10 0 0 0 0
fn=operator delete(void*, unsigned long)
0 55 0 0 0 0
fn=operator delete[](void*)
0 10 0 0 0 0
fn=operator new(unsigned long)
0 238 14 5 0 0
fn=operator new(unsigned long, std::align_val_t)
0 54 2 2 0 0
fn=operator new[](unsigned long)
0 10 0 0 0 0
summary: 167756660 13188325 569866 97 49
