cmd: build/profile/book replay --workload data/itch12302019_AAPL.ops --version v18
events: Ir Bc Bcm Bi Bim
fl=./elf/../sysdeps/generic/dl-new-hash.h
fn=_dl_lookup_symbol_x
69 2 0 0 0 0
70 4 0 0 0 0
74 15 0 0 0 0
77 30 15 7 0 0
80 14 0 0 0 0
81 28 14 1 0 0
87 1 0 0 0 0
88 1 0 0 0 0
89 2 0 0 0 0
90 1 0 0 0 0
99 13 0 0 0 0
101 13 0 0 0 0
102 26 0 0 0 0
104 13 0 0 0 0
105 13 0 0 0 0
fl=./elf/../sysdeps/generic/dl-protected.h
fn=do_lookup_x
29 8 2 0 0 0
fl=./elf/../sysdeps/generic/ldsodefs.h
fn=do_lookup_x
139 4 0 0 0 0
140 6 0 0 0 0
fl=./elf/../sysdeps/x86_64/dl-machine.h
fn=_dl_fixup
234 2 0 0 0 0
fl=./elf/../sysdeps/x86_64/dl-runtime.h
fn=_dl_fixup
28 2 0 0 0 0
fl=./elf/../sysdeps/x86_64/dl-trampoline.h
fn=_dl_runtime_resolve_xsave
71 2 0 0 0 0
76 2 0 0 0 0
79 2 0 0 0 0
81 2 0 0 0 0
91 2 0 0 0 0
97 2 0 0 0 0
98 2 0 0 0 0
99 2 0 0 0 0
100 2 0 0 0 0
101 2 0 0 0 0
102 2 0 0 0 0
103 2 0 0 0 0
107 2 0 0 0 0
108 2 0 0 0 0
111 2 0 0 0 0
112 2 0 0 0 0
114 2 0 0 0 0
115 2 0 0 0 0
116 2 0 0 0 0
117 2 0 0 0 0
118 2 0 0 0 0
119 2 0 0 0 0
121 2 0 0 0 0
128 2 0 0 0 0
129 2 0 0 0 0
130 2 0 0 0 0
131 2 0 0 0 0
136 2 0 0 0 0
137 2 0 0 0 0
138 2 0 0 0 0
140 2 0 0 0 0
141 2 0 0 0 0
142 2 0 0 0 0
143 2 0 0 0 0
144 2 0 0 0 0
145 2 0 0 0 0
146 2 0 0 0 0
148 2 0 0 0 0
150 2 0 0 0 0
154 2 0 0 0 0
156 2 0 0 2 2
fl=./elf/./elf/dl-lookup.c
fn=_dl_lookup_symbol_x
772 26 0 0 0 0
774 4 0 0 0 0
775 8 0 0 0 0
778 2 0 0 0 0
782 4 2 2 0 0
785 4 2 0 0 0
787 4 0 0 0 0
791 28 2 0 0 0
792 34 2 0 0 0
797 10 2 0 0 0
816 2 0 0 0 0
820 4 0 0 0 0
821 14 4 0 0 0
828 2 0 0 0 0
856 8 2 0 0 0
870 6 2 0 0 0
873 4 2 0 0 0
890 8 0 0 0 0
892 18 0 0 0 0
fn=check_match
70 30 0 0 0 0
73 16 2 0 0 0
86 10 2 0 0 0
89 16 4 0 0 0
93 2 0 0 0 0
94 4 2 1 0 0
144 4 2 0 0 0
146 12 2 2 0 0
147 8 0 0 0 0
161 2 0 0 0 0
162 16 0 0 0 0
fn=do_lookup_x
347 28 0 0 0 0
348 2 0 0 0 0
353 2 0 0 0 0
354 2 0 0 0 0
358 16 0 0 0 0
361 16 8 0 0 0
365 20 8 4 0 0
386 16 8 4 0 0
390 16 8 4 0 0
396 24 8 0 0 0
400 8 0 0 0 0
401 8 0 0 0 0
404 40 8 2 0 0
405 24 0 0 0 0
408 8 0 0 0 0
409 16 8 0 0 0
411 8 0 0 0 0
412 6 0 0 0 0
413 16 0 0 0 0
415 14 0 0 0 0
416 32 0 0 0 0
419 56 8 2 0 0
422 4 0 0 0 0
423 6 0 0 0 0
424 4 2 0 0 0
426 4 0 0 0 0
429 15 3 1 0 0
431 6 0 0 0 0
432 50 0 0 0 0
433 4 0 0 0 0
436 6 2 2 0 0
439 3 1 0 0 0
461 16 0 0 0 0
476 4 2 0 0 0
483 8 2 2 0 0
487 6 2 2 0 0
499 4 0 0 0 0
500 2 0 0 0 0
501 2 0 0 0 0
518 18 6 0 0 0
522 16 0 0 0 0
fl=./elf/./elf/dl-runtime.c
fn=_dl_fixup
46 22 0 0 0 0
48 10 2 2 0 0
49 6 0 0 0 0
54 2 0 0 0 0
55 8 0 0 0 0
56 14 0 0 0 0
58 4 0 0 0 0
63 4 2 0 0 0
67 4 2 0 0 0
69 4 0 0 0 0
71 6 2 0 0 0
75 6 0 0 0 0
76 8 0 0 0 0
77 6 2 0 0 0
84 2 0 0 0 0
85 6 2 2 0 0
95 22 0 0 0 0
99 10 2 0 0 0
109 20 4 0 0 0
124 8 2 0 0 0
133 6 2 2 0 0
159 6 2 0 0 0
163 16 0 0 0 0
fl=./malloc/./malloc/arena.c
fn=_mid_memalign.isra.0
153 10 5 4 0 0
fn=free
153 192 64 24 0 0
fn=malloc
153 110 55 10 0 0
fl=./malloc/./malloc/malloc.c
fn=_int_free
1792 33 0 0 0 0
1992 45 15 0 0 0
3163 62 0 0 0 0
3165 124 0 0 0 0
3166 31 0 0 0 0
3167 62 0 0 0 0
4495 448 0 0 0 0
4499 192 0 0 0 0
4505 256 64 0 0 0
4506 128 64 0 0 0
4510 320 64 18 0 0
4517 128 0 0 0 0
4518 384 128 7 0 0
4521 46 0 0 0 0
4527 138 46 0 0 0
4547 230 46 4 0 0
4550 31 0 0 0 0
4561 66 33 2 0 0
4572 60 15 0 0 0
4574 45 15 0 0 0
4593 15 0 0 0 0
4595 15 0 0 0 0
4596 15 0 0 0 0
4600 45 0 0 0 0
4602 30 15 0 0 0
4606 30 15 2 0 0
4608 45 0 0 0 0
4609 15 0 0 0 0
4628 60 15 2 0 0
4637 36 18 0 0 0
4640 36 0 0 0 0
4643 36 18 0 0 0
4646 36 0 0 0 0
4658 366 0 0 0 0
fn=_int_free_maybe_consolidate
4770 242 0 0 0 0
4776 44 22 8 0 0
4778 24 6 0 0 0
4781 18 6 4 0 0
4784 30 6 5 0 0
4785 5 1 0 0 0
4798 238 21 0 0 0
fn=_int_free_merge_chunk
1992 60 20 0 0 0
4665 160 0 0 0 0
4666 20 0 0 0 0
4670 120 20 0 0 0
4673 80 40 8 0 0
4675 60 0 0 0 0
4678 60 20 0 0 0
4681 40 0 0 0 0
4682 40 20 0 0 0
4683 40 20 0 0 0
4689 40 20 9 0 0
4691 13 0 0 0 0
4692 13 0 0 0 0
4693 13 0 0 0 0
4694 52 13 0 0 0
4696 26 0 0 0 0
4701 60 0 0 0 0
4702 140 0 0 0 0
4714 40 20 2 0 0
4720 36 18 3 0 0
4721 6 0 0 0 0
4722 6 0 0 0 0
4724 15 0 0 0 0
4732 18 0 0 0 0
4733 72 0 0 0 0
4734 36 18 0 0 0
4736 18 0 0 0 0
4738 36 18 9 0 0
4740 48 0 0 0 0
4743 18 0 0 0 0
4744 18 0 0 0 0
4746 54 0 0 0 0
4747 18 0 0 0 0
4756 2 0 0 0 0
4757 6 0 0 0 0
4758 4 0 0 0 0
fn=_int_malloc
1326 120 60 0 0 0
1345 360 60 0 0 0
1794 60 0 0 0 0
1985 21 7 2 0 0
2008 4 1 0 0 0
2552 54 0 0 0 0
2553 1 0 0 0 0
2564 18 9 1 0 0
2565 24 8 0 0 0
2568 32 8 0 0 0
2576 48 0 0 0 0
2577 16 8 4 0 0
2589 4 0 0 0 0
2590 2 0 0 0 0
2599 12 3 0 0 0
2605 3 1 0 0 0
2608 3 1 1 0 0
2669 3 0 0 0 0
2677 2 1 0 0 0
2678 3 0 0 0 0
2691 3 1 0 0 0
2693 1 0 0 0 0
2699 5 0 0 0 0
2707 2 1 1 0 0
2709 4 0 0 0 0
2710 3 1 0 0 0
2711 1 0 0 0 0
2712 1 0 0 0 0
2715 2 1 0 0 0
2744 7 1 0 0 0
2746 2 0 0 0 0
2752 8 2 0 0 0
2753 6 0 0 0 0
2921 3 1 0 0 0
2922 1 0 0 0 0
2926 1 0 0 0 0
2930 5 1 1 0 0
2932 1 0 0 0 0
2933 1 0 0 0 0
2934 1 0 0 0 0
2935 7 0 0 0 0
2936 2 0 0 0 0
2938 1 0 0 0 0
3846 660 0 0 0 0
3887 120 60 0 0 0
3914 120 60 9 0 0
3916 104 0 0 0 0
3919 26 0 0 0 0
3921 52 26 2 0 0
3930 78 0 0 0 0
3977 68 34 4 0 0
3979 88 0 0 0 0
3980 64 0 0 0 0
3982 96 32 4 0 0
4039 442 80 23 0 0
4040 84 28 0 0 0
4058 180 0 0 0 0
4059 180 0 0 0 0
4060 180 60 0 0 0
4069 72 0 0 0 0
4070 381 85 22 0 0
4072 42 0 0 0 0
4073 84 0 0 0 0
4074 42 0 0 0 0
4076 84 42 0 0 0
4077 126 42 0 0 0
4079 42 0 0 0 0
4080 168 42 0 0 0
4082 168 42 0 0 0
4084 84 42 0 0 0
4085 84 42 0 0 0
4087 84 42 17 0 0
4098 168 42 11 0 0
4099 38 19 2 0 0
4100 34 17 2 0 0
4101 17 0 0 0 0
4104 17 0 0 0 0
4105 17 0 0 0 0
4106 17 0 0 0 0
4107 51 0 0 0 0
4108 51 0 0 0 0
4109 34 17 0 0 0
4111 34 0 0 0 0
4115 136 0 0 0 0
4117 51 0 0 0 0
4118 17 0 0 0 0
4121 17 0 0 0 0
4122 51 0 0 0 0
4123 17 0 0 0 0
4127 25 0 0 0 0
4128 25 0 0 0 0
4132 50 25 0 0 0
4161 54 25 2 0 0
4163 4 0 0 0 0
4164 8 0 0 0 0
4165 2 0 0 0 0
4169 369 60 15 0 0
4170 67 0 0 0 0
4171 23 0 0 0 0
4174 46 23 8 0 0
4177 2 0 0 0 0
4179 8 2 0 0 0
4180 4 2 1 0 0
4186 4 0 0 0 0
4187 1 0 0 0 0
4188 3 0 0 0 0
4192 3 1 1 0 0
4193 2 1 0 0 0
4199 1 1 0 0 0
4205 4 0 0 0 0
4206 1 0 0 0 0
4207 2 1 0 0 0
4209 1 0 0 0 0
4210 3 0 0 0 0
4212 1 0 0 0 0
4213 2 1 1 0 0
4218 84 0 0 0 0
4221 175 0 0 0 0
4222 25 0 0 0 0
4223 25 0 0 0 0
4224 25 0 0 0 0
4225 25 0 0 0 0
4230 50 0 0 0 0
4231 50 25 12 0 0
4240 100 25 10 0 0
4246 38 19 0 0 0
4257 129 43 6 0 0
4259 112 0 0 0 0
4262 84 28 14 0 0
4263 46 3 1 0 0
4266 3 0 0 0 0
4267 18 3 0 0 0
4273 6 3 2 0 0
4278 9 0 0 0 0
4279 9 0 0 0 0
4282 12 3 0 0 0
4291 3 0 0 0 0
4295 12 0 0 0 0
4296 6 3 0 0 0
4299 3 0 0 0 0
4300 3 0 0 0 0
4301 3 0 0 0 0
4302 6 3 1 0 0
4304 4 0 0 0 0
4307 24 0 0 0 0
4309 9 0 0 0 0
4310 3 0 0 0 0
4313 3 0 0 0 0
4330 40 0 0 0 0
4331 80 0 0 0 0
4332 80 0 0 0 0
4333 80 0 0 0 0
4334 240 0 0 0 0
4339 179 45 6 0 0
4343 234 79 12 0 0
4346 184 46 6 0 0
4348 24 0 0 0 0
4349 12 0 0 0 0
4353 246 123 36 0 0
4355 111 0 0 0 0
4357 222 111 2 0 0
4361 12 0 0 0 0
4364 24 12 5 0 0
4366 25 0 0 0 0
4367 5 0 0 0 0
4368 5 0 0 0 0
4373 28 0 0 0 0
4376 14 7 0 0 0
4378 21 0 0 0 0
4381 21 0 0 0 0
4384 28 7 0 0 0
4394 7 0 0 0 0
4399 28 0 0 0 0
4400 14 7 0 0 0
4403 7 0 0 0 0
4404 7 0 0 0 0
4405 7 0 0 0 0
4408 14 7 5 0 0
4409 4 0 0 0 0
4410 14 7 0 0 0
4412 14 0 0 0 0
4415 56 0 0 0 0
4417 21 0 0 0 0
4418 7 0 0 0 0
4421 7 0 0 0 0
4443 33 0 0 0 0
4444 66 0 0 0 0
4446 66 33 0 0 0
4449 99 33 12 0 0
4451 24 0 0 0 0
4452 48 0 0 0 0
4453 24 0 0 0 0
4454 192 0 0 0 0
4456 48 0 0 0 0
4459 54 0 0 0 0
4460 108 0 0 0 0
4461 36 0 0 0 0
4466 36 9 5 0 0
4482 17 8 0 0 0
4487 720 60 0 0 0
fn=_int_memalign
1326 10 5 0 0 0
1345 40 0 0 0 0
4714 4 2 2 0 0
4756 2 0 0 0 0
4757 6 0 0 0 0
4758 4 0 0 0 0
5039 40 0 0 0 0
5069 20 0 0 0 0
5071 15 5 0 0 0
5074 5 0 0 0 0
5076 20 5 0 0 0
5083 25 0 0 0 0
5085 20 5 4 0 0
5090 20 0 0 0 0
5093 10 5 2 0 0
5095 6 0 0 0 0
5096 6 0 0 0 0
5097 3 0 0 0 0
5101 20 0 0 0 0
5103 2 0 0 0 0
5104 10 0 0 0 0
5105 4 0 0 0 0
5106 2 0 0 0 0
5108 18 4 2 0 0
5113 6 2 0 0 0
5115 4 0 0 0 0
5116 2 0 0 0 0
5117 4 0 0 0 0
5118 4 2 0 0 0
5120 2 0 0 0 0
5121 4 2 2 0 0
5122 2 0 0 0 0
5129 2 0 0 0 0
5130 6 0 0 0 0
5134 6 0 0 0 0
5140 2 0 0 0 0
5141 45 0 0 0 0
fn=_mid_memalign.isra.0
1326 10 5 0 0 0
1345 25 5 0 0 0
3575 35 0 0 0 0
3581 10 5 0 0 0
3585 10 5 3 0 0
3590 15 5 0 0 0
3598 15 5 2 0 0
3615 15 0 0 0 0
3617 10 5 2 0 0
3638 10 5 2 0 0
3640 25 0 0 0 0
3641 25 5 0 0 0
3643 10 0 0 0 0
3662 30 0 0 0 0
fn=aligned_alloc
3556 35 0 0 0 0
3557 10 5 0 0 0
3564 25 5 0 0 0
3571 15 0 0 0 0
3572 15 0 0 0 0
fn=alloc_perturb
1985 159 53 0 0 0
1987 53 0 0 0 0
fn=free
3359 483 0 0 0 0
3363 138 69 0 0 0
3371 138 0 0 0 0
3373 69 0 0 0 0
3375 207 69 7 0 0
3379 15 5 0 0 0
3381 20 5 0 0 0
3383 10 0 0 0 0
3384 10 0 0 0 0
3385 5 0 0 0 0
3388 10 0 0 0 0
3392 192 64 0 0 0
3398 192 0 0 0 0
3401 69 0 0 0 0
3402 414 0 0 0 0
fn=malloc
1326 132 66 0 0 0
1345 330 66 0 0 0
3178 22 0 0 0 0
3182 22 11 2 0 0
3186 44 0 0 0 0
3190 22 0 0 0 0
3191 11 0 0 0 0
3294 528 0 0 0 0
3301 132 66 2 0 0
3311 132 0 0 0 0
3313 264 66 0 0 0
3316 132 66 16 0 0
3318 135 45 12 0 0
3326 110 55 13 0 0
3328 220 0 0 0 0
3329 275 55 0 0 0
3354 396 0 0 0 0
fn=munmap_chunk
3024 10 0 0 0 0
3025 10 0 0 0 0
3026 15 0 0 0 0
3028 10 5 0 0 0
3030 5 0 0 0 0
3031 15 0 0 0 0
3032 5 0 0 0 0
3038 20 0 0 0 0
3039 25 5 0 0 0
3042 5 5 0 0 0
3043 15 5 0 0 0
3048 10 0 0 0 0
3049 5 0 0 0 0
fn=sysmalloc_mmap.isra.0
2008 32 8 0 0 0
2400 48 0 0 0 0
2413 24 0 0 0 0
2418 16 8 2 0 0
2421 80 0 0 0 0
2424 16 8 0 0 0
2428 16 8 0 0 0
2432 32 0 0 0 0
2448 24 8 0 0 0
2466 8 0 0 0 0
2467 24 0 0 0 0
2471 24 8 0 0 0
2472 32 12 4 0 0
2475 24 8 0 0 0
2476 40 16 0 0 0
2481 56 0 0 0 0
fn=systrim.constprop.0
2957 6 0 0 0 0
2966 3 0 0 0 0
2968 1 0 0 0 0
2969 2 1 0 0 0
2974 3 1 0 0 0
2975 1 0 0 0 0
2978 5 0 0 0 0
2980 2 1 1 0 0
2987 3 0 0 0 0
2988 4 1 0 0 0
3000 3 0 0 0 0
3001 2 0 0 0 0
3003 1 0 0 0 0
3005 2 0 0 0 0
3009 2 1 0 0 0
3012 1 0 0 0 0
3013 4 0 0 0 0
3015 2 0 0 0 0
3020 6 0 0 0 0
fn=unlink_chunk.isra.0
1608 52 0 0 0 0
1610 130 26 0 0 0
1613 52 0 0 0 0
1614 52 0 0 0 0
1616 104 52 0 0 0
1619 26 0 0 0 0
1620 26 0 0 0 0
1621 121 49 4 0 0
1623 44 22 0 0 0
1624 66 22 0 0 0
1627 44 22 0 0 0
1641 22 0 0 0 0
1642 22 0 0 0 0
1645 52 0 0 0 0
fl=./malloc/./malloc/morecore.c
fn=__glibc_morecore
25 12 0 0 0 0
26 8 4 1 0 0
29 4 0 0 0 0
30 8 4 0 0 0
34 8 0 0 0 0
fl=./misc/../sysdeps/unix/syscall-template.S
fn=munmap
117 25 5 0 0 0
122 5 0 0 0 0
fl=./misc/../sysdeps/unix/sysv/linux/brk.c
fn=brk
36 2 0 0 0 0
37 4 0 0 0 0
38 4 2 0 0 0
44 2 0 0 0 0
45 2 0 0 0 0
fl=./misc/../sysdeps/unix/sysv/linux/brk_call.h
fn=brk
24 4 0 0 0 0
fl=./misc/../sysdeps/unix/sysv/linux/mmap64.c
fn=mmap
47 56 0 0 0 0
50 16 8 0 0 0
53 56 16 4 0 0
58 48 8 0 0 0
60 32 0 0 0 0
fl=./misc/../sysdeps/unix/sysv/linux/setvmaname.c
fn=__set_vma_name
33 56 0 0 0 0
35 40 8 0 0 0
49 72 8 0 0 0
fl=./misc/./misc/sbrk.c
fn=sbrk
37 32 0 0 0 0
40 8 0 0 0 0
43 8 4 4 0 0
58 8 4 0 0 0
62 8 4 2 0 0
66 8 4 2 0 0
68 2 0 0 0 0
74 6 2 0 0 0
78 28 0 0 0 0
fl=./string/../sysdeps/x86_64/multiarch/../multiarch/strcmp-sse2.S
fn=strcmp
98 2 0 0 0 0
131 2 0 0 0 0
132 2 0 0 0 0
134 2 0 0 0 0
135 2 0 0 0 0
156 2 0 0 0 0
157 2 2 0 0 0
158 2 0 0 0 0
159 2 2 0 0 0
160 2 0 0 0 0
161 2 0 0 0 0
162 2 0 0 0 0
163 2 0 0 0 0
180 2 0 0 0 0
181 2 0 0 0 0
182 2 0 0 0 0
183 2 0 0 0 0
184 2 0 0 0 0
185 2 0 0 0 0
186 2 2 1 0 0
191 1 0 0 0 0
192 3 0 0 0 0
201 1 0 0 0 0
202 1 0 0 0 0
203 1 0 0 0 0
204 1 0 0 0 0
205 1 0 0 0 0
206 1 0 0 0 0
207 1 0 0 0 0
208 1 1 0 0 0
209 1 1 1 0 0
214 1 0 0 0 0
215 1 0 0 0 0
216 1 0 0 0 0
217 1 0 0 0 0
218 1 0 0 0 0
219 1 0 0 1 1
1375 1 0 0 0 0
1376 1 0 0 0 0
1377 1 0 0 0 0
1378 1 0 0 0 0
1379 1 0 0 0 0
1381 1 0 0 0 0
1382 1 0 0 0 0
1383 1 0 0 0 0
1384 1 0 0 0 0
1385 1 0 0 0 0
1386 1 0 0 0 0
1387 1 1 0 0 0
1388 1 0 0 0 0
1392 1 0 0 0 0
1393 1 0 0 0 0
1394 1 0 0 0 0
1400 1 0 0 0 0
1401 1 0 0 0 0
1402 2 0 0 0 0
1406 1 0 0 0 0
1407 1 1 0 0 0
1410 1 0 0 0 0
1411 1 0 0 0 0
1412 1 0 0 0 0
1414 1 0 0 0 0
1415 1 0 0 0 0
1416 1 0 0 0 0
1420 1 0 0 0 0
1421 1 0 0 0 0
1422 1 0 0 0 0
1423 1 0 0 0 0
1424 1 0 0 0 0
1425 1 1 1 0 0
2093 1 0 0 0 0
2095 1 0 0 0 0
2096 1 0 0 0 0
2097 1 0 0 0 0
2098 1 1 1 0 0
2104 2 0 0 0 0
2110 2 0 0 0 0
2111 2 0 0 0 0
2119 2 0 0 0 0
2120 2 0 0 0 0
fl=./string/../sysdeps/x86_64/multiarch/memmove-vec-unaligned-erms.S
fn=__memcpy_avx_unaligned_erms
255 32 0 0 0 0
256 32 0 0 0 0
262 32 0 0 0 0
263 32 32 5 0 0
265 28 0 0 0 0
266 28 0 0 0 0
267 28 28 4 0 0
270 4 0 0 0 0
271 4 0 0 0 0
272 4 0 0 0 0
275 8 0 0 0 0
305 4 0 0 0 0
306 4 4 2 0 0
308 2 0 0 0 0
309 2 2 0 0 0
311 2 0 0 0 0
315 2 2 0 0 0
316 2 0 0 0 0
317 2 2 2 0 0
325 2 0 0 0 0
342 2 0 0 0 0
343 2 0 0 0 0
344 2 0 0 0 0
345 2 0 0 0 0
347 2 0 0 0 0
375 2 0 0 0 0
376 2 0 0 0 0
377 2 0 0 0 0
378 2 0 0 0 0
379 2 0 0 0 0
380 2 0 0 0 0
381 4 0 0 0 0
386 24 0 0 0 0
387 24 24 2 0 0
392 14 0 0 0 0
393 14 14 2 0 0
395 4 0 0 0 0
396 4 0 0 0 0
397 4 4 3 0 0
399 2 0 0 0 0
400 2 0 0 0 0
401 2 0 0 0 0
402 2 0 0 0 0
403 2 0 0 0 0
404 2 0 0 0 0
405 2 0 0 0 0
406 2 0 0 0 0
407 2 0 0 0 0
408 2 0 0 0 0
409 2 0 0 0 0
410 2 0 0 0 0
411 2 0 0 0 0
412 2 0 0 0 0
413 4 0 0 0 0
417 10 0 0 0 0
418 10 0 0 0 0
422 10 0 0 0 0
424 10 10 0 0 0
428 10 0 0 0 0
429 10 10 0 0 0
440 10 0 0 0 0
443 10 0 0 0 0
445 10 0 0 0 0
447 10 0 0 0 0
451 10 0 0 0 0
452 10 10 4 0 0
461 6 0 0 0 0
462 6 0 0 0 0
464 6 0 0 0 0
466 6 0 0 0 0
467 6 0 0 0 0
468 6 0 0 0 0
471 6 0 0 0 0
473 6 0 0 0 0
475 6 0 0 0 0
477 12 0 0 0 0
483 66 0 0 0 0
484 66 0 0 0 0
485 66 0 0 0 0
486 66 0 0 0 0
487 66 0 0 0 0
488 66 0 0 0 0
489 66 0 0 0 0
490 66 0 0 0 0
491 66 0 0 0 0
492 66 0 0 0 0
493 66 0 0 0 0
494 66 66 15 0 0
496 6 0 0 0 0
497 6 0 0 0 0
498 6 0 0 0 0
499 6 0 0 0 0
501 6 0 0 0 0
505 12 0 0 0 0
518 4 0 0 0 0
519 4 0 0 0 0
521 4 0 0 0 0
522 4 0 0 0 0
523 4 0 0 0 0
525 4 0 0 0 0
527 4 0 0 0 0
529 8 0 0 0 0
535 172 0 0 0 0
536 172 0 0 0 0
537 172 0 0 0 0
538 172 0 0 0 0
539 172 0 0 0 0
540 172 0 0 0 0
541 172 0 0 0 0
542 172 0 0 0 0
543 172 0 0 0 0
544 172 0 0 0 0
545 172 0 0 0 0
546 172 172 15 0 0
548 4 0 0 0 0
549 4 0 0 0 0
550 4 0 0 0 0
551 4 0 0 0 0
553 4 0 0 0 0
554 8 0 0 0 0
563 10 0 0 0 0
570 10 0 0 0 0
571 10 10 2 0 0
577 8 0 0 0 0
580 8 0 0 0 0
582 8 0 0 0 0
585 8 0 0 0 0
586 8 0 0 0 0
588 8 0 0 0 0
590 818824 818824 24 0 0
592 8 0 0 0 0
594 8 0 0 0 0
596 16 0 0 0 0
601 10 0 0 0 0
602 10 0 0 0 0
606 10 0 0 0 0
608 10 10 0 0 0
611 10 0 0 0 0
615 10 0 0 0 0
616 10 10 0 0 0
620 10 0 0 0 0
624 10 10 2 0 0
648 2 0 0 0 0
650 2 0 0 0 0
652 2 0 0 0 0
654 2 0 0 0 0
657 2 0 0 0 0
658 2 0 0 0 0
660 196514 196514 14 0 0
663 2 0 0 0 0
665 2 0 0 0 0
667 4 0 0 0 0
fl=./string/../sysdeps/x86_64/multiarch/memset-vec-unaligned-erms.S
fn=__memset_avx2_unaligned_erms
158 5 0 0 0 0
159 10 0 0 0 0
164 5 0 0 0 0
165 5 5 0 0 0
166 5 0 0 0 0
167 5 0 0 0 0
168 5 5 4 0 0
237 5 0 0 0 0
238 5 5 2 0 0
244 3 0 0 0 0
245 3 0 0 0 0
257 3 0 0 0 0
260 3 0 0 0 0
261 3 3 0 0 0
273 3 0 0 0 0
274 3 0 0 0 0
287 3 0 0 0 0
288 3 0 0 0 0
290 3 3 0 0 0
293 3 0 0 0 0
296 3 0 0 0 0
299 22 0 0 0 0
300 22 0 0 0 0
301 22 0 0 0 0
302 22 0 0 0 0
303 22 0 0 0 0
304 22 0 0 0 0
305 25 22 16 0 0
308 3 0 0 0 0
309 3 0 0 0 0
310 3 0 0 0 0
311 3 0 0 0 0
314 6 0 0 0 0
325 2 0 0 0 0
326 2 0 0 0 0
327 2 0 0 0 0
328 12290 12290 14 0 0
329 2 0 0 0 0
330 4 0 0 0 0
fl=/home/wang/sources/cxx/book/include/lob/events.hpp
fn=lob::v18::BookT<lob::ChecksumSink, 16u>::modify(unsigned long, long, unsigned int)
0 17723 0 0 0 0
92 17723 0 0 0 0
93 141784 0 0 0 0
fn=void lob::replay<lob::v18::BookT<lob::ChecksumSink, 16u> >(lob::v18::BookT<lob::ChecksumSink, 16u>&, std::__1::span<lob::Op const, 18446744073709551615ul>)
0 3182848 0 0 0 0
92 1591424 0 0 0 0
93 14322816 0 0 0 0
fl=/home/wang/sources/cxx/book/include/lob/replay.hpp
fn=void lob::replay<lob::v18::BookT<lob::ChecksumSink, 16u> >(lob::v18::BookT<lob::ChecksumSink, 16u>&, std::__1::span<lob::Op const, 18446744073709551615ul>)
0 14 0 0 0 0
52 7 0 0 0 0
53 1609148 1609148 1 0 0
57 9 0 0 0 0
fl=/home/wang/sources/cxx/book/include/lob/v11/exact_div.hpp
fn=void lob::replay<lob::v18::BookT<lob::ChecksumSink, 16u> >(lob::v18::BookT<lob::ChecksumSink, 16u>&, std::__1::span<lob::Op const, 18446744073709551615ul>)
37 2387136 0 0 0 0
fl=/home/wang/sources/cxx/book/include/lob/v16/order_index.hpp
fn=lob::v16::OrderIndex::alloc(unsigned long)
0 10 0 0 0 0
178 25 0 0 0 0
179 5 0 0 0 0
180 20 0 0 0 0
181 10 0 0 0 0
182 10 0 0 0 0
183 20 0 0 0 0
184 5 0 0 0 0
186 7996 1999 35 0 0
187 15872 0 0 0 0
188 15872 0 0 0 0
190 25 0 0 0 0
fn=lob::v16::OrderIndex::grow()
0 51616 0 0 0 0
144 111104 0 0 0 0
167 8 0 0 0 0
168 27780 0 0 0 0
169 138896 27780 83 0 0
171 111104 0 0 0 0
172 83328 0 0 0 0
175 12 0 0 0 0
191 40 0 0 0 0
193 5 0 0 0 0
194 10 0 0 0 0
195 23818 7941 5 0 0
197 166656 55552 8839 0 0
199 55552 0 0 0 0
214 50 0 0 0 0
fn=lob::v18::BookT<lob::ChecksumSink, 16u>::modify(unsigned long, long, unsigned int)
0 53715 0 0 0 0
72 35446 17723 10 0 0
76 374 0 0 0 0
77 35820 17910 220 0 0
78 374 187 0 0 0
80 53169 0 0 0 0
144 70892 0 0 0 0
147 35446 0 0 0 0
152 89363 0 0 0 0
154 53543 0 0 0 0
fn=void lob::replay<lob::v18::BookT<lob::ChecksumSink, 16u> >(lob::v18::BookT<lob::ChecksumSink, 16u>&, std::__1::span<lob::Op const, 18446744073709551615ul>)
0 5743036 0 0 0 0
72 2387136 795712 0 0 0
76 14032 0 0 0 0
77 1605456 802728 7143 0 0
78 14032 7016 0 0 0
80 2387136 0 0 0 0
87 2387136 1591424 508 0 0
88 1549236 0 0 0 0
89 2323854 774618 0 0 0
94 774618 0 0 0 0
95 774618 0 0 0 0
98 42188 21094 0 0 0
100 63282 21094 5 0 0
101 10 0 0 0 0
104 168 0 0 0 0
105 42356 21178 4 0 0
109 42356 21178 93 0 0
112 42188 0 0 0 0
113 21094 0 0 0 0
119 3978560 795712 0 0 0
123 5569984 0 0 0 0
124 2387136 0 0 0 0
125 3182848 0 0 0 0
126 1640536 802728 49 0 0
127 1591424 0 0 0 0
144 6365696 0 0 0 0
147 5591078 0 0 0 0
152 4091336 0 0 0 0
154 2464618 0 0 0 0
167 14578 0 0 0 0
168 803001 0 0 0 0
169 4803428 803001 7370 0 0
171 3182848 0 0 0 0
172 3182848 0 0 0 0
175 21867 0 0 0 0
fl=/home/wang/sources/cxx/book/include/lob/v18/book.hpp
fn=auto lob::v18::BookT<lob::ChecksumSink, 16u>::unlink_off_grid(lob::v18::BookT<lob::ChecksumSink, 16u>::Loc const&)::{lambda(auto:1&)#1}::operator()<std::__1::map<long, lob::v18::BookT<lob::ChecksumSink, 16u>::Level, std::__1::greater<void>, std::__1::allocator<std::__1::pair<long const, lob::v18::BookT<lob::ChecksumSink, 16u>::Level> > > >(std::__1::map<long, lob::v18::BookT<lob::ChecksumSink, 16u>::Level, std::__1::greater<void>, std::__1::allocator<std::__1::pair<long const, lob::v18::BookT<lob::ChecksumSink, 16u>::Level> > >&) const
0 13 0 0 0 0
419 21 7 0 0 0
420 20 7 1 0 0
451 26 0 0 0 0
452 13 0 0 0 0
473 26 0 0 0 0
474 26 0 0 0 0
477 65 0 0 0 0
478 65 0 0 0 0
479 13 0 0 0 0
480 13 0 0 0 0
618 39 0 0 0 0
619 13 0 0 0 0
620 13 0 0 0 0
621 13 0 0 0 0
622 13 0 0 0 0
623 26 13 7 0 0
627 52 0 0 0 0
fn=auto lob::v18::BookT<lob::ChecksumSink, 16u>::unlink_off_grid(lob::v18::BookT<lob::ChecksumSink, 16u>::Loc const&)::{lambda(auto:1&)#1}::operator()<std::__1::map<long, lob::v18::BookT<lob::ChecksumSink, 16u>::Level, std::__1::less<void>, std::__1::allocator<std::__1::pair<long const, lob::v18::BookT<lob::ChecksumSink, 16u>::Level> > > >(std::__1::map<long, lob::v18::BookT<lob::ChecksumSink, 16u>::Level, std::__1::less<void>, std::__1::allocator<std::__1::pair<long const, lob::v18::BookT<lob::ChecksumSink, 16u>::Level> > >&) const
0 29 0 0 0 0
419 65 22 1 0 0
420 65 22 1 0 0
451 58 0 0 0 0
452 29 0 0 0 0
473 58 0 0 0 0
474 58 0 0 0 0
477 145 0 0 0 0
478 145 0 0 0 0
479 29 0 0 0 0
480 29 0 0 0 0
618 87 0 0 0 0
619 29 0 0 0 0
620 29 0 0 0 0
621 29 0 0 0 0
622 29 0 0 0 0
623 58 29 13 0 0
627 116 0 0 0 0
fn=lob::v18::BookT<lob::ChecksumSink, 16u>::anchor_if_on_tick(long)
410 3 0 0 0 0
411 1 0 0 0 0
635 10 2 1 0 0
636 1 0 0 0 0
fn=lob::v18::BookT<lob::ChecksumSink, 16u>::modify(unsigned long, long, unsigned int)
0 53169 0 0 0 0
211 159507 0 0 0 0
214 35446 17723 0 0 0
215 35446 17723 0 0 0
217 17723 0 0 0 0
219 70892 17723 0 0 0
220 17723 0 0 0 0
221 17723 0 0 0 0
225 17723 0 0 0 0
229 159507 0 0 0 0
367 35446 0 0 0 0
388 17723 0 0 0 0
389 35446 17723 9 0 0
407 35446 0 0 0 0
fn=lob::v18::BookT<lob::ChecksumSink, 16u>::off_grid_level(lob::Side, long)
0 42 0 0 0 0
419 121 42 6 0 0
420 126 42 0 0 0
610 378 0 0 0 0
611 184 42 13 0 0
613 378 0 0 0 0
fn=lob::v18::BookT<lob::ChecksumSink, 16u>::unlink_off_grid(lob::v18::BookT<lob::ChecksumSink, 16u>::Loc const&)
617 84 0 0 0 0
618 84 0 0 0 0
628 84 42 6 0 0
629 52 0 0 0 0
631 116 0 0 0 0
632 84 0 0 0 0
fn=void lob::replay<lob::v18::BookT<lob::ChecksumSink, 16u> >(lob::v18::BookT<lob::ChecksumSink, 16u>&, std::__1::span<lob::Op const, 18446744073709551615ul>)
0 16725989 0 0 0 0
183 8010289 3200571 759107 0 0
185 3182848 0 0 0 0
189 106338 0 0 0 0
195 795712 795712 0 0 0
196 3182848 795712 2 0 0
197 795712 0 0 0 0
199 42188 21094 18 0 0
206 1591424 0 0 0 0
208 795712 0 0 0 0
345 4774020 0 0 0 0
365 6365760 0 0 0 0
367 1591424 0 0 0 0
368 42 0 0 0 0
389 42 0 0 0 0
391 84 0 0 0 0
399 2 1 0 0 0
404 1591424 0 0 0 0
405 2387136 0 0 0 0
407 1591422 0 0 0 0
436 2387136 0 0 0 0
437 795712 795712 2514 0 0
438 2305806 0 0 0 0
439 768602 0 0 0 0
440 81330 27110 0 0 0
445 4005670 0 0 0 0
446 1591424 0 0 0 0
451 1591340 0 0 0 0
452 795670 0 0 0 0
462 2387136 0 0 0 0
464 3978560 0 0 0 0
465 795712 0 0 0 0
466 795712 0 0 0 0
467 795712 0 0 0 0
468 795712 0 0 0 0
477 3978350 0 0 0 0
478 4774020 0 0 0 0
479 795670 0 0 0 0
480 795670 0 0 0 0
489 2387136 0 0 0 0
490 2387133 0 0 0 0
491 4774146 0 0 0 0
492 795712 0 0 0 0
494 3182844 0 0 0 0
495 1591424 0 0 0 0
500 795712 795712 0 0 0
568 1591430 795712 31 0 0
572 795712 795712 47 0 0
573 2387010 0 0 0 0
574 795670 0 0 0 0
576 252 0 0 0 0
579 795712 0 0 0 0
580 795712 0 0 0 0
595 795712 0 0 0 0
597 1591424 795712 55 0 0
600 7956700 0 0 0 0
601 2387010 0 0 0 0
603 3182680 0 0 0 0
605 252 0 0 0 0
fl=/home/wang/sources/cxx/book/include/lob/v3/hier_bitmap.hpp
fn=void lob::replay<lob::v18::BookT<lob::ChecksumSink, 16u> >(lob::v18::BookT<lob::ChecksumSink, 16u>&, std::__1::span<lob::Op const, 18446744073709551615ul>)
0 797579 797543 27 0 0
48 2387136 0 0 0 0
57 1593189 0 0 0 0
58 2394334 797501 1931 0 0
59 2392557 0 0 0 0
78 2387010 0 0 0 0
79 2387010 0 0 0 0
80 795670 795670 1866 0 0
83 1849 0 0 0 0
84 5565 0 0 0 0
95 3978555 0 0 0 0
fl=/home/wang/sources/cxx/book/source/main.cxx
fn=auto lob::for_each_type<std::__1::tuple<lob::v0::Book<lob::ChecksumSink>, lob::v1::Book<lob::ChecksumSink>, lob::v2::Book<lob::ChecksumSink>, lob::v3::BookT<lob::ChecksumSink, 16u>, lob::v4::BookT<lob::ChecksumSink, 16u>, lob::v5::BookT<lob::ChecksumSink, 16u>, lob::v7::BookT<lob::ChecksumSink, 16u>, lob::v8::BookT<lob::ChecksumSink, 16u>, lob::v9::BookT<lob::ChecksumSink, 16u>, lob::v10::BookT<lob::ChecksumSink, 16u>, lob::v11::BookT<lob::ChecksumSink, 16u>, lob::v12::BookT<lob::ChecksumSink, 16u>, lob::v13::BookT<lob::ChecksumSink, 16u>, lob::v14::BookT<lob::ChecksumSink, 16u>, lob::v15::BookT<lob::ChecksumSink, 16u>, lob::v16::BookT<lob::ChecksumSink, 16u>, lob::v17::BookT<lob::ChecksumSink, 16u>, lob::v18::BookT<lob::ChecksumSink, 16u> >, (anonymous namespace)::with_version<(anonymous namespace)::cmd_replay((anonymous namespace)::Args const&)::$_0>(std::__1::basic_string_view<char, std::__1::char_traits<char> >, (anonymous namespace)::cmd_replay((anonymous namespace)::Args const&)::$_0&&)::{lambda<typename $T0>()#1}>((anonymous namespace)::with_version<(anonymous namespace)::cmd_replay((anonymous namespace)::Args const&)::$_0>(std::__1::basic_string_view<char, std::__1::char_traits<char> >, (anonymous namespace)::cmd_replay((anonymous namespace)::Args const&)::$_0&&)::{lambda<typename $T0>()#1}&&)::{lambda<unsigned long... $N0>(std::__1::integer_sequence<unsigned long, ($N0)...>)#1}::operator()<0ul, 1ul, 2ul, 3ul, 4ul, 5ul, 6ul, 7ul, 8ul, 9ul, 10ul, 11ul, 12ul, 13ul, 14ul, 15ul, 16ul, 17ul>(std::__1::integer_sequence<unsigned long, 0ul, 1ul, 2ul, 3ul, 4ul, 5ul, 6ul, 7ul, 8ul, 9ul, 10ul, 11ul, 12ul, 13ul, 14ul, 15ul, 16ul, 17ul>) const
294 2 0 0 0 0
295 3 0 0 0 0
296 9 0 0 0 0
fl=/usr/include/c++/v1/__bit/countr.h
fn=lob::v16::OrderIndex::alloc(unsigned long)
28 15 0 0 0 0
fn=lob::v16::OrderIndex::grow()
28 55552 0 0 0 0
fn=lob::v18::BookT<lob::ChecksumSink, 16u>::modify(unsigned long, long, unsigned int)
28 35446 0 0 0 0
fn=void lob::replay<lob::v18::BookT<lob::ChecksumSink, 16u> >(lob::v18::BookT<lob::ChecksumSink, 16u>&, std::__1::span<lob::Op const, 18446744073709551615ul>)
28 6365692 0 0 0 0
fl=/usr/include/c++/v1/__functional/operations.h
fn=auto lob::v18::BookT<lob::ChecksumSink, 16u>::unlink_off_grid(lob::v18::BookT<lob::ChecksumSink, 16u>::Loc const&)::{lambda(auto:1&)#1}::operator()<std::__1::map<long, lob::v18::BookT<lob::ChecksumSink, 16u>::Level, std::__1::greater<void>, std::__1::allocator<std::__1::pair<long const, lob::v18::BookT<lob::ChecksumSink, 16u>::Level> > > >(std::__1::map<long, lob::v18::BookT<lob::ChecksumSink, 16u>::Level, std::__1::greater<void>, std::__1::allocator<std::__1::pair<long const, lob::v18::BookT<lob::ChecksumSink, 16u>::Level> > >&) const
462 103 0 0 0 0
fn=auto lob::v18::BookT<lob::ChecksumSink, 16u>::unlink_off_grid(lob::v18::BookT<lob::ChecksumSink, 16u>::Loc const&)::{lambda(auto:1&)#1}::operator()<std::__1::map<long, lob::v18::BookT<lob::ChecksumSink, 16u>::Level, std::__1::less<void>, std::__1::allocator<std::__1::pair<long const, lob::v18::BookT<lob::ChecksumSink, 16u>::Level> > > >(std::__1::map<long, lob::v18::BookT<lob::ChecksumSink, 16u>::Level, std::__1::less<void>, std::__1::allocator<std::__1::pair<long const, lob::v18::BookT<lob::ChecksumSink, 16u>::Level> > >&) const
375 308 0 0 0 0
fn=lob::v18::BookT<lob::ChecksumSink, 16u>::off_grid_level(lob::Side, long)
375 158 0 0 0 0
462 52 0 0 0 0
fl=/usr/include/c++/v1/__iterator/wrap_iter.h
fn=void lob::replay<lob::v18::BookT<lob::ChecksumSink, 16u> >(lob::v18::BookT<lob::ChecksumSink, 16u>&, std::__1::span<lob::Op const, 18446744073709551615ul>)
65 1609147 0 0 0 0
125 1609148 0 0 0 0
fl=/usr/include/c++/v1/__memory/allocator.h
fn=void lob::replay<lob::v18::BookT<lob::ChecksumSink, 16u> >(lob::v18::BookT<lob::ChecksumSink, 16u>&, std::__1::span<lob::Op const, 18446744073709551615ul>)
100 80 32 2 0 0
fl=/usr/include/c++/v1/__memory/construct_at.h
fn=void lob::replay<lob::v18::BookT<lob::ChecksumSink, 16u> >(lob::v18::BookT<lob::ChecksumSink, 16u>&, std::__1::span<lob::Op const, 18446744073709551615ul>)
38 108440 0 0 0 0
fl=/usr/include/c++/v1/__memory/uninitialized_algorithms.h
fn=void lob::replay<lob::v18::BookT<lob::ChecksumSink, 16u> >(lob::v18::BookT<lob::ChecksumSink, 16u>&, std::__1::span<lob::Op const, 18446744073709551615ul>)
0 32 0 0 0 0
638 96 0 0 0 0
fl=/usr/include/c++/v1/__memory/unique_ptr.h
fn=lob::v16::OrderIndex::alloc(unsigned long)
91 5 0 0 0 0
287 5 0 0 0 0
288 5 0 0 0 0
289 10 5 4 0 0
606 5 0 0 0 0
607 5 0 0 0 0
609 10 5 0 0 0
765 35 0 0 0 0
fn=lob::v16::OrderIndex::grow()
281 5 0 0 0 0
282 5 0 0 0 0
fn=void lob::replay<lob::v18::BookT<lob::ChecksumSink, 16u> >(lob::v18::BookT<lob::ChecksumSink, 16u>&, std::__1::span<lob::Op const, 18446744073709551615ul>)
583 795712 0 0 0 0
fl=/usr/include/c++/v1/__new/allocate.h
fn=auto lob::v18::BookT<lob::ChecksumSink, 16u>::unlink_off_grid(lob::v18::BookT<lob::ChecksumSink, 16u>::Loc const&)::{lambda(auto:1&)#1}::operator()<std::__1::map<long, lob::v18::BookT<lob::ChecksumSink, 16u>::Level, std::__1::greater<void>, std::__1::allocator<std::__1::pair<long const, lob::v18::BookT<lob::ChecksumSink, 16u>::Level> > > >(std::__1::map<long, lob::v18::BookT<lob::ChecksumSink, 16u>::Level, std::__1::greater<void>, std::__1::allocator<std::__1::pair<long const, lob::v18::BookT<lob::ChecksumSink, 16u>::Level> > >&) const
63 21 0 0 0 0
fn=auto lob::v18::BookT<lob::ChecksumSink, 16u>::unlink_off_grid(lob::v18::BookT<lob::ChecksumSink, 16u>::Loc const&)::{lambda(auto:1&)#1}::operator()<std::__1::map<long, lob::v18::BookT<lob::ChecksumSink, 16u>::Level, std::__1::less<void>, std::__1::allocator<std::__1::pair<long const, lob::v18::BookT<lob::ChecksumSink, 16u>::Level> > > >(std::__1::map<long, lob::v18::BookT<lob::ChecksumSink, 16u>::Level, std::__1::less<void>, std::__1::allocator<std::__1::pair<long const, lob::v18::BookT<lob::ChecksumSink, 16u>::Level> > >&) const
63 66 0 0 0 0
fn=lob::v18::BookT<lob::ChecksumSink, 16u>::off_grid_level(lob::Side, long)
43 87 0 0 0 0
fn=void lob::replay<lob::v18::BookT<lob::ChecksumSink, 16u> >(lob::v18::BookT<lob::ChecksumSink, 16u>&, std::__1::span<lob::Op const, 18446744073709551615ul>)
0 176 0 0 0 0
37 32 0 0 0 0
43 96 0 0 0 0
63 60 0 0 0 0
fl=/usr/include/c++/v1/__split_buffer
fn=void lob::replay<lob::v18::BookT<lob::ChecksumSink, 16u> >(lob::v18::BookT<lob::ChecksumSink, 16u>&, std::__1::span<lob::Op const, 18446744073709551615ul>)
0 15 0 0 0 0
334 32 0 0 0 0
335 32 0 0 0 0
341 64 32 2 0 0
fl=/usr/include/c++/v1/__tree
fn=auto lob::v18::BookT<lob::ChecksumSink, 16u>::unlink_off_grid(lob::v18::BookT<lob::ChecksumSink, 16u>::Loc const&)::{lambda(auto:1&)#1}::operator()<std::__1::map<long, lob::v18::BookT<lob::ChecksumSink, 16u>::Level, std::__1::greater<void>, std::__1::allocator<std::__1::pair<long const, lob::v18::BookT<lob::ChecksumSink, 16u>::Level> > > >(std::__1::map<long, lob::v18::BookT<lob::ChecksumSink, 16u>::Level, std::__1::greater<void>, std::__1::allocator<std::__1::pair<long const, lob::v18::BookT<lob::ChecksumSink, 16u>::Level> > >&) const
0 103 0 0 0 0
105 10 0 0 0 0
163 8 2 0 0 0
191 21 7 5 0 0
193 5 5 0 0 0
680 13 0 0 0 0
862 13 0 0 0 0
884 13 0 0 0 0
915 19 0 0 0 0
1824 14 7 4 0 0
1825 2 0 0 0 0
1826 7 0 0 0 0
1827 14 0 0 0 0
1994 26 26 5 0 0
2049 86 43 7 0 0
2050 30 0 0 0 0
fn=auto lob::v18::BookT<lob::ChecksumSink, 16u>::unlink_off_grid(lob::v18::BookT<lob::ChecksumSink, 16u>::Loc const&)::{lambda(auto:1&)#1}::operator()<std::__1::map<long, lob::v18::BookT<lob::ChecksumSink, 16u>::Level, std::__1::less<void>, std::__1::allocator<std::__1::pair<long const, lob::v18::BookT<lob::ChecksumSink, 16u>::Level> > > >(std::__1::map<long, lob::v18::BookT<lob::ChecksumSink, 16u>::Level, std::__1::less<void>, std::__1::allocator<std::__1::pair<long const, lob::v18::BookT<lob::ChecksumSink, 16u>::Level> > >&) const
0 287 0 0 0 0
105 50 0 0 0 0
163 34 9 3 0 0
191 66 22 8 0 0
193 25 25 12 0 0
680 29 0 0 0 0
862 29 0 0 0 0
884 29 0 0 0 0
915 63 0 0 0 0
1824 44 22 10 0 0
1825 7 0 0 0 0
1826 22 0 0 0 0
1827 44 0 0 0 0
1994 58 58 8 0 0
2049 244 122 19 0 0
2050 93 0 0 0 0
fn=lob::v18::BookT<lob::ChecksumSink, 16u>::off_grid_level(lob::Side, long)
0 456 79 14 0 0
862 42 0 0 0 0
884 42 0 0 0 0
915 121 0 0 0 0
1593 105 105 37 0 0
1594 74 0 0 0 0
1601 68 68 10 0 0
1602 165 55 19 0 0
1673 58 0 0 0 0
1674 29 0 0 0 0
1676 29 0 0 0 0
1677 116 29 10 0 0
1678 6 0 0 0 0
1679 87 0 0 0 0
fn=void std::__1::__tree_balance_after_insert[abi:ne210105]<std::__1::__tree_node_base<void*>*>(std::__1::__tree_node_base<void*>*, std::__1::__tree_node_base<void*>*)
0 13 0 0 0 0
105 69 0 0 0 0
235 6 0 0 0 0
236 12 0 0 0 0
237 12 6 4 0 0
239 10 0 0 0 0
240 4 4 3 0 0
241 6 0 0 0 0
244 6 0 0 0 0
254 2 0 0 0 0
255 10 0 0 0 0
256 10 5 4 0 0
258 10 0 0 0 0
259 5 5 1 0 0
260 1 0 0 0 0
262 5 0 0 0 0
263 5 0 0 0 0
278 58 0 0 0 0
279 109 69 29 0 0
281 16 16 8 0 0
282 7 0 0 0 0
283 20 10 4 0 0
285 3 0 0 0 0
287 6 0 0 0 0
288 6 0 0 0 0
290 6 4 2 0 0
295 4 0 0 0 0
297 4 0 0 0 0
303 30 15 8 0 0
305 5 0 0 0 0
307 10 0 0 0 0
308 10 0 0 0 0
310 7 4 1 0 0
315 4 0 0 0 0
317 4 0 0 0 0
323 29 0 0 0 0
569 35 0 0 0 0
571 13 0 0 0 0
fn=void std::__1::__tree_remove[abi:ne210105]<std::__1::__tree_node_base<void*>*>(std::__1::__tree_node_base<void*>*, std::__1::__tree_node_base<void*>*)
0 84 0 0 0 0
105 186 0 0 0 0
163 27 9 2 0 0
235 3 0 0 0 0
236 6 0 0 0 0
237 6 3 2 0 0
239 6 0 0 0 0
240 3 3 2 0 0
241 2 0 0 0 0
243 1 0 0 0 0
244 3 0 0 0 0
254 2 0 0 0 0
255 4 0 0 0 0
256 4 2 2 0 0
258 4 0 0 0 0
259 2 2 2 0 0
260 2 0 0 0 0
263 2 0 0 0 0
339 152 38 15 0 0
341 27 0 0 0 0
345 54 27 11 0 0
346 18 0 0 0 0
347 29 29 12 0 0
348 16 0 0 0 0
349 32 16 4 0 0
350 12 0 0 0 0
354 13 0 0 0 0
358 29 0 0 0 0
361 68 29 10 0 0
363 14 0 0 0 0
364 7 7 4 0 0
365 7 0 0 0 0
368 14 0 0 0 0
370 14 0 0 0 0
371 14 7 2 0 0
373 14 0 0 0 0
374 14 0 0 0 0
379 83 56 19 0 0
392 34 17 9 0 0
393 6 0 0 0 0
401 13 13 6 0 0
403 14 7 6 0 0
415 33 13 7 0 0
416 21 7 3 0 0
417 4 0 0 0 0
420 14 6 2 0 0
429 9 3 3 0 0
439 6 0 0 0 0
440 3 0 0 0 0
441 3 0 0 0 0
446 12 6 4 0 0
458 22 8 7 0 0
459 12 4 4 0 0
460 4 0 0 0 0
463 14 7 4 0 0
472 2 0 0 0 0
482 4 0 0 0 0
483 2 0 0 0 0
484 2 0 0 0 0
492 29 0 0 0 0
569 13 0 0 0 0
571 12 0 0 0 0
fl=/usr/include/c++/v1/__utility/pair.h
fn=lob::v18::BookT<lob::ChecksumSink, 16u>::off_grid_level(lob::Side, long)
445 29 0 0 0 0
446 29 0 0 0 0
fl=/usr/include/c++/v1/__utility/swap.h
fn=void lob::replay<lob::v18::BookT<lob::ChecksumSink, 16u> >(lob::v18::BookT<lob::ChecksumSink, 16u>&, std::__1::span<lob::Op const, 18446744073709551615ul>)
0 16 0 0 0 0
44 96 0 0 0 0
fl=/usr/include/c++/v1/__vector/vector.h
fn=auto lob::for_each_type<std::__1::tuple<lob::v0::Book<lob::ChecksumSink>, lob::v1::Book<lob::ChecksumSink>, lob::v2::Book<lob::ChecksumSink>, lob::v3::BookT<lob::ChecksumSink, 16u>, lob::v4::BookT<lob::ChecksumSink, 16u>, lob::v5::BookT<lob::ChecksumSink, 16u>, lob::v7::BookT<lob::ChecksumSink, 16u>, lob::v8::BookT<lob::ChecksumSink, 16u>, lob::v9::BookT<lob::ChecksumSink, 16u>, lob::v10::BookT<lob::ChecksumSink, 16u>, lob::v11::BookT<lob::ChecksumSink, 16u>, lob::v12::BookT<lob::ChecksumSink, 16u>, lob::v13::BookT<lob::ChecksumSink, 16u>, lob::v14::BookT<lob::ChecksumSink, 16u>, lob::v15::BookT<lob::ChecksumSink, 16u>, lob::v16::BookT<lob::ChecksumSink, 16u>, lob::v17::BookT<lob::ChecksumSink, 16u>, lob::v18::BookT<lob::ChecksumSink, 16u> >, (anonymous namespace)::with_version<(anonymous namespace)::cmd_replay((anonymous namespace)::Args const&)::$_0>(std::__1::basic_string_view<char, std::__1::char_traits<char> >, (anonymous namespace)::cmd_replay((anonymous namespace)::Args const&)::$_0&&)::{lambda<typename $T0>()#1}>((anonymous namespace)::with_version<(anonymous namespace)::cmd_replay((anonymous namespace)::Args const&)::$_0>(std::__1::basic_string_view<char, std::__1::char_traits<char> >, (anonymous namespace)::cmd_replay((anonymous namespace)::Args const&)::$_0&&)::{lambda<typename $T0>()#1}&&)::{lambda<unsigned long... $N0>(std::__1::integer_sequence<unsigned long, ($N0)...>)#1}::operator()<0ul, 1ul, 2ul, 3ul, 4ul, 5ul, 6ul, 7ul, 8ul, 9ul, 10ul, 11ul, 12ul, 13ul, 14ul, 15ul, 16ul, 17ul>(std::__1::integer_sequence<unsigned long, 0ul, 1ul, 2ul, 3ul, 4ul, 5ul, 6ul, 7ul, 8ul, 9ul, 10ul, 11ul, 12ul, 13ul, 14ul, 15ul, 16ul, 17ul>) const
388 5 0 0 0 0
449 1 0 0 0 0
fn=auto lob::v18::BookT<lob::ChecksumSink, 16u>::unlink_off_grid(lob::v18::BookT<lob::ChecksumSink, 16u>::Loc const&)::{lambda(auto:1&)#1}::operator()<std::__1::map<long, lob::v18::BookT<lob::ChecksumSink, 16u>::Level, std::__1::greater<void>, std::__1::allocator<std::__1::pair<long const, lob::v18::BookT<lob::ChecksumSink, 16u>::Level> > > >(std::__1::map<long, lob::v18::BookT<lob::ChecksumSink, 16u>::Level, std::__1::greater<void>, std::__1::allocator<std::__1::pair<long const, lob::v18::BookT<lob::ChecksumSink, 16u>::Level> > >&) const
407 52 0 0 0 0
fn=auto lob::v18::BookT<lob::ChecksumSink, 16u>::unlink_off_grid(lob::v18::BookT<lob::ChecksumSink, 16u>::Loc const&)::{lambda(auto:1&)#1}::operator()<std::__1::map<long, lob::v18::BookT<lob::ChecksumSink, 16u>::Level, std::__1::less<void>, std::__1::allocator<std::__1::pair<long const, lob::v18::BookT<lob::ChecksumSink, 16u>::Level> > > >(std::__1::map<long, lob::v18::BookT<lob::ChecksumSink, 16u>::Level, std::__1::less<void>, std::__1::allocator<std::__1::pair<long const, lob::v18::BookT<lob::ChecksumSink, 16u>::Level> > >&) const
407 116 0 0 0 0
fn=lob::v18::BookT<lob::ChecksumSink, 16u>::modify(unsigned long, long, unsigned int)
411 70892 0 0 0 0
fn=void lob::replay<lob::v18::BookT<lob::ChecksumSink, 16u> >(lob::v18::BookT<lob::ChecksumSink, 16u>&, std::__1::span<lob::Op const, 18446744073709551615ul>)
0 135726 0 0 0 0
388 81394 0 0 0 0
391 32 0 0 0 0
407 5542874 0 0 0 0
411 42 0 0 0 0
475 54188 0 0 0 0
844 64 0 0 0 0
902 64 32 0 0 0
905 208 0 0 0 0
1128 32 0 0 0 0
1131 64 0 0 0 0
1145 27110 0 0 0 0
1146 243990 54220 26 0 0
1149 54188 0 0 0 0
1152 54220 0 0 0 0
fl=/usr/include/c++/v1/map
fn=auto lob::v18::BookT<lob::ChecksumSink, 16u>::unlink_off_grid(lob::v18::BookT<lob::ChecksumSink, 16u>::Loc const&)::{lambda(auto:1&)#1}::operator()<std::__1::map<long, lob::v18::BookT<lob::ChecksumSink, 16u>::Level, std::__1::greater<void>, std::__1::allocator<std::__1::pair<long const, lob::v18::BookT<lob::ChecksumSink, 16u>::Level> > > >(std::__1::map<long, lob::v18::BookT<lob::ChecksumSink, 16u>::Level, std::__1::greater<void>, std::__1::allocator<std::__1::pair<long const, lob::v18::BookT<lob::ChecksumSink, 16u>::Level> > >&) const
1031 21 0 0 0 0
fn=auto lob::v18::BookT<lob::ChecksumSink, 16u>::unlink_off_grid(lob::v18::BookT<lob::ChecksumSink, 16u>::Loc const&)::{lambda(auto:1&)#1}::operator()<std::__1::map<long, lob::v18::BookT<lob::ChecksumSink, 16u>::Level, std::__1::less<void>, std::__1::allocator<std::__1::pair<long const, lob::v18::BookT<lob::ChecksumSink, 16u>::Level> > > >(std::__1::map<long, lob::v18::BookT<lob::ChecksumSink, 16u>::Level, std::__1::less<void>, std::__1::allocator<std::__1::pair<long const, lob::v18::BookT<lob::ChecksumSink, 16u>::Level> > >&) const
1031 66 0 0 0 0
fn=lob::v18::BookT<lob::ChecksumSink, 16u>::off_grid_level(lob::Side, long)
1031 126 0 0 0 0
fl=???
fn=???
0 603 0 0 388 159
fn=operator delete(void*)
0 320 0 0 0 0
fn=operator delete(void*, std::align_val_t)
0 25 0 0 0 0
fn=operator delete(void*, unsigned long)
0 295 0 0 0 0
fn=operator delete[](void*)
0 25 0 0 0 0
fn=operator new(unsigned long)
0 1122 66 14 0 0
fn=operator new(unsigned long, std::align_val_t)
0 135 5 4 0 0
fn=operator new[](unsigned long)
0 25 0 0 0 0
summary: 258073662 20564337 791115 391 162
