cmd: build/profile/book replay --workload data/itch12302019_AAPL.ops --version v17
events: Ir Bc Bcm Bi Bim
fl=./elf/../sysdeps/generic/dl-new-hash.h
fn=_dl_lookup_symbol_x
69 2 0 0 0 0
70 4 0 0 0 0
74 15 0 0 0 0
77 30 15 7 0 0
80 14 0 0 0 0
81 28 14 1 0 0
87 1 0 0 0 0
88 1 0 0 0 0
89 2 0 0 0 0
90 1 0 0 0 0
99 13 0 0 0 0
101 13 0 0 0 0
102 26 0 0 0 0
104 13 0 0 0 0
105 13 0 0 0 0
fl=./elf/../sysdeps/generic/dl-protected.h
fn=do_lookup_x
29 8 2 0 0 0
fl=./elf/../sysdeps/generic/ldsodefs.h
fn=do_lookup_x
139 4 0 0 0 0
140 6 0 0 0 0
fl=./elf/../sysdeps/x86_64/dl-machine.h
fn=_dl_fixup
234 2 0 0 0 0
fl=./elf/../sysdeps/x86_64/dl-runtime.h
fn=_dl_fixup
28 2 0 0 0 0
fl=./elf/../sysdeps/x86_64/dl-trampoline.h
fn=_dl_runtime_resolve_xsave
71 2 0 0 0 0
76 2 0 0 0 0
79 2 0 0 0 0
81 2 0 0 0 0
91 2 0 0 0 0
97 2 0 0 0 0
98 2 0 0 0 0
99 2 0 0 0 0
100 2 0 0 0 0
101 2 0 0 0 0
102 2 0 0 0 0
103 2 0 0 0 0
107 2 0 0 0 0
108 2 0 0 0 0
111 2 0 0 0 0
112 2 0 0 0 0
114 2 0 0 0 0
115 2 0 0 0 0
116 2 0 0 0 0
117 2 0 0 0 0
118 2 0 0 0 0
119 2 0 0 0 0
121 2 0 0 0 0
128 2 0 0 0 0
129 2 0 0 0 0
130 2 0 0 0 0
131 2 0 0 0 0
136 2 0 0 0 0
137 2 0 0 0 0
138 2 0 0 0 0
140 2 0 0 0 0
141 2 0 0 0 0
142 2 0 0 0 0
143 2 0 0 0 0
144 2 0 0 0 0
145 2 0 0 0 0
146 2 0 0 0 0
148 2 0 0 0 0
150 2 0 0 0 0
154 2 0 0 0 0
156 2 0 0 2 2
fl=./elf/./elf/dl-lookup.c
fn=_dl_lookup_symbol_x
772 26 0 0 0 0
774 4 0 0 0 0
775 8 0 0 0 0
778 2 0 0 0 0
782 4 2 2 0 0
785 4 2 0 0 0
787 4 0 0 0 0
791 28 2 0 0 0
792 34 2 0 0 0
797 10 2 0 0 0
816 2 0 0 0 0
820 4 0 0 0 0
821 14 4 0 0 0
828 2 0 0 0 0
856 8 2 0 0 0
870 6 2 0 0 0
873 4 2 0 0 0
890 8 0 0 0 0
892 18 0 0 0 0
fn=check_match
70 30 0 0 0 0
73 16 2 0 0 0
86 10 2 0 0 0
89 16 4 0 0 0
93 2 0 0 0 0
94 4 2 1 0 0
144 4 2 0 0 0
146 12 2 2 0 0
147 8 0 0 0 0
161 2 0 0 0 0
162 16 0 0 0 0
fn=do_lookup_x
347 28 0 0 0 0
348 2 0 0 0 0
353 2 0 0 0 0
354 2 0 0 0 0
358 16 0 0 0 0
361 16 8 0 0 0
365 20 8 4 0 0
386 16 8 4 0 0
390 16 8 4 0 0
396 24 8 0 0 0
400 8 0 0 0 0
401 8 0 0 0 0
404 40 8 2 0 0
405 24 0 0 0 0
408 8 0 0 0 0
409 16 8 0 0 0
411 8 0 0 0 0
412 6 0 0 0 0
413 16 0 0 0 0
415 14 0 0 0 0
416 32 0 0 0 0
419 56 8 2 0 0
422 4 0 0 0 0
423 6 0 0 0 0
424 4 2 0 0 0
426 4 0 0 0 0
429 15 3 1 0 0
431 6 0 0 0 0
432 50 0 0 0 0
433 4 0 0 0 0
436 6 2 2 0 0
439 3 1 0 0 0
461 16 0 0 0 0
476 4 2 0 0 0
483 8 2 2 0 0
487 6 2 2 0 0
499 4 0 0 0 0
500 2 0 0 0 0
501 2 0 0 0 0
518 18 6 0 0 0
522 16 0 0 0 0
fl=./elf/./elf/dl-runtime.c
fn=_dl_fixup
46 22 0 0 0 0
48 10 2 2 0 0
49 6 0 0 0 0
54 2 0 0 0 0
55 8 0 0 0 0
56 14 0 0 0 0
58 4 0 0 0 0
63 4 2 0 0 0
67 4 2 0 0 0
69 4 0 0 0 0
71 6 2 0 0 0
75 6 0 0 0 0
76 8 0 0 0 0
77 6 2 0 0 0
84 2 0 0 0 0
85 6 2 2 0 0
95 22 0 0 0 0
99 10 2 0 0 0
109 20 4 0 0 0
124 8 2 0 0 0
133 6 2 2 0 0
159 6 2 0 0 0
163 16 0 0 0 0
fl=./malloc/./malloc/arena.c
fn=_mid_memalign.isra.0
153 10 5 5 0 0
fn=free
153 150 50 23 0 0
fn=malloc
153 78 39 11 0 0
fl=./malloc/./malloc/malloc.c
fn=_int_free
1792 27 0 0 0 0
1992 45 15 0 0 0
3163 46 0 0 0 0
3165 92 0 0 0 0
3166 23 0 0 0 0
3167 46 0 0 0 0
4495 350 0 0 0 0
4499 150 0 0 0 0
4505 200 50 0 0 0
4506 100 50 0 0 0
4510 250 50 5 0 0
4517 100 0 0 0 0
4518 300 100 7 0 0
4521 38 0 0 0 0
4527 114 38 0 0 0
4547 190 38 4 0 0
4550 23 0 0 0 0
4561 54 27 2 0 0
4572 60 15 0 0 0
4574 45 15 0 0 0
4593 15 0 0 0 0
4595 15 0 0 0 0
4596 15 0 0 0 0
4600 45 0 0 0 0
4602 30 15 0 0 0
4606 30 15 2 0 0
4608 45 0 0 0 0
4609 15 0 0 0 0
4628 60 15 2 0 0
4637 24 12 0 0 0
4640 24 0 0 0 0
4643 24 12 0 0 0
4646 24 0 0 0 0
4658 288 0 0 0 0
fn=_int_free_maybe_consolidate
4770 187 0 0 0 0
4776 34 17 6 0 0
4778 20 5 0 0 0
4781 15 5 5 0 0
4784 25 5 4 0 0
4785 5 1 0 0 0
4798 183 16 0 0 0
fn=_int_free_merge_chunk
1992 42 14 0 0 0
4665 112 0 0 0 0
4666 14 0 0 0 0
4670 84 14 0 0 0
4673 56 28 8 0 0
4675 42 0 0 0 0
4678 42 14 0 0 0
4681 28 0 0 0 0
4682 28 14 0 0 0
4683 28 14 0 0 0
4689 28 14 4 0 0
4691 10 0 0 0 0
4692 10 0 0 0 0
4693 10 0 0 0 0
4694 40 10 0 0 0
4696 20 0 0 0 0
4701 42 0 0 0 0
4702 98 0 0 0 0
4714 28 14 2 0 0
4720 24 12 1 0 0
4721 2 0 0 0 0
4722 2 0 0 0 0
4724 11 0 0 0 0
4732 12 0 0 0 0
4733 48 0 0 0 0
4734 24 12 0 0 0
4736 12 0 0 0 0
4738 24 12 6 0 0
4740 30 0 0 0 0
4743 12 0 0 0 0
4744 12 0 0 0 0
4746 36 0 0 0 0
4747 12 0 0 0 0
4756 2 0 0 0 0
4757 6 0 0 0 0
4758 4 0 0 0 0
fn=_int_malloc
1326 88 44 0 0 0
1345 264 44 0 0 0
1794 44 0 0 0 0
1985 18 6 2 0 0
2008 4 1 0 0 0
2552 42 0 0 0 0
2553 1 0 0 0 0
2564 14 7 1 0 0
2565 18 6 0 0 0
2568 24 6 0 0 0
2576 36 0 0 0 0
2577 12 6 3 0 0
2589 4 0 0 0 0
2590 2 0 0 0 0
2599 12 3 0 0 0
2605 3 1 0 0 0
2608 3 1 1 0 0
2669 3 0 0 0 0
2677 2 1 0 0 0
2678 3 0 0 0 0
2691 3 1 0 0 0
2693 1 0 0 0 0
2699 5 0 0 0 0
2707 2 1 1 0 0
2709 4 0 0 0 0
2710 3 1 0 0 0
2711 1 0 0 0 0
2712 1 0 0 0 0
2715 2 1 0 0 0
2744 7 1 0 0 0
2746 2 0 0 0 0
2752 8 2 0 0 0
2753 6 0 0 0 0
2921 3 1 0 0 0
2922 1 0 0 0 0
2926 1 0 0 0 0
2930 5 1 1 0 0
2932 1 0 0 0 0
2933 1 0 0 0 0
2934 1 0 0 0 0
2935 7 0 0 0 0
2936 2 0 0 0 0
2938 1 0 0 0 0
3846 484 0 0 0 0
3887 88 44 0 0 0
3914 88 44 9 0 0
3916 88 0 0 0 0
3919 22 0 0 0 0
3921 44 22 2 0 0
3930 66 0 0 0 0
3977 44 22 3 0 0
3979 62 0 0 0 0
3980 50 0 0 0 0
3982 75 25 4 0 0
4039 315 56 16 0 0
4040 57 19 0 0 0
4058 132 0 0 0 0
4059 132 0 0 0 0
4060 132 44 0 0 0
4069 64 0 0 0 0
4070 277 62 16 0 0
4072 36 0 0 0 0
4073 72 0 0 0 0
4074 36 0 0 0 0
4076 72 36 0 0 0
4077 108 36 0 0 0
4079 36 0 0 0 0
4080 144 36 0 0 0
4082 144 36 0 0 0
4084 72 36 0 0 0
4085 72 36 0 0 0
4087 72 36 0 0 0
4098 144 36 12 0 0
4099 38 19 1 0 0
4100 36 18 2 0 0
4101 18 0 0 0 0
4104 18 0 0 0 0
4105 18 0 0 0 0
4106 18 0 0 0 0
4107 54 0 0 0 0
4108 54 0 0 0 0
4109 36 18 0 0 0
4111 36 0 0 0 0
4115 144 0 0 0 0
4117 54 0 0 0 0
4118 18 0 0 0 0
4121 18 0 0 0 0
4122 54 0 0 0 0
4123 18 0 0 0 0
4127 18 0 0 0 0
4128 18 0 0 0 0
4132 36 18 0 0 0
4161 40 18 2 0 0
4163 4 0 0 0 0
4164 8 0 0 0 0
4165 2 0 0 0 0
4169 249 40 13 0 0
4170 48 0 0 0 0
4171 16 0 0 0 0
4174 32 16 11 0 0
4218 64 0 0 0 0
4221 126 0 0 0 0
4222 18 0 0 0 0
4223 18 0 0 0 0
4224 18 0 0 0 0
4225 18 0 0 0 0
4230 36 0 0 0 0
4231 36 18 11 0 0
4240 72 18 8 0 0
4246 28 14 0 0 0
4257 78 26 5 0 0
4259 76 0 0 0 0
4262 57 19 10 0 0
4263 27 1 1 0 0
4266 1 0 0 0 0
4267 6 1 0 0 0
4273 2 1 1 0 0
4278 3 0 0 0 0
4279 3 0 0 0 0
4282 4 1 0 0 0
4291 1 0 0 0 0
4295 4 0 0 0 0
4296 2 1 0 0 0
4299 1 0 0 0 0
4300 1 0 0 0 0
4301 1 0 0 0 0
4302 2 1 0 0 0
4304 2 0 0 0 0
4307 8 0 0 0 0
4309 3 0 0 0 0
4310 1 0 0 0 0
4313 1 0 0 0 0
4330 25 0 0 0 0
4331 50 0 0 0 0
4332 50 0 0 0 0
4333 50 0 0 0 0
4334 150 0 0 0 0
4339 119 30 5 0 0
4343 122 40 10 0 0
4346 84 21 5 0 0
4348 20 0 0 0 0
4349 10 0 0 0 0
4353 222 111 33 0 0
4355 100 0 0 0 0
4357 200 100 2 0 0
4361 11 0 0 0 0
4364 22 11 3 0 0
4366 25 0 0 0 0
4367 5 0 0 0 0
4368 5 0 0 0 0
4373 24 0 0 0 0
4376 12 6 0 0 0
4378 18 0 0 0 0
4381 18 0 0 0 0
4384 24 6 1 0 0
4394 6 0 0 0 0
4399 24 0 0 0 0
4400 12 6 0 0 0
4403 6 0 0 0 0
4404 6 0 0 0 0
4405 6 0 0 0 0
4408 12 6 5 0 0
4409 3 0 0 0 0
4410 12 6 0 0 0
4412 12 0 0 0 0
4415 48 0 0 0 0
4417 18 0 0 0 0
4418 6 0 0 0 0
4421 6 0 0 0 0
4443 19 0 0 0 0
4444 38 0 0 0 0
4446 38 19 0 0 0
4449 57 19 10 0 0
4451 12 0 0 0 0
4452 24 0 0 0 0
4453 12 0 0 0 0
4454 96 0 0 0 0
4456 24 0 0 0 0
4459 26 0 0 0 0
4460 60 0 0 0 0
4461 20 0 0 0 0
4466 28 7 4 0 0
4482 13 6 0 0 0
4487 528 44 0 0 0
fn=_int_memalign
1326 10 5 0 0 0
1345 40 0 0 0 0
4714 6 3 2 0 0
4720 2 1 0 0 0
4721 1 0 0 0 0
4722 2 0 0 0 0
4732 1 0 0 0 0
4733 4 0 0 0 0
4734 2 1 0 0 0
4736 1 0 0 0 0
4738 2 1 1 0 0
4740 3 0 0 0 0
4743 1 0 0 0 0
4744 1 0 0 0 0
4746 3 0 0 0 0
4747 1 0 0 0 0
4756 2 0 0 0 0
4757 6 0 0 0 0
4758 4 0 0 0 0
5039 40 0 0 0 0
5069 20 0 0 0 0
5071 15 5 0 0 0
5074 5 0 0 0 0
5076 20 5 1 0 0
5083 20 0 0 0 0
5085 16 4 3 0 0
5086 1 0 0 0 0
5089 2 0 0 0 0
5090 16 0 0 0 0
5093 8 4 2 0 0
5095 4 0 0 0 0
5096 4 0 0 0 0
5097 2 0 0 0 0
5101 20 0 0 0 0
5103 2 0 0 0 0
5104 10 0 0 0 0
5105 4 0 0 0 0
5106 2 0 0 0 0
5108 18 4 0 0 0
5113 9 3 0 0 0
5115 6 0 0 0 0
5116 3 0 0 0 0
5117 6 0 0 0 0
5118 6 3 0 0 0
5120 3 0 0 0 0
5121 6 3 3 0 0
5122 3 0 0 0 0
5123 1 0 0 0 0
5129 3 0 0 0 0
5130 9 0 0 0 0
5134 9 0 0 0 0
5140 3 0 0 0 0
5141 45 0 0 0 0
fn=_mid_memalign.isra.0
1326 10 5 0 0 0
1345 25 5 0 0 0
3575 35 0 0 0 0
3581 10 5 0 0 0
3585 10 5 2 0 0
3590 15 5 0 0 0
3598 15 5 2 0 0
3615 15 0 0 0 0
3617 10 5 2 0 0
3638 10 5 2 0 0
3640 25 0 0 0 0
3641 25 5 0 0 0
3643 10 0 0 0 0
3662 30 0 0 0 0
fn=aligned_alloc
3556 35 0 0 0 0
3557 10 5 0 0 0
3564 25 5 0 0 0
3571 15 0 0 0 0
3572 15 0 0 0 0
fn=alloc_perturb
1985 114 38 0 0 0
1987 38 0 0 0 0
fn=free
3359 378 0 0 0 0
3363 108 54 0 0 0
3371 108 0 0 0 0
3373 54 0 0 0 0
3375 162 54 4 0 0
3379 12 4 0 0 0
3381 16 4 1 0 0
3383 6 0 0 0 0
3384 6 0 0 0 0
3385 3 0 0 0 0
3388 8 0 0 0 0
3392 150 50 0 0 0
3398 150 0 0 0 0
3401 54 0 0 0 0
3402 324 0 0 0 0
fn=malloc
1326 100 50 0 0 0
1345 250 50 0 0 0
3178 22 0 0 0 0
3182 22 11 0 0 0
3186 44 0 0 0 0
3190 22 0 0 0 0
3191 11 0 0 0 0
3294 400 0 0 0 0
3301 100 50 0 0 0
3311 100 0 0 0 0
3313 200 50 0 0 0
3316 100 50 16 0 0
3318 111 37 10 0 0
3326 78 39 8 0 0
3328 156 0 0 0 0
3329 195 39 0 0 0
3354 300 0 0 0 0
fn=munmap_chunk
3024 8 0 0 0 0
3025 8 0 0 0 0
3026 12 0 0 0 0
3028 8 4 0 0 0
3030 4 0 0 0 0
3031 12 0 0 0 0
3032 4 0 0 0 0
3038 16 0 0 0 0
3039 20 4 0 0 0
3042 4 4 0 0 0
3043 12 4 0 0 0
3048 8 0 0 0 0
3049 4 0 0 0 0
fn=sysmalloc_mmap.isra.0
2008 24 6 0 0 0
2400 36 0 0 0 0
2413 18 0 0 0 0
2418 12 6 2 0 0
2421 60 0 0 0 0
2424 12 6 0 0 0
2428 12 6 0 0 0
2432 24 0 0 0 0
2448 18 6 0 0 0
2466 6 0 0 0 0
2467 18 0 0 0 0
2471 18 6 0 0 0
2472 24 9 5 0 0
2475 18 6 0 0 0
2476 30 12 0 0 0
2481 42 0 0 0 0
fn=systrim.constprop.0
2957 6 0 0 0 0
2966 3 0 0 0 0
2968 1 0 0 0 0
2969 2 1 0 0 0
2974 3 1 0 0 0
2975 1 0 0 0 0
2978 5 0 0 0 0
2980 2 1 1 0 0
2987 3 0 0 0 0
2988 4 1 0 0 0
3000 3 0 0 0 0
3001 2 0 0 0 0
3003 1 0 0 0 0
3005 2 0 0 0 0
3009 2 1 0 0 0
3012 1 0 0 0 0
3013 4 0 0 0 0
3015 2 0 0 0 0
3020 6 0 0 0 0
fn=unlink_chunk.isra.0
1608 38 0 0 0 0
1610 95 19 0 0 0
1613 38 0 0 0 0
1614 38 0 0 0 0
1616 76 38 0 0 0
1619 19 0 0 0 0
1620 19 0 0 0 0
1621 86 35 4 0 0
1623 30 15 0 0 0
1624 45 15 0 0 0
1627 30 15 0 0 0
1641 15 0 0 0 0
1642 15 0 0 0 0
1645 38 0 0 0 0
fl=./malloc/./malloc/morecore.c
fn=__glibc_morecore
25 12 0 0 0 0
26 8 4 1 0 0
29 4 0 0 0 0
30 8 4 0 0 0
34 8 0 0 0 0
fl=./misc/../sysdeps/unix/syscall-template.S
fn=munmap
117 20 4 0 0 0
122 4 0 0 0 0
fl=./misc/../sysdeps/unix/sysv/linux/brk.c
fn=brk
36 2 0 0 0 0
37 4 0 0 0 0
38 4 2 0 0 0
44 2 0 0 0 0
45 2 0 0 0 0
fl=./misc/../sysdeps/unix/sysv/linux/brk_call.h
fn=brk
24 4 0 0 0 0
fl=./misc/../sysdeps/unix/sysv/linux/mmap64.c
fn=mmap
47 42 0 0 0 0
50 12 6 0 0 0
53 42 12 4 0 0
58 36 6 0 0 0
60 24 0 0 0 0
fl=./misc/../sysdeps/unix/sysv/linux/setvmaname.c
fn=__set_vma_name
33 42 0 0 0 0
35 30 6 0 0 0
49 54 6 0 0 0
fl=./misc/./misc/sbrk.c
fn=sbrk
37 32 0 0 0 0
40 8 0 0 0 0
43 8 4 4 0 0
58 8 4 0 0 0
62 8 4 2 0 0
66 8 4 2 0 0
68 2 0 0 0 0
74 6 2 0 0 0
78 28 0 0 0 0
fl=./string/../sysdeps/x86_64/multiarch/../multiarch/strcmp-sse2.S
fn=strcmp
98 2 0 0 0 0
131 2 0 0 0 0
132 2 0 0 0 0
134 2 0 0 0 0
135 2 0 0 0 0
156 2 0 0 0 0
157 2 2 2 0 0
158 2 0 0 0 0
159 2 2 0 0 0
160 2 0 0 0 0
161 2 0 0 0 0
162 2 0 0 0 0
163 2 0 0 0 0
180 2 0 0 0 0
181 2 0 0 0 0
182 2 0 0 0 0
183 2 0 0 0 0
184 2 0 0 0 0
185 2 0 0 0 0
186 2 2 1 0 0
191 1 0 0 0 0
192 3 0 0 0 0
201 1 0 0 0 0
202 1 0 0 0 0
203 1 0 0 0 0
204 1 0 0 0 0
205 1 0 0 0 0
206 1 0 0 0 0
207 1 0 0 0 0
208 1 1 0 0 0
209 1 1 1 0 0
214 1 0 0 0 0
215 1 0 0 0 0
216 1 0 0 0 0
217 1 0 0 0 0
218 1 0 0 0 0
219 1 0 0 1 1
1375 1 0 0 0 0
1376 1 0 0 0 0
1377 1 0 0 0 0
1378 1 0 0 0 0
1379 1 0 0 0 0
1381 1 0 0 0 0
1382 1 0 0 0 0
1383 1 0 0 0 0
1384 1 0 0 0 0
1385 1 0 0 0 0
1386 1 0 0 0 0
1387 1 1 0 0 0
1388 1 0 0 0 0
1392 1 0 0 0 0
1393 1 0 0 0 0
1394 1 0 0 0 0
1400 1 0 0 0 0
1401 1 0 0 0 0
1402 2 0 0 0 0
1406 1 0 0 0 0
1407 1 1 0 0 0
1410 1 0 0 0 0
1411 1 0 0 0 0
1412 1 0 0 0 0
1414 1 0 0 0 0
1415 1 0 0 0 0
1416 1 0 0 0 0
1420 1 0 0 0 0
1421 1 0 0 0 0
1422 1 0 0 0 0
1423 1 0 0 0 0
1424 1 0 0 0 0
1425 1 1 1 0 0
2093 1 0 0 0 0
2095 1 0 0 0 0
2096 1 0 0 0 0
2097 1 0 0 0 0
2098 1 1 1 0 0
2104 2 0 0 0 0
2110 2 0 0 0 0
2111 2 0 0 0 0
2119 2 0 0 0 0
2120 2 0 0 0 0
fl=./string/../sysdeps/x86_64/multiarch/memmove-vec-unaligned-erms.S
fn=__memcpy_avx_unaligned_erms
255 16 0 0 0 0
256 16 0 0 0 0
262 16 0 0 0 0
263 16 16 1 0 0
265 15 0 0 0 0
266 15 0 0 0 0
267 15 15 4 0 0
270 2 0 0 0 0
271 2 0 0 0 0
272 2 0 0 0 0
275 4 0 0 0 0
305 1 0 0 0 0
306 1 1 0 0 0
308 1 0 0 0 0
309 1 1 0 0 0
311 1 0 0 0 0
315 1 1 0 0 0
316 1 0 0 0 0
317 1 1 1 0 0
325 1 0 0 0 0
375 1 0 0 0 0
376 1 0 0 0 0
377 1 0 0 0 0
378 1 0 0 0 0
379 1 0 0 0 0
380 1 0 0 0 0
381 2 0 0 0 0
386 13 0 0 0 0
387 13 13 2 0 0
392 7 0 0 0 0
393 7 7 2 0 0
395 2 0 0 0 0
396 2 0 0 0 0
397 2 2 1 0 0
399 1 0 0 0 0
400 1 0 0 0 0
401 1 0 0 0 0
402 1 0 0 0 0
403 1 0 0 0 0
404 1 0 0 0 0
405 1 0 0 0 0
406 1 0 0 0 0
407 1 0 0 0 0
408 1 0 0 0 0
409 1 0 0 0 0
410 1 0 0 0 0
411 1 0 0 0 0
412 1 0 0 0 0
413 2 0 0 0 0
417 5 0 0 0 0
418 5 0 0 0 0
422 5 0 0 0 0
424 5 5 0 0 0
428 5 0 0 0 0
429 5 5 0 0 0
440 5 0 0 0 0
443 5 0 0 0 0
445 5 0 0 0 0
447 5 0 0 0 0
451 5 0 0 0 0
452 5 5 2 0 0
461 3 0 0 0 0
462 3 0 0 0 0
464 3 0 0 0 0
466 3 0 0 0 0
467 3 0 0 0 0
468 3 0 0 0 0
471 3 0 0 0 0
473 3 0 0 0 0
475 3 0 0 0 0
477 6 0 0 0 0
483 25 0 0 0 0
484 25 0 0 0 0
485 25 0 0 0 0
486 25 0 0 0 0
487 25 0 0 0 0
488 25 0 0 0 0
489 25 0 0 0 0
490 25 0 0 0 0
491 25 0 0 0 0
492 25 0 0 0 0
493 25 0 0 0 0
494 25 25 16 0 0
496 3 0 0 0 0
497 3 0 0 0 0
498 3 0 0 0 0
499 3 0 0 0 0
501 3 0 0 0 0
505 6 0 0 0 0
518 2 0 0 0 0
519 2 0 0 0 0
521 2 0 0 0 0
522 2 0 0 0 0
523 2 0 0 0 0
525 2 0 0 0 0
527 2 0 0 0 0
529 4 0 0 0 0
535 94 0 0 0 0
536 94 0 0 0 0
537 94 0 0 0 0
538 94 0 0 0 0
539 94 0 0 0 0
540 94 0 0 0 0
541 94 0 0 0 0
542 94 0 0 0 0
543 94 0 0 0 0
544 94 0 0 0 0
545 94 0 0 0 0
546 94 94 11 0 0
548 2 0 0 0 0
549 2 0 0 0 0
550 2 0 0 0 0
551 2 0 0 0 0
553 2 0 0 0 0
554 4 0 0 0 0
563 6 0 0 0 0
570 6 0 0 0 0
571 6 6 1 0 0
577 5 0 0 0 0
580 5 0 0 0 0
582 5 0 0 0 0
585 5 0 0 0 0
586 5 0 0 0 0
588 5 0 0 0 0
590 966469 966469 21 0 0
592 5 0 0 0 0
594 5 0 0 0 0
596 10 0 0 0 0
601 6 0 0 0 0
602 6 0 0 0 0
606 6 0 0 0 0
608 6 6 0 0 0
611 6 0 0 0 0
615 6 0 0 0 0
616 6 6 0 0 0
620 6 0 0 0 0
624 6 6 2 0 0
648 1 0 0 0 0
650 1 0 0 0 0
652 1 0 0 0 0
654 1 0 0 0 0
657 1 0 0 0 0
658 1 0 0 0 0
660 65489 65489 8 0 0
663 1 0 0 0 0
665 1 0 0 0 0
667 2 0 0 0 0
fl=./string/../sysdeps/x86_64/multiarch/memset-vec-unaligned-erms.S
fn=__memset_avx2_unaligned_erms
158 5 0 0 0 0
159 10 0 0 0 0
164 5 0 0 0 0
165 5 5 0 0 0
166 5 0 0 0 0
167 5 0 0 0 0
168 5 5 4 0 0
237 5 0 0 0 0
238 5 5 2 0 0
244 3 0 0 0 0
245 3 0 0 0 0
257 3 0 0 0 0
260 3 0 0 0 0
261 3 3 0 0 0
273 3 0 0 0 0
274 3 0 0 0 0
287 3 0 0 0 0
288 3 0 0 0 0
290 3 3 0 0 0
293 3 0 0 0 0
296 3 0 0 0 0
299 23 0 0 0 0
300 23 0 0 0 0
301 23 0 0 0 0
302 23 0 0 0 0
303 23 0 0 0 0
304 23 0 0 0 0
305 26 23 16 0 0
308 3 0 0 0 0
309 3 0 0 0 0
310 3 0 0 0 0
311 3 0 0 0 0
314 6 0 0 0 0
325 2 0 0 0 0
326 2 0 0 0 0
327 2 0 0 0 0
328 12290 12290 14 0 0
329 2 0 0 0 0
330 4 0 0 0 0
fl=/home/wang/sources/cxx/book/include/lob/events.hpp
fn=lob::v17::BookT<lob::ChecksumSink, 16u>::modify(unsigned long, long, unsigned int)
0 17723 0 0 0 0
92 17723 0 0 0 0
93 124061 0 0 0 0
fn=void lob::replay<lob::v17::BookT<lob::ChecksumSink, 16u> >(lob::v17::BookT<lob::ChecksumSink, 16u>&, std::__1::span<lob::Op const, 18446744073709551615ul>)
92 1591424 0 0 0 0
93 10344256 0 0 0 0
fl=/home/wang/sources/cxx/book/include/lob/replay.hpp
fn=void lob::replay<lob::v17::BookT<lob::ChecksumSink, 16u> >(lob::v17::BookT<lob::ChecksumSink, 16u>&, std::__1::span<lob::Op const, 18446744073709551615ul>)
0 7 0 0 0 0
52 7 0 0 0 0
53 1609148 1609148 2 0 0
57 9 0 0 0 0
fl=/home/wang/sources/cxx/book/include/lob/v11/exact_div.hpp
fn=void lob::replay<lob::v17::BookT<lob::ChecksumSink, 16u> >(lob::v17::BookT<lob::ChecksumSink, 16u>&, std::__1::span<lob::Op const, 18446744073709551615ul>)
37 4774272 0 0 0 0
fl=/home/wang/sources/cxx/book/include/lob/v16/order_index.hpp
fn=lob::v16::OrderIndex::alloc(unsigned long)
0 10 0 0 0 0
178 25 0 0 0 0
179 5 0 0 0 0
180 20 0 0 0 0
181 10 0 0 0 0
182 10 0 0 0 0
183 20 0 0 0 0
184 5 0 0 0 0
186 7996 1999 34 0 0
187 15872 0 0 0 0
188 15872 0 0 0 0
190 25 0 0 0 0
fn=lob::v16::OrderIndex::grow()
0 51616 0 0 0 0
144 111104 0 0 0 0
167 8 0 0 0 0
168 27780 0 0 0 0
169 138896 27780 98 0 0
171 111104 0 0 0 0
172 83328 0 0 0 0
175 12 0 0 0 0
191 40 0 0 0 0
193 5 0 0 0 0
194 10 0 0 0 0
195 23818 7941 5 0 0
197 166656 55552 8844 0 0
199 55552 0 0 0 0
214 50 0 0 0 0
fn=lob::v17::BookT<lob::ChecksumSink, 16u>::modify(unsigned long, long, unsigned int)
0 53715 0 0 0 0
72 35446 17723 0 0 0
76 374 0 0 0 0
77 35820 17910 182 0 0
78 374 187 0 0 0
80 53169 0 0 0 0
144 70892 0 0 0 0
147 35446 0 0 0 0
152 89363 0 0 0 0
154 53543 0 0 0 0
fn=void lob::replay<lob::v17::BookT<lob::ChecksumSink, 16u> >(lob::v17::BookT<lob::ChecksumSink, 16u>&, std::__1::span<lob::Op const, 18446744073709551615ul>)
0 6538758 0 0 0 0
72 2387136 795712 0 0 0
76 14032 0 0 0 0
77 1605456 802728 7152 0 0
78 14032 7016 0 0 0
80 2387136 0 0 0 0
87 2387136 1591424 508 0 0
88 1549236 0 0 0 0
89 2323854 774618 0 0 0
94 774618 0 0 0 0
95 774618 0 0 0 0
98 42188 21094 0 0 0
100 63282 21094 5 0 0
101 20 0 0 0 0
104 168 0 0 0 0
105 42356 21178 4 0 0
109 42356 21178 94 0 0
112 42188 0 0 0 0
113 21094 0 0 0 0
119 3978560 795712 0 0 0
123 5569984 0 0 0 0
124 2387136 0 0 0 0
125 3182848 0 0 0 0
126 1640536 802728 293 0 0
127 1591424 0 0 0 0
144 6365696 0 0 0 0
147 5591078 0 0 0 0
152 4091336 0 0 0 0
154 2464618 0 0 0 0
167 14578 0 0 0 0
168 803001 0 0 0 0
169 4803428 803001 7373 0 0
171 3182848 0 0 0 0
172 3182848 0 0 0 0
175 21867 0 0 0 0
fl=/home/wang/sources/cxx/book/include/lob/v17/book.hpp
fn=auto lob::v17::BookT<lob::ChecksumSink, 16u>::unlink_off_grid(lob::v17::BookT<lob::ChecksumSink, 16u>::Loc const&)::{lambda(auto:1&)#1}::operator()<std::__1::map<long, lob::v17::BookT<lob::ChecksumSink, 16u>::Level, std::__1::greater<void>, std::__1::allocator<std::__1::pair<long const, lob::v17::BookT<lob::ChecksumSink, 16u>::Level> > > >(std::__1::map<long, lob::v17::BookT<lob::ChecksumSink, 16u>::Level, std::__1::greater<void>, std::__1::allocator<std::__1::pair<long const, lob::v17::BookT<lob::ChecksumSink, 16u>::Level> > >&) const
0 13 0 0 0 0
386 21 7 0 0 0
387 20 7 1 0 0
416 26 0 0 0 0
417 13 0 0 0 0
438 26 0 0 0 0
439 26 0 0 0 0
442 65 0 0 0 0
443 65 0 0 0 0
444 13 0 0 0 0
445 13 0 0 0 0
591 39 0 0 0 0
592 13 0 0 0 0
593 13 0 0 0 0
594 13 0 0 0 0
595 13 0 0 0 0
596 26 13 7 0 0
600 52 0 0 0 0
fn=auto lob::v17::BookT<lob::ChecksumSink, 16u>::unlink_off_grid(lob::v17::BookT<lob::ChecksumSink, 16u>::Loc const&)::{lambda(auto:1&)#1}::operator()<std::__1::map<long, lob::v17::BookT<lob::ChecksumSink, 16u>::Level, std::__1::less<void>, std::__1::allocator<std::__1::pair<long const, lob::v17::BookT<lob::ChecksumSink, 16u>::Level> > > >(std::__1::map<long, lob::v17::BookT<lob::ChecksumSink, 16u>::Level, std::__1::less<void>, std::__1::allocator<std::__1::pair<long const, lob::v17::BookT<lob::ChecksumSink, 16u>::Level> > >&) const
0 29 0 0 0 0
386 65 22 1 0 0
387 65 22 1 0 0
416 58 0 0 0 0
417 29 0 0 0 0
438 58 0 0 0 0
439 58 0 0 0 0
442 145 0 0 0 0
443 145 0 0 0 0
444 29 0 0 0 0
445 29 0 0 0 0
591 87 0 0 0 0
592 29 0 0 0 0
593 29 0 0 0 0
594 29 0 0 0 0
595 29 0 0 0 0
596 58 29 13 0 0
600 116 0 0 0 0
fn=lob::v17::BookT<lob::ChecksumSink, 16u>::anchor_if_on_tick(long)
377 3 0 0 0 0
378 1 0 0 0 0
608 10 2 1 0 0
609 1 0 0 0 0
fn=lob::v17::BookT<lob::ChecksumSink, 16u>::modify(unsigned long, long, unsigned int)
0 70892 0 0 0 0
198 177230 0 0 0 0
201 35446 17723 0 0 0
202 35446 17723 0 0 0
204 53169 0 0 0 0
206 70892 17723 0 0 0
207 17723 0 0 0 0
208 17723 0 0 0 0
216 159507 0 0 0 0
358 106338 0 0 0 0
453 17723 0 0 0 0
fn=lob::v17::BookT<lob::ChecksumSink, 16u>::off_grid_level(lob::Side, long)
0 42 0 0 0 0
386 121 42 5 0 0
387 126 42 1 0 0
583 378 0 0 0 0
584 184 42 13 0 0
586 378 0 0 0 0
fn=lob::v17::BookT<lob::ChecksumSink, 16u>::unlink_off_grid(lob::v17::BookT<lob::ChecksumSink, 16u>::Loc const&)
590 84 0 0 0 0
591 84 0 0 0 0
601 84 42 6 0 0
602 52 0 0 0 0
604 116 0 0 0 0
605 84 0 0 0 0
fn=void lob::replay<lob::v17::BookT<lob::ChecksumSink, 16u> >(lob::v17::BookT<lob::ChecksumSink, 16u>&, std::__1::span<lob::Op const, 18446744073709551615ul>)
0 15932049 0 0 0 0
170 8010289 3200571 881482 0 0
172 3978560 0 0 0 0
176 106338 0 0 0 0
182 795712 795712 0 0 0
183 1591424 795712 0 0 0
184 795712 0 0 0 0
186 42188 21094 18 0 0
193 1591424 0 0 0 0
195 795712 0 0 0 0
196 1591424 0 0 0 0
329 4774020 0 0 0 0
358 3978560 0 0 0 0
366 1591426 795713 0 0 0
371 2387136 0 0 0 0
372 3182848 1591424 89 0 0
374 1591422 0 0 0 0
403 2387136 0 0 0 0
404 795712 795712 2512 0 0
405 3074408 0 0 0 0
406 768602 0 0 0 0
407 81330 27110 0 0 0
411 4828492 0 0 0 0
416 1591340 0 0 0 0
417 795670 0 0 0 0
427 2387136 0 0 0 0
429 3978560 0 0 0 0
430 795712 0 0 0 0
431 795712 0 0 0 0
432 795712 0 0 0 0
433 1591424 0 0 0 0
442 3978350 0 0 0 0
443 3978350 0 0 0 0
444 795670 0 0 0 0
445 795670 0 0 0 0
454 2387136 0 0 0 0
455 2387133 0 0 0 0
456 4774146 0 0 0 0
457 795712 0 0 0 0
459 3182844 0 0 0 0
460 3182848 0 0 0 0
465 795712 795712 0 0 0
533 1591429 795712 25 0 0
537 1591340 0 0 0 0
538 795670 0 0 0 0
540 294 0 0 0 0
543 795712 0 0 0 0
544 795712 0 0 0 0
548 1591424 0 0 0 0
550 1591340 0 0 0 0
554 7161030 0 0 0 0
556 795670 0 0 0 0
557 3182680 0 0 0 0
559 168 0 0 0 0
fl=/home/wang/sources/cxx/book/include/lob/v3/hier_bitmap.hpp
fn=void lob::replay<lob::v17::BookT<lob::ChecksumSink, 16u> >(lob::v17::BookT<lob::ChecksumSink, 16u>&, std::__1::span<lob::Op const, 18446744073709551615ul>)
0 2388859 1831 25 0 0
48 3182848 795712 7 0 0
57 1593171 0 0 0 0
58 2392503 797501 1921 0 0
59 2392557 0 0 0 0
78 2387010 0 0 0 0
79 2387010 0 0 0 0
80 795670 795670 1869 0 0
83 1831 0 0 0 0
84 5565 0 0 0 0
95 3978555 0 0 0 0
fl=/home/wang/sources/cxx/book/source/main.cxx
fn=auto lob::for_each_type<std::__1::tuple<lob::v0::Book<lob::ChecksumSink>, lob::v1::Book<lob::ChecksumSink>, lob::v2::Book<lob::ChecksumSink>, lob::v3::BookT<lob::ChecksumSink, 16u>, lob::v4::BookT<lob::ChecksumSink, 16u>, lob::v5::BookT<lob::ChecksumSink, 16u>, lob::v7::BookT<lob::ChecksumSink, 16u>, lob::v8::BookT<lob::ChecksumSink, 16u>, lob::v9::BookT<lob::ChecksumSink, 16u>, lob::v10::BookT<lob::ChecksumSink, 16u>, lob::v11::BookT<lob::ChecksumSink, 16u>, lob::v12::BookT<lob::ChecksumSink, 16u>, lob::v13::BookT<lob::ChecksumSink, 16u>, lob::v14::BookT<lob::ChecksumSink, 16u>, lob::v15::BookT<lob::ChecksumSink, 16u>, lob::v16::BookT<lob::ChecksumSink, 16u>, lob::v17::BookT<lob::ChecksumSink, 16u> >, (anonymous namespace)::with_version<(anonymous namespace)::cmd_replay((anonymous namespace)::Args const&)::$_0>(std::__1::basic_string_view<char, std::__1::char_traits<char> >, (anonymous namespace)::cmd_replay((anonymous namespace)::Args const&)::$_0&&)::{lambda<typename $T0>()#1}>((anonymous namespace)::with_version<(anonymous namespace)::cmd_replay((anonymous namespace)::Args const&)::$_0>(std::__1::basic_string_view<char, std::__1::char_traits<char> >, (anonymous namespace)::cmd_replay((anonymous namespace)::Args const&)::$_0&&)::{lambda<typename $T0>()#1}&&)::{lambda<unsigned long... $N0>(std::__1::integer_sequence<unsigned long, ($N0)...>)#1}::operator()<0ul, 1ul, 2ul, 3ul, 4ul, 5ul, 6ul, 7ul, 8ul, 9ul, 10ul, 11ul, 12ul, 13ul, 14ul, 15ul, 16ul>(std::__1::integer_sequence<unsigned long, 0ul, 1ul, 2ul, 3ul, 4ul, 5ul, 6ul, 7ul, 8ul, 9ul, 10ul, 11ul, 12ul, 13ul, 14ul, 15ul, 16ul>) const
294 2 0 0 0 0
295 3 0 0 0 0
296 9 0 0 0 0
fl=/usr/include/c++/v1/__bit/countr.h
fn=lob::v16::OrderIndex::alloc(unsigned long)
28 15 0 0 0 0
fn=lob::v16::OrderIndex::grow()
28 55552 0 0 0 0
fn=lob::v17::BookT<lob::ChecksumSink, 16u>::modify(unsigned long, long, unsigned int)
28 35446 0 0 0 0
fn=void lob::replay<lob::v17::BookT<lob::ChecksumSink, 16u> >(lob::v17::BookT<lob::ChecksumSink, 16u>&, std::__1::span<lob::Op const, 18446744073709551615ul>)
28 6365692 0 0 0 0
fl=/usr/include/c++/v1/__functional/operations.h
fn=auto lob::v17::BookT<lob::ChecksumSink, 16u>::unlink_off_grid(lob::v17::BookT<lob::ChecksumSink, 16u>::Loc const&)::{lambda(auto:1&)#1}::operator()<std::__1::map<long, lob::v17::BookT<lob::ChecksumSink, 16u>::Level, std::__1::greater<void>, std::__1::allocator<std::__1::pair<long const, lob::v17::BookT<lob::ChecksumSink, 16u>::Level> > > >(std::__1::map<long, lob::v17::BookT<lob::ChecksumSink, 16u>::Level, std::__1::greater<void>, std::__1::allocator<std::__1::pair<long const, lob::v17::BookT<lob::ChecksumSink, 16u>::Level> > >&) const
462 103 0 0 0 0
fn=auto lob::v17::BookT<lob::ChecksumSink, 16u>::unlink_off_grid(lob::v17::BookT<lob::ChecksumSink, 16u>::Loc const&)::{lambda(auto:1&)#1}::operator()<std::__1::map<long, lob::v17::BookT<lob::ChecksumSink, 16u>::Level, std::__1::less<void>, std::__1::allocator<std::__1::pair<long const, lob::v17::BookT<lob::ChecksumSink, 16u>::Level> > > >(std::__1::map<long, lob::v17::BookT<lob::ChecksumSink, 16u>::Level, std::__1::less<void>, std::__1::allocator<std::__1::pair<long const, lob::v17::BookT<lob::ChecksumSink, 16u>::Level> > >&) const
375 308 0 0 0 0
fn=lob::v17::BookT<lob::ChecksumSink, 16u>::off_grid_level(lob::Side, long)
375 158 0 0 0 0
462 52 0 0 0 0
fl=/usr/include/c++/v1/__iterator/wrap_iter.h
fn=void lob::replay<lob::v17::BookT<lob::ChecksumSink, 16u> >(lob::v17::BookT<lob::ChecksumSink, 16u>&, std::__1::span<lob::Op const, 18446744073709551615ul>)
65 1609147 0 0 0 0
125 1609148 0 0 0 0
fl=/usr/include/c++/v1/__memory/allocator.h
fn=void lob::replay<lob::v17::BookT<lob::ChecksumSink, 16u> >(lob::v17::BookT<lob::ChecksumSink, 16u>&, std::__1::span<lob::Op const, 18446744073709551615ul>)
100 32 16 0 0 0
fl=/usr/include/c++/v1/__memory/construct_at.h
fn=void lob::replay<lob::v17::BookT<lob::ChecksumSink, 16u> >(lob::v17::BookT<lob::ChecksumSink, 16u>&, std::__1::span<lob::Op const, 18446744073709551615ul>)
38 54220 0 0 0 0
fl=/usr/include/c++/v1/__memory/uninitialized_algorithms.h
fn=void lob::replay<lob::v17::BookT<lob::ChecksumSink, 16u> >(lob::v17::BookT<lob::ChecksumSink, 16u>&, std::__1::span<lob::Op const, 18446744073709551615ul>)
0 16 0 0 0 0
638 64 0 0 0 0
fl=/usr/include/c++/v1/__memory/unique_ptr.h
fn=lob::v16::OrderIndex::alloc(unsigned long)
91 5 0 0 0 0
287 5 0 0 0 0
288 5 0 0 0 0
289 10 5 5 0 0
606 5 0 0 0 0
607 5 0 0 0 0
609 10 5 0 0 0
765 35 0 0 0 0
fn=lob::v16::OrderIndex::grow()
281 5 0 0 0 0
282 5 0 0 0 0
fn=void lob::replay<lob::v17::BookT<lob::ChecksumSink, 16u> >(lob::v17::BookT<lob::ChecksumSink, 16u>&, std::__1::span<lob::Op const, 18446744073709551615ul>)
583 795712 0 0 0 0
fl=/usr/include/c++/v1/__new/allocate.h
fn=auto lob::v17::BookT<lob::ChecksumSink, 16u>::unlink_off_grid(lob::v17::BookT<lob::ChecksumSink, 16u>::Loc const&)::{lambda(auto:1&)#1}::operator()<std::__1::map<long, lob::v17::BookT<lob::ChecksumSink, 16u>::Level, std::__1::greater<void>, std::__1::allocator<std::__1::pair<long const, lob::v17::BookT<lob::ChecksumSink, 16u>::Level> > > >(std::__1::map<long, lob::v17::BookT<lob::ChecksumSink, 16u>::Level, std::__1::greater<void>, std::__1::allocator<std::__1::pair<long const, lob::v17::BookT<lob::ChecksumSink, 16u>::Level> > >&) const
63 21 0 0 0 0
fn=auto lob::v17::BookT<lob::ChecksumSink, 16u>::unlink_off_grid(lob::v17::BookT<lob::ChecksumSink, 16u>::Loc const&)::{lambda(auto:1&)#1}::operator()<std::__1::map<long, lob::v17::BookT<lob::ChecksumSink, 16u>::Level, std::__1::less<void>, std::__1::allocator<std::__1::pair<long const, lob::v17::BookT<lob::ChecksumSink, 16u>::Level> > > >(std::__1::map<long, lob::v17::BookT<lob::ChecksumSink, 16u>::Level, std::__1::less<void>, std::__1::allocator<std::__1::pair<long const, lob::v17::BookT<lob::ChecksumSink, 16u>::Level> > >&) const
63 66 0 0 0 0
fn=lob::v17::BookT<lob::ChecksumSink, 16u>::off_grid_level(lob::Side, long)
43 87 0 0 0 0
fn=void lob::replay<lob::v17::BookT<lob::ChecksumSink, 16u> >(lob::v17::BookT<lob::ChecksumSink, 16u>&, std::__1::span<lob::Op const, 18446744073709551615ul>)
0 64 0 0 0 0
37 16 0 0 0 0
43 48 0 0 0 0
63 45 0 0 0 0
fl=/usr/include/c++/v1/__split_buffer
fn=void lob::replay<lob::v17::BookT<lob::ChecksumSink, 16u> >(lob::v17::BookT<lob::ChecksumSink, 16u>&, std::__1::span<lob::Op const, 18446744073709551615ul>)
334 16 0 0 0 0
335 16 0 0 0 0
341 32 16 1 0 0
fl=/usr/include/c++/v1/__tree
fn=auto lob::v17::BookT<lob::ChecksumSink, 16u>::unlink_off_grid(lob::v17::BookT<lob::ChecksumSink, 16u>::Loc const&)::{lambda(auto:1&)#1}::operator()<std::__1::map<long, lob::v17::BookT<lob::ChecksumSink, 16u>::Level, std::__1::greater<void>, std::__1::allocator<std::__1::pair<long const, lob::v17::BookT<lob::ChecksumSink, 16u>::Level> > > >(std::__1::map<long, lob::v17::BookT<lob::ChecksumSink, 16u>::Level, std::__1::greater<void>, std::__1::allocator<std::__1::pair<long const, lob::v17::BookT<lob::ChecksumSink, 16u>::Level> > >&) const
0 103 0 0 0 0
105 10 0 0 0 0
163 8 2 0 0 0
191 21 7 5 0 0
193 5 5 0 0 0
680 13 0 0 0 0
862 13 0 0 0 0
884 13 0 0 0 0
915 19 0 0 0 0
1824 14 7 4 0 0
1825 2 0 0 0 0
1826 7 0 0 0 0
1827 14 0 0 0 0
1994 26 26 2 0 0
2049 86 43 7 0 0
2050 30 0 0 0 0
fn=auto lob::v17::BookT<lob::ChecksumSink, 16u>::unlink_off_grid(lob::v17::BookT<lob::ChecksumSink, 16u>::Loc const&)::{lambda(auto:1&)#1}::operator()<std::__1::map<long, lob::v17::BookT<lob::ChecksumSink, 16u>::Level, std::__1::less<void>, std::__1::allocator<std::__1::pair<long const, lob::v17::BookT<lob::ChecksumSink, 16u>::Level> > > >(std::__1::map<long, lob::v17::BookT<lob::ChecksumSink, 16u>::Level, std::__1::less<void>, std::__1::allocator<std::__1::pair<long const, lob::v17::BookT<lob::ChecksumSink, 16u>::Level> > >&) const
0 287 0 0 0 0
105 50 0 0 0 0
163 34 9 3 0 0
191 66 22 8 0 0
193 25 25 12 0 0
680 29 0 0 0 0
862 29 0 0 0 0
884 29 0 0 0 0
915 63 0 0 0 0
1824 44 22 10 0 0
1825 7 0 0 0 0
1826 22 0 0 0 0
1827 44 0 0 0 0
1994 58 58 10 0 0
2049 244 122 19 0 0
2050 93 0 0 0 0
fn=lob::v17::BookT<lob::ChecksumSink, 16u>::off_grid_level(lob::Side, long)
0 456 79 14 0 0
862 42 0 0 0 0
884 42 0 0 0 0
915 121 0 0 0 0
1593 105 105 37 0 0
1594 74 0 0 0 0
1601 68 68 10 0 0
1602 165 55 16 0 0
1673 58 0 0 0 0
1674 29 0 0 0 0
1676 29 0 0 0 0
1677 116 29 9 0 0
1678 6 0 0 0 0
1679 87 0 0 0 0
fn=void std::__1::__tree_balance_after_insert[abi:ne210105]<std::__1::__tree_node_base<void*>*>(std::__1::__tree_node_base<void*>*, std::__1::__tree_node_base<void*>*)
0 13 0 0 0 0
105 69 0 0 0 0
235 6 0 0 0 0
236 12 0 0 0 0
237 12 6 4 0 0
239 10 0 0 0 0
240 4 4 3 0 0
241 6 0 0 0 0
244 6 0 0 0 0
254 2 0 0 0 0
255 10 0 0 0 0
256 10 5 4 0 0
258 10 0 0 0 0
259 5 5 1 0 0
260 1 0 0 0 0
262 5 0 0 0 0
263 5 0 0 0 0
278 58 0 0 0 0
279 109 69 28 0 0
281 16 16 8 0 0
282 7 0 0 0 0
283 20 10 4 0 0
285 3 0 0 0 0
287 6 0 0 0 0
288 6 0 0 0 0
290 6 4 2 0 0
295 4 0 0 0 0
297 4 0 0 0 0
303 30 15 6 0 0
305 5 0 0 0 0
307 10 0 0 0 0
308 10 0 0 0 0
310 7 4 1 0 0
315 4 0 0 0 0
317 4 0 0 0 0
323 29 0 0 0 0
569 35 0 0 0 0
571 13 0 0 0 0
fn=void std::__1::__tree_remove[abi:ne210105]<std::__1::__tree_node_base<void*>*>(std::__1::__tree_node_base<void*>*, std::__1::__tree_node_base<void*>*)
0 84 0 0 0 0
105 186 0 0 0 0
163 27 9 2 0 0
235 3 0 0 0 0
236 6 0 0 0 0
237 6 3 2 0 0
239 6 0 0 0 0
240 3 3 2 0 0
241 2 0 0 0 0
243 1 0 0 0 0
244 3 0 0 0 0
254 2 0 0 0 0
255 4 0 0 0 0
256 4 2 2 0 0
258 4 0 0 0 0
259 2 2 2 0 0
260 2 0 0 0 0
263 2 0 0 0 0
339 152 38 15 0 0
341 27 0 0 0 0
345 54 27 11 0 0
346 18 0 0 0 0
347 29 29 12 0 0
348 16 0 0 0 0
349 32 16 4 0 0
350 12 0 0 0 0
354 13 0 0 0 0
358 29 0 0 0 0
361 68 29 8 0 0
363 14 0 0 0 0
364 7 7 6 0 0
365 7 0 0 0 0
368 14 0 0 0 0
370 14 0 0 0 0
371 14 7 2 0 0
373 14 0 0 0 0
374 14 0 0 0 0
379 83 56 19 0 0
392 34 17 9 0 0
393 6 0 0 0 0
401 13 13 4 0 0
403 14 7 6 0 0
415 33 13 7 0 0
416 21 7 3 0 0
417 4 0 0 0 0
420 14 6 3 0 0
429 9 3 3 0 0
439 6 0 0 0 0
440 3 0 0 0 0
441 3 0 0 0 0
446 12 6 4 0 0
458 22 8 7 0 0
459 12 4 4 0 0
460 4 0 0 0 0
463 14 7 4 0 0
472 2 0 0 0 0
482 4 0 0 0 0
483 2 0 0 0 0
484 2 0 0 0 0
492 29 0 0 0 0
569 13 0 0 0 0
571 12 0 0 0 0
fl=/usr/include/c++/v1/__utility/pair.h
fn=lob::v17::BookT<lob::ChecksumSink, 16u>::off_grid_level(lob::Side, long)
445 29 0 0 0 0
446 29 0 0 0 0
fl=/usr/include/c++/v1/__utility/swap.h
fn=void lob::replay<lob::v17::BookT<lob::ChecksumSink, 16u> >(lob::v17::BookT<lob::ChecksumSink, 16u>&, std::__1::span<lob::Op const, 18446744073709551615ul>)
44 48 0 0 0 0
fl=/usr/include/c++/v1/__vector/vector.h
fn=auto lob::for_each_type<std::__1::tuple<lob::v0::Book<lob::ChecksumSink>, lob::v1::Book<lob::ChecksumSink>, lob::v2::Book<lob::ChecksumSink>, lob::v3::BookT<lob::ChecksumSink, 16u>, lob::v4::BookT<lob::ChecksumSink, 16u>, lob::v5::BookT<lob::ChecksumSink, 16u>, lob::v7::BookT<lob::ChecksumSink, 16u>, lob::v8::BookT<lob::ChecksumSink, 16u>, lob::v9::BookT<lob::ChecksumSink, 16u>, lob::v10::BookT<lob::ChecksumSink, 16u>, lob::v11::BookT<lob::ChecksumSink, 16u>, lob::v12::BookT<lob::ChecksumSink, 16u>, lob::v13::BookT<lob::ChecksumSink, 16u>, lob::v14::BookT<lob::ChecksumSink, 16u>, lob::v15::BookT<lob::ChecksumSink, 16u>, lob::v16::BookT<lob::ChecksumSink, 16u>, lob::v17::BookT<lob::ChecksumSink, 16u> >, (anonymous namespace)::with_version<(anonymous namespace)::cmd_replay((anonymous namespace)::Args const&)::$_0>(std::__1::basic_string_view<char, std::__1::char_traits<char> >, (anonymous namespace)::cmd_replay((anonymous namespace)::Args const&)::$_0&&)::{lambda<typename $T0>()#1}>((anonymous namespace)::with_version<(anonymous namespace)::cmd_replay((anonymous namespace)::Args const&)::$_0>(std::__1::basic_string_view<char, std::__1::char_traits<char> >, (anonymous namespace)::cmd_replay((anonymous namespace)::Args const&)::$_0&&)::{lambda<typename $T0>()#1}&&)::{lambda<unsigned long... $N0>(std::__1::integer_sequence<unsigned long, ($N0)...>)#1}::operator()<0ul, 1ul, 2ul, 3ul, 4ul, 5ul, 6ul, 7ul, 8ul, 9ul, 10ul, 11ul, 12ul, 13ul, 14ul, 15ul, 16ul>(std::__1::integer_sequence<unsigned long, 0ul, 1ul, 2ul, 3ul, 4ul, 5ul, 6ul, 7ul, 8ul, 9ul, 10ul, 11ul, 12ul, 13ul, 14ul, 15ul, 16ul>) const
388 5 0 0 0 0
449 1 0 0 0 0
fn=auto lob::v17::BookT<lob::ChecksumSink, 16u>::unlink_off_grid(lob::v17::BookT<lob::ChecksumSink, 16u>::Loc const&)::{lambda(auto:1&)#1}::operator()<std::__1::map<long, lob::v17::BookT<lob::ChecksumSink, 16u>::Level, std::__1::greater<void>, std::__1::allocator<std::__1::pair<long const, lob::v17::BookT<lob::ChecksumSink, 16u>::Level> > > >(std::__1::map<long, lob::v17::BookT<lob::ChecksumSink, 16u>::Level, std::__1::greater<void>, std::__1::allocator<std::__1::pair<long const, lob::v17::BookT<lob::ChecksumSink, 16u>::Level> > >&) const
407 52 0 0 0 0
fn=auto lob::v17::BookT<lob::ChecksumSink, 16u>::unlink_off_grid(lob::v17::BookT<lob::ChecksumSink, 16u>::Loc const&)::{lambda(auto:1&)#1}::operator()<std::__1::map<long, lob::v17::BookT<lob::ChecksumSink, 16u>::Level, std::__1::less<void>, std::__1::allocator<std::__1::pair<long const, lob::v17::BookT<lob::ChecksumSink, 16u>::Level> > > >(std::__1::map<long, lob::v17::BookT<lob::ChecksumSink, 16u>::Level, std::__1::less<void>, std::__1::allocator<std::__1::pair<long const, lob::v17::BookT<lob::ChecksumSink, 16u>::Level> > >&) const
407 116 0 0 0 0
fn=lob::v17::BookT<lob::ChecksumSink, 16u>::modify(unsigned long, long, unsigned int)
411 53169 0 0 0 0
fn=void lob::replay<lob::v17::BookT<lob::ChecksumSink, 16u> >(lob::v17::BookT<lob::ChecksumSink, 16u>&, std::__1::span<lob::Op const, 18446744073709551615ul>)
0 54284 0 0 0 0
388 81330 0 0 0 0
391 16 0 0 0 0
407 6338502 0 0 0 0
475 27094 0 0 0 0
844 32 0 0 0 0
902 48 16 0 0 0
905 128 0 0 0 0
1128 16 0 0 0 0
1131 32 0 0 0 0
1146 108440 27110 34 0 0
1149 27094 0 0 0 0
1152 27110 0 0 0 0
fl=/usr/include/c++/v1/map
fn=auto lob::v17::BookT<lob::ChecksumSink, 16u>::unlink_off_grid(lob::v17::BookT<lob::ChecksumSink, 16u>::Loc const&)::{lambda(auto:1&)#1}::operator()<std::__1::map<long, lob::v17::BookT<lob::ChecksumSink, 16u>::Level, std::__1::greater<void>, std::__1::allocator<std::__1::pair<long const, lob::v17::BookT<lob::ChecksumSink, 16u>::Level> > > >(std::__1::map<long, lob::v17::BookT<lob::ChecksumSink, 16u>::Level, std::__1::greater<void>, std::__1::allocator<std::__1::pair<long const, lob::v17::BookT<lob::ChecksumSink, 16u>::Level> > >&) const
1031 21 0 0 0 0
fn=auto lob::v17::BookT<lob::ChecksumSink, 16u>::unlink_off_grid(lob::v17::BookT<lob::ChecksumSink, 16u>::Loc const&)::{lambda(auto:1&)#1}::operator()<std::__1::map<long, lob::v17::BookT<lob::ChecksumSink, 16u>::Level, std::__1::less<void>, std::__1::allocator<std::__1::pair<long const, lob::v17::BookT<lob::ChecksumSink, 16u>::Level> > > >(std::__1::map<long, lob::v17::BookT<lob::ChecksumSink, 16u>::Level, std::__1::less<void>, std::__1::allocator<std::__1::pair<long const, lob::v17::BookT<lob::ChecksumSink, 16u>::Level> > >&) const
1031 66 0 0 0 0
fn=lob::v17::BookT<lob::ChecksumSink, 16u>::off_grid_level(lob::Side, long)
1031 126 0 0 0 0
fl=???
fn=???
0 464 0 0 295 129
fn=operator delete(void*)
0 245 0 0 0 0
fn=operator delete(void*, std::align_val_t)
0 25 0 0 0 0
fn=operator delete(void*, unsigned long)
0 220 0 0 0 0
fn=operator delete[](void*)
0 25 0 0 0 0
fn=operator new(unsigned long)
0 850 50 13 0 0
fn=operator new(unsigned long, std::align_val_t)
0 135 5 5 0 0
fn=operator new[](unsigned long)
0 25 0 0 0 0
summary: 254536041 21330599 913568 298 132
