==63932== Cachegrind, a high-precision tracing profiler
==63932== Copyright (C) 2002-2017, and GNU GPL'd, by Nicholas Nethercote et al.
==63932== Using Valgrind-3.22.0 and LibVEX; rerun with -h for copyright info
==63932== Command: /home/wang/sources/cxx/book/build/profile/book replay --workload data/syn_default_s42.ops --version v9
==63932== 
==63932== 
==63932== I refs:        214,331,463
==63932== I1  misses:            233
==63932== LLi misses:            233
==63932== I1  miss rate:        0.00%
==63932== LLi miss rate:        0.00%
==63932== 
==63932== D refs:         85,970,088  (60,011,154 rd   + 25,958,934 wr)
==63932== D1  misses:      2,277,605  ( 1,247,374 rd   +  1,030,231 wr)
==63932== LLd misses:        380,178  (   375,160 rd   +      5,018 wr)
==63932== D1  miss rate:         2.6% (       2.1%     +        4.0%  )
==63932== LLd miss rate:         0.4% (       0.6%     +        0.0%  )
==63932== 
==63932== LL refs:         2,277,838  ( 1,247,607 rd   +  1,030,231 wr)
==63932== LL misses:         380,411  (   375,393 rd   +      5,018 wr)
==63932== LL miss rate:          0.1% (       0.1%     +        0.0%  )
