==51145== Cachegrind, a high-precision tracing profiler
==51145== Copyright (C) 2002-2017, and GNU GPL'd, by Nicholas Nethercote et al.
==51145== Using Valgrind-3.22.0 and LibVEX; rerun with -h for copyright info
==51145== Command: /home/wang/sources/cxx/book/build/profile/book replay --workload data/itch12302019_AAPL.ops --version v8
==51145== 
==51145== 
==51145== I refs:        361,308,541
==51145== I1  misses:            308
==51145== LLi misses:            264
==51145== I1  miss rate:        0.00%
==51145== LLi miss rate:        0.00%
==51145== 
==51145== D refs:        143,624,924  (98,512,769 rd   + 45,112,155 wr)
==51145== D1  misses:      3,062,208  ( 1,843,188 rd   +  1,219,020 wr)
==51145== LLd misses:        770,816  (   638,523 rd   +    132,293 wr)
==51145== D1  miss rate:         2.1% (       1.9%     +        2.7%  )
==51145== LLd miss rate:         0.5% (       0.6%     +        0.3%  )
==51145== 
==51145== LL refs:         3,062,516  ( 1,843,496 rd   +  1,219,020 wr)
==51145== LL misses:         771,080  (   638,787 rd   +    132,293 wr)
==51145== LL miss rate:          0.2% (       0.1%     +        0.3%  )
