==51414== Cachegrind, a high-precision tracing profiler
==51414== Copyright (C) 2002-2017, and GNU GPL'd, by Nicholas Nethercote et al.
==51414== Using Valgrind-3.22.0 and LibVEX; rerun with -h for copyright info
==51414== Command: /home/wang/sources/cxx/book/build/profile/book replay --workload data/itch12302019_QQQ.ops --version v4
==51414== 
==51414== 
==51414== I refs:        497,114,035
==51414== I1  misses:            262
==51414== LLi misses:            262
==51414== I1  miss rate:        0.00%
==51414== LLi miss rate:        0.00%
==51414== 
==51414== D refs:        197,983,223  (135,509,276 rd   + 62,473,947 wr)
==51414== D1  misses:      3,015,264  (  1,705,298 rd   +  1,309,966 wr)
==51414== LLd misses:        975,529  (    947,141 rd   +     28,388 wr)
==51414== D1  miss rate:         1.5% (        1.3%     +        2.1%  )
==51414== LLd miss rate:         0.5% (        0.7%     +        0.0%  )
==51414== 
==51414== LL refs:         3,015,526  (  1,705,560 rd   +  1,309,966 wr)
==51414== LL misses:         975,791  (    947,403 rd   +     28,388 wr)
==51414== LL miss rate:          0.1% (        0.1%     +        0.0%  )
