==16147== Cachegrind, a high-precision tracing profiler
==16147== Copyright (C) 2002-2017, and GNU GPL'd, by Nicholas Nethercote et al.
==16147== Using Valgrind-3.22.0 and LibVEX; rerun with -h for copyright info
==16147== Command: /home/wang/sources/cxx/book/build/profile/book replay --workload data/syn_deep_s42.ops --version v0
==16147== 
==16147== 
==16147== I refs:        473,932,805
==16147== I1  misses:            316
==16147== LLi misses:            316
==16147== I1  miss rate:        0.00%
==16147== LLi miss rate:        0.00%
==16147== 
==16147== D refs:        191,948,885  (119,484,975 rd   + 72,463,910 wr)
==16147== D1  misses:      4,871,917  (  3,648,277 rd   +  1,223,640 wr)
==16147== LLd misses:        410,159  (    375,425 rd   +     34,734 wr)
==16147== D1  miss rate:         2.5% (        3.1%     +        1.7%  )
==16147== LLd miss rate:         0.2% (        0.3%     +        0.0%  )
==16147== 
==16147== LL refs:         4,872,233  (  3,648,593 rd   +  1,223,640 wr)
==16147== LL misses:         410,475  (    375,741 rd   +     34,734 wr)
==16147== LL miss rate:          0.1% (        0.1%     +        0.0%  )
