==19250== Cachegrind, a high-precision tracing profiler
==19250== Copyright (C) 2002-2017, and GNU GPL'd, by Nicholas Nethercote et al.
==19250== Using Valgrind-3.22.0 and LibVEX; rerun with -h for copyright info
==19250== Command: /home/wang/sources/cxx/book/build/profile/book replay --workload data/syn_aggressive_s42.ops --version v0
==19250== 
==19250== 
==19250== I refs:        473,034,952
==19250== I1  misses:            295
==19250== LLi misses:            295
==19250== I1  miss rate:        0.00%
==19250== LLi miss rate:        0.00%
==19250== 
==19250== D refs:        192,267,731  (119,281,128 rd   + 72,986,603 wr)
==19250== D1  misses:      3,389,663  (  2,590,389 rd   +    799,274 wr)
==19250== LLd misses:        379,143  (    375,138 rd   +      4,005 wr)
==19250== D1  miss rate:         1.8% (        2.2%     +        1.1%  )
==19250== LLd miss rate:         0.2% (        0.3%     +        0.0%  )
==19250== 
==19250== LL refs:         3,389,958  (  2,590,684 rd   +    799,274 wr)
==19250== LL misses:         379,438  (    375,433 rd   +      4,005 wr)
==19250== LL miss rate:          0.1% (        0.1%     +        0.0%  )
