==93065== Cachegrind, a high-precision tracing profiler
==93065== Copyright (C) 2002-2017, and GNU GPL'd, by Nicholas Nethercote et al.
==93065== Using Valgrind-3.22.0 and LibVEX; rerun with -h for copyright info
==93065== Command: /home/wang/sources/cxx/book/build/profile/book replay --workload data/syn_default_s42.ops --version v15
==93065== 
==93065== 
==93065== I refs:        164,939,853
==93065== I1  misses:            311
==93065== LLi misses:            307
==93065== I1  miss rate:        0.00%
==93065== LLi miss rate:        0.00%
==93065== 
==93065== D refs:         57,510,591  (40,849,024 rd   + 16,661,567 wr)
==93065== D1  misses:      2,317,855  ( 1,719,021 rd   +    598,834 wr)
==93065== LLd misses:        379,003  (   375,408 rd   +      3,595 wr)
==93065== D1  miss rate:         4.0% (       4.2%     +        3.6%  )
==93065== LLd miss rate:         0.7% (       0.9%     +        0.0%  )
==93065== 
==93065== LL refs:         2,318,166  ( 1,719,332 rd   +    598,834 wr)
==93065== LL misses:         379,310  (   375,715 rd   +      3,595 wr)
==93065== LL miss rate:          0.2% (       0.2%     +        0.0%  )
