==34551== Cachegrind, a high-precision tracing profiler
==34551== Copyright (C) 2002-2017, and GNU GPL'd, by Nicholas Nethercote et al.
==34551== Using Valgrind-3.22.0 and LibVEX; rerun with -h for copyright info
==34551== Command: /home/wang/sources/cxx/book/build/profile/book replay --workload data/syn_deep_s42.ops --version v4
==34551== 
==34551== 
==34551== I refs:        207,765,433
==34551== I1  misses:            309
==34551== LLi misses:            304
==34551== I1  miss rate:        0.00%
==34551== LLi miss rate:        0.00%
==34551== 
==34551== D refs:         83,917,890  (56,457,025 rd   + 27,460,865 wr)
==34551== D1  misses:      4,010,354  ( 2,399,207 rd   +  1,611,147 wr)
==34551== LLd misses:        415,148  (   375,250 rd   +     39,898 wr)
==34551== D1  miss rate:         4.8% (       4.2%     +        5.9%  )
==34551== LLd miss rate:         0.5% (       0.7%     +        0.1%  )
==34551== 
==34551== LL refs:         4,010,663  ( 2,399,516 rd   +  1,611,147 wr)
==34551== LL misses:         415,452  (   375,554 rd   +     39,898 wr)
==34551== LL miss rate:          0.1% (       0.1%     +        0.1%  )
