==78501== Cachegrind, a high-precision tracing profiler
==78501== Copyright (C) 2002-2017, and GNU GPL'd, by Nicholas Nethercote et al.
==78501== Using Valgrind-3.22.0 and LibVEX; rerun with -h for copyright info
==78501== Command: /home/wang/sources/cxx/book/build/profile/book replay --workload data/syn_deep_s42.ops --version v11
==78501== 
==78501== 
==78501== I refs:        200,233,955
==78501== I1  misses:            311
==78501== LLi misses:            306
==78501== I1  miss rate:        0.00%
==78501== LLi miss rate:        0.00%
==78501== 
==78501== D refs:         84,521,711  (55,955,867 rd   + 28,565,844 wr)
==78501== D1  misses:      4,043,233  ( 2,402,860 rd   +  1,640,373 wr)
==78501== LLd misses:        415,154  (   375,243 rd   +     39,911 wr)
==78501== D1  miss rate:         4.8% (       4.3%     +        5.7%  )
==78501== LLd miss rate:         0.5% (       0.7%     +        0.1%  )
==78501== 
==78501== LL refs:         4,043,544  ( 2,403,171 rd   +  1,640,373 wr)
==78501== LL misses:         415,460  (   375,549 rd   +     39,911 wr)
==78501== LL miss rate:          0.1% (       0.1%     +        0.1%  )
