==78557== Cachegrind, a high-precision tracing profiler
==78557== Copyright (C) 2002-2017, and GNU GPL'd, by Nicholas Nethercote et al.
==78557== Using Valgrind-3.22.0 and LibVEX; rerun with -h for copyright info
==78557== Command: /home/wang/sources/cxx/book/build/profile/book replay --workload data/itch12302019_AAPL.ops --version v11
==78557== 
==78557== 
==78557== I refs:        319,458,248
==78557== I1  misses:            256
==78557== LLi misses:            254
==78557== I1  miss rate:        0.00%
==78557== LLi miss rate:        0.00%
==78557== 
==78557== D refs:        132,317,414  (88,814,245 rd   + 43,503,169 wr)
==78557== D1  misses:      3,054,072  ( 1,841,508 rd   +  1,212,564 wr)
==78557== LLd misses:        770,914  (   638,621 rd   +    132,293 wr)
==78557== D1  miss rate:         2.3% (       2.1%     +        2.8%  )
==78557== LLd miss rate:         0.6% (       0.7%     +        0.3%  )
==78557== 
==78557== LL refs:         3,054,328  ( 1,841,764 rd   +  1,212,564 wr)
==78557== LL misses:         771,168  (   638,875 rd   +    132,293 wr)
==78557== LL miss rate:          0.2% (       0.2%     +        0.3%  )
