==73683== Cachegrind, a high-precision tracing profiler
==73683== Copyright (C) 2002-2017, and GNU GPL'd, by Nicholas Nethercote et al.
==73683== Using Valgrind-3.22.0 and LibVEX; rerun with -h for copyright info
==73683== Command: /home/wang/sources/cxx/book/build/profile/book replay --workload data/itch12302019_QQQ.ops --version v11
==73683== 
==73683== 
==73683== I refs:        469,546,650
==73683== I1  misses:            250
==73683== LLi misses:            250
==73683== I1  miss rate:        0.00%
==73683== LLi miss rate:        0.00%
==73683== 
==73683== D refs:        195,132,854  (130,625,881 rd   + 64,506,973 wr)
==73683== D1  misses:      3,029,118  (  1,713,151 rd   +  1,315,967 wr)
==73683== LLd misses:        975,535  (    947,175 rd   +     28,360 wr)
==73683== D1  miss rate:         1.6% (        1.3%     +        2.0%  )
==73683== LLd miss rate:         0.5% (        0.7%     +        0.0%  )
==73683== 
==73683== LL refs:         3,029,368  (  1,713,401 rd   +  1,315,967 wr)
==73683== LL misses:         975,785  (    947,425 rd   +     28,360 wr)
==73683== LL miss rate:          0.1% (        0.2%     +        0.0%  )
