==83887== Cachegrind, a high-precision tracing profiler
==83887== Copyright (C) 2002-2017, and GNU GPL'd, by Nicholas Nethercote et al.
==83887== Using Valgrind-3.22.0 and LibVEX; rerun with -h for copyright info
==83887== Command: /home/wang/sources/cxx/book/build/profile/book replay --workload data/itch12302019_SPY.ops --version v14
==83887== 
==83887== 
==83887== I refs:        370,152,449
==83887== I1  misses:            237
==83887== LLi misses:            237
==83887== I1  miss rate:        0.00%
==83887== LLi miss rate:        0.00%
==83887== 
==83887== D refs:        145,265,937  (103,709,622 rd   + 41,556,315 wr)
==83887== D1  misses:      1,591,347  (  1,061,102 rd   +    530,245 wr)
==83887== LLd misses:        855,851  (    846,461 rd   +      9,390 wr)
==83887== D1  miss rate:         1.1% (        1.0%     +        1.3%  )
==83887== LLd miss rate:         0.6% (        0.8%     +        0.0%  )
==83887== 
==83887== LL refs:         1,591,584  (  1,061,339 rd   +    530,245 wr)
==83887== LL misses:         856,088  (    846,698 rd   +      9,390 wr)
==83887== LL miss rate:          0.2% (        0.2%     +        0.0%  )
