==67387== Cachegrind, a high-precision tracing profiler
==67387== Copyright (C) 2002-2017, and GNU GPL'd, by Nicholas Nethercote et al.
==67387== Using Valgrind-3.22.0 and LibVEX; rerun with -h for copyright info
==67387== Command: /home/wang/sources/cxx/book/build/profile/book replay --workload data/itch12302019_QQQ.ops --version v10
==67387== 
==67387== 
==67387== I refs:        484,362,222
==67387== I1  misses:            254
==67387== LLi misses:            254
==67387== I1  miss rate:        0.00%
==67387== LLi miss rate:        0.00%
==67387== 
==67387== D refs:        190,125,318  (126,880,485 rd   + 63,244,833 wr)
==67387== D1  misses:      3,031,087  (  1,712,374 rd   +  1,318,713 wr)
==67387== LLd misses:        975,539  (    947,133 rd   +     28,406 wr)
==67387== D1  miss rate:         1.6% (        1.3%     +        2.1%  )
==67387== LLd miss rate:         0.5% (        0.7%     +        0.0%  )
==67387== 
==67387== LL refs:         3,031,341  (  1,712,628 rd   +  1,318,713 wr)
==67387== LL misses:         975,793  (    947,387 rd   +     28,406 wr)
==67387== LL miss rate:          0.1% (        0.2%     +        0.0%  )
