==45715== Cachegrind, a high-precision tracing profiler
==45715== Copyright (C) 2002-2017, and GNU GPL'd, by Nicholas Nethercote et al.
==45715== Using Valgrind-3.22.0 and LibVEX; rerun with -h for copyright info
==45715== Command: /home/wang/sources/cxx/book/build/profile/book replay --workload data/itch12302019_AAPL.ops --version v4
==45715== 
==45715== 
==45715== I refs:        340,148,384
==45715== I1  misses:            274
==45715== LLi misses:            267
==45715== I1  miss rate:        0.00%
==45715== LLi miss rate:        0.00%
==45715== 
==45715== D refs:        135,090,030  (92,716,777 rd   + 42,373,253 wr)
==45715== D1  misses:      3,057,850  ( 1,839,637 rd   +  1,218,213 wr)
==45715== LLd misses:        770,801  (   638,523 rd   +    132,278 wr)
==45715== D1  miss rate:         2.3% (       2.0%     +        2.9%  )
==45715== LLd miss rate:         0.6% (       0.7%     +        0.3%  )
==45715== 
==45715== LL refs:         3,058,124  ( 1,839,911 rd   +  1,218,213 wr)
==45715== LL misses:         771,068  (   638,790 rd   +    132,278 wr)
==45715== LL miss rate:          0.2% (       0.1%     +        0.3%  )
