desc: I1 cache:         32768 B, 64 B, 8-way associative
desc: D1 cache:         49152 B, 64 B, 12-way associative
desc: LL cache:         6291456 B, 64 B, 12-way associative
cmd: /home/wang/sources/cxx/book/build/profile/book replay --workload data/itch12302019_AAPL.ops --version v5
events: Ir I1mr ILmr Dr D1mr DLmr Dw D1mw DLmw 
fl=./malloc/./malloc/arena.c
fn=free
153 216 0 0 0 0 0 0 0 0
fn=malloc
153 132 0 0 0 0 0 0 0 0
fl=./malloc/./malloc/malloc.c
fn=_int_free
1792 46 0 0 46 17 0 0 0 0
1992 45 1 1 15 0 0 0 0 0
3163 52 1 1 26 0 0 26 0 0
3165 104 0 0 26 12 5 26 0 0
3166 26 0 0 0 0 0 26 0 0
3167 52 0 0 0 0 0 26 0 0
4495 504 1 1 0 0 0 288 10 0
4499 216 1 1 72 0 0 0 0 0
4505 288 0 0 0 0 0 0 0 0
4506 144 0 0 0 0 0 0 0 0
4510 360 0 0 0 0 0 0 0 0
4517 144 0 0 0 0 0 0 0 0
4518 432 1 1 216 24 0 0 0 0
4521 41 0 0 0 0 0 0 0 0
4527 123 0 0 82 12 3 0 0 0
4547 205 1 1 82 10 0 0 0 0
4550 26 0 0 0 0 0 0 0 0
4561 92 0 0 0 0 0 0 0 0
4572 60 0 0 15 1 0 0 0 0
4574 45 0 0 15 3 0 0 0 0
4593 15 0 0 0 0 0 0 0 0
4595 15 0 0 0 0 0 15 3 0
4596 15 0 0 0 0 0 0 0 0
4600 45 0 0 15 0 0 0 0 0
4602 30 0 0 15 3 0 0 0 0
4606 30 0 0 0 0 0 0 0 0
4608 45 0 0 0 0 0 15 0 0
4609 15 0 0 0 0 0 15 0 0
4628 60 0 0 0 0 0 0 0 0
4637 62 0 0 31 0 0 0 0 0
4640 62 0 0 31 14 0 0 0 0
4643 62 1 1 0 0 0 0 0 0
4646 62 0 0 0 0 0 0 0 0
4658 401 1 1 329 0 0 0 0 0
fn=_int_free_maybe_consolidate
4770 341 3 2 31 14 0 217 0 0
4776 62 0 0 0 0 0 0 0 0
4778 44 0 0 11 0 0 0 0 0
4781 33 0 0 0 0 0 0 0 0
4784 55 2 2 33 11 3 0 0 0
4785 10 0 0 6 0 0 0 0 0
4798 333 1 1 273 0 0 0 0 0
fn=_int_free_merge_chunk
1992 93 0 0 31 0 0 0 0 0
4665 248 1 1 0 0 0 186 3 0
4666 31 0 0 0 0 0 0 0 0
4670 186 0 0 31 14 0 0 0 0
4673 124 1 1 31 14 0 0 0 0
4675 93 1 1 31 5 0 0 0 0
4678 93 0 0 31 1 0 0 0 0
4681 62 0 0 0 0 0 0 0 0
4682 62 0 0 0 0 0 0 0 0
4683 62 0 0 31 14 0 0 0 0
4689 62 1 1 31 0 0 0 0 0
4691 12 0 0 12 0 0 0 0 0
4692 12 0 0 0 0 0 0 0 0
4693 12 0 0 0 0 0 0 0 0
4694 48 0 0 12 6 0 0 0 0
4696 24 0 0 0 0 0 12 0 0
4701 93 0 0 0 0 0 0 0 0
4702 217 0 0 186 0 0 0 0 0
4714 62 0 0 31 0 0 0 0 0
4720 50 0 0 25 0 0 0 0 0
4721 10 1 1 0 0 0 5 0 0
4722 10 0 0 0 0 0 0 0 0
4724 20 0 0 20 0 0 0 0 0
4732 25 0 0 0 0 0 0 0 0
4733 100 1 1 25 0 0 0 0 0
4734 50 0 0 25 1 0 0 0 0
4736 25 0 0 0 0 0 25 0 0
4738 50 0 0 0 0 0 0 0 0
4740 75 1 1 0 0 0 25 0 0
4743 25 0 0 0 0 0 25 0 0
4744 25 0 0 0 0 0 25 0 0
4746 75 0 0 0 0 0 25 0 0
4747 25 0 0 0 0 0 25 0 0
4756 6 0 0 0 0 0 0 0 0
4757 18 0 0 0 0 0 6 0 0
4758 12 0 0 0 0 0 6 0 0
fn=_int_malloc
1326 132 0 0 0 0 0 0 0 0
1345 396 0 0 0 0 0 0 0 0
1794 66 1 1 66 0 0 0 0 0
1985 63 0 0 21 0 0 0 0 0
2008 12 0 0 3 0 0 0 0 0
2552 54 0 0 18 18 6 18 0 0
2553 3 1 1 0 0 0 3 0 0
2564 18 1 1 9 9 2 0 0 0
2565 18 0 0 12 0 0 0 0 0
2568 24 0 0 6 0 0 0 0 0
2576 36 0 0 6 0 0 12 6 0
2577 12 0 0 0 0 0 0 0 0
2589 12 0 0 3 0 0 3 0 0
2590 6 0 0 0 0 0 3 0 0
2599 36 1 1 9 0 0 0 0 0
2605 9 0 0 6 0 0 0 0 0
2608 9 1 1 0 0 0 0 0 0
2669 9 1 1 3 0 0 3 0 0
2677 6 0 0 3 0 0 0 0 0
2678 9 0 0 3 0 0 3 0 0
2691 9 1 1 3 0 0 0 0 0
2693 3 0 0 3 0 0 0 0 0
2699 15 0 0 3 0 0 3 0 0
2707 6 0 0 0 0 0 0 0 0
2709 12 2 2 0 0 0 6 2 2
2710 9 0 0 3 0 0 0 0 0
2711 3 0 0 0 0 0 0 0 0
2712 3 0 0 0 0 0 0 0 0
2715 6 0 0 0 0 0 0 0 0
2744 21 1 1 9 0 0 0 0 0
2746 6 1 1 0 0 0 3 0 0
2752 24 0 0 3 0 0 0 0 0
2753 18 0 0 3 0 0 3 0 0
2921 9 1 1 6 0 0 0 0 0
2922 3 0 0 0 0 0 3 0 0
2926 3 0 0 3 0 0 0 0 0
2930 15 1 1 6 0 0 0 0 0
2932 3 0 0 0 0 0 0 0 0
2933 3 0 0 0 0 0 0 0 0
2934 3 0 0 0 0 0 3 0 0
2935 21 0 0 0 0 0 3 0 0
2936 6 0 0 0 0 0 3 3 3
2938 3 0 0 0 0 0 0 0 0
3846 726 2 2 66 25 2 462 27 6
3887 132 0 0 0 0 0 0 0 0
3914 132 0 0 0 0 0 0 0 0
3916 88 0 0 0 0 0 0 0 0
3919 22 0 0 22 7 1 0 0 0
3921 44 0 0 0 0 0 0 0 0
3930 66 2 2 0 0 0 0 0 0
3977 88 1 1 0 0 0 0 0 0
3979 80 0 0 0 0 0 0 0 0
3980 56 1 1 0 0 0 0 0 0
3982 84 0 0 28 13 7 0 0 0
4039 601 1 1 0 0 0 0 0 0
4040 114 0 0 38 18 1 0 0 0
4058 198 1 1 66 0 0 0 0 0
4059 198 0 0 0 0 0 66 0 0
4060 198 1 1 132 0 0 0 0 0
4069 92 0 0 0 0 0 46 0 0
4070 432 1 1 98 26 3 66 0 0
4072 53 0 0 53 4 0 0 0 0
4073 106 0 0 53 12 1 0 0 0
4074 53 0 0 0 0 0 0 0 0
4076 106 0 0 0 0 0 0 0 0
4077 159 1 1 53 19 1 0 0 0
4079 53 0 0 53 16 0 0 0 0
4080 212 0 0 0 0 0 0 0 0
4082 212 0 0 53 0 0 0 0 0
4084 106 1 1 53 1 0 0 0 0
4085 106 0 0 53 0 0 0 0 0
4087 106 0 0 0 0 0 0 0 0
4098 212 0 0 0 0 0 0 0 0
4099 36 1 1 18 0 0 0 0 0
4100 30 0 0 0 0 0 0 0 0
4101 15 0 0 0 0 0 0 0 0
4104 15 0 0 0 0 0 0 0 0
4105 15 1 1 0 0 0 0 0 0
4106 15 0 0 0 0 0 15 0 0
4107 45 0 0 0 0 0 15 0 0
4108 45 1 1 0 0 0 15 15 1
4109 30 0 0 0 0 0 0 0 0
4111 20 0 0 0 0 0 10 3 0
4115 120 0 0 0 0 0 15 0 0
4117 45 1 1 0 0 0 15 1 0
4118 15 0 0 0 0 0 15 0 0
4121 21 0 0 0 0 0 0 0 0
4122 45 0 0 0 0 0 15 2 0
4123 15 0 0 0 0 0 0 0 0
4127 38 0 0 0 0 0 38 0 0
4128 38 0 0 0 0 0 38 0 0
4132 76 0 0 0 0 0 0 0 0
4134 12 0 0 0 0 0 6 0 0
4135 18 0 0 0 0 0 0 0 0
4140 12 0 0 0 0 0 0 0 0
4161 74 2 2 0 0 0 0 0 0
4163 16 0 0 0 0 0 8 0 0
4164 32 0 0 0 0 0 0 0 0
4165 8 0 0 8 5 4 0 0 0
4169 357 5 5 0 0 0 24 0 0
4170 72 1 1 0 0 0 0 0 0
4171 24 0 0 24 16 5 0 0 0
4174 48 0 0 0 0 0 0 0 0
4218 96 0 0 0 0 0 24 3 0
4221 224 2 2 64 15 1 0 0 0
4222 32 0 0 0 0 0 32 0 0
4223 32 0 0 0 0 0 32 0 0
4224 32 0 0 0 0 0 32 0 0
4225 32 0 0 0 0 0 32 0 0
4230 64 0 0 64 0 0 0 0 0
4231 64 0 0 0 0 0 0 0 0
4240 128 1 1 64 0 0 0 0 0
4246 50 0 0 0 0 0 0 0 0
4257 135 1 1 0 0 0 0 0 0
4259 128 0 0 0 0 0 0 0 0
4262 96 0 0 32 25 12 0 0 0
4263 46 1 1 1 1 0 0 0 0
4266 1 0 0 1 0 0 0 0 0
4267 6 0 0 1 0 0 0 0 0
4273 2 1 1 1 0 0 0 0 0
4278 3 0 0 0 0 0 1 0 0
4279 3 0 0 0 0 0 2 1 1
4282 4 0 0 2 0 0 0 0 0
4284 1 1 1 1 0 0 0 0 0
4285 3 1 1 0 0 0 0 0 0
4330 44 0 0 0 0 0 0 0 0
4331 88 0 0 0 0 0 0 0 0
4332 88 0 0 0 0 0 0 0 0
4333 88 0 0 44 8 3 0 0 0
4334 264 0 0 0 0 0 0 0 0
4339 179 1 1 0 0 0 0 0 0
4343 179 1 1 0 0 0 0 0 0
4346 120 1 1 30 0 0 0 0 0
4348 24 0 0 0 0 0 0 0 0
4349 12 0 0 0 0 0 0 0 0
4353 402 0 0 0 0 0 0 0 0
4355 183 0 0 0 0 0 0 0 0
4357 366 0 0 0 0 0 0 0 0
4361 18 0 0 18 10 0 0 0 0
4364 36 0 0 0 0 0 0 0 0
4366 15 0 0 0 0 0 3 0 0
4367 3 0 0 0 0 0 0 0 0
4368 3 0 0 0 0 0 0 0 0
4373 60 1 1 15 6 0 0 0 0
4376 30 0 0 0 0 0 0 0 0
4378 45 1 1 0 0 0 15 0 0
4381 45 0 0 0 0 0 30 10 0
4384 60 0 0 30 0 0 0 0 0
4394 15 0 0 0 0 0 0 0 0
4399 60 0 0 15 0 0 0 0 0
4400 30 1 1 15 0 0 0 0 0
4403 15 0 0 0 0 0 15 10 2
4404 15 0 0 0 0 0 15 0 0
4405 15 0 0 0 0 0 15 0 0
4408 30 0 0 0 0 0 0 0 0
4409 6 0 0 0 0 0 6 0 0
4410 30 0 0 0 0 0 0 0 0
4412 14 0 0 0 0 0 7 2 0
4415 120 1 1 0 0 0 15 0 0
4417 45 0 0 0 0 0 15 2 0
4418 15 0 0 0 0 0 15 0 0
4421 15 0 0 0 0 0 0 0 0
4443 29 1 1 29 0 0 0 0 0
4444 58 0 0 29 9 1 0 0 0
4446 58 0 0 29 7 3 0 0 0
4449 87 0 0 0 0 0 0 0 0
4451 20 0 0 0 0 0 0 0 0
4452 40 1 1 0 0 0 0 0 0
4453 20 0 0 0 0 0 20 0 0
4454 160 1 1 0 0 0 20 0 0
4456 40 0 0 0 0 0 20 20 18
4459 42 0 0 0 0 0 0 0 0
4460 90 0 0 0 0 0 30 5 3
4461 30 0 0 0 0 0 0 0 0
4466 36 0 0 9 0 0 9 0 0
4482 15 0 0 0 0 0 0 0 0
4487 792 3 2 594 0 0 0 0 0
fn=alloc_perturb
1985 135 1 1 45 0 0 0 0 0
1987 45 0 0 45 0 0 0 0 0
fn=free
3359 532 2 2 0 0 0 304 0 0
3363 152 0 0 0 0 0 0 0 0
3371 152 0 0 152 66 4 0 0 0
3373 76 0 0 0 0 0 0 0 0
3375 228 0 0 76 17 0 0 0 0
3379 12 1 1 4 4 0 0 0 0
3381 16 0 0 4 4 0 0 0 0
3383 4 0 0 0 0 0 2 0 0
3384 4 0 0 0 0 0 2 0 0
3385 2 0 0 0 0 0 0 0 0
3388 8 0 0 0 0 0 4 2 0
3392 216 0 0 144 50 0 0 0 0
3398 216 1 1 0 0 0 72 6 0
3401 76 0 0 0 0 0 76 0 0
3402 456 1 1 380 0 0 0 0 0
fn=malloc
1326 156 0 0 0 0 0 0 0 0
1345 390 1 1 0 0 0 0 0 0
3178 24 0 0 12 8 2 0 0 0
3182 24 0 0 0 0 0 0 0 0
3186 48 1 1 12 8 2 12 0 0
3190 24 0 0 0 0 0 12 0 0
3191 12 0 0 0 0 0 12 0 0
3294 624 1 1 0 0 0 312 5 1
3301 156 0 0 78 31 1 0 0 0
3311 156 0 0 0 0 0 0 0 0
3313 312 0 0 156 63 2 0 0 0
3316 156 0 0 78 31 1 0 0 0
3318 123 1 1 41 18 4 0 0 0
3326 132 1 1 66 31 2 0 0 0
3328 264 0 0 0 0 0 66 16 7
3329 330 1 1 66 0 0 0 0 0
3354 468 1 1 390 0 0 0 0 0
fn=munmap_chunk
3024 8 1 1 0 0 0 4 0 0
3025 8 0 0 8 8 0 0 0 0
3026 12 0 0 4 0 0 0 0 0
3028 8 0 0 0 0 0 0 0 0
3030 4 0 0 0 0 0 0 0 0
3031 12 0 0 4 0 0 0 0 0
3032 4 0 0 0 0 0 0 0 0
3038 16 0 0 0 0 0 0 0 0
3039 20 1 1 0 0 0 0 0 0
3042 4 0 0 8 0 0 0 0 0
3043 12 0 0 8 0 0 0 0 0
3048 8 0 0 0 0 0 0 0 0
3049 4 0 0 4 0 0 0 0 0
fn=sysmalloc_mmap.isra.0
2008 24 0 0 6 0 0 0 0 0
2400 36 1 1 0 0 0 24 0 0
2413 18 0 0 0 0 0 0 0 0
2418 12 0 0 0 0 0 0 0 0
2421 60 1 1 0 0 0 6 3 2
2424 12 1 1 0 0 0 0 0 0
2428 12 0 0 0 0 0 0 0 0
2432 24 0 0 0 0 0 6 0 0
2448 18 0 0 0 0 0 0 0 0
2466 6 0 0 0 0 0 6 6 6
2467 18 1 1 0 0 0 6 0 0
2471 18 0 0 12 0 0 0 0 0
2472 24 0 0 9 0 0 0 0 0
2475 18 1 1 12 0 0 0 0 0
2476 28 0 0 11 0 0 0 0 0
2481 42 0 0 30 0 0 0 0 0
fn=systrim.constprop.0
2957 12 1 1 0 0 0 8 0 0
2966 6 0 0 4 0 0 0 0 0
2968 2 0 0 0 0 0 0 0 0
2969 4 0 0 0 0 0 0 0 0
2974 6 0 0 2 0 0 0 0 0
2975 2 0 0 0 0 0 0 0 0
2978 10 1 1 4 4 0 0 0 0
2980 4 0 0 0 0 0 0 0 0
2987 6 0 0 0 0 0 2 0 0
2988 8 0 0 2 0 0 0 0 0
3000 6 1 1 0 0 0 2 0 0
3001 4 0 0 0 0 0 2 0 0
3003 2 0 0 0 0 0 0 0 0
3005 4 0 0 0 0 0 0 0 0
3009 4 0 0 0 0 0 0 0 0
3012 2 0 0 2 0 0 0 0 0
3013 8 0 0 2 0 0 2 0 0
3015 4 0 0 0 0 0 0 0 0
3020 12 0 0 10 0 0 0 0 0
fn=unlink_chunk.isra.0
1608 66 1 1 0 0 0 33 0 0
1610 165 0 0 66 9 0 0 0 0
1613 66 0 0 66 5 0 0 0 0
1614 66 0 0 33 0 0 0 0 0
1616 132 3 1 66 6 0 0 0 0
1619 33 0 0 0 0 0 33 0 0
1620 33 0 0 0 0 0 33 0 0
1621 141 0 0 25 2 0 0 0 0
1623 48 0 0 24 0 0 0 0 0
1624 72 0 0 48 0 0 0 0 0
1627 48 0 0 24 4 2 0 0 0
1641 24 0 0 0 0 0 24 0 0
1642 24 1 1 0 0 0 24 0 0
1645 66 0 0 66 0 0 0 0 0
fl=./malloc/./malloc/morecore.c
fn=__glibc_morecore
25 27 1 1 0 0 0 9 0 0
26 18 0 0 9 0 0 0 0 0
29 9 0 0 0 0 0 9 0 0
30 18 0 0 0 0 0 0 0 0
34 18 0 0 18 0 0 0 0 0
fl=./misc/../sysdeps/unix/syscall-template.S
fn=munmap
117 20 2 2 0 0 0 0 0 0
122 4 0 0 4 0 0 0 0 0
fl=./misc/../sysdeps/unix/sysv/linux/brk.c
fn=brk
36 5 1 1 0 0 0 0 0 0
37 10 0 0 5 0 0 5 0 0
38 10 0 0 0 0 0 0 0 0
44 5 0 0 0 0 0 0 0 0
45 5 0 0 5 0 0 0 0 0
fl=./misc/../sysdeps/unix/sysv/linux/brk_call.h
fn=brk
24 10 0 0 0 0 0 0 0 0
fl=./misc/../sysdeps/unix/sysv/linux/mmap64.c
fn=mmap
47 42 1 1 0 0 0 18 3 0
50 12 0 0 0 0 0 0 0 0
53 42 1 1 0 0 0 0 0 0
58 36 1 1 0 0 0 0 0 0
60 24 0 0 24 0 0 0 0 0
fl=./misc/../sysdeps/unix/sysv/linux/setvmaname.c
fn=__set_vma_name
33 42 2 2 0 0 0 24 0 0
35 30 0 0 12 6 2 6 0 0
49 54 0 0 42 0 0 0 0 0
fl=./misc/./misc/sbrk.c
fn=sbrk
37 72 1 1 0 0 0 36 3 2
40 18 0 0 18 10 6 0 0 0
43 18 2 1 9 5 3 0 0 0
58 18 0 0 0 0 0 0 0 0
62 18 0 0 0 0 0 0 0 0
66 20 1 1 0 0 0 0 0 0
68 4 0 0 0 0 0 0 0 0
74 15 1 1 0 0 0 5 2 0
78 63 0 0 45 0 0 0 0 0
fl=./string/../sysdeps/x86_64/multiarch/memmove-vec-unaligned-erms.S
fn=__memcpy_avx_unaligned_erms
255 16 1 1 0 0 0 0 0 0
256 16 0 0 0 0 0 0 0 0
262 16 0 0 0 0 0 0 0 0
263 16 0 0 0 0 0 0 0 0
265 15 0 0 15 3 0 0 0 0
266 15 0 0 0 0 0 0 0 0
267 15 0 0 0 0 0 0 0 0
270 2 0 0 2 0 0 0 0 0
271 2 0 0 0 0 0 2 0 0
272 2 0 0 0 0 0 2 0 0
275 4 0 0 2 0 0 0 0 0
305 1 0 0 0 0 0 0 0 0
306 1 0 0 0 0 0 0 0 0
308 1 0 0 0 0 0 0 0 0
309 1 0 0 0 0 0 0 0 0
311 1 0 0 0 0 0 0 0 0
315 1 0 0 0 0 0 0 0 0
316 1 1 1 0 0 0 0 0 0
317 1 0 0 0 0 0 0 0 0
325 1 0 0 1 0 0 0 0 0
375 1 1 1 1 0 0 0 0 0
376 1 0 0 1 0 0 0 0 0
377 1 0 0 0 0 0 1 1 1
378 1 0 0 0 0 0 1 0 0
379 1 0 0 0 0 0 1 1 1
380 1 0 0 0 0 0 1 0 0
381 2 0 0 1 0 0 0 0 0
386 13 3 1 13 6 1 0 0 0
387 13 0 0 0 0 0 0 0 0
392 7 0 0 0 0 0 0 0 0
393 7 0 0 0 0 0 0 0 0
395 2 0 0 2 0 0 0 0 0
396 2 0 0 0 0 0 0 0 0
397 2 0 0 0 0 0 0 0 0
399 1 0 0 1 0 0 0 0 0
400 1 0 0 1 0 0 0 0 0
401 1 0 0 1 0 0 0 0 0
402 1 0 0 1 0 0 0 0 0
403 1 0 0 1 0 0 0 0 0
404 1 1 1 1 0 0 0 0 0
405 1 0 0 0 0 0 1 0 0
406 1 0 0 0 0 0 1 1 1
407 1 0 0 0 0 0 1 0 0
408 1 0 0 0 0 0 1 1 1
409 1 0 0 0 0 0 1 1 1
410 1 0 0 0 0 0 1 0 0
411 1 0 0 0 0 0 1 0 0
412 1 0 0 0 0 0 1 0 0
413 2 0 0 1 0 0 0 0 0
417 5 0 0 0 0 0 0 0 0
418 5 0 0 0 0 0 0 0 0
422 5 0 0 0 0 0 0 0 0
424 5 1 1 0 0 0 0 0 0
428 5 0 0 5 4 1 0 0 0
429 5 0 0 0 0 0 0 0 0
440 5 0 0 0 0 0 0 0 0
443 5 0 0 0 0 0 0 0 0
445 5 0 0 0 0 0 0 0 0
447 5 0 0 0 0 0 0 0 0
451 5 0 0 0 0 0 0 0 0
452 5 0 0 0 0 0 0 0 0
461 4 0 0 4 0 0 0 0 0
462 4 0 0 4 0 0 0 0 0
464 4 0 0 0 0 0 0 0 0
466 4 0 0 0 0 0 0 0 0
467 4 1 1 4 0 0 0 0 0
468 4 0 0 4 0 0 0 0 0
471 4 0 0 0 0 0 0 0 0
473 4 0 0 0 0 0 0 0 0
475 4 0 0 0 0 0 0 0 0
477 8 0 0 0 0 0 0 0 0
483 56 0 0 56 15 0 0 0 0
484 56 0 0 56 0 0 0 0 0
485 56 0 0 56 12 0 0 0 0
486 56 0 0 56 0 0 0 0 0
487 56 0 0 0 0 0 0 0 0
488 56 0 0 0 0 0 56 25 25
489 56 0 0 0 0 0 56 31 31
490 56 1 1 0 0 0 56 25 25
491 56 0 0 0 0 0 56 31 31
492 56 0 0 0 0 0 0 0 0
493 56 0 0 0 0 0 0 0 0
494 56 0 0 0 0 0 0 0 0
496 4 0 0 0 0 0 4 1 1
497 4 0 0 0 0 0 4 3 3
498 4 0 0 0 0 0 4 0 0
499 4 0 0 0 0 0 4 0 0
501 4 0 0 0 0 0 4 0 0
505 8 0 0 4 0 0 0 0 0
518 1 0 0 1 0 0 0 0 0
519 1 0 0 1 0 0 0 0 0
521 1 1 1 0 0 0 0 0 0
522 1 0 0 1 0 0 0 0 0
523 1 0 0 1 0 0 0 0 0
525 1 0 0 0 0 0 0 0 0
527 1 0 0 0 0 0 0 0 0
529 2 0 0 0 0 0 0 0 0
535 63 0 0 63 0 0 0 0 0
536 63 0 0 63 3 0 0 0 0
537 63 0 0 63 0 0 0 0 0
538 63 0 0 63 4 0 0 0 0
539 63 0 0 0 0 0 0 0 0
540 63 0 0 0 0 0 63 63 63
541 63 1 1 0 0 0 63 0 0
542 63 0 0 0 0 0 63 63 63
543 63 0 0 0 0 0 63 0 0
544 63 0 0 0 0 0 0 0 0
545 63 0 0 0 0 0 0 0 0
546 63 0 0 0 0 0 0 0 0
548 1 0 0 0 0 0 1 0 0
549 1 0 0 0 0 0 1 1 1
550 1 0 0 0 0 0 1 0 0
551 1 0 0 0 0 0 1 0 0
553 1 0 0 0 0 0 1 0 0
554 2 0 0 1 0 0 0 0 0
563 6 1 1 6 5 0 0 0 0
570 6 0 0 0 0 0 0 0 0
571 6 0 0 0 0 0 0 0 0
577 4 0 0 0 0 0 0 0 0
580 4 0 0 0 0 0 0 0 0
582 4 0 0 0 0 0 0 0 0
585 4 0 0 0 0 0 0 0 0
586 4 0 0 0 0 0 0 0 0
588 4 0 0 0 0 0 0 0 0
590 868180 0 0 868176 13484 0 868176 13567 13564
592 4 0 0 0 0 0 4 2 0
594 4 0 0 0 0 0 4 3 0
596 8 0 0 4 3 0 0 0 0
601 6 1 1 0 0 0 0 0 0
602 6 0 0 0 0 0 0 0 0
606 6 0 0 0 0 0 0 0 0
608 6 0 0 0 0 0 0 0 0
611 6 0 0 0 0 0 0 0 0
615 6 0 0 6 6 0 0 0 0
616 6 0 0 0 0 0 0 0 0
620 6 0 0 6 0 0 0 0 0
624 6 0 0 0 0 0 0 0 0
648 2 0 0 0 0 0 0 0 0
650 2 0 0 0 0 0 0 0 0
652 2 0 0 0 0 0 0 0 0
654 2 1 1 0 0 0 0 0 0
657 2 0 0 0 0 0 0 0 0
658 2 0 0 0 0 0 0 0 0
660 163746 0 0 163744 2538 0 163744 2560 2558
663 2 0 0 0 0 0 2 2 0
665 2 0 0 0 0 0 2 2 0
667 4 0 0 2 2 0 0 0 0
fl=./string/../sysdeps/x86_64/multiarch/memset-vec-unaligned-erms.S
fn=__memset_avx2_unaligned_erms
158 33 1 1 0 0 0 0 0 0
159 66 0 0 0 0 0 0 0 0
164 33 0 0 0 0 0 0 0 0
165 33 0 0 0 0 0 0 0 0
166 33 0 0 0 0 0 0 0 0
167 33 0 0 0 0 0 0 0 0
168 33 0 0 0 0 0 0 0 0
170 6 0 0 0 0 0 6 3 3
171 6 0 0 0 0 0 6 0 0
172 12 0 0 6 0 0 0 0 0
181 9 0 0 0 0 0 9 0 0
182 9 0 0 0 0 0 9 0 0
184 18 0 0 9 0 0 0 0 0
237 27 1 1 27 16 4 0 0 0
238 27 0 0 0 0 0 0 0 0
244 14 0 0 0 0 0 14 5 3
245 14 0 0 0 0 0 14 1 1
257 14 0 0 0 0 0 0 0 0
260 14 0 0 0 0 0 0 0 0
261 14 0 0 0 0 0 0 0 0
273 5 0 0 0 0 0 5 4 2
274 5 0 0 0 0 0 5 0 0
287 5 0 0 0 0 0 0 0 0
288 5 0 0 0 0 0 0 0 0
290 5 0 0 0 0 0 0 0 0
293 4 0 0 0 0 0 0 0 0
296 4 0 0 0 0 0 0 0 0
299 29 0 0 0 0 0 29 20 14
300 29 0 0 0 0 0 29 7 0
301 29 0 0 0 0 0 29 20 14
302 29 0 0 0 0 0 29 6 0
303 29 0 0 0 0 0 0 0 0
304 29 0 0 0 0 0 0 0 0
305 33 0 0 0 0 0 0 0 0
308 5 1 1 0 0 0 5 3 2
309 5 0 0 0 0 0 5 0 0
310 5 0 0 0 0 0 5 3 2
311 5 0 0 0 0 0 5 0 0
314 10 0 0 5 0 0 0 0 0
325 13 1 1 0 0 0 0 0 0
326 13 0 0 0 0 0 0 0 0
327 13 0 0 0 0 0 0 0 0
328 389133 0 0 0 0 0 389120 6083 3771
329 13 0 0 0 0 0 0 0 0
330 26 0 0 13 1 0 0 0 0
fl=/home/wang/git-repositories/vcpkg/installed/x64-linux-clang-libcxx/include/boost/container_hash/hash.hpp
fn=_ZN5boost9unordered6detail3foa10table_coreINS2_14flat_map_typesIjjEENS2_7group15INS2_14plain_integralEEENS2_12table_arraysENS2_18plain_size_controlENS_4hashIjEENSt3__18equal_toIjEENSD_9allocatorINSD_4pairIKjjEEEEE22for_all_elements_whileIZNSL_22for_all_elements_whileIZNSL_16for_all_elementsIZNSL_16unchecked_rehashERNS9_ISJ_S8_NS2_16pow2_size_policyESK_EEEUlPSJ_E_EEDTcmclfL1p0_LDnEEcvv_EERKSQ_T_EUlSS_E_EESU_SW_SX_EUlPS8_jSS_E_EEDTcmclfp0_LDnELi0ELDnEEcvv_EESW_SX_
538 238889 0 0 238889 37670 891 0 0 0
fl=/home/wang/git-repositories/vcpkg/installed/x64-linux-clang-libcxx/include/boost/unordered/detail/foa/core.hpp
fn=_ZN5boost9unordered6detail3foa10table_coreINS2_14flat_map_typesIjjEENS2_7group15INS2_14plain_integralEEENS2_12table_arraysENS2_18plain_size_controlENS_4hashIjEENSt3__18equal_toIjEENSD_9allocatorINSD_4pairIKjjEEEEE22for_all_elements_whileIZNSL_22for_all_elements_whileIZNSL_16for_all_elementsIZNSL_16unchecked_rehashERNS9_ISJ_S8_NS2_16pow2_size_policyESK_EEEUlPSJ_E_EEDTcmclfL1p0_LDnEEcvv_EERKSQ_T_EUlSS_E_EESU_SW_SX_EUlPS8_jSS_E_EEDTcmclfp0_LDnELi0ELDnEEcvv_EESW_SX_
0 224902 1 1 174650 0 0 8452 0 0
296 529950 1 1 264975 10812 0 0 0 0
297 244353 0 0 0 0 0 0 0 0
313 20622 0 0 0 0 0 0 0 0
389 477778 0 0 238889 40 14 0 0 0
849 238889 0 0 0 0 0 0 0 0
882 10928 0 0 5464 0 0 0 0 0
927 716667 0 0 0 0 0 0 0 0
1033 33 0 0 33 1 0 0 0 0
1034 32 1 1 32 0 0 0 0 0
1955 238889 0 0 238889 0 0 0 0 0
1961 144354 0 0 0 0 0 20622 0 0
2061 231 1 1 0 0 0 231 1 0
2063 66 0 0 0 0 0 0 0 0
2064 20718 0 0 32 0 0 0 0 0
2065 41244 0 0 0 0 0 0 0 0
2067 539644 0 0 0 0 0 0 0 0
2075 264 2 2 231 0 0 0 0 0
2350 498400 0 0 20622 0 0 238889 0 0
2373 977412 1 1 0 0 0 0 0 0
2375 256535 0 0 0 0 0 0 0 0
2377 477778 0 0 0 0 0 0 0 0
fn=auto lob::for_each_type<std::__1::tuple<lob::v0::Book<lob::ChecksumSink>, lob::v1::Book<lob::ChecksumSink>, lob::v2::Book<lob::ChecksumSink>, lob::v3::BookT<lob::ChecksumSink, 16u>, lob::v4::BookT<lob::ChecksumSink, 16u>, lob::v5::BookT<lob::ChecksumSink, 16u> >, (anonymous namespace)::with_version<(anonymous namespace)::cmd_replay((anonymous namespace)::Args const&)::$_0>(std::__1::basic_string_view<char, std::__1::char_traits<char> >, (anonymous namespace)::cmd_replay((anonymous namespace)::Args const&)::$_0&&)::{lambda<typename $T0>()#1}>((anonymous namespace)::with_version<(anonymous namespace)::cmd_replay((anonymous namespace)::Args const&)::$_0>(std::__1::basic_string_view<char, std::__1::char_traits<char> >, (anonymous namespace)::cmd_replay((anonymous namespace)::Args const&)::$_0&&)::{lambda<typename $T0>()#1}&&)::{lambda<unsigned long... $N0>(std::__1::integer_sequence<unsigned long, ($N0)...>)#1}::operator()<0ul, 1ul, 2ul, 3ul, 4ul, 5ul>(std::__1::integer_sequence<unsigned long, 0ul, 1ul, 2ul, 3ul, 4ul, 5ul>) const
0 3447134 4 4 909148 0 0 795711 0 0
271 1818296 0 0 0 0 0 0 0 0
272 946563 0 0 0 0 0 0 0 0
279 1818296 1 1 909148 1 1 0 0 0
336 909148 0 0 909148 516524 1 0 0 0
849 5569984 1 1 2387136 246 30 0 0 0
881 113436 0 0 0 0 0 0 0 0
882 340308 0 0 0 0 0 0 0 0
883 113436 0 0 0 0 0 0 0 0
927 76498 0 0 0 0 0 0 0 0
1727 1818296 0 0 0 0 0 0 0 0
1729 909148 0 0 0 0 0 0 0 0
1732 74830 0 0 0 0 0 0 0 0
1733 37415 0 0 0 0 0 0 0 0
1737 38249 0 0 0 0 0 0 0 0
1743 76498 0 0 0 0 0 0 0 0
1745 909148 0 0 0 0 0 0 0 0
1750 113436 0 0 0 0 0 0 0 0
1955 795712 0 0 795712 1 1 0 0 0
fn=boost::unordered::detail::foa::table_core<boost::unordered::detail::foa::flat_map_types<unsigned int, unsigned int>, boost::unordered::detail::foa::group15<boost::unordered::detail::foa::plain_integral>, boost::unordered::detail::foa::table_arrays, boost::unordered::detail::foa::plain_size_control, boost::hash<unsigned int>, std::__1::equal_to<unsigned int>, std::__1::allocator<std::__1::pair<unsigned int const, unsigned int> > >::unchecked_rehash(boost::unordered::detail::foa::table_arrays<std::__1::pair<unsigned int const, unsigned int>, boost::unordered::detail::foa::group15<boost::unordered::detail::foa::plain_integral>, boost::unordered::detail::foa::pow2_size_policy, std::__1::allocator<std::__1::pair<unsigned int const, unsigned int> > >&)
0 132 0 0 0 0 0 33 0 0
1033 66 0 0 66 12 5 0 0 0
1096 66 1 1 0 0 0 0 0 0
1098 32 0 0 32 0 0 0 0 0
1108 64 0 0 0 0 0 0 0 0
1113 64 0 0 0 0 0 0 0 0
1563 396 2 2 66 13 0 0 0 0
1811 165 0 0 33 0 0 0 0 0
2025 165 0 0 0 0 0 99 0 0
2054 33 0 0 0 0 0 33 0 0
2288 165 1 1 0 0 0 66 0 0
2289 33 0 0 0 0 0 33 1 1
2320 66 0 0 33 0 0 33 0 0
2321 33 0 0 0 0 0 33 0 0
2322 165 0 0 99 0 0 0 0 0
fn=boost::unordered::detail::foa::table_locator<boost::unordered::detail::foa::group15<boost::unordered::detail::foa::plain_integral>, std::__1::pair<unsigned int const, unsigned int> > boost::unordered::detail::foa::table_core<boost::unordered::detail::foa::flat_map_types<unsigned int, unsigned int>, boost::unordered::detail::foa::group15<boost::unordered::detail::foa::plain_integral>, boost::unordered::detail::foa::table_arrays, boost::unordered::detail::foa::plain_size_control, boost::hash<unsigned int>, std::__1::equal_to<unsigned int>, std::__1::allocator<std::__1::pair<unsigned int const, unsigned int> > >::unchecked_emplace_with_rehash<boost::unordered::detail::foa::try_emplace_args_t, unsigned int&, unsigned int&>(unsigned long, boost::unordered::detail::foa::try_emplace_args_t&&, unsigned int&, unsigned int&)
0 726 2 2 99 0 0 132 0 0
296 66 0 0 33 1 0 0 0 0
297 66 1 1 0 0 0 0 0 0
389 99 0 0 33 1 0 0 0 0
837 132 1 1 0 0 0 0 0 0
842 66 0 0 0 0 0 0 0 0
849 33 0 0 0 0 0 0 0 0
859 66 0 0 0 0 0 0 0 0
927 66 0 0 0 0 0 0 0 0
1031 132 0 0 0 0 0 132 14 4
1051 66 1 1 0 0 0 33 0 0
1057 132 0 0 0 0 0 0 0 0
1058 99 0 0 0 0 0 0 0 0
1059 33 0 0 0 0 0 0 0 0
1066 33 0 0 0 0 0 0 0 0
1073 66 0 0 0 0 0 0 0 0
1085 33 0 0 0 0 0 0 0 0
1108 33 0 0 0 0 0 0 0 0
1113 33 0 0 0 0 0 0 0 0
1125 99 0 0 0 0 0 33 0 0
1126 33 0 0 0 0 0 0 0 0
1689 33 0 0 33 0 0 0 0 0
1983 330 1 1 0 0 0 198 13 2
1988 132 0 0 0 0 0 99 1 0
1999 66 0 0 0 0 0 33 0 0
2000 33 0 0 33 0 0 0 0 0
2002 297 0 0 231 12 5 0 0 0
2132 594 2 2 66 19 5 0 0 0
2373 66 0 0 0 0 0 0 0 0
2375 33 0 0 0 0 0 0 0 0
2377 132 0 0 0 0 0 0 0 0
fn=lob::v5::BookT<lob::ChecksumSink, 16u>::index_insert(unsigned long, unsigned int)
0 11253536 2 2 3296284 5 0 795712 0 0
271 1818296 0 0 0 0 0 0 0 0
272 946563 0 0 0 0 0 0 0 0
279 909148 0 0 909148 4 0 0 0 0
296 1805790 0 0 902895 5525 0 0 0 0
297 1698574 0 0 0 0 0 0 0 0
336 909148 0 0 909148 5 0 0 0 0
849 795712 0 0 0 0 0 0 0 0
881 113436 0 0 0 0 0 0 0 0
882 554740 0 0 107216 0 0 0 0 0
883 113436 0 0 0 0 0 0 0 0
927 1667856 0 0 0 0 0 0 0 0
1727 1818296 0 0 0 0 0 0 0 0
1729 909148 0 0 0 0 0 0 0 0
1732 74830 0 0 0 0 0 0 0 0
1733 37415 0 0 0 0 0 0 0 0
1737 38249 0 0 0 0 0 0 0 0
1743 76498 0 0 0 0 0 0 0 0
1745 909148 0 0 0 0 0 0 0 0
1750 113436 0 0 0 0 0 0 0 0
1955 795712 0 0 795712 5 0 0 0 0
1970 1591358 0 0 0 0 0 795679 0 0
2373 3611580 0 0 0 0 0 0 0 0
2375 1138758 0 0 0 0 0 0 0 0
2377 1591358 0 0 0 0 0 0 0 0
fn=void lob::v5::BookT<lob::ChecksumSink, 16u>::cancel_in<boost::unordered::unordered_flat_map<unsigned int, unsigned int, boost::hash<unsigned int>, std::__1::equal_to<unsigned int>, std::__1::allocator<std::__1::pair<unsigned int const, unsigned int> > >, unsigned int>(boost::unordered::unordered_flat_map<unsigned int, unsigned int, boost::hash<unsigned int>, std::__1::equal_to<unsigned int>, std::__1::allocator<std::__1::pair<unsigned int const, unsigned int> > >&, unsigned int, unsigned long)
0 6479125 1 1 2387136 58 6 0 0 0
271 1795034 0 0 0 0 0 0 0 0
272 1699041 0 0 0 0 0 0 0 0
279 4182170 0 0 1693229 0 0 0 0 0
336 897517 0 0 897517 115767 0 0 0 0
404 795712 0 0 0 0 0 0 0 0
849 1591424 0 0 795712 0 0 0 0 0
881 101805 0 0 0 0 0 0 0 0
882 305415 0 0 0 0 0 0 0 0
883 101805 0 0 0 0 0 0 0 0
927 1658196 0 0 0 0 0 0 0 0
1727 1795034 0 0 0 0 0 0 0 0
1729 897517 0 0 0 0 0 0 0 0
1732 1603048 0 0 0 0 0 0 0 0
1733 801524 1 1 0 0 0 0 0 0
1737 829098 0 0 0 0 0 0 0 0
1743 66772 0 0 0 0 0 0 0 0
1745 101805 0 0 0 0 0 0 0 0
1750 101805 0 0 0 0 0 0 0 0
1955 795712 0 0 795712 0 0 0 0 0
2266 5569984 1 1 1591424 45 4 795712 0 0
fn=void lob::v5::BookT<lob::ChecksumSink, 16u>::modify_in<boost::unordered::unordered_flat_map<unsigned int, unsigned int, boost::hash<unsigned int>, std::__1::equal_to<unsigned int>, std::__1::allocator<std::__1::pair<unsigned int const, unsigned int> > >, unsigned int>(boost::unordered::unordered_flat_map<unsigned int, unsigned int, boost::hash<unsigned int>, std::__1::equal_to<unsigned int>, std::__1::allocator<std::__1::pair<unsigned int const, unsigned int> > >&, unsigned int, unsigned long, long, unsigned int)
0 55807 2 2 17723 0 0 0 0 0
271 40218 0 0 0 0 0 0 0 0
272 37958 0 0 0 0 0 0 0 0
279 4772 0 0 2386 0 0 0 0 0
336 20109 0 0 20109 1721 0 0 0 0
849 124061 0 0 53169 2 0 0 0 0
881 2386 0 0 0 0 0 0 0 0
882 7158 0 0 0 0 0 0 0 0
883 2386 0 0 0 0 0 0 0 0
927 36874 0 0 0 0 0 0 0 0
1727 40218 0 0 0 0 0 0 0 0
1729 20109 0 0 0 0 0 0 0 0
1732 35698 0 0 0 0 0 0 0 0
1733 17849 0 0 0 0 0 0 0 0
1737 18437 0 0 0 0 0 0 0 0
1743 1428 0 0 0 0 0 0 0 0
1745 2386 0 0 0 0 0 0 0 0
1750 2386 0 0 0 0 0 0 0 0
1955 17723 0 0 17723 0 0 0 0 0
fl=/home/wang/git-repositories/vcpkg/installed/x64-linux-clang-libcxx/include/boost/unordered/detail/foa/table.hpp
fn=_ZN5boost9unordered6detail3foa10table_coreINS2_14flat_map_typesIjjEENS2_7group15INS2_14plain_integralEEENS2_12table_arraysENS2_18plain_size_controlENS_4hashIjEENSt3__18equal_toIjEENSD_9allocatorINSD_4pairIKjjEEEEE22for_all_elements_whileIZNSL_22for_all_elements_whileIZNSL_16for_all_elementsIZNSL_16unchecked_rehashERNS9_ISJ_S8_NS2_16pow2_size_policyESK_EEEUlPSJ_E_EEDTcmclfL1p0_LDnEEcvv_EERKSQ_T_EUlSS_E_EESU_SW_SX_EUlPS8_jSS_E_EEDTcmclfp0_LDnELi0ELDnEEcvv_EESW_SX_
0 5464 0 0 0 0 0 0 0 0
40 238889 1 1 0 0 0 238889 0 0
46 5464 0 0 5464 0 0 0 0 0
fn=boost::unordered::detail::foa::table_locator<boost::unordered::detail::foa::group15<boost::unordered::detail::foa::plain_integral>, std::__1::pair<unsigned int const, unsigned int> > boost::unordered::detail::foa::table_core<boost::unordered::detail::foa::flat_map_types<unsigned int, unsigned int>, boost::unordered::detail::foa::group15<boost::unordered::detail::foa::plain_integral>, boost::unordered::detail::foa::table_arrays, boost::unordered::detail::foa::plain_size_control, boost::hash<unsigned int>, std::__1::equal_to<unsigned int>, std::__1::allocator<std::__1::pair<unsigned int const, unsigned int> > >::unchecked_emplace_with_rehash<boost::unordered::detail::foa::try_emplace_args_t, unsigned int&, unsigned int&>(unsigned long, boost::unordered::detail::foa::try_emplace_args_t&&, unsigned int&, unsigned int&)
0 99 0 0 33 1 0 33 0 0
40 66 1 1 0 0 0 66 0 0
fn=lob::v5::BookT<lob::ChecksumSink, 16u>::index_insert(unsigned long, unsigned int)
0 2048033 5 3 0 0 0 0 0 0
40 795679 0 0 0 0 0 795679 0 0
46 107216 0 0 107216 0 0 0 0 0
640 2387136 1 1 1591424 0 0 0 0 0
650 99 0 0 0 0 0 33 0 0
fn=void lob::v5::BookT<lob::ChecksumSink, 16u>::cancel_in<boost::unordered::unordered_flat_map<unsigned int, unsigned int, boost::hash<unsigned int>, std::__1::equal_to<unsigned int>, std::__1::allocator<std::__1::pair<unsigned int const, unsigned int> > >, unsigned int>(boost::unordered::unordered_flat_map<unsigned int, unsigned int, boost::hash<unsigned int>, std::__1::equal_to<unsigned int>, std::__1::allocator<std::__1::pair<unsigned int const, unsigned int> > >&, unsigned int, unsigned long)
40 795712 0 0 0 0 0 795712 0 0
140 795712 1 1 0 0 0 0 0 0
fl=/home/wang/git-repositories/vcpkg/installed/x64-linux-clang-libcxx/include/boost/unordered/detail/mulx.hpp
fn=_ZN5boost9unordered6detail3foa10table_coreINS2_14flat_map_typesIjjEENS2_7group15INS2_14plain_integralEEENS2_12table_arraysENS2_18plain_size_controlENS_4hashIjEENSt3__18equal_toIjEENSD_9allocatorINSD_4pairIKjjEEEEE22for_all_elements_whileIZNSL_22for_all_elements_whileIZNSL_16for_all_elementsIZNSL_16unchecked_rehashERNS9_ISJ_S8_NS2_16pow2_size_policyESK_EEEUlPSJ_E_EEDTcmclfL1p0_LDnEEcvv_EERKSQ_T_EUlSS_E_EESU_SW_SX_EUlPS8_jSS_E_EEDTcmclfp0_LDnELi0ELDnEEcvv_EESW_SX_
45 238889 0 0 0 0 0 0 0 0
46 238889 0 0 0 0 0 0 0 0
fn=auto lob::for_each_type<std::__1::tuple<lob::v0::Book<lob::ChecksumSink>, lob::v1::Book<lob::ChecksumSink>, lob::v2::Book<lob::ChecksumSink>, lob::v3::BookT<lob::ChecksumSink, 16u>, lob::v4::BookT<lob::ChecksumSink, 16u>, lob::v5::BookT<lob::ChecksumSink, 16u> >, (anonymous namespace)::with_version<(anonymous namespace)::cmd_replay((anonymous namespace)::Args const&)::$_0>(std::__1::basic_string_view<char, std::__1::char_traits<char> >, (anonymous namespace)::cmd_replay((anonymous namespace)::Args const&)::$_0&&)::{lambda<typename $T0>()#1}>((anonymous namespace)::with_version<(anonymous namespace)::cmd_replay((anonymous namespace)::Args const&)::$_0>(std::__1::basic_string_view<char, std::__1::char_traits<char> >, (anonymous namespace)::cmd_replay((anonymous namespace)::Args const&)::$_0&&)::{lambda<typename $T0>()#1}&&)::{lambda<unsigned long... $N0>(std::__1::integer_sequence<unsigned long, ($N0)...>)#1}::operator()<0ul, 1ul, 2ul, 3ul, 4ul, 5ul>(std::__1::integer_sequence<unsigned long, 0ul, 1ul, 2ul, 3ul, 4ul, 5ul>) const
45 1591425 2 2 0 0 0 0 0 0
46 795712 0 0 0 0 0 0 0 0
fn=lob::v5::BookT<lob::ChecksumSink, 16u>::index_insert(unsigned long, unsigned int)
45 795712 0 0 0 0 0 0 0 0
46 795712 1 1 0 0 0 0 0 0
fn=void lob::v5::BookT<lob::ChecksumSink, 16u>::cancel_in<boost::unordered::unordered_flat_map<unsigned int, unsigned int, boost::hash<unsigned int>, std::__1::equal_to<unsigned int>, std::__1::allocator<std::__1::pair<unsigned int const, unsigned int> > >, unsigned int>(boost::unordered::unordered_flat_map<unsigned int, unsigned int, boost::hash<unsigned int>, std::__1::equal_to<unsigned int>, std::__1::allocator<std::__1::pair<unsigned int const, unsigned int> > >&, unsigned int, unsigned long)
45 1591424 0 0 0 0 0 0 0 0
46 795712 0 0 0 0 0 0 0 0
fn=void lob::v5::BookT<lob::ChecksumSink, 16u>::modify_in<boost::unordered::unordered_flat_map<unsigned int, unsigned int, boost::hash<unsigned int>, std::__1::equal_to<unsigned int>, std::__1::allocator<std::__1::pair<unsigned int const, unsigned int> > >, unsigned int>(boost::unordered::unordered_flat_map<unsigned int, unsigned int, boost::hash<unsigned int>, std::__1::equal_to<unsigned int>, std::__1::allocator<std::__1::pair<unsigned int const, unsigned int> > >&, unsigned int, unsigned long, long, unsigned int)
0 17723 0 0 0 0 0 0 0 0
45 35446 0 0 0 0 0 0 0 0
46 17723 0 0 0 0 0 0 0 0
fl=/home/wang/sources/cxx/book/include/lob/events.hpp
fn=lob::v5::BookT<lob::ChecksumSink, 16u>::rest(unsigned long, lob::Side, long, unsigned int)
81 795712 0 0 0 0 0 0 0 0
92 795712 0 0 795712 18 5 0 0 0
93 10344256 1 1 795712 0 0 795712 0 0
fn=void lob::v5::BookT<lob::ChecksumSink, 16u>::cancel_in<boost::unordered::unordered_flat_map<unsigned int, unsigned int, boost::hash<unsigned int>, std::__1::equal_to<unsigned int>, std::__1::allocator<std::__1::pair<unsigned int const, unsigned int> > >, unsigned int>(boost::unordered::unordered_flat_map<unsigned int, unsigned int, boost::hash<unsigned int>, std::__1::equal_to<unsigned int>, std::__1::allocator<std::__1::pair<unsigned int const, unsigned int> > >&, unsigned int, unsigned long)
92 795712 0 0 795712 0 0 0 0 0
93 4774272 1 1 1591424 0 0 0 0 0
fn=void lob::v5::BookT<lob::ChecksumSink, 16u>::modify_in<boost::unordered::unordered_flat_map<unsigned int, unsigned int, boost::hash<unsigned int>, std::__1::equal_to<unsigned int>, std::__1::allocator<std::__1::pair<unsigned int const, unsigned int> > >, unsigned int>(boost::unordered::unordered_flat_map<unsigned int, unsigned int, boost::hash<unsigned int>, std::__1::equal_to<unsigned int>, std::__1::allocator<std::__1::pair<unsigned int const, unsigned int> > >&, unsigned int, unsigned long, long, unsigned int)
92 17723 0 0 17723 0 0 0 0 0
93 159507 0 0 17723 0 0 17723 0 0
fl=/home/wang/sources/cxx/book/include/lob/replay.hpp
fn=auto lob::for_each_type<std::__1::tuple<lob::v0::Book<lob::ChecksumSink>, lob::v1::Book<lob::ChecksumSink>, lob::v2::Book<lob::ChecksumSink>, lob::v3::BookT<lob::ChecksumSink, 16u>, lob::v4::BookT<lob::ChecksumSink, 16u>, lob::v5::BookT<lob::ChecksumSink, 16u> >, (anonymous namespace)::with_version<(anonymous namespace)::cmd_replay((anonymous namespace)::Args const&)::$_0>(std::__1::basic_string_view<char, std::__1::char_traits<char> >, (anonymous namespace)::cmd_replay((anonymous namespace)::Args const&)::$_0&&)::{lambda<typename $T0>()#1}>((anonymous namespace)::with_version<(anonymous namespace)::cmd_replay((anonymous namespace)::Args const&)::$_0>(std::__1::basic_string_view<char, std::__1::char_traits<char> >, (anonymous namespace)::cmd_replay((anonymous namespace)::Args const&)::$_0&&)::{lambda<typename $T0>()#1}&&)::{lambda<unsigned long... $N0>(std::__1::integer_sequence<unsigned long, ($N0)...>)#1}::operator()<0ul, 1ul, 2ul, 3ul, 4ul, 5ul>(std::__1::integer_sequence<unsigned long, 0ul, 1ul, 2ul, 3ul, 4ul, 5ul>) const
0 1609149 0 0 1609148 201144 201144 0 0 0
21 8010289 1 1 1609147 300740 300724 0 0 0
23 2387136 1 1 2387136 99418 99418 0 0 0
29 35446 1 1 35446 2146 2146 0 0 0
37 1609148 0 0 0 0 0 0 0 0
fl=/home/wang/sources/cxx/book/include/lob/v3/hier_bitmap.hpp
fn=lob::v5::BookT<lob::ChecksumSink, 16u>::remove_node(unsigned int)
0 185940 0 0 0 0 0 0 0 0
67 370013 0 0 0 0 0 0 0 0
68 926002 1 1 185940 1721 62 0 0 0
fn=lob::v5::BookT<lob::ChecksumSink, 16u>::rest(unsigned long, lob::Side, long, unsigned int)
0 36 0 0 0 0 0 0 0 0
57 370013 0 0 0 0 0 0 0 0
58 557766 0 0 185922 1413 175 0 0 0
59 557802 1 1 371862 2 1 371844 17 1
fn=unsigned int lob::v5::BookT<lob::ChecksumSink, 16u>::match<(lob::Side)0>(unsigned long, long, unsigned int)
0 400419 0 0 400419 0 0 0 0 0
48 1201257 4 2 800838 35 3 0 0 0
79 2002095 0 0 0 0 0 0 0 0
fn=unsigned int lob::v5::BookT<lob::ChecksumSink, 16u>::match<(lob::Side)1>(unsigned long, long, unsigned int)
0 395292 0 0 395292 0 0 0 0 0
48 1185878 2 2 790586 41 5 0 0 0
89 3952920 0 0 0 0 0 0 0 0
fl=/home/wang/sources/cxx/book/include/lob/v5/book.hpp
fn=auto lob::for_each_type<std::__1::tuple<lob::v0::Book<lob::ChecksumSink>, lob::v1::Book<lob::ChecksumSink>, lob::v2::Book<lob::ChecksumSink>, lob::v3::BookT<lob::ChecksumSink, 16u>, lob::v4::BookT<lob::ChecksumSink, 16u>, lob::v5::BookT<lob::ChecksumSink, 16u> >, (anonymous namespace)::with_version<(anonymous namespace)::cmd_replay((anonymous namespace)::Args const&)::$_0>(std::__1::basic_string_view<char, std::__1::char_traits<char> >, (anonymous namespace)::cmd_replay((anonymous namespace)::Args const&)::$_0&&)::{lambda<typename $T0>()#1}>((anonymous namespace)::with_version<(anonymous namespace)::cmd_replay((anonymous namespace)::Args const&)::$_0>(std::__1::basic_string_view<char, std::__1::char_traits<char> >, (anonymous namespace)::cmd_replay((anonymous namespace)::Args const&)::$_0&&)::{lambda<typename $T0>()#1}&&)::{lambda<unsigned long... $N0>(std::__1::integer_sequence<unsigned long, ($N0)...>)#1}::operator()<0ul, 1ul, 2ul, 3ul, 4ul, 5ul>(std::__1::integer_sequence<unsigned long, 0ul, 1ul, 2ul, 3ul, 4ul, 5ul>) const
0 395293 0 0 0 0 0 0 0 0
82 1591424 0 0 0 0 0 0 0 0
83 1591424 0 0 0 0 0 0 0 0
91 3978560 2 2 0 0 0 795712 0 0
99 88615 0 0 0 0 0 17723 0 0
248 12873170 2 2 3218293 14 6 0 0 0
390 1591424 0 0 0 0 0 0 0 0
391 1601676 0 0 0 0 0 400419 0 0
393 1581172 0 0 0 0 0 395293 0 0
394 1591424 1 1 0 0 0 0 0 0
395 5569984 0 0 0 0 0 795712 0 0
fn=auto lob::v5::BookT<lob::ChecksumSink, 16u>::remove_node(unsigned int)::{lambda(auto:1&)#1}::operator()<std::__1::map<long, lob::v5::BookT<lob::ChecksumSink, 16u>::Level, std::__1::greater<void>, std::__1::allocator<std::__1::pair<long const, lob::v5::BookT<lob::ChecksumSink, 16u>::Level> > > >(std::__1::map<long, lob::v5::BookT<lob::ChecksumSink, 16u>::Level, std::__1::greater<void>, std::__1::allocator<std::__1::pair<long const, lob::v5::BookT<lob::ChecksumSink, 16u>::Level> > >&) const
0 39 0 0 26 0 0 0 0 0
360 26 0 0 13 0 0 13 0 0
361 13 0 0 0 0 0 13 0 0
378 39 0 0 13 0 0 0 0 0
379 3 0 0 0 0 0 3 1 0
381 10 1 1 0 0 0 10 0 0
382 26 0 0 0 0 0 0 0 0
383 10 0 0 0 0 0 5 4 1
385 8 0 0 0 0 0 8 0 0
386 13 0 0 13 0 0 0 0 0
478 26 0 0 0 0 0 13 0 0
479 13 0 0 13 0 0 0 0 0
481 26 0 0 26 0 0 0 0 0
482 26 0 0 26 0 0 0 0 0
483 13 0 0 13 0 0 0 0 0
484 26 1 1 13 0 0 0 0 0
485 12 0 0 12 0 0 0 0 0
fn=auto lob::v5::BookT<lob::ChecksumSink, 16u>::remove_node(unsigned int)::{lambda(auto:1&)#1}::operator()<std::__1::map<long, lob::v5::BookT<lob::ChecksumSink, 16u>::Level, std::__1::less<void>, std::__1::allocator<std::__1::pair<long const, lob::v5::BookT<lob::ChecksumSink, 16u>::Level> > > >(std::__1::map<long, lob::v5::BookT<lob::ChecksumSink, 16u>::Level, std::__1::less<void>, std::__1::allocator<std::__1::pair<long const, lob::v5::BookT<lob::ChecksumSink, 16u>::Level> > >&) const
0 87 1 1 58 0 0 0 0 0
360 58 0 0 29 0 0 29 0 0
361 29 0 0 0 0 0 29 0 0
378 87 0 0 29 0 0 0 0 0
379 5 0 0 0 0 0 5 2 0
381 24 0 0 0 0 0 24 0 0
382 58 0 0 0 0 0 0 0 0
383 10 0 0 0 0 0 5 4 3
385 24 0 0 0 0 0 24 0 0
386 29 1 1 29 0 0 0 0 0
478 58 1 1 0 0 0 29 0 0
479 29 0 0 29 0 0 0 0 0
481 58 0 0 58 8 3 0 0 0
482 58 0 0 58 0 0 0 0 0
483 29 0 0 29 0 0 0 0 0
484 58 0 0 29 0 0 0 0 0
485 14 0 0 14 0 0 0 0 0
fn=lob::v5::BookT<lob::ChecksumSink, 16u>::alloc_node(unsigned long, lob::Side, long, unsigned int)
0 795712 0 0 0 0 0 0 0 0
346 5569984 1 1 0 0 0 4774272 1 1
347 1591424 1 1 795712 0 0 0 0 0
348 795712 0 0 0 0 0 0 0 0
349 2305806 0 0 768602 15777 466 768602 0 0
350 768602 0 0 0 0 0 0 0 0
351 54220 0 0 0 0 0 0 0 0
355 4005670 1 1 0 0 0 3978560 7907 222
356 7161408 0 0 5569984 5 0 0 0 0
fn=lob::v5::BookT<lob::ChecksumSink, 16u>::index_insert(unsigned long, unsigned int)
0 2 0 0 0 0 0 0 0 0
248 4774272 1 1 795712 0 0 0 0 0
249 795712 0 0 0 0 0 795712 0 0
268 7957120 1 1 0 0 0 6365696 5 0
269 1591424 0 0 795712 5 0 0 0 0
270 4 0 0 0 0 0 1 0 0
271 1 0 0 0 0 0 1 0 0
275 795712 0 0 0 0 0 0 0 0
278 6365696 1 1 5569984 24 10 0 0 0
fn=lob::v5::BookT<lob::ChecksumSink, 16u>::remove_node(unsigned int)
0 979803 0 0 979761 0 0 0 0 0
324 1591424 0 0 795712 8 5 0 0 0
326 1591424 0 0 795712 0 0 0 0 0
328 795712 0 0 795712 0 0 0 0 0
329 6365696 1 1 0 0 0 0 0 0
331 1591424 0 0 0 0 0 0 0 0
360 1591340 0 0 795670 0 0 795670 0 0
361 795670 0 0 0 0 0 795670 0 0
378 3182680 0 0 795670 0 0 0 0 0
379 511038 1 1 0 0 0 511038 66554 821
381 284632 1 1 0 0 0 284632 1482 345
382 1591340 0 0 0 0 0 0 0 0
383 562480 0 0 0 0 0 281240 42802 7042
385 514430 0 0 0 0 0 514430 699 7
386 795670 0 0 795670 3975 353 0 0 0
468 3182848 1 1 0 0 0 1591424 0 0
469 795712 0 0 0 0 0 0 0 0
470 795712 0 0 795712 69965 1144 0 0 0
471 2387010 0 0 795670 0 0 0 0 0
472 1591340 0 0 1591340 24114 2827 0 0 0
473 795670 0 0 795670 0 0 0 0 0
476 2143613 1 1 795670 238 7 0 0 0
478 168 0 0 0 0 0 126 0 0
486 84 0 0 42 0 0 0 0 0
487 39 0 0 0 0 0 13 0 0
489 87 0 0 0 0 0 29 0 0
491 2387136 0 0 1591424 0 0 0 0 0
fn=lob::v5::BookT<lob::ChecksumSink, 16u>::rest(unsigned long, lob::Side, long, unsigned int)
0 184091 0 0 184091 0 0 0 0 0
230 29 0 0 0 0 0 29 0 0
232 58 0 0 0 0 0 29 4 1
326 2387136 0 0 795712 0 0 0 0 0
328 795712 1 1 795712 0 0 0 0 0
329 6365696 0 0 0 0 0 0 0 0
331 1591424 0 0 0 0 0 0 0 0
336 4 0 0 0 0 0 1 0 0
337 1 0 0 0 0 0 1 0 0
366 3182848 1 1 795712 0 0 795712 0 0
367 1591424 1 1 0 0 0 795712 0 0
368 795712 0 0 0 0 0 0 0 0
369 1223184 0 0 0 0 0 611592 51534 1167
371 184120 0 0 0 0 0 184120 0 0
372 795712 0 0 0 0 0 795712 0 0
373 795712 0 0 795712 11919 1525 0 0 0
449 9548544 1 1 0 0 0 4774272 0 0
450 1591424 0 0 0 0 0 795712 0 0
451 1591434 1 1 795713 5 0 0 0 0
455 2387010 0 0 795670 0 0 0 0 0
456 2143613 1 1 795670 39151 5726 0 0 0
458 168 0 0 0 0 0 42 0 0
461 1591424 0 0 795712 0 0 0 0 0
462 3182848 0 0 0 0 0 795712 0 0
463 795712 0 0 795712 19 6 0 0 0
464 6365696 1 1 5569984 17 3 0 0 0
fn=unsigned int lob::v5::BookT<lob::ChecksumSink, 16u>::match<(lob::Side)0>(unsigned long, long, unsigned int)
0 1603488 1 1 0 0 0 400419 0 0
333 800838 0 0 400419 0 0 0 0 0
401 3603771 1 1 0 0 0 3203352 0 0
410 800838 0 0 0 0 0 0 0 0
413 1201257 0 0 0 0 0 0 0 0
416 400419 0 0 0 0 0 0 0 0
421 1596240 1 1 398607 27 2 0 0 0
422 398607 0 0 0 0 0 0 0 0
423 1201257 0 0 400419 0 0 0 0 0
446 3603771 1 1 2802933 0 0 0 0 0
fn=unsigned int lob::v5::BookT<lob::ChecksumSink, 16u>::match<(lob::Side)1>(unsigned long, long, unsigned int)
0 1582654 1 1 0 0 0 395293 0 0
333 790584 1 1 395292 0 0 0 0 0
401 3557637 1 1 0 0 0 3162344 1 1
410 790586 0 0 0 0 0 0 0 0
413 1185879 0 0 0 0 0 0 0 0
416 395292 0 0 0 0 0 0 0 0
421 1576722 0 0 393810 35 3 0 0 0
422 393810 0 0 0 0 0 0 0 0
423 1185876 0 0 395292 0 0 0 0 0
446 3557637 1 1 2767051 0 0 0 0 0
fn=void lob::v5::BookT<lob::ChecksumSink, 16u>::cancel_in<boost::unordered::unordered_flat_map<unsigned int, unsigned int, boost::hash<unsigned int>, std::__1::equal_to<unsigned int>, std::__1::allocator<std::__1::pair<unsigned int const, unsigned int> > >, unsigned int>(boost::unordered::unordered_flat_map<unsigned int, unsigned int, boost::hash<unsigned int>, std::__1::equal_to<unsigned int>, std::__1::allocator<std::__1::pair<unsigned int const, unsigned int> > >&, unsigned int, unsigned long)
0 3978560 0 0 795712 0 0 1591424 0 0
289 7957120 1 1 0 0 0 5569984 0 0
292 795712 0 0 795712 0 0 0 0 0
293 795712 0 0 795712 65686 2917 0 0 0
294 795712 0 0 0 0 0 795712 0 0
296 795712 0 0 795712 0 0 0 0 0
297 6365696 0 0 5569984 0 0 0 0 0
fn=void lob::v5::BookT<lob::ChecksumSink, 16u>::modify_in<boost::unordered::unordered_flat_map<unsigned int, unsigned int, boost::hash<unsigned int>, std::__1::equal_to<unsigned int>, std::__1::allocator<std::__1::pair<unsigned int const, unsigned int> > >, unsigned int>(boost::unordered::unordered_flat_map<unsigned int, unsigned int, boost::hash<unsigned int>, std::__1::equal_to<unsigned int>, std::__1::allocator<std::__1::pair<unsigned int const, unsigned int> > >&, unsigned int, unsigned long, long, unsigned int)
0 177230 1 1 53169 224 2 0 0 0
300 159507 2 2 0 0 0 124061 0 0
303 35446 1 1 0 0 0 0 0 0
304 35446 0 0 0 0 0 0 0 0
306 17723 1 1 17723 0 0 0 0 0
308 70892 0 0 17723 1390 5 0 0 0
309 35446 2 2 17723 68 1 0 0 0
310 17723 0 0 0 0 0 17723 0 0
311 17723 1 1 17723 0 0 0 0 0
312 17723 0 0 0 0 0 0 0 0
320 141784 0 0 124061 0 0 0 0 0
324 35446 0 0 17723 0 0 0 0 0
326 53169 1 1 17723 0 0 0 0 0
328 17723 0 0 17723 0 0 0 0 0
329 141784 1 1 0 0 0 0 0 0
331 53169 0 0 0 0 0 0 0 0
341 35446 0 0 0 0 0 0 0 0
fl=/home/wang/sources/cxx/book/source/main.cxx
fn=auto lob::for_each_type<std::__1::tuple<lob::v0::Book<lob::ChecksumSink>, lob::v1::Book<lob::ChecksumSink>, lob::v2::Book<lob::ChecksumSink>, lob::v3::BookT<lob::ChecksumSink, 16u>, lob::v4::BookT<lob::ChecksumSink, 16u>, lob::v5::BookT<lob::ChecksumSink, 16u> >, (anonymous namespace)::with_version<(anonymous namespace)::cmd_replay((anonymous namespace)::Args const&)::$_0>(std::__1::basic_string_view<char, std::__1::char_traits<char> >, (anonymous namespace)::cmd_replay((anonymous namespace)::Args const&)::$_0&&)::{lambda<typename $T0>()#1}>((anonymous namespace)::with_version<(anonymous namespace)::cmd_replay((anonymous namespace)::Args const&)::$_0>(std::__1::basic_string_view<char, std::__1::char_traits<char> >, (anonymous namespace)::cmd_replay((anonymous namespace)::Args const&)::$_0&&)::{lambda<typename $T0>()#1}&&)::{lambda<unsigned long... $N0>(std::__1::integer_sequence<unsigned long, ($N0)...>)#1}::operator()<0ul, 1ul, 2ul, 3ul, 4ul, 5ul>(std::__1::integer_sequence<unsigned long, 0ul, 1ul, 2ul, 3ul, 4ul, 5ul>) const
0 1 0 0 0 0 0 0 0 0
293 2 2 2 0 0 0 1 1 1
294 1 0 0 1 1 1 0 0 0
295 9 3 3 0 0 0 6 1 1
fl=/usr/include/c++/v1/__bit/countl.h
fn=unsigned int lob::v5::BookT<lob::ChecksumSink, 16u>::match<(lob::Side)1>(unsigned long, long, unsigned int)
28 1581168 0 0 790584 50 2 0 0 0
fl=/usr/include/c++/v1/__bit/countr.h
fn=unsigned int lob::v5::BookT<lob::ChecksumSink, 16u>::match<(lob::Side)0>(unsigned long, long, unsigned int)
28 2002095 0 0 800838 48 3 0 0 0
fl=/usr/include/c++/v1/__functional/operations.h
fn=auto lob::for_each_type<std::__1::tuple<lob::v0::Book<lob::ChecksumSink>, lob::v1::Book<lob::ChecksumSink>, lob::v2::Book<lob::ChecksumSink>, lob::v3::BookT<lob::ChecksumSink, 16u>, lob::v4::BookT<lob::ChecksumSink, 16u>, lob::v5::BookT<lob::ChecksumSink, 16u> >, (anonymous namespace)::with_version<(anonymous namespace)::cmd_replay((anonymous namespace)::Args const&)::$_0>(std::__1::basic_string_view<char, std::__1::char_traits<char> >, (anonymous namespace)::cmd_replay((anonymous namespace)::Args const&)::$_0&&)::{lambda<typename $T0>()#1}>((anonymous namespace)::with_version<(anonymous namespace)::cmd_replay((anonymous namespace)::Args const&)::$_0>(std::__1::basic_string_view<char, std::__1::char_traits<char> >, (anonymous namespace)::cmd_replay((anonymous namespace)::Args const&)::$_0&&)::{lambda<typename $T0>()#1}&&)::{lambda<unsigned long... $N0>(std::__1::integer_sequence<unsigned long, ($N0)...>)#1}::operator()<0ul, 1ul, 2ul, 3ul, 4ul, 5ul>(std::__1::integer_sequence<unsigned long, 0ul, 1ul, 2ul, 3ul, 4ul, 5ul>) const
300 38249 0 0 38249 35755 200 0 0 0
fn=auto lob::v5::BookT<lob::ChecksumSink, 16u>::remove_node(unsigned int)::{lambda(auto:1&)#1}::operator()<std::__1::map<long, lob::v5::BookT<lob::ChecksumSink, 16u>::Level, std::__1::greater<void>, std::__1::allocator<std::__1::pair<long const, lob::v5::BookT<lob::ChecksumSink, 16u>::Level> > > >(std::__1::map<long, lob::v5::BookT<lob::ChecksumSink, 16u>::Level, std::__1::greater<void>, std::__1::allocator<std::__1::pair<long const, lob::v5::BookT<lob::ChecksumSink, 16u>::Level> > >&) const
462 103 1 1 43 9 5 0 0 0
fn=auto lob::v5::BookT<lob::ChecksumSink, 16u>::remove_node(unsigned int)::{lambda(auto:1&)#1}::operator()<std::__1::map<long, lob::v5::BookT<lob::ChecksumSink, 16u>::Level, std::__1::less<void>, std::__1::allocator<std::__1::pair<long const, lob::v5::BookT<lob::ChecksumSink, 16u>::Level> > > >(std::__1::map<long, lob::v5::BookT<lob::ChecksumSink, 16u>::Level, std::__1::less<void>, std::__1::allocator<std::__1::pair<long const, lob::v5::BookT<lob::ChecksumSink, 16u>::Level> > >&) const
375 308 1 1 122 36 3 0 0 0
fn=lob::v5::BookT<lob::ChecksumSink, 16u>::index_insert(unsigned long, unsigned int)
300 38249 0 0 38249 1 0 0 0 0
fn=lob::v5::BookT<lob::ChecksumSink, 16u>::rest(unsigned long, lob::Side, long, unsigned int)
375 158 0 0 79 32 12 0 0 0
462 52 0 0 26 5 0 0 0 0
fn=void lob::v5::BookT<lob::ChecksumSink, 16u>::cancel_in<boost::unordered::unordered_flat_map<unsigned int, unsigned int, boost::hash<unsigned int>, std::__1::equal_to<unsigned int>, std::__1::allocator<std::__1::pair<unsigned int const, unsigned int> > >, unsigned int>(boost::unordered::unordered_flat_map<unsigned int, unsigned int, boost::hash<unsigned int>, std::__1::equal_to<unsigned int>, std::__1::allocator<std::__1::pair<unsigned int const, unsigned int> > >&, unsigned int, unsigned long)
300 829098 0 0 829098 162021 26 0 0 0
fn=void lob::v5::BookT<lob::ChecksumSink, 16u>::modify_in<boost::unordered::unordered_flat_map<unsigned int, unsigned int, boost::hash<unsigned int>, std::__1::equal_to<unsigned int>, std::__1::allocator<std::__1::pair<unsigned int const, unsigned int> > >, unsigned int>(boost::unordered::unordered_flat_map<unsigned int, unsigned int, boost::hash<unsigned int>, std::__1::equal_to<unsigned int>, std::__1::allocator<std::__1::pair<unsigned int const, unsigned int> > >&, unsigned int, unsigned long, long, unsigned int)
300 18437 0 0 18437 2466 1 0 0 0
fl=/usr/include/c++/v1/__iterator/wrap_iter.h
fn=auto lob::for_each_type<std::__1::tuple<lob::v0::Book<lob::ChecksumSink>, lob::v1::Book<lob::ChecksumSink>, lob::v2::Book<lob::ChecksumSink>, lob::v3::BookT<lob::ChecksumSink, 16u>, lob::v4::BookT<lob::ChecksumSink, 16u>, lob::v5::BookT<lob::ChecksumSink, 16u> >, (anonymous namespace)::with_version<(anonymous namespace)::cmd_replay((anonymous namespace)::Args const&)::$_0>(std::__1::basic_string_view<char, std::__1::char_traits<char> >, (anonymous namespace)::cmd_replay((anonymous namespace)::Args const&)::$_0&&)::{lambda<typename $T0>()#1}>((anonymous namespace)::with_version<(anonymous namespace)::cmd_replay((anonymous namespace)::Args const&)::$_0>(std::__1::basic_string_view<char, std::__1::char_traits<char> >, (anonymous namespace)::cmd_replay((anonymous namespace)::Args const&)::$_0&&)::{lambda<typename $T0>()#1}&&)::{lambda<unsigned long... $N0>(std::__1::integer_sequence<unsigned long, ($N0)...>)#1}::operator()<0ul, 1ul, 2ul, 3ul, 4ul, 5ul>(std::__1::integer_sequence<unsigned long, 0ul, 1ul, 2ul, 3ul, 4ul, 5ul>) const
65 1609147 0 0 0 0 0 0 0 0
125 1609148 0 0 1609147 18 6 0 0 0
fl=/usr/include/c++/v1/__math/rounding_functions.h
fn=boost::unordered::detail::foa::table_locator<boost::unordered::detail::foa::group15<boost::unordered::detail::foa::plain_integral>, std::__1::pair<unsigned int const, unsigned int> > boost::unordered::detail::foa::table_core<boost::unordered::detail::foa::flat_map_types<unsigned int, unsigned int>, boost::unordered::detail::foa::group15<boost::unordered::detail::foa::plain_integral>, boost::unordered::detail::foa::table_arrays, boost::unordered::detail::foa::plain_size_control, boost::hash<unsigned int>, std::__1::equal_to<unsigned int>, std::__1::allocator<std::__1::pair<unsigned int const, unsigned int> > >::unchecked_emplace_with_rehash<boost::unordered::detail::foa::try_emplace_args_t, unsigned int&, unsigned int&>(unsigned long, boost::unordered::detail::foa::try_emplace_args_t&&, unsigned int&, unsigned int&)
29 33 0 0 0 0 0 0 0 0
fl=/usr/include/c++/v1/__memory/allocator.h
fn=lob::v5::BookT<lob::ChecksumSink, 16u>::alloc_node(unsigned long, lob::Side, long, unsigned int)
100 32 0 0 0 0 0 0 0 0
fl=/usr/include/c++/v1/__memory/construct_at.h
fn=lob::v5::BookT<lob::ChecksumSink, 16u>::alloc_node(unsigned long, lob::Side, long, unsigned int)
38 54220 0 0 0 0 0 27110 13568 13556
fl=/usr/include/c++/v1/__memory/uninitialized_algorithms.h
fn=lob::v5::BookT<lob::ChecksumSink, 16u>::alloc_node(unsigned long, lob::Side, long, unsigned int)
0 16 0 0 16 5 0 0 0 0
638 80 0 0 0 0 0 16 0 0
fl=/usr/include/c++/v1/__new/allocate.h
fn=auto lob::v5::BookT<lob::ChecksumSink, 16u>::remove_node(unsigned int)::{lambda(auto:1&)#1}::operator()<std::__1::map<long, lob::v5::BookT<lob::ChecksumSink, 16u>::Level, std::__1::greater<void>, std::__1::allocator<std::__1::pair<long const, lob::v5::BookT<lob::ChecksumSink, 16u>::Level> > > >(std::__1::map<long, lob::v5::BookT<lob::ChecksumSink, 16u>::Level, std::__1::greater<void>, std::__1::allocator<std::__1::pair<long const, lob::v5::BookT<lob::ChecksumSink, 16u>::Level> > >&) const
63 28 0 0 7 0 0 0 0 0
fn=auto lob::v5::BookT<lob::ChecksumSink, 16u>::remove_node(unsigned int)::{lambda(auto:1&)#1}::operator()<std::__1::map<long, lob::v5::BookT<lob::ChecksumSink, 16u>::Level, std::__1::less<void>, std::__1::allocator<std::__1::pair<long const, lob::v5::BookT<lob::ChecksumSink, 16u>::Level> > > >(std::__1::map<long, lob::v5::BookT<lob::ChecksumSink, 16u>::Level, std::__1::less<void>, std::__1::allocator<std::__1::pair<long const, lob::v5::BookT<lob::ChecksumSink, 16u>::Level> > >&) const
63 88 0 0 22 0 0 0 0 0
fn=boost::unordered::detail::foa::table_core<boost::unordered::detail::foa::flat_map_types<unsigned int, unsigned int>, boost::unordered::detail::foa::group15<boost::unordered::detail::foa::plain_integral>, boost::unordered::detail::foa::table_arrays, boost::unordered::detail::foa::plain_size_control, boost::hash<unsigned int>, std::__1::equal_to<unsigned int>, std::__1::allocator<std::__1::pair<unsigned int const, unsigned int> > >::unchecked_rehash(boost::unordered::detail::foa::table_arrays<std::__1::pair<unsigned int const, unsigned int>, boost::unordered::detail::foa::group15<boost::unordered::detail::foa::plain_integral>, boost::unordered::detail::foa::pow2_size_policy, std::__1::allocator<std::__1::pair<unsigned int const, unsigned int> > >&)
63 32 0 0 0 0 0 32 0 0
fn=boost::unordered::detail::foa::table_locator<boost::unordered::detail::foa::group15<boost::unordered::detail::foa::plain_integral>, std::__1::pair<unsigned int const, unsigned int> > boost::unordered::detail::foa::table_core<boost::unordered::detail::foa::flat_map_types<unsigned int, unsigned int>, boost::unordered::detail::foa::group15<boost::unordered::detail::foa::plain_integral>, boost::unordered::detail::foa::table_arrays, boost::unordered::detail::foa::plain_size_control, boost::hash<unsigned int>, std::__1::equal_to<unsigned int>, std::__1::allocator<std::__1::pair<unsigned int const, unsigned int> > >::unchecked_emplace_with_rehash<boost::unordered::detail::foa::try_emplace_args_t, unsigned int&, unsigned int&>(unsigned long, boost::unordered::detail::foa::try_emplace_args_t&&, unsigned int&, unsigned int&)
43 66 0 0 0 0 0 33 0 0
fn=lob::v5::BookT<lob::ChecksumSink, 16u>::alloc_node(unsigned long, lob::Side, long, unsigned int)
0 95 1 1 95 0 0 0 0 0
37 16 0 0 0 0 0 0 0 0
43 32 0 0 0 0 0 16 0 0
63 45 0 0 0 0 0 15 0 0
fn=lob::v5::BookT<lob::ChecksumSink, 16u>::rest(unsigned long, lob::Side, long, unsigned int)
43 87 1 1 0 0 0 29 0 0
fl=/usr/include/c++/v1/__split_buffer
fn=lob::v5::BookT<lob::ChecksumSink, 16u>::alloc_node(unsigned long, lob::Side, long, unsigned int)
334 16 0 0 0 0 0 0 0 0
335 16 0 0 0 0 0 0 0 0
341 32 0 0 0 0 0 0 0 0
fl=/usr/include/c++/v1/__tree
fn=auto lob::v5::BookT<lob::ChecksumSink, 16u>::remove_node(unsigned int)::{lambda(auto:1&)#1}::operator()<std::__1::map<long, lob::v5::BookT<lob::ChecksumSink, 16u>::Level, std::__1::greater<void>, std::__1::allocator<std::__1::pair<long const, lob::v5::BookT<lob::ChecksumSink, 16u>::Level> > > >(std::__1::map<long, lob::v5::BookT<lob::ChecksumSink, 16u>::Level, std::__1::greater<void>, std::__1::allocator<std::__1::pair<long const, lob::v5::BookT<lob::ChecksumSink, 16u>::Level> > >&) const
0 96 0 0 43 5 2 0 0 0
105 10 0 0 10 0 0 0 0 0
163 8 0 0 2 0 0 0 0 0
191 21 0 0 7 0 0 0 0 0
193 5 0 0 0 0 0 0 0 0
680 13 0 0 0 0 0 0 0 0
862 13 0 0 0 0 0 0 0 0
884 13 1 1 13 0 0 0 0 0
1824 14 0 0 7 0 0 0 0 0
1825 2 0 0 0 0 0 2 0 0
1826 7 0 0 7 0 0 0 0 0
1827 14 0 0 0 0 0 7 0 0
1994 26 0 0 0 0 0 0 0 0
2049 86 0 0 0 0 0 0 0 0
2050 30 0 0 0 0 0 0 0 0
fn=auto lob::v5::BookT<lob::ChecksumSink, 16u>::remove_node(unsigned int)::{lambda(auto:1&)#1}::operator()<std::__1::map<long, lob::v5::BookT<lob::ChecksumSink, 16u>::Level, std::__1::less<void>, std::__1::allocator<std::__1::pair<long const, lob::v5::BookT<lob::ChecksumSink, 16u>::Level> > > >(std::__1::map<long, lob::v5::BookT<lob::ChecksumSink, 16u>::Level, std::__1::less<void>, std::__1::allocator<std::__1::pair<long const, lob::v5::BookT<lob::ChecksumSink, 16u>::Level> > >&) const
0 265 0 0 122 24 0 0 0 0
105 50 0 0 50 0 0 0 0 0
163 34 0 0 9 1 0 0 0 0
191 66 0 0 22 0 0 0 0 0
193 25 0 0 0 0 0 0 0 0
680 29 0 0 0 0 0 0 0 0
862 29 0 0 0 0 0 0 0 0
884 29 0 0 29 0 0 0 0 0
1824 44 0 0 22 0 0 0 0 0
1825 7 0 0 0 0 0 7 0 0
1826 22 0 0 22 0 0 0 0 0
1827 44 0 0 0 0 0 22 0 0
1994 58 0 0 0 0 0 0 0 0
2049 244 0 0 0 0 0 0 0 0
2050 93 0 0 0 0 0 0 0 0
fn=lob::v5::BookT<lob::ChecksumSink, 16u>::rest(unsigned long, lob::Side, long, unsigned int)
0 407 2 2 100 0 0 58 0 0
884 42 1 1 42 0 0 0 0 0
1591 86 1 1 0 0 0 0 0 0
1593 105 0 0 0 0 0 0 0 0
1594 148 0 0 37 11 4 0 0 0
1601 68 0 0 0 0 0 0 0 0
1602 165 0 0 55 18 9 0 0 0
1673 29 0 0 0 0 0 29 0 0
1674 29 0 0 0 0 0 29 0 0
1676 29 0 0 0 0 0 29 0 0
1677 116 0 0 58 0 0 0 0 0
1678 6 0 0 0 0 0 6 0 0
1679 87 0 0 29 0 0 29 0 0
1680 29 0 0 29 0 0 0 0 0
fn=unsigned int lob::v5::BookT<lob::ChecksumSink, 16u>::match<(lob::Side)0>(unsigned long, long, unsigned int)
915 398607 0 0 398607 0 0 0 0 0
fn=unsigned int lob::v5::BookT<lob::ChecksumSink, 16u>::match<(lob::Side)1>(unsigned long, long, unsigned int)
915 393810 0 0 393810 0 0 0 0 0
fn=void std::__1::__tree_balance_after_insert[abi:ne210105]<std::__1::__tree_node_base<void*>*>(std::__1::__tree_node_base<void*>*, std::__1::__tree_node_base<void*>*)
0 13 1 1 0 0 0 0 0 0
105 69 1 1 49 0 0 0 0 0
235 6 1 1 6 0 0 0 0 0
236 12 0 0 6 0 0 6 0 0
237 12 0 0 0 0 0 0 0 0
239 10 0 0 4 0 0 6 0 0
240 4 0 0 0 0 0 0 0 0
241 6 0 0 0 0 0 6 0 0
244 6 0 0 0 0 0 6 0 0
254 2 0 0 2 0 0 0 0 0
255 10 0 0 5 0 0 5 0 0
256 10 0 0 0 0 0 0 0 0
258 10 0 0 5 0 0 5 0 0
259 5 0 0 0 0 0 0 0 0
260 1 0 0 0 0 0 1 0 0
262 5 0 0 0 0 0 4 0 0
263 5 0 0 0 0 0 5 0 0
278 58 1 1 0 0 0 29 0 0
279 109 0 0 32 0 0 0 0 0
281 16 0 0 0 0 0 0 0 0
282 7 0 0 7 0 0 0 0 0
283 20 0 0 3 2 1 0 0 0
285 3 0 0 0 0 0 3 0 0
287 6 0 0 0 0 0 3 0 0
288 6 0 0 0 0 0 3 0 0
290 6 0 0 0 0 0 0 0 0
295 4 0 0 0 0 0 4 0 0
297 4 0 0 0 0 0 4 0 0
303 30 0 0 6 2 2 0 0 0
305 5 0 0 0 0 0 5 0 0
307 10 0 0 0 0 0 5 0 0
308 10 0 0 0 0 0 5 0 0
310 7 1 1 0 0 0 0 0 0
315 4 1 1 0 0 0 4 0 0
317 4 0 0 0 0 0 4 0 0
323 29 0 0 29 0 0 0 0 0
569 35 0 0 35 0 0 0 0 0
571 13 0 0 0 0 0 13 0 0
fn=void std::__1::__tree_remove[abi:ne210105]<std::__1::__tree_node_base<void*>*>(std::__1::__tree_node_base<void*>*, std::__1::__tree_node_base<void*>*)
0 84 2 2 15 0 0 11 0 0
105 186 1 1 94 4 2 0 0 0
163 27 0 0 9 0 0 0 0 0
235 3 0 0 3 0 0 0 0 0
236 6 1 1 3 0 0 3 0 0
237 6 0 0 0 0 0 0 0 0
239 6 0 0 3 0 0 3 0 0
240 3 0 0 0 0 0 0 0 0
241 2 0 0 0 0 0 2 0 0
243 1 0 0 0 0 0 1 0 0
244 3 0 0 0 0 0 3 0 0
254 2 0 0 2 0 0 0 0 0
255 4 0 0 2 0 0 2 0 0
256 4 0 0 0 0 0 0 0 0
258 4 0 0 2 0 0 2 0 0
259 2 0 0 0 0 0 0 0 0
260 2 1 1 0 0 0 2 0 0
263 2 0 0 0 0 0 2 0 0
339 152 1 1 38 0 0 0 0 0
341 27 1 1 27 0 0 0 0 0
345 54 0 0 0 0 0 0 0 0
346 18 0 0 6 0 0 6 1 1
347 29 0 0 0 0 0 0 0 0
348 16 0 0 0 0 0 16 0 0
349 32 0 0 0 0 0 0 0 0
350 12 0 0 12 0 0 0 0 0
354 13 0 0 0 0 0 13 0 0
358 29 0 0 29 0 0 0 0 0
361 68 0 0 0 0 0 0 0 0
363 14 1 1 7 0 0 7 0 0
364 7 0 0 0 0 0 0 0 0
365 7 0 0 0 0 0 7 0 0
368 14 0 0 7 0 0 7 0 0
370 14 0 0 7 0 0 7 0 0
371 14 0 0 0 0 0 0 0 0
373 14 0 0 7 0 0 7 0 0
374 14 0 0 0 0 0 0 0 0
379 83 1 1 0 0 0 0 0 0
392 34 0 0 0 0 0 0 0 0
393 6 0 0 0 0 0 6 0 0
401 13 0 0 0 0 0 0 0 0
403 14 1 1 0 0 0 0 0 0
415 33 1 1 13 6 2 0 0 0
416 21 0 0 7 0 0 0 0 0
417 4 0 0 0 0 0 4 0 0
420 14 1 1 2 0 0 0 0 0
429 9 0 0 3 0 0 0 0 0
439 6 0 0 3 0 0 3 0 0
440 3 0 0 0 0 0 3 0 0
441 3 0 0 0 0 0 3 0 0
446 12 1 1 0 0 0 0 0 0
458 22 0 0 8 0 0 0 0 0
459 12 0 0 4 0 0 0 0 0
460 4 0 0 0 0 0 4 0 0
463 14 0 0 4 0 0 0 0 0
472 2 0 0 0 0 0 0 0 0
482 4 0 0 2 0 0 2 0 0
483 2 0 0 0 0 0 2 0 0
484 2 0 0 0 0 0 2 0 0
492 29 0 0 29 0 0 0 0 0
569 13 2 2 13 0 0 0 0 0
571 12 0 0 0 0 0 12 0 0
fl=/usr/include/c++/v1/__utility/pair.h
fn=_ZN5boost9unordered6detail3foa10table_coreINS2_14flat_map_typesIjjEENS2_7group15INS2_14plain_integralEEENS2_12table_arraysENS2_18plain_size_controlENS_4hashIjEENSt3__18equal_toIjEENSD_9allocatorINSD_4pairIKjjEEEEE22for_all_elements_whileIZNSL_22for_all_elements_whileIZNSL_16for_all_elementsIZNSL_16unchecked_rehashERNS9_ISJ_S8_NS2_16pow2_size_policyESK_EEEUlPSJ_E_EEDTcmclfL1p0_LDnEEcvv_EERKSQ_T_EUlSS_E_EESU_SW_SX_EUlPS8_jSS_E_EEDTcmclfp0_LDnELi0ELDnEEcvv_EESW_SX_
196 716667 0 0 238889 0 0 477778 43816 23984
fn=boost::unordered::detail::foa::table_locator<boost::unordered::detail::foa::group15<boost::unordered::detail::foa::plain_integral>, std::__1::pair<unsigned int const, unsigned int> > boost::unordered::detail::foa::table_core<boost::unordered::detail::foa::flat_map_types<unsigned int, unsigned int>, boost::unordered::detail::foa::group15<boost::unordered::detail::foa::plain_integral>, boost::unordered::detail::foa::table_arrays, boost::unordered::detail::foa::plain_size_control, boost::hash<unsigned int>, std::__1::equal_to<unsigned int>, std::__1::allocator<std::__1::pair<unsigned int const, unsigned int> > >::unchecked_emplace_with_rehash<boost::unordered::detail::foa::try_emplace_args_t, unsigned int&, unsigned int&>(unsigned long, boost::unordered::detail::foa::try_emplace_args_t&&, unsigned int&, unsigned int&)
445 66 0 0 33 1 0 33 21 11
446 66 0 0 33 0 0 33 0 0
fn=lob::v5::BookT<lob::ChecksumSink, 16u>::index_insert(unsigned long, unsigned int)
445 795679 0 0 0 0 0 795679 687863 1390
446 1591358 0 0 795679 0 0 795679 0 0
fn=lob::v5::BookT<lob::ChecksumSink, 16u>::rest(unsigned long, lob::Side, long, unsigned int)
445 29 0 0 0 0 0 29 4 1
fl=/usr/include/c++/v1/__utility/swap.h
fn=lob::v5::BookT<lob::ChecksumSink, 16u>::alloc_node(unsigned long, lob::Side, long, unsigned int)
44 48 0 0 0 0 0 48 5 0
fl=/usr/include/c++/v1/__vector/vector.h
fn=auto lob::for_each_type<std::__1::tuple<lob::v0::Book<lob::ChecksumSink>, lob::v1::Book<lob::ChecksumSink>, lob::v2::Book<lob::ChecksumSink>, lob::v3::BookT<lob::ChecksumSink, 16u>, lob::v4::BookT<lob::ChecksumSink, 16u>, lob::v5::BookT<lob::ChecksumSink, 16u> >, (anonymous namespace)::with_version<(anonymous namespace)::cmd_replay((anonymous namespace)::Args const&)::$_0>(std::__1::basic_string_view<char, std::__1::char_traits<char> >, (anonymous namespace)::cmd_replay((anonymous namespace)::Args const&)::$_0&&)::{lambda<typename $T0>()#1}>((anonymous namespace)::with_version<(anonymous namespace)::cmd_replay((anonymous namespace)::Args const&)::$_0>(std::__1::basic_string_view<char, std::__1::char_traits<char> >, (anonymous namespace)::cmd_replay((anonymous namespace)::Args const&)::$_0&&)::{lambda<typename $T0>()#1}&&)::{lambda<unsigned long... $N0>(std::__1::integer_sequence<unsigned long, ($N0)...>)#1}::operator()<0ul, 1ul, 2ul, 3ul, 4ul, 5ul>(std::__1::integer_sequence<unsigned long, 0ul, 1ul, 2ul, 3ul, 4ul, 5ul>) const
0 1 0 0 0 0 0 1 1 1
388 1 0 0 1 0 0 0 0 0
449 1 0 0 1 1 1 0 0 0
fn=auto lob::v5::BookT<lob::ChecksumSink, 16u>::remove_node(unsigned int)::{lambda(auto:1&)#1}::operator()<std::__1::map<long, lob::v5::BookT<lob::ChecksumSink, 16u>::Level, std::__1::greater<void>, std::__1::allocator<std::__1::pair<long const, lob::v5::BookT<lob::ChecksumSink, 16u>::Level> > > >(std::__1::map<long, lob::v5::BookT<lob::ChecksumSink, 16u>::Level, std::__1::greater<void>, std::__1::allocator<std::__1::pair<long const, lob::v5::BookT<lob::ChecksumSink, 16u>::Level> > >&) const
407 63 0 0 13 0 0 0 0 0
fn=auto lob::v5::BookT<lob::ChecksumSink, 16u>::remove_node(unsigned int)::{lambda(auto:1&)#1}::operator()<std::__1::map<long, lob::v5::BookT<lob::ChecksumSink, 16u>::Level, std::__1::less<void>, std::__1::allocator<std::__1::pair<long const, lob::v5::BookT<lob::ChecksumSink, 16u>::Level> > > >(std::__1::map<long, lob::v5::BookT<lob::ChecksumSink, 16u>::Level, std::__1::less<void>, std::__1::allocator<std::__1::pair<long const, lob::v5::BookT<lob::ChecksumSink, 16u>::Level> > >&) const
407 131 0 0 29 0 0 0 0 0
fn=lob::v5::BookT<lob::ChecksumSink, 16u>::alloc_node(unsigned long, lob::Side, long, unsigned int)
0 54348 0 0 16 0 0 96 1 1
388 135550 1 1 54220 0 0 0 0 0
391 16 0 0 0 0 0 0 0 0
407 3128628 0 0 795712 0 0 0 0 0
475 27094 0 0 0 0 0 0 0 0
844 32 0 0 0 0 0 0 0 0
902 48 1 1 0 0 0 0 0 0
905 112 1 1 0 0 0 0 0 0
1128 16 0 0 0 0 0 0 0 0
1131 32 1 1 0 0 0 0 0 0
1146 81330 0 0 27110 0 0 0 0 0
1149 27094 0 0 0 0 0 0 0 0
1152 27110 0 0 0 0 0 27110 0 0
fn=lob::v5::BookT<lob::ChecksumSink, 16u>::remove_node(unsigned int)
407 3690452 1 1 795712 0 0 0 0 0
fn=lob::v5::BookT<lob::ChecksumSink, 16u>::rest(unsigned long, lob::Side, long, unsigned int)
407 2203016 0 0 795712 0 0 0 0 0
fn=void lob::v5::BookT<lob::ChecksumSink, 16u>::cancel_in<boost::unordered::unordered_flat_map<unsigned int, unsigned int, boost::hash<unsigned int>, std::__1::equal_to<unsigned int>, std::__1::allocator<std::__1::pair<unsigned int const, unsigned int> > >, unsigned int>(boost::unordered::unordered_flat_map<unsigned int, unsigned int, boost::hash<unsigned int>, std::__1::equal_to<unsigned int>, std::__1::allocator<std::__1::pair<unsigned int const, unsigned int> > >&, unsigned int, unsigned long)
407 3182848 1 1 795712 8 5 0 0 0
fn=void lob::v5::BookT<lob::ChecksumSink, 16u>::modify_in<boost::unordered::unordered_flat_map<unsigned int, unsigned int, boost::hash<unsigned int>, std::__1::equal_to<unsigned int>, std::__1::allocator<std::__1::pair<unsigned int const, unsigned int> > >, unsigned int>(boost::unordered::unordered_flat_map<unsigned int, unsigned int, boost::hash<unsigned int>, std::__1::equal_to<unsigned int>, std::__1::allocator<std::__1::pair<unsigned int const, unsigned int> > >&, unsigned int, unsigned long, long, unsigned int)
407 70892 0 0 17723 0 0 0 0 0
fl=/usr/include/c++/v1/map
fn=unsigned int lob::v5::BookT<lob::ChecksumSink, 16u>::match<(lob::Side)0>(unsigned long, long, unsigned int)
1031 800838 0 0 400419 4 0 0 0 0
fn=unsigned int lob::v5::BookT<lob::ChecksumSink, 16u>::match<(lob::Side)1>(unsigned long, long, unsigned int)
1031 790585 0 0 395293 2 1 0 0 0
fl=???
fn=???
0 663 5 5 433 193 13 0 0 0
fn=operator delete(void*)
0 380 0 0 76 0 0 76 0 0
fn=operator delete(void*, unsigned long)
0 380 1 1 76 0 0 76 0 0
fn=operator new(unsigned long)
0 1326 2 2 234 0 0 312 0 0
summary: 395143174 293 282 107404255 1745510 620059 58688865 939042 68802
