==80974== Cachegrind, a high-precision tracing profiler
==80974== Copyright (C) 2002-2017, and GNU GPL'd, by Nicholas Nethercote et al.
==80974== Using Valgrind-3.22.0 and LibVEX; rerun with -h for copyright info
==80974== Command: /home/wang/sources/cxx/book/build/profile/book replay --workload data/syn_deep_s42.ops --version v12
==80974== 
==80974== 
==80974== I refs:        172,418,010
==80974== I1  misses:            318
==80974== LLi misses:            313
==80974== I1  miss rate:        0.00%
==80974== LLi miss rate:        0.00%
==80974== 
==80974== D refs:         68,286,942  (49,366,408 rd   + 18,920,534 wr)
==80974== D1  misses:      4,047,046  ( 2,404,253 rd   +  1,642,793 wr)
==80974== LLd misses:        415,146  (   375,237 rd   +     39,909 wr)
==80974== D1  miss rate:         5.9% (       4.9%     +        8.7%  )
==80974== LLd miss rate:         0.6% (       0.8%     +        0.2%  )
==80974== 
==80974== LL refs:         4,047,364  ( 2,404,571 rd   +  1,642,793 wr)
==80974== LL misses:         415,459  (   375,550 rd   +     39,909 wr)
==80974== LL miss rate:          0.2% (       0.2%     +        0.2%  )
