desc: I1 cache:         32768 B, 64 B, 8-way associative
desc: D1 cache:         49152 B, 64 B, 12-way associative
desc: LL cache:         6291456 B, 64 B, 12-way associative
cmd: /home/wang/sources/cxx/book/build/profile/book replay --workload data/itch12302019_QQQ.ops --version v9
events: Ir I1mr ILmr Dr D1mr DLmr Dw D1mw DLmw 
fl=./malloc/./malloc/arena.c
fn=free
153 372 0 0 0 0 0 0 0 0
fn=malloc
153 254 0 0 0 0 0 0 0 0
fl=./malloc/./malloc/malloc.c
fn=_int_free
1792 109 0 0 109 9 0 0 0 0
1992 12 1 1 4 0 0 0 0 0
3163 30 1 1 15 0 0 15 0 0
3165 60 0 0 15 6 5 15 0 0
3166 15 0 0 0 0 0 15 0 0
3167 30 0 0 0 0 0 15 0 0
4495 868 1 1 0 0 0 496 2 0
4499 372 1 1 124 0 0 0 0 0
4505 496 0 0 0 0 0 0 0 0
4506 248 0 0 0 0 0 0 0 0
4510 620 0 0 0 0 0 0 0 0
4517 248 0 0 0 0 0 0 0 0
4518 744 1 1 372 10 0 0 0 0
4521 19 0 0 0 0 0 0 0 0
4527 57 0 0 38 4 2 0 0 0
4547 95 1 1 38 3 1 0 0 0
4550 15 0 0 0 0 0 0 0 0
4561 218 0 0 0 0 0 0 0 0
4572 16 0 0 4 1 0 0 0 0
4574 12 0 0 4 2 0 0 0 0
4593 4 0 0 0 0 0 0 0 0
4595 4 0 0 0 0 0 4 2 0
4596 4 0 0 0 0 0 0 0 0
4600 12 0 0 4 0 0 0 0 0
4602 8 0 0 4 2 0 0 0 0
4606 8 0 0 0 0 0 0 0 0
4608 12 0 0 0 0 0 4 0 0
4609 4 0 0 0 0 0 4 0 0
4628 16 0 0 0 0 0 0 0 0
4637 210 0 0 105 0 0 0 0 0
4640 210 0 0 105 8 0 0 0 0
4643 210 1 1 0 0 0 0 0 0
4646 210 0 0 0 0 0 0 0 0
4658 639 1 1 515 0 0 0 0 0
fn=_int_free_maybe_consolidate
4770 1155 1 1 105 7 0 735 0 0
4776 210 0 0 0 0 0 0 0 0
4778 100 0 0 25 0 0 0 0 0
4781 75 0 0 0 0 0 0 0 0
4784 125 2 2 75 13 1 0 0 0
4785 15 0 0 9 0 0 0 0 0
4798 1143 1 1 936 0 0 0 0 0
fn=_int_free_merge_chunk
1992 315 0 0 105 0 0 0 0 0
4665 840 1 1 0 0 0 630 4 0
4666 105 0 0 0 0 0 0 0 0
4670 630 0 0 105 7 0 0 0 0
4673 420 1 1 105 7 0 0 0 0
4675 315 1 1 105 23 0 0 0 0
4678 315 0 0 105 7 0 0 0 0
4681 210 0 0 0 0 0 0 0 0
4682 210 0 0 0 0 0 0 0 0
4683 210 0 0 105 8 0 0 0 0
4689 210 1 1 105 0 0 0 0 0
4691 13 0 0 13 0 0 0 0 0
4692 13 0 0 0 0 0 0 0 0
4693 13 0 0 0 0 0 0 0 0
4694 52 0 0 13 4 0 0 0 0
4696 26 0 0 0 0 0 13 0 0
4701 315 0 0 0 0 0 0 0 0
4702 735 0 0 630 0 0 0 0 0
4714 210 0 0 105 0 0 0 0 0
4720 168 0 0 84 2 0 0 0 0
4721 66 0 0 0 0 0 33 0 0
4722 66 0 0 0 0 0 0 0 0
4724 51 0 0 51 0 0 0 0 0
4732 84 0 0 0 0 0 0 0 0
4733 336 1 1 84 0 0 0 0 0
4734 168 0 0 84 0 0 0 0 0
4736 84 0 0 0 0 0 84 0 0
4738 168 0 0 0 0 0 0 0 0
4740 252 1 1 0 0 0 84 0 0
4743 84 0 0 0 0 0 84 0 0
4744 84 0 0 0 0 0 84 0 0
4746 252 0 0 0 0 0 84 0 0
4747 84 0 0 0 0 0 84 0 0
4756 21 0 0 0 0 0 0 0 0
4757 63 0 0 0 0 0 21 0 0
4758 42 1 1 0 0 0 21 0 0
fn=_int_malloc
1326 254 0 0 0 0 0 0 0 0
1345 762 0 0 0 0 0 0 0 0
1794 127 1 1 127 0 0 0 0 0
1985 150 0 0 50 0 0 0 0 0
2008 12 0 0 3 0 0 0 0 0
2552 42 0 0 14 14 6 14 5 2
2553 3 1 1 0 0 0 3 0 0
2564 14 1 1 7 7 2 0 0 0
2565 12 0 0 8 0 0 0 0 0
2568 16 0 0 4 0 0 0 0 0
2576 24 0 0 4 0 0 8 1 0
2577 8 0 0 0 0 0 0 0 0
2589 12 0 0 3 0 0 3 0 0
2590 6 0 0 0 0 0 3 0 0
2599 36 1 1 9 0 0 0 0 0
2605 9 0 0 6 0 0 0 0 0
2608 9 1 1 0 0 0 0 0 0
2669 9 1 1 3 0 0 3 0 0
2677 6 0 0 3 0 0 0 0 0
2678 9 0 0 3 0 0 3 0 0
2691 9 1 1 3 0 0 0 0 0
2693 3 0 0 3 0 0 0 0 0
2699 15 0 0 3 0 0 3 0 0
2707 6 0 0 0 0 0 0 0 0
2709 12 2 2 0 0 0 6 1 0
2710 9 0 0 3 0 0 0 0 0
2711 3 0 0 0 0 0 0 0 0
2712 3 0 0 0 0 0 0 0 0
2715 6 0 0 0 0 0 0 0 0
2744 21 1 1 9 0 0 0 0 0
2746 6 1 1 0 0 0 3 0 0
2752 24 0 0 3 0 0 0 0 0
2753 18 0 0 3 0 0 3 0 0
2921 9 1 1 6 0 0 0 0 0
2922 3 0 0 0 0 0 3 0 0
2926 3 0 0 3 0 0 0 0 0
2930 15 1 1 6 0 0 0 0 0
2932 3 0 0 0 0 0 0 0 0
2933 3 0 0 0 0 0 0 0 0
2934 3 0 0 0 0 0 3 0 0
2935 21 0 0 0 0 0 3 0 0
2936 6 0 0 0 0 0 3 3 3
2938 3 0 0 0 0 0 0 0 0
3846 1397 2 2 127 31 3 889 9 1
3887 254 0 0 0 0 0 0 0 0
3914 254 0 0 0 0 0 0 0 0
3916 52 0 0 0 0 0 0 0 0
3919 13 0 0 13 4 1 0 0 0
3921 26 0 0 0 0 0 0 0 0
3930 39 2 2 0 0 0 0 0 0
3977 228 1 1 0 0 0 0 0 0
3979 50 0 0 0 0 0 0 0 0
3980 34 1 1 0 0 0 0 0 0
3982 51 0 0 17 9 5 0 0 0
4039 1077 1 1 0 0 0 0 0 0
4040 330 0 0 110 30 2 0 0 0
4058 381 1 1 127 0 0 0 0 0
4059 381 0 0 0 0 0 127 1 1
4060 381 1 1 254 0 0 0 0 0
4069 202 0 0 0 0 0 101 0 0
4070 885 1 1 209 34 3 127 0 0
4072 125 0 0 125 5 0 0 0 0
4073 250 0 0 125 22 1 0 0 0
4074 125 0 0 0 0 0 0 0 0
4076 250 0 0 0 0 0 0 0 0
4077 375 1 1 125 31 1 0 0 0
4079 125 0 0 125 28 1 0 0 0
4080 500 0 0 0 0 0 0 0 0
4082 500 0 0 125 0 0 0 0 0
4084 250 1 1 125 7 0 0 0 0
4085 250 0 0 125 0 0 0 0 0
4087 250 0 0 0 0 0 0 0 0
4098 500 0 0 0 0 0 0 0 0
4099 20 1 1 10 0 0 0 0 0
4100 14 0 0 0 0 0 0 0 0
4101 7 0 0 0 0 0 0 0 0
4104 7 0 0 0 0 0 0 0 0
4105 7 1 1 0 0 0 0 0 0
4106 7 0 0 0 0 0 7 0 0
4107 21 0 0 0 0 0 7 0 0
4108 21 1 1 0 0 0 7 7 0
4109 14 0 0 0 0 0 0 0 0
4111 14 0 0 0 0 0 7 1 0
4115 56 0 0 0 0 0 7 0 0
4117 21 1 1 0 0 0 7 0 0
4118 7 0 0 0 0 0 7 0 0
4121 43 0 0 0 0 0 0 0 0
4122 21 0 0 0 0 0 7 0 0
4123 7 0 0 0 0 0 0 0 0
4127 118 0 0 0 0 0 118 0 0
4128 118 0 0 0 0 0 118 0 0
4132 236 0 0 0 0 0 0 0 0
4134 72 0 0 0 0 0 36 0 0
4135 108 0 0 0 0 0 0 0 0
4140 72 0 0 0 0 0 0 0 0
4161 175 2 2 0 0 0 0 0 0
4163 60 0 0 0 0 0 30 0 0
4164 120 0 0 0 0 0 0 0 0
4165 30 0 0 30 15 0 0 0 0
4169 718 2 2 0 0 0 52 0 0
4170 154 1 1 0 0 0 0 0 0
4171 52 0 0 52 33 3 0 0 0
4174 104 0 0 0 0 0 0 0 0
4177 2 0 0 0 0 0 0 0 0
4179 8 0 0 4 2 0 0 0 0
4180 4 0 0 0 0 0 0 0 0
4186 4 1 1 0 0 0 1 0 0
4187 1 0 0 1 0 0 0 0 0
4188 3 0 0 0 0 0 2 0 0
4192 3 1 1 1 0 0 0 0 0
4193 2 0 0 0 0 0 0 0 0
4199 1 0 0 0 0 0 0 0 0
4202 2 1 1 1 1 0 0 0 0
4212 1 1 1 1 0 0 0 0 0
4213 2 0 0 1 0 0 0 0 0
4218 200 0 0 0 0 0 50 2 0
4221 574 2 2 164 32 1 0 0 0
4222 82 0 0 0 0 0 82 0 0
4223 82 0 0 0 0 0 82 0 0
4224 82 0 0 0 0 0 82 0 0
4225 82 0 0 0 0 0 82 0 0
4230 164 0 0 164 0 0 0 0 0
4231 164 0 0 0 0 0 0 0 0
4240 328 1 1 164 0 0 0 0 0
4246 116 0 0 0 0 0 0 0 0
4257 252 1 1 0 0 0 0 0 0
4259 296 0 0 0 0 0 0 0 0
4262 222 0 0 74 17 8 0 0 0
4263 110 1 1 26 0 0 0 0 0
4266 26 0 0 26 0 0 0 0 0
4267 156 0 0 26 0 0 0 0 0
4273 52 1 1 26 0 0 0 0 0
4278 78 0 0 0 0 0 26 0 0
4279 78 0 0 0 0 0 52 16 0
4282 104 0 0 52 0 0 0 0 0
4291 26 0 0 0 0 0 0 0 0
4295 104 1 1 26 0 0 0 0 0
4296 52 0 0 26 0 0 0 0 0
4299 26 0 0 0 0 0 26 11 0
4300 26 0 0 0 0 0 26 0 0
4301 26 0 0 0 0 0 26 0 0
4302 52 0 0 0 0 0 0 0 0
4304 4 0 0 0 0 0 2 2 1
4307 208 1 1 0 0 0 26 0 0
4309 78 0 0 0 0 0 26 0 0
4310 26 0 0 0 0 0 26 0 0
4313 26 0 0 0 0 0 0 0 0
4330 58 0 0 0 0 0 0 0 0
4331 116 0 0 0 0 0 0 0 0
4332 116 0 0 0 0 0 0 0 0
4333 116 0 0 58 7 3 0 0 0
4334 348 0 0 0 0 0 0 0 0
4339 271 1 1 0 0 0 0 0 0
4343 265 1 1 0 0 0 0 0 0
4346 176 1 1 44 0 0 0 0 0
4348 20 0 0 0 0 0 0 0 0
4349 10 0 0 0 0 0 0 0 0
4353 150 0 0 0 0 0 0 0 0
4355 49 0 0 0 0 0 0 0 0
4357 98 0 0 0 0 0 0 0 0
4361 26 0 0 26 7 0 0 0 0
4364 52 0 0 0 0 0 0 0 0
4366 60 0 0 0 0 0 12 0 0
4367 12 0 0 0 0 0 0 0 0
4368 12 0 0 0 0 0 0 0 0
4373 56 1 1 14 4 0 0 0 0
4376 28 0 0 0 0 0 0 0 0
4378 42 1 1 0 0 0 14 0 0
4381 42 0 0 0 0 0 28 5 0
4384 56 0 0 28 0 0 0 0 0
4394 14 0 0 0 0 0 0 0 0
4399 56 0 0 14 0 0 0 0 0
4400 28 1 1 14 0 0 0 0 0
4403 14 0 0 0 0 0 14 6 0
4404 14 0 0 0 0 0 14 0 0
4405 14 0 0 0 0 0 14 0 0
4408 28 0 0 0 0 0 0 0 0
4409 4 0 0 0 0 0 4 0 0
4410 28 0 0 0 0 0 0 0 0
4412 12 0 0 0 0 0 6 2 0
4415 112 1 1 0 0 0 14 0 0
4417 42 0 0 0 0 0 14 0 0
4418 14 0 0 0 0 0 14 0 0
4421 14 0 0 0 0 0 0 0 0
4443 44 1 1 44 0 0 0 0 0
4444 88 0 0 44 9 3 0 0 0
4446 88 0 0 44 4 3 0 0 0
4449 132 0 0 0 0 0 0 0 0
4451 37 0 0 0 0 0 0 0 0
4452 74 1 1 0 0 0 0 0 0
4453 37 0 0 0 0 0 37 0 0
4454 296 1 1 0 0 0 37 0 0
4456 74 0 0 0 0 0 37 18 17
4459 126 0 0 0 0 0 0 0 0
4460 210 0 0 0 0 0 70 9 1
4461 70 0 0 0 0 0 0 0 0
4466 28 0 0 7 0 0 7 0 0
4482 11 0 0 0 0 0 0 0 0
4487 1524 2 2 1143 0 0 0 0 0
fn=alloc_perturb
1985 231 1 1 77 0 0 0 0 0
1987 77 0 0 77 0 0 0 0 0
fn=free
3359 889 2 2 0 0 0 508 0 0
3363 254 0 0 0 0 0 0 0 0
3371 254 0 0 254 72 7 0 0 0
3373 127 0 0 0 0 0 0 0 0
3375 381 0 0 127 21 3 0 0 0
3379 9 1 1 3 3 0 0 0 0
3381 12 0 0 3 3 0 0 0 0
3383 6 0 0 0 0 0 3 0 0
3384 6 0 0 0 0 0 3 0 0
3385 3 0 0 0 0 0 0 0 0
3388 6 0 0 0 0 0 3 0 0
3392 372 0 0 248 17 0 0 0 0
3398 372 1 1 0 0 0 124 5 0
3401 127 0 0 0 0 0 127 0 0
3402 762 1 1 635 0 0 0 0 0
fn=malloc
1326 258 0 0 0 0 0 0 0 0
1345 645 1 1 0 0 0 0 0 0
3178 4 0 0 2 1 1 0 0 0
3182 4 0 0 0 0 0 0 0 0
3186 8 0 0 2 1 1 2 0 0
3190 4 0 0 0 0 0 2 0 0
3191 2 0 0 0 0 0 2 0 0
3294 1032 1 1 0 0 0 516 6 1
3301 258 0 0 129 32 3 0 0 0
3311 258 0 0 0 0 0 0 0 0
3313 516 0 0 258 64 6 0 0 0
3316 258 0 0 129 34 3 0 0 0
3318 57 1 1 19 6 2 0 0 0
3326 254 1 1 127 48 3 0 0 0
3328 508 1 1 0 0 0 127 26 2
3329 635 1 1 127 0 0 0 0 0
3354 774 1 1 645 0 0 0 0 0
fn=munmap_chunk
3024 6 1 1 0 0 0 3 0 0
3025 6 0 0 6 6 0 0 0 0
3026 9 0 0 3 0 0 0 0 0
3028 6 0 0 0 0 0 0 0 0
3030 3 0 0 0 0 0 0 0 0
3031 9 0 0 3 0 0 0 0 0
3032 3 0 0 0 0 0 0 0 0
3038 12 0 0 0 0 0 0 0 0
3039 15 1 1 0 0 0 0 0 0
3042 3 0 0 6 0 0 0 0 0
3043 9 0 0 6 0 0 0 0 0
3048 6 0 0 0 0 0 0 0 0
3049 3 0 0 3 0 0 0 0 0
fn=sysmalloc_mmap.isra.0
2008 16 0 0 4 0 0 0 0 0
2400 24 1 1 0 0 0 16 3 1
2413 12 0 0 0 0 0 0 0 0
2418 8 0 0 0 0 0 0 0 0
2421 40 1 1 0 0 0 4 0 0
2424 8 1 1 0 0 0 0 0 0
2428 8 0 0 0 0 0 0 0 0
2432 16 0 0 0 0 0 4 0 0
2448 12 0 0 0 0 0 0 0 0
2466 4 0 0 0 0 0 4 4 4
2467 12 1 1 0 0 0 4 0 0
2471 12 0 0 8 0 0 0 0 0
2472 16 0 0 6 0 0 0 0 0
2475 12 1 1 8 0 0 0 0 0
2476 18 0 0 7 0 0 0 0 0
2481 28 0 0 20 0 0 0 0 0
fn=systrim.constprop.0
2957 18 1 1 0 0 0 12 0 0
2966 9 0 0 6 0 0 0 0 0
2968 3 0 0 0 0 0 0 0 0
2969 6 0 0 0 0 0 0 0 0
2970 2 0 0 0 0 0 0 0 0
2974 9 0 0 3 0 0 0 0 0
2975 3 0 0 0 0 0 0 0 0
2978 15 1 1 6 6 0 0 0 0
2980 6 0 0 0 0 0 0 0 0
2987 3 0 0 0 0 0 1 0 0
2988 4 0 0 1 0 0 0 0 0
3000 3 1 1 0 0 0 1 0 0
3001 2 0 0 0 0 0 1 0 0
3003 1 0 0 0 0 0 0 0 0
3005 2 0 0 0 0 0 0 0 0
3009 2 0 0 0 0 0 0 0 0
3012 1 0 0 1 0 0 0 0 0
3013 4 0 0 1 0 0 1 0 0
3015 2 0 0 0 0 0 0 0 0
3020 18 0 0 15 0 0 0 0 0
fn=unlink_chunk.isra.0
1608 172 1 1 0 0 0 86 0 0
1610 430 0 0 172 4 0 0 0 0
1613 172 0 0 172 2 0 0 0 0
1614 172 0 0 86 0 0 0 0 0
1616 344 1 1 172 4 0 0 0 0
1619 86 0 0 0 0 0 86 0 0
1620 86 0 0 0 0 0 86 0 0
1621 334 0 0 54 5 0 0 0 0
1623 100 0 0 50 0 0 0 0 0
1624 150 0 0 100 0 0 0 0 0
1627 100 0 0 50 2 0 0 0 0
1641 50 0 0 0 0 0 50 0 0
1642 50 0 0 0 0 0 50 0 0
1645 172 1 1 172 0 0 0 0 0
fl=./malloc/./malloc/morecore.c
fn=__glibc_morecore
25 18 1 1 0 0 0 6 0 0
26 12 0 0 6 0 0 0 0 0
29 6 0 0 0 0 0 6 0 0
30 12 0 0 0 0 0 0 0 0
34 12 0 0 12 0 0 0 0 0
fl=./misc/../sysdeps/unix/syscall-template.S
fn=munmap
117 15 2 2 0 0 0 0 0 0
122 3 0 0 3 0 0 0 0 0
fl=./misc/../sysdeps/unix/sysv/linux/brk.c
fn=brk
36 4 1 1 0 0 0 0 0 0
37 8 0 0 4 0 0 4 0 0
38 8 0 0 0 0 0 0 0 0
44 4 0 0 0 0 0 0 0 0
45 4 0 0 4 0 0 0 0 0
fl=./misc/../sysdeps/unix/sysv/linux/brk_call.h
fn=brk
24 8 0 0 0 0 0 0 0 0
fl=./misc/../sysdeps/unix/sysv/linux/mmap64.c
fn=mmap
47 28 1 1 0 0 0 12 1 0
50 8 0 0 0 0 0 0 0 0
53 28 1 1 0 0 0 0 0 0
58 24 1 1 0 0 0 0 0 0
60 16 0 0 16 0 0 0 0 0
fl=./misc/../sysdeps/unix/sysv/linux/setvmaname.c
fn=__set_vma_name
33 28 2 2 0 0 0 16 0 0
35 20 0 0 8 4 3 4 3 2
49 36 0 0 28 0 0 0 0 0
fl=./misc/./misc/sbrk.c
fn=sbrk
37 48 1 1 0 0 0 24 2 2
40 12 0 0 12 8 4 0 0 0
43 12 1 1 6 4 2 0 0 0
58 12 0 0 0 0 0 0 0 0
62 12 0 0 0 0 0 0 0 0
66 16 1 1 0 0 0 0 0 0
68 2 0 0 0 0 0 0 0 0
74 12 1 1 0 0 0 4 2 0
78 42 0 0 30 0 0 0 0 0
fl=./string/../sysdeps/x86_64/multiarch/memmove-vec-unaligned-erms.S
fn=__memcpy_avx_unaligned_erms
255 15 1 1 0 0 0 0 0 0
256 15 0 0 0 0 0 0 0 0
262 15 0 0 0 0 0 0 0 0
263 15 0 0 0 0 0 0 0 0
265 13 0 0 13 6 1 0 0 0
266 13 0 0 0 0 0 0 0 0
267 13 0 0 0 0 0 0 0 0
270 1 0 0 1 0 0 0 0 0
271 1 0 0 0 0 0 1 0 0
272 1 0 0 0 0 0 1 0 0
275 2 0 0 1 0 0 0 0 0
305 2 0 0 0 0 0 0 0 0
306 2 0 0 0 0 0 0 0 0
308 1 0 0 0 0 0 0 0 0
309 1 0 0 0 0 0 0 0 0
311 1 0 0 0 0 0 0 0 0
315 1 0 0 0 0 0 0 0 0
316 1 1 1 0 0 0 0 0 0
317 1 0 0 0 0 0 0 0 0
325 1 0 0 1 0 0 0 0 0
342 1 0 0 1 0 0 0 0 0
343 1 0 0 1 0 0 0 0 0
344 1 0 0 0 0 0 1 0 0
345 1 0 0 0 0 0 1 0 0
347 1 0 0 1 0 0 0 0 0
375 1 1 1 1 0 0 0 0 0
376 1 0 0 1 0 0 0 0 0
377 1 0 0 0 0 0 1 0 0
378 1 0 0 0 0 0 1 0 0
379 1 0 0 0 0 0 1 0 0
380 1 0 0 0 0 0 1 0 0
381 2 0 0 1 0 0 0 0 0
386 12 1 1 12 7 1 0 0 0
387 12 0 0 0 0 0 0 0 0
392 7 0 0 0 0 0 0 0 0
393 7 0 0 0 0 0 0 0 0
395 2 0 0 2 0 0 0 0 0
396 2 0 0 0 0 0 0 0 0
397 2 0 0 0 0 0 0 0 0
399 1 0 0 1 0 0 0 0 0
400 1 0 0 1 0 0 0 0 0
401 1 0 0 1 0 0 0 0 0
402 1 0 0 1 0 0 0 0 0
403 1 0 0 1 0 0 0 0 0
404 1 1 1 1 0 0 0 0 0
405 1 0 0 0 0 0 1 0 0
406 1 0 0 0 0 0 1 1 1
407 1 0 0 0 0 0 1 0 0
408 1 0 0 0 0 0 1 1 1
409 1 0 0 0 0 0 1 0 0
410 1 0 0 0 0 0 1 0 0
411 1 0 0 0 0 0 1 0 0
412 1 0 0 0 0 0 1 0 0
413 2 0 0 1 0 0 0 0 0
417 5 0 0 0 0 0 0 0 0
418 5 0 0 0 0 0 0 0 0
422 5 0 0 0 0 0 0 0 0
424 5 1 1 0 0 0 0 0 0
428 5 0 0 5 4 1 0 0 0
429 5 0 0 0 0 0 0 0 0
440 5 0 0 0 0 0 0 0 0
443 5 0 0 0 0 0 0 0 0
445 5 0 0 0 0 0 0 0 0
447 5 0 0 0 0 0 0 0 0
451 5 0 0 0 0 0 0 0 0
452 5 0 0 0 0 0 0 0 0
461 5 0 0 5 0 0 0 0 0
462 5 0 0 5 0 0 0 0 0
464 5 0 0 0 0 0 0 0 0
466 5 0 0 0 0 0 0 0 0
467 5 1 1 5 0 0 0 0 0
468 5 0 0 5 0 0 0 0 0
471 5 0 0 0 0 0 0 0 0
473 5 0 0 0 0 0 0 0 0
475 5 0 0 0 0 0 0 0 0
477 10 0 0 0 0 0 0 0 0
483 88 0 0 88 17 0 0 0 0
484 88 0 0 88 1 0 0 0 0
485 88 0 0 88 16 0 0 0 0
486 88 0 0 88 3 0 0 0 0
487 88 0 0 0 0 0 0 0 0
488 88 0 0 0 0 0 88 77 77
489 88 0 0 0 0 0 88 11 0
490 88 1 1 0 0 0 88 77 77
491 88 0 0 0 0 0 88 11 0
492 88 0 0 0 0 0 0 0 0
493 88 0 0 0 0 0 0 0 0
494 88 0 0 0 0 0 0 0 0
496 5 0 0 0 0 0 5 0 0
497 5 0 0 0 0 0 5 4 4
498 5 0 0 0 0 0 5 0 0
499 5 0 0 0 0 0 5 0 0
501 5 0 0 0 0 0 5 0 0
505 10 0 0 5 0 0 0 0 0
563 5 1 1 5 3 1 0 0 0
570 5 0 0 0 0 0 0 0 0
571 5 0 0 0 0 0 0 0 0
577 1 0 0 0 0 0 0 0 0
580 1 0 0 0 0 0 0 0 0
582 1 0 0 0 0 0 0 0 0
585 1 0 0 0 0 0 0 0 0
586 1 0 0 0 0 0 0 0 0
588 1 0 0 0 0 0 0 0 0
590 49121 0 0 49120 750 0 49120 768 767
592 1 0 0 0 0 0 1 1 0
594 1 0 0 0 0 0 1 0 0
596 2 0 0 1 1 0 0 0 0
601 5 1 1 0 0 0 0 0 0
602 5 0 0 0 0 0 0 0 0
606 5 0 0 0 0 0 0 0 0
608 5 0 0 0 0 0 0 0 0
611 5 0 0 0 0 0 0 0 0
615 5 0 0 5 5 1 0 0 0
616 5 0 0 0 0 0 0 0 0
620 5 0 0 5 0 0 0 0 0
624 5 0 0 0 0 0 0 0 0
648 4 0 0 0 0 0 0 0 0
650 4 0 0 0 0 0 0 0 0
652 4 0 0 0 0 0 0 0 0
654 4 1 1 0 0 0 0 0 0
657 4 0 0 0 0 0 0 0 0
658 4 0 0 0 0 0 0 0 0
660 331620 0 0 331616 5028 2263 331616 5183 3275
663 4 0 0 0 0 0 4 3 0
665 4 0 0 0 0 0 4 2 0
667 8 0 0 4 3 0 0 0 0
fl=./string/../sysdeps/x86_64/multiarch/memset-vec-unaligned-erms.S
fn=__memset_avx2_unaligned_erms
158 102 1 1 0 0 0 0 0 0
159 204 0 0 0 0 0 0 0 0
164 102 0 0 0 0 0 0 0 0
165 102 0 0 0 0 0 0 0 0
166 102 0 0 0 0 0 0 0 0
167 102 0 0 0 0 0 0 0 0
168 102 0 0 0 0 0 0 0 0
170 29 0 0 0 0 0 29 4 3
171 29 0 0 0 0 0 29 0 0
172 58 0 0 29 0 0 0 0 0
181 15 0 0 0 0 0 15 1 0
182 15 0 0 0 0 0 15 0 0
184 30 0 0 15 0 0 0 0 0
237 73 1 1 73 27 2 0 0 0
238 73 0 0 0 0 0 0 0 0
244 68 0 0 0 0 0 68 26 6
245 68 0 0 0 0 0 68 17 4
257 68 0 0 0 0 0 0 0 0
260 68 0 0 0 0 0 0 0 0
261 68 0 0 0 0 0 0 0 0
273 53 0 0 0 0 0 53 7 2
274 53 0 0 0 0 0 53 15 3
287 53 0 0 0 0 0 0 0 0
288 53 0 0 0 0 0 0 0 0
290 53 0 0 0 0 0 0 0 0
293 11 0 0 0 0 0 0 0 0
296 11 0 0 0 0 0 0 0 0
299 52 0 0 0 0 0 52 34 14
300 52 0 0 0 0 0 52 9 9
301 52 0 0 0 0 0 52 43 15
302 52 0 0 0 0 0 52 9 9
303 52 0 0 0 0 0 0 0 0
304 52 0 0 0 0 0 0 0 0
305 63 0 0 0 0 0 0 0 0
308 53 1 1 0 0 0 53 6 1
309 53 0 0 0 0 0 53 6 1
310 53 0 0 0 0 0 53 6 1
311 53 0 0 0 0 0 53 0 0
314 106 0 0 53 0 0 0 0 0
325 5 1 1 0 0 0 0 0 0
326 5 0 0 0 0 0 0 0 0
327 5 0 0 0 0 0 0 0 0
328 61445 0 0 0 0 0 61440 960 960
329 5 0 0 0 0 0 0 0 0
330 10 0 0 5 0 0 0 0 0
fl=/home/wang/git-repositories/vcpkg/installed/x64-linux-clang-libcxx/include/boost/unordered/detail/foa/core.hpp
fn=_ZN5boost9unordered6detail3foa10table_coreINS2_14flat_map_typesImN3lob2v95BookTINS5_12ChecksumSinkELj16EE3LocEEENS2_7group15INS2_14plain_integralEEENS2_12table_arraysENS2_18plain_size_controlENS_4hashImEENSt3__18equal_toImEENSJ_9allocatorINSJ_4pairIKmSA_EEEEE22for_all_elements_whileIZNSR_22for_all_elements_whileIZNSR_16for_all_elementsIZNSR_16unchecked_rehashERNSF_ISP_SE_NS2_16pow2_size_policyESQ_EEEUlPSP_E_EEDTcmclfL1p0_LDnEEcvv_EERKSW_T_EUlSY_E_EES10_S12_S13_EUlPSE_jSY_E_EEDTcmclfp0_LDnELi0ELDnEEcvv_EES12_S13_
0 44674 1 1 41978 6 0 887 3 0
296 91286 1 1 45643 1576 0 0 0 0
297 41409 0 0 0 0 0 0 0 0
313 4234 0 0 0 0 0 0 0 0
389 82182 0 0 41091 0 0 0 0 0
849 41091 0 0 0 0 0 0 0 0
882 636 0 0 318 0 0 0 0 0
927 123273 1 1 0 0 0 0 0 0
1033 102 1 1 102 0 0 0 0 0
1034 101 0 0 101 0 0 0 0 0
1955 41091 0 0 41091 0 0 0 0 0
1961 25404 0 0 0 0 0 0 0 0
2032 41091 0 0 41091 0 0 0 0 0
2063 204 0 0 0 0 0 0 0 0
2064 4537 0 0 101 0 0 0 0 0
2065 8468 0 0 0 0 0 0 0 0
2067 94884 0 0 0 0 0 0 0 0
2069 82182 0 0 0 0 0 0 0 0
2075 204 1 1 102 0 0 0 0 0
2292 82182 0 0 82182 0 0 0 0 0
2350 41091 0 0 41091 0 0 0 0 0
2373 165636 1 1 0 0 0 0 0 0
2375 42082 0 0 0 0 0 0 0 0
2377 123273 0 0 41091 0 0 0 0 0
fn=auto lob::for_each_type<std::__1::tuple<lob::v0::Book<lob::ChecksumSink>, lob::v1::Book<lob::ChecksumSink>, lob::v2::Book<lob::ChecksumSink>, lob::v3::BookT<lob::ChecksumSink, 16u>, lob::v4::BookT<lob::ChecksumSink, 16u>, lob::v5::BookT<lob::ChecksumSink, 16u>, lob::v7::BookT<lob::ChecksumSink, 16u>, lob::v8::BookT<lob::ChecksumSink, 16u>, lob::v9::BookT<lob::ChecksumSink, 16u>, lob::v10::BookT<lob::ChecksumSink, 16u> >, (anonymous namespace)::with_version<(anonymous namespace)::cmd_replay((anonymous namespace)::Args const&)::$_0>(std::__1::basic_string_view<char, std::__1::char_traits<char> >, (anonymous namespace)::cmd_replay((anonymous namespace)::Args const&)::$_0&&)::{lambda<typename $T0>()#1}>((anonymous namespace)::with_version<(anonymous namespace)::cmd_replay((anonymous namespace)::Args const&)::$_0>(std::__1::basic_string_view<char, std::__1::char_traits<char> >, (anonymous namespace)::cmd_replay((anonymous namespace)::Args const&)::$_0&&)::{lambda<typename $T0>()#1}&&)::{lambda<unsigned long... $N0>(std::__1::integer_sequence<unsigned long, ($N0)...>)#1}::operator()<0ul, 1ul, 2ul, 3ul, 4ul, 5ul, 6ul, 7ul, 8ul, 9ul>(std::__1::integer_sequence<unsigned long, 0ul, 1ul, 2ul, 3ul, 4ul, 5ul, 6ul, 7ul, 8ul, 9ul>) const
0 7392373 2 2 2442192 0 0 0 0 0
271 4944318 0 0 0 0 0 0 0 0
272 3729085 0 0 0 0 0 0 0 0
279 7386510 1 1 3693255 1 1 0 0 0
336 2472159 0 0 2472159 470610 1 0 0 0
404 2442192 0 0 0 0 0 0 0 0
849 17095344 1 1 7326576 161 58 0 0 0
881 29967 0 0 0 0 0 0 0 0
882 89901 0 0 0 0 0 0 0 0
883 29967 0 0 0 0 0 0 0 0
927 2570726 0 0 0 0 0 0 0 0
1727 4944318 0 0 0 0 0 0 0 0
1729 2472159 0 0 0 0 0 0 0 0
1732 2513852 1 1 0 0 0 0 0 0
1733 1256926 0 0 0 0 0 0 0 0
1737 3820325 0 0 0 0 0 0 0 0
1743 128534 0 0 0 0 0 0 0 0
1745 1251063 0 0 0 0 0 0 0 0
1750 29967 0 0 0 0 0 0 0 0
1955 2442192 0 0 2442192 1 1 0 0 0
2266 8547672 1 1 2442192 16 3 1221096 0 0
fn=boost::unordered::detail::foa::table_core<boost::unordered::detail::foa::flat_map_types<unsigned long, lob::v9::BookT<lob::ChecksumSink, 16u>::Loc>, boost::unordered::detail::foa::group15<boost::unordered::detail::foa::plain_integral>, boost::unordered::detail::foa::table_arrays, boost::unordered::detail::foa::plain_size_control, boost::hash<unsigned long>, std::__1::equal_to<unsigned long>, std::__1::allocator<std::__1::pair<unsigned long const, lob::v9::BookT<lob::ChecksumSink, 16u>::Loc> > >::unchecked_rehash(boost::unordered::detail::foa::table_arrays<std::__1::pair<unsigned long const, lob::v9::BookT<lob::ChecksumSink, 16u>::Loc>, boost::unordered::detail::foa::group15<boost::unordered::detail::foa::plain_integral>, boost::unordered::detail::foa::pow2_size_policy, std::__1::allocator<std::__1::pair<unsigned long const, lob::v9::BookT<lob::ChecksumSink, 16u>::Loc> > >&)
0 408 0 0 0 0 0 102 0 0
1033 204 0 0 204 6 2 0 0 0
1096 204 0 0 0 0 0 0 0 0
1108 101 0 0 101 0 0 0 0 0
1113 202 0 0 0 0 0 0 0 0
1563 1224 1 1 204 7 0 0 0 0
1811 510 1 1 102 0 0 0 0 0
2025 510 0 0 0 0 0 306 0 0
2054 102 0 0 0 0 0 102 0 0
2288 510 1 1 0 0 0 204 0 0
2289 102 1 1 0 0 0 102 0 0
2320 204 1 1 102 0 0 102 0 0
2321 102 0 0 0 0 0 102 0 0
2322 510 0 0 306 0 0 0 0 0
fn=boost::unordered::detail::foa::table_locator<boost::unordered::detail::foa::group15<boost::unordered::detail::foa::plain_integral>, std::__1::pair<unsigned long const, lob::v9::BookT<lob::ChecksumSink, 16u>::Loc> > boost::unordered::detail::foa::table_core<boost::unordered::detail::foa::flat_map_types<unsigned long, lob::v9::BookT<lob::ChecksumSink, 16u>::Loc>, boost::unordered::detail::foa::group15<boost::unordered::detail::foa::plain_integral>, boost::unordered::detail::foa::table_arrays, boost::unordered::detail::foa::plain_size_control, boost::hash<unsigned long>, std::__1::equal_to<unsigned long>, std::__1::allocator<std::__1::pair<unsigned long const, lob::v9::BookT<lob::ChecksumSink, 16u>::Loc> > >::unchecked_emplace_with_rehash<boost::unordered::detail::foa::try_emplace_args_t, unsigned long&, lob::v9::BookT<lob::ChecksumSink, 16u>::Loc>(unsigned long, boost::unordered::detail::foa::try_emplace_args_t&&, unsigned long&, lob::v9::BookT<lob::ChecksumSink, 16u>::Loc&&)
0 1836 1 1 306 0 0 0 0 0
296 204 0 0 102 0 0 0 0 0
297 204 0 0 0 0 0 0 0 0
389 306 0 0 102 0 0 0 0 0
837 408 0 0 0 0 0 0 0 0
842 204 0 0 0 0 0 0 0 0
849 102 0 0 0 0 0 0 0 0
859 204 1 1 0 0 0 0 0 0
927 204 0 0 0 0 0 0 0 0
1031 408 1 1 0 0 0 408 26 2
1051 204 0 0 0 0 0 102 0 0
1057 408 0 0 0 0 0 0 0 0
1058 306 1 1 0 0 0 0 0 0
1059 102 0 0 0 0 0 0 0 0
1066 102 0 0 0 0 0 0 0 0
1073 204 0 0 0 0 0 0 0 0
1085 102 0 0 0 0 0 0 0 0
1108 102 0 0 0 0 0 0 0 0
1113 102 0 0 0 0 0 0 0 0
1125 306 0 0 0 0 0 102 0 0
1126 102 0 0 0 0 0 0 0 0
1689 102 0 0 102 0 0 0 0 0
1983 1020 1 1 0 0 0 612 0 0
1988 408 1 1 0 0 0 306 0 0
1999 204 0 0 0 0 0 102 0 0
2000 102 0 0 102 0 0 0 0 0
2002 918 0 0 714 7 2 0 0 0
2132 1836 1 1 204 30 3 0 0 0
2373 204 0 0 0 0 0 0 0 0
2375 102 0 0 0 0 0 0 0 0
2377 408 1 1 0 0 0 0 0 0
fn=lob::v9::BookT<lob::ChecksumSink, 16u>::modify(unsigned long, long, unsigned int)
0 333071 1 1 82992 0 0 41028 0 0
271 82374 0 0 0 0 0 0 0 0
272 82219 1 1 0 0 0 0 0 0
279 159 0 0 159 0 0 0 0 0
336 41187 0 0 41187 566 0 0 0 0
849 287196 1 1 123084 0 0 0 0 0
881 159 0 0 0 0 0 0 0 0
882 477 0 0 0 0 0 0 0 0
883 159 0 0 0 0 0 0 0 0
927 83928 0 0 0 0 0 0 0 0
1727 82374 0 0 0 0 0 0 0 0
1729 41187 0 0 0 0 0 0 0 0
1732 82064 0 0 0 0 0 0 0 0
1733 41032 0 0 0 0 0 0 0 0
1737 83928 0 0 0 0 0 0 0 0
1743 1872 0 0 0 0 0 0 0 0
1745 159 0 0 0 0 0 0 0 0
1750 159 0 0 0 0 0 0 0 0
1955 41028 0 0 41028 0 0 0 0 0
fn=lob::v9::BookT<lob::ChecksumSink, 16u>::rest(unsigned long, lob::Side, long, unsigned int)
0 18830415 3 3 6132717 4 1 1221096 0 0
271 2485876 1 1 0 0 0 0 0 0
272 1278258 0 0 0 0 0 0 0 0
279 2485876 1 1 1242938 4 1 0 0 0
296 2461008 0 0 1230504 61 0 0 0 0
297 2451498 1 1 0 0 0 0 0 0
336 1242938 0 0 1242938 4 0 0 0 0
849 1221096 0 0 0 0 0 0 0 0
881 21842 0 0 0 0 0 0 0 0
882 84546 0 0 0 0 0 0 0 0
883 21842 0 0 0 0 0 0 0 0
927 2513516 0 0 0 0 0 0 0 0
1727 2485876 0 0 0 0 0 0 0 0
1729 1242938 0 0 0 0 0 0 0 0
1732 70640 0 0 0 0 0 0 0 0
1733 35320 0 0 0 0 0 0 0 0
1737 71528 0 0 0 0 0 0 0 0
1743 71528 0 0 0 0 0 0 0 0
1745 1242938 0 0 0 0 0 0 0 0
1750 21842 0 0 0 0 0 0 0 0
1955 1221096 0 0 1221096 0 0 0 0 0
1970 1220994 0 0 1220994 0 0 0 0 0
2373 4922016 0 0 0 0 0 0 0 0
2375 1250609 0 0 0 0 0 0 0 0
2377 3662982 0 0 0 0 0 0 0 0
fl=/home/wang/git-repositories/vcpkg/installed/x64-linux-clang-libcxx/include/boost/unordered/detail/foa/table.hpp
fn=_ZN5boost9unordered6detail3foa10table_coreINS2_14flat_map_typesImN3lob2v95BookTINS5_12ChecksumSinkELj16EE3LocEEENS2_7group15INS2_14plain_integralEEENS2_12table_arraysENS2_18plain_size_controlENS_4hashImEENSt3__18equal_toImEENSJ_9allocatorINSJ_4pairIKmSA_EEEEE22for_all_elements_whileIZNSR_22for_all_elements_whileIZNSR_16for_all_elementsIZNSR_16unchecked_rehashERNSF_ISP_SE_NS2_16pow2_size_policyESQ_EEEUlPSP_E_EEDTcmclfL1p0_LDnEEcvv_EERKSW_T_EUlSY_E_EES10_S12_S13_EUlPSE_jSY_E_EEDTcmclfp0_LDnELi0ELDnEEcvv_EES12_S13_
40 41091 0 0 0 0 0 41091 0 0
46 318 0 0 318 0 0 0 0 0
fn=auto lob::for_each_type<std::__1::tuple<lob::v0::Book<lob::ChecksumSink>, lob::v1::Book<lob::ChecksumSink>, lob::v2::Book<lob::ChecksumSink>, lob::v3::BookT<lob::ChecksumSink, 16u>, lob::v4::BookT<lob::ChecksumSink, 16u>, lob::v5::BookT<lob::ChecksumSink, 16u>, lob::v7::BookT<lob::ChecksumSink, 16u>, lob::v8::BookT<lob::ChecksumSink, 16u>, lob::v9::BookT<lob::ChecksumSink, 16u>, lob::v10::BookT<lob::ChecksumSink, 16u> >, (anonymous namespace)::with_version<(anonymous namespace)::cmd_replay((anonymous namespace)::Args const&)::$_0>(std::__1::basic_string_view<char, std::__1::char_traits<char> >, (anonymous namespace)::cmd_replay((anonymous namespace)::Args const&)::$_0&&)::{lambda<typename $T0>()#1}>((anonymous namespace)::with_version<(anonymous namespace)::cmd_replay((anonymous namespace)::Args const&)::$_0>(std::__1::basic_string_view<char, std::__1::char_traits<char> >, (anonymous namespace)::cmd_replay((anonymous namespace)::Args const&)::$_0&&)::{lambda<typename $T0>()#1}&&)::{lambda<unsigned long... $N0>(std::__1::integer_sequence<unsigned long, ($N0)...>)#1}::operator()<0ul, 1ul, 2ul, 3ul, 4ul, 5ul, 6ul, 7ul, 8ul, 9ul>(std::__1::integer_sequence<unsigned long, 0ul, 1ul, 2ul, 3ul, 4ul, 5ul, 6ul, 7ul, 8ul, 9ul>) const
40 1221096 0 0 0 0 0 1221096 0 0
fn=boost::unordered::detail::foa::table_locator<boost::unordered::detail::foa::group15<boost::unordered::detail::foa::plain_integral>, std::__1::pair<unsigned long const, lob::v9::BookT<lob::ChecksumSink, 16u>::Loc> > boost::unordered::detail::foa::table_core<boost::unordered::detail::foa::flat_map_types<unsigned long, lob::v9::BookT<lob::ChecksumSink, 16u>::Loc>, boost::unordered::detail::foa::group15<boost::unordered::detail::foa::plain_integral>, boost::unordered::detail::foa::table_arrays, boost::unordered::detail::foa::plain_size_control, boost::hash<unsigned long>, std::__1::equal_to<unsigned long>, std::__1::allocator<std::__1::pair<unsigned long const, lob::v9::BookT<lob::ChecksumSink, 16u>::Loc> > >::unchecked_emplace_with_rehash<boost::unordered::detail::foa::try_emplace_args_t, unsigned long&, lob::v9::BookT<lob::ChecksumSink, 16u>::Loc>(unsigned long, boost::unordered::detail::foa::try_emplace_args_t&&, unsigned long&, lob::v9::BookT<lob::ChecksumSink, 16u>::Loc&&)
0 306 1 1 102 0 0 102 0 0
40 204 0 0 0 0 0 204 0 0
fn=lob::v9::BookT<lob::ChecksumSink, 16u>::rest(unsigned long, lob::Side, long, unsigned int)
0 102 0 0 0 0 0 0 0 0
40 1220994 0 0 0 0 0 1220994 0 0
46 9510 0 0 9510 0 0 0 0 0
640 3663288 0 0 2442192 0 0 0 0 0
650 306 1 1 0 0 0 102 0 0
fl=/home/wang/git-repositories/vcpkg/installed/x64-linux-clang-libcxx/include/boost/unordered/detail/mulx.hpp
fn=_ZN5boost9unordered6detail3foa10table_coreINS2_14flat_map_typesImN3lob2v95BookTINS5_12ChecksumSinkELj16EE3LocEEENS2_7group15INS2_14plain_integralEEENS2_12table_arraysENS2_18plain_size_controlENS_4hashImEENSt3__18equal_toImEENSJ_9allocatorINSJ_4pairIKmSA_EEEEE22for_all_elements_whileIZNSR_22for_all_elements_whileIZNSR_16for_all_elementsIZNSR_16unchecked_rehashERNSF_ISP_SE_NS2_16pow2_size_policyESQ_EEEUlPSP_E_EEDTcmclfL1p0_LDnEEcvv_EERKSW_T_EUlSY_E_EES10_S12_S13_EUlPSE_jSY_E_EEDTcmclfp0_LDnELi0ELDnEEcvv_EES12_S13_
45 41091 0 0 41091 6259 915 0 0 0
46 41091 0 0 0 0 0 0 0 0
fn=auto lob::for_each_type<std::__1::tuple<lob::v0::Book<lob::ChecksumSink>, lob::v1::Book<lob::ChecksumSink>, lob::v2::Book<lob::ChecksumSink>, lob::v3::BookT<lob::ChecksumSink, 16u>, lob::v4::BookT<lob::ChecksumSink, 16u>, lob::v5::BookT<lob::ChecksumSink, 16u>, lob::v7::BookT<lob::ChecksumSink, 16u>, lob::v8::BookT<lob::ChecksumSink, 16u>, lob::v9::BookT<lob::ChecksumSink, 16u>, lob::v10::BookT<lob::ChecksumSink, 16u> >, (anonymous namespace)::with_version<(anonymous namespace)::cmd_replay((anonymous namespace)::Args const&)::$_0>(std::__1::basic_string_view<char, std::__1::char_traits<char> >, (anonymous namespace)::cmd_replay((anonymous namespace)::Args const&)::$_0&&)::{lambda<typename $T0>()#1}>((anonymous namespace)::with_version<(anonymous namespace)::cmd_replay((anonymous namespace)::Args const&)::$_0>(std::__1::basic_string_view<char, std::__1::char_traits<char> >, (anonymous namespace)::cmd_replay((anonymous namespace)::Args const&)::$_0&&)::{lambda<typename $T0>()#1}&&)::{lambda<unsigned long... $N0>(std::__1::integer_sequence<unsigned long, ($N0)...>)#1}::operator()<0ul, 1ul, 2ul, 3ul, 4ul, 5ul, 6ul, 7ul, 8ul, 9ul>(std::__1::integer_sequence<unsigned long, 0ul, 1ul, 2ul, 3ul, 4ul, 5ul, 6ul, 7ul, 8ul, 9ul>) const
45 7326576 0 0 0 0 0 0 0 0
46 2442192 0 0 0 0 0 0 0 0
fn=lob::v9::BookT<lob::ChecksumSink, 16u>::modify(unsigned long, long, unsigned int)
45 41028 0 0 0 0 0 0 0 0
46 41028 0 0 0 0 0 0 0 0
fn=lob::v9::BookT<lob::ChecksumSink, 16u>::rest(unsigned long, lob::Side, long, unsigned int)
45 1221096 0 0 0 0 0 0 0 0
46 1221096 0 0 0 0 0 0 0 0
fl=/home/wang/sources/cxx/book/include/lob/events.hpp
fn=auto lob::for_each_type<std::__1::tuple<lob::v0::Book<lob::ChecksumSink>, lob::v1::Book<lob::ChecksumSink>, lob::v2::Book<lob::ChecksumSink>, lob::v3::BookT<lob::ChecksumSink, 16u>, lob::v4::BookT<lob::ChecksumSink, 16u>, lob::v5::BookT<lob::ChecksumSink, 16u>, lob::v7::BookT<lob::ChecksumSink, 16u>, lob::v8::BookT<lob::ChecksumSink, 16u>, lob::v9::BookT<lob::ChecksumSink, 16u>, lob::v10::BookT<lob::ChecksumSink, 16u> >, (anonymous namespace)::with_version<(anonymous namespace)::cmd_replay((anonymous namespace)::Args const&)::$_0>(std::__1::basic_string_view<char, std::__1::char_traits<char> >, (anonymous namespace)::cmd_replay((anonymous namespace)::Args const&)::$_0&&)::{lambda<typename $T0>()#1}>((anonymous namespace)::with_version<(anonymous namespace)::cmd_replay((anonymous namespace)::Args const&)::$_0>(std::__1::basic_string_view<char, std::__1::char_traits<char> >, (anonymous namespace)::cmd_replay((anonymous namespace)::Args const&)::$_0&&)::{lambda<typename $T0>()#1}&&)::{lambda<unsigned long... $N0>(std::__1::integer_sequence<unsigned long, ($N0)...>)#1}::operator()<0ul, 1ul, 2ul, 3ul, 4ul, 5ul, 6ul, 7ul, 8ul, 9ul>(std::__1::integer_sequence<unsigned long, 0ul, 1ul, 2ul, 3ul, 4ul, 5ul, 6ul, 7ul, 8ul, 9ul>) const
0 9768768 1 1 1221096 0 0 1221096 0 0
92 1221096 0 0 1221096 0 0 0 0 0
93 2442192 0 0 1221096 0 0 0 0 0
fn=lob::v9::BookT<lob::ChecksumSink, 16u>::modify(unsigned long, long, unsigned int)
92 41028 0 0 41028 0 0 0 0 0
93 410280 0 0 82056 0 0 41028 0 0
fn=lob::v9::BookT<lob::ChecksumSink, 16u>::rest(unsigned long, lob::Side, long, unsigned int)
81 1221096 0 0 1221096 0 0 0 0 0
92 1221096 0 0 1221096 0 0 0 0 0
93 15874248 1 1 4884384 18 5 1221096 0 0
fl=/home/wang/sources/cxx/book/include/lob/replay.hpp
fn=auto lob::for_each_type<std::__1::tuple<lob::v0::Book<lob::ChecksumSink>, lob::v1::Book<lob::ChecksumSink>, lob::v2::Book<lob::ChecksumSink>, lob::v3::BookT<lob::ChecksumSink, 16u>, lob::v4::BookT<lob::ChecksumSink, 16u>, lob::v5::BookT<lob::ChecksumSink, 16u>, lob::v7::BookT<lob::ChecksumSink, 16u>, lob::v8::BookT<lob::ChecksumSink, 16u>, lob::v9::BookT<lob::ChecksumSink, 16u>, lob::v10::BookT<lob::ChecksumSink, 16u> >, (anonymous namespace)::with_version<(anonymous namespace)::cmd_replay((anonymous namespace)::Args const&)::$_0>(std::__1::basic_string_view<char, std::__1::char_traits<char> >, (anonymous namespace)::cmd_replay((anonymous namespace)::Args const&)::$_0&&)::{lambda<typename $T0>()#1}>((anonymous namespace)::with_version<(anonymous namespace)::cmd_replay((anonymous namespace)::Args const&)::$_0>(std::__1::basic_string_view<char, std::__1::char_traits<char> >, (anonymous namespace)::cmd_replay((anonymous namespace)::Args const&)::$_0&&)::{lambda<typename $T0>()#1}&&)::{lambda<unsigned long... $N0>(std::__1::integer_sequence<unsigned long, ($N0)...>)#1}::operator()<0ul, 1ul, 2ul, 3ul, 4ul, 5ul, 6ul, 7ul, 8ul, 9ul>(std::__1::integer_sequence<unsigned long, 0ul, 1ul, 2ul, 3ul, 4ul, 5ul, 6ul, 7ul, 8ul, 9ul>) const
0 2483223 1 1 2483221 310403 310403 1 0 0
21 12334044 1 1 2483220 463723 463714 0 0 0
23 3663288 2 2 3663288 151956 151956 0 0 0
27 1221096 0 0 0 0 0 0 0 0
29 205140 0 0 82056 5136 5136 41028 0 0
37 2483221 0 0 0 0 0 0 0 0
fl=/home/wang/sources/cxx/book/include/lob/v3/hier_bitmap.hpp
fn=auto lob::for_each_type<std::__1::tuple<lob::v0::Book<lob::ChecksumSink>, lob::v1::Book<lob::ChecksumSink>, lob::v2::Book<lob::ChecksumSink>, lob::v3::BookT<lob::ChecksumSink, 16u>, lob::v4::BookT<lob::ChecksumSink, 16u>, lob::v5::BookT<lob::ChecksumSink, 16u>, lob::v7::BookT<lob::ChecksumSink, 16u>, lob::v8::BookT<lob::ChecksumSink, 16u>, lob::v9::BookT<lob::ChecksumSink, 16u>, lob::v10::BookT<lob::ChecksumSink, 16u> >, (anonymous namespace)::with_version<(anonymous namespace)::cmd_replay((anonymous namespace)::Args const&)::$_0>(std::__1::basic_string_view<char, std::__1::char_traits<char> >, (anonymous namespace)::cmd_replay((anonymous namespace)::Args const&)::$_0&&)::{lambda<typename $T0>()#1}>((anonymous namespace)::with_version<(anonymous namespace)::cmd_replay((anonymous namespace)::Args const&)::$_0>(std::__1::basic_string_view<char, std::__1::char_traits<char> >, (anonymous namespace)::cmd_replay((anonymous namespace)::Args const&)::$_0&&)::{lambda<typename $T0>()#1}&&)::{lambda<unsigned long... $N0>(std::__1::integer_sequence<unsigned long, ($N0)...>)#1}::operator()<0ul, 1ul, 2ul, 3ul, 4ul, 5ul, 6ul, 7ul, 8ul, 9ul>(std::__1::integer_sequence<unsigned long, 0ul, 1ul, 2ul, 3ul, 4ul, 5ul, 6ul, 7ul, 8ul, 9ul>) const
0 1373 1 1 35 0 0 0 0 0
78 3663240 0 0 1221080 0 0 0 0 0
79 3663240 0 0 1221080 2343 50 0 0 0
80 1221080 0 0 0 0 0 0 0 0
83 1338 0 0 0 0 0 0 0 0
84 4154 0 0 1373 9 0 0 0 0
fn=lob::v9::BookT<lob::ChecksumSink, 16u>::add(unsigned long, lob::Side, long, unsigned int)
48 4884384 1 1 2442192 46 6 0 0 0
95 6105475 0 0 0 0 0 0 0 0
fn=lob::v9::BookT<lob::ChecksumSink, 16u>::rest(unsigned long, lob::Side, long, unsigned int)
0 70 0 0 0 0 0 0 0 0
57 2443498 0 0 0 0 0 0 0 0
58 3667254 0 0 1222418 696 119 0 0 0
59 3667324 1 1 2444871 1 1 2444836 13 2
fl=/home/wang/sources/cxx/book/include/lob/v9/book.hpp
fn=auto lob::for_each_type<std::__1::tuple<lob::v0::Book<lob::ChecksumSink>, lob::v1::Book<lob::ChecksumSink>, lob::v2::Book<lob::ChecksumSink>, lob::v3::BookT<lob::ChecksumSink, 16u>, lob::v4::BookT<lob::ChecksumSink, 16u>, lob::v5::BookT<lob::ChecksumSink, 16u>, lob::v7::BookT<lob::ChecksumSink, 16u>, lob::v8::BookT<lob::ChecksumSink, 16u>, lob::v9::BookT<lob::ChecksumSink, 16u>, lob::v10::BookT<lob::ChecksumSink, 16u> >, (anonymous namespace)::with_version<(anonymous namespace)::cmd_replay((anonymous namespace)::Args const&)::$_0>(std::__1::basic_string_view<char, std::__1::char_traits<char> >, (anonymous namespace)::cmd_replay((anonymous namespace)::Args const&)::$_0&&)::{lambda<typename $T0>()#1}>((anonymous namespace)::with_version<(anonymous namespace)::cmd_replay((anonymous namespace)::Args const&)::$_0>(std::__1::basic_string_view<char, std::__1::char_traits<char> >, (anonymous namespace)::cmd_replay((anonymous namespace)::Args const&)::$_0&&)::{lambda<typename $T0>()#1}&&)::{lambda<unsigned long... $N0>(std::__1::integer_sequence<unsigned long, ($N0)...>)#1}::operator()<0ul, 1ul, 2ul, 3ul, 4ul, 5ul, 6ul, 7ul, 8ul, 9ul>(std::__1::integer_sequence<unsigned long, 0ul, 1ul, 2ul, 3ul, 4ul, 5ul, 6ul, 7ul, 8ul, 9ul>) const
0 9768723 2 2 4884319 11 2 1221096 0 0
98 2442192 0 0 0 0 0 0 0 0
99 2442192 0 0 0 0 0 0 0 0
101 6105480 1 1 0 0 0 1221096 4 0
107 2442192 0 0 2442192 75145 602 0 0 0
109 1221096 0 0 1221096 0 0 0 0 0
249 3663240 0 0 0 0 0 0 0 0
284 2442192 0 0 1221096 2 2 0 0 0
286 2442192 0 0 1221096 0 0 0 0 0
288 1221096 0 0 1221096 0 0 0 0 0
289 12210960 1 1 0 0 0 0 0 0
305 25 0 0 7 0 0 9 0 0
306 34 0 0 0 0 0 9 0 0
329 2442182 0 0 1221091 0 0 1221091 0 0
330 1221091 0 0 0 0 0 1221091 0 0
352 2442182 0 0 1221091 9198 36 0 0 0
353 2442182 0 0 1221091 0 0 0 0 0
356 3663273 0 0 0 0 0 0 0 0
357 4884364 1 1 0 0 0 0 0 0
358 1221091 0 0 0 0 0 1221091 57294 325
359 1221091 0 0 0 0 0 1221091 27862 149
360 1221091 0 0 1221091 1158 139 0 0 0
460 1221096 0 0 0 0 0 0 0 0
461 1221096 1 1 1221096 0 0 0 0 0
462 3663240 1 1 1221080 0 0 0 0 0
463 1221080 0 0 1221080 11515 1568 0 0 0
465 1221080 0 0 1221080 0 0 0 0 0
468 8547560 1 1 2442160 189 18 0 0 0
470 32 0 0 0 0 0 32 0 0
472 11 0 0 0 0 0 0 0 0
473 11 0 0 11 1 0 0 0 0
475 11 0 0 11 0 0 0 0 0
476 1221104 0 0 11 0 0 0 0 0
481 32 0 0 16 0 0 0 0 0
482 15 0 0 0 0 0 5 1 0
fn=auto lob::v9::BookT<lob::ChecksumSink, 16u>::erase(boost::unordered::detail::foa::table_iterator<boost::unordered::detail::foa::flat_map_types<unsigned long, lob::v9::BookT<lob::ChecksumSink, 16u>::Loc>, boost::unordered::detail::foa::group15<boost::unordered::detail::foa::plain_integral>*, false>)::{lambda(auto:1&)#1}::operator()<std::__1::map<long, lob::v9::BookT<lob::ChecksumSink, 16u>::Level, std::__1::greater<void>, std::__1::allocator<std::__1::pair<long const, lob::v9::BookT<lob::ChecksumSink, 16u>::Level> > > >(std::__1::map<long, lob::v9::BookT<lob::ChecksumSink, 16u>::Level, std::__1::greater<void>, std::__1::allocator<std::__1::pair<long const, lob::v9::BookT<lob::ChecksumSink, 16u>::Level> > >&) const
0 10 0 0 5 0 0 0 0 0
305 6 1 1 0 0 0 3 0 0
306 8 0 0 2 0 0 3 0 0
329 10 1 1 5 0 0 5 0 0
330 5 0 0 0 0 0 5 0 0
352 10 0 0 5 0 0 0 0 0
353 10 0 0 5 0 0 0 0 0
356 15 0 0 0 0 0 0 0 0
357 20 0 0 0 0 0 0 0 0
358 5 0 0 0 0 0 5 1 0
359 5 0 0 0 0 0 5 1 0
360 5 0 0 5 0 0 0 0 0
470 15 1 1 0 0 0 15 0 0
471 5 0 0 5 0 0 0 0 0
472 5 1 1 0 0 0 0 0 0
473 15 0 0 15 1 1 0 0 0
475 5 0 0 5 0 0 0 0 0
476 10 0 0 5 0 0 0 0 0
480 20 0 0 20 0 0 0 0 0
fn=lob::v9::BookT<lob::ChecksumSink, 16u>::add(unsigned long, lob::Side, long, unsigned int)
0 8547672 0 0 6105480 0 0 0 0 0
293 2442190 0 0 2442190 0 0 0 0 0
369 3663288 0 0 0 0 0 0 0 0
370 3663285 0 0 0 0 0 0 0 0
371 3663288 0 0 0 0 0 0 0 0
372 2442192 0 0 1221096 5 1 0 0 0
373 1221096 0 0 0 0 0 0 0 0
374 4884380 0 0 0 0 0 0 0 0
375 2442192 1 1 0 0 0 0 0 0
378 6105480 1 1 0 0 0 6105480 5 1
379 1221096 0 0 0 0 0 0 0 0
fn=lob::v9::BookT<lob::ChecksumSink, 16u>::alloc_node(unsigned long, unsigned int)
0 1221096 0 0 0 0 0 0 0 0
315 8547672 1 1 0 0 0 7326576 7 1
316 2442192 0 0 1221096 0 0 0 0 0
317 1221096 0 0 0 0 0 0 0 0
318 3636747 0 0 1212249 13788 231 1212249 0 0
319 1212249 0 0 0 0 0 0 0 0
320 17694 0 0 0 0 0 0 0 0
324 3672135 0 0 0 0 0 3663288 18507 107
325 9768768 0 0 8547672 4 0 0 0 0
fn=lob::v9::BookT<lob::ChecksumSink, 16u>::modify(unsigned long, long, unsigned int)
0 533364 1 1 246168 333 1 0 0 0
112 492336 2 2 0 0 0 328224 0 0
115 82056 1 1 41028 0 0 0 0 0
116 82056 0 0 0 0 0 0 0 0
119 41028 0 0 41028 341 2 0 0 0
120 164112 0 0 82056 0 0 0 0 0
121 123084 1 1 123084 33 0 0 0 0
122 82056 0 0 41028 0 0 41028 0 0
123 41028 0 0 41028 0 0 0 0 0
131 328224 1 1 287196 0 0 0 0 0
284 82056 0 0 41028 0 0 0 0 0
286 164112 1 1 82056 0 0 0 0 0
288 41028 0 0 41028 0 0 0 0 0
289 369252 1 1 0 0 0 0 0 0
291 123084 0 0 0 0 0 0 0 0
310 82056 0 0 0 0 0 0 0 0
fn=lob::v9::BookT<lob::ChecksumSink, 16u>::rest(unsigned long, lob::Side, long, unsigned int)
0 7377126 1 1 2450601 0 0 1221096 0 0
249 1221080 0 0 0 0 0 0 0 0
262 12 0 0 0 0 0 12 0 0
264 24 0 0 0 0 0 12 0 0
286 3663288 0 0 1221096 0 0 0 0 0
288 1221096 0 0 1221096 0 0 0 0 0
289 12210960 1 1 0 0 0 0 0 0
296 4 0 0 0 0 0 1 0 0
297 1 0 0 0 0 0 1 0 0
305 48 0 0 16 1 0 16 0 0
306 46 0 0 14 1 0 16 0 0
340 2442192 1 1 1221096 14351 2884 0 0 0
342 4884384 1 1 1221096 0 0 0 0 0
343 1221096 0 0 0 0 0 1221096 24947 330
344 2442192 0 0 0 0 0 1221096 0 0
345 1221096 0 0 0 0 0 1221096 0 0
346 1221096 0 0 0 0 0 1221096 0 0
347 1221096 0 0 1221096 4295 610 0 0 0
441 15874248 2 2 0 0 0 9768768 5 1
442 3663288 0 0 0 0 0 1221096 0 0
443 3663298 1 1 1221097 4 0 1221096 0 0
447 3663240 0 0 1221080 0 0 0 0 0
448 6105400 1 1 1221080 0 0 0 0 0
450 68 1 1 40 0 0 0 0 0
454 2442192 0 0 1221096 0 0 0 0 0
455 6105480 0 0 1221096 0 0 3663288 4 0
456 1221096 1 1 1221096 12 3 0 0 0
457 9768768 0 0 8547672 10 2 0 0 0
fl=/home/wang/sources/cxx/book/source/main.cxx
fn=auto lob::for_each_type<std::__1::tuple<lob::v0::Book<lob::ChecksumSink>, lob::v1::Book<lob::ChecksumSink>, lob::v2::Book<lob::ChecksumSink>, lob::v3::BookT<lob::ChecksumSink, 16u>, lob::v4::BookT<lob::ChecksumSink, 16u>, lob::v5::BookT<lob::ChecksumSink, 16u>, lob::v7::BookT<lob::ChecksumSink, 16u>, lob::v8::BookT<lob::ChecksumSink, 16u>, lob::v9::BookT<lob::ChecksumSink, 16u>, lob::v10::BookT<lob::ChecksumSink, 16u> >, (anonymous namespace)::with_version<(anonymous namespace)::cmd_replay((anonymous namespace)::Args const&)::$_0>(std::__1::basic_string_view<char, std::__1::char_traits<char> >, (anonymous namespace)::cmd_replay((anonymous namespace)::Args const&)::$_0&&)::{lambda<typename $T0>()#1}>((anonymous namespace)::with_version<(anonymous namespace)::cmd_replay((anonymous namespace)::Args const&)::$_0>(std::__1::basic_string_view<char, std::__1::char_traits<char> >, (anonymous namespace)::cmd_replay((anonymous namespace)::Args const&)::$_0&&)::{lambda<typename $T0>()#1}&&)::{lambda<unsigned long... $N0>(std::__1::integer_sequence<unsigned long, ($N0)...>)#1}::operator()<0ul, 1ul, 2ul, 3ul, 4ul, 5ul, 6ul, 7ul, 8ul, 9ul>(std::__1::integer_sequence<unsigned long, 0ul, 1ul, 2ul, 3ul, 4ul, 5ul, 6ul, 7ul, 8ul, 9ul>) const
0 1 0 0 0 0 0 0 0 0
293 2 1 1 0 0 0 1 1 1
294 1 0 0 1 1 1 0 0 0
295 9 2 2 0 0 0 6 1 1
fl=/usr/include/c++/v1/__bit/countr.h
fn=lob::v9::BookT<lob::ChecksumSink, 16u>::add(unsigned long, lob::Side, long, unsigned int)
28 4884380 0 0 2442190 52 4 0 0 0
fl=/usr/include/c++/v1/__functional/operations.h
fn=auto lob::for_each_type<std::__1::tuple<lob::v0::Book<lob::ChecksumSink>, lob::v1::Book<lob::ChecksumSink>, lob::v2::Book<lob::ChecksumSink>, lob::v3::BookT<lob::ChecksumSink, 16u>, lob::v4::BookT<lob::ChecksumSink, 16u>, lob::v5::BookT<lob::ChecksumSink, 16u>, lob::v7::BookT<lob::ChecksumSink, 16u>, lob::v8::BookT<lob::ChecksumSink, 16u>, lob::v9::BookT<lob::ChecksumSink, 16u>, lob::v10::BookT<lob::ChecksumSink, 16u> >, (anonymous namespace)::with_version<(anonymous namespace)::cmd_replay((anonymous namespace)::Args const&)::$_0>(std::__1::basic_string_view<char, std::__1::char_traits<char> >, (anonymous namespace)::cmd_replay((anonymous namespace)::Args const&)::$_0&&)::{lambda<typename $T0>()#1}>((anonymous namespace)::with_version<(anonymous namespace)::cmd_replay((anonymous namespace)::Args const&)::$_0>(std::__1::basic_string_view<char, std::__1::char_traits<char> >, (anonymous namespace)::cmd_replay((anonymous namespace)::Args const&)::$_0&&)::{lambda<typename $T0>()#1}&&)::{lambda<unsigned long... $N0>(std::__1::integer_sequence<unsigned long, ($N0)...>)#1}::operator()<0ul, 1ul, 2ul, 3ul, 4ul, 5ul, 6ul, 7ul, 8ul, 9ul>(std::__1::integer_sequence<unsigned long, 0ul, 1ul, 2ul, 3ul, 4ul, 5ul, 6ul, 7ul, 8ul, 9ul>) const
300 1285363 0 0 1285363 150971 5508 0 0 0
375 83 0 0 35 4 4 0 0 0
fn=auto lob::v9::BookT<lob::ChecksumSink, 16u>::erase(boost::unordered::detail::foa::table_iterator<boost::unordered::detail::foa::flat_map_types<unsigned long, lob::v9::BookT<lob::ChecksumSink, 16u>::Loc>, boost::unordered::detail::foa::group15<boost::unordered::detail::foa::plain_integral>*, false>)::{lambda(auto:1&)#1}::operator()<std::__1::map<long, lob::v9::BookT<lob::ChecksumSink, 16u>::Level, std::__1::greater<void>, std::__1::allocator<std::__1::pair<long const, lob::v9::BookT<lob::ChecksumSink, 16u>::Level> > > >(std::__1::map<long, lob::v9::BookT<lob::ChecksumSink, 16u>::Level, std::__1::greater<void>, std::__1::allocator<std::__1::pair<long const, lob::v9::BookT<lob::ChecksumSink, 16u>::Level> > >&) const
462 23 1 1 11 2 1 0 0 0
fn=lob::v9::BookT<lob::ChecksumSink, 16u>::modify(unsigned long, long, unsigned int)
300 41964 0 0 41964 1455 3 0 0 0
fn=lob::v9::BookT<lob::ChecksumSink, 16u>::rest(unsigned long, lob::Side, long, unsigned int)
300 35764 0 0 35764 0 0 0 0 0
375 42 0 0 21 2 0 0 0 0
462 12 0 0 6 1 0 0 0 0
fl=/usr/include/c++/v1/__iterator/wrap_iter.h
fn=auto lob::for_each_type<std::__1::tuple<lob::v0::Book<lob::ChecksumSink>, lob::v1::Book<lob::ChecksumSink>, lob::v2::Book<lob::ChecksumSink>, lob::v3::BookT<lob::ChecksumSink, 16u>, lob::v4::BookT<lob::ChecksumSink, 16u>, lob::v5::BookT<lob::ChecksumSink, 16u>, lob::v7::BookT<lob::ChecksumSink, 16u>, lob::v8::BookT<lob::ChecksumSink, 16u>, lob::v9::BookT<lob::ChecksumSink, 16u>, lob::v10::BookT<lob::ChecksumSink, 16u> >, (anonymous namespace)::with_version<(anonymous namespace)::cmd_replay((anonymous namespace)::Args const&)::$_0>(std::__1::basic_string_view<char, std::__1::char_traits<char> >, (anonymous namespace)::cmd_replay((anonymous namespace)::Args const&)::$_0&&)::{lambda<typename $T0>()#1}>((anonymous namespace)::with_version<(anonymous namespace)::cmd_replay((anonymous namespace)::Args const&)::$_0>(std::__1::basic_string_view<char, std::__1::char_traits<char> >, (anonymous namespace)::cmd_replay((anonymous namespace)::Args const&)::$_0&&)::{lambda<typename $T0>()#1}&&)::{lambda<unsigned long... $N0>(std::__1::integer_sequence<unsigned long, ($N0)...>)#1}::operator()<0ul, 1ul, 2ul, 3ul, 4ul, 5ul, 6ul, 7ul, 8ul, 9ul>(std::__1::integer_sequence<unsigned long, 0ul, 1ul, 2ul, 3ul, 4ul, 5ul, 6ul, 7ul, 8ul, 9ul>) const
65 2483220 0 0 0 0 0 0 0 0
125 2483221 0 0 0 0 0 0 0 0
fl=/usr/include/c++/v1/__math/rounding_functions.h
fn=boost::unordered::detail::foa::table_locator<boost::unordered::detail::foa::group15<boost::unordered::detail::foa::plain_integral>, std::__1::pair<unsigned long const, lob::v9::BookT<lob::ChecksumSink, 16u>::Loc> > boost::unordered::detail::foa::table_core<boost::unordered::detail::foa::flat_map_types<unsigned long, lob::v9::BookT<lob::ChecksumSink, 16u>::Loc>, boost::unordered::detail::foa::group15<boost::unordered::detail::foa::plain_integral>, boost::unordered::detail::foa::table_arrays, boost::unordered::detail::foa::plain_size_control, boost::hash<unsigned long>, std::__1::equal_to<unsigned long>, std::__1::allocator<std::__1::pair<unsigned long const, lob::v9::BookT<lob::ChecksumSink, 16u>::Loc> > >::unchecked_emplace_with_rehash<boost::unordered::detail::foa::try_emplace_args_t, unsigned long&, lob::v9::BookT<lob::ChecksumSink, 16u>::Loc>(unsigned long, boost::unordered::detail::foa::try_emplace_args_t&&, unsigned long&, lob::v9::BookT<lob::ChecksumSink, 16u>::Loc&&)
29 102 0 0 0 0 0 0 0 0
fl=/usr/include/c++/v1/__memory/allocator.h
fn=lob::v9::BookT<lob::ChecksumSink, 16u>::alloc_node(unsigned long, unsigned int)
100 30 0 0 0 0 0 0 0 0
fl=/usr/include/c++/v1/__memory/construct_at.h
fn=lob::v9::BookT<lob::ChecksumSink, 16u>::alloc_node(unsigned long, unsigned int)
38 26541 0 0 0 0 0 17694 3338 1605
fl=/usr/include/c++/v1/__memory/uninitialized_algorithms.h
fn=lob::v9::BookT<lob::ChecksumSink, 16u>::alloc_node(unsigned long, unsigned int)
0 15 0 0 15 4 1 0 0 0
638 60 1 1 0 0 0 15 0 0
fl=/usr/include/c++/v1/__new/allocate.h
fn=auto lob::for_each_type<std::__1::tuple<lob::v0::Book<lob::ChecksumSink>, lob::v1::Book<lob::ChecksumSink>, lob::v2::Book<lob::ChecksumSink>, lob::v3::BookT<lob::ChecksumSink, 16u>, lob::v4::BookT<lob::ChecksumSink, 16u>, lob::v5::BookT<lob::ChecksumSink, 16u>, lob::v7::BookT<lob::ChecksumSink, 16u>, lob::v8::BookT<lob::ChecksumSink, 16u>, lob::v9::BookT<lob::ChecksumSink, 16u>, lob::v10::BookT<lob::ChecksumSink, 16u> >, (anonymous namespace)::with_version<(anonymous namespace)::cmd_replay((anonymous namespace)::Args const&)::$_0>(std::__1::basic_string_view<char, std::__1::char_traits<char> >, (anonymous namespace)::cmd_replay((anonymous namespace)::Args const&)::$_0&&)::{lambda<typename $T0>()#1}>((anonymous namespace)::with_version<(anonymous namespace)::cmd_replay((anonymous namespace)::Args const&)::$_0>(std::__1::basic_string_view<char, std::__1::char_traits<char> >, (anonymous namespace)::cmd_replay((anonymous namespace)::Args const&)::$_0&&)::{lambda<typename $T0>()#1}&&)::{lambda<unsigned long... $N0>(std::__1::integer_sequence<unsigned long, ($N0)...>)#1}::operator()<0ul, 1ul, 2ul, 3ul, 4ul, 5ul, 6ul, 7ul, 8ul, 9ul>(std::__1::integer_sequence<unsigned long, 0ul, 1ul, 2ul, 3ul, 4ul, 5ul, 6ul, 7ul, 8ul, 9ul>) const
63 27 0 0 0 0 0 9 0 0
fn=auto lob::v9::BookT<lob::ChecksumSink, 16u>::erase(boost::unordered::detail::foa::table_iterator<boost::unordered::detail::foa::flat_map_types<unsigned long, lob::v9::BookT<lob::ChecksumSink, 16u>::Loc>, boost::unordered::detail::foa::group15<boost::unordered::detail::foa::plain_integral>*, false>)::{lambda(auto:1&)#1}::operator()<std::__1::map<long, lob::v9::BookT<lob::ChecksumSink, 16u>::Level, std::__1::greater<void>, std::__1::allocator<std::__1::pair<long const, lob::v9::BookT<lob::ChecksumSink, 16u>::Level> > > >(std::__1::map<long, lob::v9::BookT<lob::ChecksumSink, 16u>::Level, std::__1::greater<void>, std::__1::allocator<std::__1::pair<long const, lob::v9::BookT<lob::ChecksumSink, 16u>::Level> > >&) const
63 9 0 0 0 0 0 3 0 0
fn=boost::unordered::detail::foa::table_core<boost::unordered::detail::foa::flat_map_types<unsigned long, lob::v9::BookT<lob::ChecksumSink, 16u>::Loc>, boost::unordered::detail::foa::group15<boost::unordered::detail::foa::plain_integral>, boost::unordered::detail::foa::table_arrays, boost::unordered::detail::foa::plain_size_control, boost::hash<unsigned long>, std::__1::equal_to<unsigned long>, std::__1::allocator<std::__1::pair<unsigned long const, lob::v9::BookT<lob::ChecksumSink, 16u>::Loc> > >::unchecked_rehash(boost::unordered::detail::foa::table_arrays<std::__1::pair<unsigned long const, lob::v9::BookT<lob::ChecksumSink, 16u>::Loc>, boost::unordered::detail::foa::group15<boost::unordered::detail::foa::plain_integral>, boost::unordered::detail::foa::pow2_size_policy, std::__1::allocator<std::__1::pair<unsigned long const, lob::v9::BookT<lob::ChecksumSink, 16u>::Loc> > >&)
57 404 0 0 0 0 0 0 0 0
63 101 0 0 0 0 0 101 0 0
fn=boost::unordered::detail::foa::table_locator<boost::unordered::detail::foa::group15<boost::unordered::detail::foa::plain_integral>, std::__1::pair<unsigned long const, lob::v9::BookT<lob::ChecksumSink, 16u>::Loc> > boost::unordered::detail::foa::table_core<boost::unordered::detail::foa::flat_map_types<unsigned long, lob::v9::BookT<lob::ChecksumSink, 16u>::Loc>, boost::unordered::detail::foa::group15<boost::unordered::detail::foa::plain_integral>, boost::unordered::detail::foa::table_arrays, boost::unordered::detail::foa::plain_size_control, boost::hash<unsigned long>, std::__1::equal_to<unsigned long>, std::__1::allocator<std::__1::pair<unsigned long const, lob::v9::BookT<lob::ChecksumSink, 16u>::Loc> > >::unchecked_emplace_with_rehash<boost::unordered::detail::foa::try_emplace_args_t, unsigned long&, lob::v9::BookT<lob::ChecksumSink, 16u>::Loc>(unsigned long, boost::unordered::detail::foa::try_emplace_args_t&&, unsigned long&, lob::v9::BookT<lob::ChecksumSink, 16u>::Loc&&)
0 408 0 0 0 0 0 306 0 0
37 510 1 1 0 0 0 102 0 0
43 204 0 0 0 0 0 102 0 0
fn=lob::v9::BookT<lob::ChecksumSink, 16u>::alloc_node(unsigned long, unsigned int)
0 59 1 1 59 0 0 0 0 0
37 30 0 0 0 0 0 0 0 0
43 45 0 0 0 0 0 15 0 0
63 42 0 0 0 0 0 14 0 0
fn=lob::v9::BookT<lob::ChecksumSink, 16u>::rest(unsigned long, lob::Side, long, unsigned int)
43 36 1 1 0 0 0 12 0 0
fl=/usr/include/c++/v1/__split_buffer
fn=lob::v9::BookT<lob::ChecksumSink, 16u>::alloc_node(unsigned long, unsigned int)
335 15 0 0 0 0 0 0 0 0
341 30 0 0 0 0 0 0 0 0
fl=/usr/include/c++/v1/__tree
fn=auto lob::for_each_type<std::__1::tuple<lob::v0::Book<lob::ChecksumSink>, lob::v1::Book<lob::ChecksumSink>, lob::v2::Book<lob::ChecksumSink>, lob::v3::BookT<lob::ChecksumSink, 16u>, lob::v4::BookT<lob::ChecksumSink, 16u>, lob::v5::BookT<lob::ChecksumSink, 16u>, lob::v7::BookT<lob::ChecksumSink, 16u>, lob::v8::BookT<lob::ChecksumSink, 16u>, lob::v9::BookT<lob::ChecksumSink, 16u>, lob::v10::BookT<lob::ChecksumSink, 16u> >, (anonymous namespace)::with_version<(anonymous namespace)::cmd_replay((anonymous namespace)::Args const&)::$_0>(std::__1::basic_string_view<char, std::__1::char_traits<char> >, (anonymous namespace)::cmd_replay((anonymous namespace)::Args const&)::$_0&&)::{lambda<typename $T0>()#1}>((anonymous namespace)::with_version<(anonymous namespace)::cmd_replay((anonymous namespace)::Args const&)::$_0>(std::__1::basic_string_view<char, std::__1::char_traits<char> >, (anonymous namespace)::cmd_replay((anonymous namespace)::Args const&)::$_0&&)::{lambda<typename $T0>()#1}&&)::{lambda<unsigned long... $N0>(std::__1::integer_sequence<unsigned long, ($N0)...>)#1}::operator()<0ul, 1ul, 2ul, 3ul, 4ul, 5ul, 6ul, 7ul, 8ul, 9ul>(std::__1::integer_sequence<unsigned long, 0ul, 1ul, 2ul, 3ul, 4ul, 5ul, 6ul, 7ul, 8ul, 9ul>) const
0 110 1 1 54 3 3 0 0 0
105 12 0 0 12 0 0 0 0 0
163 12 0 0 3 1 1 0 0 0
191 36 1 1 9 0 0 0 0 0
193 6 0 0 0 0 0 0 0 0
680 11 0 0 0 0 0 0 0 0
884 11 1 1 11 0 0 0 0 0
915 23 0 0 15 0 0 0 0 0
1824 18 0 0 9 0 0 0 0 0
1825 9 0 0 0 0 0 9 0 0
1826 9 0 0 9 0 0 0 0 0
1827 18 0 0 0 0 0 9 0 0
1994 22 1 1 0 0 0 0 0 0
2049 70 0 0 0 0 0 0 0 0
2050 24 0 0 0 0 0 0 0 0
fn=auto lob::v9::BookT<lob::ChecksumSink, 16u>::erase(boost::unordered::detail::foa::table_iterator<boost::unordered::detail::foa::flat_map_types<unsigned long, lob::v9::BookT<lob::ChecksumSink, 16u>::Loc>, boost::unordered::detail::foa::group15<boost::unordered::detail::foa::plain_integral>*, false>)::{lambda(auto:1&)#1}::operator()<std::__1::map<long, lob::v9::BookT<lob::ChecksumSink, 16u>::Level, std::__1::greater<void>, std::__1::allocator<std::__1::pair<long const, lob::v9::BookT<lob::ChecksumSink, 16u>::Level> > > >(std::__1::map<long, lob::v9::BookT<lob::ChecksumSink, 16u>::Level, std::__1::greater<void>, std::__1::allocator<std::__1::pair<long const, lob::v9::BookT<lob::ChecksumSink, 16u>::Level> > >&) const
0 35 1 1 11 0 0 0 0 0
105 4 0 0 4 0 0 0 0 0
163 4 0 0 1 1 1 0 0 0
191 9 0 0 3 0 0 0 0 0
193 2 0 0 0 0 0 0 0 0
680 5 0 0 0 0 0 0 0 0
862 5 0 0 0 0 0 0 0 0
884 5 0 0 5 0 0 0 0 0
915 4 0 0 2 0 0 0 0 0
1824 6 0 0 3 0 0 0 0 0
1825 3 0 0 0 0 0 3 0 0
1826 3 0 0 3 0 0 0 0 0
1827 6 0 0 0 0 0 3 1 0
1994 10 0 0 0 0 0 0 0 0
2049 22 0 0 0 0 0 0 0 0
2050 6 0 0 0 0 0 0 0 0
fn=lob::v9::BookT<lob::ChecksumSink, 16u>::rest(unsigned long, lob::Side, long, unsigned int)
0 181 1 1 0 0 0 12 0 0
862 16 0 0 0 0 0 0 0 0
884 16 1 1 16 0 0 0 0 0
915 44 0 0 30 0 0 0 0 0
1593 27 0 0 0 0 0 0 0 0
1594 18 0 0 18 0 0 0 0 0
1601 9 0 0 0 0 0 0 0 0
1602 15 0 0 5 0 0 0 0 0
1673 12 0 0 0 0 0 12 0 0
1674 12 0 0 0 0 0 12 0 0
1676 12 0 0 0 0 0 12 0 0
1677 48 0 0 24 0 0 0 0 0
1678 8 0 0 0 0 0 8 0 0
1679 48 1 1 12 0 0 12 0 0
fn=void std::__1::__tree_balance_after_insert[abi:ne210105]<std::__1::__tree_node_base<void*>*>(std::__1::__tree_node_base<void*>*, std::__1::__tree_node_base<void*>*)
0 3 1 1 0 0 0 0 0 0
105 16 1 1 12 0 0 0 0 0
235 1 0 0 1 0 0 0 0 0
236 2 0 0 1 0 0 1 0 0
237 2 0 0 0 0 0 0 0 0
239 1 0 0 0 0 0 1 0 0
241 1 0 0 0 0 0 1 0 0
244 1 0 0 0 0 0 1 0 0
254 1 0 0 1 0 0 0 0 0
255 4 0 0 2 0 0 2 0 0
256 4 0 0 0 0 0 0 0 0
258 4 1 1 2 0 0 2 0 0
259 2 0 0 0 0 0 0 0 0
260 2 0 0 0 0 0 2 0 0
263 2 0 0 0 0 0 2 0 0
278 24 1 1 0 0 0 12 0 0
279 36 0 0 10 0 0 0 0 0
281 4 0 0 0 0 0 0 0 0
282 4 1 1 4 0 0 0 0 0
283 12 0 0 2 0 0 0 0 0
285 2 0 0 0 0 0 2 0 0
287 4 0 0 0 0 0 2 0 0
288 4 0 0 0 0 0 2 0 0
290 3 0 0 0 0 0 0 0 0
295 2 0 0 0 0 0 2 0 0
297 2 0 0 0 0 0 2 0 0
323 12 0 0 12 0 0 0 0 0
569 11 0 0 11 0 0 0 0 0
571 3 0 0 0 0 0 3 0 0
fn=void std::__1::__tree_remove[abi:ne210105]<std::__1::__tree_node_base<void*>*>(std::__1::__tree_node_base<void*>*, std::__1::__tree_node_base<void*>*)
0 29 0 0 3 0 0 3 0 0
105 59 1 1 28 1 1 0 0 0
235 1 0 0 1 0 0 0 0 0
236 2 1 1 1 0 0 1 0 0
237 2 0 0 0 0 0 0 0 0
239 2 0 0 1 0 0 1 0 0
240 1 0 0 0 0 0 0 0 0
241 1 0 0 0 0 0 1 0 0
244 1 0 0 0 0 0 1 0 0
255 2 0 0 1 0 0 1 0 0
256 2 0 0 0 0 0 0 0 0
258 2 1 1 1 0 0 1 0 0
259 1 0 0 0 0 0 0 0 0
262 2 0 0 0 0 0 1 0 0
263 1 1 1 0 0 0 1 0 0
339 48 1 1 12 0 0 0 0 0
341 12 1 1 12 0 0 0 0 0
345 24 0 0 0 0 0 0 0 0
346 12 0 0 4 0 0 4 0 0
347 12 0 0 0 0 0 0 0 0
348 12 0 0 0 0 0 12 0 0
349 24 0 0 0 0 0 0 0 0
350 7 0 0 7 0 0 0 0 0
358 12 0 0 12 0 0 0 0 0
361 31 1 1 0 0 0 0 0 0
379 30 1 1 0 0 0 0 0 0
392 14 0 0 0 0 0 0 0 0
393 4 0 0 0 0 0 4 0 0
401 3 0 0 0 0 0 0 0 0
403 6 1 1 0 0 0 0 0 0
415 11 1 1 4 1 1 0 0 0
416 6 0 0 2 0 0 0 0 0
417 2 0 0 0 0 0 2 0 0
420 7 1 1 1 0 0 0 0 0
429 3 1 1 1 0 0 0 0 0
431 1 0 0 0 0 0 1 0 0
432 1 0 0 0 0 0 1 0 0
439 2 0 0 1 0 0 1 0 0
440 1 0 0 0 0 0 1 0 0
441 1 0 0 0 0 0 1 0 0
492 12 0 0 12 0 0 0 0 0
569 3 0 0 3 0 0 0 0 0
571 1 0 0 0 0 0 1 0 0
fl=/usr/include/c++/v1/__utility/pair.h
fn=_ZN5boost9unordered6detail3foa10table_coreINS2_14flat_map_typesImN3lob2v95BookTINS5_12ChecksumSinkELj16EE3LocEEENS2_7group15INS2_14plain_integralEEENS2_12table_arraysENS2_18plain_size_controlENS_4hashImEENSt3__18equal_toImEENSJ_9allocatorINSJ_4pairIKmSA_EEEEE22for_all_elements_whileIZNSR_22for_all_elements_whileIZNSR_16for_all_elementsIZNSR_16unchecked_rehashERNSF_ISP_SE_NS2_16pow2_size_policyESQ_EEEUlPSP_E_EEDTcmclfL1p0_LDnEEcvv_EERKSW_T_EUlSY_E_EES10_S12_S13_EUlPSE_jSY_E_EEDTcmclfp0_LDnELi0ELDnEEcvv_EES12_S13_
196 164364 0 0 82182 7243 744 82182 16297 14138
fn=boost::unordered::detail::foa::table_locator<boost::unordered::detail::foa::group15<boost::unordered::detail::foa::plain_integral>, std::__1::pair<unsigned long const, lob::v9::BookT<lob::ChecksumSink, 16u>::Loc> > boost::unordered::detail::foa::table_core<boost::unordered::detail::foa::flat_map_types<unsigned long, lob::v9::BookT<lob::ChecksumSink, 16u>::Loc>, boost::unordered::detail::foa::group15<boost::unordered::detail::foa::plain_integral>, boost::unordered::detail::foa::table_arrays, boost::unordered::detail::foa::plain_size_control, boost::hash<unsigned long>, std::__1::equal_to<unsigned long>, std::__1::allocator<std::__1::pair<unsigned long const, lob::v9::BookT<lob::ChecksumSink, 16u>::Loc> > >::unchecked_emplace_with_rehash<boost::unordered::detail::foa::try_emplace_args_t, unsigned long&, lob::v9::BookT<lob::ChecksumSink, 16u>::Loc>(unsigned long, boost::unordered::detail::foa::try_emplace_args_t&&, unsigned long&, lob::v9::BookT<lob::ChecksumSink, 16u>::Loc&&)
445 204 0 0 102 0 0 102 33 12
446 204 0 0 102 0 0 102 11 5
fn=lob::v9::BookT<lob::ChecksumSink, 16u>::rest(unsigned long, lob::Side, long, unsigned int)
445 1221006 0 0 0 0 0 1221006 922797 2245
446 2441988 0 0 1220994 0 0 1220994 239309 4211
fl=/usr/include/c++/v1/__utility/swap.h
fn=lob::v9::BookT<lob::ChecksumSink, 16u>::alloc_node(unsigned long, unsigned int)
44 45 0 0 0 0 0 45 8 0
fl=/usr/include/c++/v1/__vector/vector.h
fn=auto lob::for_each_type<std::__1::tuple<lob::v0::Book<lob::ChecksumSink>, lob::v1::Book<lob::ChecksumSink>, lob::v2::Book<lob::ChecksumSink>, lob::v3::BookT<lob::ChecksumSink, 16u>, lob::v4::BookT<lob::ChecksumSink, 16u>, lob::v5::BookT<lob::ChecksumSink, 16u>, lob::v7::BookT<lob::ChecksumSink, 16u>, lob::v8::BookT<lob::ChecksumSink, 16u>, lob::v9::BookT<lob::ChecksumSink, 16u>, lob::v10::BookT<lob::ChecksumSink, 16u> >, (anonymous namespace)::with_version<(anonymous namespace)::cmd_replay((anonymous namespace)::Args const&)::$_0>(std::__1::basic_string_view<char, std::__1::char_traits<char> >, (anonymous namespace)::cmd_replay((anonymous namespace)::Args const&)::$_0&&)::{lambda<typename $T0>()#1}>((anonymous namespace)::with_version<(anonymous namespace)::cmd_replay((anonymous namespace)::Args const&)::$_0>(std::__1::basic_string_view<char, std::__1::char_traits<char> >, (anonymous namespace)::cmd_replay((anonymous namespace)::Args const&)::$_0&&)::{lambda<typename $T0>()#1}&&)::{lambda<unsigned long... $N0>(std::__1::integer_sequence<unsigned long, ($N0)...>)#1}::operator()<0ul, 1ul, 2ul, 3ul, 4ul, 5ul, 6ul, 7ul, 8ul, 9ul>(std::__1::integer_sequence<unsigned long, 0ul, 1ul, 2ul, 3ul, 4ul, 5ul, 6ul, 7ul, 8ul, 9ul>) const
388 1 0 0 1 0 0 0 0 0
407 4884379 0 0 1221096 2 2 0 0 0
449 1 0 0 1 1 1 0 0 0
fn=auto lob::v9::BookT<lob::ChecksumSink, 16u>::erase(boost::unordered::detail::foa::table_iterator<boost::unordered::detail::foa::flat_map_types<unsigned long, lob::v9::BookT<lob::ChecksumSink, 16u>::Loc>, boost::unordered::detail::foa::group15<boost::unordered::detail::foa::plain_integral>*, false>)::{lambda(auto:1&)#1}::operator()<std::__1::map<long, lob::v9::BookT<lob::ChecksumSink, 16u>::Level, std::__1::greater<void>, std::__1::allocator<std::__1::pair<long const, lob::v9::BookT<lob::ChecksumSink, 16u>::Level> > > >(std::__1::map<long, lob::v9::BookT<lob::ChecksumSink, 16u>::Level, std::__1::greater<void>, std::__1::allocator<std::__1::pair<long const, lob::v9::BookT<lob::ChecksumSink, 16u>::Level> > >&) const
407 15 0 0 5 0 0 0 0 0
fn=lob::v9::BookT<lob::ChecksumSink, 16u>::alloc_node(unsigned long, unsigned int)
0 90 0 0 0 0 0 60 6 1
388 79623 2 2 17694 0 0 0 0 0
391 60 0 0 0 0 0 0 0 0
407 3654441 0 0 1221096 0 0 0 0 0
475 8832 0 0 0 0 0 0 0 0
902 30 1 1 0 0 0 0 0 0
905 75 1 1 0 0 0 0 0 0
1128 15 0 0 0 0 0 0 0 0
1131 30 0 0 0 0 0 0 0 0
1146 26541 0 0 8847 0 0 0 0 0
1149 8832 0 0 0 0 0 0 0 0
1152 8847 0 0 0 0 0 8847 0 0
fn=lob::v9::BookT<lob::ChecksumSink, 16u>::modify(unsigned long, long, unsigned int)
407 82056 0 0 41028 0 0 0 0 0
fn=lob::v9::BookT<lob::ChecksumSink, 16u>::rest(unsigned long, lob::Side, long, unsigned int)
407 1221096 0 0 0 0 0 0 0 0
fl=/usr/include/c++/v1/map
fn=auto lob::for_each_type<std::__1::tuple<lob::v0::Book<lob::ChecksumSink>, lob::v1::Book<lob::ChecksumSink>, lob::v2::Book<lob::ChecksumSink>, lob::v3::BookT<lob::ChecksumSink, 16u>, lob::v4::BookT<lob::ChecksumSink, 16u>, lob::v5::BookT<lob::ChecksumSink, 16u>, lob::v7::BookT<lob::ChecksumSink, 16u>, lob::v8::BookT<lob::ChecksumSink, 16u>, lob::v9::BookT<lob::ChecksumSink, 16u>, lob::v10::BookT<lob::ChecksumSink, 16u> >, (anonymous namespace)::with_version<(anonymous namespace)::cmd_replay((anonymous namespace)::Args const&)::$_0>(std::__1::basic_string_view<char, std::__1::char_traits<char> >, (anonymous namespace)::cmd_replay((anonymous namespace)::Args const&)::$_0&&)::{lambda<typename $T0>()#1}>((anonymous namespace)::with_version<(anonymous namespace)::cmd_replay((anonymous namespace)::Args const&)::$_0>(std::__1::basic_string_view<char, std::__1::char_traits<char> >, (anonymous namespace)::cmd_replay((anonymous namespace)::Args const&)::$_0&&)::{lambda<typename $T0>()#1}&&)::{lambda<unsigned long... $N0>(std::__1::integer_sequence<unsigned long, ($N0)...>)#1}::operator()<0ul, 1ul, 2ul, 3ul, 4ul, 5ul, 6ul, 7ul, 8ul, 9ul>(std::__1::integer_sequence<unsigned long, 0ul, 1ul, 2ul, 3ul, 4ul, 5ul, 6ul, 7ul, 8ul, 9ul>) const
1031 45 1 1 27 0 0 0 0 0
fn=auto lob::v9::BookT<lob::ChecksumSink, 16u>::erase(boost::unordered::detail::foa::table_iterator<boost::unordered::detail::foa::flat_map_types<unsigned long, lob::v9::BookT<lob::ChecksumSink, 16u>::Loc>, boost::unordered::detail::foa::group15<boost::unordered::detail::foa::plain_integral>*, false>)::{lambda(auto:1&)#1}::operator()<std::__1::map<long, lob::v9::BookT<lob::ChecksumSink, 16u>::Level, std::__1::greater<void>, std::__1::allocator<std::__1::pair<long const, lob::v9::BookT<lob::ChecksumSink, 16u>::Level> > > >(std::__1::map<long, lob::v9::BookT<lob::ChecksumSink, 16u>::Level, std::__1::greater<void>, std::__1::allocator<std::__1::pair<long const, lob::v9::BookT<lob::ChecksumSink, 16u>::Level> > >&) const
1031 9 0 0 6 0 0 0 0 0
fn=lob::v9::BookT<lob::ChecksumSink, 16u>::rest(unsigned long, lob::Side, long, unsigned int)
1031 48 0 0 32 0 0 0 0 0
fl=???
fn=???
0 1139 5 5 756 234 15 0 0 0
fn=operator delete(void*)
0 635 0 0 127 0 0 127 0 0
fn=operator delete(void*, unsigned long)
0 635 1 1 127 0 0 127 0 0
fn=operator new(unsigned long)
0 2193 2 2 387 0 0 516 24 2
summary: 511883180 255 255 143331327 1710721 947134 60925799 1317947 28407
