==26260== Cachegrind, a high-precision tracing profiler
==26260== Copyright (C) 2002-2017, and GNU GPL'd, by Nicholas Nethercote et al.
==26260== Using Valgrind-3.22.0 and LibVEX; rerun with -h for copyright info
==26260== Command: /home/wang/sources/cxx/book/build/profile/book replay --workload data/itch12302019_AAPL.ops --version v4
==26260== 
==26260== 
==26260== I refs:        340,148,355
==26260== I1  misses:            272
==26260== LLi misses:            264
==26260== I1  miss rate:        0.00%
==26260== LLi miss rate:        0.00%
==26260== 
==26260== D refs:        135,090,030  (92,716,776 rd   + 42,373,254 wr)
==26260== D1  misses:      3,057,282  ( 1,839,353 rd   +  1,217,929 wr)
==26260== LLd misses:        770,784  (   638,495 rd   +    132,289 wr)
==26260== D1  miss rate:         2.3% (       2.0%     +        2.9%  )
==26260== LLd miss rate:         0.6% (       0.7%     +        0.3%  )
==26260== 
==26260== LL refs:         3,057,554  ( 1,839,625 rd   +  1,217,929 wr)
==26260== LL misses:         771,048  (   638,759 rd   +    132,289 wr)
==26260== LL miss rate:          0.2% (       0.1%     +        0.3%  )
