desc: I1 cache:         32768 B, 64 B, 8-way associative
desc: D1 cache:         49152 B, 64 B, 12-way associative
desc: LL cache:         6291456 B, 64 B, 12-way associative
cmd: /home/wang/sources/cxx/book/build/profile/book replay --workload data/syn_deep_s42.ops --version v12
events: Ir I1mr ILmr Dr D1mr DLmr Dw D1mw DLmw 
fl=./elf/../sysdeps/generic/dl-new-hash.h
fn=_dl_lookup_symbol_x
69 3 0 0 0 0 0 0 0 0
70 6 0 0 0 0 0 0 0 0
74 11 0 0 11 3 3 0 0 0
77 22 0 0 0 0 0 0 0 0
80 9 0 0 9 0 0 0 0 0
81 18 0 0 0 0 0 0 0 0
87 1 1 1 0 0 0 0 0 0
88 1 0 0 0 0 0 0 0 0
89 2 0 0 0 0 0 0 0 0
90 1 0 0 0 0 0 0 0 0
99 8 0 0 0 0 0 0 0 0
101 8 0 0 0 0 0 0 0 0
102 16 0 0 0 0 0 0 0 0
104 8 1 1 0 0 0 0 0 0
105 8 0 0 0 0 0 0 0 0
fl=./elf/../sysdeps/generic/dl-protected.h
fn=do_lookup_x
29 12 0 0 0 0 0 0 0 0
fl=./elf/../sysdeps/generic/ldsodefs.h
fn=do_lookup_x
139 6 0 0 3 0 0 0 0 0
140 9 0 0 0 0 0 0 0 0
fl=./elf/../sysdeps/x86_64/dl-machine.h
fn=_dl_fixup
234 3 0 0 0 0 0 3 0 0
fl=./elf/../sysdeps/x86_64/dl-runtime.h
fn=_dl_fixup
28 3 0 0 0 0 0 0 0 0
fl=./elf/../sysdeps/x86_64/dl-trampoline.h
fn=_dl_runtime_resolve_xsave
71 3 1 1 0 0 0 0 0 0
76 3 0 0 0 0 0 3 0 0
79 3 0 0 0 0 0 0 0 0
81 3 0 0 0 0 0 0 0 0
91 3 0 0 3 1 1 0 0 0
97 3 0 0 0 0 0 3 1 1
98 3 0 0 0 0 0 3 0 0
99 3 1 1 0 0 0 3 0 0
100 3 0 0 0 0 0 3 0 0
101 3 0 0 0 0 0 3 0 0
102 3 0 0 0 0 0 3 0 0
103 3 0 0 0 0 0 3 0 0
107 3 0 0 0 0 0 0 0 0
108 3 0 0 0 0 0 0 0 0
111 3 0 0 0 0 0 3 0 0
112 3 0 0 0 0 0 3 0 0
114 3 0 0 0 0 0 3 0 0
115 3 0 0 0 0 0 3 0 0
116 3 1 1 0 0 0 3 0 0
117 3 0 0 0 0 0 3 0 0
118 3 0 0 0 0 0 3 0 0
119 3 0 0 0 0 0 3 0 0
121 3 0 0 3 0 0 99 6 6
128 3 0 0 3 0 0 0 0 0
129 3 0 0 3 0 0 0 0 0
130 3 0 0 0 0 0 3 1 1
131 3 0 0 0 0 0 0 0 0
136 3 0 0 0 0 0 0 0 0
137 3 0 0 0 0 0 0 0 0
138 3 0 0 108 0 0 0 0 0
140 3 1 1 3 0 0 0 0 0
141 3 0 0 3 0 0 0 0 0
142 3 0 0 3 0 0 0 0 0
143 3 0 0 3 0 0 0 0 0
144 3 0 0 3 0 0 0 0 0
145 3 0 0 3 0 0 0 0 0
146 3 0 0 3 0 0 0 0 0
148 3 0 0 0 0 0 0 0 0
150 3 0 0 3 0 0 0 0 0
154 3 0 0 0 0 0 0 0 0
156 3 0 0 0 0 0 0 0 0
fl=./elf/./elf/dl-lookup.c
fn=_dl_lookup_symbol_x
772 39 2 2 0 0 0 27 3 3
774 6 0 0 0 0 0 3 0 0
775 12 0 0 0 0 0 3 0 0
778 3 0 0 3 1 1 0 0 0
782 8 0 0 1 0 0 0 0 0
785 6 1 1 3 0 0 0 0 0
787 6 0 0 6 0 0 0 0 0
791 42 0 0 0 0 0 9 0 0
792 51 2 2 21 0 0 21 1 1
797 15 0 0 6 0 0 0 0 0
816 3 0 0 0 0 0 3 0 0
820 6 0 0 3 0 0 0 0 0
821 21 0 0 3 0 0 0 0 0
828 3 0 0 3 0 0 0 0 0
856 12 1 1 3 0 0 0 0 0
870 9 0 0 3 2 2 0 0 0
873 6 0 0 3 0 0 0 0 0
890 12 0 0 3 0 0 0 0 0
892 27 1 1 21 0 0 0 0 0
fn=check_match
70 45 1 1 6 2 2 18 1 1
73 24 1 1 6 0 0 0 0 0
86 15 0 0 0 0 0 0 0 0
89 18 1 1 4 0 0 2 0 0
93 3 0 0 3 2 2 0 0 0
94 6 0 0 0 0 0 0 0 0
96 2 0 0 0 0 0 0 0 0
115 2 0 0 2 1 1 0 0 0
116 8 0 0 3 1 1 0 0 0
117 5 1 1 2 0 0 1 0 0
144 4 1 1 0 0 0 0 0 0
146 12 0 0 4 1 1 0 0 0
147 8 1 1 0 0 0 0 0 0
161 3 0 0 0 0 0 0 0 0
162 24 0 0 21 0 0 0 0 0
fn=do_lookup_x
347 42 2 2 6 0 0 30 2 2
348 3 0 0 3 1 1 0 0 0
353 3 0 0 0 0 0 0 0 0
354 3 0 0 3 0 0 0 0 0
358 30 1 1 30 9 9 0 0 0
361 30 0 0 0 0 0 0 0 0
365 36 0 0 3 0 0 0 0 0
386 30 1 1 15 6 6 0 0 0
390 30 0 0 15 1 1 0 0 0
396 45 0 0 15 6 6 0 0 0
400 15 0 0 0 0 0 15 0 0
401 15 0 0 0 0 0 15 0 0
404 75 0 0 45 12 12 0 0 0
405 45 1 1 30 5 5 0 0 0
408 15 0 0 15 0 0 0 0 0
409 30 0 0 0 0 0 0 0 0
411 15 0 0 15 9 9 0 0 0
412 9 0 0 0 0 0 3 0 0
413 30 0 0 30 0 0 0 0 0
415 21 1 1 3 0 0 6 0 0
416 60 0 0 30 0 0 0 0 0
419 105 0 0 15 0 0 0 0 0
422 6 0 0 6 3 3 0 0 0
423 9 1 1 3 0 0 0 0 0
424 6 0 0 0 0 0 0 0 0
426 6 0 0 3 0 0 0 0 0
429 25 1 1 5 3 3 0 0 0
431 9 0 0 3 0 0 0 0 0
432 75 2 2 21 0 0 39 2 2
433 6 0 0 0 0 0 0 0 0
436 9 0 0 0 0 0 0 0 0
439 6 0 0 0 0 0 0 0 0
461 24 1 1 18 0 0 0 0 0
476 6 1 1 0 0 0 0 0 0
483 16 0 0 3 0 0 0 0 0
487 6 1 1 2 1 1 0 0 0
499 6 0 0 3 0 0 3 0 0
500 3 0 0 0 0 0 3 0 0
501 3 0 0 0 0 0 0 0 0
518 36 0 0 0 0 0 0 0 0
522 24 0 0 21 0 0 0 0 0
fl=./elf/./elf/dl-runtime.c
fn=_dl_fixup
46 33 2 2 0 0 0 18 0 0
48 15 0 0 12 4 4 0 0 0
49 9 1 1 6 1 1 0 0 0
54 3 0 0 3 2 2 0 0 0
55 12 0 0 3 2 2 0 0 0
56 21 0 0 3 3 3 3 1 1
58 6 0 0 3 2 2 0 0 0
63 6 0 0 0 0 0 0 0 0
67 6 0 0 3 3 3 0 0 0
69 5 0 0 0 0 0 0 0 0
71 9 1 1 3 2 2 0 0 0
75 9 0 0 6 5 5 0 0 0
76 12 0 0 3 0 0 0 0 0
77 9 0 0 3 2 2 0 0 0
84 3 1 1 0 0 0 0 0 0
85 9 0 0 3 0 0 0 0 0
95 33 0 0 6 2 2 9 0 0
99 15 1 1 9 0 0 0 0 0
109 30 0 0 12 0 0 3 0 0
124 12 1 1 3 0 0 0 0 0
133 9 0 0 3 1 1 0 0 0
159 9 0 0 3 0 0 0 0 0
163 24 1 1 21 0 0 0 0 0
fl=./malloc/./malloc/arena.c
fn=free
153 66 0 0 0 0 0 0 0 0
fn=malloc
153 54 0 0 0 0 0 0 0 0
fl=./malloc/./malloc/malloc.c
fn=_int_free
1792 15 0 0 15 7 0 0 0 0
3163 14 1 1 7 0 0 7 0 0
3165 28 0 0 7 5 5 7 0 0
3166 7 0 0 0 0 0 7 0 0
3167 14 0 0 0 0 0 7 0 0
4495 154 1 1 0 0 0 88 0 0
4499 66 1 1 22 0 0 0 0 0
4505 88 0 0 0 0 0 0 0 0
4506 44 0 0 0 0 0 0 0 0
4510 110 0 0 0 0 0 0 0 0
4517 44 0 0 0 0 0 0 0 0
4518 132 1 1 66 7 0 0 0 0
4521 7 0 0 0 0 0 0 0 0
4527 21 0 0 14 1 1 0 0 0
4547 35 1 1 14 0 0 0 0 0
4550 7 0 0 0 0 0 0 0 0
4561 30 0 0 0 0 0 0 0 0
4637 30 0 0 15 0 0 0 0 0
4640 30 0 0 15 7 0 0 0 0
4643 30 1 1 0 0 0 0 0 0
4646 30 0 0 0 0 0 0 0 0
4658 117 1 1 95 0 0 0 0 0
fn=_int_free_maybe_consolidate
4770 165 1 1 15 7 0 105 1 0
4776 30 0 0 0 0 0 0 0 0
4778 20 0 0 5 0 0 0 0 0
4781 15 0 0 0 0 0 0 0 0
4784 25 2 2 15 5 0 0 0 0
4785 10 0 0 6 0 0 0 0 0
4798 157 1 1 129 0 0 0 0 0
fn=_int_free_merge_chunk
1992 45 0 0 15 0 0 0 0 0
4665 120 1 1 0 0 0 90 0 0
4666 15 0 0 0 0 0 0 0 0
4670 90 0 0 15 7 0 0 0 0
4673 60 1 1 15 7 0 0 0 0
4675 45 1 1 15 4 0 0 0 0
4678 45 0 0 15 1 0 0 0 0
4681 30 0 0 0 0 0 0 0 0
4682 30 0 0 0 0 0 0 0 0
4683 30 0 0 15 7 0 0 0 0
4689 30 1 1 15 0 0 0 0 0
4691 11 0 0 11 0 0 0 0 0
4692 11 0 0 0 0 0 0 0 0
4693 11 0 0 0 0 0 0 0 0
4694 44 0 0 11 5 0 0 0 0
4696 22 0 0 0 0 0 11 5 0
4701 45 0 0 0 0 0 0 0 0
4702 105 0 0 90 0 0 0 0 0
4714 30 0 0 15 0 0 0 0 0
4720 26 0 0 13 2 0 0 0 0
4721 4 1 1 0 0 0 2 1 0
4722 4 0 0 0 0 0 0 0 0
4724 11 0 0 11 0 0 0 0 0
4732 13 0 0 0 0 0 0 0 0
4733 52 1 1 13 0 0 0 0 0
4734 26 0 0 13 0 0 0 0 0
4736 13 0 0 0 0 0 13 0 0
4738 26 0 0 0 0 0 0 0 0
4740 39 1 1 0 0 0 13 1 0
4743 13 0 0 0 0 0 13 0 0
4744 13 0 0 0 0 0 13 0 0
4746 39 0 0 0 0 0 13 0 0
4747 13 0 0 0 0 0 13 0 0
4756 2 0 0 0 0 0 0 0 0
4757 6 0 0 0 0 0 2 0 0
4758 4 0 0 0 0 0 2 0 0
fn=_int_malloc
1326 54 0 0 0 0 0 0 0 0
1345 162 0 0 0 0 0 0 0 0
1794 27 1 1 27 0 0 0 0 0
2008 4 0 0 1 0 0 0 0 0
2552 36 1 1 12 12 1 12 0 0
2553 1 1 1 0 0 0 1 0 0
2564 12 1 1 6 6 1 0 0 0
2565 15 0 0 10 0 0 0 0 0
2568 20 0 0 5 0 0 0 0 0
2576 30 0 0 5 0 0 10 0 0
2577 10 0 0 0 0 0 0 0 0
2589 4 0 0 1 0 0 1 0 0
2590 2 0 0 0 0 0 1 0 0
2599 12 1 1 3 0 0 0 0 0
2605 3 0 0 2 0 0 0 0 0
2608 3 1 1 0 0 0 0 0 0
2669 3 1 1 1 0 0 1 0 0
2677 2 0 0 1 0 0 0 0 0
2678 3 0 0 1 0 0 1 0 0
2691 3 1 1 1 0 0 0 0 0
2693 1 0 0 1 0 0 0 0 0
2699 5 0 0 1 0 0 1 0 0
2707 2 0 0 0 0 0 0 0 0
2709 4 2 2 0 0 0 2 0 0
2710 3 0 0 1 0 0 0 0 0
2711 1 0 0 0 0 0 0 0 0
2712 1 0 0 0 0 0 0 0 0
2715 2 0 0 0 0 0 0 0 0
2744 7 1 1 3 0 0 0 0 0
2746 2 1 1 0 0 0 1 0 0
2752 8 0 0 1 0 0 0 0 0
2753 6 0 0 1 0 0 1 0 0
2921 3 1 1 2 0 0 0 0 0
2922 1 0 0 0 0 0 1 0 0
2926 1 0 0 1 0 0 0 0 0
2930 5 1 1 2 0 0 0 0 0
2932 1 0 0 0 0 0 0 0 0
2933 1 0 0 0 0 0 0 0 0
2934 1 0 0 0 0 0 1 0 0
2935 7 0 0 0 0 0 1 0 0
2936 2 0 0 0 0 0 1 1 1
2938 1 0 0 0 0 0 0 0 0
3846 297 2 2 27 9 1 189 1 1
3887 54 0 0 0 0 0 0 0 0
3914 54 0 0 0 0 0 0 0 0
3916 12 0 0 0 0 0 0 0 0
3919 3 0 0 3 1 1 0 0 0
3921 6 0 0 0 0 0 0 0 0
3930 9 2 2 0 0 0 0 0 0
3977 48 1 1 0 0 0 0 0 0
3979 30 0 0 0 0 0 0 0 0
3980 14 1 1 0 0 0 0 0 0
3982 21 0 0 7 5 5 0 0 0
4039 342 1 1 0 0 0 0 0 0
4040 60 0 0 20 8 0 0 0 0
4058 81 1 1 27 0 0 0 0 0
4059 81 0 0 0 0 0 27 6 1
4060 81 1 1 54 0 0 0 0 0
4069 26 0 0 0 0 0 13 0 0
4070 178 1 1 40 8 1 27 0 0
4072 13 0 0 13 2 0 0 0 0
4073 26 0 0 13 3 0 0 0 0
4074 13 0 0 0 0 0 0 0 0
4076 26 0 0 0 0 0 0 0 0
4077 39 1 1 13 4 0 0 0 0
4079 13 0 0 13 3 0 0 0 0
4080 52 0 0 0 0 0 0 0 0
4082 52 0 0 13 0 0 0 0 0
4084 26 1 1 13 0 0 0 0 0
4085 26 0 0 13 0 0 0 0 0
4087 26 0 0 0 0 0 0 0 0
4098 52 0 0 0 0 0 0 0 0
4127 13 0 0 0 0 0 13 0 0
4128 13 0 0 0 0 0 13 0 0
4132 26 0 0 0 0 0 0 0 0
4161 28 2 2 0 0 0 0 0 0
4169 222 6 6 0 0 0 13 0 0
4170 39 1 1 0 0 0 0 0 0
4171 13 0 0 13 5 2 0 0 0
4174 26 0 0 0 0 0 0 0 0
4218 52 0 0 0 0 0 13 2 0
4221 91 2 2 26 6 0 0 0 0
4222 13 0 0 0 0 0 13 0 0
4223 13 0 0 0 0 0 13 0 0
4224 13 0 0 0 0 0 13 0 0
4225 13 0 0 0 0 0 13 0 0
4230 26 0 0 26 0 0 0 0 0
4231 26 0 0 0 0 0 0 0 0
4240 52 1 1 26 0 0 0 0 0
4246 26 0 0 0 0 0 0 0 0
4257 81 1 1 0 0 0 0 0 0
4259 80 0 0 0 0 0 0 0 0
4262 60 0 0 20 9 5 0 0 0
4263 30 1 1 3 0 0 0 0 0
4266 3 0 0 3 0 0 0 0 0
4267 18 0 0 3 0 0 0 0 0
4273 6 1 1 3 0 0 0 0 0
4278 9 0 0 0 0 0 3 0 0
4279 9 0 0 0 0 0 6 0 0
4282 12 0 0 6 0 0 0 0 0
4291 3 0 0 0 0 0 0 0 0
4295 12 1 1 3 0 0 0 0 0
4296 6 0 0 3 0 0 0 0 0
4299 3 0 0 0 0 0 3 1 0
4300 3 0 0 0 0 0 3 0 0
4301 3 0 0 0 0 0 3 0 0
4302 6 0 0 0 0 0 0 0 0
4304 6 0 0 0 0 0 3 0 0
4307 24 1 1 0 0 0 3 0 0
4309 9 0 0 0 0 0 3 1 0
4310 3 0 0 0 0 0 3 0 0
4313 3 0 0 0 0 0 0 0 0
4330 24 0 0 0 0 0 0 0 0
4331 48 0 0 0 0 0 0 0 0
4332 48 0 0 0 0 0 0 0 0
4333 48 0 0 24 3 1 0 0 0
4334 144 0 0 0 0 0 0 0 0
4339 96 1 1 0 0 0 0 0 0
4343 130 1 1 0 0 0 0 0 0
4346 84 1 1 21 0 0 0 0 0
4443 24 1 1 24 0 0 0 0 0
4444 48 0 0 24 5 0 0 0 0
4446 48 0 0 24 5 1 0 0 0
4449 72 0 0 0 0 0 0 0 0
4451 18 0 0 0 0 0 0 0 0
4452 36 1 1 0 0 0 0 0 0
4453 18 0 0 0 0 0 18 0 0
4454 144 1 1 0 0 0 18 0 0
4456 36 0 0 0 0 0 18 18 18
4459 42 0 0 0 0 0 0 0 0
4460 81 0 0 0 0 0 27 0 0
4461 27 0 0 0 0 0 0 0 0
4466 24 0 0 6 0 0 6 0 0
4482 11 0 0 0 0 0 0 0 0
4487 324 3 2 243 0 0 0 0 0
fn=alloc_perturb
1985 81 1 1 27 0 0 0 0 0
1987 27 0 0 27 0 0 0 0 0
fn=free
3359 175 2 2 0 0 0 100 0 0
3363 50 0 0 0 0 0 0 0 0
3371 50 0 0 50 22 2 0 0 0
3373 25 0 0 0 0 0 0 0 0
3375 75 0 0 25 10 0 0 0 0
3379 9 1 1 3 3 0 0 0 0
3381 12 0 0 3 3 0 0 0 0
3383 6 0 0 0 0 0 3 0 0
3384 6 0 0 0 0 0 3 0 0
3385 3 0 0 0 0 0 0 0 0
3388 6 0 0 0 0 0 3 3 0
3392 66 0 0 44 14 0 0 0 0
3398 66 1 1 0 0 0 22 7 0
3401 25 0 0 0 0 0 25 0 0
3402 150 1 1 125 0 0 0 0 0
fn=malloc
1326 54 0 0 0 0 0 0 0 0
1345 135 1 1 0 0 0 0 0 0
3294 216 1 1 0 0 0 108 3 1
3301 54 0 0 27 8 1 0 0 0
3311 54 0 0 0 0 0 0 0 0
3313 108 0 0 54 17 2 0 0 0
3316 54 0 0 27 9 1 0 0 0
3318 21 1 1 7 2 2 0 0 0
3326 54 1 1 27 9 1 0 0 0
3328 108 1 1 0 0 0 27 0 0
3329 135 1 1 27 0 0 0 0 0
3354 162 1 1 135 0 0 0 0 0
fn=munmap_chunk
3024 6 1 1 0 0 0 3 0 0
3025 6 0 0 6 6 0 0 0 0
3026 9 0 0 3 0 0 0 0 0
3028 6 0 0 0 0 0 0 0 0
3030 3 0 0 0 0 0 0 0 0
3031 9 0 0 3 0 0 0 0 0
3032 3 0 0 0 0 0 0 0 0
3038 12 0 0 0 0 0 0 0 0
3039 15 1 1 0 0 0 0 0 0
3042 3 0 0 6 0 0 0 0 0
3043 9 0 0 6 0 0 0 0 0
3048 6 0 0 0 0 0 0 0 0
3049 3 0 0 3 0 0 0 0 0
fn=sysmalloc_mmap.isra.0
2008 20 0 0 5 0 0 0 0 0
2400 30 1 1 0 0 0 20 0 0
2413 15 0 0 0 0 0 0 0 0
2418 10 0 0 0 0 0 0 0 0
2421 50 1 1 0 0 0 5 0 0
2424 10 1 1 0 0 0 0 0 0
2428 10 0 0 0 0 0 0 0 0
2432 20 0 0 0 0 0 5 0 0
2448 15 0 0 0 0 0 0 0 0
2466 5 0 0 0 0 0 5 5 5
2467 15 1 1 0 0 0 5 0 0
2471 15 0 0 10 0 0 0 0 0
2472 21 0 0 8 0 0 0 0 0
2475 15 1 1 10 0 0 0 0 0
2476 25 0 0 10 0 0 0 0 0
2481 35 0 0 25 0 0 0 0 0
fn=systrim.constprop.0
2957 12 1 1 0 0 0 8 0 0
2966 6 0 0 4 0 0 0 0 0
2968 2 0 0 0 0 0 0 0 0
2969 4 0 0 0 0 0 0 0 0
2970 1 0 0 0 0 0 0 0 0
2974 6 0 0 2 0 0 0 0 0
2975 2 0 0 0 0 0 0 0 0
2978 10 1 1 4 4 0 0 0 0
2980 4 0 0 0 0 0 0 0 0
2987 3 0 0 0 0 0 1 0 0
2988 4 0 0 1 0 0 0 0 0
3000 3 1 1 0 0 0 1 0 0
3001 2 0 0 0 0 0 1 0 0
3003 1 0 0 0 0 0 0 0 0
3005 2 0 0 0 0 0 0 0 0
3009 2 0 0 0 0 0 0 0 0
3012 1 0 0 1 0 0 0 0 0
3013 4 0 0 1 0 0 1 0 0
3015 2 0 0 0 0 0 0 0 0
3020 12 0 0 10 0 0 0 0 0
fn=unlink_chunk.isra.0
1608 32 1 1 0 0 0 16 0 0
1610 80 0 0 32 0 0 0 0 0
1613 32 0 0 32 4 0 0 0 0
1614 32 0 0 16 0 0 0 0 0
1616 64 1 1 32 4 0 0 0 0
1619 16 0 0 0 0 0 16 0 0
1620 16 0 0 0 0 0 16 0 0
1621 80 0 0 16 2 0 0 0 0
1623 26 0 0 13 0 0 0 0 0
1624 39 0 0 26 0 0 0 0 0
1627 26 0 0 13 2 1 0 0 0
1641 13 0 0 0 0 0 13 0 0
1642 13 1 1 0 0 0 13 0 0
1645 32 0 0 32 0 0 0 0 0
fl=./malloc/./malloc/morecore.c
fn=__glibc_morecore
25 12 1 1 0 0 0 4 0 0
26 8 0 0 4 0 0 0 0 0
29 4 0 0 0 0 0 4 1 1
30 8 0 0 0 0 0 0 0 0
34 8 0 0 8 0 0 0 0 0
fl=./misc/../sysdeps/unix/syscall-template.S
fn=munmap
117 15 2 2 0 0 0 0 0 0
122 3 0 0 3 0 0 0 0 0
fl=./misc/../sysdeps/unix/sysv/linux/brk.c
fn=brk
36 2 1 1 0 0 0 0 0 0
37 4 0 0 2 0 0 2 0 0
38 4 0 0 0 0 0 0 0 0
44 2 0 0 0 0 0 0 0 0
45 2 0 0 2 0 0 0 0 0
fl=./misc/../sysdeps/unix/sysv/linux/brk_call.h
fn=brk
24 4 0 0 0 0 0 0 0 0
fl=./misc/../sysdeps/unix/sysv/linux/mmap64.c
fn=mmap
47 35 1 1 0 0 0 15 0 0
50 10 0 0 0 0 0 0 0 0
53 35 1 1 0 0 0 0 0 0
58 30 1 1 0 0 0 0 0 0
60 20 0 0 20 0 0 0 0 0
fl=./misc/../sysdeps/unix/sysv/linux/setvmaname.c
fn=__set_vma_name
33 35 2 2 0 0 0 20 5 0
35 25 0 0 10 5 1 5 0 0
49 45 0 0 35 0 0 0 0 0
fl=./misc/./misc/sbrk.c
fn=sbrk
37 32 1 1 0 0 0 16 0 0
40 8 0 0 8 4 2 0 0 0
43 8 2 1 4 2 1 0 0 0
58 8 0 0 0 0 0 0 0 0
62 8 0 0 0 0 0 0 0 0
66 8 1 1 0 0 0 0 0 0
68 2 0 0 0 0 0 0 0 0
74 6 1 1 0 0 0 2 0 0
78 28 0 0 20 0 0 0 0 0
fl=./string/../sysdeps/x86_64/multiarch/../multiarch/strcmp-sse2.S
fn=strcmp
98 3 1 1 0 0 0 0 0 0
131 3 0 0 0 0 0 0 0 0
132 3 0 0 0 0 0 0 0 0
134 3 0 0 0 0 0 0 0 0
135 3 0 0 0 0 0 0 0 0
156 3 0 0 0 0 0 0 0 0
157 3 0 0 0 0 0 0 0 0
158 3 0 0 0 0 0 0 0 0
159 3 0 0 0 0 0 0 0 0
160 2 0 0 2 2 2 0 0 0
161 2 1 1 2 1 1 0 0 0
162 2 0 0 2 0 0 0 0 0
163 2 0 0 2 0 0 0 0 0
180 2 0 0 0 0 0 0 0 0
181 2 0 0 0 0 0 0 0 0
182 2 0 0 0 0 0 0 0 0
183 2 0 0 0 0 0 0 0 0
184 2 0 0 0 0 0 0 0 0
185 2 0 0 0 0 0 0 0 0
186 2 0 0 0 0 0 0 0 0
201 1 1 1 0 0 0 0 0 0
202 1 0 0 0 0 0 0 0 0
203 1 0 0 0 0 0 0 0 0
204 1 0 0 0 0 0 0 0 0
205 1 0 0 0 0 0 0 0 0
206 1 0 0 0 0 0 0 0 0
207 1 0 0 0 0 0 0 0 0
208 1 0 0 0 0 0 0 0 0
229 1 1 1 1 0 0 0 0 0
230 1 0 0 0 0 0 0 0 0
231 1 0 0 0 0 0 0 0 0
233 1 0 0 1 1 1 0 0 0
239 1 0 0 0 0 0 0 0 0
240 1 0 0 0 0 0 0 0 0
241 1 0 0 0 0 0 0 0 0
242 1 0 0 0 0 0 0 0 0
243 1 0 0 0 0 0 0 0 0
248 1 0 0 0 0 0 0 0 0
250 1 0 0 0 0 0 0 0 0
251 1 0 0 0 0 0 0 0 0
252 2 0 0 0 0 0 0 0 0
260 1 1 1 1 0 0 0 0 0
261 1 0 0 1 1 1 0 0 0
264 1 0 0 0 0 0 0 0 0
265 1 0 0 0 0 0 0 0 0
266 1 0 0 0 0 0 0 0 0
267 1 0 0 0 0 0 0 0 0
268 1 0 0 0 0 0 0 0 0
269 1 0 0 0 0 0 0 0 0
2093 1 1 1 0 0 0 0 0 0
2095 1 0 0 0 0 0 0 0 0
2096 1 0 0 0 0 0 0 0 0
2097 1 0 0 0 0 0 0 0 0
2098 1 0 0 0 0 0 0 0 0
2104 3 1 1 0 0 0 0 0 0
2110 3 0 0 3 0 0 0 0 0
2111 3 0 0 3 0 0 0 0 0
2119 3 0 0 0 0 0 0 0 0
2120 3 0 0 3 0 0 0 0 0
fl=./string/../sysdeps/x86_64/multiarch/memmove-vec-unaligned-erms.S
fn=__memcpy_avx_unaligned_erms
255 16 1 1 0 0 0 0 0 0
256 16 0 0 0 0 0 0 0 0
262 16 0 0 0 0 0 0 0 0
263 16 0 0 0 0 0 0 0 0
265 14 0 0 14 5 0 0 0 0
266 14 0 0 0 0 0 0 0 0
267 14 0 0 0 0 0 0 0 0
270 1 0 0 1 0 0 0 0 0
271 1 0 0 0 0 0 1 0 0
272 1 0 0 0 0 0 1 0 0
275 2 0 0 1 0 0 0 0 0
305 2 0 0 0 0 0 0 0 0
306 2 0 0 0 0 0 0 0 0
308 1 0 0 0 0 0 0 0 0
309 1 0 0 0 0 0 0 0 0
311 1 0 0 0 0 0 0 0 0
315 1 0 0 0 0 0 0 0 0
316 1 1 1 0 0 0 0 0 0
317 1 0 0 0 0 0 0 0 0
325 1 0 0 1 0 0 0 0 0
342 1 0 0 1 0 0 0 0 0
343 1 0 0 1 0 0 0 0 0
344 1 0 0 0 0 0 1 0 0
345 1 0 0 0 0 0 1 0 0
347 1 0 0 1 0 0 0 0 0
375 1 1 1 1 0 0 0 0 0
376 1 0 0 1 0 0 0 0 0
377 1 0 0 0 0 0 1 1 1
378 1 0 0 0 0 0 1 0 0
379 1 0 0 0 0 0 1 0 0
380 1 0 0 0 0 0 1 0 0
381 2 0 0 1 0 0 0 0 0
386 13 3 1 13 6 1 0 0 0
387 13 0 0 0 0 0 0 0 0
392 7 0 0 0 0 0 0 0 0
393 7 0 0 0 0 0 0 0 0
395 2 0 0 2 0 0 0 0 0
396 2 0 0 0 0 0 0 0 0
397 2 0 0 0 0 0 0 0 0
399 1 0 0 1 0 0 0 0 0
400 1 0 0 1 0 0 0 0 0
401 1 0 0 1 0 0 0 0 0
402 1 0 0 1 0 0 0 0 0
403 1 0 0 1 0 0 0 0 0
404 1 1 1 1 0 0 0 0 0
405 1 0 0 0 0 0 1 0 0
406 1 0 0 0 0 0 1 1 1
407 1 0 0 0 0 0 1 0 0
408 1 0 0 0 0 0 1 1 1
409 1 0 0 0 0 0 1 0 0
410 1 0 0 0 0 0 1 0 0
411 1 0 0 0 0 0 1 0 0
412 1 0 0 0 0 0 1 0 0
413 2 0 0 1 0 0 0 0 0
417 5 0 0 0 0 0 0 0 0
418 5 0 0 0 0 0 0 0 0
422 5 0 0 0 0 0 0 0 0
424 5 1 1 0 0 0 0 0 0
428 5 0 0 5 1 1 0 0 0
429 5 0 0 0 0 0 0 0 0
440 5 0 0 0 0 0 0 0 0
443 5 0 0 0 0 0 0 0 0
445 5 0 0 0 0 0 0 0 0
447 5 0 0 0 0 0 0 0 0
451 5 0 0 0 0 0 0 0 0
452 5 0 0 0 0 0 0 0 0
461 5 0 0 5 0 0 0 0 0
462 5 0 0 5 0 0 0 0 0
464 5 0 0 0 0 0 0 0 0
466 5 0 0 0 0 0 0 0 0
467 5 1 1 5 0 0 0 0 0
468 5 0 0 5 0 0 0 0 0
471 5 0 0 0 0 0 0 0 0
473 5 0 0 0 0 0 0 0 0
475 5 0 0 0 0 0 0 0 0
477 10 0 0 0 0 0 0 0 0
483 88 0 0 88 0 0 0 0 0
484 88 0 0 88 0 0 0 0 0
485 88 0 0 88 0 0 0 0 0
486 88 0 0 88 0 0 0 0 0
487 88 0 0 0 0 0 0 0 0
488 88 0 0 0 0 0 88 23 19
489 88 0 0 0 0 0 88 23 23
490 88 1 1 0 0 0 88 20 18
491 88 0 0 0 0 0 88 23 23
492 88 0 0 0 0 0 0 0 0
493 88 0 0 0 0 0 0 0 0
494 88 0 0 0 0 0 0 0 0
496 5 0 0 0 0 0 5 1 1
497 5 0 0 0 0 0 5 3 3
498 5 0 0 0 0 0 5 0 0
499 5 0 0 0 0 0 5 0 0
501 5 0 0 0 0 0 5 0 0
505 10 0 0 5 0 0 0 0 0
563 6 1 1 6 2 0 0 0 0
570 6 0 0 0 0 0 0 0 0
571 6 0 0 0 0 0 0 0 0
577 3 0 0 0 0 0 0 0 0
580 3 0 0 0 0 0 0 0 0
582 3 0 0 0 0 0 0 0 0
585 3 0 0 0 0 0 0 0 0
586 3 0 0 0 0 0 0 0 0
588 3 0 0 0 0 0 0 0 0
590 602035 0 0 602032 9333 0 602032 9407 9405
592 3 0 0 0 0 0 3 2 0
594 3 0 0 0 0 0 3 2 0
596 6 0 0 3 2 0 0 0 0
601 6 1 1 0 0 0 0 0 0
602 6 0 0 0 0 0 0 0 0
606 6 0 0 0 0 0 0 0 0
608 6 0 0 0 0 0 0 0 0
611 6 0 0 0 0 0 0 0 0
615 6 0 0 6 6 0 0 0 0
616 6 0 0 0 0 0 0 0 0
620 6 0 0 6 0 0 0 0 0
624 6 0 0 0 0 0 0 0 0
648 3 0 0 0 0 0 0 0 0
650 3 0 0 0 0 0 0 0 0
652 3 0 0 0 0 0 0 0 0
654 3 1 1 0 0 0 0 0 0
657 3 0 0 0 0 0 0 0 0
658 3 0 0 0 0 0 0 0 0
660 171955 0 0 171952 2633 0 171952 2685 771
663 3 0 0 0 0 0 3 3 0
665 3 0 0 0 0 0 3 1 0
667 6 0 0 3 3 0 0 0 0
fl=./string/../sysdeps/x86_64/multiarch/memset-vec-unaligned-erms.S
fn=__memset_avx2_unaligned_erms
158 11 1 1 0 0 0 0 0 0
159 22 0 0 0 0 0 0 0 0
164 11 0 0 0 0 0 0 0 0
165 11 0 0 0 0 0 0 0 0
166 11 0 0 0 0 0 0 0 0
167 11 0 0 0 0 0 0 0 0
168 11 0 0 0 0 0 0 0 0
170 2 0 0 0 0 0 2 1 1
171 2 0 0 0 0 0 2 0 0
172 4 0 0 2 0 0 0 0 0
181 1 0 0 0 0 0 1 0 0
182 1 0 0 0 0 0 1 0 0
184 2 0 0 1 0 0 0 0 0
237 9 1 1 9 5 0 0 0 0
238 9 0 0 0 0 0 0 0 0
244 5 0 0 0 0 0 5 5 5
245 5 0 0 0 0 0 5 3 3
257 5 0 0 0 0 0 0 0 0
260 5 0 0 0 0 0 0 0 0
261 5 0 0 0 0 0 0 0 0
273 4 0 0 0 0 0 4 2 2
274 4 0 0 0 0 0 4 2 2
287 4 0 0 0 0 0 0 0 0
288 4 0 0 0 0 0 0 0 0
290 4 0 0 0 0 0 0 0 0
293 3 0 0 0 0 0 0 0 0
296 3 0 0 0 0 0 0 0 0
299 25 0 0 0 0 0 25 8 8
300 25 0 0 0 0 0 25 15 15
301 25 0 0 0 0 0 25 10 10
302 25 0 0 0 0 0 25 14 14
303 25 0 0 0 0 0 0 0 0
304 25 0 0 0 0 0 0 0 0
305 28 0 0 0 0 0 0 0 0
308 4 1 1 0 0 0 4 1 1
309 4 0 0 0 0 0 4 0 0
310 4 0 0 0 0 0 4 1 1
311 4 0 0 0 0 0 4 0 0
314 8 0 0 4 0 0 0 0 0
325 4 1 1 0 0 0 0 0 0
326 4 0 0 0 0 0 0 0 0
327 4 0 0 0 0 0 0 0 0
328 61444 0 0 0 0 0 61440 961 961
329 4 0 0 0 0 0 0 0 0
330 8 0 0 4 0 0 0 0 0
fl=/home/wang/git-repositories/vcpkg/installed/x64-linux-clang-libcxx/include/boost/container_hash/hash.hpp
fn=unsigned int lob::v12::BookT<lob::ChecksumSink, 16u>::match<(lob::Side)0>(unsigned long, long, unsigned int)
0 16790 0 0 0 0 0 16790 0 0
538 16790 0 0 16790 0 0 0 0 0
fn=unsigned int lob::v12::BookT<lob::ChecksumSink, 16u>::match<(lob::Side)1>(unsigned long, long, unsigned int)
0 16646 1 1 0 0 0 16646 0 0
538 16646 0 0 16646 0 0 0 0 0
fl=/home/wang/git-repositories/vcpkg/installed/x64-linux-clang-libcxx/include/boost/unordered/detail/foa/core.hpp
fn=_ZN5boost9unordered6detail3foa10table_coreINS2_14flat_map_typesImN3lob3v125BookTINS5_12ChecksumSinkELj16EE3LocEEENS2_7group15INS2_14plain_integralEEENS2_12table_arraysENS2_18plain_size_controlENS_4hashImEENSt3__18equal_toImEENSJ_9allocatorINSJ_4pairIKmSA_EEEEE22for_all_elements_whileIZNSR_22for_all_elements_whileIZNSR_16for_all_elementsIZNSR_16unchecked_rehashERNSF_ISP_SE_NS2_16pow2_size_policyESQ_EEEUlPSP_E_EEDTcmclfL1p0_LDnEEcvv_EERKSW_T_EUlSY_E_EES10_S12_S13_EUlPSE_jSY_E_EEDTcmclfp0_LDnELi0ELDnEEcvv_EES12_S13_
0 26948 1 1 26848 5 0 60 0 0
296 57668 0 0 28834 1334 0 0 0 0
297 26788 0 0 0 0 0 0 0 0
313 2046 1 1 0 0 0 0 0 0
389 53576 0 0 26788 3 0 0 0 0
849 26788 0 0 0 0 0 0 0 0
927 80364 2 2 0 0 0 0 0 0
1033 11 1 1 11 0 0 0 0 0
1034 10 0 0 10 0 0 0 0 0
1955 26788 0 0 26788 0 0 0 0 0
1961 12276 0 0 0 0 0 0 0 0
2032 26788 0 0 26788 0 0 0 0 0
2063 22 0 0 0 0 0 0 0 0
2064 2076 0 0 10 0 0 0 0 0
2065 4092 0 0 0 0 0 0 0 0
2067 59714 0 0 0 0 0 0 0 0
2069 53576 0 0 0 0 0 0 0 0
2075 22 1 1 11 0 0 0 0 0
2292 53576 0 0 53576 0 0 0 0 0
2350 26788 1 1 26788 0 0 0 0 0
2373 107152 0 0 0 0 0 0 0 0
2375 26788 0 0 0 0 0 0 0 0
2377 80364 0 0 26788 0 0 0 0 0
fn=boost::unordered::detail::foa::table_core<boost::unordered::detail::foa::flat_map_types<unsigned long, lob::v12::BookT<lob::ChecksumSink, 16u>::Loc>, boost::unordered::detail::foa::group15<boost::unordered::detail::foa::plain_integral>, boost::unordered::detail::foa::table_arrays, boost::unordered::detail::foa::plain_size_control, boost::hash<unsigned long>, std::__1::equal_to<unsigned long>, std::__1::allocator<std::__1::pair<unsigned long const, lob::v12::BookT<lob::ChecksumSink, 16u>::Loc> > >::unchecked_rehash(boost::unordered::detail::foa::table_arrays<std::__1::pair<unsigned long const, lob::v12::BookT<lob::ChecksumSink, 16u>::Loc>, boost::unordered::detail::foa::group15<boost::unordered::detail::foa::plain_integral>, boost::unordered::detail::foa::pow2_size_policy, std::__1::allocator<std::__1::pair<unsigned long const, lob::v12::BookT<lob::ChecksumSink, 16u>::Loc> > >&)
0 44 0 0 0 0 0 11 0 0
1033 22 1 1 22 5 0 0 0 0
1096 22 1 1 0 0 0 0 0 0
1108 10 0 0 10 0 0 0 0 0
1113 20 0 0 0 0 0 0 0 0
1563 132 1 1 22 5 0 0 0 0
1811 55 0 0 11 0 0 0 0 0
2025 55 0 0 0 0 0 33 0 0
2054 11 0 0 0 0 0 11 0 0
2288 55 1 1 0 0 0 22 0 0
2289 11 0 0 0 0 0 11 0 0
2320 22 0 0 11 0 0 11 0 0
2321 11 0 0 0 0 0 11 0 0
2322 55 0 0 33 0 0 0 0 0
fn=boost::unordered::detail::foa::table_locator<boost::unordered::detail::foa::group15<boost::unordered::detail::foa::plain_integral>, std::__1::pair<unsigned long const, lob::v12::BookT<lob::ChecksumSink, 16u>::Loc> > boost::unordered::detail::foa::table_core<boost::unordered::detail::foa::flat_map_types<unsigned long, lob::v12::BookT<lob::ChecksumSink, 16u>::Loc>, boost::unordered::detail::foa::group15<boost::unordered::detail::foa::plain_integral>, boost::unordered::detail::foa::table_arrays, boost::unordered::detail::foa::plain_size_control, boost::hash<unsigned long>, std::__1::equal_to<unsigned long>, std::__1::allocator<std::__1::pair<unsigned long const, lob::v12::BookT<lob::ChecksumSink, 16u>::Loc> > >::unchecked_emplace_with_rehash<boost::unordered::detail::foa::try_emplace_args_t, unsigned long const&>(unsigned long, boost::unordered::detail::foa::try_emplace_args_t&&, unsigned long const&)
0 187 1 1 22 0 0 0 0 0
296 22 0 0 11 0 0 0 0 0
297 22 0 0 0 0 0 0 0 0
389 33 0 0 11 0 0 0 0 0
837 44 0 0 0 0 0 0 0 0
842 22 0 0 0 0 0 0 0 0
849 11 0 0 0 0 0 0 0 0
859 22 0 0 0 0 0 0 0 0
927 22 1 1 0 0 0 0 0 0
1031 44 1 1 0 0 0 44 2 1
1051 22 0 0 0 0 0 11 0 0
1057 44 1 1 0 0 0 0 0 0
1058 33 0 0 0 0 0 0 0 0
1059 11 0 0 0 0 0 0 0 0
1066 11 0 0 0 0 0 0 0 0
1073 22 0 0 0 0 0 0 0 0
1085 11 0 0 0 0 0 0 0 0
1108 11 0 0 0 0 0 0 0 0
1113 11 0 0 0 0 0 0 0 0
1125 33 0 0 0 0 0 11 0 0
1126 11 0 0 0 0 0 0 0 0
1689 11 0 0 11 0 0 0 0 0
1983 110 2 2 0 0 0 66 0 0
1988 44 1 1 0 0 0 33 0 0
1999 22 0 0 0 0 0 11 0 0
2000 11 0 0 11 0 0 0 0 0
2002 99 0 0 77 0 0 0 0 0
2132 198 1 1 22 7 1 0 0 0
2373 22 0 0 0 0 0 0 0 0
2375 11 0 0 0 0 0 0 0 0
2377 44 0 0 0 0 0 0 0 0
fn=lob::v12::BookT<lob::ChecksumSink, 16u>::modify(unsigned long, long, unsigned int)
0 169604 0 0 56518 0 0 0 0 0
271 113136 1 1 0 0 0 0 0 0
272 113086 0 0 0 0 0 0 0 0
279 23148 1 1 11574 0 0 0 0 0
336 56568 0 0 56568 38831 0 0 0 0
404 11524 0 0 0 0 0 0 0 0
849 395626 1 1 169554 13 1 0 0 0
881 50 0 0 0 0 0 0 0 0
882 150 0 0 0 0 0 0 0 0
883 50 0 0 0 0 0 0 0 0
927 113458 0 0 0 0 0 0 0 0
1727 113136 0 0 0 0 0 0 0 0
1729 56568 0 0 0 0 0 0 0 0
1732 113036 0 0 0 0 0 0 0 0
1733 56518 0 0 0 0 0 0 0 0
1737 170187 0 0 0 0 0 0 0 0
1743 422 1 1 0 0 0 0 0 0
1745 50 0 0 0 0 0 0 0 0
1750 50 0 0 0 0 0 0 0 0
1955 56518 0 0 56518 0 0 0 0 0
2266 46096 0 0 17286 0 0 5762 0 0
fn=unsigned int lob::v12::BookT<lob::ChecksumSink, 16u>::match<(lob::Side)0>(unsigned long, long, unsigned int)
0 117031 1 1 50776 0 0 0 0 0
271 33618 0 0 0 0 0 0 0 0
272 33599 0 0 0 0 0 0 0 0
279 67198 1 1 33599 0 0 0 0 0
336 16809 1 1 16809 11508 0 0 0 0
404 16790 0 0 0 0 0 0 0 0
849 151110 0 0 50370 4 0 33580 0 0
881 19 0 0 0 0 0 0 0 0
882 57 0 0 0 0 0 0 0 0
883 19 0 0 0 0 0 0 0 0
927 33764 0 0 0 0 0 0 0 0
1727 33618 0 0 0 0 0 0 0 0
1729 16809 0 0 0 0 0 0 0 0
1732 50370 0 0 16790 0 0 0 0 0
1733 16790 0 0 0 0 0 0 0 0
1737 50646 1 1 0 0 0 0 0 0
1743 184 0 0 0 0 0 0 0 0
1745 19 0 0 0 0 0 0 0 0
1750 19 0 0 0 0 0 0 0 0
2266 117530 0 0 16790 0 0 16790 0 0
fn=unsigned int lob::v12::BookT<lob::ChecksumSink, 16u>::match<(lob::Side)1>(unsigned long, long, unsigned int)
0 115821 2 2 50283 0 0 0 0 0
271 33322 0 0 0 0 0 0 0 0
272 33307 0 0 0 0 0 0 0 0
279 66614 0 0 33307 0 0 0 0 0
336 16661 1 1 16661 11582 0 0 0 0
404 16646 0 0 0 0 0 0 0 0
849 149814 0 0 49938 3 1 33292 0 0
881 15 0 0 0 0 0 0 0 0
882 45 0 0 0 0 0 0 0 0
883 30 0 0 15 0 0 0 0 0
927 33502 0 0 0 0 0 0 0 0
1727 33322 0 0 0 0 0 0 0 0
1729 16661 0 0 0 0 0 0 0 0
1732 49938 0 0 16646 0 0 0 0 0
1733 16646 0 0 0 0 0 0 0 0
1737 50253 0 0 0 0 0 0 0 0
1743 210 0 0 0 0 0 0 0 0
1745 15 0 0 0 0 0 0 0 0
1750 15 0 0 0 0 0 0 0 0
2266 116522 1 1 16646 0 0 16646 0 0
fn=void lob::replay<lob::v12::BookT<lob::ChecksumSink, 16u> >(lob::v12::BookT<lob::ChecksumSink, 16u>&, std::__1::span<lob::Op const, 18446744073709551615ul>)
0 8997452 3 3 3506401 210 22 0 0 0
271 1901342 0 0 0 0 0 0 0 0
272 1385595 1 1 0 0 0 0 0 0
279 2865128 0 0 1432564 6 1 0 0 0
296 1541985 0 0 513995 165 0 0 0 0
297 1026951 0 0 512956 0 0 0 0 0
336 950671 1 1 950671 729067 1 0 0 0
399 512956 0 0 0 0 0 0 0 0
404 912408 1 1 0 0 0 0 0 0
849 3526572 1 1 1291545 70 2 0 0 0
881 7189 0 0 0 0 0 0 0 0
882 23645 0 0 0 0 0 0 0 0
883 7189 0 0 0 0 0 0 0 0
927 1899188 0 0 0 0 0 0 0 0
1033 1894 0 0 947 0 0 0 0 0
1727 1901342 0 0 0 0 0 0 0 0
1729 950671 0 0 0 0 0 0 0 0
1732 869848 0 0 0 0 0 0 0 0
1733 434924 0 0 0 0 0 0 0 0
1737 1305506 0 0 0 0 0 0 0 0
1743 12246 0 0 0 0 0 0 0 0
1745 520156 0 0 0 0 0 0 0 0
1750 7189 0 0 0 0 0 0 0 0
1955 943482 0 0 943482 6 1 0 0 0
1970 512956 0 0 512956 0 0 0 0 0
2266 3219117 2 2 912408 6 0 456204 0 0
2373 2055980 0 0 0 0 0 0 0 0
2375 516073 0 0 0 0 0 0 0 0
2377 2051824 0 0 0 0 0 0 0 0
fl=/home/wang/git-repositories/vcpkg/installed/x64-linux-clang-libcxx/include/boost/unordered/detail/foa/table.hpp
fn=_ZN5boost9unordered6detail3foa10table_coreINS2_14flat_map_typesImN3lob3v125BookTINS5_12ChecksumSinkELj16EE3LocEEENS2_7group15INS2_14plain_integralEEENS2_12table_arraysENS2_18plain_size_controlENS_4hashImEENSt3__18equal_toImEENSJ_9allocatorINSJ_4pairIKmSA_EEEEE22for_all_elements_whileIZNSR_22for_all_elements_whileIZNSR_16for_all_elementsIZNSR_16unchecked_rehashERNSF_ISP_SE_NS2_16pow2_size_policyESQ_EEEUlPSP_E_EEDTcmclfL1p0_LDnEEcvv_EERKSW_T_EUlSY_E_EES10_S12_S13_EUlPSE_jSY_E_EEDTcmclfp0_LDnELi0ELDnEEcvv_EES12_S13_
40 26788 0 0 0 0 0 26788 0 0
fn=boost::unordered::detail::foa::table_locator<boost::unordered::detail::foa::group15<boost::unordered::detail::foa::plain_integral>, std::__1::pair<unsigned long const, lob::v12::BookT<lob::ChecksumSink, 16u>::Loc> > boost::unordered::detail::foa::table_core<boost::unordered::detail::foa::flat_map_types<unsigned long, lob::v12::BookT<lob::ChecksumSink, 16u>::Loc>, boost::unordered::detail::foa::group15<boost::unordered::detail::foa::plain_integral>, boost::unordered::detail::foa::table_arrays, boost::unordered::detail::foa::plain_size_control, boost::hash<unsigned long>, std::__1::equal_to<unsigned long>, std::__1::allocator<std::__1::pair<unsigned long const, lob::v12::BookT<lob::ChecksumSink, 16u>::Loc> > >::unchecked_emplace_with_rehash<boost::unordered::detail::foa::try_emplace_args_t, unsigned long const&>(unsigned long, boost::unordered::detail::foa::try_emplace_args_t&&, unsigned long const&)
0 33 1 1 11 0 0 11 0 0
40 22 0 0 0 0 0 22 0 0
fn=lob::v12::BookT<lob::ChecksumSink, 16u>::modify(unsigned long, long, unsigned int)
40 5762 0 0 0 0 0 5762 0 0
fn=unsigned int lob::v12::BookT<lob::ChecksumSink, 16u>::match<(lob::Side)0>(unsigned long, long, unsigned int)
0 16790 0 0 16790 0 0 0 0 0
40 16790 0 0 0 0 0 16790 0 0
140 16790 1 1 0 0 0 0 0 0
fn=unsigned int lob::v12::BookT<lob::ChecksumSink, 16u>::match<(lob::Side)1>(unsigned long, long, unsigned int)
0 16646 0 0 16646 0 0 0 0 0
40 16646 0 0 0 0 0 16646 0 0
140 16646 1 1 0 0 0 0 0 0
fn=void lob::replay<lob::v12::BookT<lob::ChecksumSink, 16u> >(lob::v12::BookT<lob::ChecksumSink, 16u>&, std::__1::span<lob::Op const, 18446744073709551615ul>)
0 25733 0 0 33 5 0 0 0 0
40 969160 0 0 0 0 0 969160 0 0
46 1039 0 0 1039 0 0 0 0 0
140 11 1 1 11 0 0 0 0 0
626 22 0 0 22 5 0 0 0 0
640 1538901 1 1 1025934 0 0 0 0 0
650 66 1 1 0 0 0 11 2 1
fl=/home/wang/git-repositories/vcpkg/installed/x64-linux-clang-libcxx/include/boost/unordered/detail/mulx.hpp
fn=_ZN5boost9unordered6detail3foa10table_coreINS2_14flat_map_typesImN3lob3v125BookTINS5_12ChecksumSinkELj16EE3LocEEENS2_7group15INS2_14plain_integralEEENS2_12table_arraysENS2_18plain_size_controlENS_4hashImEENSt3__18equal_toImEENSJ_9allocatorINSJ_4pairIKmSA_EEEEE22for_all_elements_whileIZNSR_22for_all_elements_whileIZNSR_16for_all_elementsIZNSR_16unchecked_rehashERNSF_ISP_SE_NS2_16pow2_size_policyESQ_EEEUlPSP_E_EEDTcmclfL1p0_LDnEEcvv_EERKSW_T_EUlSY_E_EES10_S12_S13_EUlPSE_jSY_E_EEDTcmclfp0_LDnELi0ELDnEEcvv_EES12_S13_
45 26788 0 0 26788 4361 0 0 0 0
46 26788 0 0 0 0 0 0 0 0
fn=lob::v12::BookT<lob::ChecksumSink, 16u>::modify(unsigned long, long, unsigned int)
45 56518 0 0 0 0 0 0 0 0
46 56518 0 0 0 0 0 0 0 0
fn=unsigned int lob::v12::BookT<lob::ChecksumSink, 16u>::match<(lob::Side)0>(unsigned long, long, unsigned int)
0 16790 0 0 16790 0 0 0 0 0
45 16790 0 0 0 0 0 0 0 0
46 16790 0 0 0 0 0 0 0 0
fn=unsigned int lob::v12::BookT<lob::ChecksumSink, 16u>::match<(lob::Side)1>(unsigned long, long, unsigned int)
0 16646 0 0 16646 0 0 0 0 0
45 16646 0 0 0 0 0 0 0 0
46 16646 0 0 0 0 0 0 0 0
fn=void lob::replay<lob::v12::BookT<lob::ChecksumSink, 16u> >(lob::v12::BookT<lob::ChecksumSink, 16u>&, std::__1::span<lob::Op const, 18446744073709551615ul>)
45 1886964 0 0 0 0 0 0 0 0
46 943482 0 0 0 0 0 0 0 0
fl=/home/wang/sources/cxx/book/include/lob/events.hpp
fn=lob::v12::BookT<lob::ChecksumSink, 16u>::modify(unsigned long, long, unsigned int)
92 73196 0 0 73196 0 0 0 0 0
93 708798 1 1 95636 0 0 39118 0 0
fn=unsigned int lob::v12::BookT<lob::ChecksumSink, 16u>::match<(lob::Side)0>(unsigned long, long, unsigned int)
92 97188 0 0 32396 0 0 32396 0 0
93 388752 0 0 64792 2150 0 32396 0 0
fn=unsigned int lob::v12::BookT<lob::ChecksumSink, 16u>::match<(lob::Side)1>(unsigned long, long, unsigned int)
92 96123 0 0 32041 0 0 32041 0 0
93 384492 1 1 64082 2153 0 32041 0 0
fn=void lob::replay<lob::v12::BookT<lob::ChecksumSink, 16u> >(lob::v12::BookT<lob::ChecksumSink, 16u>&, std::__1::span<lob::Op const, 18446744073709551615ul>)
0 2322864 0 0 0 0 0 917793 0 0
92 917793 0 0 917793 11 1 0 0 0
93 8316900 1 1 1835586 0 0 0 0 0
fl=/home/wang/sources/cxx/book/include/lob/replay.hpp
fn=void lob::replay<lob::v12::BookT<lob::ChecksumSink, 16u> >(lob::v12::BookT<lob::ChecksumSink, 16u>&, std::__1::span<lob::Op const, 18446744073709551615ul>)
0 7 0 0 0 0 0 1 1 1
52 7 1 1 0 0 0 6 1 1
53 1000001 0 0 0 0 0 0 0 0
57 8 1 1 7 1 1 0 0 0
fl=/home/wang/sources/cxx/book/include/lob/v11/exact_div.hpp
fn=lob::v12::BookT<lob::ChecksumSink, 16u>::modify(unsigned long, long, unsigned int)
0 34078 0 0 0 0 0 0 0 0
37 220424 0 0 101512 0 0 0 0 0
fn=lob::v12::BookT<lob::ChecksumSink, 16u>::remove_from_level(lob::v12::BookT<lob::ChecksumSink, 16u>::Loc const&)
37 67320 0 0 44880 0 0 0 0 0
fn=void lob::replay<lob::v12::BookT<lob::ChecksumSink, 16u> >(lob::v12::BookT<lob::ChecksumSink, 16u>&, std::__1::span<lob::Op const, 18446744073709551615ul>)
37 2753379 1 1 1835586 0 0 0 0 0
fl=/home/wang/sources/cxx/book/include/lob/v12/book.hpp
fn=lob::v12::BookT<lob::ChecksumSink, 16u>::anchor_if_on_tick(long)
348 3 0 0 0 0 0 1 0 0
349 1 0 0 0 0 0 1 0 0
578 10 2 2 1 0 0 0 0 0
579 1 0 0 1 0 0 0 0 0
fn=lob::v12::BookT<lob::ChecksumSink, 16u>::modify(unsigned long, long, unsigned int)
0 724371 9 9 241914 54040 0 146278 50 0
165 565180 1 1 0 0 0 339108 0 0
168 113036 1 1 0 0 0 0 0 0
169 113036 0 0 0 0 0 0 0 0
172 56518 0 0 56518 13772 0 0 0 0
173 226072 0 0 56518 0 0 0 0 0
174 68156 1 1 34078 338 1 0 0 0
175 34078 0 0 0 0 0 34078 0 0
176 34078 0 0 34078 0 0 0 0 0
179 89760 0 0 22440 0 0 0 0 0
181 22440 0 0 0 0 0 22440 0 0
182 22440 0 0 22440 0 0 0 0 0
184 452144 1 1 395626 0 0 0 0 0
302 16678 0 0 0 0 0 0 0 0
337 68156 1 1 34078 0 0 0 0 0
342 101512 1 1 50756 0 0 0 0 0
343 135590 0 0 0 0 0 0 0 0
345 44880 0 0 44880 0 0 0 0 0
362 68156 0 0 0 0 0 0 0 0
368 33356 0 0 16678 0 0 0 0 0
369 16678 0 0 0 0 0 0 0 0
370 50034 0 0 16678 0 0 16678 0 0
371 16678 0 0 0 0 0 0 0 0
376 50034 0 0 0 0 0 50034 2004 0
392 33356 0 0 16678 207 0 0 0 0
394 66712 0 0 16678 0 0 0 0 0
395 16678 0 0 0 0 0 16678 1979 0
396 16678 0 0 0 0 0 16678 0 0
397 16678 0 0 0 0 0 16678 0 0
398 16678 0 0 0 0 0 16678 0 0
399 16678 0 0 16678 40 0 0 0 0
421 67320 1 1 0 0 0 0 0 0
422 67320 1 1 0 0 0 0 0 0
423 55796 1 1 0 0 0 0 0 0
424 22440 0 0 22440 0 0 0 0 0
425 22440 0 0 0 0 0 0 0 0
426 89760 0 0 0 0 0 0 0 0
427 67320 0 0 22440 0 0 0 0 0
432 39118 0 0 0 0 0 0 0 0
433 5762 0 0 0 0 0 0 0 0
434 8787 0 0 2929 0 0 2929 0 0
436 8499 0 0 2833 0 0 2833 0 0
437 11524 0 0 0 0 0 0 0 0
439 5762 0 0 0 0 0 0 0 0
503 33356 0 0 16678 0 0 0 0 0
507 50034 0 0 16678 0 0 0 0 0
508 16678 0 0 0 0 0 0 0 0
513 33356 0 0 16678 0 0 0 0 0
514 50034 1 1 0 0 0 50034 0 0
515 16678 0 0 16678 0 0 0 0 0
fn=lob::v12::BookT<lob::ChecksumSink, 16u>::remove_from_level(lob::v12::BookT<lob::ChecksumSink, 16u>::Loc const&)
0 89760 0 0 0 0 0 44880 54 0
302 22440 0 0 0 0 0 0 0 0
337 44880 1 1 22440 0 0 0 0 0
342 22440 0 0 22440 0 0 0 0 0
343 22440 0 0 0 0 0 0 0 0
381 44880 0 0 22440 0 0 22440 0 0
382 44880 0 0 0 0 0 22440 0 0
404 44880 0 0 22440 2701 0 0 0 0
405 44880 0 0 22440 0 0 0 0 0
408 67320 1 1 0 0 0 0 0 0
409 89760 0 0 0 0 0 0 0 0
410 22440 0 0 0 0 0 22440 21361 0
411 22440 0 0 0 0 0 22440 21372 0
412 22440 0 0 22440 21 0 0 0 0
538 22440 0 0 22440 0 0 0 0 0
539 67320 1 1 22440 0 0 0 0 0
540 67320 0 0 67320 183 0 0 0 0
542 22440 0 0 22440 0 0 0 0 0
545 179520 1 1 44880 10 0 0 0 0
549 67320 0 0 67320 0 0 0 0 0
fn=unsigned int lob::v12::BookT<lob::ChecksumSink, 16u>::match<(lob::Side)0>(unsigned long, long, unsigned int)
0 433685 4 4 111986 2 1 112005 35 0
345 31732 1 1 15866 0 0 0 0 0
381 33580 0 0 16790 0 0 16790 0 0
382 33580 0 0 0 0 0 16790 0 0
404 33580 0 0 16790 254 0 0 0 0
405 33580 1 1 16790 0 0 0 0 0
408 50370 0 0 0 0 0 0 0 0
409 67160 0 0 0 0 0 0 0 0
410 16790 0 0 0 0 0 16790 0 0
411 16790 0 0 0 0 0 16790 16029 0
412 16790 0 0 16790 0 0 0 0 0
447 126928 0 0 0 0 0 111062 1188 0
457 31732 0 0 0 0 0 0 0 0
460 47598 0 0 0 0 0 0 0 0
463 15866 0 0 0 0 0 0 0 0
468 15866 0 0 0 0 0 0 0 0
470 31732 0 0 15866 0 0 0 0 0
471 158660 0 0 31732 0 0 31732 0 0
472 129584 1 1 32396 0 0 0 0 0
475 129584 1 1 0 0 0 0 0 0
478 97188 1 1 0 0 0 32396 0 0
479 32396 0 0 32396 1 0 0 0 0
480 32396 0 0 0 0 0 0 0 0
486 31732 0 0 15866 0 0 0 0 0
494 142794 2 2 111062 0 0 0 0 0
fn=unsigned int lob::v12::BookT<lob::ChecksumSink, 16u>::match<(lob::Side)1>(unsigned long, long, unsigned int)
0 425925 6 5 109095 0 0 110171 32 0
345 31170 0 0 15585 0 0 0 0 0
381 33292 0 0 16646 0 0 16646 0 0
382 49938 0 0 16646 0 0 16646 0 0
404 33292 0 0 16646 235 0 0 0 0
405 33292 0 0 16646 0 0 0 0 0
408 49938 1 1 0 0 0 0 0 0
409 66584 0 0 0 0 0 0 0 0
410 16646 0 0 0 0 0 16646 0 0
411 16646 0 0 0 0 0 16646 15865 0
412 16646 0 0 16646 0 0 0 0 0
447 124680 0 0 0 0 0 109095 1209 0
457 31170 0 0 0 0 0 0 0 0
460 46755 1 1 0 0 0 0 0 0
463 15585 0 0 0 0 0 0 0 0
464 15585 0 0 0 0 0 0 0 0
468 15585 0 0 0 0 0 0 0 0
470 31170 0 0 15585 0 0 0 0 0
471 155850 0 0 31170 0 0 31170 0 0
472 128164 1 1 32041 0 0 0 0 0
475 128164 0 0 0 0 0 0 0 0
478 96123 0 0 0 0 0 32041 0 0
479 32041 0 0 32041 0 0 0 0 0
480 32041 0 0 0 0 0 0 0 0
486 31170 0 0 15585 0 0 0 0 0
494 140265 0 0 109095 0 0 0 0 0
fn=void lob::replay<lob::v12::BookT<lob::ChecksumSink, 16u> >(lob::v12::BookT<lob::ChecksumSink, 16u>&, std::__1::span<lob::Op const, 18446744073709551615ul>)
0 8300681 4 4 2945623 125000 125000 3077802 0 0
138 4886964 1 1 1000000 178575 178566 0 0 0
140 3508317 2 2 1538901 64348 64348 0 0 0
144 282590 0 0 113036 7087 7087 56518 9 0
150 512967 0 0 0 0 0 0 0 0
151 1025934 0 0 0 0 0 0 0 0
154 512967 1 1 512967 0 0 0 0 0
160 861030 0 0 861030 516932 1 0 0 0
162 430515 0 0 430515 0 0 0 0 0
302 2753379 0 0 0 0 0 0 0 0
337 1291547 0 0 430516 0 0 430515 0 0
342 1405071 1 1 917793 0 0 0 0 0
343 1835586 0 0 0 0 0 0 0 0
345 1025932 0 0 1025932 5 0 0 0 0
368 1461834 0 0 487278 0 0 0 0 0
369 487278 0 0 0 0 0 0 0 0
370 1877348 0 0 469337 35563 0 938674 0 0
371 469337 0 0 0 0 0 0 0 0
372 53823 0 0 0 0 0 0 0 0
376 1984994 1 1 487278 0 0 1461834 56785 0
381 861030 0 0 430515 0 0 430515 0 0
382 430515 0 0 0 0 0 430515 0 0
392 1461834 0 0 487278 3985 21 0 0 0
394 1949112 1 1 487278 0 0 0 0 0
395 487278 0 0 0 0 0 487278 27533 0
396 487278 0 0 0 0 0 487278 0 0
397 487278 0 0 0 0 0 487278 0 0
398 487278 0 0 0 0 0 487278 0 0
399 974556 0 0 974556 918 7 0 0 0
404 861030 0 0 430515 51158 0 0 0 0
405 861030 0 0 430515 0 0 0 0 0
408 1291545 1 1 0 0 0 0 0 0
409 1722060 0 0 0 0 0 0 0 0
410 430515 0 0 0 0 0 430515 410766 0
411 861030 0 0 430515 0 0 430515 410169 0
412 430515 0 0 430515 333 0 0 0 0
421 1538901 1 1 0 0 0 0 0 0
422 1538898 0 0 0 0 0 0 0 0
423 4026669 0 0 1000245 0 0 0 0 0
424 512967 0 0 512967 6 1 0 0 0
425 512967 0 0 0 0 0 0 0 0
426 2051864 0 0 0 0 0 0 0 0
427 1538901 1 1 0 0 0 512967 0 0
432 512967 0 0 0 0 0 0 0 0
433 25689 0 0 0 0 0 0 0 0
434 38811 1 1 12937 0 0 12937 4 0
436 38256 0 0 12752 0 0 12752 2 0
437 51378 0 0 0 0 0 0 0 0
503 974559 0 0 487278 6 1 1 0 0
507 1461834 0 0 487278 5 0 0 0 0
508 487278 0 0 0 0 0 0 0 0
513 974556 0 0 974556 0 0 0 0 0
514 1461834 0 0 0 0 0 1461834 10 0
515 487278 0 0 487278 0 0 0 0 0
519 430515 0 0 0 0 0 0 0 0
520 430515 0 0 430515 0 0 0 0 0
521 1291545 0 0 430515 0 0 0 0 0
522 430515 0 0 430515 4074 1 0 0 0
524 430515 0 0 430515 0 0 0 0 0
527 3013605 0 0 861030 269 0 0 0 0
fl=/home/wang/sources/cxx/book/include/lob/v3/hier_bitmap.hpp
fn=lob::v12::BookT<lob::ChecksumSink, 16u>::modify(unsigned long, long, unsigned int)
48 67320 0 0 44880 1 0 0 0 0
57 33356 0 0 0 0 0 0 0 0
58 50034 0 0 16678 4 0 0 0 0
59 50034 0 0 33356 0 0 33356 1446 0
95 112200 0 0 0 0 0 0 0 0
fn=lob::v12::BookT<lob::ChecksumSink, 16u>::remove_from_level(lob::v12::BookT<lob::ChecksumSink, 16u>::Loc const&)
78 67320 0 0 22440 0 0 0 0 0
79 67320 0 0 22440 3 0 0 0 0
80 22440 0 0 0 0 0 0 0 0
fn=unsigned int lob::v12::BookT<lob::ChecksumSink, 16u>::match<(lob::Side)0>(unsigned long, long, unsigned int)
0 15866 0 0 15866 0 0 0 0 0
48 47598 1 1 31732 0 0 0 0 0
95 79330 0 0 0 0 0 0 0 0
fn=unsigned int lob::v12::BookT<lob::ChecksumSink, 16u>::match<(lob::Side)1>(unsigned long, long, unsigned int)
48 46755 0 0 31170 0 0 0 0 0
95 77925 0 0 0 0 0 0 0 0
fn=void lob::replay<lob::v12::BookT<lob::ChecksumSink, 16u> >(lob::v12::BookT<lob::ChecksumSink, 16u>&, std::__1::span<lob::Op const, 18446744073709551615ul>)
0 3 0 0 0 0 0 0 0 0
48 1538901 0 0 1025934 26 2 0 0 0
57 974559 1 1 0 0 0 0 0 0
58 1461843 0 0 487281 145 6 0 0 0
59 1461852 1 1 974565 1 1 974562 5 0
78 1291545 0 0 430515 0 0 0 0 0
79 1291545 1 1 430515 128 0 0 0 0
80 430515 0 0 0 0 0 0 0 0
95 2564830 0 0 0 0 0 0 0 0
fl=/home/wang/sources/cxx/book/source/main.cxx
fn=auto lob::for_each_type<std::__1::tuple<lob::v0::Book<lob::ChecksumSink>, lob::v1::Book<lob::ChecksumSink>, lob::v2::Book<lob::ChecksumSink>, lob::v3::BookT<lob::ChecksumSink, 16u>, lob::v4::BookT<lob::ChecksumSink, 16u>, lob::v5::BookT<lob::ChecksumSink, 16u>, lob::v7::BookT<lob::ChecksumSink, 16u>, lob::v8::BookT<lob::ChecksumSink, 16u>, lob::v9::BookT<lob::ChecksumSink, 16u>, lob::v10::BookT<lob::ChecksumSink, 16u>, lob::v11::BookT<lob::ChecksumSink, 16u>, lob::v12::BookT<lob::ChecksumSink, 16u> >, (anonymous namespace)::with_version<(anonymous namespace)::cmd_replay((anonymous namespace)::Args const&)::$_0>(std::__1::basic_string_view<char, std::__1::char_traits<char> >, (anonymous namespace)::cmd_replay((anonymous namespace)::Args const&)::$_0&&)::{lambda<typename $T0>()#1}>((anonymous namespace)::with_version<(anonymous namespace)::cmd_replay((anonymous namespace)::Args const&)::$_0>(std::__1::basic_string_view<char, std::__1::char_traits<char> >, (anonymous namespace)::cmd_replay((anonymous namespace)::Args const&)::$_0&&)::{lambda<typename $T0>()#1}&&)::{lambda<unsigned long... $N0>(std::__1::integer_sequence<unsigned long, ($N0)...>)#1}::operator()<0ul, 1ul, 2ul, 3ul, 4ul, 5ul, 6ul, 7ul, 8ul, 9ul, 10ul, 11ul>(std::__1::integer_sequence<unsigned long, 0ul, 1ul, 2ul, 3ul, 4ul, 5ul, 6ul, 7ul, 8ul, 9ul, 10ul, 11ul>) const
293 2 1 1 0 0 0 1 1 1
294 2 0 0 1 1 1 1 1 1
295 9 1 1 0 0 0 6 1 1
fl=/usr/include/c++/v1/__algorithm/comp.h
fn=unsigned int lob::v12::BookT<lob::ChecksumSink, 16u>::match<(lob::Side)0>(unsigned long, long, unsigned int)
41 32396 0 0 32396 3503 0 0 0 0
fn=unsigned int lob::v12::BookT<lob::ChecksumSink, 16u>::match<(lob::Side)1>(unsigned long, long, unsigned int)
41 32041 0 0 32041 3504 0 0 0 0
fl=/usr/include/c++/v1/__bit/countr.h
fn=lob::v12::BookT<lob::ChecksumSink, 16u>::modify(unsigned long, long, unsigned int)
28 89760 0 0 44880 1 0 0 0 0
fn=unsigned int lob::v12::BookT<lob::ChecksumSink, 16u>::match<(lob::Side)0>(unsigned long, long, unsigned int)
28 79330 0 0 31732 0 0 0 0 0
fn=unsigned int lob::v12::BookT<lob::ChecksumSink, 16u>::match<(lob::Side)1>(unsigned long, long, unsigned int)
28 77925 0 0 31170 0 0 0 0 0
fn=void lob::replay<lob::v12::BookT<lob::ChecksumSink, 16u> >(lob::v12::BookT<lob::ChecksumSink, 16u>&, std::__1::span<lob::Op const, 18446744073709551615ul>)
28 2051864 0 0 1025932 26 1 0 0 0
fl=/usr/include/c++/v1/__functional/operations.h
fn=lob::v12::BookT<lob::ChecksumSink, 16u>::modify(unsigned long, long, unsigned int)
300 56729 0 0 56729 55335 1 0 0 0
fn=unsigned int lob::v12::BookT<lob::ChecksumSink, 16u>::match<(lob::Side)0>(unsigned long, long, unsigned int)
300 16882 0 0 16882 16549 0 0 0 0
fn=unsigned int lob::v12::BookT<lob::ChecksumSink, 16u>::match<(lob::Side)1>(unsigned long, long, unsigned int)
300 16751 0 0 16751 16434 0 0 0 0
fn=void lob::replay<lob::v12::BookT<lob::ChecksumSink, 16u> >(lob::v12::BookT<lob::ChecksumSink, 16u>&, std::__1::span<lob::Op const, 18446744073709551615ul>)
300 436638 0 0 436638 426559 12 0 0 0
fl=/usr/include/c++/v1/__iterator/wrap_iter.h
fn=void lob::replay<lob::v12::BookT<lob::ChecksumSink, 16u> >(lob::v12::BookT<lob::ChecksumSink, 16u>&, std::__1::span<lob::Op const, 18446744073709551615ul>)
65 1000000 0 0 0 0 0 0 0 0
125 1000001 1 1 0 0 0 0 0 0
fl=/usr/include/c++/v1/__math/rounding_functions.h
fn=boost::unordered::detail::foa::table_locator<boost::unordered::detail::foa::group15<boost::unordered::detail::foa::plain_integral>, std::__1::pair<unsigned long const, lob::v12::BookT<lob::ChecksumSink, 16u>::Loc> > boost::unordered::detail::foa::table_core<boost::unordered::detail::foa::flat_map_types<unsigned long, lob::v12::BookT<lob::ChecksumSink, 16u>::Loc>, boost::unordered::detail::foa::group15<boost::unordered::detail::foa::plain_integral>, boost::unordered::detail::foa::table_arrays, boost::unordered::detail::foa::plain_size_control, boost::hash<unsigned long>, std::__1::equal_to<unsigned long>, std::__1::allocator<std::__1::pair<unsigned long const, lob::v12::BookT<lob::ChecksumSink, 16u>::Loc> > >::unchecked_emplace_with_rehash<boost::unordered::detail::foa::try_emplace_args_t, unsigned long const&>(unsigned long, boost::unordered::detail::foa::try_emplace_args_t&&, unsigned long const&)
29 11 0 0 0 0 0 0 0 0
fl=/usr/include/c++/v1/__memory/allocator.h
fn=void lob::replay<lob::v12::BookT<lob::ChecksumSink, 16u> >(lob::v12::BookT<lob::ChecksumSink, 16u>&, std::__1::span<lob::Op const, 18446744073709551615ul>)
100 32 0 0 0 0 0 0 0 0
fl=/usr/include/c++/v1/__memory/construct_at.h
fn=void lob::replay<lob::v12::BookT<lob::ChecksumSink, 16u> >(lob::v12::BookT<lob::ChecksumSink, 16u>&, std::__1::span<lob::Op const, 18446744073709551615ul>)
38 53823 0 0 0 0 0 35882 6727 4738
fl=/usr/include/c++/v1/__memory/uninitialized_algorithms.h
fn=void lob::replay<lob::v12::BookT<lob::ChecksumSink, 16u> >(lob::v12::BookT<lob::ChecksumSink, 16u>&, std::__1::span<lob::Op const, 18446744073709551615ul>)
638 64 0 0 0 0 0 16 0 0
fl=/usr/include/c++/v1/__memory/unique_ptr.h
fn=auto lob::for_each_type<std::__1::tuple<lob::v0::Book<lob::ChecksumSink>, lob::v1::Book<lob::ChecksumSink>, lob::v2::Book<lob::ChecksumSink>, lob::v3::BookT<lob::ChecksumSink, 16u>, lob::v4::BookT<lob::ChecksumSink, 16u>, lob::v5::BookT<lob::ChecksumSink, 16u>, lob::v7::BookT<lob::ChecksumSink, 16u>, lob::v8::BookT<lob::ChecksumSink, 16u>, lob::v9::BookT<lob::ChecksumSink, 16u>, lob::v10::BookT<lob::ChecksumSink, 16u>, lob::v11::BookT<lob::ChecksumSink, 16u>, lob::v12::BookT<lob::ChecksumSink, 16u> >, (anonymous namespace)::with_version<(anonymous namespace)::cmd_replay((anonymous namespace)::Args const&)::$_0>(std::__1::basic_string_view<char, std::__1::char_traits<char> >, (anonymous namespace)::cmd_replay((anonymous namespace)::Args const&)::$_0&&)::{lambda<typename $T0>()#1}>((anonymous namespace)::with_version<(anonymous namespace)::cmd_replay((anonymous namespace)::Args const&)::$_0>(std::__1::basic_string_view<char, std::__1::char_traits<char> >, (anonymous namespace)::cmd_replay((anonymous namespace)::Args const&)::$_0&&)::{lambda<typename $T0>()#1}&&)::{lambda<unsigned long... $N0>(std::__1::integer_sequence<unsigned long, ($N0)...>)#1}::operator()<0ul, 1ul, 2ul, 3ul, 4ul, 5ul, 6ul, 7ul, 8ul, 9ul, 10ul, 11ul>(std::__1::integer_sequence<unsigned long, 0ul, 1ul, 2ul, 3ul, 4ul, 5ul, 6ul, 7ul, 8ul, 9ul, 10ul, 11ul>) const
268 1 0 0 1 0 0 0 0 0
fl=/usr/include/c++/v1/__new/allocate.h
fn=boost::unordered::detail::foa::table_core<boost::unordered::detail::foa::flat_map_types<unsigned long, lob::v12::BookT<lob::ChecksumSink, 16u>::Loc>, boost::unordered::detail::foa::group15<boost::unordered::detail::foa::plain_integral>, boost::unordered::detail::foa::table_arrays, boost::unordered::detail::foa::plain_size_control, boost::hash<unsigned long>, std::__1::equal_to<unsigned long>, std::__1::allocator<std::__1::pair<unsigned long const, lob::v12::BookT<lob::ChecksumSink, 16u>::Loc> > >::unchecked_rehash(boost::unordered::detail::foa::table_arrays<std::__1::pair<unsigned long const, lob::v12::BookT<lob::ChecksumSink, 16u>::Loc>, boost::unordered::detail::foa::group15<boost::unordered::detail::foa::plain_integral>, boost::unordered::detail::foa::pow2_size_policy, std::__1::allocator<std::__1::pair<unsigned long const, lob::v12::BookT<lob::ChecksumSink, 16u>::Loc> > >&)
57 40 0 0 0 0 0 0 0 0
63 10 0 0 0 0 0 10 0 0
fn=boost::unordered::detail::foa::table_locator<boost::unordered::detail::foa::group15<boost::unordered::detail::foa::plain_integral>, std::__1::pair<unsigned long const, lob::v12::BookT<lob::ChecksumSink, 16u>::Loc> > boost::unordered::detail::foa::table_core<boost::unordered::detail::foa::flat_map_types<unsigned long, lob::v12::BookT<lob::ChecksumSink, 16u>::Loc>, boost::unordered::detail::foa::group15<boost::unordered::detail::foa::plain_integral>, boost::unordered::detail::foa::table_arrays, boost::unordered::detail::foa::plain_size_control, boost::hash<unsigned long>, std::__1::equal_to<unsigned long>, std::__1::allocator<std::__1::pair<unsigned long const, lob::v12::BookT<lob::ChecksumSink, 16u>::Loc> > >::unchecked_emplace_with_rehash<boost::unordered::detail::foa::try_emplace_args_t, unsigned long const&>(unsigned long, boost::unordered::detail::foa::try_emplace_args_t&&, unsigned long const&)
0 33 0 0 0 0 0 22 0 0
37 55 1 1 0 0 0 11 0 0
43 22 0 0 0 0 0 11 2 1
fn=void lob::replay<lob::v12::BookT<lob::ChecksumSink, 16u> >(lob::v12::BookT<lob::ChecksumSink, 16u>&, std::__1::span<lob::Op const, 18446744073709551615ul>)
0 64 1 1 64 5 0 0 0 0
37 32 0 0 0 0 0 0 0 0
43 48 0 0 0 0 0 16 0 0
63 45 0 0 15 0 0 15 0 0
fl=/usr/include/c++/v1/__split_buffer
fn=void lob::replay<lob::v12::BookT<lob::ChecksumSink, 16u> >(lob::v12::BookT<lob::ChecksumSink, 16u>&, std::__1::span<lob::Op const, 18446744073709551615ul>)
0 16 0 0 0 0 0 16 0 0
335 16 0 0 0 0 0 0 0 0
341 32 0 0 0 0 0 0 0 0
fl=/usr/include/c++/v1/__utility/pair.h
fn=_ZN5boost9unordered6detail3foa10table_coreINS2_14flat_map_typesImN3lob3v125BookTINS5_12ChecksumSinkELj16EE3LocEEENS2_7group15INS2_14plain_integralEEENS2_12table_arraysENS2_18plain_size_controlENS_4hashImEENSt3__18equal_toImEENSJ_9allocatorINSJ_4pairIKmSA_EEEEE22for_all_elements_whileIZNSR_22for_all_elements_whileIZNSR_16for_all_elementsIZNSR_16unchecked_rehashERNSF_ISP_SE_NS2_16pow2_size_policyESQ_EEEUlPSP_E_EEDTcmclfL1p0_LDnEEcvv_EERKSW_T_EUlSY_E_EES10_S12_S13_EUlPSE_jSY_E_EEDTcmclfp0_LDnELi0ELDnEEcvv_EES12_S13_
196 107152 0 0 53576 6369 0 53576 13585 13583
fn=boost::unordered::detail::foa::table_locator<boost::unordered::detail::foa::group15<boost::unordered::detail::foa::plain_integral>, std::__1::pair<unsigned long const, lob::v12::BookT<lob::ChecksumSink, 16u>::Loc> > boost::unordered::detail::foa::table_core<boost::unordered::detail::foa::flat_map_types<unsigned long, lob::v12::BookT<lob::ChecksumSink, 16u>::Loc>, boost::unordered::detail::foa::group15<boost::unordered::detail::foa::plain_integral>, boost::unordered::detail::foa::table_arrays, boost::unordered::detail::foa::plain_size_control, boost::hash<unsigned long>, std::__1::equal_to<unsigned long>, std::__1::allocator<std::__1::pair<unsigned long const, lob::v12::BookT<lob::ChecksumSink, 16u>::Loc> > >::unchecked_emplace_with_rehash<boost::unordered::detail::foa::try_emplace_args_t, unsigned long const&>(unsigned long, boost::unordered::detail::foa::try_emplace_args_t&&, unsigned long const&)
445 22 0 0 11 0 0 11 11 11
446 11 0 0 0 0 0 11 2 2
fn=void lob::replay<lob::v12::BookT<lob::ChecksumSink, 16u> >(lob::v12::BookT<lob::ChecksumSink, 16u>&, std::__1::span<lob::Op const, 18446744073709551615ul>)
445 512956 0 0 0 0 0 512956 496739 3574
446 1025912 0 0 0 0 0 512956 124533 6659
fl=/usr/include/c++/v1/__utility/swap.h
fn=void lob::replay<lob::v12::BookT<lob::ChecksumSink, 16u> >(lob::v12::BookT<lob::ChecksumSink, 16u>&, std::__1::span<lob::Op const, 18446744073709551615ul>)
0 16 0 0 16 5 0 0 0 0
44 48 0 0 0 0 0 48 5 0
fl=/usr/include/c++/v1/__vector/vector.h
fn=auto lob::for_each_type<std::__1::tuple<lob::v0::Book<lob::ChecksumSink>, lob::v1::Book<lob::ChecksumSink>, lob::v2::Book<lob::ChecksumSink>, lob::v3::BookT<lob::ChecksumSink, 16u>, lob::v4::BookT<lob::ChecksumSink, 16u>, lob::v5::BookT<lob::ChecksumSink, 16u>, lob::v7::BookT<lob::ChecksumSink, 16u>, lob::v8::BookT<lob::ChecksumSink, 16u>, lob::v9::BookT<lob::ChecksumSink, 16u>, lob::v10::BookT<lob::ChecksumSink, 16u>, lob::v11::BookT<lob::ChecksumSink, 16u>, lob::v12::BookT<lob::ChecksumSink, 16u> >, (anonymous namespace)::with_version<(anonymous namespace)::cmd_replay((anonymous namespace)::Args const&)::$_0>(std::__1::basic_string_view<char, std::__1::char_traits<char> >, (anonymous namespace)::cmd_replay((anonymous namespace)::Args const&)::$_0&&)::{lambda<typename $T0>()#1}>((anonymous namespace)::with_version<(anonymous namespace)::cmd_replay((anonymous namespace)::Args const&)::$_0>(std::__1::basic_string_view<char, std::__1::char_traits<char> >, (anonymous namespace)::cmd_replay((anonymous namespace)::Args const&)::$_0&&)::{lambda<typename $T0>()#1}&&)::{lambda<unsigned long... $N0>(std::__1::integer_sequence<unsigned long, ($N0)...>)#1}::operator()<0ul, 1ul, 2ul, 3ul, 4ul, 5ul, 6ul, 7ul, 8ul, 9ul, 10ul, 11ul>(std::__1::integer_sequence<unsigned long, 0ul, 1ul, 2ul, 3ul, 4ul, 5ul, 6ul, 7ul, 8ul, 9ul, 10ul, 11ul>) const
388 4 1 1 1 0 0 0 0 0
449 1 0 0 1 1 1 0 0 0
fn=lob::v12::BookT<lob::ChecksumSink, 16u>::modify(unsigned long, long, unsigned int)
407 163070 1 1 73196 0 0 0 0 0
fn=lob::v12::BookT<lob::ChecksumSink, 16u>::remove_from_level(lob::v12::BookT<lob::ChecksumSink, 16u>::Loc const&)
407 67320 0 0 22440 0 0 0 0 0
fn=unsigned int lob::v12::BookT<lob::ChecksumSink, 16u>::match<(lob::Side)0>(unsigned long, long, unsigned int)
407 32396 0 0 0 0 0 0 0 0
fn=unsigned int lob::v12::BookT<lob::ChecksumSink, 16u>::match<(lob::Side)1>(unsigned long, long, unsigned int)
407 32041 0 0 0 0 0 0 0 0
fn=void lob::replay<lob::v12::BookT<lob::ChecksumSink, 16u> >(lob::v12::BookT<lob::ChecksumSink, 16u>&, std::__1::span<lob::Op const, 18446744073709551615ul>)
0 16 1 1 0 0 0 0 0 0
388 125587 2 2 17941 0 0 0 0 0
391 96 0 0 0 0 0 16 0 0
407 2753379 1 1 935734 0 0 0 0 0
475 17925 0 0 0 0 0 0 0 0
902 32 0 0 0 0 0 0 0 0
905 96 1 1 0 0 0 0 0 0
1128 16 0 0 0 0 0 0 0 0
1131 16 1 1 0 0 0 0 0 0
1146 71764 0 0 17941 0 0 17941 0 0
1149 17925 0 0 0 0 0 0 0 0
1152 17941 0 0 0 0 0 17941 0 0
fl=/usr/include/c++/v1/map
fn=unsigned int lob::v12::BookT<lob::ChecksumSink, 16u>::match<(lob::Side)0>(unsigned long, long, unsigned int)
1031 31732 0 0 15866 0 0 0 0 0
fn=unsigned int lob::v12::BookT<lob::ChecksumSink, 16u>::match<(lob::Side)1>(unsigned long, long, unsigned int)
1031 31170 0 0 15585 0 0 0 0 0
fl=???
fn=???
0 247 9 9 162 65 7 6 0 0
fn=operator delete(void*)
0 125 0 0 25 0 0 25 0 0
fn=operator delete(void*, unsigned long)
0 125 1 1 25 0 0 25 0 0
fn=operator new(unsigned long)
0 459 2 2 81 0 0 108 0 0
summary: 172418010 316 311 49366408 2402645 375244 18920534 1642819 39910
