desc: I1 cache:         32768 B, 64 B, 8-way associative
desc: D1 cache:         49152 B, 64 B, 12-way associative
desc: LL cache:         6291456 B, 64 B, 12-way associative
cmd: /home/wang/sources/cxx/book/build/profile/book replay --workload data/itch12302019_QQQ.ops --version v1
events: Ir I1mr ILmr Dr D1mr DLmr Dw D1mw DLmw 
fl=./malloc/./malloc/arena.c
fn=free
153 4109181 0 0 0 0 0 0 0 0
fn=malloc
153 74916 0 0 0 0 0 0 0 0
fl=./malloc/./malloc/malloc.c
fn=_int_free
1792 213430 0 0 213430 5 1 0 0 0
1992 639999 1 1 213333 0 0 0 0 0
3163 2312594 1 1 1156297 0 0 1156297 0 0
3165 4625188 0 0 1156297 22 3 1156297 0 0
3166 1156297 0 0 0 0 0 1156297 0 0
3167 2312594 0 0 0 0 0 1156297 0 0
4495 9588089 1 1 0 0 0 5478908 3 0
4499 4109181 1 1 1369727 0 0 0 0 0
4505 5478908 0 0 0 0 0 0 0 0
4506 2739454 0 0 0 0 0 0 0 0
4510 6848635 0 0 0 0 0 0 0 0
4517 2739454 0 0 0 0 0 0 0 0
4518 8218362 1 1 4109181 4 0 0 0 0
4521 1369630 0 0 0 0 0 0 0 0
4527 4108890 0 0 2739260 21 3 0 0 0
4547 6848150 1 1 2739260 2 2 0 0 0
4550 1156297 0 0 0 0 0 0 0 0
4561 426860 0 0 0 0 0 0 0 0
4572 853332 0 0 213333 32429 206 0 0 0
4574 639999 0 0 213333 198 0 0 0 0
4593 213333 0 0 0 0 0 0 0 0
4595 213333 0 0 0 0 0 213333 21 1
4596 213333 0 0 0 0 0 0 0 0
4600 639999 0 0 213333 0 0 0 0 0
4602 426666 0 0 213333 190 0 0 0 0
4606 426666 0 0 0 0 0 0 0 0
4608 639999 0 0 0 0 0 213333 0 0
4609 213333 0 0 0 0 0 213333 0 0
4628 853332 0 0 0 0 0 0 0 0
4637 194 0 0 97 0 0 0 0 0
4640 194 0 0 97 4 0 0 0 0
4643 194 1 1 0 0 0 0 0 0
4646 194 0 0 0 0 0 0 0 0
4658 8218265 1 1 6848538 0 0 0 0 0
fn=_int_free_maybe_consolidate
4770 1067 1 1 97 4 0 679 0 0
4776 194 0 0 0 0 0 0 0 0
4778 176 0 0 44 0 0 0 0 0
4781 132 0 0 0 0 0 0 0 0
4784 220 2 2 132 29 1 0 0 0
4798 1067 1 1 873 0 0 0 0 0
fn=_int_free_merge_chunk
1992 291 0 0 97 0 0 0 0 0
4665 776 1 1 0 0 0 582 0 0
4666 97 0 0 0 0 0 0 0 0
4670 582 0 0 97 4 0 0 0 0
4673 388 1 1 97 4 0 0 0 0
4675 291 1 1 97 11 0 0 0 0
4678 291 0 0 97 3 0 0 0 0
4681 194 0 0 0 0 0 0 0 0
4682 194 0 0 0 0 0 0 0 0
4683 194 0 0 97 4 0 0 0 0
4689 194 1 1 97 0 0 0 0 0
4691 11 0 0 11 0 0 0 0 0
4692 11 0 0 0 0 0 0 0 0
4693 11 0 0 0 0 0 0 0 0
4694 44 0 0 11 2 0 0 0 0
4696 22 0 0 0 0 0 11 0 0
4701 291 0 0 0 0 0 0 0 0
4702 679 0 0 582 0 0 0 0 0
4714 194 0 0 97 0 0 0 0 0
4720 110 0 0 55 2 0 0 0 0
4721 2 0 0 0 0 0 1 0 0
4722 2 0 0 0 0 0 0 0 0
4724 54 0 0 54 0 0 0 0 0
4732 55 0 0 0 0 0 0 0 0
4733 220 1 1 55 0 0 0 0 0
4734 110 0 0 55 0 0 0 0 0
4736 55 0 0 0 0 0 55 0 0
4738 110 0 0 0 0 0 0 0 0
4740 165 1 1 0 0 0 55 1 0
4743 55 0 0 0 0 0 55 0 0
4744 55 0 0 0 0 0 55 0 0
4746 165 0 0 0 0 0 55 0 0
4747 55 0 0 0 0 0 55 0 0
4756 42 0 0 0 0 0 0 0 0
4757 126 0 0 0 0 0 42 0 0
4758 84 1 1 0 0 0 42 0 0
fn=_int_malloc
1326 74916 0 0 0 0 0 0 0 0
1345 224748 0 0 0 0 0 0 0 0
1794 37458 1 1 37458 0 0 0 0 0
1985 77517 0 0 25839 0 0 0 0 0
2008 16 0 0 4 0 0 0 0 0
2552 42 0 0 14 14 6 14 0 0
2553 4 1 1 0 0 0 4 0 0
2564 14 1 1 7 7 2 0 0 0
2565 9 0 0 6 0 0 0 0 0
2568 12 0 0 3 0 0 0 0 0
2576 18 0 0 3 0 0 6 1 0
2577 6 0 0 0 0 0 0 0 0
2589 16 0 0 4 0 0 4 0 0
2590 8 0 0 0 0 0 4 0 0
2599 48 1 1 12 0 0 0 0 0
2605 12 0 0 8 0 0 0 0 0
2608 12 1 1 0 0 0 0 0 0
2669 12 1 1 4 0 0 4 0 0
2677 8 0 0 4 0 0 0 0 0
2678 12 0 0 4 0 0 4 0 0
2691 12 1 1 4 0 0 0 0 0
2693 4 0 0 4 0 0 0 0 0
2699 20 0 0 4 0 0 4 0 0
2707 8 0 0 0 0 0 0 0 0
2709 16 2 2 0 0 0 8 0 0
2710 12 0 0 4 0 0 0 0 0
2711 4 0 0 0 0 0 0 0 0
2712 4 0 0 0 0 0 0 0 0
2715 8 0 0 0 0 0 0 0 0
2744 28 1 1 12 0 0 0 0 0
2746 8 1 1 0 0 0 4 0 0
2752 32 0 0 4 0 0 0 0 0
2753 24 0 0 4 0 0 4 0 0
2921 12 1 1 8 0 0 0 0 0
2922 4 0 0 0 0 0 4 0 0
2926 4 0 0 4 0 0 0 0 0
2930 20 1 1 8 0 0 0 0 0
2932 4 0 0 0 0 0 0 0 0
2933 4 0 0 0 0 0 0 0 0
2934 4 0 0 0 0 0 4 0 0
2935 28 0 0 0 0 0 4 0 0
2936 8 0 0 0 0 0 4 2 2
2938 4 0 0 0 0 0 0 0 0
3159 658 1 1 0 0 0 329 0 0
3163 352100 1 1 176050 0 0 176050 0 0
3165 378618 0 0 176100 0 0 176150 0 0
3166 176429 1 1 379 0 0 176050 0 0
3167 352100 0 0 0 0 0 176050 0 0
3168 658 0 0 0 0 0 0 0 0
3178 47 0 0 47 0 0 0 0 0
3182 94 0 0 0 0 0 0 0 0
3186 188 1 1 47 0 0 47 0 0
3190 94 0 0 94 0 0 0 0 0
3191 94 0 0 0 0 0 47 0 0
3199 47 1 1 47 0 0 0 0 0
3846 412038 2 2 37458 416 1 262206 1096 4
3887 74916 0 0 0 0 0 0 0 0
3914 74916 0 0 0 0 0 0 0 0
3916 149424 0 0 0 0 0 0 0 0
3917 25560 0 0 0 0 0 0 0 0
3919 37356 0 0 37356 16 2 0 0 0
3921 74712 0 0 0 0 0 0 0 0
3923 51120 0 0 0 0 0 0 0 0
3926 51120 1 1 25560 0 0 0 0 0
3927 127800 0 0 25560 360 0 25560 0 0
3930 35388 2 2 0 0 0 0 0 0
3932 51120 0 0 25560 89 0 0 0 0
3933 51120 0 0 0 0 0 0 0 0
3939 51120 0 0 0 0 0 0 0 0
3940 153360 1 1 76680 0 0 0 0 0
3945 252351 0 0 51120 0 0 0 0 0
3946 932346 1 1 176628 0 0 0 0 0
3948 351342 0 0 0 0 0 0 0 0
3950 351342 0 0 175671 0 0 0 0 0
3951 1054026 0 0 175671 23078 100 175671 0 0
3977 204 1 1 0 0 0 0 0 0
3979 74718 0 0 0 0 0 0 0 0
3980 23594 1 1 0 0 0 0 0 0
3982 35391 0 0 11797 132 2 0 0 0
3984 80 0 0 80 36 2 0 0 0
3985 160 0 0 80 40 9 0 0 0
3987 80 0 0 80 25 7 0 0 0
3988 80 0 0 0 0 0 80 0 0
3989 80 0 0 0 0 0 80 0 0
3991 240 1 1 0 0 0 0 0 0
3997 160 0 0 0 0 0 0 0 0
3998 480 1 1 240 0 0 0 0 0
4003 1387 0 0 160 0 0 0 0 0
4004 742 0 0 0 0 0 0 0 0
4006 658 0 0 0 0 0 0 0 0
4008 329 0 0 329 0 0 0 0 0
4009 329 0 0 329 137 45 0 0 0
4010 658 0 0 0 0 0 0 0 0
4012 329 0 0 0 0 0 329 0 0
4013 329 0 0 0 0 0 329 248 89
4020 80 0 0 0 0 0 0 0 0
4039 1008 1 1 0 0 0 0 0 0
4040 303 0 0 101 0 0 0 0 0
4041 171 0 0 0 0 0 57 26 2
4058 35454 1 1 11818 1 1 0 0 0
4059 35454 0 0 0 0 0 11818 1 0
4060 35454 1 1 23636 2 2 0 0 0
4069 11628 0 0 0 0 0 5814 0 0
4070 61283 1 1 12498 87 1 11818 0 0
4072 6327 0 0 6327 7 0 0 0 0
4073 12654 0 0 6327 32 0 0 0 0
4074 6327 0 0 0 0 0 0 0 0
4076 12654 0 0 0 0 0 0 0 0
4077 18981 1 1 6327 1 0 0 0 0
4079 6327 0 0 6327 87 0 0 0 0
4080 25308 0 0 0 0 0 0 0 0
4082 25308 0 0 6327 0 0 0 0 0
4084 12654 1 1 6327 88 0 0 0 0
4085 12654 0 0 6327 0 0 0 0 0
4087 12654 0 0 0 0 0 0 0 0
4098 25308 0 0 0 0 0 0 0 0
4099 11462 1 1 5731 0 0 0 0 0
4100 11402 0 0 0 0 0 0 0 0
4101 5701 0 0 0 0 0 0 0 0
4104 5580 0 0 0 0 0 0 0 0
4105 5580 1 1 0 0 0 0 0 0
4106 5580 0 0 0 0 0 5580 0 0
4107 16740 0 0 0 0 0 5580 0 0
4108 16740 1 1 0 0 0 5580 3403 180
4109 11160 0 0 0 0 0 0 0 0
4111 10790 0 0 0 0 0 5395 1348 66
4115 44640 0 0 0 0 0 5580 0 0
4117 16740 1 1 0 0 0 5580 14 7
4118 5580 0 0 0 0 0 5580 0 0
4121 5649 0 0 0 0 0 0 0 0
4122 16740 0 0 0 0 0 5580 12 0
4123 5580 0 0 0 0 0 0 0 0
4127 747 0 0 0 0 0 747 0 0
4128 747 0 0 0 0 0 747 0 0
4132 1494 0 0 0 0 0 0 0 0
4134 138 0 0 0 0 0 69 0 0
4135 207 0 0 0 0 0 0 0 0
4140 138 0 0 0 0 0 0 0 0
4141 300 0 0 200 0 0 0 0 0
4144 8 0 0 0 0 0 0 0 0
4161 1369 2 2 0 0 0 0 0 0
4163 1214 0 0 0 0 0 607 0 0
4164 2428 0 0 0 0 0 0 0 0
4165 607 0 0 607 26 13 0 0 0
4169 930 2 2 0 0 0 71 0 0
4170 207 1 1 0 0 0 0 0 0
4171 71 0 0 71 26 6 0 0 0
4174 142 0 0 0 0 0 0 0 0
4177 6 0 0 0 0 0 0 0 0
4179 24 0 0 12 1 0 0 0 0
4180 12 0 0 0 0 0 0 0 0
4186 4 1 1 0 0 0 1 0 0
4187 1 0 0 1 1 0 0 0 0
4188 3 0 0 0 0 0 2 0 0
4192 15 1 1 5 0 0 0 0 0
4193 10 0 0 0 0 0 0 0 0
4199 5 0 0 0 0 0 0 0 0
4205 20 0 0 0 0 0 5 0 0
4206 5 0 0 5 2 0 0 0 0
4207 10 1 1 5 0 0 0 0 0
4209 5 0 0 0 0 0 5 0 0
4210 15 0 0 5 0 0 5 0 0
4212 5 0 0 5 0 0 0 0 0
4213 10 0 0 5 0 0 0 0 0
4218 260 0 0 0 0 0 65 1 0
4221 4746 2 2 1356 31 2 0 0 0
4222 678 0 0 0 0 0 678 0 0
4223 678 0 0 0 0 0 678 0 0
4224 678 0 0 0 0 0 678 12 4
4225 678 0 0 0 0 0 678 0 0
4230 1356 0 0 1356 0 0 0 0 0
4231 1356 0 0 0 0 0 0 0 0
4232 2 0 0 2 1 1 0 0 0
4233 8 0 0 0 0 0 0 0 0
4240 2712 2 2 1356 0 0 0 0 0
4246 338 0 0 0 0 0 0 0 0
4248 47 0 0 0 0 0 0 0 0
4257 18516 1 1 0 0 0 0 0 0
4259 328 0 0 0 0 0 0 0 0
4262 246 0 0 82 32 7 0 0 0
4263 6204 1 1 26 2 0 0 0 0
4266 20 0 0 20 1 0 0 0 0
4267 130 0 0 22 0 0 0 0 0
4269 2 0 0 2 0 0 0 0 0
4273 40 1 1 20 0 0 0 0 0
4275 2 0 0 2 0 0 0 0 0
4276 4 0 0 2 0 0 0 0 0
4278 60 0 0 0 0 0 20 0 0
4279 60 0 0 0 0 0 40 1 0
4282 80 0 0 40 0 0 0 0 0
4284 19 0 0 19 0 0 0 0 0
4285 57 1 1 0 0 0 0 0 0
4291 1 0 0 0 0 0 0 0 0
4295 4 1 1 1 0 0 0 0 0
4296 2 0 0 1 0 0 0 0 0
4299 1 0 0 0 0 0 1 1 0
4300 1 0 0 0 0 0 1 0 0
4301 1 0 0 0 0 0 1 0 0
4302 2 0 0 0 0 0 0 0 0
4307 8 1 1 0 0 0 1 0 0
4309 3 0 0 0 0 0 1 0 0
4310 1 0 0 0 0 0 1 0 0
4313 5 0 0 0 0 0 0 0 0
4330 6154 0 0 0 0 0 0 0 0
4331 12308 0 0 0 0 0 0 0 0
4332 12308 0 0 0 0 0 0 0 0
4333 12308 0 0 6154 87 1 0 0 0
4334 36918 0 0 0 0 0 0 0 0
4339 24841 1 1 0 0 0 0 0 0
4343 65699 2 2 0 0 0 0 0 0
4346 71508 1 1 17877 0 0 0 0 0
4348 212 0 0 0 0 0 0 0 0
4349 106 0 0 0 0 0 0 0 0
4353 2294 0 0 0 0 0 0 0 0
4355 879 0 0 0 0 0 0 0 0
4357 1758 0 0 0 0 0 0 0 0
4361 268 0 0 268 37 2 0 0 0
4364 536 0 0 0 0 0 0 0 0
4366 440 0 0 0 0 0 88 0 0
4367 88 0 0 0 0 0 0 0 0
4368 88 0 0 0 0 0 0 0 0
4373 720 0 0 180 36 10 0 0 0
4376 363 2 2 1 0 0 0 0 0
4378 540 1 1 0 0 0 180 0 0
4381 540 0 0 0 0 0 360 1 0
4384 720 0 0 360 0 0 0 0 0
4386 17 0 0 17 0 0 0 0 0
4387 51 1 1 0 0 0 0 0 0
4394 163 0 0 0 0 0 0 0 0
4399 652 0 0 163 0 0 0 0 0
4400 326 1 1 163 0 0 0 0 0
4403 163 0 0 0 0 0 163 65 26
4404 163 0 0 0 0 0 163 0 0
4405 163 0 0 0 0 0 163 0 0
4408 326 0 0 0 0 0 0 0 0
4409 160 0 0 0 0 0 160 0 0
4410 326 0 0 0 0 0 0 0 0
4412 88 0 0 0 0 0 44 6 0
4415 1304 1 1 0 0 0 163 0 0
4417 489 0 0 0 0 0 163 1 0
4418 163 0 0 0 0 0 163 0 0
4421 180 0 0 0 0 0 0 0 0
4443 5974 1 1 5974 0 0 0 0 0
4444 11948 0 0 5974 56 3 0 0 0
4446 11948 0 0 5974 3 1 0 0 0
4449 17922 0 0 0 0 0 0 0 0
4451 5965 0 0 0 0 0 0 0 0
4452 11930 1 1 0 0 0 0 0 0
4453 5965 0 0 0 0 0 5965 0 0
4454 47720 1 1 0 0 0 5965 0 0
4456 11930 0 0 0 0 0 5965 4794 4773
4459 11970 0 0 0 0 0 0 0 0
4460 17976 0 0 0 0 0 5992 80 2
4461 5992 0 0 0 0 0 0 0 0
4466 36 0 0 9 0 0 9 0 0
4468 4 1 1 0 0 0 2 0 0
4470 6 0 0 2 0 0 0 0 0
4471 4 0 0 0 0 0 0 0 0
4482 10 0 0 0 0 0 0 0 0
4487 449496 2 2 337122 1 0 0 0 0
fn=alloc_perturb
1985 34716 1 1 11572 1 1 0 0 0
1987 11572 0 0 11572 0 0 0 0 0
fn=free
3359 9588110 2 2 0 0 0 5478920 0 0
3363 2739460 0 0 0 0 0 0 0 0
3371 2739460 0 0 2739460 39 6 0 0 0
3373 1369730 0 0 0 0 0 0 0 0
3375 4109190 0 0 1369730 50875 284 0 0 0
3379 9 1 1 3 3 1 0 0 0
3381 12 0 0 3 3 0 0 0 0
3383 6 0 0 0 0 0 3 0 0
3384 6 0 0 0 0 0 3 0 0
3385 3 0 0 0 0 0 0 0 0
3388 6 0 0 0 0 0 3 0 0
3392 4109181 0 0 2739454 12 2 0 0 0
3398 4109181 1 1 0 0 0 1369727 0 0
3401 1369730 0 0 0 0 0 1369730 0 0
3402 8218380 1 1 6848650 0 0 0 0 0
fn=malloc
1326 2739462 0 0 0 0 0 0 0 0
1345 6848655 1 1 0 0 0 0 0 0
3178 2664546 0 0 1332273 14 1 0 0 0
3182 2664546 0 0 0 0 0 0 0 0
3186 5329092 0 0 1332273 3747 1 1332273 0 0
3190 2664546 0 0 0 0 0 1332273 0 0
3191 1332273 0 0 0 0 0 1332273 0 0
3294 10957848 1 1 0 0 0 5478924 0 0
3301 2739462 0 0 1369731 3 1 0 0 0
3311 2739462 0 0 0 0 0 0 0 0
3313 5478924 0 0 2739462 4 2 0 0 0
3316 2739462 0 0 1369731 1 1 0 0 0
3318 4108890 1 1 1369630 6 1 0 0 0
3326 74916 1 1 37458 223 1 0 0 0
3328 149832 1 1 0 0 0 37458 1787 3
3329 187290 1 1 37458 8 2 0 0 0
3354 8218386 1 1 6848655 1 0 0 0 0
fn=malloc_consolidate
4811 531 2 2 0 0 0 354 36 3
4826 59 0 0 0 0 0 59 0 0
4828 118 0 0 0 0 0 59 0 0
4839 59 0 0 0 0 0 0 0 0
4841 1180 0 0 1180 1 0 0 0 0
4842 1180 0 0 0 0 0 0 0 0
4845 1326 1 1 0 0 0 0 0 0
4849 1989 0 0 663 389 212 0 0 0
4850 2652 0 0 0 0 0 0 0 0
4855 3315 1 1 663 107 62 0 0 0
4858 1326 0 0 0 0 0 0 0 0
4859 663 0 0 0 0 0 0 0 0
4860 1989 0 0 663 209 91 0 0 0
4862 1326 0 0 0 0 0 0 0 0
4863 57 0 0 57 0 0 0 0 0
4864 57 0 0 0 0 0 0 0 0
4865 57 0 0 0 0 0 0 0 0
4866 228 0 0 57 7 4 0 0 0
4868 684 0 0 285 0 0 342 6 2
4871 1326 1 1 663 10 2 0 0 0
4874 1324 1 1 662 319 143 0 0 0
4875 106 1 1 0 0 0 0 0 0
4876 848 0 0 318 0 0 318 10 1
4878 1112 0 0 0 0 0 556 0 0
4880 662 0 0 662 0 0 0 0 0
4881 1324 0 0 0 0 0 662 0 0
4882 1324 0 0 662 0 0 662 2 0
4884 1324 0 0 0 0 0 0 0 0
4885 12 0 0 0 0 0 6 0 0
4889 1986 0 0 0 0 0 662 0 0
4891 662 0 0 0 0 0 662 0 0
4892 874 0 0 0 0 0 768 0 0
4896 1 0 0 0 0 0 0 0 0
4897 2 0 0 0 0 0 1 0 0
4898 2 0 0 0 0 0 1 0 0
4901 1942 0 0 0 0 0 0 0 0
4904 1770 0 0 590 0 0 0 0 0
4905 472 0 0 413 0 0 0 0 0
fn=munmap_chunk
3024 6 1 1 0 0 0 3 0 0
3025 6 0 0 6 6 0 0 0 0
3026 9 0 0 3 0 0 0 0 0
3028 6 0 0 0 0 0 0 0 0
3030 3 0 0 0 0 0 0 0 0
3031 9 0 0 3 0 0 0 0 0
3032 3 0 0 0 0 0 0 0 0
3038 12 0 0 0 0 0 0 0 0
3039 15 1 1 0 0 0 0 0 0
3042 3 0 0 6 0 0 0 0 0
3043 9 0 0 6 0 0 0 0 0
3048 6 0 0 0 0 0 0 0 0
3049 3 0 0 3 0 0 0 0 0
fn=sysmalloc_mmap.isra.0
2008 12 0 0 3 0 0 0 0 0
2400 18 1 1 0 0 0 12 0 0
2413 9 0 0 0 0 0 0 0 0
2418 6 0 0 0 0 0 0 0 0
2421 30 1 1 0 0 0 3 1 0
2424 6 1 1 0 0 0 0 0 0
2428 6 0 0 0 0 0 0 0 0
2432 12 0 0 0 0 0 3 0 0
2448 9 0 0 0 0 0 0 0 0
2466 3 0 0 0 0 0 3 3 3
2467 9 1 1 0 0 0 3 0 0
2471 9 0 0 6 0 0 0 0 0
2472 13 0 0 5 0 0 0 0 0
2475 9 1 1 6 0 0 0 0 0
2476 15 0 0 6 0 0 0 0 0
2481 21 0 0 15 0 0 0 0 0
fn=unlink_chunk.isra.0
1608 750 1 1 0 0 0 375 0 0
1610 1875 0 0 750 91 41 0 0 0
1613 750 0 0 750 13 5 0 0 0
1614 750 0 0 375 0 0 0 0 0
1616 1500 1 1 750 114 48 0 0 0
1619 375 0 0 0 0 0 375 0 0
1620 375 0 0 0 0 0 375 0 0
1621 984 0 0 78 4 0 0 0 0
1623 142 0 0 71 0 0 0 0 0
1624 213 0 0 142 0 0 0 0 0
1627 142 0 0 71 13 2 0 0 0
1641 71 0 0 0 0 0 71 0 0
1642 71 1 1 0 0 0 71 0 0
1645 750 0 0 750 0 0 0 0 0
fl=./malloc/./malloc/morecore.c
fn=__glibc_morecore
25 12 1 1 0 0 0 4 0 0
26 8 0 0 4 0 0 0 0 0
29 4 0 0 0 0 0 4 0 0
30 8 0 0 0 0 0 0 0 0
34 8 0 0 8 0 0 0 0 0
fl=./misc/../sysdeps/unix/syscall-template.S
fn=munmap
117 15 2 2 0 0 0 0 0 0
122 3 0 0 3 0 0 0 0 0
fl=./misc/../sysdeps/unix/sysv/linux/brk.c
fn=brk
36 4 1 1 0 0 0 0 0 0
37 8 0 0 4 0 0 4 0 0
38 8 0 0 0 0 0 0 0 0
44 4 0 0 0 0 0 0 0 0
45 4 0 0 4 0 0 0 0 0
fl=./misc/../sysdeps/unix/sysv/linux/brk_call.h
fn=brk
24 8 0 0 0 0 0 0 0 0
fl=./misc/../sysdeps/unix/sysv/linux/mmap64.c
fn=mmap
47 21 1 1 0 0 0 9 0 0
50 6 0 0 0 0 0 0 0 0
53 21 1 1 0 0 0 0 0 0
58 18 1 1 0 0 0 0 0 0
60 12 0 0 12 0 0 0 0 0
fl=./misc/../sysdeps/unix/sysv/linux/setvmaname.c
fn=__set_vma_name
33 21 2 2 0 0 0 12 0 0
35 15 0 0 6 4 2 3 0 0
49 27 0 0 21 0 0 0 0 0
fl=./misc/./misc/sbrk.c
fn=sbrk
37 32 1 1 0 0 0 16 0 0
40 8 0 0 8 8 4 0 0 0
43 8 1 1 4 4 2 0 0 0
58 8 0 0 0 0 0 0 0 0
62 8 0 0 0 0 0 0 0 0
66 16 1 1 0 0 0 0 0 0
74 12 1 1 0 0 0 4 0 0
78 28 0 0 20 0 0 0 0 0
fl=./string/../sysdeps/x86_64/multiarch/memset-vec-unaligned-erms.S
fn=__memset_avx2_unaligned_erms
158 102 1 1 0 0 0 0 0 0
159 204 0 0 0 0 0 0 0 0
164 102 0 0 0 0 0 0 0 0
165 102 0 0 0 0 0 0 0 0
166 102 0 0 0 0 0 0 0 0
167 102 0 0 0 0 0 0 0 0
168 102 0 0 0 0 0 0 0 0
170 29 0 0 0 0 0 29 5 4
171 29 0 0 0 0 0 29 2 1
172 58 0 0 29 0 0 0 0 0
181 15 0 0 0 0 0 15 2 1
182 15 0 0 0 0 0 15 4 2
184 30 0 0 15 0 0 0 0 0
237 73 1 1 73 27 2 0 0 0
238 73 0 0 0 0 0 0 0 0
244 68 0 0 0 0 0 68 29 12
245 68 0 0 0 0 0 68 12 6
257 68 0 0 0 0 0 0 0 0
260 68 0 0 0 0 0 0 0 0
261 68 0 0 0 0 0 0 0 0
273 53 0 0 0 0 0 53 14 6
274 53 0 0 0 0 0 53 8 4
287 53 0 0 0 0 0 0 0 0
288 53 0 0 0 0 0 0 0 0
290 53 0 0 0 0 0 0 0 0
293 11 0 0 0 0 0 0 0 0
296 11 0 0 0 0 0 0 0 0
299 47 0 0 0 0 0 47 10 10
300 47 0 0 0 0 0 47 35 26
301 47 0 0 0 0 0 47 12 12
302 47 0 0 0 0 0 47 35 25
303 47 0 0 0 0 0 0 0 0
304 47 0 0 0 0 0 0 0 0
305 58 0 0 0 0 0 0 0 0
308 53 1 1 0 0 0 53 11 4
309 53 0 0 0 0 0 53 6 2
310 53 0 0 0 0 0 53 11 4
311 53 0 0 0 0 0 53 6 2
314 106 0 0 53 0 0 0 0 0
325 5 1 1 0 0 0 0 0 0
326 5 0 0 0 0 0 0 0 0
327 5 0 0 0 0 0 0 0 0
328 61445 0 0 0 0 0 61440 965 965
329 5 0 0 0 0 0 0 0 0
330 10 0 0 5 0 0 0 0 0
fl=/home/wang/git-repositories/vcpkg/installed/x64-linux-clang-libcxx/include/boost/unordered/detail/foa/core.hpp
fn=(anonymous namespace)::cmd_replay((anonymous namespace)::Args const&)
0 4921522 0 0 1221096 0 0 1249599 0 0
271 2458442 0 0 0 0 0 0 0 0
272 2450827 0 0 0 0 0 0 0 0
279 4900634 0 0 2450317 2 2 0 0 0
336 1229221 0 0 1229221 86296 0 0 0 0
404 2442192 0 0 0 0 0 0 0 0
849 8547672 1 1 3663288 431 8 0 0 0
881 8125 0 0 0 0 0 0 0 0
882 24375 0 0 0 0 0 0 0 0
883 8125 0 0 0 0 0 0 0 0
927 2499198 0 0 0 0 0 0 0 0
1727 2458442 0 0 0 0 0 0 0 0
1729 1229221 0 0 0 0 0 0 0 0
1732 2443212 0 0 0 0 0 0 0 0
1733 1221606 1 1 0 0 0 0 0 0
1737 2499198 0 0 0 0 0 0 0 0
1743 57006 0 0 0 0 0 0 0 0
1745 8125 0 0 0 0 0 0 0 0
1750 8125 0 0 0 0 0 0 0 0
1955 1221096 0 0 1221096 0 0 0 0 0
2266 8547672 1 1 2442192 24 3 1221096 0 0
fn=_ZN5boost9unordered6detail3foa10table_coreINS2_14flat_map_typesImN3lob2v14BookINS5_12ChecksumSinkEE3LocEEENS2_7group15INS2_14plain_integralEEENS2_12table_arraysENS2_18plain_size_controlENS_4hashImEENSt3__18equal_toImEENSJ_9allocatorINSJ_4pairIKmSA_EEEEE22for_all_elements_whileIZNSR_22for_all_elements_whileIZNSR_16for_all_elementsIZNSR_16unchecked_rehashERNSF_ISP_SE_NS2_16pow2_size_policyESQ_EEEUlPSP_E_EEDTcmclfL1p0_LDnEEcvv_EERKSW_T_EUlSY_E_EES10_S12_S13_EUlPSE_jSY_E_EEDTcmclfp0_LDnELi0ELDnEEcvv_EES12_S13_
0 44674 0 0 41978 6 0 887 3 0
296 91286 0 0 45643 1622 0 0 0 0
297 41409 0 0 0 0 0 0 0 0
313 4234 0 0 0 0 0 0 0 0
389 82182 0 0 41091 20 2 0 0 0
849 41091 0 0 0 0 0 0 0 0
882 636 0 0 318 0 0 0 0 0
927 123273 1 1 0 0 0 0 0 0
1033 102 1 1 102 1 1 0 0 0
1034 101 0 0 101 0 0 0 0 0
1955 41091 0 0 41091 0 0 0 0 0
1961 25404 1 1 0 0 0 0 0 0
2032 41091 0 0 41091 0 0 0 0 0
2063 204 0 0 0 0 0 0 0 0
2064 4537 1 1 101 0 0 0 0 0
2065 8468 0 0 0 0 0 0 0 0
2067 94884 0 0 0 0 0 0 0 0
2069 82182 0 0 0 0 0 0 0 0
2075 204 1 1 102 0 0 0 0 0
2292 82182 1 1 82182 0 0 0 0 0
2350 41091 0 0 41091 0 0 0 0 0
2373 165636 0 0 0 0 0 0 0 0
2375 42082 0 0 0 0 0 0 0 0
2377 164364 1 1 41091 0 0 0 0 0
fn=boost::unordered::detail::foa::table_core<boost::unordered::detail::foa::flat_map_types<unsigned long, lob::v1::Book<lob::ChecksumSink>::Loc>, boost::unordered::detail::foa::group15<boost::unordered::detail::foa::plain_integral>, boost::unordered::detail::foa::table_arrays, boost::unordered::detail::foa::plain_size_control, boost::hash<unsigned long>, std::__1::equal_to<unsigned long>, std::__1::allocator<std::__1::pair<unsigned long const, lob::v1::Book<lob::ChecksumSink>::Loc> > >::unchecked_rehash(boost::unordered::detail::foa::table_arrays<std::__1::pair<unsigned long const, lob::v1::Book<lob::ChecksumSink>::Loc>, boost::unordered::detail::foa::group15<boost::unordered::detail::foa::plain_integral>, boost::unordered::detail::foa::pow2_size_policy, std::__1::allocator<std::__1::pair<unsigned long const, lob::v1::Book<lob::ChecksumSink>::Loc> > >&)
0 408 0 0 0 0 0 102 0 0
1033 204 0 0 204 7 1 0 0 0
1096 204 1 1 0 0 0 0 0 0
1108 202 0 0 101 0 0 0 0 0
1563 1224 2 2 204 9 0 0 0 0
1811 510 0 0 102 0 0 0 0 0
2025 510 0 0 0 0 0 306 0 0
2054 102 0 0 0 0 0 102 0 0
2288 510 1 1 0 0 0 204 0 0
2289 102 0 0 0 0 0 102 0 0
2320 204 0 0 102 0 0 102 0 0
2321 102 0 0 0 0 0 102 0 0
2322 510 0 0 306 0 0 0 0 0
fn=boost::unordered::detail::foa::table_locator<boost::unordered::detail::foa::group15<boost::unordered::detail::foa::plain_integral>, std::__1::pair<unsigned long const, lob::v1::Book<lob::ChecksumSink>::Loc> > boost::unordered::detail::foa::table_core<boost::unordered::detail::foa::flat_map_types<unsigned long, lob::v1::Book<lob::ChecksumSink>::Loc>, boost::unordered::detail::foa::group15<boost::unordered::detail::foa::plain_integral>, boost::unordered::detail::foa::table_arrays, boost::unordered::detail::foa::plain_size_control, boost::hash<unsigned long>, std::__1::equal_to<unsigned long>, std::__1::allocator<std::__1::pair<unsigned long const, lob::v1::Book<lob::ChecksumSink>::Loc> > >::unchecked_emplace_with_rehash<boost::unordered::detail::foa::try_emplace_args_t, unsigned long&, lob::v1::Book<lob::ChecksumSink>::Loc>(unsigned long, boost::unordered::detail::foa::try_emplace_args_t&&, unsigned long&, lob::v1::Book<lob::ChecksumSink>::Loc&&)
0 1836 1 1 306 0 0 102 0 0
296 204 0 0 102 0 0 0 0 0
297 204 0 0 0 0 0 0 0 0
389 306 0 0 102 1 0 0 0 0
837 408 0 0 0 0 0 0 0 0
842 204 1 1 0 0 0 0 0 0
849 102 0 0 0 0 0 0 0 0
859 204 0 0 0 0 0 0 0 0
927 204 1 1 0 0 0 0 0 0
1031 408 0 0 0 0 0 408 1 0
1051 204 0 0 0 0 0 102 0 0
1057 408 1 1 0 0 0 0 0 0
1058 306 0 0 0 0 0 0 0 0
1059 102 0 0 0 0 0 0 0 0
1066 102 0 0 0 0 0 0 0 0
1073 204 0 0 0 0 0 0 0 0
1085 102 0 0 0 0 0 0 0 0
1108 102 0 0 0 0 0 0 0 0
1125 306 0 0 0 0 0 102 0 0
1126 102 0 0 0 0 0 0 0 0
1689 102 0 0 102 0 0 0 0 0
1983 1020 1 1 0 0 0 612 0 0
1988 408 0 0 0 0 0 306 1 1
1999 204 0 0 0 0 0 102 0 0
2000 102 0 0 102 7 2 0 0 0
2002 918 0 0 714 7 2 0 0 0
2132 1836 2 2 204 42 3 0 0 0
2373 204 0 0 0 0 0 0 0 0
2375 102 0 0 0 0 0 0 0 0
2377 510 0 0 0 0 0 0 0 0
fn=lob::v1::Book<lob::ChecksumSink>::modify(unsigned long, long, unsigned int)
0 413255 1 1 123084 16 0 0 0 0
271 82374 1 1 0 0 0 0 0 0
272 82219 0 0 0 0 0 0 0 0
279 159 0 0 159 0 0 0 0 0
336 41187 0 0 41187 1141 0 0 0 0
849 82056 1 1 41028 0 0 0 0 0
881 159 0 0 0 0 0 0 0 0
882 477 0 0 0 0 0 0 0 0
883 159 0 0 0 0 0 0 0 0
927 83928 0 0 0 0 0 0 0 0
1727 82374 0 0 0 0 0 0 0 0
1729 41187 0 0 0 0 0 0 0 0
1732 82064 0 0 0 0 0 0 0 0
1733 41032 0 0 0 0 0 0 0 0
1737 125892 0 0 0 0 0 0 0 0
1743 1872 0 0 0 0 0 0 0 0
1745 159 0 0 0 0 0 0 0 0
1750 159 0 0 0 0 0 0 0 0
1955 41028 0 0 41028 0 0 0 0 0
fn=lob::v1::Book<lob::ChecksumSink>::push(unsigned long, lob::Side, long, unsigned int)
0 6127322 2 2 1221096 0 0 0 0 0
271 2485876 0 0 0 0 0 0 0 0
272 1278258 0 0 0 0 0 0 0 0
279 2485876 0 0 1242938 6 1 0 0 0
336 1242938 0 0 1242938 570215 1 0 0 0
849 8547672 0 0 3663288 1225 34 0 0 0
881 21842 0 0 0 0 0 0 0 0
882 65526 0 0 0 0 0 0 0 0
883 21842 0 0 0 0 0 0 0 0
927 71528 0 0 0 0 0 0 0 0
1727 2485876 0 0 0 0 0 0 0 0
1729 1242938 0 0 0 0 0 0 0 0
1732 70640 0 0 0 0 0 0 0 0
1733 35320 0 0 0 0 0 0 0 0
1737 71528 0 0 0 0 0 0 0 0
1743 71528 0 0 0 0 0 0 0 0
1745 1242938 0 0 0 0 0 0 0 0
1750 21842 0 0 0 0 0 0 0 0
1955 1221096 0 0 1221096 1 1 0 0 0
fn=void lob::v1::Book<lob::ChecksumSink>::rest<std::__1::map<long, lob::v1::Book<lob::ChecksumSink>::Level, std::__1::greater<void>, std::__1::allocator<std::__1::pair<long const, lob::v1::Book<lob::ChecksumSink>::Level> > > >(std::__1::map<long, lob::v1::Book<lob::ChecksumSink>::Level, std::__1::greater<void>, std::__1::allocator<std::__1::pair<long const, lob::v1::Book<lob::ChecksumSink>::Level> > >&, unsigned long, lob::Side, long, unsigned int)
0 10842272 4 4 3991819 0 0 717317 0 0
271 1320492 0 0 0 0 0 0 0 0
272 679182 0 0 0 0 0 0 0 0
279 1320492 0 0 660246 0 0 0 0 0
296 1307592 0 0 653796 58 0 0 0 0
297 1301852 0 0 0 0 0 0 0 0
336 660246 0 0 660246 0 0 0 0 0
849 648116 0 0 0 0 0 0 0 0
881 12130 0 0 0 0 0 0 0 0
882 47870 0 0 0 0 0 0 0 0
883 12130 0 0 0 0 0 0 0 0
927 1315311 0 0 0 0 0 0 0 0
1727 1320492 1 1 0 0 0 0 0 0
1729 660246 0 0 0 0 0 0 0 0
1732 37872 0 0 0 0 0 0 0 0
1733 37872 0 0 0 0 0 18936 0 0
1737 38398 0 0 0 0 0 0 0 0
1743 38398 0 0 0 0 0 0 0 0
1745 660246 0 0 0 0 0 0 0 0
1750 12130 0 0 0 0 0 0 0 0
1955 648116 1 1 648116 0 0 0 0 0
1970 648056 0 0 648056 0 0 0 0 0
2373 2615184 0 0 0 0 0 0 0 0
2375 666074 0 0 0 0 0 0 0 0
2377 2592224 0 0 0 0 0 0 0 0
fn=void lob::v1::Book<lob::ChecksumSink>::rest<std::__1::map<long, lob::v1::Book<lob::ChecksumSink>::Level, std::__1::less<void>, std::__1::allocator<std::__1::pair<long const, lob::v1::Book<lob::ChecksumSink>::Level> > > >(std::__1::map<long, lob::v1::Book<lob::ChecksumSink>::Level, std::__1::less<void>, std::__1::allocator<std::__1::pair<long const, lob::v1::Book<lob::ChecksumSink>::Level> > >&, unsigned long, lob::Side, long, unsigned int)
0 9573911 3 3 3526892 0 0 632025 0 0
271 1165384 0 0 0 0 0 0 0 0
272 599076 0 0 0 0 0 0 0 0
279 1165384 0 0 582692 0 0 0 0 0
296 1153416 1 1 576708 26 0 0 0 0
297 1149646 0 0 0 0 0 0 0 0
336 582692 0 0 582692 0 0 0 0 0
849 572980 0 0 0 0 0 0 0 0
881 9712 0 0 0 0 0 0 0 0
882 36676 0 0 0 0 0 0 0 0
883 9712 0 0 0 0 0 0 0 0
927 1162441 0 0 0 0 0 0 0 0
1727 1165384 1 1 0 0 0 0 0 0
1729 582692 0 0 0 0 0 0 0 0
1732 32768 0 0 0 0 0 0 0 0
1733 32768 0 0 0 0 0 16384 0 0
1737 33130 0 0 0 0 0 0 0 0
1743 33130 0 0 0 0 0 0 0 0
1745 582692 0 0 0 0 0 0 0 0
1750 9712 0 0 0 0 0 0 0 0
1955 572980 1 1 572980 0 0 0 0 0
1970 572938 0 0 572938 0 0 0 0 0
2373 2306832 0 0 0 0 0 0 0 0
2375 584535 0 0 0 0 0 0 0 0
2377 2291752 0 0 0 0 0 0 0 0
fl=/home/wang/git-repositories/vcpkg/installed/x64-linux-clang-libcxx/include/boost/unordered/detail/foa/table.hpp
fn=(anonymous namespace)::cmd_replay((anonymous namespace)::Args const&)
40 1221096 0 0 0 0 0 1221096 0 0
fn=_ZN5boost9unordered6detail3foa10table_coreINS2_14flat_map_typesImN3lob2v14BookINS5_12ChecksumSinkEE3LocEEENS2_7group15INS2_14plain_integralEEENS2_12table_arraysENS2_18plain_size_controlENS_4hashImEENSt3__18equal_toImEENSJ_9allocatorINSJ_4pairIKmSA_EEEEE22for_all_elements_whileIZNSR_22for_all_elements_whileIZNSR_16for_all_elementsIZNSR_16unchecked_rehashERNSF_ISP_SE_NS2_16pow2_size_policyESQ_EEEUlPSP_E_EEDTcmclfL1p0_LDnEEcvv_EERKSW_T_EUlSY_E_EES10_S12_S13_EUlPSE_jSY_E_EEDTcmclfp0_LDnELi0ELDnEEcvv_EES12_S13_
40 41091 0 0 0 0 0 41091 0 0
46 318 0 0 318 0 0 0 0 0
fn=boost::unordered::detail::foa::table_locator<boost::unordered::detail::foa::group15<boost::unordered::detail::foa::plain_integral>, std::__1::pair<unsigned long const, lob::v1::Book<lob::ChecksumSink>::Loc> > boost::unordered::detail::foa::table_core<boost::unordered::detail::foa::flat_map_types<unsigned long, lob::v1::Book<lob::ChecksumSink>::Loc>, boost::unordered::detail::foa::group15<boost::unordered::detail::foa::plain_integral>, boost::unordered::detail::foa::table_arrays, boost::unordered::detail::foa::plain_size_control, boost::hash<unsigned long>, std::__1::equal_to<unsigned long>, std::__1::allocator<std::__1::pair<unsigned long const, lob::v1::Book<lob::ChecksumSink>::Loc> > >::unchecked_emplace_with_rehash<boost::unordered::detail::foa::try_emplace_args_t, unsigned long&, lob::v1::Book<lob::ChecksumSink>::Loc>(unsigned long, boost::unordered::detail::foa::try_emplace_args_t&&, unsigned long&, lob::v1::Book<lob::ChecksumSink>::Loc&&)
0 306 1 1 102 0 0 102 0 0
40 204 1 1 0 0 0 204 0 0
fn=void lob::v1::Book<lob::ChecksumSink>::rest<std::__1::map<long, lob::v1::Book<lob::ChecksumSink>::Level, std::__1::greater<void>, std::__1::allocator<std::__1::pair<long const, lob::v1::Book<lob::ChecksumSink>::Level> > > >(std::__1::map<long, lob::v1::Book<lob::ChecksumSink>::Level, std::__1::greater<void>, std::__1::allocator<std::__1::pair<long const, lob::v1::Book<lob::ChecksumSink>::Level> > >&, unsigned long, lob::Side, long, unsigned int)
40 648056 0 0 0 0 0 648056 0 0
46 5740 0 0 5740 0 0 0 0 0
640 1944348 1 1 1296232 0 0 0 0 0
641 648056 0 0 0 0 0 0 0 0
650 180 0 0 0 0 0 60 0 0
fn=void lob::v1::Book<lob::ChecksumSink>::rest<std::__1::map<long, lob::v1::Book<lob::ChecksumSink>::Level, std::__1::less<void>, std::__1::allocator<std::__1::pair<long const, lob::v1::Book<lob::ChecksumSink>::Level> > > >(std::__1::map<long, lob::v1::Book<lob::ChecksumSink>::Level, std::__1::less<void>, std::__1::allocator<std::__1::pair<long const, lob::v1::Book<lob::ChecksumSink>::Level> > >&, unsigned long, lob::Side, long, unsigned int)
40 572938 0 0 0 0 0 572938 0 0
46 3770 0 0 3770 0 0 0 0 0
640 1718940 1 1 1145960 0 0 0 0 0
641 572938 1 1 0 0 0 0 0 0
650 126 0 0 0 0 0 42 0 0
fl=/home/wang/git-repositories/vcpkg/installed/x64-linux-clang-libcxx/include/boost/unordered/detail/mulx.hpp
fn=(anonymous namespace)::cmd_replay((anonymous namespace)::Args const&)
45 2442192 0 0 0 0 0 0 0 0
46 1221096 0 0 0 0 0 0 0 0
fn=_ZN5boost9unordered6detail3foa10table_coreINS2_14flat_map_typesImN3lob2v14BookINS5_12ChecksumSinkEE3LocEEENS2_7group15INS2_14plain_integralEEENS2_12table_arraysENS2_18plain_size_controlENS_4hashImEENSt3__18equal_toImEENSJ_9allocatorINSJ_4pairIKmSA_EEEEE22for_all_elements_whileIZNSR_22for_all_elements_whileIZNSR_16for_all_elementsIZNSR_16unchecked_rehashERNSF_ISP_SE_NS2_16pow2_size_policyESQ_EEEUlPSP_E_EEDTcmclfL1p0_LDnEEcvv_EERKSW_T_EUlSY_E_EES10_S12_S13_EUlPSE_jSY_E_EEDTcmclfp0_LDnELi0ELDnEEcvv_EES12_S13_
45 41091 0 0 41091 4485 753 0 0 0
46 41091 0 0 0 0 0 0 0 0
fn=lob::v1::Book<lob::ChecksumSink>::modify(unsigned long, long, unsigned int)
45 41028 0 0 0 0 0 0 0 0
46 41028 0 0 0 0 0 0 0 0
fn=lob::v1::Book<lob::ChecksumSink>::push(unsigned long, lob::Side, long, unsigned int)
45 2442192 0 0 0 0 0 0 0 0
46 1221096 0 0 0 0 0 0 0 0
fn=void lob::v1::Book<lob::ChecksumSink>::rest<std::__1::map<long, lob::v1::Book<lob::ChecksumSink>::Level, std::__1::greater<void>, std::__1::allocator<std::__1::pair<long const, lob::v1::Book<lob::ChecksumSink>::Level> > > >(std::__1::map<long, lob::v1::Book<lob::ChecksumSink>::Level, std::__1::greater<void>, std::__1::allocator<std::__1::pair<long const, lob::v1::Book<lob::ChecksumSink>::Level> > >&, unsigned long, lob::Side, long, unsigned int)
45 648116 0 0 0 0 0 0 0 0
46 648116 0 0 0 0 0 0 0 0
fn=void lob::v1::Book<lob::ChecksumSink>::rest<std::__1::map<long, lob::v1::Book<lob::ChecksumSink>::Level, std::__1::less<void>, std::__1::allocator<std::__1::pair<long const, lob::v1::Book<lob::ChecksumSink>::Level> > > >(std::__1::map<long, lob::v1::Book<lob::ChecksumSink>::Level, std::__1::less<void>, std::__1::allocator<std::__1::pair<long const, lob::v1::Book<lob::ChecksumSink>::Level> > >&, unsigned long, lob::Side, long, unsigned int)
45 572980 0 0 0 0 0 0 0 0
46 572980 0 0 0 0 0 0 0 0
fl=/home/wang/sources/cxx/book/include/lob/events.hpp
fn=(anonymous namespace)::cmd_replay((anonymous namespace)::Args const&)
0 9768768 0 0 2442192 0 0 1221096 0 0
92 1221096 0 0 1221096 0 0 0 0 0
93 2442192 0 0 1221096 0 0 0 0 0
fn=lob::v1::Book<lob::ChecksumSink>::modify(unsigned long, long, unsigned int)
0 41028 1 1 41028 0 0 0 0 0
92 41028 1 1 41028 0 0 0 0 0
93 287196 0 0 41028 0 0 0 0 0
fn=void lob::v1::Book<lob::ChecksumSink>::rest<std::__1::map<long, lob::v1::Book<lob::ChecksumSink>::Level, std::__1::greater<void>, std::__1::allocator<std::__1::pair<long const, lob::v1::Book<lob::ChecksumSink>::Level> > > >(std::__1::map<long, lob::v1::Book<lob::ChecksumSink>::Level, std::__1::greater<void>, std::__1::allocator<std::__1::pair<long const, lob::v1::Book<lob::ChecksumSink>::Level> > >&, unsigned long, lob::Side, long, unsigned int)
81 648116 0 0 648116 0 0 0 0 0
92 648116 0 0 648116 6 1 0 0 0
93 7777392 0 0 648116 0 0 648116 0 0
fn=void lob::v1::Book<lob::ChecksumSink>::rest<std::__1::map<long, lob::v1::Book<lob::ChecksumSink>::Level, std::__1::less<void>, std::__1::allocator<std::__1::pair<long const, lob::v1::Book<lob::ChecksumSink>::Level> > > >(std::__1::map<long, lob::v1::Book<lob::ChecksumSink>::Level, std::__1::less<void>, std::__1::allocator<std::__1::pair<long const, lob::v1::Book<lob::ChecksumSink>::Level> > >&, unsigned long, lob::Side, long, unsigned int)
81 572980 0 0 572980 0 0 0 0 0
92 572980 0 0 572980 2 2 0 0 0
93 6875760 0 0 572980 0 0 572980 0 0
fl=/home/wang/sources/cxx/book/include/lob/replay.hpp
fn=(anonymous namespace)::cmd_replay((anonymous namespace)::Args const&)
0 3704319 0 0 2483220 310402 310402 2 0 0
21 12334044 1 1 2483220 463720 463714 0 0 0
23 8547672 2 2 3663288 151956 151956 1221096 1 1
29 205140 0 0 82056 5136 5136 41028 0 0
37 2483221 0 0 0 0 0 0 0 0
fl=/home/wang/sources/cxx/book/include/lob/v1/book.hpp
fn=(anonymous namespace)::cmd_replay((anonymous namespace)::Args const&)
0 4236268 1 1 3015172 26 3 1221096 15 2
53 1221096 0 0 1221096 95865 2440 0 0 0
55 1221096 0 0 1221096 0 0 0 0 0
204 1221096 0 0 0 0 0 0 0 0
205 1221096 0 0 0 0 0 1221096 17 3
208 1718940 0 0 1145960 1 1 0 0 0
210 572980 0 0 0 0 0 0 0 0
212 2442192 0 0 1221096 0 0 0 0 0
213 1944348 1 1 0 0 0 648116 0 0
fn=auto lob::v1::Book<lob::ChecksumSink>::erase(boost::unordered::detail::foa::table_iterator<boost::unordered::detail::foa::flat_map_types<unsigned long, lob::v1::Book<lob::ChecksumSink>::Loc>, boost::unordered::detail::foa::group15<boost::unordered::detail::foa::plain_integral>*, false>)::{lambda(auto:1&)#1}::operator()<std::__1::map<long, lob::v1::Book<lob::ChecksumSink>::Level, std::__1::greater<void>, std::__1::allocator<std::__1::pair<long const, lob::v1::Book<lob::ChecksumSink>::Level> > > >(std::__1::map<long, lob::v1::Book<lob::ChecksumSink>::Level, std::__1::greater<void>, std::__1::allocator<std::__1::pair<long const, lob::v1::Book<lob::ChecksumSink>::Level> > >&) const
205 2592464 0 0 0 0 0 1944348 0 0
206 648116 0 0 648116 0 0 0 0 0
208 2592464 0 0 1296232 1 1 0 0 0
210 648116 0 0 0 0 0 0 0 0
211 2284336 0 0 2284336 0 0 0 0 0
fn=lob::v1::Book<lob::ChecksumSink>::modify(unsigned long, long, unsigned int)
0 287196 0 0 82056 1009 5 41028 0 0
58 451308 1 1 0 0 0 328224 0 0
61 82056 0 0 0 0 0 0 0 0
62 82056 0 0 0 0 0 0 0 0
64 41028 0 0 0 0 0 0 0 0
65 164112 0 0 41028 1082 1 0 0 0
66 82056 2 2 41028 68 0 0 0 0
67 41028 0 0 0 0 0 41028 0 0
68 41028 0 0 41028 0 0 0 0 0
76 328224 0 0 287196 0 0 0 0 0
156 82056 0 0 41028 0 0 0 0 0
fn=lob::v1::Book<lob::ChecksumSink>::push(unsigned long, lob::Side, long, unsigned int)
0 3663288 1 1 0 0 0 0 0 0
43 8547672 1 1 0 0 0 8547672 0 0
44 2442192 0 0 0 0 0 0 0 0
45 2442192 0 0 0 0 0 0 0 0
160 2442192 1 1 0 0 0 0 0 0
161 3888696 2 2 0 0 0 648116 1 1
163 3437880 0 0 0 0 0 572980 0 0
164 2442192 0 0 0 0 0 0 0 0
166 8425508 0 0 3888696 0 0 0 0 0
168 7448740 1 1 3437880 0 0 0 0 0
fn=unsigned int lob::v1::Book<lob::ChecksumSink>::match<std::__1::map<long, lob::v1::Book<lob::ChecksumSink>::Level, std::__1::greater<void>, std::__1::allocator<std::__1::pair<long const, lob::v1::Book<lob::ChecksumSink>::Level> > >, lob::v1::Book<lob::ChecksumSink>::add(unsigned long, lob::Side, long, unsigned int)::{lambda(long)#2}>(std::__1::map<long, lob::v1::Book<lob::ChecksumSink>::Level, std::__1::greater<void>, std::__1::allocator<std::__1::pair<long const, lob::v1::Book<lob::ChecksumSink>::Level> > >&, unsigned long, unsigned int, lob::v1::Book<lob::ChecksumSink>::add(unsigned long, lob::Side, long, unsigned int)::{lambda(long)#2})
0 4583840 0 0 0 0 0 1718940 0 0
163 572980 0 0 572980 9 0 0 0 0
172 4583840 1 1 0 0 0 4010860 0 0
173 1718940 0 0 0 0 0 0 0 0
175 572980 0 0 0 0 0 0 0 0
191 5156820 1 1 4010860 0 0 0 0 0
fn=unsigned int lob::v1::Book<lob::ChecksumSink>::match<std::__1::map<long, lob::v1::Book<lob::ChecksumSink>::Level, std::__1::less<void>, std::__1::allocator<std::__1::pair<long const, lob::v1::Book<lob::ChecksumSink>::Level> > >, lob::v1::Book<lob::ChecksumSink>::add(unsigned long, lob::Side, long, unsigned int)::{lambda(long)#1}>(std::__1::map<long, lob::v1::Book<lob::ChecksumSink>::Level, std::__1::less<void>, std::__1::allocator<std::__1::pair<long const, lob::v1::Book<lob::ChecksumSink>::Level> > >&, unsigned long, unsigned int, lob::v1::Book<lob::ChecksumSink>::add(unsigned long, lob::Side, long, unsigned int)::{lambda(long)#1})
0 5184928 1 1 0 0 0 1944348 0 0
161 648115 0 0 648115 12 0 0 0 0
172 5184928 1 1 0 0 0 4536812 1 1
173 1944348 0 0 0 0 0 0 0 0
175 648115 0 0 0 0 0 0 0 0
191 5833044 1 1 4536812 0 0 0 0 0
fn=void lob::v1::Book<lob::ChecksumSink>::rest<std::__1::map<long, lob::v1::Book<lob::ChecksumSink>::Level, std::__1::greater<void>, std::__1::allocator<std::__1::pair<long const, lob::v1::Book<lob::ChecksumSink>::Level> > > >(std::__1::map<long, lob::v1::Book<lob::ChecksumSink>::Level, std::__1::greater<void>, std::__1::allocator<std::__1::pair<long const, lob::v1::Book<lob::ChecksumSink>::Level> > >&, unsigned long, lob::Side, long, unsigned int)
0 672826 0 0 4942 0 0 0 0 0
140 154064 0 0 0 0 0 77032 510 0
195 9073624 1 1 0 0 0 5833044 0 0
198 648116 0 0 0 0 0 0 0 0
199 3240580 0 0 648116 0 0 1944348 0 0
200 648236 1 1 648176 10 0 0 0 0
201 5184928 1 1 4536812 5 0 0 0 0
fn=void lob::v1::Book<lob::ChecksumSink>::rest<std::__1::map<long, lob::v1::Book<lob::ChecksumSink>::Level, std::__1::less<void>, std::__1::allocator<std::__1::pair<long const, lob::v1::Book<lob::ChecksumSink>::Level> > > >(std::__1::map<long, lob::v1::Book<lob::ChecksumSink>::Level, std::__1::less<void>, std::__1::allocator<std::__1::pair<long const, lob::v1::Book<lob::ChecksumSink>::Level> > >&, unsigned long, lob::Side, long, unsigned int)
0 590395 0 0 3483 0 0 0 0 0
140 143002 0 0 0 0 0 71501 366 2
195 8021720 1 1 0 0 0 5156820 0 0
198 572980 0 0 0 0 0 0 0 0
199 2864900 0 0 572980 0 0 1718940 0 0
200 573064 0 0 573022 4 3 0 0 0
201 4583840 1 1 4010860 2 1 0 0 0
fl=/home/wang/sources/cxx/book/source/main.cxx
fn=(anonymous namespace)::cmd_replay((anonymous namespace)::Args const&)
0 1 0 0 0 0 0 0 0 0
290 2 1 1 0 0 0 1 1 1
292 9 1 1 0 0 0 6 0 0
fl=/usr/include/c++/v1/__functional/operations.h
fn=(anonymous namespace)::cmd_replay((anonymous namespace)::Args const&)
300 1249599 0 0 1249599 164549 603 0 0 0
375 15577753 0 0 5574571 41176 201 0 0 0
fn=auto lob::v1::Book<lob::ChecksumSink>::erase(boost::unordered::detail::foa::table_iterator<boost::unordered::detail::foa::flat_map_types<unsigned long, lob::v1::Book<lob::ChecksumSink>::Loc>, boost::unordered::detail::foa::group15<boost::unordered::detail::foa::plain_integral>*, false>)::{lambda(auto:1&)#1}::operator()<std::__1::map<long, lob::v1::Book<lob::ChecksumSink>::Level, std::__1::greater<void>, std::__1::allocator<std::__1::pair<long const, lob::v1::Book<lob::ChecksumSink>::Level> > > >(std::__1::map<long, lob::v1::Book<lob::ChecksumSink>::Level, std::__1::greater<void>, std::__1::allocator<std::__1::pair<long const, lob::v1::Book<lob::ChecksumSink>::Level> > >&) const
462 25096502 0 0 8797578 45028 985 0 0 0
fn=lob::v1::Book<lob::ChecksumSink>::modify(unsigned long, long, unsigned int)
300 41964 0 0 41964 2247 6 0 0 0
375 473689 0 0 169335 1690 0 0 0 0
462 945371 0 0 331037 50 0 0 0 0
fn=lob::v1::Book<lob::ChecksumSink>::push(unsigned long, lob::Side, long, unsigned int)
300 35764 0 0 35764 33331 7124 0 0 0
fn=void lob::v1::Book<lob::ChecksumSink>::rest<std::__1::map<long, lob::v1::Book<lob::ChecksumSink>::Level, std::__1::greater<void>, std::__1::allocator<std::__1::pair<long const, lob::v1::Book<lob::ChecksumSink>::Level> > > >(std::__1::map<long, lob::v1::Book<lob::ChecksumSink>::Level, std::__1::greater<void>, std::__1::allocator<std::__1::pair<long const, lob::v1::Book<lob::ChecksumSink>::Level> > >&, unsigned long, lob::Side, long, unsigned int)
300 19199 0 0 19199 0 0 0 0 0
462 15862358 0 0 7931179 20742 1040 0 0 0
fn=void lob::v1::Book<lob::ChecksumSink>::rest<std::__1::map<long, lob::v1::Book<lob::ChecksumSink>::Level, std::__1::less<void>, std::__1::allocator<std::__1::pair<long const, lob::v1::Book<lob::ChecksumSink>::Level> > > >(std::__1::map<long, lob::v1::Book<lob::ChecksumSink>::Level, std::__1::less<void>, std::__1::allocator<std::__1::pair<long const, lob::v1::Book<lob::ChecksumSink>::Level> > >&, unsigned long, lob::Side, long, unsigned int)
300 16565 0 0 16565 0 0 0 0 0
375 8929732 0 0 4464866 13962 222 0 0 0
fl=/usr/include/c++/v1/__iterator/wrap_iter.h
fn=(anonymous namespace)::cmd_replay((anonymous namespace)::Args const&)
65 2483220 1 1 0 0 0 0 0 0
125 2483223 1 1 0 0 0 1 1 1
fl=/usr/include/c++/v1/__math/rounding_functions.h
fn=boost::unordered::detail::foa::table_locator<boost::unordered::detail::foa::group15<boost::unordered::detail::foa::plain_integral>, std::__1::pair<unsigned long const, lob::v1::Book<lob::ChecksumSink>::Loc> > boost::unordered::detail::foa::table_core<boost::unordered::detail::foa::flat_map_types<unsigned long, lob::v1::Book<lob::ChecksumSink>::Loc>, boost::unordered::detail::foa::group15<boost::unordered::detail::foa::plain_integral>, boost::unordered::detail::foa::table_arrays, boost::unordered::detail::foa::plain_size_control, boost::hash<unsigned long>, std::__1::equal_to<unsigned long>, std::__1::allocator<std::__1::pair<unsigned long const, lob::v1::Book<lob::ChecksumSink>::Loc> > >::unchecked_emplace_with_rehash<boost::unordered::detail::foa::try_emplace_args_t, unsigned long&, lob::v1::Book<lob::ChecksumSink>::Loc>(unsigned long, boost::unordered::detail::foa::try_emplace_args_t&&, unsigned long&, lob::v1::Book<lob::ChecksumSink>::Loc&&)
29 102 0 0 0 0 0 0 0 0
fl=/usr/include/c++/v1/__memory/construct_at.h
fn=void lob::v1::Book<lob::ChecksumSink>::rest<std::__1::map<long, lob::v1::Book<lob::ChecksumSink>::Level, std::__1::greater<void>, std::__1::allocator<std::__1::pair<long const, lob::v1::Book<lob::ChecksumSink>::Level> > > >(std::__1::map<long, lob::v1::Book<lob::ChecksumSink>::Level, std::__1::greater<void>, std::__1::allocator<std::__1::pair<long const, lob::v1::Book<lob::ChecksumSink>::Level> > >&, unsigned long, lob::Side, long, unsigned int)
38 1296232 0 0 0 0 0 1296232 3764 14
fn=void lob::v1::Book<lob::ChecksumSink>::rest<std::__1::map<long, lob::v1::Book<lob::ChecksumSink>::Level, std::__1::less<void>, std::__1::allocator<std::__1::pair<long const, lob::v1::Book<lob::ChecksumSink>::Level> > > >(std::__1::map<long, lob::v1::Book<lob::ChecksumSink>::Level, std::__1::less<void>, std::__1::allocator<std::__1::pair<long const, lob::v1::Book<lob::ChecksumSink>::Level> > >&, unsigned long, lob::Side, long, unsigned int)
38 1145960 0 0 0 0 0 1145960 3752 4
fl=/usr/include/c++/v1/__new/allocate.h
fn=(anonymous namespace)::cmd_replay((anonymous namespace)::Args const&)
0 214503 0 0 71501 1062 0 0 0 0
63 1360463 0 0 0 0 0 644481 0 0
fn=auto lob::v1::Book<lob::ChecksumSink>::erase(boost::unordered::detail::foa::table_iterator<boost::unordered::detail::foa::flat_map_types<unsigned long, lob::v1::Book<lob::ChecksumSink>::Loc>, boost::unordered::detail::foa::group15<boost::unordered::detail::foa::plain_integral>*, false>)::{lambda(auto:1&)#1}::operator()<std::__1::map<long, lob::v1::Book<lob::ChecksumSink>::Level, std::__1::greater<void>, std::__1::allocator<std::__1::pair<long const, lob::v1::Book<lob::ChecksumSink>::Level> > > >(std::__1::map<long, lob::v1::Book<lob::ChecksumSink>::Level, std::__1::greater<void>, std::__1::allocator<std::__1::pair<long const, lob::v1::Book<lob::ChecksumSink>::Level> > >&) const
63 1758424 1 1 231096 0 0 648116 0 0
fn=boost::unordered::detail::foa::table_core<boost::unordered::detail::foa::flat_map_types<unsigned long, lob::v1::Book<lob::ChecksumSink>::Loc>, boost::unordered::detail::foa::group15<boost::unordered::detail::foa::plain_integral>, boost::unordered::detail::foa::table_arrays, boost::unordered::detail::foa::plain_size_control, boost::hash<unsigned long>, std::__1::equal_to<unsigned long>, std::__1::allocator<std::__1::pair<unsigned long const, lob::v1::Book<lob::ChecksumSink>::Loc> > >::unchecked_rehash(boost::unordered::detail::foa::table_arrays<std::__1::pair<unsigned long const, lob::v1::Book<lob::ChecksumSink>::Loc>, boost::unordered::detail::foa::group15<boost::unordered::detail::foa::plain_integral>, boost::unordered::detail::foa::pow2_size_policy, std::__1::allocator<std::__1::pair<unsigned long const, lob::v1::Book<lob::ChecksumSink>::Loc> > >&)
57 101 0 0 0 0 0 0 0 0
63 101 0 0 0 0 0 101 0 0
fn=boost::unordered::detail::foa::table_locator<boost::unordered::detail::foa::group15<boost::unordered::detail::foa::plain_integral>, std::__1::pair<unsigned long const, lob::v1::Book<lob::ChecksumSink>::Loc> > boost::unordered::detail::foa::table_core<boost::unordered::detail::foa::flat_map_types<unsigned long, lob::v1::Book<lob::ChecksumSink>::Loc>, boost::unordered::detail::foa::group15<boost::unordered::detail::foa::plain_integral>, boost::unordered::detail::foa::table_arrays, boost::unordered::detail::foa::plain_size_control, boost::hash<unsigned long>, std::__1::equal_to<unsigned long>, std::__1::allocator<std::__1::pair<unsigned long const, lob::v1::Book<lob::ChecksumSink>::Loc> > >::unchecked_emplace_with_rehash<boost::unordered::detail::foa::try_emplace_args_t, unsigned long&, lob::v1::Book<lob::ChecksumSink>::Loc>(unsigned long, boost::unordered::detail::foa::try_emplace_args_t&&, unsigned long&, lob::v1::Book<lob::ChecksumSink>::Loc&&)
0 408 0 0 0 0 0 306 0 0
37 102 0 0 0 0 0 0 0 0
43 204 0 0 0 0 0 102 0 0
fn=void lob::v1::Book<lob::ChecksumSink>::rest<std::__1::map<long, lob::v1::Book<lob::ChecksumSink>::Level, std::__1::greater<void>, std::__1::allocator<std::__1::pair<long const, lob::v1::Book<lob::ChecksumSink>::Level> > > >(std::__1::map<long, lob::v1::Book<lob::ChecksumSink>::Level, std::__1::greater<void>, std::__1::allocator<std::__1::pair<long const, lob::v1::Book<lob::ChecksumSink>::Level> > >&, unsigned long, lob::Side, long, unsigned int)
0 648116 0 0 648116 0 0 0 0 0
43 1527328 0 0 0 0 0 725148 0 0
fn=void lob::v1::Book<lob::ChecksumSink>::rest<std::__1::map<long, lob::v1::Book<lob::ChecksumSink>::Level, std::__1::less<void>, std::__1::allocator<std::__1::pair<long const, lob::v1::Book<lob::ChecksumSink>::Level> > > >(std::__1::map<long, lob::v1::Book<lob::ChecksumSink>::Level, std::__1::less<void>, std::__1::allocator<std::__1::pair<long const, lob::v1::Book<lob::ChecksumSink>::Level> > >&, unsigned long, lob::Side, long, unsigned int)
0 572980 0 0 572980 0 0 0 0 0
43 1360463 0 0 0 0 0 644481 0 0
fl=/usr/include/c++/v1/__tree
fn=(anonymous namespace)::cmd_replay((anonymous namespace)::Args const&)
0 6829282 0 0 5574571 23305 83 0 0 0
105 189862 0 0 189862 0 0 0 0 0
163 28304 0 0 7242 716 16 0 0 0
191 286004 1 1 71501 0 0 0 0 0
193 94931 0 0 0 0 0 0 0 0
680 1145960 0 0 0 0 0 0 0 0
884 572980 1 1 572980 0 0 0 0 0
1824 214503 0 0 71501 0 0 0 0 0
1825 71308 0 0 0 0 0 35654 0 0
1826 71501 0 0 71501 0 0 0 0 0
1827 214503 1 1 71501 0 0 71501 0 0
1994 1145960 0 0 0 0 0 0 0 0
2049 11149142 0 0 0 0 0 0 0 0
2050 5001591 0 0 0 0 0 0 0 0
fn=auto lob::v1::Book<lob::ChecksumSink>::erase(boost::unordered::detail::foa::table_iterator<boost::unordered::detail::foa::flat_map_types<unsigned long, lob::v1::Book<lob::ChecksumSink>::Loc>, boost::unordered::detail::foa::group15<boost::unordered::detail::foa::plain_integral>*, false>)::{lambda(auto:1&)#1}::operator()<std::__1::map<long, lob::v1::Book<lob::ChecksumSink>::Level, std::__1::greater<void>, std::__1::allocator<std::__1::pair<long const, lob::v1::Book<lob::ChecksumSink>::Level> > > >(std::__1::map<long, lob::v1::Book<lob::ChecksumSink>::Level, std::__1::greater<void>, std::__1::allocator<std::__1::pair<long const, lob::v1::Book<lob::ChecksumSink>::Level> > >&) const
0 10264514 0 0 8797578 29912 388 0 0 0
105 170090 0 0 170090 0 0 0 0 0
163 31692 0 0 8627 766 86 0 0 0
191 231096 1 1 77032 0 0 0 0 0
193 85045 0 0 0 0 0 0 0 0
680 648116 0 0 0 0 0 0 0 0
862 648116 0 0 0 0 0 0 0 0
884 648116 1 1 648116 0 0 0 0 0
1824 154064 0 0 77032 0 0 0 0 0
1825 51765 0 0 0 0 0 51765 0 0
1826 77032 0 0 77032 0 0 0 0 0
1827 231096 1 1 77032 0 0 77032 0 0
1994 1296232 0 0 0 0 0 0 0 0
2049 17595156 0 0 0 0 0 0 0 0
2050 8149462 0 0 0 0 0 0 0 0
fn=lob::v1::Book<lob::ChecksumSink>::modify(unsigned long, long, unsigned int)
0 541400 1 1 459344 1162 0 0 0 0
680 41028 0 0 0 0 0 0 0 0
862 41028 1 1 0 0 0 0 0 0
884 41028 0 0 41028 0 0 0 0 0
1994 99214 0 0 0 0 0 0 0 0
2049 1000744 0 0 0 0 0 0 0 0
2050 459344 0 0 0 0 0 0 0 0
fn=unsigned int lob::v1::Book<lob::ChecksumSink>::match<std::__1::map<long, lob::v1::Book<lob::ChecksumSink>::Level, std::__1::greater<void>, std::__1::allocator<std::__1::pair<long const, lob::v1::Book<lob::ChecksumSink>::Level> > >, lob::v1::Book<lob::ChecksumSink>::add(unsigned long, lob::Side, long, unsigned int)::{lambda(long)#2}>(std::__1::map<long, lob::v1::Book<lob::ChecksumSink>::Level, std::__1::greater<void>, std::__1::allocator<std::__1::pair<long const, lob::v1::Book<lob::ChecksumSink>::Level> > >&, unsigned long, unsigned int, lob::v1::Book<lob::ChecksumSink>::add(unsigned long, lob::Side, long, unsigned int)::{lambda(long)#2})
0 572980 0 0 572980 0 0 0 0 0
915 572980 0 0 572980 0 0 0 0 0
fn=unsigned int lob::v1::Book<lob::ChecksumSink>::match<std::__1::map<long, lob::v1::Book<lob::ChecksumSink>::Level, std::__1::less<void>, std::__1::allocator<std::__1::pair<long const, lob::v1::Book<lob::ChecksumSink>::Level> > >, lob::v1::Book<lob::ChecksumSink>::add(unsigned long, lob::Side, long, unsigned int)::{lambda(long)#1}>(std::__1::map<long, lob::v1::Book<lob::ChecksumSink>::Level, std::__1::less<void>, std::__1::allocator<std::__1::pair<long const, lob::v1::Book<lob::ChecksumSink>::Level> > >&, unsigned long, unsigned int, lob::v1::Book<lob::ChecksumSink>::add(unsigned long, lob::Side, long, unsigned int)::{lambda(long)#1})
0 648115 0 0 648115 0 0 0 0 0
915 648115 0 0 648115 0 0 0 0 0
fn=void lob::v1::Book<lob::ChecksumSink>::rest<std::__1::map<long, lob::v1::Book<lob::ChecksumSink>::Level, std::__1::greater<void>, std::__1::allocator<std::__1::pair<long const, lob::v1::Book<lob::ChecksumSink>::Level> > > >(std::__1::map<long, lob::v1::Book<lob::ChecksumSink>::Level, std::__1::greater<void>, std::__1::allocator<std::__1::pair<long const, lob::v1::Book<lob::ChecksumSink>::Level> > >&, unsigned long, lob::Side, long, unsigned int)
0 8172940 1 1 77032 0 0 77032 0 0
884 648116 0 0 648116 1 1 0 0 0
1591 1296234 0 0 0 0 0 0 0 0
1593 7931179 0 0 0 0 0 0 0 0
1594 28012604 0 0 7003151 4330 231 0 0 0
1601 928028 0 0 0 0 0 0 0 0
1602 1070832 0 0 356944 2601 188 0 0 0
1673 77032 0 0 0 0 0 77032 0 0
1674 77032 0 0 0 0 0 77032 0 0
1676 77032 0 0 0 0 0 77032 0 0
1677 308128 0 0 154064 4 0 0 0 0
1678 51632 0 0 0 0 0 51632 0 0
1679 231096 0 0 77032 0 0 77032 0 0
1680 77032 1 1 77032 0 0 0 0 0
fn=void lob::v1::Book<lob::ChecksumSink>::rest<std::__1::map<long, lob::v1::Book<lob::ChecksumSink>::Level, std::__1::less<void>, std::__1::allocator<std::__1::pair<long const, lob::v1::Book<lob::ChecksumSink>::Level> > > >(std::__1::map<long, lob::v1::Book<lob::ChecksumSink>::Level, std::__1::less<void>, std::__1::allocator<std::__1::pair<long const, lob::v1::Book<lob::ChecksumSink>::Level> > >&, unsigned long, lob::Side, long, unsigned int)
0 4696430 1 1 71501 0 0 71501 0 0
884 572980 0 0 572980 0 0 0 0 0
1591 1145962 0 0 0 0 0 0 0 0
1593 4464866 0 0 0 0 0 0 0 0
1594 14849940 0 0 3712485 2448 42 0 0 0
1601 752381 0 0 0 0 0 0 0 0
1602 752706 0 0 250902 1618 40 0 0 0
1673 71501 0 0 0 0 0 71501 0 0
1674 71501 0 0 0 0 0 71501 0 0
1676 71501 0 0 0 0 0 71501 0 0
1677 286004 0 0 143002 3 0 0 0 0
1678 35809 0 0 0 0 0 35809 0 0
1679 214503 0 0 71501 0 0 71501 0 0
1680 71501 1 1 71501 0 0 0 0 0
fn=void std::__1::__tree_balance_after_insert[abi:ne210105]<std::__1::__tree_node_base<void*>*>(std::__1::__tree_node_base<void*>*, std::__1::__tree_node_base<void*>*)
0 17857 1 1 0 0 0 0 0 0
105 102018 0 0 76376 0 0 0 0 0
235 7447 0 0 7447 0 0 0 0 0
236 14894 0 0 7447 0 0 7447 0 0
237 14894 0 0 0 0 0 0 0 0
239 9892 0 0 2445 0 0 7447 0 0
240 2445 0 0 0 0 0 0 0 0
241 6130 0 0 0 0 0 6130 0 0
243 1317 0 0 0 0 0 1317 0 0
244 7447 1 1 0 0 0 7447 0 0
254 5438 0 0 5438 0 0 0 0 0
255 24994 0 0 12497 0 0 12497 0 0
256 24994 0 0 0 0 0 0 0 0
258 24722 0 0 12225 0 0 12497 0 0
259 12497 0 0 0 0 0 0 0 0
260 8215 0 0 0 0 0 8215 0 0
262 4620 0 0 0 0 0 4282 0 0
263 12497 0 0 0 0 0 12497 0 0
278 297066 1 1 0 0 0 148533 0 0
279 483397 0 0 157967 0 0 0 0 0
281 23633 0 0 0 0 0 0 0 0
282 18943 1 1 18943 0 0 0 0 0
283 55320 0 0 8717 801 20 0 0 0
285 6784 0 0 0 0 0 6784 0 0
287 13568 0 0 0 0 0 6784 0 0
288 13568 1 1 0 0 0 6784 0 0
290 18880 0 0 0 0 0 0 0 0
295 12159 0 0 0 0 0 12159 0 0
297 12159 1 1 0 0 0 12159 0 0
303 15974 0 0 3297 334 20 0 0 0
305 2681 0 0 0 0 0 2681 0 0
307 5362 0 0 0 0 0 2681 0 0
308 5362 0 0 0 0 0 2681 0 0
310 3680 0 0 0 0 0 0 0 0
315 2009 1 1 0 0 0 2009 0 0
317 2009 0 0 0 0 0 2009 0 0
323 148533 0 0 148533 0 0 0 0 0
569 163743 0 0 163743 0 0 0 0 0
571 22995 0 0 0 0 0 22995 209 7
fn=void std::__1::__tree_remove[abi:ne210105]<std::__1::__tree_node_base<void*>*>(std::__1::__tree_node_base<void*>*, std::__1::__tree_node_base<void*>*)
0 190333 1 1 14238 0 0 8348 0 0
105 778886 2 2 329872 1598 182 0 0 0
163 31278 0 0 10426 0 0 0 0 0
235 2846 0 0 2846 0 0 0 0 0
236 6032 0 0 3016 30 1 3016 0 0
237 6032 0 0 0 0 0 0 0 0
239 6032 0 0 3016 0 0 3016 0 0
240 3016 0 0 0 0 0 0 0 0
241 2545 0 0 0 0 0 2545 0 0
243 639 0 0 0 0 0 471 0 0
244 3016 0 0 0 0 0 3016 0 0
254 638 0 0 638 0 0 0 0 0
255 2504 0 0 1252 26 4 1252 0 0
256 2504 0 0 0 0 0 0 0 0
258 2504 0 0 1252 0 0 1252 0 0
259 1252 1 1 0 0 0 0 0 0
260 581 0 0 0 0 0 581 0 0
262 1140 0 0 0 0 0 671 0 0
263 1252 0 0 0 0 0 1252 0 0
339 624712 1 1 156178 0 0 0 0 0
341 147834 0 0 147834 0 0 0 0 0
345 295668 0 0 0 0 0 0 0 0
346 20652 0 0 6884 15 2 6884 156 16
347 148533 0 0 0 0 0 0 0 0
348 122148 0 0 0 0 0 122148 0 0
349 244296 0 0 0 0 0 0 0 0
350 122141 0 0 122141 0 0 0 0 0
354 26385 0 0 0 0 0 26385 0 0
358 148533 0 0 148533 0 0 0 0 0
361 417692 1 1 0 0 0 0 0 0
363 13892 0 0 6946 0 0 6946 0 0
364 6946 0 0 0 0 0 0 0 0
365 3095 0 0 0 0 0 3095 0 0
367 7702 0 0 0 0 0 3851 0 0
368 13892 0 0 6946 0 0 6946 0 0
370 13892 0 0 6946 0 0 6946 0 0
371 13892 0 0 0 0 0 0 0 0
373 13892 0 0 6946 0 0 6946 0 0
374 13892 0 0 0 0 0 0 0 0
379 445591 1 1 0 0 0 0 0 0
392 30464 0 0 0 0 0 0 0 0
393 6884 0 0 0 0 0 6884 0 0
401 11293 0 0 0 0 0 0 0 0
403 18152 0 0 0 0 0 0 0 0
404 1656 0 0 0 0 0 1656 0 0
405 1656 0 0 0 0 0 1656 2 0
409 4968 0 0 1656 0 0 0 0 0
412 1656 0 0 1656 0 0 0 0 0
415 37042 1 1 13983 3090 905 0 0 0
416 25134 0 0 8378 0 0 0 0 0
417 7886 0 0 0 0 0 7886 0 0
420 37190 0 0 7870 21 5 0 0 0
429 4836 0 0 1667 224 27 0 0 0
431 386 0 0 0 0 0 386 0 0
432 386 0 0 0 0 0 386 0 0
439 2380 0 0 1190 8 1 1190 0 0
440 1190 1 1 0 0 0 1190 0 0
441 1190 0 0 0 0 0 1190 0 0
446 4434 1 1 0 0 0 0 0 0
447 228 0 0 0 0 0 228 0 0
448 228 0 0 0 0 0 228 0 0
452 684 0 0 228 0 0 0 0 0
455 228 0 0 228 0 0 0 0 0
458 9891 1 1 3752 524 50 0 0 0
459 5247 1 1 1749 0 0 0 0 0
460 1579 0 0 0 0 0 1579 0 0
463 4686 0 0 1579 0 0 0 0 0
472 716 0 0 39 0 0 0 0 0
474 209 0 0 39 0 0 170 0 0
475 170 0 0 0 0 0 170 0 0
482 1276 0 0 638 0 0 638 0 0
483 638 0 0 0 0 0 638 0 0
484 638 0 0 0 0 0 638 0 0
492 148533 0 0 148533 0 0 0 0 0
569 11293 2 2 11293 0 0 0 0 0
571 14304 0 0 0 0 0 14304 422 43
fl=/usr/include/c++/v1/__utility/pair.h
fn=_ZN5boost9unordered6detail3foa10table_coreINS2_14flat_map_typesImN3lob2v14BookINS5_12ChecksumSinkEE3LocEEENS2_7group15INS2_14plain_integralEEENS2_12table_arraysENS2_18plain_size_controlENS_4hashImEENSt3__18equal_toImEENSJ_9allocatorINSJ_4pairIKmSA_EEEEE22for_all_elements_whileIZNSR_22for_all_elements_whileIZNSR_16for_all_elementsIZNSR_16unchecked_rehashERNSF_ISP_SE_NS2_16pow2_size_policyESQ_EEEUlPSP_E_EEDTcmclfL1p0_LDnEEcvv_EERKSW_T_EUlSY_E_EES10_S12_S13_EUlPSE_jSY_E_EEDTcmclfp0_LDnELi0ELDnEEcvv_EES12_S13_
196 246546 0 0 123273 13638 1971 123273 20947 18913
fn=boost::unordered::detail::foa::table_locator<boost::unordered::detail::foa::group15<boost::unordered::detail::foa::plain_integral>, std::__1::pair<unsigned long const, lob::v1::Book<lob::ChecksumSink>::Loc> > boost::unordered::detail::foa::table_core<boost::unordered::detail::foa::flat_map_types<unsigned long, lob::v1::Book<lob::ChecksumSink>::Loc>, boost::unordered::detail::foa::group15<boost::unordered::detail::foa::plain_integral>, boost::unordered::detail::foa::table_arrays, boost::unordered::detail::foa::plain_size_control, boost::hash<unsigned long>, std::__1::equal_to<unsigned long>, std::__1::allocator<std::__1::pair<unsigned long const, lob::v1::Book<lob::ChecksumSink>::Loc> > >::unchecked_emplace_with_rehash<boost::unordered::detail::foa::try_emplace_args_t, unsigned long&, lob::v1::Book<lob::ChecksumSink>::Loc>(unsigned long, boost::unordered::detail::foa::try_emplace_args_t&&, unsigned long&, lob::v1::Book<lob::ChecksumSink>::Loc&&)
445 204 0 0 102 1 1 102 33 18
446 408 0 0 204 0 0 204 11 5
fn=void lob::v1::Book<lob::ChecksumSink>::rest<std::__1::map<long, lob::v1::Book<lob::ChecksumSink>::Level, std::__1::greater<void>, std::__1::allocator<std::__1::pair<long const, lob::v1::Book<lob::ChecksumSink>::Level> > > >(std::__1::map<long, lob::v1::Book<lob::ChecksumSink>::Level, std::__1::greater<void>, std::__1::allocator<std::__1::pair<long const, lob::v1::Book<lob::ChecksumSink>::Level> > >&, unsigned long, lob::Side, long, unsigned int)
445 725088 0 0 0 0 0 725088 517081 670
446 2669256 1 1 1296112 0 0 1296112 270738 5321
fn=void lob::v1::Book<lob::ChecksumSink>::rest<std::__1::map<long, lob::v1::Book<lob::ChecksumSink>::Level, std::__1::less<void>, std::__1::allocator<std::__1::pair<long const, lob::v1::Book<lob::ChecksumSink>::Level> > > >(std::__1::map<long, lob::v1::Book<lob::ChecksumSink>::Level, std::__1::less<void>, std::__1::allocator<std::__1::pair<long const, lob::v1::Book<lob::ChecksumSink>::Level> > >&, unsigned long, lob::Side, long, unsigned int)
445 644439 0 0 0 0 0 644439 470026 362
446 2363253 1 1 1145876 0 0 1145876 245664 2976
fl=/usr/include/c++/v1/__vector/vector.h
fn=(anonymous namespace)::cmd_replay((anonymous namespace)::Args const&)
388 1 0 0 1 0 0 0 0 0
449 1 0 0 1 1 1 0 0 0
fl=/usr/include/c++/v1/list
fn=(anonymous namespace)::cmd_replay((anonymous namespace)::Args const&)
388 1221096 0 0 1221096 78590 726 0 0 0
539 644481 0 0 644481 0 0 0 0 0
616 1145960 1 1 572980 9445 35 572980 42597 49
617 572980 0 0 0 0 0 572980 17617 118
647 71501 0 0 0 0 0 0 0 0
1422 572980 0 0 572980 0 0 0 0 0
1424 1145960 0 0 572980 6843 10 572980 0 0
fn=auto lob::v1::Book<lob::ChecksumSink>::erase(boost::unordered::detail::foa::table_iterator<boost::unordered::detail::foa::flat_map_types<unsigned long, lob::v1::Book<lob::ChecksumSink>::Loc>, boost::unordered::detail::foa::group15<boost::unordered::detail::foa::plain_integral>*, false>)::{lambda(auto:1&)#1}::operator()<std::__1::map<long, lob::v1::Book<lob::ChecksumSink>::Level, std::__1::greater<void>, std::__1::allocator<std::__1::pair<long const, lob::v1::Book<lob::ChecksumSink>::Level> > > >(std::__1::map<long, lob::v1::Book<lob::ChecksumSink>::Level, std::__1::greater<void>, std::__1::allocator<std::__1::pair<long const, lob::v1::Book<lob::ChecksumSink>::Level> > >&) const
388 648116 0 0 648116 0 0 0 0 0
539 725148 0 0 725148 0 0 0 0 0
616 1296232 0 0 648116 9609 93 648116 43205 283
617 648116 0 0 0 0 0 648116 20676 2018
647 77032 0 0 0 0 0 0 0 0
1422 648116 1 1 648116 0 0 0 0 0
1424 1296232 0 0 648116 6893 71 648116 0 0
fn=lob::v1::Book<lob::ChecksumSink>::modify(unsigned long, long, unsigned int)
388 41028 1 1 41028 0 0 0 0 0
fn=void lob::v1::Book<lob::ChecksumSink>::rest<std::__1::map<long, lob::v1::Book<lob::ChecksumSink>::Level, std::__1::greater<void>, std::__1::allocator<std::__1::pair<long const, lob::v1::Book<lob::ChecksumSink>::Level> > > >(std::__1::map<long, lob::v1::Book<lob::ChecksumSink>::Level, std::__1::greater<void>, std::__1::allocator<std::__1::pair<long const, lob::v1::Book<lob::ChecksumSink>::Level> > >&, unsigned long, lob::Side, long, unsigned int)
300 154064 0 0 0 0 0 154064 343 2
1046 648116 0 0 0 0 0 648116 0 0
1047 1296232 0 0 648116 0 0 648116 0 0
1048 648116 0 0 0 0 0 648116 18749 415
1049 648116 0 0 0 0 0 648116 0 0
1335 2592464 1 1 1296232 8478 137 648116 0 0
fn=void lob::v1::Book<lob::ChecksumSink>::rest<std::__1::map<long, lob::v1::Book<lob::ChecksumSink>::Level, std::__1::less<void>, std::__1::allocator<std::__1::pair<long const, lob::v1::Book<lob::ChecksumSink>::Level> > > >(std::__1::map<long, lob::v1::Book<lob::ChecksumSink>::Level, std::__1::less<void>, std::__1::allocator<std::__1::pair<long const, lob::v1::Book<lob::ChecksumSink>::Level> > >&, unsigned long, lob::Side, long, unsigned int)
300 143002 0 0 0 0 0 143002 272 1
1046 572980 0 0 0 0 0 572980 0 0
1047 1145960 0 0 572980 0 0 572980 0 0
1048 572980 0 0 0 0 0 572980 17879 97
1049 572980 0 0 0 0 0 572980 0 0
1335 2291920 1 1 1145960 7478 27 572980 0 0
fl=/usr/include/c++/v1/map
fn=unsigned int lob::v1::Book<lob::ChecksumSink>::match<std::__1::map<long, lob::v1::Book<lob::ChecksumSink>::Level, std::__1::greater<void>, std::__1::allocator<std::__1::pair<long const, lob::v1::Book<lob::ChecksumSink>::Level> > >, lob::v1::Book<lob::ChecksumSink>::add(unsigned long, lob::Side, long, unsigned int)::{lambda(long)#2}>(std::__1::map<long, lob::v1::Book<lob::ChecksumSink>::Level, std::__1::greater<void>, std::__1::allocator<std::__1::pair<long const, lob::v1::Book<lob::ChecksumSink>::Level> > >&, unsigned long, unsigned int, lob::v1::Book<lob::ChecksumSink>::add(unsigned long, lob::Side, long, unsigned int)::{lambda(long)#2})
1031 572980 1 1 572980 0 0 0 0 0
fn=unsigned int lob::v1::Book<lob::ChecksumSink>::match<std::__1::map<long, lob::v1::Book<lob::ChecksumSink>::Level, std::__1::less<void>, std::__1::allocator<std::__1::pair<long const, lob::v1::Book<lob::ChecksumSink>::Level> > >, lob::v1::Book<lob::ChecksumSink>::add(unsigned long, lob::Side, long, unsigned int)::{lambda(long)#1}>(std::__1::map<long, lob::v1::Book<lob::ChecksumSink>::Level, std::__1::less<void>, std::__1::allocator<std::__1::pair<long const, lob::v1::Book<lob::ChecksumSink>::Level> > >&, unsigned long, unsigned int, lob::v1::Book<lob::ChecksumSink>::add(unsigned long, lob::Side, long, unsigned int)::{lambda(long)#1})
1031 648116 1 1 648116 0 0 0 0 0
fn=void lob::v1::Book<lob::ChecksumSink>::rest<std::__1::map<long, lob::v1::Book<lob::ChecksumSink>::Level, std::__1::greater<void>, std::__1::allocator<std::__1::pair<long const, lob::v1::Book<lob::ChecksumSink>::Level> > > >(std::__1::map<long, lob::v1::Book<lob::ChecksumSink>::Level, std::__1::greater<void>, std::__1::allocator<std::__1::pair<long const, lob::v1::Book<lob::ChecksumSink>::Level> > >&, unsigned long, lob::Side, long, unsigned int)
1399 648116 0 0 0 0 0 0 0 0
fn=void lob::v1::Book<lob::ChecksumSink>::rest<std::__1::map<long, lob::v1::Book<lob::ChecksumSink>::Level, std::__1::less<void>, std::__1::allocator<std::__1::pair<long const, lob::v1::Book<lob::ChecksumSink>::Level> > > >(std::__1::map<long, lob::v1::Book<lob::ChecksumSink>::Level, std::__1::less<void>, std::__1::allocator<std::__1::pair<long const, lob::v1::Book<lob::ChecksumSink>::Level> > >&, unsigned long, lob::Side, long, unsigned int)
1399 572980 0 0 0 0 0 0 0 0
fl=???
fn=???
0 10957945 5 5 6848754 119 16 0 0 0
fn=operator delete(void*)
0 6848650 0 0 1369730 0 0 1369730 0 0
fn=operator delete(void*, unsigned long)
0 6848650 1 1 1369730 0 0 1369730 0 0
fn=operator new(unsigned long)
0 23285427 2 2 4109193 1 0 5478924 14 3
summary: 863907681 263 263 241811563 2347636 951407 111048005 1709225 37602
