desc: I1 cache:         32768 B, 64 B, 8-way associative
desc: D1 cache:         49152 B, 64 B, 12-way associative
desc: LL cache:         6291456 B, 64 B, 12-way associative
cmd: /home/wang/sources/cxx/book/build/profile/book replay --workload data/syn_deep_s42.ops --version v0
events: Ir I1mr ILmr Dr D1mr DLmr Dw D1mw DLmw 
fl=./elf/../sysdeps/generic/dl-new-hash.h
fn=_dl_lookup_symbol_x
69 4 0 0 0 0 0 0 0 0
70 8 0 0 0 0 0 0 0 0
74 24 0 0 24 4 4 0 0 0
77 48 0 0 0 0 0 0 0 0
80 22 0 0 22 0 0 0 0 0
81 44 0 0 0 0 0 0 0 0
87 2 1 1 0 0 0 0 0 0
88 2 0 0 0 0 0 0 0 0
89 4 0 0 0 0 0 0 0 0
90 2 0 0 0 0 0 0 0 0
99 20 0 0 0 0 0 0 0 0
101 20 0 0 0 0 0 0 0 0
102 40 0 0 0 0 0 0 0 0
104 20 1 1 0 0 0 0 0 0
105 20 0 0 0 0 0 0 0 0
fl=./elf/../sysdeps/generic/dl-protected.h
fn=do_lookup_x
29 16 0 0 0 0 0 0 0 0
fl=./elf/../sysdeps/generic/ldsodefs.h
fn=do_lookup_x
139 8 0 0 4 0 0 0 0 0
140 12 0 0 0 0 0 0 0 0
fl=./elf/../sysdeps/x86_64/dl-machine.h
fn=_dl_fixup
234 4 0 0 0 0 0 4 0 0
fl=./elf/../sysdeps/x86_64/dl-runtime.h
fn=_dl_fixup
28 4 0 0 0 0 0 0 0 0
fl=./elf/../sysdeps/x86_64/dl-trampoline.h
fn=_dl_runtime_resolve_xsave
71 4 1 1 0 0 0 0 0 0
76 4 0 0 0 0 0 4 0 0
79 4 0 0 0 0 0 0 0 0
81 4 0 0 0 0 0 0 0 0
91 4 0 0 4 1 1 0 0 0
97 4 0 0 0 0 0 4 1 1
98 4 0 0 0 0 0 4 0 0
99 4 1 1 0 0 0 4 0 0
100 4 0 0 0 0 0 4 0 0
101 4 0 0 0 0 0 4 0 0
102 4 0 0 0 0 0 4 0 0
103 4 0 0 0 0 0 4 0 0
107 4 0 0 0 0 0 0 0 0
108 4 0 0 0 0 0 0 0 0
111 4 0 0 0 0 0 4 1 1
112 4 0 0 0 0 0 4 0 0
114 4 0 0 0 0 0 4 0 0
115 4 0 0 0 0 0 4 0 0
116 4 1 1 0 0 0 4 0 0
117 4 0 0 0 0 0 4 0 0
118 4 0 0 0 0 0 4 0 0
119 4 0 0 0 0 0 4 0 0
121 4 0 0 4 0 0 132 6 6
128 4 0 0 4 0 0 0 0 0
129 4 0 0 4 0 0 0 0 0
130 4 0 0 0 0 0 4 1 1
131 4 0 0 0 0 0 0 0 0
136 4 0 0 0 0 0 0 0 0
137 4 0 0 0 0 0 0 0 0
138 4 0 0 144 0 0 0 0 0
140 4 1 1 4 0 0 0 0 0
141 4 0 0 4 0 0 0 0 0
142 4 0 0 4 0 0 0 0 0
143 4 0 0 4 0 0 0 0 0
144 4 0 0 4 0 0 0 0 0
145 4 0 0 4 0 0 0 0 0
146 4 0 0 4 0 0 0 0 0
148 4 0 0 0 0 0 0 0 0
150 4 0 0 4 0 0 0 0 0
154 4 0 0 0 0 0 0 0 0
156 4 0 0 0 0 0 0 0 0
fl=./elf/./elf/dl-lookup.c
fn=_dl_lookup_symbol_x
772 52 2 2 0 0 0 36 3 3
774 8 0 0 0 0 0 4 0 0
775 16 0 0 0 0 0 4 0 0
778 4 0 0 4 1 1 0 0 0
782 10 0 0 1 0 0 0 0 0
785 8 1 1 4 0 0 0 0 0
787 8 0 0 8 0 0 0 0 0
791 56 0 0 0 0 0 12 0 0
792 68 2 2 28 0 0 28 1 1
797 20 0 0 8 0 0 0 0 0
816 4 0 0 0 0 0 4 0 0
820 8 0 0 4 0 0 0 0 0
821 28 0 0 4 0 0 0 0 0
828 4 0 0 4 0 0 0 0 0
856 16 1 1 4 0 0 0 0 0
870 12 0 0 4 3 3 0 0 0
873 8 0 0 4 0 0 0 0 0
890 16 0 0 4 0 0 0 0 0
892 36 1 1 28 0 0 0 0 0
fn=check_match
70 60 1 1 8 3 3 24 1 1
73 32 1 1 8 0 0 0 0 0
86 20 0 0 0 0 0 0 0 0
89 26 1 1 6 0 0 3 0 0
93 4 0 0 4 3 3 0 0 0
94 8 0 0 0 0 0 0 0 0
96 2 0 0 0 0 0 0 0 0
115 2 0 0 2 1 1 0 0 0
116 8 0 0 3 1 1 0 0 0
117 5 1 1 2 0 0 1 0 0
144 6 1 1 0 0 0 0 0 0
146 18 0 0 6 2 2 0 0 0
147 12 1 1 0 0 0 0 0 0
161 4 0 0 0 0 0 0 0 0
162 32 0 0 28 0 0 0 0 0
fn=do_lookup_x
347 56 2 2 8 0 0 40 2 2
348 4 0 0 4 1 1 0 0 0
353 4 0 0 0 0 0 0 0 0
354 4 0 0 4 0 0 0 0 0
358 36 1 1 36 9 9 0 0 0
361 36 0 0 0 0 0 0 0 0
365 44 0 0 4 0 0 0 0 0
386 36 1 1 18 6 6 0 0 0
390 36 0 0 18 1 1 0 0 0
396 54 0 0 18 6 6 0 0 0
400 18 0 0 0 0 0 18 0 0
401 18 0 0 0 0 0 18 0 0
404 90 0 0 54 12 12 0 0 0
405 54 1 1 36 5 5 0 0 0
408 18 0 0 18 0 0 0 0 0
409 36 0 0 0 0 0 0 0 0
411 18 0 0 18 10 10 0 0 0
412 12 0 0 0 0 0 4 0 0
413 36 0 0 36 0 0 0 0 0
415 28 1 1 4 0 0 8 0 0
416 72 0 0 36 0 0 0 0 0
419 126 0 0 18 0 0 0 0 0
422 8 0 0 8 4 4 0 0 0
423 12 1 1 4 0 0 0 0 0
424 8 0 0 0 0 0 0 0 0
426 8 0 0 4 0 0 0 0 0
429 40 1 1 8 4 4 0 0 0
431 12 0 0 4 0 0 0 0 0
432 100 2 2 28 0 0 52 2 2
433 8 0 0 0 0 0 0 0 0
436 12 0 0 0 0 0 0 0 0
439 12 0 0 0 0 0 0 0 0
461 32 1 1 24 0 0 0 0 0
476 8 1 1 0 0 0 0 0 0
483 24 0 0 4 0 0 0 0 0
487 6 1 1 2 0 0 0 0 0
499 8 0 0 4 0 0 4 0 0
500 4 0 0 0 0 0 4 0 0
501 4 0 0 0 0 0 0 0 0
518 42 0 0 0 0 0 0 0 0
522 32 0 0 28 0 0 0 0 0
fl=./elf/./elf/dl-runtime.c
fn=_dl_fixup
46 44 2 2 0 0 0 24 0 0
48 20 0 0 16 4 4 0 0 0
49 12 1 1 8 0 0 0 0 0
54 4 0 0 4 2 2 0 0 0
55 16 0 0 4 2 2 0 0 0
56 28 0 0 4 4 4 4 1 1
58 8 0 0 4 2 2 0 0 0
63 8 0 0 0 0 0 0 0 0
67 8 0 0 4 4 4 0 0 0
69 7 0 0 0 0 0 0 0 0
71 12 1 1 4 2 2 0 0 0
75 12 0 0 8 6 6 0 0 0
76 16 0 0 4 0 0 0 0 0
77 12 0 0 4 2 2 0 0 0
84 4 1 1 0 0 0 0 0 0
85 12 0 0 4 0 0 0 0 0
95 44 0 0 8 2 2 12 0 0
99 20 1 1 12 0 0 0 0 0
109 40 0 0 16 0 0 4 0 0
124 16 1 1 4 0 0 0 0 0
133 12 0 0 4 1 1 0 0 0
159 12 0 0 4 1 1 0 0 0
163 32 1 1 28 0 0 0 0 0
fl=./malloc/./malloc/arena.c
fn=free
153 2918757 0 0 0 0 0 0 0 0
fn=malloc
153 143520 0 0 0 0 0 0 0 0
fl=./malloc/./malloc/malloc.c
fn=_int_free
1792 282909 0 0 282909 0 0 0 0 0
1992 848706 1 1 282902 0 0 0 0 0
3163 1380020 1 1 690010 0 0 690010 0 0
3165 2760040 0 0 690010 8 4 690010 0 0
3166 690010 0 0 0 0 0 690010 0 0
3167 1380020 0 0 0 0 0 690010 0 0
4495 6810433 1 1 0 0 0 3891676 80 0
4499 2918757 1 1 972919 0 0 0 0 0
4505 3891676 0 0 0 0 0 0 0 0
4506 1945838 0 0 0 0 0 0 0 0
4510 4864595 0 0 0 0 0 0 0 0
4517 1945838 0 0 0 0 0 0 0 0
4518 5837514 1 1 2918757 1 0 0 0 0
4521 972912 0 0 0 0 0 0 0 0
4527 2918736 0 0 1945824 5 1 0 0 0
4547 4864560 1 1 1945824 1 0 0 0 0
4550 690010 0 0 0 0 0 0 0 0
4561 565818 0 0 0 0 0 0 0 0
4572 1131608 0 0 282902 37655 29 0 0 0
4574 848706 0 0 282902 95 0 0 0 0
4593 282902 0 0 0 0 0 0 0 0
4595 282902 0 0 0 0 0 282902 5 0
4596 282902 0 0 0 0 0 0 0 0
4600 848706 0 0 282902 0 0 0 0 0
4602 565804 0 0 282902 69 0 0 0 0
4606 565804 0 0 0 0 0 0 0 0
4608 848706 0 0 0 0 0 282902 0 0
4609 282902 0 0 0 0 0 282902 0 0
4628 1131608 0 0 0 0 0 0 0 0
4637 14 0 0 7 0 0 0 0 0
4640 14 0 0 7 0 0 0 0 0
4643 14 1 1 0 0 0 0 0 0
4646 14 0 0 0 0 0 0 0 0
4658 5837507 1 1 4864588 0 0 0 0 0
fn=_int_free_maybe_consolidate
4770 77 4 1 7 0 0 49 0 0
4776 14 0 0 0 0 0 0 0 0
4778 4 0 0 1 0 0 0 0 0
4781 3 0 0 0 0 0 0 0 0
4784 5 2 2 3 0 0 0 0 0
4798 77 1 1 63 0 0 0 0 0
fn=_int_free_merge_chunk
1992 21 0 0 7 0 0 0 0 0
4665 56 1 1 0 0 0 42 0 0
4666 7 0 0 0 0 0 0 0 0
4670 42 0 0 7 0 0 0 0 0
4673 28 1 1 7 0 0 0 0 0
4675 21 1 1 7 0 0 0 0 0
4678 21 0 0 7 3 0 0 0 0
4681 14 0 0 0 0 0 0 0 0
4682 14 0 0 0 0 0 0 0 0
4683 14 0 0 7 0 0 0 0 0
4689 14 1 1 7 0 0 0 0 0
4701 21 0 0 0 0 0 0 0 0
4702 49 0 0 42 0 0 0 0 0
4714 14 0 0 7 0 0 0 0 0
4720 14 0 0 7 5 0 0 0 0
4724 7 0 0 7 0 0 0 0 0
4732 7 0 0 0 0 0 0 0 0
4733 28 1 1 7 0 0 0 0 0
4734 14 0 0 7 0 0 0 0 0
4736 7 0 0 0 0 0 7 0 0
4738 14 0 0 0 0 0 0 0 0
4740 21 1 1 0 0 0 7 1 0
4743 7 0 0 0 0 0 7 0 0
4744 7 0 0 0 0 0 7 0 0
4746 21 0 0 0 0 0 7 0 0
4747 7 0 0 0 0 0 7 0 0
fn=_int_malloc
1326 143520 0 0 0 0 0 0 0 0
1345 430560 0 0 0 0 0 0 0 0
1794 71760 1 1 71760 0 0 0 0 0
1985 107481 0 0 35827 0 0 0 0 0
2008 56 0 0 14 0 0 0 0 0
2552 90 0 0 30 30 1 30 0 0
2553 14 1 1 0 0 0 14 0 0
2564 30 1 1 15 15 1 0 0 0
2565 3 0 0 2 0 0 0 0 0
2568 4 0 0 1 0 0 0 0 0
2576 6 0 0 1 0 0 2 0 0
2577 2 0 0 0 0 0 0 0 0
2589 56 0 0 14 0 0 14 0 0
2590 28 0 0 0 0 0 14 0 0
2599 168 1 1 42 0 0 0 0 0
2605 42 0 0 28 0 0 0 0 0
2608 42 1 1 0 0 0 0 0 0
2669 42 1 1 14 0 0 14 0 0
2677 28 0 0 14 0 0 0 0 0
2678 42 0 0 14 0 0 14 0 0
2691 42 1 1 14 0 0 0 0 0
2693 14 0 0 14 0 0 0 0 0
2699 70 0 0 14 0 0 14 0 0
2707 28 0 0 0 0 0 0 0 0
2709 56 2 2 0 0 0 28 0 0
2710 42 0 0 14 0 0 0 0 0
2711 14 0 0 0 0 0 0 0 0
2712 14 0 0 0 0 0 0 0 0
2715 28 0 0 0 0 0 0 0 0
2744 98 1 1 42 0 0 0 0 0
2746 28 1 1 0 0 0 14 0 0
2752 112 0 0 14 0 0 0 0 0
2753 84 0 0 14 0 0 14 0 0
2921 42 1 1 28 0 0 0 0 0
2922 14 0 0 0 0 0 14 0 0
2926 14 0 0 14 0 0 0 0 0
2930 70 1 1 28 0 0 0 0 0
2932 14 0 0 0 0 0 0 0 0
2933 14 0 0 0 0 0 0 0 0
2934 14 0 0 0 0 0 14 0 0
2935 98 0 0 0 0 0 14 0 0
2936 28 0 0 0 0 0 14 13 13
2938 14 0 0 0 0 0 0 0 0
3163 492674 1 1 246337 2 0 246337 0 0
3165 528501 0 0 246339 2 0 246341 0 0
3166 246339 0 0 2 0 0 246337 0 0
3167 492674 0 0 0 0 0 246337 0 0
3178 2 0 0 2 0 0 0 0 0
3182 4 0 0 0 0 0 0 0 0
3186 8 1 1 2 0 0 2 0 0
3190 4 0 0 4 0 0 0 0 0
3191 4 0 0 0 0 0 2 0 0
3199 2 0 0 2 0 0 0 0 0
3846 789360 2 2 71760 1356 1 502320 269 1
3887 143520 0 0 0 0 0 0 0 0
3914 143520 0 0 0 0 0 0 0 0
3916 286996 0 0 0 0 0 0 0 0
3917 35815 0 0 0 0 0 0 0 0
3919 71749 0 0 71749 11 2 0 0 0
3921 143498 0 0 0 0 0 0 0 0
3923 71630 0 0 0 0 0 0 0 0
3926 71630 1 1 35815 0 0 0 0 0
3927 179075 0 0 35815 2407 4 35815 0 0
3930 107802 2 2 0 0 0 0 0 0
3932 71630 0 0 35815 402 0 0 0 0
3933 71630 0 0 0 0 0 0 0 0
3939 71630 0 0 0 0 0 0 0 0
3940 214890 1 1 107445 0 0 0 0 0
3945 353780 0 0 71630 0 0 0 0 0
3946 1306239 1 1 247313 0 0 0 0 0
3948 492670 0 0 0 0 0 0 0 0
3950 492670 0 0 246335 0 0 0 0 0
3951 1478010 0 0 246335 68980 198 246335 0 0
3977 22 1 1 0 0 0 0 0 0
3979 143516 0 0 0 0 0 0 0 0
3980 71874 1 1 0 0 0 0 0 0
3982 107811 0 0 35937 116 7 0 0 0
3984 1 0 0 1 0 0 0 0 0
3985 2 0 0 1 0 0 0 0 0
3987 1 0 0 1 0 0 0 0 0
3988 1 0 0 0 0 0 1 0 0
3989 1 0 0 0 0 0 1 0 0
3991 3 1 1 0 0 0 0 0 0
3997 2 0 0 0 0 0 0 0 0
3998 6 1 1 3 0 0 0 0 0
4003 5 0 0 2 0 0 0 0 0
4004 2 0 0 0 0 0 0 0 0
4020 1 0 0 0 0 0 0 0 0
4039 122 1 1 0 0 0 0 0 0
4040 24 0 0 8 0 0 0 0 0
4041 9 0 0 0 0 0 3 3 0
4058 107832 1 1 35944 0 0 0 0 0
4059 107832 0 0 0 0 0 35944 0 0
4060 107832 1 1 71888 0 0 0 0 0
4069 7276 0 0 0 0 0 3638 0 0
4070 179808 2 2 35967 99 3 35944 0 0
4072 3638 0 0 3638 1 0 0 0 0
4073 7276 0 0 3638 4 0 0 0 0
4074 3638 0 0 0 0 0 0 0 0
4076 7276 0 0 0 0 0 0 0 0
4077 10914 1 1 3638 5 0 0 0 0
4079 3638 0 0 3638 5 0 0 0 0
4080 14552 0 0 0 0 0 0 0 0
4082 14552 0 0 3638 0 0 0 0 0
4084 7276 1 1 3638 0 0 0 0 0
4085 7276 0 0 3638 0 0 0 0 0
4087 7276 0 0 0 0 0 0 0 0
4098 14552 0 0 0 0 0 0 0 0
4099 7276 1 1 3638 0 0 0 0 0
4100 7262 0 0 0 0 0 0 0 0
4101 3631 0 0 0 0 0 0 0 0
4104 3623 0 0 0 0 0 0 0 0
4105 3623 1 1 0 0 0 0 0 0
4106 3623 0 0 0 0 0 3623 0 0
4107 10869 0 0 0 0 0 3623 0 0
4108 10869 1 1 0 0 0 3623 2257 0
4109 7246 0 0 0 0 0 0 0 0
4111 7002 0 0 0 0 0 3501 872 0
4115 28984 0 0 0 0 0 3623 0 0
4117 10869 1 1 0 0 0 3623 0 0
4118 3623 0 0 0 0 0 3623 0 0
4121 3625 0 0 0 0 0 0 0 0
4122 10869 0 0 0 0 0 3623 5 0
4123 3623 0 0 0 0 0 0 0 0
4127 15 0 0 0 0 0 15 0 0
4128 15 0 0 0 0 0 15 0 0
4132 30 0 0 0 0 0 0 0 0
4134 4 0 0 0 0 0 2 0 0
4135 6 0 0 0 0 0 0 0 0
4140 4 0 0 0 0 0 0 0 0
4141 12 0 0 8 0 0 0 0 0
4161 27 2 2 0 0 0 0 0 0
4163 12 0 0 0 0 0 6 0 0
4164 24 0 0 0 0 0 0 0 0
4165 6 0 0 6 0 0 0 0 0
4169 115 4 4 0 0 0 7 0 0
4170 21 1 1 0 0 0 0 0 0
4171 7 0 0 7 6 0 0 0 0
4174 14 0 0 0 0 0 0 0 0
4218 28 0 0 0 0 0 7 1 0
4221 91 2 2 26 8 0 0 0 0
4222 13 0 0 0 0 0 13 0 0
4223 13 0 0 0 0 0 13 0 0
4224 13 0 0 0 0 0 13 0 0
4225 13 0 0 0 0 0 13 0 0
4230 26 0 0 26 0 0 0 0 0
4231 26 0 0 0 0 0 0 0 0
4240 52 1 1 26 0 0 0 0 0
4246 26 0 0 0 0 0 0 0 0
4248 2 0 0 0 0 0 0 0 0
4257 96957 1 1 0 0 0 0 0 0
4259 32 0 0 0 0 0 0 0 0
4262 24 0 0 8 8 7 0 0 0
4263 32319 1 1 0 0 0 0 0 0
4313 20 1 1 0 0 0 0 0 0
4330 32329 0 0 0 0 0 0 0 0
4331 64658 0 0 0 0 0 0 0 0
4332 64658 0 0 0 0 0 0 0 0
4333 64658 0 0 32329 102 3 0 0 0
4334 193944 0 0 0 0 0 0 0 0
4339 129363 1 1 0 0 0 0 0 0
4343 355516 2 2 0 0 0 0 0 0
4346 387800 1 1 96950 0 0 0 0 0
4348 56 0 0 0 0 0 0 0 0
4349 28 0 0 0 0 0 0 0 0
4353 460 0 0 0 0 0 0 0 0
4355 208 0 0 0 0 0 0 0 0
4357 416 0 0 0 0 0 0 0 0
4361 22 0 0 22 3 0 0 0 0
4364 44 0 0 0 0 0 0 0 0
4366 55 0 0 0 0 0 11 0 0
4367 11 0 0 0 0 0 0 0 0
4368 11 0 0 0 0 0 0 0 0
4373 44 0 0 11 0 0 0 0 0
4376 22 0 0 0 0 0 0 0 0
4378 33 1 1 0 0 0 11 0 0
4381 33 0 0 0 0 0 22 5 0
4384 44 0 0 22 0 0 0 0 0
4386 3 0 0 3 0 0 0 0 0
4387 9 1 1 0 0 0 0 0 0
4394 8 0 0 0 0 0 0 0 0
4399 32 0 0 8 0 0 0 0 0
4400 16 1 1 8 0 0 0 0 0
4403 8 0 0 0 0 0 8 4 0
4404 8 0 0 0 0 0 8 0 0
4405 8 0 0 0 0 0 8 0 0
4408 16 0 0 0 0 0 0 0 0
4409 8 0 0 0 0 0 8 0 0
4410 16 0 0 0 0 0 0 0 0
4412 14 0 0 0 0 0 7 1 0
4415 64 1 1 0 0 0 8 0 0
4417 24 0 0 0 0 0 8 0 0
4418 8 0 0 0 0 0 8 0 0
4421 11 0 0 0 0 0 0 0 0
4443 32318 1 1 32318 0 0 0 0 0
4444 64636 0 0 32318 96 0 0 0 0
4446 64636 0 0 32318 2 1 0 0 0
4449 96954 0 0 0 0 0 0 0 0
4451 32293 0 0 0 0 0 0 0 0
4452 64586 1 1 0 0 0 0 0 0
4453 32293 0 0 0 0 0 32293 0 0
4454 258344 1 1 0 0 0 32293 0 0
4456 64586 0 0 0 0 0 32293 28262 28262
4459 64586 0 0 0 0 0 0 0 0
4460 96924 0 0 0 0 0 32308 90 3
4461 32308 0 0 0 0 0 0 0 0
4466 100 0 0 25 0 0 25 0 0
4468 20 1 1 0 0 0 10 0 0
4470 30 0 0 10 0 0 0 0 0
4471 20 0 0 0 0 0 0 0 0
4482 16 0 0 0 0 0 0 0 0
4487 861120 2 2 645840 0 0 0 0 0
fn=alloc_perturb
1985 107793 1 1 35931 0 0 0 0 0
1987 35931 0 0 35931 0 0 0 0 0
fn=free
3359 6810433 2 2 0 0 0 3891676 13 0
3363 1945838 0 0 0 0 0 0 0 0
3371 1945838 0 0 1945838 14 2 0 0 0
3373 972919 0 0 0 0 0 0 0 0
3375 2918757 0 0 972919 119333 3 0 0 0
3392 2918757 0 0 1945838 2 0 0 0 0
3398 2918757 1 1 0 0 0 972919 0 0
3401 972919 0 0 0 0 0 972919 0 0
3402 5837514 0 0 4864595 0 0 0 0 0
fn=malloc
1326 2016174 0 0 0 0 0 0 0 0
1345 5040435 1 1 0 0 0 0 0 0
3178 1872654 0 0 936327 0 0 0 0 0
3182 1872654 0 0 0 0 0 0 0 0
3186 3745308 0 0 936327 3309 0 936327 0 0
3190 1872654 0 0 0 0 0 936327 0 0
3191 936327 0 0 0 0 0 936327 0 0
3294 8064696 1 1 0 0 0 4032348 0 0
3301 2016174 0 0 1008087 6 1 0 0 0
3311 2016174 0 0 0 0 0 0 0 0
3313 4032348 0 0 2016174 10 2 0 0 0
3316 2016174 0 0 1008087 5 1 0 0 0
3318 3024237 1 1 1008079 6 2 0 0 0
3326 143520 1 1 71760 52 1 0 0 0
3328 287040 1 1 0 0 0 71760 1 1
3329 358800 1 1 71760 0 0 0 0 0
3354 6048522 1 1 5040435 0 0 0 0 0
fn=malloc_consolidate
4811 117 2 2 0 0 0 78 9 0
4826 13 0 0 0 0 0 13 0 0
4828 26 0 0 0 0 0 13 0 0
4839 13 0 0 0 0 0 0 0 0
4841 260 0 0 260 0 0 0 0 0
4842 260 0 0 0 0 0 0 0 0
4904 390 0 0 130 0 0 0 0 0
4905 104 0 0 91 0 0 0 0 0
fn=sysmalloc_mmap.isra.0
2008 4 0 0 1 0 0 0 0 0
2400 6 1 1 0 0 0 4 0 0
2413 3 0 0 0 0 0 0 0 0
2418 2 0 0 0 0 0 0 0 0
2421 10 1 1 0 0 0 1 0 0
2424 2 1 1 0 0 0 0 0 0
2428 2 0 0 0 0 0 0 0 0
2432 4 0 0 0 0 0 1 0 0
2448 3 0 0 0 0 0 0 0 0
2466 1 0 0 0 0 0 1 1 1
2467 3 1 1 0 0 0 1 0 0
2471 3 0 0 2 0 0 0 0 0
2472 5 0 0 2 0 0 0 0 0
2475 3 1 1 2 0 0 0 0 0
2476 5 0 0 2 0 0 0 0 0
2481 7 0 0 5 0 0 0 0 0
fn=unlink_chunk.isra.0
1608 22 1 1 0 0 0 11 0 0
1610 55 0 0 22 0 0 0 0 0
1613 22 0 0 22 0 0 0 0 0
1614 22 0 0 11 0 0 0 0 0
1616 44 4 1 22 0 0 0 0 0
1619 11 0 0 0 0 0 11 0 0
1620 11 0 0 0 0 0 11 0 0
1621 43 0 0 7 0 0 0 0 0
1623 14 0 0 7 0 0 0 0 0
1624 21 0 0 14 0 0 0 0 0
1627 14 0 0 7 2 1 0 0 0
1641 7 0 0 0 0 0 7 0 0
1642 7 1 1 0 0 0 7 0 0
1645 22 0 0 22 0 0 0 0 0
fl=./malloc/./malloc/morecore.c
fn=__glibc_morecore
25 42 1 1 0 0 0 14 0 0
26 28 0 0 14 0 0 0 0 0
29 14 0 0 0 0 0 14 0 0
30 28 0 0 0 0 0 0 0 0
34 28 0 0 28 0 0 0 0 0
fl=./misc/../sysdeps/unix/sysv/linux/brk.c
fn=brk
36 14 1 1 0 0 0 0 0 0
37 28 0 0 14 0 0 14 0 0
38 28 0 0 0 0 0 0 0 0
44 14 0 0 0 0 0 0 0 0
45 14 0 0 14 0 0 0 0 0
fl=./misc/../sysdeps/unix/sysv/linux/brk_call.h
fn=brk
24 28 0 0 0 0 0 0 0 0
fl=./misc/../sysdeps/unix/sysv/linux/mmap64.c
fn=mmap
47 7 1 1 0 0 0 3 0 0
50 2 0 0 0 0 0 0 0 0
53 7 1 1 0 0 0 0 0 0
58 6 1 1 0 0 0 0 0 0
60 4 0 0 4 0 0 0 0 0
fl=./misc/../sysdeps/unix/sysv/linux/setvmaname.c
fn=__set_vma_name
33 7 2 2 0 0 0 4 0 0
35 5 0 0 2 1 1 1 0 0
49 9 0 0 7 0 0 0 0 0
fl=./misc/./misc/sbrk.c
fn=sbrk
37 112 1 1 0 0 0 56 2 0
40 28 0 0 28 28 2 0 0 0
43 28 3 1 14 14 1 0 0 0
58 28 0 0 0 0 0 0 0 0
62 28 0 0 0 0 0 0 0 0
66 56 1 1 0 0 0 0 0 0
74 42 1 1 0 0 0 14 0 0
78 98 0 0 70 0 0 0 0 0
fl=./string/../sysdeps/x86_64/multiarch/../multiarch/strcmp-sse2.S
fn=strcmp
98 4 1 1 0 0 0 0 0 0
131 4 0 0 0 0 0 0 0 0
132 4 0 0 0 0 0 0 0 0
134 4 0 0 0 0 0 0 0 0
135 4 0 0 0 0 0 0 0 0
156 4 0 0 0 0 0 0 0 0
157 4 0 0 0 0 0 0 0 0
158 4 0 0 0 0 0 0 0 0
159 4 0 0 0 0 0 0 0 0
160 3 0 0 3 3 3 0 0 0
161 3 1 1 3 1 1 0 0 0
162 3 0 0 3 0 0 0 0 0
163 3 0 0 3 0 0 0 0 0
180 3 0 0 0 0 0 0 0 0
181 3 0 0 0 0 0 0 0 0
182 3 0 0 0 0 0 0 0 0
183 3 0 0 0 0 0 0 0 0
184 3 0 0 0 0 0 0 0 0
185 3 0 0 0 0 0 0 0 0
186 3 0 0 0 0 0 0 0 0
191 1 0 0 0 0 0 0 0 0
192 3 0 0 0 0 0 0 0 0
201 2 1 1 0 0 0 0 0 0
202 2 0 0 0 0 0 0 0 0
203 2 0 0 0 0 0 0 0 0
204 2 0 0 0 0 0 0 0 0
205 2 0 0 0 0 0 0 0 0
206 2 0 0 0 0 0 0 0 0
207 2 0 0 0 0 0 0 0 0
208 2 0 0 0 0 0 0 0 0
229 2 1 1 2 0 0 0 0 0
230 2 0 0 0 0 0 0 0 0
231 2 0 0 0 0 0 0 0 0
233 2 0 0 2 1 1 0 0 0
239 2 0 0 0 0 0 0 0 0
240 2 0 0 0 0 0 0 0 0
241 2 0 0 0 0 0 0 0 0
242 2 0 0 0 0 0 0 0 0
243 2 0 0 0 0 0 0 0 0
248 2 0 0 0 0 0 0 0 0
250 2 0 0 0 0 0 0 0 0
251 2 0 0 0 0 0 0 0 0
252 4 0 0 0 0 0 0 0 0
260 2 1 1 2 0 0 0 0 0
261 2 0 0 2 1 1 0 0 0
264 2 0 0 0 0 0 0 0 0
265 2 0 0 0 0 0 0 0 0
266 2 0 0 0 0 0 0 0 0
267 2 0 0 0 0 0 0 0 0
268 2 0 0 0 0 0 0 0 0
269 2 0 0 0 0 0 0 0 0
2093 2 1 1 0 0 0 0 0 0
2095 2 0 0 0 0 0 0 0 0
2096 2 0 0 0 0 0 0 0 0
2097 2 0 0 0 0 0 0 0 0
2098 2 0 0 0 0 0 0 0 0
2104 4 1 1 0 0 0 0 0 0
2110 4 0 0 4 0 0 0 0 0
2111 4 0 0 4 0 0 0 0 0
2119 4 0 0 0 0 0 0 0 0
2120 4 0 0 4 0 0 0 0 0
fl=./string/../sysdeps/x86_64/multiarch/memset-vec-unaligned-erms.S
fn=__memset_avx2_unaligned_erms
158 14 1 1 0 0 0 0 0 0
159 28 0 0 0 0 0 0 0 0
164 14 0 0 0 0 0 0 0 0
165 14 0 0 0 0 0 0 0 0
166 13 0 0 0 0 0 0 0 0
167 13 0 0 0 0 0 0 0 0
168 13 0 0 0 0 0 0 0 0
170 1 0 0 0 0 0 1 0 0
171 1 0 0 0 0 0 1 0 0
172 2 0 0 1 0 0 0 0 0
181 1 0 0 0 0 0 1 0 0
182 1 0 0 0 0 0 1 0 0
184 2 0 0 1 0 0 0 0 0
237 12 1 1 12 7 1 0 0 0
238 12 0 0 0 0 0 0 0 0
244 5 0 0 0 0 0 5 2 2
245 5 0 0 0 0 0 5 2 2
257 5 0 0 0 0 0 0 0 0
260 5 0 0 0 0 0 0 0 0
261 5 0 0 0 0 0 0 0 0
273 4 0 0 0 0 0 4 2 2
274 4 0 0 0 0 0 4 2 2
287 4 0 0 0 0 0 0 0 0
288 4 0 0 0 0 0 0 0 0
290 4 0 0 0 0 0 0 0 0
293 3 0 0 0 0 0 0 0 0
296 3 0 0 0 0 0 0 0 0
299 17 0 0 0 0 0 17 11 11
300 17 0 0 0 0 0 17 6 6
301 17 0 0 0 0 0 17 11 11
302 17 0 0 0 0 0 17 5 5
303 17 0 0 0 0 0 0 0 0
304 17 0 0 0 0 0 0 0 0
305 20 0 0 0 0 0 0 0 0
308 4 1 1 0 0 0 4 0 0
309 4 0 0 0 0 0 4 1 1
310 4 0 0 0 0 0 4 0 0
311 4 0 0 0 0 0 4 0 0
314 8 0 0 4 0 0 0 0 0
325 7 0 0 0 0 0 0 0 0
326 7 0 0 0 0 0 0 0 0
327 7 0 0 0 0 0 0 0 0
328 407887 0 0 0 0 0 407880 6371 6369
329 7 0 0 0 0 0 0 0 0
330 14 0 0 7 3 0 0 0 0
337 1 1 1 0 0 0 0 0 0
346 1 0 0 0 0 0 0 0 0
347 1 0 0 0 0 0 0 0 0
378 1 1 1 0 0 0 1 0 0
379 1 0 0 0 0 0 1 0 0
380 1 0 0 1 0 0 0 0 0
fl=/home/wang/sources/cxx/book/include/lob/events.hpp
fn=lob::v0::Book<lob::ChecksumSink>::cancel(unsigned long)
0 430515 0 0 0 0 0 0 0 0
92 430515 0 0 430515 0 0 0 0 0
93 2583090 0 0 430515 0 0 0 0 0
fn=lob::v0::Book<lob::ChecksumSink>::modify(unsigned long, long, unsigned int)
92 56518 0 0 56518 0 0 0 0 0
93 452144 1 1 78958 0 0 22440 0 0
fn=unsigned int lob::v0::Book<lob::ChecksumSink>::match<std::__1::map<long, lob::v0::Book<lob::ChecksumSink>::Level, std::__1::greater<void>, std::__1::allocator<std::__1::pair<long const, lob::v0::Book<lob::ChecksumSink>::Level> > >, lob::v0::Book<lob::ChecksumSink>::add(unsigned long, lob::Side, long, unsigned int)::{lambda(long)#2}>(std::__1::map<long, lob::v0::Book<lob::ChecksumSink>::Level, std::__1::greater<void>, std::__1::allocator<std::__1::pair<long const, lob::v0::Book<lob::ChecksumSink>::Level> > >&, unsigned long, unsigned int, lob::v0::Book<lob::ChecksumSink>::add(unsigned long, lob::Side, long, unsigned int)::{lambda(long)#2})
92 128164 0 0 32041 0 0 32041 0 0
93 384492 1 1 96123 0 0 32041 0 0
fn=unsigned int lob::v0::Book<lob::ChecksumSink>::match<std::__1::map<long, lob::v0::Book<lob::ChecksumSink>::Level, std::__1::less<void>, std::__1::allocator<std::__1::pair<long const, lob::v0::Book<lob::ChecksumSink>::Level> > >, lob::v0::Book<lob::ChecksumSink>::add(unsigned long, lob::Side, long, unsigned int)::{lambda(long)#1}>(std::__1::map<long, lob::v0::Book<lob::ChecksumSink>::Level, std::__1::less<void>, std::__1::allocator<std::__1::pair<long const, lob::v0::Book<lob::ChecksumSink>::Level> > >&, unsigned long, unsigned int, lob::v0::Book<lob::ChecksumSink>::add(unsigned long, lob::Side, long, unsigned int)::{lambda(long)#1})
92 129584 0 0 32396 0 0 32396 0 0
93 388752 1 1 97188 0 0 32396 0 0
fn=void lob::v0::Book<lob::ChecksumSink>::rest<std::__1::map<long, lob::v0::Book<lob::ChecksumSink>::Level, std::__1::greater<void>, std::__1::allocator<std::__1::pair<long const, lob::v0::Book<lob::ChecksumSink>::Level> > > >(std::__1::map<long, lob::v0::Book<lob::ChecksumSink>::Level, std::__1::greater<void>, std::__1::allocator<std::__1::pair<long const, lob::v0::Book<lob::ChecksumSink>::Level> > >&, unsigned long, lob::Side, long, unsigned int)
81 252107 1 1 0 0 0 0 0 0
92 252107 0 0 252107 0 0 0 0 0
93 3277391 0 0 504214 2 1 252107 0 0
fn=void lob::v0::Book<lob::ChecksumSink>::rest<std::__1::map<long, lob::v0::Book<lob::ChecksumSink>::Level, std::__1::less<void>, std::__1::allocator<std::__1::pair<long const, lob::v0::Book<lob::ChecksumSink>::Level> > > >(std::__1::map<long, lob::v0::Book<lob::ChecksumSink>::Level, std::__1::less<void>, std::__1::allocator<std::__1::pair<long const, lob::v0::Book<lob::ChecksumSink>::Level> > >&, unsigned long, lob::Side, long, unsigned int)
81 251849 0 0 0 0 0 0 0 0
92 251849 0 0 251849 0 0 0 0 0
93 3274037 1 1 503698 4 0 251849 0 0
fl=/home/wang/sources/cxx/book/include/lob/replay.hpp
fn=(anonymous namespace)::cmd_replay((anonymous namespace)::Args const&)
0 2000001 0 0 1000000 125000 125000 0 0 0
21 4886964 1 1 1000000 178571 178566 0 0 0
23 3077802 1 1 1538901 64348 64348 512967 1 1
26 1291545 0 0 0 0 0 430515 0 0
29 226072 0 0 113036 7087 7087 56518 0 0
37 1000002 0 0 0 0 0 0 0 0
fl=/home/wang/sources/cxx/book/include/lob/v0/book.hpp
fn=auto lob::v0::Book<lob::ChecksumSink>::erase(std::__1::__hash_map_iterator<std::__1::__hash_iterator<std::__1::__hash_node<std::__1::__hash_value_type<unsigned long, lob::v0::Book<lob::ChecksumSink>::Loc>, void*>*> >)::{lambda(auto:1&)#1}::operator()<std::__1::map<long, lob::v0::Book<lob::ChecksumSink>::Level, std::__1::greater<void>, std::__1::allocator<std::__1::pair<long const, lob::v0::Book<lob::ChecksumSink>::Level> > > >(std::__1::map<long, lob::v0::Book<lob::ChecksumSink>::Level, std::__1::greater<void>, std::__1::allocator<std::__1::pair<long const, lob::v0::Book<lob::ChecksumSink>::Level> > >&) const
203 906412 1 1 0 0 0 679809 0 0
204 226603 0 0 226603 0 0 0 0 0
206 906412 0 0 453206 1 0 0 0 0
208 226603 0 0 0 0 0 0 0 0
209 906148 0 0 906148 0 0 0 0 0
fn=auto lob::v0::Book<lob::ChecksumSink>::erase(std::__1::__hash_map_iterator<std::__1::__hash_iterator<std::__1::__hash_node<std::__1::__hash_value_type<unsigned long, lob::v0::Book<lob::ChecksumSink>::Loc>, void*>*> >)::{lambda(auto:1&)#1}::operator()<std::__1::map<long, lob::v0::Book<lob::ChecksumSink>::Level, std::__1::less<void>, std::__1::allocator<std::__1::pair<long const, lob::v0::Book<lob::ChecksumSink>::Level> > > >(std::__1::map<long, lob::v0::Book<lob::ChecksumSink>::Level, std::__1::less<void>, std::__1::allocator<std::__1::pair<long const, lob::v0::Book<lob::ChecksumSink>::Level> > >&) const
203 905408 1 1 0 0 0 679056 0 0
204 226352 0 0 226352 0 0 0 0 0
206 905408 0 0 452704 0 0 0 0 0
208 226352 0 0 0 0 0 0 0 0
209 905176 0 0 905176 0 0 0 0 0
fn=lob::v0::Book<lob::ChecksumSink>::cancel(unsigned long)
0 1937223 1 1 0 0 0 430515 0 0
48 3444120 1 0 0 0 0 2583090 0 0
51 430515 0 0 430515 212653 0 0 0 0
53 430515 0 0 430515 0 0 0 0 0
54 3444120 0 0 3013605 0 0 0 0 0
202 430515 1 1 0 0 0 0 0 0
203 430515 0 0 0 0 0 430515 0 0
210 861030 0 0 430515 0 0 0 0 0
211 646056 1 1 0 0 0 215352 0 0
213 645489 0 0 0 0 0 215163 0 0
fn=lob::v0::Book<lob::ChecksumSink>::modify(unsigned long, long, unsigned int)
0 372015 1 1 73196 27891 0 101398 0 0
56 452144 1 1 0 0 0 339108 0 0
59 113036 1 1 0 0 0 0 0 0
60 113036 0 0 0 0 0 0 0 0
62 56518 0 0 0 0 0 0 0 0
63 226072 0 0 56518 13861 1 0 0 0
64 68156 1 1 34078 497 0 0 0 0
65 34078 0 0 0 0 0 34078 0 0
66 34078 0 0 34078 0 0 0 0 0
69 22440 0 0 22440 0 0 0 0 0
72 22440 0 0 22440 0 0 0 0 0
74 452144 2 2 395626 0 0 0 0 0
154 68156 0 0 34078 0 0 0 0 0
158 22440 0 0 0 0 0 0 0 0
159 56255 2 2 22502 0 0 11251 0 0
161 55945 0 0 22378 0 0 11189 0 0
162 44880 0 0 0 0 0 0 0 0
164 49932 0 0 8322 0 0 8322 0 0
166 50136 1 1 8356 0 0 8356 0 0
203 22440 0 0 0 0 0 22440 0 0
210 67320 0 0 0 0 0 0 0 0
211 33753 1 1 0 0 0 11251 0 0
213 33567 0 0 0 0 0 11189 0 0
fn=lob::v0::Book<lob::ChecksumSink>::push(unsigned long, lob::Side, long, unsigned int)
0 2026176 1 1 0 0 0 0 0 0
41 3077802 1 1 0 0 0 2564835 0 0
42 1025934 0 0 0 0 0 0 0 0
43 1025934 0 0 0 0 0 0 0 0
46 154134 1 1 128445 0 0 0 0 0
158 1025934 1 1 0 0 0 0 0 0
159 1540332 1 1 0 0 0 256722 0 0
161 1537470 0 0 0 0 0 256245 0 0
162 1025934 0 0 0 0 0 0 0 0
164 2681635 0 0 975140 0 0 0 0 0
166 2678423 0 0 973972 0 0 0 0 0
fn=unsigned int lob::v0::Book<lob::ChecksumSink>::match<std::__1::map<long, lob::v0::Book<lob::ChecksumSink>::Level, std::__1::greater<void>, std::__1::allocator<std::__1::pair<long const, lob::v0::Book<lob::ChecksumSink>::Level> > >, lob::v0::Book<lob::ChecksumSink>::add(unsigned long, lob::Side, long, unsigned int)::{lambda(long)#2}>(std::__1::map<long, lob::v0::Book<lob::ChecksumSink>::Level, std::__1::greater<void>, std::__1::allocator<std::__1::pair<long const, lob::v0::Book<lob::ChecksumSink>::Level> > >&, unsigned long, unsigned int, lob::v0::Book<lob::ChecksumSink>::add(unsigned long, lob::Side, long, unsigned int)::{lambda(long)#2})
0 1653291 0 0 0 0 0 267434 0 0
161 267434 0 0 267434 3 0 0 0 0
170 2406906 1 1 0 0 0 2139472 0 0
171 802302 0 0 0 0 0 0 0 0
173 519283 0 0 0 0 0 0 0 0
175 64082 1 1 0 0 0 0 0 0
177 128164 0 0 0 0 0 0 0 0
178 32041 0 0 32041 0 0 0 0 0
180 96123 0 0 0 0 0 32041 0 0
181 32041 0 0 32041 0 0 0 0 0
182 32041 0 0 0 0 0 0 0 0
187 15585 0 0 0 0 0 0 0 0
189 2406906 0 0 1872038 0 0 0 0 0
fn=unsigned int lob::v0::Book<lob::ChecksumSink>::match<std::__1::map<long, lob::v0::Book<lob::ChecksumSink>::Level, std::__1::less<void>, std::__1::allocator<std::__1::pair<long const, lob::v0::Book<lob::ChecksumSink>::Level> > >, lob::v0::Book<lob::ChecksumSink>::add(unsigned long, lob::Side, long, unsigned int)::{lambda(long)#1}>(std::__1::map<long, lob::v0::Book<lob::ChecksumSink>::Level, std::__1::less<void>, std::__1::allocator<std::__1::pair<long const, lob::v0::Book<lob::ChecksumSink>::Level> > >&, unsigned long, unsigned int, lob::v0::Book<lob::ChecksumSink>::add(unsigned long, lob::Side, long, unsigned int)::{lambda(long)#1})
0 1657024 0 0 0 0 0 267973 0 0
159 267972 0 0 267972 1 0 0 0 0
170 2411757 1 1 0 0 0 2143784 1 1
171 803919 0 0 0 0 0 0 0 0
173 520078 0 0 0 0 0 0 0 0
175 64792 0 0 0 0 0 0 0 0
177 129584 0 0 0 0 0 0 0 0
178 32396 0 0 32396 0 0 0 0 0
180 97188 0 0 0 0 0 32396 0 0
181 32396 0 0 32396 0 0 0 0 0
182 32396 0 0 0 0 0 0 0 0
187 15866 0 0 0 0 0 0 0 0
189 2411757 1 1 1875811 0 0 0 0 0
fn=void lob::v0::Book<lob::ChecksumSink>::rest<std::__1::map<long, lob::v0::Book<lob::ChecksumSink>::Level, std::__1::greater<void>, std::__1::allocator<std::__1::pair<long const, lob::v0::Book<lob::ChecksumSink>::Level> > > >(std::__1::map<long, lob::v0::Book<lob::ChecksumSink>::Level, std::__1::greater<void>, std::__1::allocator<std::__1::pair<long const, lob::v0::Book<lob::ChecksumSink>::Level> > >&, unsigned long, lob::Side, long, unsigned int)
0 504214 0 0 0 0 0 0 0 0
138 170 0 0 0 0 0 85 5 0
193 3529498 2 2 0 0 0 2268963 0 0
196 252107 0 0 0 0 0 0 0 0
197 1260535 1 1 252107 0 0 756321 0 0
198 252107 0 0 252107 0 0 0 0 0
199 2016856 0 0 1764749 1 0 0 0 0
fn=void lob::v0::Book<lob::ChecksumSink>::rest<std::__1::map<long, lob::v0::Book<lob::ChecksumSink>::Level, std::__1::less<void>, std::__1::allocator<std::__1::pair<long const, lob::v0::Book<lob::ChecksumSink>::Level> > > >(std::__1::map<long, lob::v0::Book<lob::ChecksumSink>::Level, std::__1::less<void>, std::__1::allocator<std::__1::pair<long const, lob::v0::Book<lob::ChecksumSink>::Level> > >&, unsigned long, lob::Side, long, unsigned int)
0 503698 0 0 0 0 0 0 0 0
138 152 0 0 0 0 0 76 3 0
193 3525886 1 1 0 0 0 2266641 0 0
196 251849 0 0 0 0 0 0 0 0
197 1259245 0 0 251849 0 0 755547 0 0
198 251849 0 0 251849 0 0 0 0 0
199 2014792 0 0 1762943 4 0 0 0 0
fl=/home/wang/sources/cxx/book/source/main.cxx
fn=(anonymous namespace)::cmd_replay((anonymous namespace)::Args const&)
0 1 0 0 0 0 0 0 0 0
283 2 1 1 1 0 0 1 1 1
285 9 1 1 0 0 0 6 2 2
fl=/usr/include/c++/v1/__algorithm/comp.h
fn=unsigned int lob::v0::Book<lob::ChecksumSink>::match<std::__1::map<long, lob::v0::Book<lob::ChecksumSink>::Level, std::__1::greater<void>, std::__1::allocator<std::__1::pair<long const, lob::v0::Book<lob::ChecksumSink>::Level> > >, lob::v0::Book<lob::ChecksumSink>::add(unsigned long, lob::Side, long, unsigned int)::{lambda(long)#2}>(std::__1::map<long, lob::v0::Book<lob::ChecksumSink>::Level, std::__1::greater<void>, std::__1::allocator<std::__1::pair<long const, lob::v0::Book<lob::ChecksumSink>::Level> > >&, unsigned long, unsigned int, lob::v0::Book<lob::ChecksumSink>::add(unsigned long, lob::Side, long, unsigned int)::{lambda(long)#2})
41 32041 0 0 32041 5759 0 0 0 0
fn=unsigned int lob::v0::Book<lob::ChecksumSink>::match<std::__1::map<long, lob::v0::Book<lob::ChecksumSink>::Level, std::__1::less<void>, std::__1::allocator<std::__1::pair<long const, lob::v0::Book<lob::ChecksumSink>::Level> > >, lob::v0::Book<lob::ChecksumSink>::add(unsigned long, lob::Side, long, unsigned int)::{lambda(long)#1}>(std::__1::map<long, lob::v0::Book<lob::ChecksumSink>::Level, std::__1::less<void>, std::__1::allocator<std::__1::pair<long const, lob::v0::Book<lob::ChecksumSink>::Level> > >&, unsigned long, unsigned int, lob::v0::Book<lob::ChecksumSink>::add(unsigned long, lob::Side, long, unsigned int)::{lambda(long)#1})
41 32396 0 0 32396 5860 0 0 0 0
fl=/usr/include/c++/v1/__functional/operations.h
fn=auto lob::v0::Book<lob::ChecksumSink>::erase(std::__1::__hash_map_iterator<std::__1::__hash_iterator<std::__1::__hash_node<std::__1::__hash_value_type<unsigned long, lob::v0::Book<lob::ChecksumSink>::Loc>, void*>*> >)::{lambda(auto:1&)#1}::operator()<std::__1::map<long, lob::v0::Book<lob::ChecksumSink>::Level, std::__1::greater<void>, std::__1::allocator<std::__1::pair<long const, lob::v0::Book<lob::ChecksumSink>::Level> > > >(std::__1::map<long, lob::v0::Book<lob::ChecksumSink>::Level, std::__1::greater<void>, std::__1::allocator<std::__1::pair<long const, lob::v0::Book<lob::ChecksumSink>::Level> > >&) const
462 3310348 0 0 1254518 8299 0 0 0 0
fn=auto lob::v0::Book<lob::ChecksumSink>::erase(std::__1::__hash_map_iterator<std::__1::__hash_iterator<std::__1::__hash_node<std::__1::__hash_value_type<unsigned long, lob::v0::Book<lob::ChecksumSink>::Loc>, void*>*> >)::{lambda(auto:1&)#1}::operator()<std::__1::map<long, lob::v0::Book<lob::ChecksumSink>::Level, std::__1::less<void>, std::__1::allocator<std::__1::pair<long const, lob::v0::Book<lob::ChecksumSink>::Level> > > >(std::__1::map<long, lob::v0::Book<lob::ChecksumSink>::Level, std::__1::less<void>, std::__1::allocator<std::__1::pair<long const, lob::v0::Book<lob::ChecksumSink>::Level> > >&) const
375 3041498 0 0 1164734 8395 0 0 0 0
fn=lob::v0::Book<lob::ChecksumSink>::cancel(unsigned long)
300 430515 0 0 430515 105500 2 0 0 0
fn=lob::v0::Book<lob::ChecksumSink>::modify(unsigned long, long, unsigned int)
300 56518 0 0 56518 13810 0 0 0 0
375 225542 0 0 86392 669 0 0 0 0
462 251039 0 0 95187 641 0 0 0 0
fn=unsigned long std::__1::__hash_table<std::__1::__hash_value_type<unsigned long, lob::v0::Book<lob::ChecksumSink>::Loc>, std::__1::__unordered_map_hasher<unsigned long, std::__1::pair<unsigned long const, lob::v0::Book<lob::ChecksumSink>::Loc>, std::__1::hash<unsigned long>, std::__1::equal_to<unsigned long>, true>, std::__1::__unordered_map_equal<unsigned long, std::__1::pair<unsigned long const, lob::v0::Book<lob::ChecksumSink>::Loc>, std::__1::equal_to<unsigned long>, std::__1::hash<unsigned long>, true>, std::__1::allocator<std::__1::pair<unsigned long const, lob::v0::Book<lob::ChecksumSink>::Loc> > >::__erase_unique<unsigned long>(unsigned long const&)
300 33436 0 0 33436 8487 0 0 0 0
fn=void lob::v0::Book<lob::ChecksumSink>::rest<std::__1::map<long, lob::v0::Book<lob::ChecksumSink>::Level, std::__1::greater<void>, std::__1::allocator<std::__1::pair<long const, lob::v0::Book<lob::ChecksumSink>::Level> > > >(std::__1::map<long, lob::v0::Book<lob::ChecksumSink>::Level, std::__1::greater<void>, std::__1::allocator<std::__1::pair<long const, lob::v0::Book<lob::ChecksumSink>::Level> > >&, unsigned long, lob::Side, long, unsigned int)
462 2001216 0 0 1000608 6507 0 0 0 0
fn=void lob::v0::Book<lob::ChecksumSink>::rest<std::__1::map<long, lob::v0::Book<lob::ChecksumSink>::Level, std::__1::less<void>, std::__1::allocator<std::__1::pair<long const, lob::v0::Book<lob::ChecksumSink>::Level> > > >(std::__1::map<long, lob::v0::Book<lob::ChecksumSink>::Level, std::__1::less<void>, std::__1::allocator<std::__1::pair<long const, lob::v0::Book<lob::ChecksumSink>::Level> > >&, unsigned long, lob::Side, long, unsigned int)
375 1809834 0 0 904917 6332 0 0 0 0
fl=/usr/include/c++/v1/__hash_table
fn=lob::v0::Book<lob::ChecksumSink>::cancel(unsigned long)
0 1783352 1 1 491807 422587 0 0 0 0
106 491807 1 1 491807 482959 0 0 0 0
162 6853239 0 0 0 0 0 0 0 0
600 430515 0 0 430515 0 0 0 0 0
1812 1722060 0 0 430515 0 0 0 0 0
1815 430515 0 0 430515 413211 0 0 0 0
1816 861030 0 0 0 0 0 0 0 0
1817 61292 0 0 0 0 0 0 0 0
1818 2028520 0 0 0 0 0 0 0 0
1820 430515 0 0 0 0 0 0 0 0
1895 1291545 0 0 0 0 0 430515 0 0
fn=lob::v0::Book<lob::ChecksumSink>::modify(unsigned long, long, unsigned int)
0 234030 0 0 64476 55422 0 0 0 0
106 64476 1 1 64476 63263 0 0 0 0
162 886259 1 1 0 0 0 0 0 0
600 56518 0 0 56518 0 0 0 0 0
1812 226072 1 1 56518 0 0 0 0 0
1815 56518 0 0 56518 54130 0 0 0 0
1816 113036 0 0 0 0 0 0 0 0
1817 7958 0 0 0 0 0 0 0 0
1818 265862 0 0 0 0 0 0 0 0
1820 56518 0 0 0 0 0 0 0 0
1895 67320 1 1 0 0 0 22440 0 0
fn=lob::v0::Book<lob::ChecksumSink>::push(unsigned long, lob::Side, long, unsigned int)
0 316832 1 1 316830 152538 0 0 0 0
106 316800 2 2 316800 59951 0 0 0 0
162 9579954 1 1 0 0 0 0 0 0
600 512967 0 0 512967 1 1 0 0 0
1833 2051866 1 1 512966 0 0 0 0 0
1836 512966 0 0 512966 63005 0 0 0 0
1837 1025933 0 0 0 0 0 0 0 0
1838 471118 0 0 0 0 0 0 0 0
1839 1584060 0 0 0 0 0 0 0 0
fn=std::__1::__hash_table<std::__1::__hash_value_type<unsigned long, lob::v0::Book<lob::ChecksumSink>::Loc>, std::__1::__unordered_map_hasher<unsigned long, std::__1::pair<unsigned long const, lob::v0::Book<lob::ChecksumSink>::Loc>, std::__1::hash<unsigned long>, std::__1::equal_to<unsigned long>, true>, std::__1::__unordered_map_equal<unsigned long, std::__1::pair<unsigned long const, lob::v0::Book<lob::ChecksumSink>::Loc>, std::__1::equal_to<unsigned long>, std::__1::hash<unsigned long>, true>, std::__1::allocator<std::__1::pair<unsigned long const, lob::v0::Book<lob::ChecksumSink>::Loc> > >::remove(std::__1::__hash_const_iterator<std::__1::__hash_node<std::__1::__hash_value_type<unsigned long, lob::v0::Book<lob::ChecksumSink>::Loc>, void*>*>)
0 1059759 1 1 0 0 0 0 0 0
106 1860888 0 0 1860888 465685 0 0 0 0
162 21251406 2 2 0 0 0 0 0 0
600 486391 0 0 486391 0 0 0 0 0
1939 1945564 1 1 0 0 0 1459173 0 0
1945 486391 0 0 486391 0 0 0 0 0
1946 1720032 0 0 573344 0 0 0 0 0
1951 2516391 1 1 0 0 0 0 0 0
1952 2065322 1 1 401791 0 0 0 0 0
1953 341487 0 0 0 0 0 341487 0 0
1956 1459197 0 0 486391 0 0 0 0 0
1958 1032183 0 0 0 0 0 0 0 0
1959 422774 0 0 0 0 0 422774 205197 0
1962 909165 0 0 422774 0 0 486391 0 0
1963 486391 0 0 0 0 0 486391 0 0
1964 486391 0 0 486391 0 0 0 0 0
1966 2431955 0 0 1945564 0 0 0 0 0
fn=std::__1::pair<std::__1::__hash_iterator<std::__1::__hash_node<std::__1::__hash_value_type<unsigned long, lob::v0::Book<lob::ChecksumSink>::Loc>, void*>*>, bool> std::__1::__hash_table<std::__1::__hash_value_type<unsigned long, lob::v0::Book<lob::ChecksumSink>::Loc>, std::__1::__unordered_map_hasher<unsigned long, std::__1::pair<unsigned long const, lob::v0::Book<lob::ChecksumSink>::Loc>, std::__1::hash<unsigned long>, std::__1::equal_to<unsigned long>, true>, std::__1::__unordered_map_equal<unsigned long, std::__1::pair<unsigned long const, lob::v0::Book<lob::ChecksumSink>::Loc>, std::__1::equal_to<unsigned long>, std::__1::hash<unsigned long>, true>, std::__1::allocator<std::__1::pair<unsigned long const, lob::v0::Book<lob::ChecksumSink>::Loc> > >::__emplace_unique_key_args<unsigned long, unsigned long&, lob::v0::Book<lob::ChecksumSink>::Loc>(unsigned long const&, unsigned long&, lob::v0::Book<lob::ChecksumSink>::Loc&&)
0 4131650 2 2 814510 0 0 14 0 0
106 663225 1 1 663225 2206 0 0 0 0
109 503956 0 0 0 0 0 503956 0 0
155 503956 0 0 0 0 0 503956 0 0
159 56 1 1 0 0 0 0 0 0
162 13672324 1 1 0 0 0 0 0 0
600 503983 1 1 503983 5 0 0 0 0
1567 4031648 1 1 0 0 0 3527692 0 0
1573 1511868 0 0 0 0 0 0 0 0
1575 503955 0 0 503955 0 0 0 0 0
1576 1511865 1 1 0 0 0 503955 0 0
1577 310537 0 0 0 0 0 0 0 0
1578 1552747 0 0 0 0 0 0 0 0
1587 7055382 1 1 1007912 0 0 0 0 0
1588 28 0 0 0 0 0 0 0 0
1589 154 1 1 14 7 1 0 0 0
1594 503956 0 0 503956 4 0 0 0 0
1595 1007913 0 0 0 0 0 0 0 0
1596 352689 1 1 0 0 0 0 0 0
1597 705378 0 0 352689 0 0 352689 5 0
1598 352689 0 0 0 0 0 352689 0 0
1600 352689 0 0 0 0 0 352689 0 0
1601 1058067 0 0 352689 0 0 0 0 0
1602 705376 1 1 0 0 0 352688 0 0
1604 302534 0 0 151267 0 0 151267 0 0
1605 151267 0 0 0 0 0 151267 0 0
1609 1007912 1 1 503956 0 0 0 0 0
1614 4535604 0 0 3527692 6 0 0 0 0
1748 28 0 0 0 0 0 0 0 0
1750 26 0 0 0 0 0 0 0 0
1751 13 0 0 0 0 0 13 0 0
1753 28 0 0 0 0 0 0 0 0
fn=unsigned long std::__1::__hash_table<std::__1::__hash_value_type<unsigned long, lob::v0::Book<lob::ChecksumSink>::Loc>, std::__1::__unordered_map_hasher<unsigned long, std::__1::pair<unsigned long const, lob::v0::Book<lob::ChecksumSink>::Loc>, std::__1::hash<unsigned long>, std::__1::equal_to<unsigned long>, true>, std::__1::__unordered_map_equal<unsigned long, std::__1::pair<unsigned long const, lob::v0::Book<lob::ChecksumSink>::Loc>, std::__1::equal_to<unsigned long>, std::__1::hash<unsigned long>, true>, std::__1::allocator<std::__1::pair<unsigned long const, lob::v0::Book<lob::ChecksumSink>::Loc> > >::__erase_unique<unsigned long>(unsigned long const&)
0 290021 3 3 55969 32813 0 0 0 0
106 55969 0 0 55969 37053 0 0 0 0
162 710197 1 1 0 0 0 0 0 0
600 33436 0 0 33436 0 0 0 0 0
1812 133744 0 0 33436 0 0 0 0 0
1815 33436 0 0 33436 28559 0 0 0 0
1816 66872 0 0 0 0 0 0 0 0
1817 22533 0 0 0 0 0 0 0 0
1818 246409 0 0 0 0 0 0 0 0
1820 33436 0 0 0 0 0 0 0 0
1895 100308 0 0 0 0 0 33436 0 0
1913 33436 0 0 0 0 0 0 0 0
1919 66872 0 0 33436 0 0 0 0 0
fn=void lob::v0::Book<lob::ChecksumSink>::rest<std::__1::map<long, lob::v0::Book<lob::ChecksumSink>::Level, std::__1::greater<void>, std::__1::allocator<std::__1::pair<long const, lob::v0::Book<lob::ChecksumSink>::Level> > > >(std::__1::map<long, lob::v0::Book<lob::ChecksumSink>::Level, std::__1::greater<void>, std::__1::allocator<std::__1::pair<long const, lob::v0::Book<lob::ChecksumSink>::Level> > >&, unsigned long, lob::Side, long, unsigned int)
829 504214 0 0 0 0 0 252107 0 0
fn=void lob::v0::Book<lob::ChecksumSink>::rest<std::__1::map<long, lob::v0::Book<lob::ChecksumSink>::Level, std::__1::less<void>, std::__1::allocator<std::__1::pair<long const, lob::v0::Book<lob::ChecksumSink>::Level> > > >(std::__1::map<long, lob::v0::Book<lob::ChecksumSink>::Level, std::__1::less<void>, std::__1::allocator<std::__1::pair<long const, lob::v0::Book<lob::ChecksumSink>::Level> > >&, unsigned long, lob::Side, long, unsigned int)
829 503698 1 1 0 0 0 251849 0 0
fn=void std::__1::__hash_table<std::__1::__hash_value_type<unsigned long, lob::v0::Book<lob::ChecksumSink>::Loc>, std::__1::__unordered_map_hasher<unsigned long, std::__1::pair<unsigned long const, lob::v0::Book<lob::ChecksumSink>::Loc>, std::__1::hash<unsigned long>, std::__1::equal_to<unsigned long>, true>, std::__1::__unordered_map_equal<unsigned long, std::__1::pair<unsigned long const, lob::v0::Book<lob::ChecksumSink>::Loc>, std::__1::equal_to<unsigned long>, std::__1::hash<unsigned long>, true>, std::__1::allocator<std::__1::pair<unsigned long const, lob::v0::Book<lob::ChecksumSink>::Loc> > >::__do_rehash<true>(unsigned long)
0 51301 0 0 0 0 0 0 0 0
106 25650 0 0 25650 24684 0 0 0 0
162 51326 1 1 0 0 0 0 0 0
605 13 0 0 13 0 0 0 0 0
1767 84 1 1 0 0 0 70 0 0
1769 29 1 1 0 0 0 0 0 0
1770 14 0 0 0 0 0 14 0 0
1773 56 1 1 0 0 0 14 0 0
1775 14 0 0 14 3 0 0 0 0
1776 28 0 0 0 0 0 0 0 0
1778 13 0 0 0 0 0 13 0 0
1780 76963 1 1 25650 0 0 0 0 0
1782 51274 0 0 0 0 0 0 0 0
1785 51274 0 0 25637 6308 0 0 0 0
1786 25637 0 0 0 0 0 25637 0 0
1789 25637 0 0 0 0 0 0 0 0
1805 84 1 1 70 10 0 0 0 0
fl=/usr/include/c++/v1/__iterator/wrap_iter.h
fn=(anonymous namespace)::cmd_replay((anonymous namespace)::Args const&)
125 3000002 0 0 0 0 0 0 0 0
fl=/usr/include/c++/v1/__math/rounding_functions.h
fn=std::__1::pair<std::__1::__hash_iterator<std::__1::__hash_node<std::__1::__hash_value_type<unsigned long, lob::v0::Book<lob::ChecksumSink>::Loc>, void*>*>, bool> std::__1::__hash_table<std::__1::__hash_value_type<unsigned long, lob::v0::Book<lob::ChecksumSink>::Loc>, std::__1::__unordered_map_hasher<unsigned long, std::__1::pair<unsigned long const, lob::v0::Book<lob::ChecksumSink>::Loc>, std::__1::hash<unsigned long>, std::__1::equal_to<unsigned long>, true>, std::__1::__unordered_map_equal<unsigned long, std::__1::pair<unsigned long const, lob::v0::Book<lob::ChecksumSink>::Loc>, std::__1::equal_to<unsigned long>, std::__1::hash<unsigned long>, true>, std::__1::allocator<std::__1::pair<unsigned long const, lob::v0::Book<lob::ChecksumSink>::Loc> > >::__emplace_unique_key_args<unsigned long, unsigned long&, lob::v0::Book<lob::ChecksumSink>::Loc>(unsigned long const&, unsigned long&, lob::v0::Book<lob::ChecksumSink>::Loc&&)
29 14 0 0 0 0 0 0 0 0
fl=/usr/include/c++/v1/__memory/allocator.h
fn=void std::__1::__hash_table<std::__1::__hash_value_type<unsigned long, lob::v0::Book<lob::ChecksumSink>::Loc>, std::__1::__unordered_map_hasher<unsigned long, std::__1::pair<unsigned long const, lob::v0::Book<lob::ChecksumSink>::Loc>, std::__1::hash<unsigned long>, std::__1::equal_to<unsigned long>, true>, std::__1::__unordered_map_equal<unsigned long, std::__1::pair<unsigned long const, lob::v0::Book<lob::ChecksumSink>::Loc>, std::__1::equal_to<unsigned long>, std::__1::hash<unsigned long>, true>, std::__1::allocator<std::__1::pair<unsigned long const, lob::v0::Book<lob::ChecksumSink>::Loc> > >::__do_rehash<true>(unsigned long)
100 42 0 0 0 0 0 0 0 0
fl=/usr/include/c++/v1/__memory/compressed_pair.h
fn=std::__1::__hash_table<std::__1::__hash_value_type<unsigned long, lob::v0::Book<lob::ChecksumSink>::Loc>, std::__1::__unordered_map_hasher<unsigned long, std::__1::pair<unsigned long const, lob::v0::Book<lob::ChecksumSink>::Loc>, std::__1::hash<unsigned long>, std::__1::equal_to<unsigned long>, true>, std::__1::__unordered_map_equal<unsigned long, std::__1::pair<unsigned long const, lob::v0::Book<lob::ChecksumSink>::Loc>, std::__1::equal_to<unsigned long>, std::__1::hash<unsigned long>, true>, std::__1::allocator<std::__1::pair<unsigned long const, lob::v0::Book<lob::ChecksumSink>::Loc> > >::remove(std::__1::__hash_const_iterator<std::__1::__hash_node<std::__1::__hash_value_type<unsigned long, lob::v0::Book<lob::ChecksumSink>::Loc>, void*>*>)
77 972782 1 1 0 0 0 972782 0 0
fl=/usr/include/c++/v1/__memory/construct_at.h
fn=void lob::v0::Book<lob::ChecksumSink>::rest<std::__1::map<long, lob::v0::Book<lob::ChecksumSink>::Level, std::__1::greater<void>, std::__1::allocator<std::__1::pair<long const, lob::v0::Book<lob::ChecksumSink>::Level> > > >(std::__1::map<long, lob::v0::Book<lob::ChecksumSink>::Level, std::__1::greater<void>, std::__1::allocator<std::__1::pair<long const, lob::v0::Book<lob::ChecksumSink>::Level> > >&, unsigned long, lob::Side, long, unsigned int)
38 504214 1 1 0 0 0 504214 483 2
fn=void lob::v0::Book<lob::ChecksumSink>::rest<std::__1::map<long, lob::v0::Book<lob::ChecksumSink>::Level, std::__1::less<void>, std::__1::allocator<std::__1::pair<long const, lob::v0::Book<lob::ChecksumSink>::Level> > > >(std::__1::map<long, lob::v0::Book<lob::ChecksumSink>::Level, std::__1::less<void>, std::__1::allocator<std::__1::pair<long const, lob::v0::Book<lob::ChecksumSink>::Level> > >&, unsigned long, lob::Side, long, unsigned int)
38 503698 0 0 0 0 0 503698 461 0
fl=/usr/include/c++/v1/__memory/unique_ptr.h
fn=lob::v0::Book<lob::ChecksumSink>::cancel(unsigned long)
287 430515 0 0 430515 0 0 0 0 0
288 430515 0 0 0 0 0 430515 0 0
289 861030 0 0 0 0 0 0 0 0
583 430515 1 1 430515 0 0 0 0 0
fn=lob::v0::Book<lob::ChecksumSink>::modify(unsigned long, long, unsigned int)
287 22440 0 0 22440 0 0 0 0 0
288 22440 0 0 0 0 0 22440 0 0
289 44880 0 0 0 0 0 0 0 0
583 56518 0 0 56518 0 0 0 0 0
fn=lob::v0::Book<lob::ChecksumSink>::push(unsigned long, lob::Side, long, unsigned int)
583 512966 0 0 512966 0 0 0 0 0
fn=std::__1::__hash_table<std::__1::__hash_value_type<unsigned long, lob::v0::Book<lob::ChecksumSink>::Loc>, std::__1::__unordered_map_hasher<unsigned long, std::__1::pair<unsigned long const, lob::v0::Book<lob::ChecksumSink>::Loc>, std::__1::hash<unsigned long>, std::__1::equal_to<unsigned long>, true>, std::__1::__unordered_map_equal<unsigned long, std::__1::pair<unsigned long const, lob::v0::Book<lob::ChecksumSink>::Loc>, std::__1::equal_to<unsigned long>, std::__1::hash<unsigned long>, true>, std::__1::allocator<std::__1::pair<unsigned long const, lob::v0::Book<lob::ChecksumSink>::Loc> > >::remove(std::__1::__hash_const_iterator<std::__1::__hash_node<std::__1::__hash_value_type<unsigned long, lob::v0::Book<lob::ChecksumSink>::Loc>, void*>*>)
203 486391 0 0 0 0 0 486391 0 0
204 972782 0 0 0 0 0 972782 0 0
583 486391 0 0 486391 0 0 0 0 0
fn=std::__1::pair<std::__1::__hash_iterator<std::__1::__hash_node<std::__1::__hash_value_type<unsigned long, lob::v0::Book<lob::ChecksumSink>::Loc>, void*>*>, bool> std::__1::__hash_table<std::__1::__hash_value_type<unsigned long, lob::v0::Book<lob::ChecksumSink>::Loc>, std::__1::__unordered_map_hasher<unsigned long, std::__1::pair<unsigned long const, lob::v0::Book<lob::ChecksumSink>::Loc>, std::__1::hash<unsigned long>, std::__1::equal_to<unsigned long>, true>, std::__1::__unordered_map_equal<unsigned long, std::__1::pair<unsigned long const, lob::v0::Book<lob::ChecksumSink>::Loc>, std::__1::equal_to<unsigned long>, std::__1::hash<unsigned long>, true>, std::__1::allocator<std::__1::pair<unsigned long const, lob::v0::Book<lob::ChecksumSink>::Loc> > >::__emplace_unique_key_args<unsigned long, unsigned long&, lob::v0::Book<lob::ChecksumSink>::Loc>(unsigned long const&, unsigned long&, lob::v0::Book<lob::ChecksumSink>::Loc&&)
583 1007911 0 0 1007911 5 0 0 0 0
fn=unsigned long std::__1::__hash_table<std::__1::__hash_value_type<unsigned long, lob::v0::Book<lob::ChecksumSink>::Loc>, std::__1::__unordered_map_hasher<unsigned long, std::__1::pair<unsigned long const, lob::v0::Book<lob::ChecksumSink>::Loc>, std::__1::hash<unsigned long>, std::__1::equal_to<unsigned long>, true>, std::__1::__unordered_map_equal<unsigned long, std::__1::pair<unsigned long const, lob::v0::Book<lob::ChecksumSink>::Loc>, std::__1::equal_to<unsigned long>, std::__1::hash<unsigned long>, true>, std::__1::allocator<std::__1::pair<unsigned long const, lob::v0::Book<lob::ChecksumSink>::Loc> > >::__erase_unique<unsigned long>(unsigned long const&)
287 33436 0 0 33436 0 0 0 0 0
288 33436 0 0 0 0 0 33436 0 0
289 66872 0 0 0 0 0 0 0 0
583 33436 0 0 33436 0 0 0 0 0
fn=void std::__1::__hash_table<std::__1::__hash_value_type<unsigned long, lob::v0::Book<lob::ChecksumSink>::Loc>, std::__1::__unordered_map_hasher<unsigned long, std::__1::pair<unsigned long const, lob::v0::Book<lob::ChecksumSink>::Loc>, std::__1::hash<unsigned long>, std::__1::equal_to<unsigned long>, true>, std::__1::__unordered_map_equal<unsigned long, std::__1::pair<unsigned long const, lob::v0::Book<lob::ChecksumSink>::Loc>, std::__1::equal_to<unsigned long>, std::__1::hash<unsigned long>, true>, std::__1::allocator<std::__1::pair<unsigned long const, lob::v0::Book<lob::ChecksumSink>::Loc> > >::__do_rehash<true>(unsigned long)
606 14 0 0 14 0 0 0 0 0
607 14 0 0 0 0 0 14 0 0
609 28 0 0 0 0 0 0 0 0
fl=/usr/include/c++/v1/__new/allocate.h
fn=auto lob::v0::Book<lob::ChecksumSink>::erase(std::__1::__hash_map_iterator<std::__1::__hash_iterator<std::__1::__hash_node<std::__1::__hash_value_type<unsigned long, lob::v0::Book<lob::ChecksumSink>::Loc>, void*>*> >)::{lambda(auto:1&)#1}::operator()<std::__1::map<long, lob::v0::Book<lob::ChecksumSink>::Level, std::__1::greater<void>, std::__1::allocator<std::__1::pair<long const, lob::v0::Book<lob::ChecksumSink>::Level> > > >(std::__1::map<long, lob::v0::Book<lob::ChecksumSink>::Level, std::__1::greater<void>, std::__1::allocator<std::__1::pair<long const, lob::v0::Book<lob::ChecksumSink>::Level> > >&) const
63 453602 2 2 198 0 0 226603 0 0
fn=auto lob::v0::Book<lob::ChecksumSink>::erase(std::__1::__hash_map_iterator<std::__1::__hash_iterator<std::__1::__hash_node<std::__1::__hash_value_type<unsigned long, lob::v0::Book<lob::ChecksumSink>::Loc>, void*>*> >)::{lambda(auto:1&)#1}::operator()<std::__1::map<long, lob::v0::Book<lob::ChecksumSink>::Level, std::__1::less<void>, std::__1::allocator<std::__1::pair<long const, lob::v0::Book<lob::ChecksumSink>::Level> > > >(std::__1::map<long, lob::v0::Book<lob::ChecksumSink>::Level, std::__1::less<void>, std::__1::allocator<std::__1::pair<long const, lob::v0::Book<lob::ChecksumSink>::Level> > >&) const
63 453052 2 2 174 0 0 226352 0 0
fn=lob::v0::Book<lob::ChecksumSink>::cancel(unsigned long)
63 861030 0 0 0 0 0 430515 0 0
fn=lob::v0::Book<lob::ChecksumSink>::modify(unsigned long, long, unsigned int)
0 22440 0 0 22440 0 0 0 0 0
63 44880 0 0 0 0 0 22440 0 0
fn=std::__1::pair<std::__1::__hash_iterator<std::__1::__hash_node<std::__1::__hash_value_type<unsigned long, lob::v0::Book<lob::ChecksumSink>::Loc>, void*>*>, bool> std::__1::__hash_table<std::__1::__hash_value_type<unsigned long, lob::v0::Book<lob::ChecksumSink>::Loc>, std::__1::__unordered_map_hasher<unsigned long, std::__1::pair<unsigned long const, lob::v0::Book<lob::ChecksumSink>::Loc>, std::__1::hash<unsigned long>, std::__1::equal_to<unsigned long>, true>, std::__1::__unordered_map_equal<unsigned long, std::__1::pair<unsigned long const, lob::v0::Book<lob::ChecksumSink>::Loc>, std::__1::equal_to<unsigned long>, std::__1::hash<unsigned long>, true>, std::__1::allocator<std::__1::pair<unsigned long const, lob::v0::Book<lob::ChecksumSink>::Loc> > >::__emplace_unique_key_args<unsigned long, unsigned long&, lob::v0::Book<lob::ChecksumSink>::Loc>(unsigned long const&, unsigned long&, lob::v0::Book<lob::ChecksumSink>::Loc&&)
43 1511868 1 1 0 0 0 503956 0 0
fn=unsigned int lob::v0::Book<lob::ChecksumSink>::match<std::__1::map<long, lob::v0::Book<lob::ChecksumSink>::Level, std::__1::greater<void>, std::__1::allocator<std::__1::pair<long const, lob::v0::Book<lob::ChecksumSink>::Level> > >, lob::v0::Book<lob::ChecksumSink>::add(unsigned long, lob::Side, long, unsigned int)::{lambda(long)#2}>(std::__1::map<long, lob::v0::Book<lob::ChecksumSink>::Level, std::__1::greater<void>, std::__1::allocator<std::__1::pair<long const, lob::v0::Book<lob::ChecksumSink>::Level> > >&, unsigned long, unsigned int, lob::v0::Book<lob::ChecksumSink>::add(unsigned long, lob::Side, long, unsigned int)::{lambda(long)#2})
0 299665 2 2 267434 0 0 0 0 0
63 33292 0 0 0 0 0 16646 0 0
fn=unsigned int lob::v0::Book<lob::ChecksumSink>::match<std::__1::map<long, lob::v0::Book<lob::ChecksumSink>::Level, std::__1::less<void>, std::__1::allocator<std::__1::pair<long const, lob::v0::Book<lob::ChecksumSink>::Level> > >, lob::v0::Book<lob::ChecksumSink>::add(unsigned long, lob::Side, long, unsigned int)::{lambda(long)#1}>(std::__1::map<long, lob::v0::Book<lob::ChecksumSink>::Level, std::__1::less<void>, std::__1::allocator<std::__1::pair<long const, lob::v0::Book<lob::ChecksumSink>::Level> > >&, unsigned long, unsigned int, lob::v0::Book<lob::ChecksumSink>::add(unsigned long, lob::Side, long, unsigned int)::{lambda(long)#1})
0 300629 2 2 267973 0 0 0 0 0
63 33580 0 0 0 0 0 16790 0 0
fn=unsigned long std::__1::__hash_table<std::__1::__hash_value_type<unsigned long, lob::v0::Book<lob::ChecksumSink>::Loc>, std::__1::__unordered_map_hasher<unsigned long, std::__1::pair<unsigned long const, lob::v0::Book<lob::ChecksumSink>::Loc>, std::__1::hash<unsigned long>, std::__1::equal_to<unsigned long>, true>, std::__1::__unordered_map_equal<unsigned long, std::__1::pair<unsigned long const, lob::v0::Book<lob::ChecksumSink>::Loc>, std::__1::equal_to<unsigned long>, std::__1::hash<unsigned long>, true>, std::__1::allocator<std::__1::pair<unsigned long const, lob::v0::Book<lob::ChecksumSink>::Loc> > >::__erase_unique<unsigned long>(unsigned long const&)
0 66872 0 0 0 0 0 0 0 0
63 66872 0 0 0 0 0 33436 0 0
fn=void lob::v0::Book<lob::ChecksumSink>::rest<std::__1::map<long, lob::v0::Book<lob::ChecksumSink>::Level, std::__1::greater<void>, std::__1::allocator<std::__1::pair<long const, lob::v0::Book<lob::ChecksumSink>::Level> > > >(std::__1::map<long, lob::v0::Book<lob::ChecksumSink>::Level, std::__1::greater<void>, std::__1::allocator<std::__1::pair<long const, lob::v0::Book<lob::ChecksumSink>::Level> > >&, unsigned long, lob::Side, long, unsigned int)
43 504469 0 0 0 0 0 252192 0 0
fn=void lob::v0::Book<lob::ChecksumSink>::rest<std::__1::map<long, lob::v0::Book<lob::ChecksumSink>::Level, std::__1::less<void>, std::__1::allocator<std::__1::pair<long const, lob::v0::Book<lob::ChecksumSink>::Level> > > >(std::__1::map<long, lob::v0::Book<lob::ChecksumSink>::Level, std::__1::less<void>, std::__1::allocator<std::__1::pair<long const, lob::v0::Book<lob::ChecksumSink>::Level> > >&, unsigned long, lob::Side, long, unsigned int)
43 503926 0 0 0 0 0 251925 0 0
fn=void std::__1::__hash_table<std::__1::__hash_value_type<unsigned long, lob::v0::Book<lob::ChecksumSink>::Loc>, std::__1::__unordered_map_hasher<unsigned long, std::__1::pair<unsigned long const, lob::v0::Book<lob::ChecksumSink>::Loc>, std::__1::hash<unsigned long>, std::__1::equal_to<unsigned long>, true>, std::__1::__unordered_map_equal<unsigned long, std::__1::pair<unsigned long const, lob::v0::Book<lob::ChecksumSink>::Loc>, std::__1::equal_to<unsigned long>, std::__1::hash<unsigned long>, true>, std::__1::allocator<std::__1::pair<unsigned long const, lob::v0::Book<lob::ChecksumSink>::Loc> > >::__do_rehash<true>(unsigned long)
0 26 0 0 13 0 0 0 0 0
37 14 0 0 0 0 0 0 0 0
43 28 0 0 0 0 0 14 0 0
57 13 0 0 0 0 0 0 0 0
63 13 0 0 0 0 0 13 0 0
fl=/usr/include/c++/v1/__tree
fn=auto lob::v0::Book<lob::ChecksumSink>::erase(std::__1::__hash_map_iterator<std::__1::__hash_iterator<std::__1::__hash_node<std::__1::__hash_value_type<unsigned long, lob::v0::Book<lob::ChecksumSink>::Loc>, void*>*> >)::{lambda(auto:1&)#1}::operator()<std::__1::map<long, lob::v0::Book<lob::ChecksumSink>::Level, std::__1::greater<void>, std::__1::allocator<std::__1::pair<long const, lob::v0::Book<lob::ChecksumSink>::Level> > > >(std::__1::map<long, lob::v0::Book<lob::ChecksumSink>::Level, std::__1::greater<void>, std::__1::allocator<std::__1::pair<long const, lob::v0::Book<lob::ChecksumSink>::Level> > >&) const
0 1707958 0 0 1254518 5766 1 0 0 0
105 268 0 0 268 0 0 0 0 0
163 126 0 0 34 32 0 0 0 0
191 198 0 0 66 0 0 0 0 0
193 134 0 0 0 0 0 0 0 0
680 226603 0 0 0 0 0 0 0 0
862 226603 0 0 0 0 0 0 0 0
884 226603 0 0 226603 0 0 0 0 0
1824 132 1 1 66 0 0 0 0 0
1826 66 0 0 66 0 0 0 0 0
1827 198 0 0 66 0 0 66 0 0
1994 453206 1 1 0 0 0 0 0 0
2049 2509036 0 0 0 0 0 0 0 0
2050 1027915 0 0 0 0 0 0 0 0
fn=auto lob::v0::Book<lob::ChecksumSink>::erase(std::__1::__hash_map_iterator<std::__1::__hash_iterator<std::__1::__hash_node<std::__1::__hash_value_type<unsigned long, lob::v0::Book<lob::ChecksumSink>::Loc>, void*>*> >)::{lambda(auto:1&)#1}::operator()<std::__1::map<long, lob::v0::Book<lob::ChecksumSink>::Level, std::__1::less<void>, std::__1::allocator<std::__1::pair<long const, lob::v0::Book<lob::ChecksumSink>::Level> > > >(std::__1::map<long, lob::v0::Book<lob::ChecksumSink>::Level, std::__1::less<void>, std::__1::allocator<std::__1::pair<long const, lob::v0::Book<lob::ChecksumSink>::Level> > >&) const
0 1617668 0 0 1164734 6749 0 0 0 0
105 304 0 0 304 0 0 0 0 0
163 76 0 0 20 17 0 0 0 0
191 174 0 0 58 0 0 0 0 0
193 152 0 0 0 0 0 0 0 0
680 226352 0 0 0 0 0 0 0 0
862 226352 0 0 0 0 0 0 0 0
884 226352 0 0 226352 0 0 0 0 0
1824 116 1 1 58 0 0 0 0 0
1826 58 0 0 58 0 0 0 0 0
1827 174 0 0 58 0 0 58 0 0
1994 452704 1 1 0 0 0 0 0 0
2049 2329468 0 0 0 0 0 0 0 0
2050 938382 0 0 0 0 0 0 0 0
fn=lob::v0::Book<lob::ChecksumSink>::modify(unsigned long, long, unsigned int)
0 181579 0 0 147501 974 0 0 0 0
680 34078 0 0 0 0 0 0 0 0
862 34078 0 0 0 0 0 0 0 0
884 34078 0 0 34078 0 0 0 0 0
1994 84973 0 0 0 0 0 0 0 0
2049 363158 0 0 0 0 0 0 0 0
2050 147501 0 0 0 0 0 0 0 0
fn=unsigned int lob::v0::Book<lob::ChecksumSink>::match<std::__1::map<long, lob::v0::Book<lob::ChecksumSink>::Level, std::__1::greater<void>, std::__1::allocator<std::__1::pair<long const, lob::v0::Book<lob::ChecksumSink>::Level> > >, lob::v0::Book<lob::ChecksumSink>::add(unsigned long, lob::Side, long, unsigned int)::{lambda(long)#2}>(std::__1::map<long, lob::v0::Book<lob::ChecksumSink>::Level, std::__1::greater<void>, std::__1::allocator<std::__1::pair<long const, lob::v0::Book<lob::ChecksumSink>::Level> > >&, unsigned long, unsigned int, lob::v0::Book<lob::ChecksumSink>::add(unsigned long, lob::Side, long, unsigned int)::{lambda(long)#2})
0 267434 0 0 267434 0 0 0 0 0
915 267434 0 0 267434 0 0 0 0 0
fn=unsigned int lob::v0::Book<lob::ChecksumSink>::match<std::__1::map<long, lob::v0::Book<lob::ChecksumSink>::Level, std::__1::less<void>, std::__1::allocator<std::__1::pair<long const, lob::v0::Book<lob::ChecksumSink>::Level> > >, lob::v0::Book<lob::ChecksumSink>::add(unsigned long, lob::Side, long, unsigned int)::{lambda(long)#1}>(std::__1::map<long, lob::v0::Book<lob::ChecksumSink>::Level, std::__1::less<void>, std::__1::allocator<std::__1::pair<long const, lob::v0::Book<lob::ChecksumSink>::Level> > >&, unsigned long, unsigned int, lob::v0::Book<lob::ChecksumSink>::add(unsigned long, lob::Side, long, unsigned int)::{lambda(long)#1})
0 267972 0 0 267972 0 0 0 0 0
915 267972 0 0 267972 0 0 0 0 0
fn=void lob::v0::Book<lob::ChecksumSink>::rest<std::__1::map<long, lob::v0::Book<lob::ChecksumSink>::Level, std::__1::greater<void>, std::__1::allocator<std::__1::pair<long const, lob::v0::Book<lob::ChecksumSink>::Level> > > >(std::__1::map<long, lob::v0::Book<lob::ChecksumSink>::Level, std::__1::greater<void>, std::__1::allocator<std::__1::pair<long const, lob::v0::Book<lob::ChecksumSink>::Level> > >&, unsigned long, lob::Side, long, unsigned int)
0 1001085 1 1 85 0 0 85 0 0
884 252107 0 0 252107 0 0 0 0 0
1591 504215 0 0 0 0 0 0 0 0
1593 1000608 0 0 0 0 0 0 0 0
1594 2679556 0 0 669889 792 0 0 0 0
1601 330719 0 0 0 0 0 0 0 0
1602 236091 0 0 78697 138 0 0 0 0
1673 85 0 0 0 0 0 85 0 0
1674 85 1 1 0 0 0 85 0 0
1676 85 0 0 0 0 0 85 0 0
1677 340 0 0 170 3 0 0 0 0
1678 5 0 0 0 0 0 5 0 0
1679 255 0 0 85 0 0 85 0 0
1680 85 0 0 85 0 0 0 0 0
fn=void lob::v0::Book<lob::ChecksumSink>::rest<std::__1::map<long, lob::v0::Book<lob::ChecksumSink>::Level, std::__1::less<void>, std::__1::allocator<std::__1::pair<long const, lob::v0::Book<lob::ChecksumSink>::Level> > > >(std::__1::map<long, lob::v0::Book<lob::ChecksumSink>::Level, std::__1::less<void>, std::__1::allocator<std::__1::pair<long const, lob::v0::Book<lob::ChecksumSink>::Level> > >&, unsigned long, lob::Side, long, unsigned int)
0 905348 1 1 76 0 0 76 0 0
884 251849 0 0 251849 0 0 0 0 0
1591 503699 0 0 0 0 0 0 0 0
1593 904917 0 0 0 0 0 0 0 0
1594 2294760 0 0 573690 757 0 0 0 0
1601 331227 0 0 0 0 0 0 0 0
1602 238362 0 0 79454 221 0 0 0 0
1673 76 0 0 0 0 0 76 0 0
1674 76 0 0 0 0 0 76 0 0
1676 76 0 0 0 0 0 76 0 0
1677 304 0 0 152 0 0 0 0 0
1678 2 0 0 0 0 0 2 0 0
1679 228 1 1 76 0 0 76 0 0
1680 76 0 0 76 0 0 0 0 0
fn=void std::__1::__tree_balance_after_insert[abi:ne210105]<std::__1::__tree_node_base<void*>*>(std::__1::__tree_node_base<void*>*, std::__1::__tree_node_base<void*>*)
0 66 0 0 0 0 0 0 0 0
105 389 1 1 271 0 0 0 0 0
235 39 0 0 39 0 0 0 0 0
236 78 0 0 39 0 0 39 0 0
237 78 0 0 0 0 0 0 0 0
239 73 0 0 34 0 0 39 0 0
240 34 1 1 0 0 0 0 0 0
241 16 0 0 0 0 0 16 0 0
243 23 0 0 0 0 0 23 0 0
244 39 0 0 0 0 0 39 0 0
254 5 0 0 5 0 0 0 0 0
255 48 1 1 24 0 0 24 0 0
256 48 0 0 0 0 0 0 0 0
258 35 0 0 11 0 0 24 0 0
259 24 0 0 0 0 0 0 0 0
260 3 0 0 0 0 0 3 0 0
262 34 0 0 0 0 0 21 0 0
263 24 1 1 0 0 0 24 0 0
278 322 1 1 0 0 0 161 0 0
279 627 1 1 194 0 0 0 0 0
281 84 0 0 0 0 0 0 0 0
282 25 0 0 25 0 0 0 0 0
283 80 0 0 15 8 0 0 0 0
285 14 0 0 0 0 0 14 0 0
287 28 0 0 0 0 0 14 0 0
288 28 0 0 0 0 0 14 0 0
290 17 0 0 0 0 0 0 0 0
295 11 1 1 0 0 0 11 0 0
297 11 0 0 0 0 0 11 0 0
303 186 0 0 34 20 0 0 0 0
305 25 0 0 0 0 0 25 0 0
307 50 0 0 0 0 0 25 0 0
308 50 0 0 0 0 0 25 0 0
310 55 0 0 0 0 0 0 0 0
315 34 0 0 0 0 0 34 0 0
317 34 0 0 0 0 0 34 0 0
323 161 0 0 161 0 0 0 0 0
569 212 0 0 212 0 0 0 0 0
571 73 0 0 0 0 0 73 6 0
fn=void std::__1::__tree_remove[abi:ne210105]<std::__1::__tree_node_base<void*>*>(std::__1::__tree_node_base<void*>*, std::__1::__tree_node_base<void*>*)
0 297 1 1 45 0 0 39 0 0
105 736 1 1 374 41 0 0 0 0
163 123 0 0 41 0 0 0 0 0
235 7 0 0 7 0 0 0 0 0
236 32 0 0 16 2 0 16 0 0
237 32 0 0 0 0 0 0 0 0
239 32 0 0 16 0 0 16 0 0
240 16 0 0 0 0 0 0 0 0
241 10 0 0 0 0 0 10 0 0
243 7 0 0 0 0 0 6 0 0
244 16 0 0 0 0 0 16 0 0
254 15 0 0 15 0 0 0 0 0
255 44 0 0 22 1 0 22 0 0
256 44 0 0 0 0 0 0 0 0
258 44 1 1 22 0 0 22 0 0
259 22 0 0 0 0 0 0 0 0
260 2 0 0 0 0 0 2 0 0
262 27 0 0 0 0 0 20 0 0
263 22 1 1 0 0 0 22 0 0
339 664 1 1 166 0 0 0 0 0
341 109 0 0 109 0 0 0 0 0
345 218 1 1 0 0 0 0 0 0
346 87 0 0 29 0 0 29 3 0
347 124 0 0 0 0 0 0 0 0
348 40 0 0 0 0 0 40 0 0
349 80 0 0 0 0 0 0 0 0
350 40 0 0 40 0 0 0 0 0
354 84 0 0 0 0 0 84 0 0
358 124 0 0 124 0 0 0 0 0
361 275 0 0 0 0 0 0 0 0
363 54 1 1 27 0 0 27 0 0
364 27 0 0 0 0 0 0 0 0
367 54 0 0 0 0 0 27 0 0
368 54 0 0 27 0 0 27 0 0
370 54 0 0 27 0 0 27 0 0
371 54 0 0 0 0 0 0 0 0
373 54 0 0 27 0 0 27 0 0
374 54 0 0 0 0 0 0 0 0
379 372 0 0 0 0 0 0 0 0
392 136 0 0 0 0 0 0 0 0
393 29 0 0 0 0 0 29 0 0
401 42 0 0 0 0 0 0 0 0
403 24 0 0 0 0 0 0 0 0
404 1 0 0 0 0 0 1 0 0
405 1 0 0 0 0 0 1 0 0
409 3 0 0 1 0 0 0 0 0
412 1 0 0 1 0 0 0 0 0
415 48 1 1 18 7 0 0 0 0
416 27 0 0 9 0 0 0 0 0
417 6 0 0 0 0 0 6 0 0
420 29 0 0 6 0 0 0 0 0
429 18 1 1 6 0 0 0 0 0
431 3 0 0 0 0 0 3 0 0
432 3 0 0 0 0 0 3 0 0
439 12 0 0 6 0 0 6 0 0
440 6 0 0 0 0 0 6 0 0
441 6 0 0 0 0 0 6 0 0
446 60 1 1 0 0 0 0 0 0
447 4 0 0 0 0 0 4 0 0
448 4 0 0 0 0 0 4 0 0
452 12 0 0 4 0 0 0 0 0
455 4 0 0 4 0 0 0 0 0
458 139 2 2 50 19 0 0 0 0
459 72 0 0 24 0 0 0 0 0
460 15 0 0 0 0 0 15 0 0
463 34 0 0 15 0 0 0 0 0
472 17 0 0 1 0 0 0 0 0
474 10 0 0 1 0 0 9 0 0
475 9 0 0 0 0 0 9 0 0
482 30 0 0 15 0 0 15 0 0
483 15 0 0 0 0 0 15 0 0
484 15 0 0 0 0 0 15 0 0
492 124 0 0 124 0 0 0 0 0
569 42 0 0 42 0 0 0 0 0
571 67 2 2 0 0 0 67 7 0
fl=/usr/include/c++/v1/__utility/pair.h
fn=std::__1::pair<std::__1::__hash_iterator<std::__1::__hash_node<std::__1::__hash_value_type<unsigned long, lob::v0::Book<lob::ChecksumSink>::Loc>, void*>*>, bool> std::__1::__hash_table<std::__1::__hash_value_type<unsigned long, lob::v0::Book<lob::ChecksumSink>::Loc>, std::__1::__unordered_map_hasher<unsigned long, std::__1::pair<unsigned long const, lob::v0::Book<lob::ChecksumSink>::Loc>, std::__1::hash<unsigned long>, std::__1::equal_to<unsigned long>, true>, std::__1::__unordered_map_equal<unsigned long, std::__1::pair<unsigned long const, lob::v0::Book<lob::ChecksumSink>::Loc>, std::__1::equal_to<unsigned long>, std::__1::hash<unsigned long>, true>, std::__1::allocator<std::__1::pair<unsigned long const, lob::v0::Book<lob::ChecksumSink>::Loc> > >::__emplace_unique_key_args<unsigned long, unsigned long&, lob::v0::Book<lob::ChecksumSink>::Loc>(unsigned long const&, unsigned long&, lob::v0::Book<lob::ChecksumSink>::Loc&&)
0 503956 0 0 0 0 0 0 0 0
165 3023736 1 1 1511868 0 0 1511868 28790 2
fn=void lob::v0::Book<lob::ChecksumSink>::rest<std::__1::map<long, lob::v0::Book<lob::ChecksumSink>::Level, std::__1::greater<void>, std::__1::allocator<std::__1::pair<long const, lob::v0::Book<lob::ChecksumSink>::Level> > > >(std::__1::map<long, lob::v0::Book<lob::ChecksumSink>::Level, std::__1::greater<void>, std::__1::allocator<std::__1::pair<long const, lob::v0::Book<lob::ChecksumSink>::Level> > >&, unsigned long, lob::Side, long, unsigned int)
445 85 0 0 0 0 0 85 46 3
446 85 0 0 0 0 0 0 0 0
fn=void lob::v0::Book<lob::ChecksumSink>::rest<std::__1::map<long, lob::v0::Book<lob::ChecksumSink>::Level, std::__1::less<void>, std::__1::allocator<std::__1::pair<long const, lob::v0::Book<lob::ChecksumSink>::Level> > > >(std::__1::map<long, lob::v0::Book<lob::ChecksumSink>::Level, std::__1::less<void>, std::__1::allocator<std::__1::pair<long const, lob::v0::Book<lob::ChecksumSink>::Level> > >&, unsigned long, lob::Side, long, unsigned int)
445 76 1 1 0 0 0 76 46 8
446 76 0 0 0 0 0 0 0 0
fl=/usr/include/c++/v1/__vector/vector.h
fn=(anonymous namespace)::cmd_replay((anonymous namespace)::Args const&)
388 1 0 0 1 0 0 0 0 0
449 1 0 0 1 1 1 0 0 0
fl=/usr/include/c++/v1/list
fn=auto lob::v0::Book<lob::ChecksumSink>::erase(std::__1::__hash_map_iterator<std::__1::__hash_iterator<std::__1::__hash_node<std::__1::__hash_value_type<unsigned long, lob::v0::Book<lob::ChecksumSink>::Loc>, void*>*> >)::{lambda(auto:1&)#1}::operator()<std::__1::map<long, lob::v0::Book<lob::ChecksumSink>::Level, std::__1::greater<void>, std::__1::allocator<std::__1::pair<long const, lob::v0::Book<lob::ChecksumSink>::Level> > > >(std::__1::map<long, lob::v0::Book<lob::ChecksumSink>::Level, std::__1::greater<void>, std::__1::allocator<std::__1::pair<long const, lob::v0::Book<lob::ChecksumSink>::Level> > >&) const
388 226603 0 0 226603 0 0 0 0 0
539 226669 0 0 226669 0 0 0 0 0
616 453206 0 0 226603 55972 0 226603 222146 0
617 226603 0 0 0 0 0 226603 218090 0
647 66 0 0 0 0 0 0 0 0
1422 226603 0 0 226603 0 0 0 0 0
1424 453206 0 0 226603 2921 0 226603 0 0
fn=auto lob::v0::Book<lob::ChecksumSink>::erase(std::__1::__hash_map_iterator<std::__1::__hash_iterator<std::__1::__hash_node<std::__1::__hash_value_type<unsigned long, lob::v0::Book<lob::ChecksumSink>::Loc>, void*>*> >)::{lambda(auto:1&)#1}::operator()<std::__1::map<long, lob::v0::Book<lob::ChecksumSink>::Level, std::__1::less<void>, std::__1::allocator<std::__1::pair<long const, lob::v0::Book<lob::ChecksumSink>::Level> > > >(std::__1::map<long, lob::v0::Book<lob::ChecksumSink>::Level, std::__1::less<void>, std::__1::allocator<std::__1::pair<long const, lob::v0::Book<lob::ChecksumSink>::Level> > >&) const
388 226352 0 0 226352 0 0 0 0 0
539 226410 0 0 226410 0 0 0 0 0
616 452704 0 0 226352 55393 0 226352 222021 0
617 226352 0 0 0 0 0 226352 218018 0
647 58 0 0 0 0 0 0 0 0
1422 226352 0 0 226352 0 0 0 0 0
1424 452704 0 0 226352 3818 0 226352 0 0
fn=lob::v0::Book<lob::ChecksumSink>::cancel(unsigned long)
388 430515 0 0 430515 105709 1 0 0 0
fn=lob::v0::Book<lob::ChecksumSink>::modify(unsigned long, long, unsigned int)
388 56518 0 0 56518 0 0 0 0 0
fn=unsigned int lob::v0::Book<lob::ChecksumSink>::match<std::__1::map<long, lob::v0::Book<lob::ChecksumSink>::Level, std::__1::greater<void>, std::__1::allocator<std::__1::pair<long const, lob::v0::Book<lob::ChecksumSink>::Level> > >, lob::v0::Book<lob::ChecksumSink>::add(unsigned long, lob::Side, long, unsigned int)::{lambda(long)#2}>(std::__1::map<long, lob::v0::Book<lob::ChecksumSink>::Level, std::__1::greater<void>, std::__1::allocator<std::__1::pair<long const, lob::v0::Book<lob::ChecksumSink>::Level> > >&, unsigned long, unsigned int, lob::v0::Book<lob::ChecksumSink>::add(unsigned long, lob::Side, long, unsigned int)::{lambda(long)#2})
539 47626 0 0 47626 0 0 0 0 0
616 49938 0 0 33292 645 0 16646 0 0
617 16646 0 0 0 0 0 16646 15870 0
829 32041 0 0 32041 0 0 0 0 0
1403 16646 0 0 16646 0 0 0 0 0
1405 16646 0 0 16646 0 0 0 0 0
fn=unsigned int lob::v0::Book<lob::ChecksumSink>::match<std::__1::map<long, lob::v0::Book<lob::ChecksumSink>::Level, std::__1::less<void>, std::__1::allocator<std::__1::pair<long const, lob::v0::Book<lob::ChecksumSink>::Level> > >, lob::v0::Book<lob::ChecksumSink>::add(unsigned long, lob::Side, long, unsigned int)::{lambda(long)#1}>(std::__1::map<long, lob::v0::Book<lob::ChecksumSink>::Level, std::__1::less<void>, std::__1::allocator<std::__1::pair<long const, lob::v0::Book<lob::ChecksumSink>::Level> > >&, unsigned long, unsigned int, lob::v0::Book<lob::ChecksumSink>::add(unsigned long, lob::Side, long, unsigned int)::{lambda(long)#1})
539 48262 1 1 48262 0 0 0 0 0
616 50370 0 0 33580 705 0 16790 0 0
617 16790 0 0 0 0 0 16790 16005 0
829 32396 0 0 32396 0 0 0 0 0
1403 16790 0 0 16790 0 0 0 0 0
1405 16790 0 0 16790 0 0 0 0 0
fn=void lob::v0::Book<lob::ChecksumSink>::rest<std::__1::map<long, lob::v0::Book<lob::ChecksumSink>::Level, std::__1::greater<void>, std::__1::allocator<std::__1::pair<long const, lob::v0::Book<lob::ChecksumSink>::Level> > > >(std::__1::map<long, lob::v0::Book<lob::ChecksumSink>::Level, std::__1::greater<void>, std::__1::allocator<std::__1::pair<long const, lob::v0::Book<lob::ChecksumSink>::Level> > >&, unsigned long, lob::Side, long, unsigned int)
300 170 0 0 0 0 0 170 6 0
1046 252107 0 0 0 0 0 252107 0 0
1047 504214 0 0 252107 0 0 252107 0 0
1048 252107 0 0 0 0 0 252107 18586 0
1049 252107 0 0 0 0 0 252107 0 0
1335 1260535 0 0 756321 3173 1 252107 0 0
fn=void lob::v0::Book<lob::ChecksumSink>::rest<std::__1::map<long, lob::v0::Book<lob::ChecksumSink>::Level, std::__1::less<void>, std::__1::allocator<std::__1::pair<long const, lob::v0::Book<lob::ChecksumSink>::Level> > > >(std::__1::map<long, lob::v0::Book<lob::ChecksumSink>::Level, std::__1::less<void>, std::__1::allocator<std::__1::pair<long const, lob::v0::Book<lob::ChecksumSink>::Level> > >&, unsigned long, lob::Side, long, unsigned int)
300 152 0 0 0 0 0 152 11 0
1046 251849 0 0 0 0 0 251849 0 0
1047 503698 0 0 251849 0 0 251849 0 0
1048 251849 0 0 0 0 0 251849 18825 0
1049 251849 0 0 0 0 0 251849 0 0
1335 1259245 1 1 755547 3880 2 251849 0 0
fl=/usr/include/c++/v1/map
fn=unsigned int lob::v0::Book<lob::ChecksumSink>::match<std::__1::map<long, lob::v0::Book<lob::ChecksumSink>::Level, std::__1::greater<void>, std::__1::allocator<std::__1::pair<long const, lob::v0::Book<lob::ChecksumSink>::Level> > >, lob::v0::Book<lob::ChecksumSink>::add(unsigned long, lob::Side, long, unsigned int)::{lambda(long)#2}>(std::__1::map<long, lob::v0::Book<lob::ChecksumSink>::Level, std::__1::greater<void>, std::__1::allocator<std::__1::pair<long const, lob::v0::Book<lob::ChecksumSink>::Level> > >&, unsigned long, unsigned int, lob::v0::Book<lob::ChecksumSink>::add(unsigned long, lob::Side, long, unsigned int)::{lambda(long)#2})
1031 267434 0 0 267434 0 0 0 0 0
fn=unsigned int lob::v0::Book<lob::ChecksumSink>::match<std::__1::map<long, lob::v0::Book<lob::ChecksumSink>::Level, std::__1::less<void>, std::__1::allocator<std::__1::pair<long const, lob::v0::Book<lob::ChecksumSink>::Level> > >, lob::v0::Book<lob::ChecksumSink>::add(unsigned long, lob::Side, long, unsigned int)::{lambda(long)#1}>(std::__1::map<long, lob::v0::Book<lob::ChecksumSink>::Level, std::__1::less<void>, std::__1::allocator<std::__1::pair<long const, lob::v0::Book<lob::ChecksumSink>::Level> > >&, unsigned long, unsigned int, lob::v0::Book<lob::ChecksumSink>::add(unsigned long, lob::Side, long, unsigned int)::{lambda(long)#1})
1031 267973 0 0 267973 1 1 0 0 0
fn=void lob::v0::Book<lob::ChecksumSink>::rest<std::__1::map<long, lob::v0::Book<lob::ChecksumSink>::Level, std::__1::greater<void>, std::__1::allocator<std::__1::pair<long const, lob::v0::Book<lob::ChecksumSink>::Level> > > >(std::__1::map<long, lob::v0::Book<lob::ChecksumSink>::Level, std::__1::greater<void>, std::__1::allocator<std::__1::pair<long const, lob::v0::Book<lob::ChecksumSink>::Level> > >&, unsigned long, lob::Side, long, unsigned int)
1399 252107 0 0 0 0 0 0 0 0
fn=void lob::v0::Book<lob::ChecksumSink>::rest<std::__1::map<long, lob::v0::Book<lob::ChecksumSink>::Level, std::__1::less<void>, std::__1::allocator<std::__1::pair<long const, lob::v0::Book<lob::ChecksumSink>::Level> > > >(std::__1::map<long, lob::v0::Book<lob::ChecksumSink>::Level, std::__1::less<void>, std::__1::allocator<std::__1::pair<long const, lob::v0::Book<lob::ChecksumSink>::Level> > >&, unsigned long, lob::Side, long, unsigned int)
1399 251849 0 0 0 0 0 0 0 0
fl=/usr/include/c++/v1/unordered_map
fn=std::__1::pair<std::__1::__hash_iterator<std::__1::__hash_node<std::__1::__hash_value_type<unsigned long, lob::v0::Book<lob::ChecksumSink>::Loc>, void*>*>, bool> std::__1::__hash_table<std::__1::__hash_value_type<unsigned long, lob::v0::Book<lob::ChecksumSink>::Loc>, std::__1::__unordered_map_hasher<unsigned long, std::__1::pair<unsigned long const, lob::v0::Book<lob::ChecksumSink>::Loc>, std::__1::hash<unsigned long>, std::__1::equal_to<unsigned long>, true>, std::__1::__unordered_map_equal<unsigned long, std::__1::pair<unsigned long const, lob::v0::Book<lob::ChecksumSink>::Loc>, std::__1::equal_to<unsigned long>, std::__1::hash<unsigned long>, true>, std::__1::allocator<std::__1::pair<unsigned long const, lob::v0::Book<lob::ChecksumSink>::Loc> > >::__emplace_unique_key_args<unsigned long, unsigned long&, lob::v0::Book<lob::ChecksumSink>::Loc>(unsigned long const&, unsigned long&, lob::v0::Book<lob::ChecksumSink>::Loc&&)
658 503956 0 0 503956 0 0 0 0 0
fn=unsigned int lob::v0::Book<lob::ChecksumSink>::match<std::__1::map<long, lob::v0::Book<lob::ChecksumSink>::Level, std::__1::greater<void>, std::__1::allocator<std::__1::pair<long const, lob::v0::Book<lob::ChecksumSink>::Level> > >, lob::v0::Book<lob::ChecksumSink>::add(unsigned long, lob::Side, long, unsigned int)::{lambda(long)#2}>(std::__1::map<long, lob::v0::Book<lob::ChecksumSink>::Level, std::__1::greater<void>, std::__1::allocator<std::__1::pair<long const, lob::v0::Book<lob::ChecksumSink>::Level> > >&, unsigned long, unsigned int, lob::v0::Book<lob::ChecksumSink>::add(unsigned long, lob::Side, long, unsigned int)::{lambda(long)#2})
1244 33292 0 0 0 0 0 16646 0 0
fn=unsigned int lob::v0::Book<lob::ChecksumSink>::match<std::__1::map<long, lob::v0::Book<lob::ChecksumSink>::Level, std::__1::less<void>, std::__1::allocator<std::__1::pair<long const, lob::v0::Book<lob::ChecksumSink>::Level> > >, lob::v0::Book<lob::ChecksumSink>::add(unsigned long, lob::Side, long, unsigned int)::{lambda(long)#1}>(std::__1::map<long, lob::v0::Book<lob::ChecksumSink>::Level, std::__1::less<void>, std::__1::allocator<std::__1::pair<long const, lob::v0::Book<lob::ChecksumSink>::Level> > >&, unsigned long, unsigned int, lob::v0::Book<lob::ChecksumSink>::add(unsigned long, lob::Side, long, unsigned int)::{lambda(long)#1})
1244 33580 0 0 0 0 0 16790 0 0
fn=unsigned long std::__1::__hash_table<std::__1::__hash_value_type<unsigned long, lob::v0::Book<lob::ChecksumSink>::Loc>, std::__1::__unordered_map_hasher<unsigned long, std::__1::pair<unsigned long const, lob::v0::Book<lob::ChecksumSink>::Loc>, std::__1::hash<unsigned long>, std::__1::equal_to<unsigned long>, true>, std::__1::__unordered_map_equal<unsigned long, std::__1::pair<unsigned long const, lob::v0::Book<lob::ChecksumSink>::Loc>, std::__1::equal_to<unsigned long>, std::__1::hash<unsigned long>, true>, std::__1::allocator<std::__1::pair<unsigned long const, lob::v0::Book<lob::ChecksumSink>::Loc> > >::__erase_unique<unsigned long>(unsigned long const&)
658 33436 0 0 33436 0 0 0 0 0
fl=???
fn=???
0 7888901 10 10 4934966 43 9 8 0 0
fn=operator delete(void*)
0 4864595 0 0 972919 0 0 972919 0 0
fn=operator delete(void*, unsigned long)
0 4864595 1 1 972919 0 0 972919 0 0
fn=operator new(unsigned long)
0 17137479 2 2 3024261 0 0 4032348 220 1
fn=std::__1::__next_prime(unsigned long)
0 3453 12 9 296 28 6 39 0 0
summary: 473932781 323 311 119484973 3646843 375424 72463910 1223181 34732
