==96262== Cachegrind, a high-precision tracing profiler
==96262== Copyright (C) 2002-2017, and GNU GPL'd, by Nicholas Nethercote et al.
==96262== Using Valgrind-3.22.0 and LibVEX; rerun with -h for copyright info
==96262== Command: /home/wang/sources/cxx/book/build/profile/book replay --workload data/syn_deep_s42.ops --version v12
==96262== 
==96262== 
==96262== I refs:        172,418,009
==96262== I1  misses:            317
==96262== LLi misses:            311
==96262== I1  miss rate:        0.00%
==96262== LLi miss rate:        0.00%
==96262== 
==96262== D refs:         68,286,942  (49,366,408 rd   + 18,920,534 wr)
==96262== D1  misses:      4,046,258  ( 2,404,143 rd   +  1,642,115 wr)
==96262== LLd misses:        415,148  (   375,237 rd   +     39,911 wr)
==96262== D1  miss rate:         5.9% (       4.9%     +        8.7%  )
==96262== LLd miss rate:         0.6% (       0.8%     +        0.2%  )
==96262== 
==96262== LL refs:         4,046,575  ( 2,404,460 rd   +  1,642,115 wr)
==96262== LL misses:         415,459  (   375,548 rd   +     39,911 wr)
==96262== LL miss rate:          0.2% (       0.2%     +        0.2%  )
