==16227== Cachegrind, a high-precision tracing profiler
==16227== Copyright (C) 2002-2017, and GNU GPL'd, by Nicholas Nethercote et al.
==16227== Using Valgrind-3.22.0 and LibVEX; rerun with -h for copyright info
==16227== Command: /home/wang/sources/cxx/book/build/profile/book replay --workload data/itch12302019_AAPL.ops --version v1
==16227== 
==16227== 
==16227== I refs:        623,329,536
==16227== I1  misses:            265
==16227== LLi misses:            265
==16227== I1  miss rate:        0.00%
==16227== LLi miss rate:        0.00%
==16227== 
==16227== D refs:        252,037,343  (174,007,233 rd   + 78,030,110 wr)
==16227== D1  misses:      4,066,861  (  2,643,373 rd   +  1,423,488 wr)
==16227== LLd misses:        849,969  (    664,442 rd   +    185,527 wr)
==16227== D1  miss rate:         1.6% (        1.5%     +        1.8%  )
==16227== LLd miss rate:         0.3% (        0.4%     +        0.2%  )
==16227== 
==16227== LL refs:         4,067,126  (  2,643,638 rd   +  1,423,488 wr)
==16227== LL misses:         850,234  (    664,707 rd   +    185,527 wr)
==16227== LL miss rate:          0.1% (        0.1%     +        0.2%  )
