==64185== Cachegrind, a high-precision tracing profiler
==64185== Copyright (C) 2002-2017, and GNU GPL'd, by Nicholas Nethercote et al.
==64185== Using Valgrind-3.22.0 and LibVEX; rerun with -h for copyright info
==64185== Command: /home/wang/sources/cxx/book/build/profile/book replay --workload data/itch12302019_AAPL.ops --version v10
==64185== 
==64185== 
==64185== I refs:        331,482,718
==64185== I1  misses:            254
==64185== LLi misses:            254
==64185== I1  miss rate:        0.00%
==64185== LLi miss rate:        0.00%
==64185== 
==64185== D refs:        131,503,933  (87,205,079 rd   + 44,298,854 wr)
==64185== D1  misses:      3,056,348  ( 1,841,568 rd   +  1,214,780 wr)
==64185== LLd misses:        770,973  (   638,620 rd   +    132,353 wr)
==64185== D1  miss rate:         2.3% (       2.1%     +        2.7%  )
==64185== LLd miss rate:         0.6% (       0.7%     +        0.3%  )
==64185== 
==64185== LL refs:         3,056,602  ( 1,841,822 rd   +  1,214,780 wr)
==64185== LL misses:         771,227  (   638,874 rd   +    132,353 wr)
==64185== LL miss rate:          0.2% (       0.2%     +        0.3%  )
