==26138== Cachegrind, a high-precision tracing profiler
==26138== Copyright (C) 2002-2017, and GNU GPL'd, by Nicholas Nethercote et al.
==26138== Using Valgrind-3.22.0 and LibVEX; rerun with -h for copyright info
==26138== Command: /home/wang/sources/cxx/book/build/profile/book replay --workload data/syn_aggressive_s42.ops --version v3
==26138== 
==26138== 
==26138== I refs:        225,886,696
==26138== I1  misses:            238
==26138== LLi misses:            238
==26138== I1  miss rate:        0.00%
==26138== LLi miss rate:        0.00%
==26138== 
==26138== D refs:         90,401,991  (60,268,777 rd   + 30,133,214 wr)
==26138== D1  misses:      1,768,790  ( 1,022,318 rd   +    746,472 wr)
==26138== LLd misses:        379,492  (   375,150 rd   +      4,342 wr)
==26138== D1  miss rate:         2.0% (       1.7%     +        2.5%  )
==26138== LLd miss rate:         0.4% (       0.6%     +        0.0%  )
==26138== 
==26138== LL refs:         1,769,028  ( 1,022,556 rd   +    746,472 wr)
==26138== LL misses:         379,730  (   375,388 rd   +      4,342 wr)
==26138== LL miss rate:          0.1% (       0.1%     +        0.0%  )
