==108633== Cachegrind, a high-precision tracing profiler
==108633== Copyright (C) 2002-2017, and GNU GPL'd, by Nicholas Nethercote et al.
==108633== Using Valgrind-3.22.0 and LibVEX; rerun with -h for copyright info
==108633== Command: /home/wang/sources/cxx/book/build/profile/book replay --workload data/syn_default_s42.ops --version v19
==108633== 
==108633== 
==108633== I refs:        168,303,763
==108633== I1  misses:            313
==108633== LLi misses:            313
==108633== I1  miss rate:        0.00%
==108633== LLi miss rate:        0.00%
==108633== 
==108633== D refs:         48,533,376  (36,932,177 rd   + 11,601,199 wr)
==108633== D1  misses:      1,730,854  (   689,433 rd   +  1,041,421 wr)
==108633== LLd misses:        379,338  (   375,405 rd   +      3,933 wr)
==108633== D1  miss rate:         3.6% (       1.9%     +        9.0%  )
==108633== LLd miss rate:         0.8% (       1.0%     +        0.0%  )
==108633== 
==108633== LL refs:         1,731,167  (   689,746 rd   +  1,041,421 wr)
==108633== LL misses:         379,651  (   375,718 rd   +      3,933 wr)
==108633== LL miss rate:          0.2% (       0.2%     +        0.0%  )
