==34732== Cachegrind, a high-precision tracing profiler
==34732== Copyright (C) 2002-2017, and GNU GPL'd, by Nicholas Nethercote et al.
==34732== Using Valgrind-3.22.0 and LibVEX; rerun with -h for copyright info
==34732== Command: /home/wang/sources/cxx/book/build/profile/book replay --workload data/itch12302019_QQQ.ops --version v5
==34732== 
==34732== 
==34732== I refs:        582,375,274
==34732== I1  misses:            285
==34732== LLi misses:            277
==34732== I1  miss rate:        0.00%
==34732== LLi miss rate:        0.00%
==34732== 
==34732== D refs:        246,515,694  (159,568,596 rd   + 86,947,098 wr)
==34732== D1  misses:      2,660,046  (  1,647,891 rd   +  1,012,155 wr)
==34732== LLd misses:        959,993  (    941,546 rd   +     18,447 wr)
==34732== D1  miss rate:         1.1% (        1.0%     +        1.2%  )
==34732== LLd miss rate:         0.4% (        0.6%     +        0.0%  )
==34732== 
==34732== LL refs:         2,660,331  (  1,648,176 rd   +  1,012,155 wr)
==34732== LL misses:         960,270  (    941,823 rd   +     18,447 wr)
==34732== LL miss rate:          0.1% (        0.1%     +        0.0%  )
