==93282== Cachegrind, a high-precision tracing profiler
==93282== Copyright (C) 2002-2017, and GNU GPL'd, by Nicholas Nethercote et al.
==93282== Using Valgrind-3.22.0 and LibVEX; rerun with -h for copyright info
==93282== Command: /home/wang/sources/cxx/book/build/profile/book replay --workload data/itch12302019_SPY.ops --version v12
==93282== 
==93282== 
==93282== I refs:        364,139,684
==93282== I1  misses:            241
==93282== LLi misses:            237
==93282== I1  miss rate:        0.00%
==93282== LLi miss rate:        0.00%
==93282== 
==93282== D refs:        140,681,502  (103,592,745 rd   + 37,088,757 wr)
==93282== D1  misses:      1,586,474  (  1,059,347 rd   +    527,127 wr)
==93282== LLd misses:        855,849  (    846,457 rd   +      9,392 wr)
==93282== D1  miss rate:         1.1% (        1.0%     +        1.4%  )
==93282== LLd miss rate:         0.6% (        0.8%     +        0.0%  )
==93282== 
==93282== LL refs:         1,586,715  (  1,059,588 rd   +    527,127 wr)
==93282== LL misses:         856,086  (    846,694 rd   +      9,392 wr)
==93282== LL miss rate:          0.2% (        0.2%     +        0.0%  )
