==73454== Cachegrind, a high-precision tracing profiler
==73454== Copyright (C) 2002-2017, and GNU GPL'd, by Nicholas Nethercote et al.
==73454== Using Valgrind-3.22.0 and LibVEX; rerun with -h for copyright info
==73454== Command: /home/wang/sources/cxx/book/build/profile/book replay --workload data/syn_aggressive_s42.ops --version v10
==73454== 
==73454== 
==73454== I refs:        232,827,130
==73454== I1  misses:            240
==73454== LLi misses:            240
==73454== I1  miss rate:        0.00%
==73454== LLi miss rate:        0.00%
==73454== 
==73454== D refs:         92,013,207  (60,056,091 rd   + 31,957,116 wr)
==73454== D1  misses:      2,064,881  ( 1,058,925 rd   +  1,005,956 wr)
==73454== LLd misses:        378,758  (   375,126 rd   +      3,632 wr)
==73454== D1  miss rate:         2.2% (       1.8%     +        3.1%  )
==73454== LLd miss rate:         0.4% (       0.6%     +        0.0%  )
==73454== 
==73454== LL refs:         2,065,121  ( 1,059,165 rd   +  1,005,956 wr)
==73454== LL misses:         378,998  (   375,366 rd   +      3,632 wr)
==73454== LL miss rate:          0.1% (       0.1%     +        0.0%  )
