desc: I1 cache:         32768 B, 64 B, 8-way associative
desc: D1 cache:         49152 B, 64 B, 12-way associative
desc: LL cache:         6291456 B, 64 B, 12-way associative
cmd: /home/wang/sources/cxx/book/build/profile/book replay --workload data/syn_default_s42.ops --version v5
events: Ir I1mr ILmr Dr D1mr DLmr Dw D1mw DLmw 
fl=./malloc/./malloc/arena.c
fn=free
153 57 0 0 0 0 0 0 0 0
fn=malloc
153 40 0 0 0 0 0 0 0 0
fl=./malloc/./malloc/malloc.c
fn=_int_free
1792 11 0 0 11 3 0 0 0 0
3163 16 1 1 8 0 0 8 0 0
3165 32 0 0 8 4 4 8 0 0
3166 8 0 0 0 0 0 8 0 0
3167 16 0 0 0 0 0 8 0 0
4495 133 1 1 0 0 0 76 2 0
4499 57 1 1 19 0 0 0 0 0
4505 76 0 0 0 0 0 0 0 0
4506 38 0 0 0 0 0 0 0 0
4510 95 0 0 0 0 0 0 0 0
4517 38 0 0 0 0 0 0 0 0
4518 114 1 1 57 3 0 0 0 0
4521 8 0 0 0 0 0 0 0 0
4527 24 0 0 16 1 1 0 0 0
4547 40 1 1 16 0 0 0 0 0
4550 8 0 0 0 0 0 0 0 0
4561 22 0 0 0 0 0 0 0 0
4637 22 0 0 11 0 0 0 0 0
4640 22 0 0 11 3 0 0 0 0
4643 22 1 1 0 0 0 0 0 0
4646 22 0 0 0 0 0 0 0 0
4658 103 1 1 84 0 0 0 0 0
fn=_int_free_maybe_consolidate
4770 121 2 1 11 3 0 77 0 0
4776 22 0 0 0 0 0 0 0 0
4778 4 0 0 1 0 0 0 0 0
4781 3 0 0 0 0 0 0 0 0
4784 5 2 2 3 1 1 0 0 0
4798 121 1 1 99 0 0 0 0 0
fn=_int_free_merge_chunk
1992 33 0 0 11 0 0 0 0 0
4665 88 1 1 0 0 0 66 1 0
4666 11 0 0 0 0 0 0 0 0
4670 66 0 0 11 3 0 0 0 0
4673 44 1 1 11 3 0 0 0 0
4675 33 1 1 11 3 0 0 0 0
4678 33 0 0 11 0 0 0 0 0
4681 22 0 0 0 0 0 0 0 0
4682 22 0 0 0 0 0 0 0 0
4683 22 0 0 11 3 0 0 0 0
4689 22 1 1 11 0 0 0 0 0
4691 9 0 0 9 0 0 0 0 0
4692 9 0 0 0 0 0 0 0 0
4693 9 0 0 0 0 0 0 0 0
4694 36 0 0 9 3 0 0 0 0
4696 18 0 0 0 0 0 9 0 0
4701 33 0 0 0 0 0 0 0 0
4702 77 0 0 66 0 0 0 0 0
4714 22 0 0 11 0 0 0 0 0
4720 22 0 0 11 1 0 0 0 0
4721 2 1 1 0 0 0 1 0 0
4722 2 0 0 0 0 0 0 0 0
4724 10 0 0 10 0 0 0 0 0
4732 11 0 0 0 0 0 0 0 0
4733 44 1 1 11 0 0 0 0 0
4734 22 0 0 11 0 0 0 0 0
4736 11 0 0 0 0 0 11 0 0
4738 22 0 0 0 0 0 0 0 0
4740 33 1 1 0 0 0 11 0 0
4743 11 0 0 0 0 0 11 0 0
4744 11 0 0 0 0 0 11 0 0
4746 33 0 0 0 0 0 11 0 0
4747 11 0 0 0 0 0 11 0 0
fn=_int_malloc
1326 40 0 0 0 0 0 0 0 0
1345 120 0 0 0 0 0 0 0 0
1794 20 1 1 20 0 0 0 0 0
1985 9 0 0 3 0 0 0 0 0
2008 4 0 0 1 0 0 0 0 0
2552 6 1 1 2 2 2 2 0 0
2553 1 1 1 0 0 0 1 0 0
2564 2 1 1 1 1 1 0 0 0
2589 4 0 0 1 0 0 1 0 0
2590 2 0 0 0 0 0 1 0 0
2599 12 1 1 3 0 0 0 0 0
2605 3 0 0 2 0 0 0 0 0
2608 3 1 1 0 0 0 0 0 0
2669 3 1 1 1 0 0 1 0 0
2677 2 0 0 1 0 0 0 0 0
2678 3 0 0 1 0 0 1 0 0
2691 3 1 1 1 0 0 0 0 0
2693 1 0 0 1 0 0 0 0 0
2699 5 0 0 1 0 0 1 0 0
2707 2 0 0 0 0 0 0 0 0
2709 4 2 2 0 0 0 2 0 0
2710 3 0 0 1 0 0 0 0 0
2711 1 0 0 0 0 0 0 0 0
2712 1 0 0 0 0 0 0 0 0
2715 2 0 0 0 0 0 0 0 0
2744 7 1 1 3 0 0 0 0 0
2746 2 1 1 0 0 0 1 0 0
2752 8 0 0 1 0 0 0 0 0
2753 6 0 0 1 0 0 1 0 0
2921 3 1 1 2 0 0 0 0 0
2922 1 0 0 0 0 0 1 0 0
2926 1 0 0 1 0 0 0 0 0
2930 5 1 1 2 0 0 0 0 0
2932 1 0 0 0 0 0 0 0 0
2933 1 0 0 0 0 0 0 0 0
2934 1 0 0 0 0 0 1 0 0
2935 7 0 0 0 0 0 1 0 0
2936 2 0 0 0 0 0 1 1 1
2938 1 0 0 0 0 0 0 0 0
3846 220 2 2 20 3 2 140 4 2
3887 40 0 0 0 0 0 0 0 0
3914 40 0 0 0 0 0 0 0 0
3916 4 0 0 0 0 0 0 0 0
3919 1 0 0 1 1 1 0 0 0
3921 2 0 0 0 0 0 0 0 0
3930 3 2 2 0 0 0 0 0 0
3977 38 1 1 0 0 0 0 0 0
3979 32 0 0 0 0 0 0 0 0
3980 12 1 1 0 0 0 0 0 0
3982 18 0 0 6 6 6 0 0 0
4039 155 1 1 0 0 0 0 0 0
4040 42 0 0 14 2 1 0 0 0
4058 60 1 1 20 0 0 0 0 0
4059 60 0 0 0 0 0 20 0 0
4060 60 1 1 40 0 0 0 0 0
4069 20 0 0 0 0 0 10 0 0
4070 144 1 1 33 2 2 20 0 0
4072 13 0 0 13 0 0 0 0 0
4073 26 0 0 13 2 0 0 0 0
4074 13 0 0 0 0 0 0 0 0
4076 26 0 0 0 0 0 0 0 0
4077 39 1 1 13 2 1 0 0 0
4079 13 0 0 13 3 0 0 0 0
4080 52 0 0 0 0 0 0 0 0
4082 52 0 0 13 0 0 0 0 0
4084 26 1 1 13 1 1 0 0 0
4085 26 0 0 13 0 0 0 0 0
4087 26 0 0 0 0 0 0 0 0
4098 52 0 0 0 0 0 0 0 0
4127 13 0 0 0 0 0 13 0 0
4128 13 0 0 0 0 0 13 0 0
4132 26 0 0 0 0 0 0 0 0
4161 28 2 2 0 0 0 0 0 0
4169 186 2 2 0 0 0 13 0 0
4170 38 1 1 0 0 0 0 0 0
4171 13 0 0 13 9 5 0 0 0
4174 26 0 0 0 0 0 0 0 0
4177 1 0 0 0 0 0 0 0 0
4179 4 0 0 2 0 0 0 0 0
4180 2 0 0 0 0 0 0 0 0
4186 4 1 1 0 0 0 1 0 0
4187 1 0 0 1 0 0 0 0 0
4188 3 0 0 0 0 0 2 0 0
4218 48 0 0 0 0 0 12 0 0
4221 91 2 2 26 3 1 0 0 0
4222 13 0 0 0 0 0 13 0 0
4223 13 0 0 0 0 0 13 0 0
4224 13 0 0 0 0 0 13 0 0
4225 13 0 0 0 0 0 13 0 0
4230 26 0 0 26 0 0 0 0 0
4231 26 0 0 0 0 0 0 0 0
4240 52 1 1 26 0 0 0 0 0
4246 20 0 0 0 0 0 0 0 0
4257 60 1 1 0 0 0 0 0 0
4259 56 0 0 0 0 0 0 0 0
4262 42 0 0 14 9 8 0 0 0
4263 21 1 1 1 0 0 0 0 0
4266 1 0 0 1 0 0 0 0 0
4267 6 0 0 1 0 0 0 0 0
4273 2 1 1 1 0 0 0 0 0
4278 3 0 0 0 0 0 1 0 0
4279 3 0 0 0 0 0 2 1 0
4282 4 0 0 2 0 0 0 0 0
4291 1 0 0 0 0 0 0 0 0
4295 4 1 1 1 0 0 0 0 0
4296 2 0 0 1 0 0 0 0 0
4299 1 0 0 0 0 0 1 1 0
4300 1 0 0 0 0 0 1 0 0
4301 1 0 0 0 0 0 1 0 0
4302 2 0 0 0 0 0 0 0 0
4304 2 0 0 0 0 0 1 0 0
4307 8 1 1 0 0 0 1 0 0
4309 3 0 0 0 0 0 1 0 0
4310 1 0 0 0 0 0 1 0 0
4313 1 0 0 0 0 0 0 0 0
4330 19 0 0 0 0 0 0 0 0
4331 38 0 0 0 0 0 0 0 0
4332 38 0 0 0 0 0 0 0 0
4333 38 0 0 19 1 1 0 0 0
4334 114 0 0 0 0 0 0 0 0
4339 73 1 1 0 0 0 0 0 0
4343 104 1 1 0 0 0 0 0 0
4346 80 1 1 20 0 0 0 0 0
4353 24 0 0 0 0 0 0 0 0
4355 9 0 0 0 0 0 0 0 0
4357 18 0 0 0 0 0 0 0 0
4361 3 0 0 3 0 0 0 0 0
4364 6 0 0 0 0 0 0 0 0
4373 12 1 1 3 0 0 0 0 0
4376 6 0 0 0 0 0 0 0 0
4378 9 1 1 0 0 0 3 0 0
4381 9 0 0 0 0 0 6 1 0
4384 12 0 0 6 0 0 0 0 0
4394 3 0 0 0 0 0 0 0 0
4399 12 0 0 3 0 0 0 0 0
4400 6 1 1 3 0 0 0 0 0
4403 3 0 0 0 0 0 3 0 0
4404 3 0 0 0 0 0 3 0 0
4405 3 0 0 0 0 0 3 0 0
4408 6 0 0 0 0 0 0 0 0
4410 6 0 0 0 0 0 0 0 0
4412 6 0 0 0 0 0 3 0 0
4415 24 1 1 0 0 0 3 0 0
4417 9 0 0 0 0 0 3 0 0
4418 3 0 0 0 0 0 3 0 0
4421 3 0 0 0 0 0 0 0 0
4443 16 1 1 16 0 0 0 0 0
4444 32 0 0 16 1 1 0 0 0
4446 32 0 0 16 1 1 0 0 0
4449 48 0 0 0 0 0 0 0 0
4451 15 0 0 0 0 0 0 0 0
4452 30 1 1 0 0 0 0 0 0
4453 15 0 0 0 0 0 15 0 0
4454 120 1 1 0 0 0 15 0 0
4456 30 0 0 0 0 0 15 15 15
4459 32 0 0 0 0 0 0 0 0
4460 51 0 0 0 0 0 17 2 2
4461 17 0 0 0 0 0 0 0 0
4466 4 0 0 1 0 0 1 0 0
4482 1 0 0 0 0 0 0 0 0
4487 240 2 2 180 0 0 0 0 0
fn=alloc_perturb
1985 51 1 1 17 0 0 0 0 0
1987 17 0 0 17 0 0 0 0 0
fn=free
3359 133 2 2 0 0 0 76 0 0
3363 38 0 0 0 0 0 0 0 0
3371 38 0 0 38 8 4 0 0 0
3373 19 0 0 0 0 0 0 0 0
3375 57 0 0 19 3 0 0 0 0
3392 57 0 0 38 6 0 0 0 0
3398 57 1 1 0 0 0 19 1 0
3401 19 0 0 0 0 0 19 0 0
3402 114 0 0 95 0 0 0 0 0
fn=malloc
1326 42 0 0 0 0 0 0 0 0
1345 105 1 1 0 0 0 0 0 0
3178 2 0 0 1 1 1 0 0 0
3182 2 0 0 0 0 0 0 0 0
3186 4 1 1 1 1 1 1 0 0
3190 2 0 0 0 0 0 1 0 0
3191 1 0 0 0 0 0 1 0 0
3294 168 1 1 0 0 0 84 1 1
3301 42 0 0 21 3 2 0 0 0
3311 42 0 0 0 0 0 0 0 0
3313 84 0 0 42 6 4 0 0 0
3316 42 0 0 21 3 2 0 0 0
3318 24 1 1 8 2 2 0 0 0
3326 40 1 1 20 5 2 0 0 0
3328 80 0 0 0 0 0 20 4 2
3329 100 1 1 20 0 0 0 0 0
3354 126 1 1 105 0 0 0 0 0
fn=unlink_chunk.isra.0
1608 28 1 1 0 0 0 14 0 0
1610 70 0 0 28 0 0 0 0 0
1613 28 0 0 28 0 0 0 0 0
1614 28 0 0 14 0 0 0 0 0
1616 56 2 1 28 5 0 0 0 0
1619 14 0 0 0 0 0 14 0 0
1620 14 0 0 0 0 0 14 0 0
1621 70 0 0 14 0 0 0 0 0
1623 26 0 0 13 0 0 0 0 0
1624 39 0 0 26 0 0 0 0 0
1627 26 0 0 13 3 0 0 0 0
1641 13 0 0 0 0 0 13 0 0
1642 13 1 1 0 0 0 13 0 0
1645 28 0 0 28 0 0 0 0 0
fl=./malloc/./malloc/morecore.c
fn=__glibc_morecore
25 3 1 1 0 0 0 1 0 0
26 2 0 0 1 0 0 0 0 0
29 1 0 0 0 0 0 1 0 0
30 2 0 0 0 0 0 0 0 0
34 2 0 0 2 0 0 0 0 0
fl=./misc/../sysdeps/unix/sysv/linux/brk.c
fn=brk
36 1 1 1 0 0 0 0 0 0
37 2 0 0 1 0 0 1 0 0
38 2 0 0 0 0 0 0 0 0
44 1 0 0 0 0 0 0 0 0
45 1 0 0 1 0 0 0 0 0
fl=./misc/../sysdeps/unix/sysv/linux/brk_call.h
fn=brk
24 2 0 0 0 0 0 0 0 0
fl=./misc/./misc/sbrk.c
fn=sbrk
37 8 1 1 0 0 0 4 0 0
40 2 0 0 2 2 2 0 0 0
43 2 1 1 1 1 1 0 0 0
58 2 0 0 0 0 0 0 0 0
62 2 0 0 0 0 0 0 0 0
66 4 1 1 0 0 0 0 0 0
74 3 1 1 0 0 0 1 0 0
78 7 0 0 5 0 0 0 0 0
fl=./string/../sysdeps/x86_64/multiarch/memmove-vec-unaligned-erms.S
fn=__memcpy_avx_unaligned_erms
255 12 1 1 0 0 0 0 0 0
256 12 0 0 0 0 0 0 0 0
262 12 0 0 0 0 0 0 0 0
263 12 0 0 0 0 0 0 0 0
265 11 0 0 11 1 0 0 0 0
266 11 0 0 0 0 0 0 0 0
267 11 0 0 0 0 0 0 0 0
270 2 0 0 2 0 0 0 0 0
271 2 0 0 0 0 0 2 0 0
272 2 0 0 0 0 0 2 0 0
275 4 0 0 2 0 0 0 0 0
305 1 0 0 0 0 0 0 0 0
306 1 0 0 0 0 0 0 0 0
308 1 0 0 0 0 0 0 0 0
309 1 0 0 0 0 0 0 0 0
311 1 0 0 0 0 0 0 0 0
315 1 0 0 0 0 0 0 0 0
316 1 1 1 0 0 0 0 0 0
317 1 0 0 0 0 0 0 0 0
325 1 0 0 1 0 0 0 0 0
375 1 1 1 1 0 0 0 0 0
376 1 0 0 1 0 0 0 0 0
377 1 0 0 0 0 0 1 1 1
378 1 0 0 0 0 0 1 0 0
379 1 0 0 0 0 0 1 1 1
380 1 0 0 0 0 0 1 0 0
381 2 0 0 1 0 0 0 0 0
386 9 2 1 9 1 1 0 0 0
387 9 0 0 0 0 0 0 0 0
392 7 0 0 0 0 0 0 0 0
393 7 0 0 0 0 0 0 0 0
395 2 0 0 2 0 0 0 0 0
396 2 0 0 0 0 0 0 0 0
397 2 0 0 0 0 0 0 0 0
399 1 0 0 1 0 0 0 0 0
400 1 0 0 1 0 0 0 0 0
401 1 0 0 1 0 0 0 0 0
402 1 0 0 1 0 0 0 0 0
403 1 0 0 1 0 0 0 0 0
404 1 1 1 1 0 0 0 0 0
405 1 0 0 0 0 0 1 0 0
406 1 0 0 0 0 0 1 1 1
407 1 0 0 0 0 0 1 0 0
408 1 0 0 0 0 0 1 1 1
409 1 0 0 0 0 0 1 1 1
410 1 0 0 0 0 0 1 0 0
411 1 0 0 0 0 0 1 0 0
412 1 0 0 0 0 0 1 0 0
413 2 0 0 1 0 0 0 0 0
417 5 0 0 0 0 0 0 0 0
418 5 0 0 0 0 0 0 0 0
422 5 0 0 0 0 0 0 0 0
424 5 1 1 0 0 0 0 0 0
428 5 0 0 5 1 1 0 0 0
429 5 0 0 0 0 0 0 0 0
440 5 0 0 0 0 0 0 0 0
443 5 0 0 0 0 0 0 0 0
445 5 0 0 0 0 0 0 0 0
447 5 0 0 0 0 0 0 0 0
451 5 0 0 0 0 0 0 0 0
452 5 0 0 0 0 0 0 0 0
461 4 0 0 4 0 0 0 0 0
462 4 0 0 4 0 0 0 0 0
464 4 0 0 0 0 0 0 0 0
466 4 0 0 0 0 0 0 0 0
467 4 1 1 4 0 0 0 0 0
468 4 0 0 4 0 0 0 0 0
471 4 0 0 0 0 0 0 0 0
473 4 0 0 0 0 0 0 0 0
475 4 0 0 0 0 0 0 0 0
477 8 0 0 0 0 0 0 0 0
483 56 0 0 56 0 0 0 0 0
484 56 0 0 56 0 0 0 0 0
485 56 0 0 56 0 0 0 0 0
486 56 0 0 56 0 0 0 0 0
487 56 0 0 0 0 0 0 0 0
488 56 0 0 0 0 0 56 42 42
489 56 0 0 0 0 0 56 15 15
490 56 1 1 0 0 0 56 41 41
491 56 0 0 0 0 0 56 15 15
492 56 0 0 0 0 0 0 0 0
493 56 0 0 0 0 0 0 0 0
494 56 0 0 0 0 0 0 0 0
496 4 0 0 0 0 0 4 1 1
497 4 0 0 0 0 0 4 3 3
498 4 0 0 0 0 0 4 0 0
499 4 0 0 0 0 0 4 0 0
501 4 0 0 0 0 0 4 0 0
505 8 0 0 4 0 0 0 0 0
518 1 0 0 1 0 0 0 0 0
519 1 0 0 1 0 0 0 0 0
521 1 1 1 0 0 0 0 0 0
522 1 0 0 1 0 0 0 0 0
523 1 0 0 1 0 0 0 0 0
525 1 0 0 0 0 0 0 0 0
527 1 0 0 0 0 0 0 0 0
529 2 0 0 0 0 0 0 0 0
535 63 0 0 63 0 0 0 0 0
536 63 0 0 63 0 0 0 0 0
537 63 0 0 63 1 0 0 0 0
538 63 0 0 63 0 0 0 0 0
539 63 0 0 0 0 0 0 0 0
540 63 0 0 0 0 0 63 0 0
541 63 1 1 0 0 0 63 63 63
542 63 0 0 0 0 0 63 0 0
543 63 0 0 0 0 0 63 63 63
544 63 0 0 0 0 0 0 0 0
545 63 0 0 0 0 0 0 0 0
546 63 0 0 0 0 0 0 0 0
548 1 0 0 0 0 0 1 1 1
549 1 0 0 0 0 0 1 0 0
550 1 0 0 0 0 0 1 0 0
551 1 0 0 0 0 0 1 0 0
553 1 0 0 0 0 0 1 0 0
554 2 0 0 1 0 0 0 0 0
563 2 1 1 2 0 0 0 0 0
570 2 0 0 0 0 0 0 0 0
571 2 0 0 0 0 0 0 0 0
577 2 0 0 0 0 0 0 0 0
580 2 0 0 0 0 0 0 0 0
582 2 0 0 0 0 0 0 0 0
585 2 0 0 0 0 0 0 0 0
586 2 0 0 0 0 0 0 0 0
588 2 0 0 0 0 0 0 0 0
590 49074 0 0 49072 562 0 49072 768 767
592 2 0 0 0 0 0 2 1 0
594 2 0 0 0 0 0 2 1 0
596 4 0 0 2 1 0 0 0 0
601 2 1 1 0 0 0 0 0 0
602 2 0 0 0 0 0 0 0 0
606 2 0 0 0 0 0 0 0 0
608 2 0 0 0 0 0 0 0 0
611 2 0 0 0 0 0 0 0 0
615 2 0 0 2 2 0 0 0 0
616 2 0 0 0 0 0 0 0 0
620 2 0 0 2 0 0 0 0 0
624 2 0 0 0 0 0 0 0 0
fl=./string/../sysdeps/x86_64/multiarch/memset-vec-unaligned-erms.S
fn=__memset_avx2_unaligned_erms
158 9 1 1 0 0 0 0 0 0
159 18 0 0 0 0 0 0 0 0
164 9 0 0 0 0 0 0 0 0
165 9 0 0 0 0 0 0 0 0
166 9 0 0 0 0 0 0 0 0
167 9 0 0 0 0 0 0 0 0
168 9 0 0 0 0 0 0 0 0
170 2 0 0 0 0 0 2 2 2
171 2 0 0 0 0 0 2 0 0
172 4 0 0 2 0 0 0 0 0
181 1 0 0 0 0 0 1 0 0
182 1 0 0 0 0 0 1 0 0
184 2 0 0 1 0 0 0 0 0
237 7 1 1 7 3 1 0 0 0
238 7 0 0 0 0 0 0 0 0
244 5 0 0 0 0 0 5 2 2
245 5 0 0 0 0 0 5 1 1
257 5 0 0 0 0 0 0 0 0
260 5 0 0 0 0 0 0 0 0
261 5 0 0 0 0 0 0 0 0
273 4 0 0 0 0 0 4 0 0
274 4 0 0 0 0 0 4 1 1
287 4 0 0 0 0 0 0 0 0
288 4 0 0 0 0 0 0 0 0
290 4 0 0 0 0 0 0 0 0
293 3 0 0 0 0 0 0 0 0
296 3 0 0 0 0 0 0 0 0
299 23 0 0 0 0 0 23 0 0
300 23 0 0 0 0 0 23 0 0
301 23 0 0 0 0 0 23 0 0
302 23 0 0 0 0 0 23 0 0
303 23 0 0 0 0 0 0 0 0
304 23 0 0 0 0 0 0 0 0
305 26 0 0 0 0 0 0 0 0
308 4 1 1 0 0 0 4 0 0
309 4 0 0 0 0 0 4 1 1
310 4 0 0 0 0 0 4 0 0
311 4 0 0 0 0 0 4 0 0
314 8 0 0 4 0 0 0 0 0
325 2 1 1 0 0 0 0 0 0
326 2 0 0 0 0 0 0 0 0
327 2 0 0 0 0 0 0 0 0
328 8194 0 0 0 0 0 8192 123 64
329 2 0 0 0 0 0 0 0 0
330 4 0 0 2 0 0 0 0 0
fl=/home/wang/git-repositories/vcpkg/installed/x64-linux-clang-libcxx/include/boost/container_hash/hash.hpp
fn=_ZN5boost9unordered6detail3foa10table_coreINS2_14flat_map_typesIjjEENS2_7group15INS2_14plain_integralEEENS2_12table_arraysENS2_18plain_size_controlENS_4hashIjEENSt3__18equal_toIjEENSD_9allocatorINSD_4pairIKjjEEEEE22for_all_elements_whileIZNSL_22for_all_elements_whileIZNSL_16for_all_elementsIZNSL_16unchecked_rehashERNS9_ISJ_S8_NS2_16pow2_size_policyESK_EEEUlPSJ_E_EEDTcmclfL1p0_LDnEEcvv_EERKSQ_T_EUlSS_E_EESU_SW_SX_EUlPS8_jSS_E_EEDTcmclfp0_LDnELi0ELDnEEcvv_EESW_SX_
538 5160 0 0 5160 532 0 0 0 0
fl=/home/wang/git-repositories/vcpkg/installed/x64-linux-clang-libcxx/include/boost/unordered/detail/foa/core.hpp
fn=_ZN5boost9unordered6detail3foa10table_coreINS2_14flat_map_typesIjjEENS2_7group15INS2_14plain_integralEEENS2_12table_arraysENS2_18plain_size_controlENS_4hashIjEENSt3__18equal_toIjEENSD_9allocatorINSD_4pairIKjjEEEEE22for_all_elements_whileIZNSL_22for_all_elements_whileIZNSL_16for_all_elementsIZNSL_16unchecked_rehashERNS9_ISJ_S8_NS2_16pow2_size_policyESK_EEEUlPSJ_E_EEDTcmclfL1p0_LDnEEcvv_EERKSQ_T_EUlSS_E_EESU_SW_SX_EUlPS8_jSS_E_EEDTcmclfp0_LDnELi0ELDnEEcvv_EESW_SX_
0 4630 1 1 4080 0 0 8 0 0
296 11340 1 1 5670 54 0 0 0 0
297 5160 0 0 0 0 0 0 0 0
313 510 0 0 0 0 0 0 0 0
389 10320 0 0 5160 0 0 0 0 0
849 5160 0 0 0 0 0 0 0 0
927 15480 0 0 0 0 0 0 0 0
1033 9 0 0 9 0 0 0 0 0
1034 8 1 1 8 0 0 0 0 0
1955 5160 0 0 5160 0 0 0 0 0
1961 3570 0 0 0 0 0 510 0 0
2061 63 1 1 0 0 0 63 0 0
2063 18 0 0 0 0 0 0 0 0
2064 534 0 0 8 0 0 0 0 0
2065 1020 0 0 0 0 0 0 0 0
2067 11850 0 0 0 0 0 0 0 0
2075 72 2 2 63 0 0 0 0 0
2350 10830 0 0 510 0 0 5160 0 0
2373 20640 1 1 0 0 0 0 0 0
2375 5160 0 0 0 0 0 0 0 0
2377 10320 0 0 0 0 0 0 0 0
fn=auto lob::for_each_type<std::__1::tuple<lob::v0::Book<lob::ChecksumSink>, lob::v1::Book<lob::ChecksumSink>, lob::v2::Book<lob::ChecksumSink>, lob::v3::BookT<lob::ChecksumSink, 16u>, lob::v4::BookT<lob::ChecksumSink, 16u>, lob::v5::BookT<lob::ChecksumSink, 16u> >, (anonymous namespace)::with_version<(anonymous namespace)::cmd_replay((anonymous namespace)::Args const&)::$_0>(std::__1::basic_string_view<char, std::__1::char_traits<char> >, (anonymous namespace)::cmd_replay((anonymous namespace)::Args const&)::$_0&&)::{lambda<typename $T0>()#1}>((anonymous namespace)::with_version<(anonymous namespace)::cmd_replay((anonymous namespace)::Args const&)::$_0>(std::__1::basic_string_view<char, std::__1::char_traits<char> >, (anonymous namespace)::cmd_replay((anonymous namespace)::Args const&)::$_0&&)::{lambda<typename $T0>()#1}&&)::{lambda<unsigned long... $N0>(std::__1::integer_sequence<unsigned long, ($N0)...>)#1}::operator()<0ul, 1ul, 2ul, 3ul, 4ul, 5ul>(std::__1::integer_sequence<unsigned long, 0ul, 1ul, 2ul, 3ul, 4ul, 5ul>) const
0 2030003 4 4 506437 0 0 504885 0 0
271 1012874 0 0 0 0 0 0 0 0
272 513795 0 0 0 0 0 0 0 0
279 1012874 1 1 506437 1 1 0 0 0
336 506437 0 0 506437 9091 1 0 0 0
849 3534202 1 1 1514658 123 19 0 0 0
881 1551 0 0 0 0 0 0 0 0
882 4653 0 0 0 0 0 0 0 0
883 1551 0 0 0 0 0 0 0 0
927 14720 0 0 0 0 0 0 0 0
1727 1012874 0 0 0 0 0 0 0 0
1729 506437 0 0 0 0 0 0 0 0
1732 14716 0 0 0 0 0 0 0 0
1733 7358 0 0 0 0 0 0 0 0
1737 7360 0 0 0 0 0 0 0 0
1743 14720 0 0 0 0 0 0 0 0
1745 506437 0 0 0 0 0 0 0 0
1750 1551 0 0 0 0 0 0 0 0
1955 504886 0 0 504886 1 1 0 0 0
fn=boost::unordered::detail::foa::table_core<boost::unordered::detail::foa::flat_map_types<unsigned int, unsigned int>, boost::unordered::detail::foa::group15<boost::unordered::detail::foa::plain_integral>, boost::unordered::detail::foa::table_arrays, boost::unordered::detail::foa::plain_size_control, boost::hash<unsigned int>, std::__1::equal_to<unsigned int>, std::__1::allocator<std::__1::pair<unsigned int const, unsigned int> > >::unchecked_rehash(boost::unordered::detail::foa::table_arrays<std::__1::pair<unsigned int const, unsigned int>, boost::unordered::detail::foa::group15<boost::unordered::detail::foa::plain_integral>, boost::unordered::detail::foa::pow2_size_policy, std::__1::allocator<std::__1::pair<unsigned int const, unsigned int> > >&)
0 36 0 0 0 0 0 9 0 0
1033 18 0 0 18 2 1 0 0 0
1096 18 1 1 0 0 0 0 0 0
1098 8 0 0 8 0 0 0 0 0
1108 16 0 0 0 0 0 0 0 0
1113 16 0 0 0 0 0 0 0 0
1563 108 2 2 18 2 0 0 0 0
1811 45 0 0 9 0 0 0 0 0
2025 45 0 0 0 0 0 27 0 0
2054 9 0 0 0 0 0 9 0 0
2288 45 1 1 0 0 0 18 0 0
2289 9 0 0 0 0 0 9 0 0
2320 18 0 0 9 0 0 9 0 0
2321 9 0 0 0 0 0 9 0 0
2322 45 0 0 27 0 0 0 0 0
fn=boost::unordered::detail::foa::table_locator<boost::unordered::detail::foa::group15<boost::unordered::detail::foa::plain_integral>, std::__1::pair<unsigned int const, unsigned int> > boost::unordered::detail::foa::table_core<boost::unordered::detail::foa::flat_map_types<unsigned int, unsigned int>, boost::unordered::detail::foa::group15<boost::unordered::detail::foa::plain_integral>, boost::unordered::detail::foa::table_arrays, boost::unordered::detail::foa::plain_size_control, boost::hash<unsigned int>, std::__1::equal_to<unsigned int>, std::__1::allocator<std::__1::pair<unsigned int const, unsigned int> > >::unchecked_emplace_with_rehash<boost::unordered::detail::foa::try_emplace_args_t, unsigned int&, unsigned int&>(unsigned long, boost::unordered::detail::foa::try_emplace_args_t&&, unsigned int&, unsigned int&)
0 198 2 2 27 0 0 36 0 0
296 18 0 0 9 0 0 0 0 0
297 18 1 1 0 0 0 0 0 0
389 27 0 0 9 0 0 0 0 0
837 36 1 1 0 0 0 0 0 0
842 18 0 0 0 0 0 0 0 0
849 9 0 0 0 0 0 0 0 0
859 18 0 0 0 0 0 0 0 0
927 18 0 0 0 0 0 0 0 0
1031 36 0 0 0 0 0 36 3 2
1051 18 1 1 0 0 0 9 0 0
1057 36 0 0 0 0 0 0 0 0
1058 27 0 0 0 0 0 0 0 0
1059 9 0 0 0 0 0 0 0 0
1066 9 0 0 0 0 0 0 0 0
1073 18 0 0 0 0 0 0 0 0
1085 9 0 0 0 0 0 0 0 0
1108 9 0 0 0 0 0 0 0 0
1113 9 0 0 0 0 0 0 0 0
1125 27 0 0 0 0 0 9 0 0
1126 9 0 0 0 0 0 0 0 0
1689 9 0 0 9 0 0 0 0 0
1983 90 1 1 0 0 0 54 2 1
1988 36 0 0 0 0 0 27 0 0
1999 18 0 0 0 0 0 9 0 0
2000 9 0 0 9 0 0 0 0 0
2002 81 0 0 63 2 1 0 0 0
2132 162 2 2 18 5 2 0 0 0
2373 18 0 0 0 0 0 0 0 0
2375 9 0 0 0 0 0 0 0 0
2377 36 0 0 0 0 0 0 0 0
fn=lob::v5::BookT<lob::ChecksumSink, 16u>::index_erase(unsigned long)
0 294453 1 1 98151 1 0 0 0 0
271 65434 0 0 0 0 0 0 0 0
272 65434 0 0 0 0 0 0 0 0
279 98151 0 0 65434 0 0 0 0 0
336 32717 0 0 32717 193 0 0 0 0
404 32717 0 0 0 0 0 0 0 0
849 65434 0 0 32717 0 0 0 0 0
927 65792 0 0 0 0 0 0 0 0
1727 65434 0 0 0 0 0 0 0 0
1729 32717 0 0 0 0 0 0 0 0
1732 65434 0 0 0 0 0 0 0 0
1733 32717 0 0 0 0 0 0 0 0
1737 32896 0 0 0 0 0 0 0 0
1743 358 0 0 0 0 0 0 0 0
1955 32717 0 0 32717 0 0 0 0 0
2266 65434 0 0 32717 0 0 0 0 0
fn=lob::v5::BookT<lob::ChecksumSink, 16u>::index_insert(unsigned long, unsigned int)
0 6946986 2 2 1985930 1 0 496102 0 0
271 995248 0 0 0 0 0 0 0 0
272 504875 0 0 0 0 0 0 0 0
279 497624 0 0 497624 1 0 0 0 0
296 992214 0 0 496107 0 0 0 0 0
297 992200 0 0 0 0 0 0 0 0
336 497624 0 0 497624 1 0 0 0 0
849 496102 0 0 0 0 0 0 0 0
881 1522 0 0 0 0 0 0 0 0
882 4594 0 0 14 0 0 0 0 0
883 1522 0 0 0 0 0 0 0 0
927 1006692 0 0 0 0 0 0 0 0
1727 995248 0 0 0 0 0 0 0 0
1729 497624 0 0 0 0 0 0 0 0
1732 14502 0 0 0 0 0 0 0 0
1733 7251 0 0 0 0 0 0 0 0
1737 7253 0 0 0 0 0 0 0 0
1743 14506 0 0 0 0 0 0 0 0
1745 497624 0 0 0 0 0 0 0 0
1750 1522 0 0 0 0 0 0 0 0
1955 496102 0 0 496102 1 0 0 0 0
1970 992186 0 0 0 0 0 496093 0 0
2373 1984428 0 0 0 0 0 0 0 0
2375 496135 0 0 0 0 0 0 0 0
2377 992186 0 0 0 0 0 0 0 0
fn=void lob::v5::BookT<lob::ChecksumSink, 16u>::cancel_in<boost::unordered::unordered_flat_map<unsigned int, unsigned int, boost::hash<unsigned int>, std::__1::equal_to<unsigned int>, std::__1::allocator<std::__1::pair<unsigned int const, unsigned int> > >, unsigned int>(boost::unordered::unordered_flat_map<unsigned int, unsigned int, boost::hash<unsigned int>, std::__1::equal_to<unsigned int>, std::__1::allocator<std::__1::pair<unsigned int const, unsigned int> > >&, unsigned int, unsigned long)
0 3515845 1 1 1318437 33 1 0 0 0
271 878984 0 0 0 0 0 0 0 0
272 878971 0 0 0 0 0 0 0 0
279 2197421 0 0 878971 0 0 0 0 0
336 439492 0 0 439492 2567 0 0 0 0
404 439479 0 0 0 0 0 0 0 0
849 878958 0 0 439479 0 0 0 0 0
881 13 0 0 0 0 0 0 0 0
882 39 0 0 0 0 0 0 0 0
883 13 0 0 0 0 0 0 0 0
927 885480 0 0 0 0 0 0 0 0
1727 878984 0 0 0 0 0 0 0 0
1729 439492 0 0 0 0 0 0 0 0
1732 878958 0 0 0 0 0 0 0 0
1733 439479 1 1 0 0 0 0 0 0
1737 442740 0 0 0 0 0 0 0 0
1743 6522 0 0 0 0 0 0 0 0
1745 13 0 0 0 0 0 0 0 0
1750 13 0 0 0 0 0 0 0 0
1955 439479 0 0 439479 0 0 0 0 0
2266 3076353 1 1 878958 2 2 439479 0 0
fn=void lob::v5::BookT<lob::ChecksumSink, 16u>::modify_in<boost::unordered::unordered_flat_map<unsigned int, unsigned int, boost::hash<unsigned int>, std::__1::equal_to<unsigned int>, std::__1::allocator<std::__1::pair<unsigned int const, unsigned int> > >, unsigned int>(boost::unordered::unordered_flat_map<unsigned int, unsigned int, boost::hash<unsigned int>, std::__1::equal_to<unsigned int>, std::__1::allocator<std::__1::pair<unsigned int const, unsigned int> > >&, unsigned int, unsigned long, long, unsigned int)
0 166905 1 1 55635 0 0 0 0 0
271 111270 0 0 0 0 0 0 0 0
272 111270 0 0 0 0 0 0 0 0
279 88416 0 0 44208 0 0 0 0 0
336 55635 0 0 55635 309 0 0 0 0
404 44208 0 0 0 0 0 0 0 0
849 389445 0 0 166905 5 0 0 0 0
927 112096 0 0 0 0 0 0 0 0
1727 111270 0 0 0 0 0 0 0 0
1729 55635 0 0 0 0 0 0 0 0
1732 111270 0 0 0 0 0 0 0 0
1733 55635 0 0 0 0 0 0 0 0
1737 56048 0 0 0 0 0 0 0 0
1743 826 1 1 0 0 0 0 0 0
1955 55635 0 0 55635 0 0 0 0 0
2266 154728 1 1 44208 0 0 22104 0 0
fl=/home/wang/git-repositories/vcpkg/installed/x64-linux-clang-libcxx/include/boost/unordered/detail/foa/table.hpp
fn=_ZN5boost9unordered6detail3foa10table_coreINS2_14flat_map_typesIjjEENS2_7group15INS2_14plain_integralEEENS2_12table_arraysENS2_18plain_size_controlENS_4hashIjEENSt3__18equal_toIjEENSD_9allocatorINSD_4pairIKjjEEEEE22for_all_elements_whileIZNSL_22for_all_elements_whileIZNSL_16for_all_elementsIZNSL_16unchecked_rehashERNS9_ISJ_S8_NS2_16pow2_size_policyESK_EEEUlPSJ_E_EEDTcmclfL1p0_LDnEEcvv_EERKSQ_T_EUlSS_E_EESU_SW_SX_EUlPS8_jSS_E_EEDTcmclfp0_LDnELi0ELDnEEcvv_EESW_SX_
40 5160 1 1 0 0 0 5160 0 0
fn=boost::unordered::detail::foa::table_locator<boost::unordered::detail::foa::group15<boost::unordered::detail::foa::plain_integral>, std::__1::pair<unsigned int const, unsigned int> > boost::unordered::detail::foa::table_core<boost::unordered::detail::foa::flat_map_types<unsigned int, unsigned int>, boost::unordered::detail::foa::group15<boost::unordered::detail::foa::plain_integral>, boost::unordered::detail::foa::table_arrays, boost::unordered::detail::foa::plain_size_control, boost::hash<unsigned int>, std::__1::equal_to<unsigned int>, std::__1::allocator<std::__1::pair<unsigned int const, unsigned int> > >::unchecked_emplace_with_rehash<boost::unordered::detail::foa::try_emplace_args_t, unsigned int&, unsigned int&>(unsigned long, boost::unordered::detail::foa::try_emplace_args_t&&, unsigned int&, unsigned int&)
0 27 0 0 9 0 0 9 0 0
40 18 1 1 0 0 0 18 0 0
fn=lob::v5::BookT<lob::ChecksumSink, 16u>::index_erase(unsigned long)
0 32717 0 0 32717 0 0 0 0 0
40 65434 0 0 0 0 0 32717 0 0
140 32717 0 0 0 0 0 0 0 0
493 32717 0 0 0 0 0 0 0 0
fn=lob::v5::BookT<lob::ChecksumSink, 16u>::index_insert(unsigned long, unsigned int)
0 993791 4 3 0 0 0 0 0 0
40 496093 0 0 0 0 0 496093 0 0
46 14 0 0 14 0 0 0 0 0
640 1488306 1 1 992204 0 0 0 0 0
650 27 0 0 0 0 0 9 0 0
fn=void lob::v5::BookT<lob::ChecksumSink, 16u>::cancel_in<boost::unordered::unordered_flat_map<unsigned int, unsigned int, boost::hash<unsigned int>, std::__1::equal_to<unsigned int>, std::__1::allocator<std::__1::pair<unsigned int const, unsigned int> > >, unsigned int>(boost::unordered::unordered_flat_map<unsigned int, unsigned int, boost::hash<unsigned int>, std::__1::equal_to<unsigned int>, std::__1::allocator<std::__1::pair<unsigned int const, unsigned int> > >&, unsigned int, unsigned long)
40 439479 0 0 0 0 0 439479 0 0
140 439479 1 1 0 0 0 0 0 0
fn=void lob::v5::BookT<lob::ChecksumSink, 16u>::modify_in<boost::unordered::unordered_flat_map<unsigned int, unsigned int, boost::hash<unsigned int>, std::__1::equal_to<unsigned int>, std::__1::allocator<std::__1::pair<unsigned int const, unsigned int> > >, unsigned int>(boost::unordered::unordered_flat_map<unsigned int, unsigned int, boost::hash<unsigned int>, std::__1::equal_to<unsigned int>, std::__1::allocator<std::__1::pair<unsigned int const, unsigned int> > >&, unsigned int, unsigned long, long, unsigned int)
40 22104 0 0 0 0 0 22104 0 0
fl=/home/wang/git-repositories/vcpkg/installed/x64-linux-clang-libcxx/include/boost/unordered/detail/mulx.hpp
fn=_ZN5boost9unordered6detail3foa10table_coreINS2_14flat_map_typesIjjEENS2_7group15INS2_14plain_integralEEENS2_12table_arraysENS2_18plain_size_controlENS_4hashIjEENSt3__18equal_toIjEENSD_9allocatorINSD_4pairIKjjEEEEE22for_all_elements_whileIZNSL_22for_all_elements_whileIZNSL_16for_all_elementsIZNSL_16unchecked_rehashERNS9_ISJ_S8_NS2_16pow2_size_policyESK_EEEUlPSJ_E_EEDTcmclfL1p0_LDnEEcvv_EERKSQ_T_EUlSS_E_EESU_SW_SX_EUlPS8_jSS_E_EEDTcmclfp0_LDnELi0ELDnEEcvv_EESW_SX_
45 5160 0 0 0 0 0 0 0 0
46 5160 0 0 0 0 0 0 0 0
fn=auto lob::for_each_type<std::__1::tuple<lob::v0::Book<lob::ChecksumSink>, lob::v1::Book<lob::ChecksumSink>, lob::v2::Book<lob::ChecksumSink>, lob::v3::BookT<lob::ChecksumSink, 16u>, lob::v4::BookT<lob::ChecksumSink, 16u>, lob::v5::BookT<lob::ChecksumSink, 16u> >, (anonymous namespace)::with_version<(anonymous namespace)::cmd_replay((anonymous namespace)::Args const&)::$_0>(std::__1::basic_string_view<char, std::__1::char_traits<char> >, (anonymous namespace)::cmd_replay((anonymous namespace)::Args const&)::$_0&&)::{lambda<typename $T0>()#1}>((anonymous namespace)::with_version<(anonymous namespace)::cmd_replay((anonymous namespace)::Args const&)::$_0>(std::__1::basic_string_view<char, std::__1::char_traits<char> >, (anonymous namespace)::cmd_replay((anonymous namespace)::Args const&)::$_0&&)::{lambda<typename $T0>()#1}&&)::{lambda<unsigned long... $N0>(std::__1::integer_sequence<unsigned long, ($N0)...>)#1}::operator()<0ul, 1ul, 2ul, 3ul, 4ul, 5ul>(std::__1::integer_sequence<unsigned long, 0ul, 1ul, 2ul, 3ul, 4ul, 5ul>) const
45 1009773 2 2 0 0 0 0 0 0
46 504886 0 0 0 0 0 0 0 0
fn=lob::v5::BookT<lob::ChecksumSink, 16u>::index_erase(unsigned long)
45 32717 0 0 0 0 0 0 0 0
46 32717 0 0 0 0 0 0 0 0
fn=lob::v5::BookT<lob::ChecksumSink, 16u>::index_insert(unsigned long, unsigned int)
45 496102 0 0 0 0 0 0 0 0
46 496102 1 1 0 0 0 0 0 0
fn=void lob::v5::BookT<lob::ChecksumSink, 16u>::cancel_in<boost::unordered::unordered_flat_map<unsigned int, unsigned int, boost::hash<unsigned int>, std::__1::equal_to<unsigned int>, std::__1::allocator<std::__1::pair<unsigned int const, unsigned int> > >, unsigned int>(boost::unordered::unordered_flat_map<unsigned int, unsigned int, boost::hash<unsigned int>, std::__1::equal_to<unsigned int>, std::__1::allocator<std::__1::pair<unsigned int const, unsigned int> > >&, unsigned int, unsigned long)
45 878958 0 0 0 0 0 0 0 0
46 439479 0 0 0 0 0 0 0 0
fn=void lob::v5::BookT<lob::ChecksumSink, 16u>::modify_in<boost::unordered::unordered_flat_map<unsigned int, unsigned int, boost::hash<unsigned int>, std::__1::equal_to<unsigned int>, std::__1::allocator<std::__1::pair<unsigned int const, unsigned int> > >, unsigned int>(boost::unordered::unordered_flat_map<unsigned int, unsigned int, boost::hash<unsigned int>, std::__1::equal_to<unsigned int>, std::__1::allocator<std::__1::pair<unsigned int const, unsigned int> > >&, unsigned int, unsigned long, long, unsigned int)
0 55635 0 0 0 0 0 0 0 0
45 111270 0 0 0 0 0 0 0 0
46 55635 0 0 0 0 0 0 0 0
fl=/home/wang/sources/cxx/book/include/lob/events.hpp
fn=lob::v5::BookT<lob::ChecksumSink, 16u>::rest(unsigned long, lob::Side, long, unsigned int)
81 496102 0 0 0 0 0 0 0 0
92 496102 0 0 496102 3 1 0 0 0
93 6449326 1 1 496102 0 0 496102 0 0
fn=unsigned int lob::v5::BookT<lob::ChecksumSink, 16u>::match<(lob::Side)0>(unsigned long, long, unsigned int)
92 124020 0 0 31005 0 0 31005 0 0
93 403065 1 1 62010 0 0 31005 0 0
fn=unsigned int lob::v5::BookT<lob::ChecksumSink, 16u>::match<(lob::Side)1>(unsigned long, long, unsigned int)
92 122804 0 0 30701 0 0 30701 0 0
93 399113 1 1 61402 0 0 30701 0 0
fn=void lob::v5::BookT<lob::ChecksumSink, 16u>::cancel_in<boost::unordered::unordered_flat_map<unsigned int, unsigned int, boost::hash<unsigned int>, std::__1::equal_to<unsigned int>, std::__1::allocator<std::__1::pair<unsigned int const, unsigned int> > >, unsigned int>(boost::unordered::unordered_flat_map<unsigned int, unsigned int, boost::hash<unsigned int>, std::__1::equal_to<unsigned int>, std::__1::allocator<std::__1::pair<unsigned int const, unsigned int> > >&, unsigned int, unsigned long)
92 439479 0 0 439479 0 0 0 0 0
93 2636874 1 1 878958 0 0 0 0 0
fn=void lob::v5::BookT<lob::ChecksumSink, 16u>::modify_in<boost::unordered::unordered_flat_map<unsigned int, unsigned int, boost::hash<unsigned int>, std::__1::equal_to<unsigned int>, std::__1::allocator<std::__1::pair<unsigned int const, unsigned int> > >, unsigned int>(boost::unordered::unordered_flat_map<unsigned int, unsigned int, boost::hash<unsigned int>, std::__1::equal_to<unsigned int>, std::__1::allocator<std::__1::pair<unsigned int const, unsigned int> > >&, unsigned int, unsigned long, long, unsigned int)
92 55635 0 0 55635 0 0 0 0 0
93 500715 1 1 55635 0 0 55635 0 0
fl=/home/wang/sources/cxx/book/include/lob/replay.hpp
fn=auto lob::for_each_type<std::__1::tuple<lob::v0::Book<lob::ChecksumSink>, lob::v1::Book<lob::ChecksumSink>, lob::v2::Book<lob::ChecksumSink>, lob::v3::BookT<lob::ChecksumSink, 16u>, lob::v4::BookT<lob::ChecksumSink, 16u>, lob::v5::BookT<lob::ChecksumSink, 16u> >, (anonymous namespace)::with_version<(anonymous namespace)::cmd_replay((anonymous namespace)::Args const&)::$_0>(std::__1::basic_string_view<char, std::__1::char_traits<char> >, (anonymous namespace)::cmd_replay((anonymous namespace)::Args const&)::$_0&&)::{lambda<typename $T0>()#1}>((anonymous namespace)::with_version<(anonymous namespace)::cmd_replay((anonymous namespace)::Args const&)::$_0>(std::__1::basic_string_view<char, std::__1::char_traits<char> >, (anonymous namespace)::cmd_replay((anonymous namespace)::Args const&)::$_0&&)::{lambda<typename $T0>()#1}&&)::{lambda<unsigned long... $N0>(std::__1::integer_sequence<unsigned long, ($N0)...>)#1}::operator()<0ul, 1ul, 2ul, 3ul, 4ul, 5ul>(std::__1::integer_sequence<unsigned long, 0ul, 1ul, 2ul, 3ul, 4ul, 5ul>) const
0 1000002 0 0 1000001 125001 125001 0 0 0
21 4888730 1 1 1000000 179945 179942 0 0 0
23 1514658 1 1 1514658 63211 63211 0 0 0
29 111270 1 1 111270 6848 6848 0 0 0
37 1000001 0 0 0 0 0 0 0 0
fl=/home/wang/sources/cxx/book/include/lob/v3/hier_bitmap.hpp
fn=lob::v5::BookT<lob::ChecksumSink, 16u>::remove_node(unsigned int)
0 1240 0 0 0 0 0 0 0 0
67 2480 0 0 0 0 0 0 0 0
68 6200 0 0 1240 448 0 0 0 0
fn=lob::v5::BookT<lob::ChecksumSink, 16u>::rest(unsigned long, lob::Side, long, unsigned int)
0 6 0 0 0 0 0 0 0 0
57 2543 0 0 0 0 0 0 0 0
58 3819 0 0 1273 446 6 0 0 0
59 3825 1 1 2549 1 1 2546 886 1
fn=unsigned int lob::v5::BookT<lob::ChecksumSink, 16u>::match<(lob::Side)0>(unsigned long, long, unsigned int)
0 263796 0 0 263796 0 0 0 0 0
48 791390 3 2 527594 6 3 0 0 0
79 1318980 0 0 0 0 0 0 0 0
fn=unsigned int lob::v5::BookT<lob::ChecksumSink, 16u>::match<(lob::Side)1>(unsigned long, long, unsigned int)
0 263193 0 0 263193 0 0 0 0 0
48 789579 2 2 526386 3 1 0 0 0
89 2631930 0 0 0 0 0 0 0 0
fl=/home/wang/sources/cxx/book/include/lob/v5/book.hpp
fn=auto lob::for_each_type<std::__1::tuple<lob::v0::Book<lob::ChecksumSink>, lob::v1::Book<lob::ChecksumSink>, lob::v2::Book<lob::ChecksumSink>, lob::v3::BookT<lob::ChecksumSink, 16u>, lob::v4::BookT<lob::ChecksumSink, 16u>, lob::v5::BookT<lob::ChecksumSink, 16u> >, (anonymous namespace)::with_version<(anonymous namespace)::cmd_replay((anonymous namespace)::Args const&)::$_0>(std::__1::basic_string_view<char, std::__1::char_traits<char> >, (anonymous namespace)::cmd_replay((anonymous namespace)::Args const&)::$_0&&)::{lambda<typename $T0>()#1}>((anonymous namespace)::with_version<(anonymous namespace)::cmd_replay((anonymous namespace)::Args const&)::$_0>(std::__1::basic_string_view<char, std::__1::char_traits<char> >, (anonymous namespace)::cmd_replay((anonymous namespace)::Args const&)::$_0&&)::{lambda<typename $T0>()#1}&&)::{lambda<unsigned long... $N0>(std::__1::integer_sequence<unsigned long, ($N0)...>)#1}::operator()<0ul, 1ul, 2ul, 3ul, 4ul, 5ul>(std::__1::integer_sequence<unsigned long, 0ul, 1ul, 2ul, 3ul, 4ul, 5ul>) const
0 252232 0 0 0 0 0 0 0 0
82 1009772 0 0 0 0 0 0 0 0
83 1009772 0 0 0 0 0 0 0 0
91 2197395 2 2 0 0 0 439479 0 0
99 278175 0 0 0 0 0 55635 0 0
248 7999994 2 2 1999999 3 2 0 0 0
390 1009772 0 0 0 0 0 0 0 0
391 1010616 1 1 0 0 0 252654 0 0
393 1008928 0 0 0 0 0 252232 0 0
394 1009772 0 0 0 0 0 0 0 0
395 3357312 0 0 0 0 0 479616 0 0
fn=lob::v5::BookT<lob::ChecksumSink, 16u>::alloc_node(unsigned long, lob::Side, long, unsigned int)
0 496102 0 0 0 0 0 0 0 0
346 3472714 1 1 0 0 0 2976612 1 1
347 992204 1 1 496102 0 0 0 0 0
348 496102 0 0 0 0 0 0 0 0
349 1482300 0 0 494100 24350 0 494100 0 0
350 494100 0 0 0 0 0 0 0 0
351 4004 0 0 0 0 0 0 0 0
355 2482512 1 1 0 0 0 2480510 11114 0
356 4464918 0 0 3472714 1 0 0 0 0
fn=lob::v5::BookT<lob::ChecksumSink, 16u>::index_erase(unsigned long)
0 65434 1 1 32717 0 0 0 0 0
248 261736 0 0 65434 0 0 0 0 0
280 163585 0 0 0 0 0 163585 0 0
286 196302 0 0 196302 0 0 0 0 0
fn=lob::v5::BookT<lob::ChecksumSink, 16u>::index_insert(unsigned long, unsigned int)
0 2 0 0 0 0 0 0 0 0
248 2976612 1 1 496102 0 0 0 0 0
249 496102 0 0 0 0 0 496102 0 0
268 4961020 1 1 0 0 0 3968816 0 0
269 992204 0 0 496102 1 0 0 0 0
270 4 0 0 0 0 0 1 0 0
271 1 0 0 0 0 0 1 0 0
275 496102 0 0 0 0 0 0 0 0
278 3968816 1 1 3472714 4 2 0 0 0
fn=lob::v5::BookT<lob::ChecksumSink, 16u>::remove_node(unsigned int)
0 462823 0 0 462823 0 0 0 0 0
324 923166 0 0 461583 1 1 0 0 0
326 923166 0 0 461583 0 0 0 0 0
328 461583 0 0 461583 0 0 0 0 0
329 3692664 1 1 0 0 0 0 0 0
331 923166 0 0 0 0 0 0 0 0
360 923166 0 0 461583 0 0 461583 0 0
361 461583 0 0 0 0 0 461583 0 0
378 1846332 0 0 461583 0 0 0 0 0
379 453488 1 1 0 0 0 453488 284494 0
381 8095 0 0 0 0 0 8095 145 0
382 923166 0 0 0 0 0 0 0 0
383 907234 0 0 0 0 0 453617 281989 0
385 7966 0 0 0 0 0 7966 39 0
386 461583 1 1 461583 278 0 0 0 0
468 1846332 1 1 0 0 0 923166 0 0
469 461583 0 0 0 0 0 0 0 0
470 461583 0 0 461583 140576 0 0 0 0
471 1384749 0 0 461583 0 0 0 0 0
472 923166 0 0 923166 3205 1 0 0 0
473 461583 0 0 461583 0 0 0 0 0
476 926886 1 1 461583 49 1 0 0 0
491 1384749 0 0 923166 0 0 0 0 0
fn=lob::v5::BookT<lob::ChecksumSink, 16u>::rest(unsigned long, lob::Side, long, unsigned int)
0 1270 0 0 1270 0 0 0 0 0
326 1488306 0 0 496102 0 0 0 0 0
328 496102 1 1 496102 0 0 0 0 0
329 3968816 0 0 0 0 0 0 0 0
331 992204 0 0 0 0 0 0 0 0
336 4 0 0 0 0 0 1 0 0
337 1 0 0 0 0 0 1 0 0
366 1984408 1 1 496102 0 0 496102 0 0
367 992204 1 1 0 0 0 496102 0 0
368 496102 0 0 0 0 0 0 0 0
369 989664 0 0 0 0 0 494832 13777 0
371 1270 0 0 0 0 0 1270 0 0
372 496102 0 0 0 0 0 496102 0 0
373 496102 0 0 496102 756 8 0 0 0
449 5953224 1 1 0 0 0 2976612 0 0
450 992204 0 0 0 0 0 496102 0 0
451 992214 1 1 496103 1 0 0 0 0
455 1488306 0 0 496102 0 0 0 0 0
456 996014 1 1 496102 3217 20 0 0 0
461 992204 0 0 496102 0 0 0 0 0
462 1984408 0 0 0 0 0 496102 0 0
463 496102 0 0 496102 4 2 0 0 0
464 3968816 1 1 3472714 3 1 0 0 0
fn=unsigned int lob::v5::BookT<lob::ChecksumSink, 16u>::match<(lob::Side)0>(unsigned long, long, unsigned int)
0 1447113 2 2 32984 0 0 263797 0 0
333 527592 0 0 263796 0 0 0 0 0
360 32984 0 0 16492 0 0 16492 0 0
361 16492 0 0 0 0 0 16492 0 0
378 49476 0 0 16492 0 0 0 0 0
381 16492 0 0 0 0 0 16492 0 0
382 32984 0 0 0 0 0 0 0 0
383 32984 0 0 0 0 0 16492 11060 0
386 16492 0 0 16492 0 0 0 0 0
401 2374173 1 1 0 0 0 2110376 1 1
410 527594 0 0 0 0 0 0 0 0
413 791391 0 0 0 0 0 0 0 0
416 263796 0 0 0 0 0 0 0 0
421 263796 0 0 0 0 0 0 0 0
423 775810 0 0 263796 0 0 0 0 0
424 155780 1 1 31156 0 0 31156 0 0
425 124020 1 1 31005 0 0 0 0 0
428 124020 0 0 0 0 0 0 0 0
429 62010 0 0 62010 5893 0 0 0 0
431 93015 0 0 0 0 0 31005 0 0
432 31005 0 0 31005 0 0 0 0 0
433 31005 1 1 0 0 0 0 0 0
434 16492 0 0 0 0 0 16492 0 0
439 31156 0 0 15578 0 0 0 0 0
446 2374173 1 1 1846579 0 0 0 0 0
fn=unsigned int lob::v5::BookT<lob::ChecksumSink, 16u>::match<(lob::Side)1>(unsigned long, long, unsigned int)
0 1442186 2 2 32450 0 0 263193 0 0
333 526386 1 1 263193 0 0 0 0 0
360 32450 0 0 16225 0 0 16225 0 0
361 16225 0 0 0 0 0 16225 0 0
378 48675 0 0 16225 0 0 0 0 0
381 16225 0 0 0 0 0 16225 0 0
382 32450 0 0 0 0 0 0 0 0
383 32450 0 0 0 0 0 16225 10894 0
386 16225 0 0 16225 0 0 0 0 0
401 2368737 1 1 0 0 0 2105544 0 0
410 526386 0 0 0 0 0 0 0 0
413 789579 0 0 0 0 0 0 0 0
416 263193 0 0 0 0 0 0 0 0
421 263193 0 0 0 0 0 0 0 0
423 774269 0 0 263193 0 0 0 0 0
424 153100 1 1 30620 0 0 30620 0 0
425 122804 1 1 30701 0 0 0 0 0
428 122804 0 0 0 0 0 0 0 0
429 61402 0 0 61402 5901 0 0 0 0
431 92103 0 0 0 0 0 30701 0 0
432 30701 0 0 30701 0 0 0 0 0
433 30701 1 1 0 0 0 0 0 0
434 16225 0 0 0 0 0 16225 0 0
439 30620 0 0 15310 0 0 0 0 0
446 2368737 1 1 1842351 0 0 0 0 0
fn=void lob::v5::BookT<lob::ChecksumSink, 16u>::cancel_in<boost::unordered::unordered_flat_map<unsigned int, unsigned int, boost::hash<unsigned int>, std::__1::equal_to<unsigned int>, std::__1::allocator<std::__1::pair<unsigned int const, unsigned int> > >, unsigned int>(boost::unordered::unordered_flat_map<unsigned int, unsigned int, boost::hash<unsigned int>, std::__1::equal_to<unsigned int>, std::__1::allocator<std::__1::pair<unsigned int const, unsigned int> > >&, unsigned int, unsigned long)
0 2197395 0 0 439479 0 0 878958 0 0
289 4394790 1 1 0 0 0 3076353 0 0
292 439479 0 0 439479 0 0 0 0 0
293 439479 0 0 439479 273122 0 0 0 0
294 439479 0 0 0 0 0 439479 0 0
296 439479 0 0 439479 0 0 0 0 0
297 3515832 0 0 3076353 0 0 0 0 0
fn=void lob::v5::BookT<lob::ChecksumSink, 16u>::modify_in<boost::unordered::unordered_flat_map<unsigned int, unsigned int, boost::hash<unsigned int>, std::__1::equal_to<unsigned int>, std::__1::allocator<std::__1::pair<unsigned int const, unsigned int> > >, unsigned int>(boost::unordered::unordered_flat_map<unsigned int, unsigned int, boost::hash<unsigned int>, std::__1::equal_to<unsigned int>, std::__1::allocator<std::__1::pair<unsigned int const, unsigned int> > >&, unsigned int, unsigned long, long, unsigned int)
0 644766 1 1 189009 17567 0 44208 0 0
300 500715 2 2 0 0 0 389445 0 0
303 111270 1 1 0 0 0 0 0 0
304 111270 0 0 0 0 0 0 0 0
306 55635 1 1 55635 0 0 0 0 0
308 222540 0 0 55635 34811 0 0 0 0
309 67062 2 2 33531 272 0 0 0 0
310 33531 0 0 0 0 0 33531 0 0
311 33531 1 1 33531 0 0 0 0 0
312 33531 0 0 0 0 0 0 0 0
314 22104 1 1 22104 0 0 0 0 0
316 66312 0 0 22104 0 0 22104 0 0
318 22104 0 0 22104 0 0 0 0 0
320 313192 0 0 274043 0 0 0 0 0
324 67062 0 0 33531 0 0 0 0 0
326 100593 0 0 33531 0 0 0 0 0
328 33531 0 0 33531 0 0 0 0 0
329 268248 0 0 0 0 0 0 0 0
331 100593 0 0 0 0 0 0 0 0
341 67062 0 0 0 0 0 0 0 0
390 44208 0 0 0 0 0 0 0 0
391 11143 0 0 0 0 0 11143 0 0
393 10961 0 0 0 0 0 10961 0 0
394 46976 0 0 0 0 0 0 0 0
395 214318 2 2 115402 0 0 0 0 0
fl=/home/wang/sources/cxx/book/source/main.cxx
fn=auto lob::for_each_type<std::__1::tuple<lob::v0::Book<lob::ChecksumSink>, lob::v1::Book<lob::ChecksumSink>, lob::v2::Book<lob::ChecksumSink>, lob::v3::BookT<lob::ChecksumSink, 16u>, lob::v4::BookT<lob::ChecksumSink, 16u>, lob::v5::BookT<lob::ChecksumSink, 16u> >, (anonymous namespace)::with_version<(anonymous namespace)::cmd_replay((anonymous namespace)::Args const&)::$_0>(std::__1::basic_string_view<char, std::__1::char_traits<char> >, (anonymous namespace)::cmd_replay((anonymous namespace)::Args const&)::$_0&&)::{lambda<typename $T0>()#1}>((anonymous namespace)::with_version<(anonymous namespace)::cmd_replay((anonymous namespace)::Args const&)::$_0>(std::__1::basic_string_view<char, std::__1::char_traits<char> >, (anonymous namespace)::cmd_replay((anonymous namespace)::Args const&)::$_0&&)::{lambda<typename $T0>()#1}&&)::{lambda<unsigned long... $N0>(std::__1::integer_sequence<unsigned long, ($N0)...>)#1}::operator()<0ul, 1ul, 2ul, 3ul, 4ul, 5ul>(std::__1::integer_sequence<unsigned long, 0ul, 1ul, 2ul, 3ul, 4ul, 5ul>) const
0 1 0 0 0 0 0 0 0 0
293 2 2 2 0 0 0 1 1 1
294 1 0 0 1 1 1 0 0 0
295 9 3 3 0 0 0 6 1 1
fl=/usr/include/c++/v1/__algorithm/comp.h
fn=unsigned int lob::v5::BookT<lob::ChecksumSink, 16u>::match<(lob::Side)0>(unsigned long, long, unsigned int)
41 31005 0 0 31005 439 0 0 0 0
fn=unsigned int lob::v5::BookT<lob::ChecksumSink, 16u>::match<(lob::Side)1>(unsigned long, long, unsigned int)
41 30701 0 0 30701 455 0 0 0 0
fl=/usr/include/c++/v1/__bit/countl.h
fn=unsigned int lob::v5::BookT<lob::ChecksumSink, 16u>::match<(lob::Side)1>(unsigned long, long, unsigned int)
28 1052772 0 0 526386 8 2 0 0 0
fl=/usr/include/c++/v1/__bit/countr.h
fn=unsigned int lob::v5::BookT<lob::ChecksumSink, 16u>::match<(lob::Side)0>(unsigned long, long, unsigned int)
28 1318980 0 0 527592 6 2 0 0 0
fl=/usr/include/c++/v1/__functional/operations.h
fn=auto lob::for_each_type<std::__1::tuple<lob::v0::Book<lob::ChecksumSink>, lob::v1::Book<lob::ChecksumSink>, lob::v2::Book<lob::ChecksumSink>, lob::v3::BookT<lob::ChecksumSink, 16u>, lob::v4::BookT<lob::ChecksumSink, 16u>, lob::v5::BookT<lob::ChecksumSink, 16u> >, (anonymous namespace)::with_version<(anonymous namespace)::cmd_replay((anonymous namespace)::Args const&)::$_0>(std::__1::basic_string_view<char, std::__1::char_traits<char> >, (anonymous namespace)::cmd_replay((anonymous namespace)::Args const&)::$_0&&)::{lambda<typename $T0>()#1}>((anonymous namespace)::with_version<(anonymous namespace)::cmd_replay((anonymous namespace)::Args const&)::$_0>(std::__1::basic_string_view<char, std::__1::char_traits<char> >, (anonymous namespace)::cmd_replay((anonymous namespace)::Args const&)::$_0&&)::{lambda<typename $T0>()#1}&&)::{lambda<unsigned long... $N0>(std::__1::integer_sequence<unsigned long, ($N0)...>)#1}::operator()<0ul, 1ul, 2ul, 3ul, 4ul, 5ul>(std::__1::integer_sequence<unsigned long, 0ul, 1ul, 2ul, 3ul, 4ul, 5ul>) const
300 7360 0 0 7360 5317 0 0 0 0
fn=lob::v5::BookT<lob::ChecksumSink, 16u>::index_erase(unsigned long)
300 32896 1 1 32896 19007 0 0 0 0
fn=lob::v5::BookT<lob::ChecksumSink, 16u>::index_insert(unsigned long, unsigned int)
300 7253 0 0 7253 28 0 0 0 0
fn=void lob::v5::BookT<lob::ChecksumSink, 16u>::cancel_in<boost::unordered::unordered_flat_map<unsigned int, unsigned int, boost::hash<unsigned int>, std::__1::equal_to<unsigned int>, std::__1::allocator<std::__1::pair<unsigned int const, unsigned int> > >, unsigned int>(boost::unordered::unordered_flat_map<unsigned int, unsigned int, boost::hash<unsigned int>, std::__1::equal_to<unsigned int>, std::__1::allocator<std::__1::pair<unsigned int const, unsigned int> > >&, unsigned int, unsigned long)
300 442740 0 0 442740 236637 0 0 0 0
fn=void lob::v5::BookT<lob::ChecksumSink, 16u>::modify_in<boost::unordered::unordered_flat_map<unsigned int, unsigned int, boost::hash<unsigned int>, std::__1::equal_to<unsigned int>, std::__1::allocator<std::__1::pair<unsigned int const, unsigned int> > >, unsigned int>(boost::unordered::unordered_flat_map<unsigned int, unsigned int, boost::hash<unsigned int>, std::__1::equal_to<unsigned int>, std::__1::allocator<std::__1::pair<unsigned int const, unsigned int> > >&, unsigned int, unsigned long, long, unsigned int)
300 56048 0 0 56048 29855 0 0 0 0
fl=/usr/include/c++/v1/__iterator/wrap_iter.h
fn=auto lob::for_each_type<std::__1::tuple<lob::v0::Book<lob::ChecksumSink>, lob::v1::Book<lob::ChecksumSink>, lob::v2::Book<lob::ChecksumSink>, lob::v3::BookT<lob::ChecksumSink, 16u>, lob::v4::BookT<lob::ChecksumSink, 16u>, lob::v5::BookT<lob::ChecksumSink, 16u> >, (anonymous namespace)::with_version<(anonymous namespace)::cmd_replay((anonymous namespace)::Args const&)::$_0>(std::__1::basic_string_view<char, std::__1::char_traits<char> >, (anonymous namespace)::cmd_replay((anonymous namespace)::Args const&)::$_0&&)::{lambda<typename $T0>()#1}>((anonymous namespace)::with_version<(anonymous namespace)::cmd_replay((anonymous namespace)::Args const&)::$_0>(std::__1::basic_string_view<char, std::__1::char_traits<char> >, (anonymous namespace)::cmd_replay((anonymous namespace)::Args const&)::$_0&&)::{lambda<typename $T0>()#1}&&)::{lambda<unsigned long... $N0>(std::__1::integer_sequence<unsigned long, ($N0)...>)#1}::operator()<0ul, 1ul, 2ul, 3ul, 4ul, 5ul>(std::__1::integer_sequence<unsigned long, 0ul, 1ul, 2ul, 3ul, 4ul, 5ul>) const
65 1000000 0 0 0 0 0 0 0 0
125 1000001 0 0 1000000 3 1 0 0 0
fl=/usr/include/c++/v1/__math/rounding_functions.h
fn=boost::unordered::detail::foa::table_locator<boost::unordered::detail::foa::group15<boost::unordered::detail::foa::plain_integral>, std::__1::pair<unsigned int const, unsigned int> > boost::unordered::detail::foa::table_core<boost::unordered::detail::foa::flat_map_types<unsigned int, unsigned int>, boost::unordered::detail::foa::group15<boost::unordered::detail::foa::plain_integral>, boost::unordered::detail::foa::table_arrays, boost::unordered::detail::foa::plain_size_control, boost::hash<unsigned int>, std::__1::equal_to<unsigned int>, std::__1::allocator<std::__1::pair<unsigned int const, unsigned int> > >::unchecked_emplace_with_rehash<boost::unordered::detail::foa::try_emplace_args_t, unsigned int&, unsigned int&>(unsigned long, boost::unordered::detail::foa::try_emplace_args_t&&, unsigned int&, unsigned int&)
29 9 0 0 0 0 0 0 0 0
fl=/usr/include/c++/v1/__memory/allocator.h
fn=lob::v5::BookT<lob::ChecksumSink, 16u>::alloc_node(unsigned long, lob::Side, long, unsigned int)
100 24 0 0 0 0 0 0 0 0
fl=/usr/include/c++/v1/__memory/construct_at.h
fn=lob::v5::BookT<lob::ChecksumSink, 16u>::alloc_node(unsigned long, lob::Side, long, unsigned int)
38 4004 0 0 0 0 0 2002 1001 1000
fl=/usr/include/c++/v1/__memory/uninitialized_algorithms.h
fn=lob::v5::BookT<lob::ChecksumSink, 16u>::alloc_node(unsigned long, lob::Side, long, unsigned int)
0 12 0 0 12 1 0 0 0 0
638 60 0 0 0 0 0 12 0 0
fl=/usr/include/c++/v1/__new/allocate.h
fn=boost::unordered::detail::foa::table_core<boost::unordered::detail::foa::flat_map_types<unsigned int, unsigned int>, boost::unordered::detail::foa::group15<boost::unordered::detail::foa::plain_integral>, boost::unordered::detail::foa::table_arrays, boost::unordered::detail::foa::plain_size_control, boost::hash<unsigned int>, std::__1::equal_to<unsigned int>, std::__1::allocator<std::__1::pair<unsigned int const, unsigned int> > >::unchecked_rehash(boost::unordered::detail::foa::table_arrays<std::__1::pair<unsigned int const, unsigned int>, boost::unordered::detail::foa::group15<boost::unordered::detail::foa::plain_integral>, boost::unordered::detail::foa::pow2_size_policy, std::__1::allocator<std::__1::pair<unsigned int const, unsigned int> > >&)
63 8 0 0 0 0 0 8 0 0
fn=boost::unordered::detail::foa::table_locator<boost::unordered::detail::foa::group15<boost::unordered::detail::foa::plain_integral>, std::__1::pair<unsigned int const, unsigned int> > boost::unordered::detail::foa::table_core<boost::unordered::detail::foa::flat_map_types<unsigned int, unsigned int>, boost::unordered::detail::foa::group15<boost::unordered::detail::foa::plain_integral>, boost::unordered::detail::foa::table_arrays, boost::unordered::detail::foa::plain_size_control, boost::hash<unsigned int>, std::__1::equal_to<unsigned int>, std::__1::allocator<std::__1::pair<unsigned int const, unsigned int> > >::unchecked_emplace_with_rehash<boost::unordered::detail::foa::try_emplace_args_t, unsigned int&, unsigned int&>(unsigned long, boost::unordered::detail::foa::try_emplace_args_t&&, unsigned int&, unsigned int&)
43 18 0 0 0 0 0 9 0 0
fn=lob::v5::BookT<lob::ChecksumSink, 16u>::alloc_node(unsigned long, lob::Side, long, unsigned int)
0 71 1 1 71 0 0 0 0 0
37 12 0 0 0 0 0 0 0 0
43 24 0 0 0 0 0 12 0 0
63 33 0 0 0 0 0 11 0 0
fl=/usr/include/c++/v1/__split_buffer
fn=lob::v5::BookT<lob::ChecksumSink, 16u>::alloc_node(unsigned long, lob::Side, long, unsigned int)
334 12 0 0 0 0 0 0 0 0
335 12 0 0 0 0 0 0 0 0
341 24 0 0 0 0 0 0 0 0
fl=/usr/include/c++/v1/__utility/pair.h
fn=_ZN5boost9unordered6detail3foa10table_coreINS2_14flat_map_typesIjjEENS2_7group15INS2_14plain_integralEEENS2_12table_arraysENS2_18plain_size_controlENS_4hashIjEENSt3__18equal_toIjEENSD_9allocatorINSD_4pairIKjjEEEEE22for_all_elements_whileIZNSL_22for_all_elements_whileIZNSL_16for_all_elementsIZNSL_16unchecked_rehashERNS9_ISJ_S8_NS2_16pow2_size_policyESK_EEEUlPSJ_E_EEDTcmclfL1p0_LDnEEcvv_EERKSQ_T_EUlSS_E_EESU_SW_SX_EUlPS8_jSS_E_EEDTcmclfp0_LDnELi0ELDnEEcvv_EESW_SX_
196 15480 0 0 5160 0 0 10320 1121 481
fn=boost::unordered::detail::foa::table_locator<boost::unordered::detail::foa::group15<boost::unordered::detail::foa::plain_integral>, std::__1::pair<unsigned int const, unsigned int> > boost::unordered::detail::foa::table_core<boost::unordered::detail::foa::flat_map_types<unsigned int, unsigned int>, boost::unordered::detail::foa::group15<boost::unordered::detail::foa::plain_integral>, boost::unordered::detail::foa::table_arrays, boost::unordered::detail::foa::plain_size_control, boost::hash<unsigned int>, std::__1::equal_to<unsigned int>, std::__1::allocator<std::__1::pair<unsigned int const, unsigned int> > >::unchecked_emplace_with_rehash<boost::unordered::detail::foa::try_emplace_args_t, unsigned int&, unsigned int&>(unsigned long, boost::unordered::detail::foa::try_emplace_args_t&&, unsigned int&, unsigned int&)
445 18 0 0 9 0 0 9 7 5
446 18 0 0 9 0 0 9 0 0
fn=lob::v5::BookT<lob::ChecksumSink, 16u>::index_insert(unsigned long, unsigned int)
445 496093 0 0 0 0 0 496093 301907 46
446 992186 0 0 496093 0 0 496093 0 0
fl=/usr/include/c++/v1/__utility/swap.h
fn=lob::v5::BookT<lob::ChecksumSink, 16u>::alloc_node(unsigned long, lob::Side, long, unsigned int)
44 36 0 0 0 0 0 36 1 0
fl=/usr/include/c++/v1/__vector/vector.h
fn=auto lob::for_each_type<std::__1::tuple<lob::v0::Book<lob::ChecksumSink>, lob::v1::Book<lob::ChecksumSink>, lob::v2::Book<lob::ChecksumSink>, lob::v3::BookT<lob::ChecksumSink, 16u>, lob::v4::BookT<lob::ChecksumSink, 16u>, lob::v5::BookT<lob::ChecksumSink, 16u> >, (anonymous namespace)::with_version<(anonymous namespace)::cmd_replay((anonymous namespace)::Args const&)::$_0>(std::__1::basic_string_view<char, std::__1::char_traits<char> >, (anonymous namespace)::cmd_replay((anonymous namespace)::Args const&)::$_0&&)::{lambda<typename $T0>()#1}>((anonymous namespace)::with_version<(anonymous namespace)::cmd_replay((anonymous namespace)::Args const&)::$_0>(std::__1::basic_string_view<char, std::__1::char_traits<char> >, (anonymous namespace)::cmd_replay((anonymous namespace)::Args const&)::$_0&&)::{lambda<typename $T0>()#1}&&)::{lambda<unsigned long... $N0>(std::__1::integer_sequence<unsigned long, ($N0)...>)#1}::operator()<0ul, 1ul, 2ul, 3ul, 4ul, 5ul>(std::__1::integer_sequence<unsigned long, 0ul, 1ul, 2ul, 3ul, 4ul, 5ul>) const
0 1 0 0 0 0 0 1 1 1
388 1 0 0 1 0 0 0 0 0
449 1 0 0 1 1 1 0 0 0
fn=lob::v5::BookT<lob::ChecksumSink, 16u>::alloc_node(unsigned long, lob::Side, long, unsigned int)
0 4100 0 0 12 0 0 72 1 1
388 10010 1 1 4004 0 0 0 0 0
391 12 0 0 0 0 0 0 0 0
407 1980404 0 0 496102 0 0 0 0 0
475 1990 0 0 0 0 0 0 0 0
844 24 0 0 0 0 0 0 0 0
902 36 1 1 0 0 0 0 0 0
905 84 1 1 0 0 0 0 0 0
1128 12 0 0 0 0 0 0 0 0
1131 24 1 1 0 0 0 0 0 0
1146 6006 0 0 2002 0 0 0 0 0
1149 1990 0 0 0 0 0 0 0 0
1152 2002 0 0 0 0 0 2002 0 0
fn=lob::v5::BookT<lob::ChecksumSink, 16u>::remove_node(unsigned int)
407 2745342 1 1 461583 0 0 0 0 0
fn=lob::v5::BookT<lob::ChecksumSink, 16u>::rest(unsigned long, lob::Side, long, unsigned int)
407 1487036 0 0 496102 0 0 0 0 0
fn=unsigned int lob::v5::BookT<lob::ChecksumSink, 16u>::match<(lob::Side)0>(unsigned long, long, unsigned int)
407 125999 0 0 47497 0 0 0 0 0
fn=unsigned int lob::v5::BookT<lob::ChecksumSink, 16u>::match<(lob::Side)1>(unsigned long, long, unsigned int)
407 124553 0 0 46926 0 0 0 0 0
fn=void lob::v5::BookT<lob::ChecksumSink, 16u>::cancel_in<boost::unordered::unordered_flat_map<unsigned int, unsigned int, boost::hash<unsigned int>, std::__1::equal_to<unsigned int>, std::__1::allocator<std::__1::pair<unsigned int const, unsigned int> > >, unsigned int>(boost::unordered::unordered_flat_map<unsigned int, unsigned int, boost::hash<unsigned int>, std::__1::equal_to<unsigned int>, std::__1::allocator<std::__1::pair<unsigned int const, unsigned int> > >&, unsigned int, unsigned long)
407 1757916 1 1 439479 1 1 0 0 0
fn=void lob::v5::BookT<lob::ChecksumSink, 16u>::modify_in<boost::unordered::unordered_flat_map<unsigned int, unsigned int, boost::hash<unsigned int>, std::__1::equal_to<unsigned int>, std::__1::allocator<std::__1::pair<unsigned int const, unsigned int> > >, unsigned int>(boost::unordered::unordered_flat_map<unsigned int, unsigned int, boost::hash<unsigned int>, std::__1::equal_to<unsigned int>, std::__1::allocator<std::__1::pair<unsigned int const, unsigned int> > >&, unsigned int, unsigned long, long, unsigned int)
407 222540 0 0 55635 0 0 0 0 0
fl=/usr/include/c++/v1/map
fn=unsigned int lob::v5::BookT<lob::ChecksumSink, 16u>::match<(lob::Side)0>(unsigned long, long, unsigned int)
1031 527593 0 0 263797 2 1 0 0 0
fn=unsigned int lob::v5::BookT<lob::ChecksumSink, 16u>::match<(lob::Side)1>(unsigned long, long, unsigned int)
1031 526386 0 0 263193 0 0 0 0 0
fl=???
fn=???
0 179 5 5 120 27 10 0 0 0
fn=operator delete(void*)
0 95 0 0 19 0 0 19 0 0
fn=operator delete(void*, unsigned long)
0 95 1 1 19 0 0 19 0 0
fn=operator new(unsigned long)
0 357 2 2 63 0 0 84 1 0
summary: 237745191 240 235 64375305 1191346 375164 35421958 919630 2652
