==93169== Cachegrind, a high-precision tracing profiler
==93169== Copyright (C) 2002-2017, and GNU GPL'd, by Nicholas Nethercote et al.
==93169== Using Valgrind-3.22.0 and LibVEX; rerun with -h for copyright info
==93169== Command: /home/wang/sources/cxx/book/build/profile/book replay --workload data/syn_deep_s42.ops --version v12
==93169== 
==93169== 
==93169== I refs:        172,418,011
==93169== I1  misses:            342
==93169== LLi misses:            311
==93169== I1  miss rate:        0.00%
==93169== LLi miss rate:        0.00%
==93169== 
==93169== D refs:         68,286,942  (49,366,408 rd   + 18,920,534 wr)
==93169== D1  misses:      4,045,052  ( 2,402,751 rd   +  1,642,301 wr)
==93169== LLd misses:        415,156  (   375,247 rd   +     39,909 wr)
==93169== D1  miss rate:         5.9% (       4.9%     +        8.7%  )
==93169== LLd miss rate:         0.6% (       0.8%     +        0.2%  )
==93169== 
==93169== LL refs:         4,045,394  ( 2,403,093 rd   +  1,642,301 wr)
==93169== LL misses:         415,467  (   375,558 rd   +     39,909 wr)
==93169== LL miss rate:          0.2% (       0.2%     +        0.2%  )
