==55034== Cachegrind, a high-precision tracing profiler
==55034== Copyright (C) 2002-2017, and GNU GPL'd, by Nicholas Nethercote et al.
==55034== Using Valgrind-3.22.0 and LibVEX; rerun with -h for copyright info
==55034== Command: /home/wang/sources/cxx/book/build/profile/book replay --workload data/itch12302019_QQQ.ops --version v8
==55034== 
==55034== 
==55034== I refs:        530,805,636
==55034== I1  misses:            264
==55034== LLi misses:            264
==55034== I1  miss rate:        0.00%
==55034== LLi miss rate:        0.00%
==55034== 
==55034== D refs:        212,378,025  (145,387,858 rd   + 66,990,167 wr)
==55034== D1  misses:      3,017,988  (  1,707,371 rd   +  1,310,617 wr)
==55034== LLd misses:        975,539  (    947,150 rd   +     28,389 wr)
==55034== D1  miss rate:         1.4% (        1.2%     +        2.0%  )
==55034== LLd miss rate:         0.5% (        0.7%     +        0.0%  )
==55034== 
==55034== LL refs:         3,018,252  (  1,707,635 rd   +  1,310,617 wr)
==55034== LL misses:         975,803  (    947,414 rd   +     28,389 wr)
==55034== LL miss rate:          0.1% (        0.1%     +        0.0%  )
