desc: I1 cache:         32768 B, 64 B, 8-way associative
desc: D1 cache:         49152 B, 64 B, 12-way associative
desc: LL cache:         6291456 B, 64 B, 12-way associative
cmd: /home/wang/sources/cxx/book/build/profile/book replay --workload data/syn_deep_s42.ops --version v2
events: Ir I1mr ILmr Dr D1mr DLmr Dw D1mw DLmw 
fl=./elf/../sysdeps/generic/dl-new-hash.h
fn=_dl_lookup_symbol_x
69 3 0 0 0 0 0 0 0 0
70 6 0 0 0 0 0 0 0 0
74 11 0 0 11 3 3 0 0 0
77 22 0 0 0 0 0 0 0 0
80 9 0 0 9 0 0 0 0 0
81 18 0 0 0 0 0 0 0 0
87 1 1 1 0 0 0 0 0 0
88 1 0 0 0 0 0 0 0 0
89 2 0 0 0 0 0 0 0 0
90 1 0 0 0 0 0 0 0 0
99 8 0 0 0 0 0 0 0 0
101 8 0 0 0 0 0 0 0 0
102 16 0 0 0 0 0 0 0 0
104 8 1 1 0 0 0 0 0 0
105 8 0 0 0 0 0 0 0 0
fl=./elf/../sysdeps/generic/dl-protected.h
fn=do_lookup_x
29 12 0 0 0 0 0 0 0 0
fl=./elf/../sysdeps/generic/ldsodefs.h
fn=do_lookup_x
139 6 0 0 3 0 0 0 0 0
140 9 0 0 0 0 0 0 0 0
fl=./elf/../sysdeps/x86_64/dl-machine.h
fn=_dl_fixup
234 3 0 0 0 0 0 3 0 0
fl=./elf/../sysdeps/x86_64/dl-runtime.h
fn=_dl_fixup
28 3 0 0 0 0 0 0 0 0
fl=./elf/../sysdeps/x86_64/dl-trampoline.h
fn=_dl_runtime_resolve_xsave
71 3 1 1 0 0 0 0 0 0
76 3 0 0 0 0 0 3 0 0
79 3 0 0 0 0 0 0 0 0
81 3 0 0 0 0 0 0 0 0
91 3 0 0 3 1 1 0 0 0
97 3 0 0 0 0 0 3 1 1
98 3 0 0 0 0 0 3 0 0
99 3 1 1 0 0 0 3 0 0
100 3 0 0 0 0 0 3 0 0
101 3 0 0 0 0 0 3 0 0
102 3 0 0 0 0 0 3 0 0
103 3 0 0 0 0 0 3 0 0
107 3 0 0 0 0 0 0 0 0
108 3 0 0 0 0 0 0 0 0
111 3 0 0 0 0 0 3 1 1
112 3 0 0 0 0 0 3 0 0
114 3 0 0 0 0 0 3 0 0
115 3 0 0 0 0 0 3 0 0
116 3 1 1 0 0 0 3 0 0
117 3 0 0 0 0 0 3 0 0
118 3 0 0 0 0 0 3 0 0
119 3 0 0 0 0 0 3 0 0
121 3 0 0 3 0 0 99 6 6
128 3 0 0 3 0 0 0 0 0
129 3 0 0 3 0 0 0 0 0
130 3 0 0 0 0 0 3 1 1
131 3 0 0 0 0 0 0 0 0
136 3 0 0 0 0 0 0 0 0
137 3 0 0 0 0 0 0 0 0
138 3 0 0 108 0 0 0 0 0
140 3 1 1 3 0 0 0 0 0
141 3 0 0 3 0 0 0 0 0
142 3 0 0 3 0 0 0 0 0
143 3 0 0 3 0 0 0 0 0
144 3 0 0 3 0 0 0 0 0
145 3 0 0 3 0 0 0 0 0
146 3 0 0 3 0 0 0 0 0
148 3 0 0 0 0 0 0 0 0
150 3 0 0 3 0 0 0 0 0
154 3 0 0 0 0 0 0 0 0
156 3 0 0 0 0 0 0 0 0
fl=./elf/./elf/dl-lookup.c
fn=_dl_lookup_symbol_x
772 39 2 2 0 0 0 27 3 3
774 6 0 0 0 0 0 3 0 0
775 12 0 0 0 0 0 3 0 0
778 3 0 0 3 1 1 0 0 0
782 8 0 0 1 0 0 0 0 0
785 6 1 1 3 0 0 0 0 0
787 6 0 0 6 0 0 0 0 0
791 42 0 0 0 0 0 9 0 0
792 51 2 2 21 0 0 21 1 1
797 15 0 0 6 0 0 0 0 0
816 3 0 0 0 0 0 3 0 0
820 6 0 0 3 0 0 0 0 0
821 21 0 0 3 0 0 0 0 0
828 3 0 0 3 0 0 0 0 0
856 12 1 1 3 0 0 0 0 0
870 9 0 0 3 2 2 0 0 0
873 6 0 0 3 0 0 0 0 0
890 12 0 0 3 0 0 0 0 0
892 27 1 1 21 0 0 0 0 0
fn=check_match
70 45 1 1 6 2 2 18 1 1
73 24 1 1 6 0 0 0 0 0
86 15 0 0 0 0 0 0 0 0
89 18 1 1 4 0 0 2 0 0
93 3 0 0 3 2 2 0 0 0
94 6 0 0 0 0 0 0 0 0
96 2 0 0 0 0 0 0 0 0
115 2 0 0 2 1 1 0 0 0
116 8 0 0 3 1 1 0 0 0
117 5 1 1 2 0 0 1 0 0
144 4 1 1 0 0 0 0 0 0
146 12 0 0 4 1 1 0 0 0
147 8 1 1 0 0 0 0 0 0
161 3 0 0 0 0 0 0 0 0
162 24 0 0 21 0 0 0 0 0
fn=do_lookup_x
347 42 2 2 6 0 0 30 2 2
348 3 0 0 3 1 1 0 0 0
353 3 0 0 0 0 0 0 0 0
354 3 0 0 3 0 0 0 0 0
358 30 1 1 30 9 9 0 0 0
361 30 0 0 0 0 0 0 0 0
365 36 0 0 3 0 0 0 0 0
386 30 1 1 15 6 6 0 0 0
390 30 0 0 15 1 1 0 0 0
396 45 0 0 15 6 6 0 0 0
400 15 0 0 0 0 0 15 0 0
401 15 0 0 0 0 0 15 0 0
404 75 0 0 45 12 12 0 0 0
405 45 1 1 30 5 5 0 0 0
408 15 0 0 15 0 0 0 0 0
409 30 0 0 0 0 0 0 0 0
411 15 0 0 15 9 9 0 0 0
412 9 0 0 0 0 0 3 0 0
413 30 0 0 30 0 0 0 0 0
415 21 1 1 3 0 0 6 0 0
416 60 0 0 30 0 0 0 0 0
419 105 0 0 15 0 0 0 0 0
422 6 0 0 6 3 3 0 0 0
423 9 1 1 3 0 0 0 0 0
424 6 0 0 0 0 0 0 0 0
426 6 0 0 3 0 0 0 0 0
429 25 1 1 5 3 3 0 0 0
431 9 0 0 3 0 0 0 0 0
432 75 2 2 21 0 0 39 2 2
433 6 0 0 0 0 0 0 0 0
436 9 0 0 0 0 0 0 0 0
439 6 0 0 0 0 0 0 0 0
461 24 1 1 18 0 0 0 0 0
476 6 1 1 0 0 0 0 0 0
483 16 0 0 3 0 0 0 0 0
487 6 1 1 2 1 1 0 0 0
499 6 0 0 3 0 0 3 0 0
500 3 0 0 0 0 0 3 0 0
501 3 0 0 0 0 0 0 0 0
518 36 0 0 0 0 0 0 0 0
522 24 0 0 21 0 0 0 0 0
fl=./elf/./elf/dl-runtime.c
fn=_dl_fixup
46 33 2 2 0 0 0 18 0 0
48 15 0 0 12 4 4 0 0 0
49 9 1 1 6 1 1 0 0 0
54 3 0 0 3 2 2 0 0 0
55 12 0 0 3 2 2 0 0 0
56 21 0 0 3 3 3 3 1 1
58 6 0 0 3 2 2 0 0 0
63 6 0 0 0 0 0 0 0 0
67 6 0 0 3 3 3 0 0 0
69 5 0 0 0 0 0 0 0 0
71 9 1 1 3 2 2 0 0 0
75 9 0 0 6 5 5 0 0 0
76 12 0 0 3 0 0 0 0 0
77 9 0 0 3 2 2 0 0 0
84 3 1 1 0 0 0 0 0 0
85 9 0 0 3 0 0 0 0 0
95 33 0 0 6 2 2 9 0 0
99 15 1 1 9 0 0 0 0 0
109 30 0 0 12 0 0 3 0 0
124 12 1 1 3 0 0 0 0 0
133 9 0 0 3 1 1 0 0 0
159 9 0 0 3 0 0 0 0 0
163 24 1 1 21 0 0 0 0 0
fl=./malloc/./malloc/arena.c
fn=free
153 438 0 0 0 0 0 0 0 0
fn=malloc
153 158 0 0 0 0 0 0 0 0
fl=./malloc/./malloc/malloc.c
fn=_int_free
1792 25 0 0 25 16 0 0 0 0
1992 30 1 1 10 0 0 0 0 0
3163 242 1 1 121 0 0 121 0 0
3165 484 0 0 121 112 4 121 0 0
3166 121 0 0 0 0 0 121 0 0
3167 242 0 0 0 0 0 121 0 0
4495 1022 1 1 0 0 0 584 3 0
4499 438 1 1 146 0 0 0 0 0
4505 584 0 0 0 0 0 0 0 0
4506 292 0 0 0 0 0 0 0 0
4510 730 0 0 0 0 0 0 0 0
4517 292 0 0 0 0 0 0 0 0
4518 876 1 1 438 122 0 0 0 0
4521 131 0 0 0 0 0 0 0 0
4527 393 0 0 262 121 1 0 0 0
4547 655 1 1 262 120 0 0 0 0
4550 121 0 0 0 0 0 0 0 0
4561 50 0 0 0 0 0 0 0 0
4572 40 0 0 10 2 1 0 0 0
4574 30 0 0 10 10 0 0 0 0
4593 10 0 0 0 0 0 0 0 0
4595 10 0 0 0 0 0 10 9 0
4596 10 0 0 0 0 0 0 0 0
4600 30 0 0 10 0 0 0 0 0
4602 20 0 0 10 9 0 0 0 0
4606 20 0 0 0 0 0 0 0 0
4608 30 0 0 0 0 0 10 0 0
4609 10 0 0 0 0 0 10 0 0
4628 40 0 0 0 0 0 0 0 0
4637 30 0 0 15 0 0 0 0 0
4640 30 0 0 15 7 0 0 0 0
4643 30 1 1 0 0 0 0 0 0
4646 30 0 0 0 0 0 0 0 0
4658 861 1 1 715 0 0 0 0 0
fn=_int_free_maybe_consolidate
4770 165 1 1 15 7 0 105 0 0
4776 30 0 0 0 0 0 0 0 0
4778 20 0 0 5 0 0 0 0 0
4781 15 0 0 0 0 0 0 0 0
4784 25 2 2 15 5 0 0 0 0
4785 10 0 0 6 0 0 0 0 0
4798 157 1 1 129 0 0 0 0 0
fn=_int_free_merge_chunk
1992 45 0 0 15 0 0 0 0 0
4665 120 1 1 0 0 0 90 4 0
4666 15 0 0 0 0 0 0 0 0
4670 90 0 0 15 7 0 0 0 0
4673 60 1 1 15 7 0 0 0 0
4675 45 1 1 15 7 0 0 0 0
4678 45 0 0 15 3 0 0 0 0
4681 30 0 0 0 0 0 0 0 0
4682 30 0 0 0 0 0 0 0 0
4683 30 0 0 15 7 0 0 0 0
4689 30 1 1 15 0 0 0 0 0
4691 10 0 0 10 0 0 0 0 0
4692 10 0 0 0 0 0 0 0 0
4693 10 0 0 0 0 0 0 0 0
4694 40 0 0 10 5 0 0 0 0
4696 20 0 0 0 0 0 10 0 0
4701 45 0 0 0 0 0 0 0 0
4702 105 0 0 90 0 0 0 0 0
4714 30 0 0 15 0 0 0 0 0
4720 26 0 0 13 3 0 0 0 0
4724 13 0 0 13 0 0 0 0 0
4732 13 0 0 0 0 0 0 0 0
4733 52 1 1 13 0 0 0 0 0
4734 26 0 0 13 0 0 0 0 0
4736 13 0 0 0 0 0 13 1 0
4738 26 0 0 0 0 0 0 0 0
4740 39 1 1 0 0 0 13 0 0
4743 13 0 0 0 0 0 13 0 0
4744 13 0 0 0 0 0 13 0 0
4746 39 0 0 0 0 0 13 0 0
4747 13 0 0 0 0 0 13 0 0
4756 2 0 0 0 0 0 0 0 0
4757 6 0 0 0 0 0 2 0 0
4758 4 1 1 0 0 0 2 0 0
fn=_int_malloc
1326 158 0 0 0 0 0 0 0 0
1345 474 0 0 0 0 0 0 0 0
1794 79 1 1 79 0 0 0 0 0
1985 48 0 0 16 0 0 0 0 0
2008 8 0 0 2 0 0 0 0 0
2552 42 0 0 14 14 1 14 5 0
2553 2 1 1 0 0 0 2 0 0
2564 14 1 1 7 7 1 0 0 0
2565 15 0 0 10 0 0 0 0 0
2568 20 0 0 5 0 0 0 0 0
2576 30 0 0 5 0 0 10 2 0
2577 10 0 0 0 0 0 0 0 0
2589 8 0 0 2 0 0 2 0 0
2590 4 0 0 0 0 0 2 0 0
2599 24 1 1 6 0 0 0 0 0
2605 6 0 0 4 0 0 0 0 0
2608 6 1 1 0 0 0 0 0 0
2669 6 1 1 2 0 0 2 0 0
2677 4 0 0 2 0 0 0 0 0
2678 6 0 0 2 0 0 2 0 0
2691 6 1 1 2 0 0 0 0 0
2693 2 0 0 2 0 0 0 0 0
2699 10 0 0 2 0 0 2 0 0
2707 4 0 0 0 0 0 0 0 0
2709 8 2 2 0 0 0 4 0 0
2710 6 0 0 2 0 0 0 0 0
2711 2 0 0 0 0 0 0 0 0
2712 2 0 0 0 0 0 0 0 0
2715 4 0 0 0 0 0 0 0 0
2744 14 1 1 6 0 0 0 0 0
2746 4 1 1 0 0 0 2 0 0
2752 16 0 0 2 0 0 0 0 0
2753 12 0 0 2 0 0 2 0 0
2921 6 1 1 4 0 0 0 0 0
2922 2 0 0 0 0 0 2 0 0
2926 2 0 0 2 0 0 0 0 0
2930 10 1 1 4 0 0 0 0 0
2932 2 0 0 0 0 0 0 0 0
2933 2 0 0 0 0 0 0 0 0
2934 2 0 0 0 0 0 2 0 0
2935 14 0 0 0 0 0 2 0 0
2936 4 0 0 0 0 0 2 2 2
2938 2 0 0 0 0 0 0 0 0
3163 4 0 0 2 2 0 2 0 0
3165 6 0 0 2 2 0 2 0 0
3166 2 0 0 0 0 0 2 0 0
3167 4 0 0 0 0 0 2 0 0
3846 869 2 2 79 23 3 553 11 1
3887 158 0 0 0 0 0 0 0 0
3914 158 0 0 0 0 0 0 0 0
3916 220 0 0 0 0 0 0 0 0
3917 2 0 0 0 0 0 0 0 0
3919 55 0 0 55 18 1 0 0 0
3921 110 0 0 0 0 0 0 0 0
3923 4 0 0 0 0 0 0 0 0
3926 4 1 1 2 0 0 0 0 0
3927 10 0 0 2 2 0 2 0 0
3930 159 2 2 0 0 0 0 0 0
3932 4 0 0 2 1 0 0 0 0
3933 4 0 0 0 0 0 0 0 0
3939 4 0 0 0 0 0 0 0 0
3940 12 1 1 6 0 0 0 0 0
3945 8 0 0 4 0 0 0 0 0
3946 20 1 1 4 0 0 0 0 0
3948 4 0 0 0 0 0 0 0 0
3950 4 0 0 2 0 0 0 0 0
3951 12 0 0 2 2 1 2 0 0
3977 48 1 1 0 0 0 0 0 0
3979 134 0 0 0 0 0 0 0 0
3980 114 1 1 0 0 0 0 0 0
3982 171 0 0 57 24 7 0 0 0
4039 347 1 1 0 0 0 0 0 0
4040 60 0 0 20 7 0 0 0 0
4058 231 1 1 77 0 0 0 0 0
4059 231 0 0 0 0 0 77 5 1
4060 231 1 1 154 0 0 0 0 0
4069 88 0 0 0 0 0 44 0 0
4070 464 1 1 102 22 2 77 0 0
4072 45 0 0 45 6 0 0 0 0
4073 90 0 0 45 11 1 0 0 0
4074 45 0 0 0 0 0 0 0 0
4076 90 0 0 0 0 0 0 0 0
4077 135 1 1 45 18 1 0 0 0
4079 45 0 0 45 17 1 0 0 0
4080 180 0 0 0 0 0 0 0 0
4082 180 0 0 45 0 0 0 0 0
4084 90 1 1 45 0 0 0 0 0
4085 90 0 0 45 0 0 0 0 0
4087 90 0 0 0 0 0 0 0 0
4098 180 0 0 0 0 0 0 0 0
4099 56 1 1 28 0 0 0 0 0
4100 42 0 0 0 0 0 0 0 0
4101 21 0 0 0 0 0 0 0 0
4104 20 0 0 0 0 0 0 0 0
4105 20 1 1 0 0 0 0 0 0
4106 20 0 0 0 0 0 20 0 0
4107 60 0 0 0 0 0 20 0 0
4108 60 1 1 0 0 0 20 18 8
4109 40 0 0 0 0 0 0 0 0
4111 40 0 0 0 0 0 20 5 1
4115 160 0 0 0 0 0 20 0 0
4117 60 1 1 0 0 0 20 2 0
4118 20 0 0 0 0 0 20 0 0
4121 20 0 0 0 0 0 0 0 0
4122 60 0 0 0 0 0 20 10 1
4123 20 0 0 0 0 0 0 0 0
4127 25 0 0 0 0 0 25 0 0
4128 25 0 0 0 0 0 25 0 0
4132 50 0 0 0 0 0 0 0 0
4161 59 2 2 0 0 0 0 0 0
4163 4 0 0 0 0 0 2 0 0
4164 8 0 0 0 0 0 0 0 0
4165 2 0 0 2 2 0 0 0 0
4169 320 5 5 0 0 0 23 0 0
4170 69 1 1 0 0 0 0 0 0
4171 23 0 0 23 12 3 0 0 0
4174 46 0 0 0 0 0 0 0 0
4218 92 0 0 0 0 0 23 2 0
4221 175 2 2 50 10 0 0 0 0
4222 25 0 0 0 0 0 25 0 0
4223 25 0 0 0 0 0 25 0 0
4224 25 0 0 0 0 0 25 0 0
4225 25 0 0 0 0 0 25 0 0
4230 50 0 0 50 0 0 0 0 0
4231 50 0 0 0 0 0 0 0 0
4240 100 1 1 50 0 0 0 0 0
4246 48 0 0 0 0 0 0 0 0
4257 171 1 1 0 0 0 0 0 0
4259 80 0 0 0 0 0 0 0 0
4262 60 0 0 20 14 9 0 0 0
4263 59 1 1 2 0 0 0 0 0
4266 2 0 0 2 0 0 0 0 0
4267 12 0 0 2 0 0 0 0 0
4273 4 1 1 2 0 0 0 0 0
4278 6 0 0 0 0 0 2 0 0
4279 6 0 0 0 0 0 4 0 0
4282 8 0 0 4 0 0 0 0 0
4291 2 0 0 0 0 0 0 0 0
4295 8 1 1 2 0 0 0 0 0
4296 4 0 0 2 0 0 0 0 0
4299 2 0 0 0 0 0 2 0 0
4300 2 0 0 0 0 0 2 0 0
4301 2 0 0 0 0 0 2 0 0
4302 4 0 0 0 0 0 0 0 0
4304 2 0 0 0 0 0 1 0 0
4307 16 1 1 0 0 0 2 0 0
4309 6 0 0 0 0 0 2 0 0
4310 2 0 0 0 0 0 2 0 0
4313 2 0 0 0 0 0 0 0 0
4330 55 0 0 0 0 0 0 0 0
4331 110 0 0 0 0 0 0 0 0
4332 110 0 0 0 0 0 0 0 0
4333 110 0 0 55 6 1 0 0 0
4334 330 0 0 0 0 0 0 0 0
4339 234 1 1 0 0 0 0 0 0
4343 401 2 2 0 0 0 0 0 0
4346 384 1 1 96 0 0 0 0 0
4348 48 0 0 0 0 0 0 0 0
4349 24 0 0 0 0 0 0 0 0
4353 402 0 0 0 0 0 0 0 0
4355 183 0 0 0 0 0 0 0 0
4357 366 0 0 0 0 0 0 0 0
4361 18 0 0 18 7 0 0 0 0
4364 36 0 0 0 0 0 0 0 0
4366 20 0 0 0 0 0 4 0 0
4367 4 0 0 0 0 0 0 0 0
4368 4 0 0 0 0 0 0 0 0
4373 56 0 0 14 6 0 0 0 0
4376 28 0 0 0 0 0 0 0 0
4378 42 1 1 0 0 0 14 0 0
4381 42 0 0 0 0 0 28 6 0
4384 56 0 0 28 0 0 0 0 0
4386 1 0 0 1 0 0 0 0 0
4387 3 1 1 0 0 0 0 0 0
4394 13 0 0 0 0 0 0 0 0
4399 52 0 0 13 0 0 0 0 0
4400 26 1 1 13 0 0 0 0 0
4403 13 0 0 0 0 0 13 10 0
4404 13 0 0 0 0 0 13 0 0
4405 13 0 0 0 0 0 13 0 0
4408 26 0 0 0 0 0 0 0 0
4409 12 0 0 0 0 0 12 0 0
4410 26 0 0 0 0 0 0 0 0
4412 24 0 0 0 0 0 12 2 1
4415 104 1 1 0 0 0 13 0 0
4417 39 0 0 0 0 0 13 0 0
4418 13 0 0 0 0 0 13 0 0
4421 14 0 0 0 0 0 0 0 0
4443 41 1 1 41 0 0 0 0 0
4444 82 0 0 41 5 1 0 0 0
4446 82 0 0 41 2 1 0 0 0
4449 123 0 0 0 0 0 0 0 0
4451 34 0 0 0 0 0 0 0 0
4452 68 1 1 0 0 0 0 0 0
4453 34 0 0 0 0 0 34 0 0
4454 272 1 1 0 0 0 34 0 0
4456 68 0 0 0 0 0 34 33 33
4459 72 0 0 0 0 0 0 0 0
4460 129 0 0 0 0 0 43 3 1
4461 43 0 0 0 0 0 0 0 0
4466 28 0 0 7 0 0 7 0 0
4482 12 0 0 0 0 0 0 0 0
4487 948 2 2 711 0 0 0 0 0
fn=alloc_perturb
1985 189 1 1 63 0 0 0 0 0
1987 63 0 0 63 0 0 0 0 0
fn=free
3359 1043 2 2 0 0 0 596 0 0
3363 298 0 0 0 0 0 0 0 0
3371 298 0 0 298 261 2 0 0 0
3373 149 0 0 0 0 0 0 0 0
3375 447 0 0 149 28 0 0 0 0
3379 9 1 1 3 3 0 0 0 0
3381 12 0 0 3 3 0 0 0 0
3383 4 0 0 0 0 0 2 0 0
3384 4 0 0 0 0 0 2 0 0
3385 2 0 0 0 0 0 0 0 0
3388 6 0 0 0 0 0 3 1 0
3392 438 0 0 292 248 0 0 0 0
3398 438 1 1 0 0 0 146 4 0
3401 149 0 0 0 0 0 149 0 0
3402 894 1 1 745 0 0 0 0 0
fn=malloc
1326 376 0 0 0 0 0 0 0 0
1345 940 1 1 0 0 0 0 0 0
3178 218 0 0 109 105 0 0 0 0
3182 218 0 0 0 0 0 0 0 0
3186 436 0 0 109 95 2 109 0 0
3190 218 0 0 0 0 0 109 0 0
3191 109 0 0 0 0 0 109 0 0
3294 1504 1 1 0 0 0 752 1 1
3301 376 0 0 188 129 1 0 0 0
3311 376 0 0 0 0 0 0 0 0
3313 752 0 0 376 255 2 0 0 0
3316 376 0 0 188 127 1 0 0 0
3318 504 1 1 168 127 3 0 0 0
3326 158 1 1 79 27 1 0 0 0
3328 316 1 1 0 0 0 79 4 0
3329 395 1 1 79 0 0 0 0 0
3354 1128 1 1 940 0 0 0 0 0
fn=munmap_chunk
3024 6 1 1 0 0 0 3 0 0
3025 6 0 0 6 6 0 0 0 0
3026 9 0 0 3 0 0 0 0 0
3028 6 0 0 0 0 0 0 0 0
3030 3 0 0 0 0 0 0 0 0
3031 9 0 0 3 0 0 0 0 0
3032 3 0 0 0 0 0 0 0 0
3038 12 0 0 0 0 0 0 0 0
3039 15 1 1 0 0 0 0 0 0
3042 3 0 0 6 0 0 0 0 0
3043 9 0 0 6 0 0 0 0 0
3048 6 0 0 0 0 0 0 0 0
3049 3 0 0 3 0 0 0 0 0
fn=sysmalloc_mmap.isra.0
2008 20 0 0 5 0 0 0 0 0
2400 30 1 1 0 0 0 20 3 0
2413 15 0 0 0 0 0 0 0 0
2418 10 0 0 0 0 0 0 0 0
2421 50 1 1 0 0 0 5 0 0
2424 10 1 1 0 0 0 0 0 0
2428 10 0 0 0 0 0 0 0 0
2432 20 0 0 0 0 0 5 0 0
2448 15 0 0 0 0 0 0 0 0
2466 5 0 0 0 0 0 5 5 5
2467 15 1 1 0 0 0 5 0 0
2471 15 0 0 10 0 0 0 0 0
2472 21 0 0 8 0 0 0 0 0
2475 15 1 1 10 0 0 0 0 0
2476 25 0 0 10 0 0 0 0 0
2481 35 0 0 25 0 0 0 0 0
fn=systrim.constprop.0
2957 12 1 1 0 0 0 8 0 0
2966 6 0 0 4 0 0 0 0 0
2968 2 0 0 0 0 0 0 0 0
2969 4 0 0 0 0 0 0 0 0
2970 1 0 0 0 0 0 0 0 0
2974 6 0 0 2 0 0 0 0 0
2975 2 0 0 0 0 0 0 0 0
2978 10 1 1 4 4 0 0 0 0
2980 4 0 0 0 0 0 0 0 0
2987 3 0 0 0 0 0 1 0 0
2988 4 0 0 1 0 0 0 0 0
3000 3 1 1 0 0 0 1 0 0
3001 2 0 0 0 0 0 1 0 0
3003 1 0 0 0 0 0 0 0 0
3005 2 0 0 0 0 0 0 0 0
3009 2 0 0 0 0 0 0 0 0
3012 1 0 0 1 0 0 0 0 0
3013 4 0 0 1 0 0 1 0 0
3015 2 0 0 0 0 0 0 0 0
3020 12 0 0 10 0 0 0 0 0
fn=unlink_chunk.isra.0
1608 52 1 1 0 0 0 26 0 0
1610 130 0 0 52 8 0 0 0 0
1613 52 0 0 52 4 0 0 0 0
1614 52 0 0 26 0 0 0 0 0
1616 104 1 1 52 4 0 0 0 0
1619 26 0 0 0 0 0 26 0 0
1620 26 0 0 0 0 0 26 0 0
1621 124 0 0 24 3 0 0 0 0
1623 44 0 0 22 0 0 0 0 0
1624 66 0 0 44 0 0 0 0 0
1627 44 0 0 22 7 2 0 0 0
1641 22 0 0 0 0 0 22 0 0
1642 22 1 1 0 0 0 22 0 0
1645 52 0 0 52 0 0 0 0 0
fl=./malloc/./malloc/morecore.c
fn=__glibc_morecore
25 15 1 1 0 0 0 5 0 0
26 10 0 0 5 0 0 0 0 0
29 5 0 0 0 0 0 5 0 0
30 10 0 0 0 0 0 0 0 0
34 10 0 0 10 0 0 0 0 0
fl=./misc/../sysdeps/unix/syscall-template.S
fn=munmap
117 15 2 2 0 0 0 0 0 0
122 3 0 0 3 0 0 0 0 0
fl=./misc/../sysdeps/unix/sysv/linux/brk.c
fn=brk
36 3 1 1 0 0 0 0 0 0
37 6 0 0 3 0 0 3 0 0
38 6 0 0 0 0 0 0 0 0
44 3 0 0 0 0 0 0 0 0
45 3 0 0 3 0 0 0 0 0
fl=./misc/../sysdeps/unix/sysv/linux/brk_call.h
fn=brk
24 6 0 0 0 0 0 0 0 0
fl=./misc/../sysdeps/unix/sysv/linux/mmap64.c
fn=mmap
47 35 1 1 0 0 0 15 2 0
50 10 0 0 0 0 0 0 0 0
53 35 1 1 0 0 0 0 0 0
58 30 1 1 0 0 0 0 0 0
60 20 0 0 20 0 0 0 0 0
fl=./misc/../sysdeps/unix/sysv/linux/setvmaname.c
fn=__set_vma_name
33 35 2 2 0 0 0 20 0 0
35 25 0 0 10 5 1 5 3 1
49 45 0 0 35 0 0 0 0 0
fl=./misc/./misc/sbrk.c
fn=sbrk
37 40 1 1 0 0 0 20 2 0
40 10 0 0 10 6 2 0 0 0
43 10 1 1 5 3 1 0 0 0
58 10 0 0 0 0 0 0 0 0
62 10 0 0 0 0 0 0 0 0
66 12 1 1 0 0 0 0 0 0
68 2 0 0 0 0 0 0 0 0
74 9 1 1 0 0 0 3 1 0
78 35 0 0 25 0 0 0 0 0
fl=./string/../sysdeps/x86_64/multiarch/../multiarch/strcmp-sse2.S
fn=strcmp
98 3 1 1 0 0 0 0 0 0
131 3 0 0 0 0 0 0 0 0
132 3 0 0 0 0 0 0 0 0
134 3 0 0 0 0 0 0 0 0
135 3 0 0 0 0 0 0 0 0
156 3 0 0 0 0 0 0 0 0
157 3 0 0 0 0 0 0 0 0
158 3 0 0 0 0 0 0 0 0
159 3 0 0 0 0 0 0 0 0
160 2 0 0 2 2 2 0 0 0
161 2 1 1 2 1 1 0 0 0
162 2 0 0 2 0 0 0 0 0
163 2 0 0 2 0 0 0 0 0
180 2 0 0 0 0 0 0 0 0
181 2 0 0 0 0 0 0 0 0
182 2 0 0 0 0 0 0 0 0
183 2 0 0 0 0 0 0 0 0
184 2 0 0 0 0 0 0 0 0
185 2 0 0 0 0 0 0 0 0
186 2 0 0 0 0 0 0 0 0
201 1 1 1 0 0 0 0 0 0
202 1 0 0 0 0 0 0 0 0
203 1 0 0 0 0 0 0 0 0
204 1 0 0 0 0 0 0 0 0
205 1 0 0 0 0 0 0 0 0
206 1 0 0 0 0 0 0 0 0
207 1 0 0 0 0 0 0 0 0
208 1 0 0 0 0 0 0 0 0
229 1 1 1 1 0 0 0 0 0
230 1 0 0 0 0 0 0 0 0
231 1 0 0 0 0 0 0 0 0
233 1 0 0 1 1 1 0 0 0
239 1 0 0 0 0 0 0 0 0
240 1 0 0 0 0 0 0 0 0
241 1 0 0 0 0 0 0 0 0
242 1 0 0 0 0 0 0 0 0
243 1 0 0 0 0 0 0 0 0
248 1 0 0 0 0 0 0 0 0
250 1 0 0 0 0 0 0 0 0
251 1 0 0 0 0 0 0 0 0
252 2 0 0 0 0 0 0 0 0
260 1 1 1 1 0 0 0 0 0
261 1 0 0 1 1 1 0 0 0
264 1 0 0 0 0 0 0 0 0
265 1 0 0 0 0 0 0 0 0
266 1 0 0 0 0 0 0 0 0
267 1 0 0 0 0 0 0 0 0
268 1 0 0 0 0 0 0 0 0
269 1 0 0 0 0 0 0 0 0
2093 1 1 1 0 0 0 0 0 0
2095 1 0 0 0 0 0 0 0 0
2096 1 0 0 0 0 0 0 0 0
2097 1 0 0 0 0 0 0 0 0
2098 1 0 0 0 0 0 0 0 0
2104 3 1 1 0 0 0 0 0 0
2110 3 0 0 3 0 0 0 0 0
2111 3 0 0 3 0 0 0 0 0
2119 3 0 0 0 0 0 0 0 0
2120 3 0 0 3 0 0 0 0 0
fl=./string/../sysdeps/x86_64/multiarch/memmove-vec-unaligned-erms.S
fn=__memcpy_avx_unaligned_erms
255 16 1 1 0 0 0 0 0 0
256 16 0 0 0 0 0 0 0 0
262 16 0 0 0 0 0 0 0 0
263 16 0 0 0 0 0 0 0 0
265 14 0 0 14 5 0 0 0 0
266 14 0 0 0 0 0 0 0 0
267 14 0 0 0 0 0 0 0 0
270 1 0 0 1 0 0 0 0 0
271 1 0 0 0 0 0 1 0 0
272 1 0 0 0 0 0 1 0 0
275 2 0 0 1 0 0 0 0 0
305 2 0 0 0 0 0 0 0 0
306 2 0 0 0 0 0 0 0 0
308 1 0 0 0 0 0 0 0 0
309 1 0 0 0 0 0 0 0 0
311 1 0 0 0 0 0 0 0 0
315 1 0 0 0 0 0 0 0 0
316 1 1 1 0 0 0 0 0 0
317 1 0 0 0 0 0 0 0 0
325 1 0 0 1 0 0 0 0 0
342 1 0 0 1 0 0 0 0 0
343 1 0 0 1 0 0 0 0 0
344 1 0 0 0 0 0 1 0 0
345 1 0 0 0 0 0 1 0 0
347 1 0 0 1 0 0 0 0 0
375 1 1 1 1 0 0 0 0 0
376 1 0 0 1 0 0 0 0 0
377 1 0 0 0 0 0 1 0 0
378 1 0 0 0 0 0 1 0 0
379 1 0 0 0 0 0 1 0 0
380 1 0 0 0 0 0 1 0 0
381 2 0 0 1 0 0 0 0 0
386 13 1 1 13 6 1 0 0 0
387 13 0 0 0 0 0 0 0 0
392 7 0 0 0 0 0 0 0 0
393 7 0 0 0 0 0 0 0 0
395 2 0 0 2 0 0 0 0 0
396 2 0 0 0 0 0 0 0 0
397 2 0 0 0 0 0 0 0 0
399 1 0 0 1 0 0 0 0 0
400 1 0 0 1 0 0 0 0 0
401 1 0 0 1 0 0 0 0 0
402 1 0 0 1 0 0 0 0 0
403 1 0 0 1 0 0 0 0 0
404 1 1 1 1 0 0 0 0 0
405 1 0 0 0 0 0 1 1 1
406 1 0 0 0 0 0 1 0 0
407 1 0 0 0 0 0 1 1 1
408 1 0 0 0 0 0 1 0 0
409 1 0 0 0 0 0 1 0 0
410 1 0 0 0 0 0 1 0 0
411 1 0 0 0 0 0 1 0 0
412 1 0 0 0 0 0 1 0 0
413 2 0 0 1 0 0 0 0 0
417 5 0 0 0 0 0 0 0 0
418 5 0 0 0 0 0 0 0 0
422 5 0 0 0 0 0 0 0 0
424 5 1 1 0 0 0 0 0 0
428 5 0 0 5 2 1 0 0 0
429 5 0 0 0 0 0 0 0 0
440 5 0 0 0 0 0 0 0 0
443 5 0 0 0 0 0 0 0 0
445 5 0 0 0 0 0 0 0 0
447 5 0 0 0 0 0 0 0 0
451 5 0 0 0 0 0 0 0 0
452 5 0 0 0 0 0 0 0 0
461 5 0 0 5 0 0 0 0 0
462 5 0 0 5 0 0 0 0 0
464 5 0 0 0 0 0 0 0 0
466 5 0 0 0 0 0 0 0 0
467 5 1 1 5 0 0 0 0 0
468 5 0 0 5 0 0 0 0 0
471 5 0 0 0 0 0 0 0 0
473 5 0 0 0 0 0 0 0 0
475 5 0 0 0 0 0 0 0 0
477 10 0 0 0 0 0 0 0 0
483 88 0 0 88 1 0 0 0 0
484 88 0 0 88 0 0 0 0 0
485 88 0 0 88 2 0 0 0 0
486 88 0 0 88 0 0 0 0 0
487 88 0 0 0 0 0 0 0 0
488 88 0 0 0 0 0 88 32 31
489 88 0 0 0 0 0 88 11 11
490 88 1 1 0 0 0 88 33 30
491 88 0 0 0 0 0 88 11 11
492 88 0 0 0 0 0 0 0 0
493 88 0 0 0 0 0 0 0 0
494 88 0 0 0 0 0 0 0 0
496 5 0 0 0 0 0 5 1 1
497 5 0 0 0 0 0 5 3 3
498 5 0 0 0 0 0 5 0 0
499 5 0 0 0 0 0 5 0 0
501 5 0 0 0 0 0 5 0 0
505 10 0 0 5 0 0 0 0 0
563 6 1 1 6 2 0 0 0 0
570 6 0 0 0 0 0 0 0 0
571 6 0 0 0 0 0 0 0 0
577 3 0 0 0 0 0 0 0 0
580 3 0 0 0 0 0 0 0 0
582 3 0 0 0 0 0 0 0 0
585 3 0 0 0 0 0 0 0 0
586 3 0 0 0 0 0 0 0 0
588 3 0 0 0 0 0 0 0 0
590 454563 0 0 454560 7040 0 454560 7100 6914
592 3 0 0 0 0 0 3 2 0
594 3 0 0 0 0 0 3 1 0
596 6 0 0 3 2 0 0 0 0
601 6 1 1 0 0 0 0 0 0
602 6 0 0 0 0 0 0 0 0
606 6 0 0 0 0 0 0 0 0
608 6 0 0 0 0 0 0 0 0
611 6 0 0 0 0 0 0 0 0
615 6 0 0 6 6 0 0 0 0
616 6 0 0 0 0 0 0 0 0
620 6 0 0 6 0 0 0 0 0
624 6 0 0 0 0 0 0 0 0
648 3 0 0 0 0 0 0 0 0
650 3 0 0 0 0 0 0 0 0
652 3 0 0 0 0 0 0 0 0
654 3 1 1 0 0 0 0 0 0
657 3 0 0 0 0 0 0 0 0
658 3 0 0 0 0 0 0 0 0
660 319411 0 0 319408 4957 0 319408 4990 3492
663 3 0 0 0 0 0 3 3 0
665 3 0 0 0 0 0 3 1 0
667 6 0 0 3 3 0 0 0 0
fl=./string/../sysdeps/x86_64/multiarch/memset-vec-unaligned-erms.S
fn=__memset_avx2_unaligned_erms
158 11 1 1 0 0 0 0 0 0
159 22 0 0 0 0 0 0 0 0
164 11 0 0 0 0 0 0 0 0
165 11 0 0 0 0 0 0 0 0
166 11 0 0 0 0 0 0 0 0
167 11 0 0 0 0 0 0 0 0
168 11 0 0 0 0 0 0 0 0
170 2 0 0 0 0 0 2 2 2
171 2 0 0 0 0 0 2 0 0
172 4 0 0 2 0 0 0 0 0
181 1 0 0 0 0 0 1 0 0
182 1 0 0 0 0 0 1 0 0
184 2 0 0 1 0 0 0 0 0
237 9 1 1 9 6 0 0 0 0
238 9 0 0 0 0 0 0 0 0
244 5 0 0 0 0 0 5 5 5
245 5 0 0 0 0 0 5 3 3
257 5 0 0 0 0 0 0 0 0
260 5 0 0 0 0 0 0 0 0
261 5 0 0 0 0 0 0 0 0
273 4 0 0 0 0 0 4 2 2
274 4 0 0 0 0 0 4 2 2
287 4 0 0 0 0 0 0 0 0
288 4 0 0 0 0 0 0 0 0
290 4 0 0 0 0 0 0 0 0
293 3 0 0 0 0 0 0 0 0
296 3 0 0 0 0 0 0 0 0
299 24 0 0 0 0 0 24 2 2
300 24 0 0 0 0 0 24 21 21
301 24 0 0 0 0 0 24 3 3
302 24 0 0 0 0 0 24 21 21
303 24 0 0 0 0 0 0 0 0
304 24 0 0 0 0 0 0 0 0
305 27 0 0 0 0 0 0 0 0
308 4 1 1 0 0 0 4 1 1
309 4 0 0 0 0 0 4 1 1
310 4 0 0 0 0 0 4 1 1
311 4 0 0 0 0 0 4 1 1
314 8 0 0 4 0 0 0 0 0
325 4 1 1 0 0 0 0 0 0
326 4 0 0 0 0 0 0 0 0
327 4 0 0 0 0 0 0 0 0
328 61444 0 0 0 0 0 61440 963 963
329 4 0 0 0 0 0 0 0 0
330 8 0 0 4 0 0 0 0 0
fl=/home/wang/git-repositories/vcpkg/installed/x64-linux-clang-libcxx/include/boost/container_hash/hash.hpp
fn=unsigned int lob::v2::Book<lob::ChecksumSink>::match<std::__1::map<long, lob::v2::Book<lob::ChecksumSink>::Level, std::__1::greater<void>, std::__1::allocator<std::__1::pair<long const, lob::v2::Book<lob::ChecksumSink>::Level> > >, lob::v2::Book<lob::ChecksumSink>::add(unsigned long, lob::Side, long, unsigned int)::{lambda(long)#2}>(std::__1::map<long, lob::v2::Book<lob::ChecksumSink>::Level, std::__1::greater<void>, std::__1::allocator<std::__1::pair<long const, lob::v2::Book<lob::ChecksumSink>::Level> > >&, unsigned long, unsigned int, lob::v2::Book<lob::ChecksumSink>::add(unsigned long, lob::Side, long, unsigned int)::{lambda(long)#2})
538 16646 0 0 16646 0 0 0 0 0
fn=unsigned int lob::v2::Book<lob::ChecksumSink>::match<std::__1::map<long, lob::v2::Book<lob::ChecksumSink>::Level, std::__1::less<void>, std::__1::allocator<std::__1::pair<long const, lob::v2::Book<lob::ChecksumSink>::Level> > >, lob::v2::Book<lob::ChecksumSink>::add(unsigned long, lob::Side, long, unsigned int)::{lambda(long)#1}>(std::__1::map<long, lob::v2::Book<lob::ChecksumSink>::Level, std::__1::less<void>, std::__1::allocator<std::__1::pair<long const, lob::v2::Book<lob::ChecksumSink>::Level> > >&, unsigned long, unsigned int, lob::v2::Book<lob::ChecksumSink>::add(unsigned long, lob::Side, long, unsigned int)::{lambda(long)#1})
538 16790 0 0 16790 0 0 0 0 0
fl=/home/wang/git-repositories/vcpkg/installed/x64-linux-clang-libcxx/include/boost/unordered/detail/foa/core.hpp
fn=(anonymous namespace)::cmd_replay((anonymous namespace)::Args const&)
0 1291999 1 1 430515 0 0 0 0 0
271 861918 0 0 0 0 0 0 0 0
272 861479 0 0 0 0 0 0 0 0
279 1722948 0 0 861474 0 0 0 0 0
336 430959 0 0 430959 309561 0 0 0 0
404 861030 0 0 0 0 0 0 0 0
849 3013605 0 0 1291545 115 2 0 0 0
881 444 0 0 0 0 0 0 0 0
882 1332 0 0 0 0 0 0 0 0
883 444 0 0 0 0 0 0 0 0
927 864478 0 0 0 0 0 0 0 0
1727 861918 0 0 0 0 0 0 0 0
1729 430959 0 0 0 0 0 0 0 0
1732 861040 0 0 0 0 0 0 0 0
1733 430520 0 0 0 0 0 0 0 0
1737 1296717 1 1 0 0 0 0 0 0
1743 3448 0 0 0 0 0 0 0 0
1745 444 0 0 0 0 0 0 0 0
1750 444 0 0 0 0 0 0 0 0
1955 430515 0 0 430515 0 0 0 0 0
2266 3013605 0 0 861030 0 0 430515 0 0
fn=_ZN5boost9unordered6detail3foa10table_coreINS2_14flat_map_typesImN3lob2v24BookINS5_12ChecksumSinkEE3LocEEENS2_7group15INS2_14plain_integralEEENS2_12table_arraysENS2_18plain_size_controlENS_4hashImEENSt3__18equal_toImEENSJ_9allocatorINSJ_4pairIKmSA_EEEEE22for_all_elements_whileIZNSR_22for_all_elements_whileIZNSR_16for_all_elementsIZNSR_16unchecked_rehashERNSF_ISP_SE_NS2_16pow2_size_policyESQ_EEEUlPSP_E_EEDTcmclfL1p0_LDnEEcvv_EERKSW_T_EUlSY_E_EES10_S12_S13_EUlPSE_jSY_E_EEDTcmclfp0_LDnELi0ELDnEEcvv_EES12_S13_
0 26946 0 0 26846 5 0 60 0 0
296 57664 1 1 28832 1371 0 0 0 0
297 26786 0 0 0 0 0 0 0 0
313 2046 0 0 0 0 0 0 0 0
389 53572 0 0 26786 6 0 0 0 0
849 26786 0 0 0 0 0 0 0 0
927 80358 1 1 0 0 0 0 0 0
1033 11 1 1 11 0 0 0 0 0
1034 10 0 0 10 0 0 0 0 0
1955 26786 0 0 26786 0 0 0 0 0
1961 12276 0 0 0 0 0 0 0 0
2032 26786 0 0 26786 0 0 0 0 0
2063 22 0 0 0 0 0 0 0 0
2064 2076 0 0 10 0 0 0 0 0
2065 4092 0 0 0 0 0 0 0 0
2067 59710 0 0 0 0 0 0 0 0
2069 53572 0 0 0 0 0 0 0 0
2075 22 1 1 11 0 0 0 0 0
2292 53572 0 0 53572 0 0 0 0 0
2350 26786 0 0 26786 0 0 0 0 0
2373 107144 1 1 0 0 0 0 0 0
2375 26786 0 0 0 0 0 0 0 0
2377 107144 0 0 26786 0 0 0 0 0
fn=boost::unordered::detail::foa::table_core<boost::unordered::detail::foa::flat_map_types<unsigned long, lob::v2::Book<lob::ChecksumSink>::Loc>, boost::unordered::detail::foa::group15<boost::unordered::detail::foa::plain_integral>, boost::unordered::detail::foa::table_arrays, boost::unordered::detail::foa::plain_size_control, boost::hash<unsigned long>, std::__1::equal_to<unsigned long>, std::__1::allocator<std::__1::pair<unsigned long const, lob::v2::Book<lob::ChecksumSink>::Loc> > >::unchecked_rehash(boost::unordered::detail::foa::table_arrays<std::__1::pair<unsigned long const, lob::v2::Book<lob::ChecksumSink>::Loc>, boost::unordered::detail::foa::group15<boost::unordered::detail::foa::plain_integral>, boost::unordered::detail::foa::pow2_size_policy, std::__1::allocator<std::__1::pair<unsigned long const, lob::v2::Book<lob::ChecksumSink>::Loc> > >&)
0 44 0 0 0 0 0 11 0 0
1033 22 0 0 22 5 0 0 0 0
1096 22 0 0 0 0 0 0 0 0
1108 20 0 0 10 0 0 0 0 0
1563 132 1 1 22 5 0 0 0 0
1811 55 0 0 11 0 0 0 0 0
2025 55 1 1 0 0 0 33 0 0
2054 11 0 0 0 0 0 11 0 0
2288 55 1 1 0 0 0 22 0 0
2289 11 0 0 0 0 0 11 0 0
2320 22 1 1 11 0 0 11 0 0
2321 11 0 0 0 0 0 11 0 0
2322 55 0 0 33 0 0 0 0 0
fn=boost::unordered::detail::foa::table_locator<boost::unordered::detail::foa::group15<boost::unordered::detail::foa::plain_integral>, std::__1::pair<unsigned long const, lob::v2::Book<lob::ChecksumSink>::Loc> > boost::unordered::detail::foa::table_core<boost::unordered::detail::foa::flat_map_types<unsigned long, lob::v2::Book<lob::ChecksumSink>::Loc>, boost::unordered::detail::foa::group15<boost::unordered::detail::foa::plain_integral>, boost::unordered::detail::foa::table_arrays, boost::unordered::detail::foa::plain_size_control, boost::hash<unsigned long>, std::__1::equal_to<unsigned long>, std::__1::allocator<std::__1::pair<unsigned long const, lob::v2::Book<lob::ChecksumSink>::Loc> > >::unchecked_emplace_with_rehash<boost::unordered::detail::foa::try_emplace_args_t, unsigned long&, lob::v2::Book<lob::ChecksumSink>::Loc>(unsigned long, boost::unordered::detail::foa::try_emplace_args_t&&, unsigned long&, lob::v2::Book<lob::ChecksumSink>::Loc&&)
0 198 1 1 33 0 0 11 0 0
296 22 0 0 11 0 0 0 0 0
297 22 1 1 0 0 0 0 0 0
389 33 0 0 11 0 0 0 0 0
837 44 0 0 0 0 0 0 0 0
842 22 0 0 0 0 0 0 0 0
849 11 0 0 0 0 0 0 0 0
859 22 1 1 0 0 0 0 0 0
927 22 0 0 0 0 0 0 0 0
1031 44 1 1 0 0 0 44 0 0
1051 22 0 0 0 0 0 11 0 0
1057 44 0 0 0 0 0 0 0 0
1058 33 0 0 0 0 0 0 0 0
1059 11 0 0 0 0 0 0 0 0
1066 11 0 0 0 0 0 0 0 0
1073 22 0 0 0 0 0 0 0 0
1085 11 0 0 0 0 0 0 0 0
1108 11 0 0 0 0 0 0 0 0
1125 33 1 1 0 0 0 11 0 0
1126 11 0 0 0 0 0 0 0 0
1689 11 0 0 11 0 0 0 0 0
1983 110 1 1 0 0 0 66 0 0
1988 44 0 0 0 0 0 33 0 0
1999 22 0 0 0 0 0 11 0 0
2000 11 0 0 11 5 0 0 0 0
2002 99 1 1 77 5 0 0 0 0
2132 198 1 1 22 7 1 0 0 0
2373 22 0 0 0 0 0 0 0 0
2375 11 0 0 0 0 0 0 0 0
2377 55 0 0 0 0 0 0 0 0
fn=lob::v2::Book<lob::ChecksumSink>::modify(unsigned long, long, unsigned int)
0 565860 0 0 169554 15 0 0 0 0
271 113130 0 0 0 0 0 0 0 0
272 113083 0 0 0 0 0 0 0 0
279 89807 1 1 44927 0 0 0 0 0
336 56565 0 0 56565 39969 0 0 0 0
404 44880 0 0 0 0 0 0 0 0
849 113036 0 0 56518 0 0 0 0 0
881 47 0 0 0 0 0 0 0 0
882 141 0 0 0 0 0 0 0 0
883 47 0 0 0 0 0 0 0 0
927 113458 0 0 0 0 0 0 0 0
1727 113130 1 1 0 0 0 0 0 0
1729 56565 0 0 0 0 0 0 0 0
1732 113036 0 0 0 0 0 0 0 0
1733 56518 0 0 0 0 0 0 0 0
1737 170187 1 1 0 0 0 0 0 0
1743 422 0 0 0 0 0 0 0 0
1745 47 0 0 0 0 0 0 0 0
1750 47 0 0 0 0 0 0 0 0
1955 56518 0 0 56518 0 0 0 0 0
2266 179520 0 0 67320 0 0 22440 0 0
fn=lob::v2::Book<lob::ChecksumSink>::push(unsigned long, lob::Side, long, unsigned int)
0 2571180 2 2 512967 0 0 0 0 0
271 1038624 0 0 0 0 0 0 0 0
272 523709 0 0 0 0 0 0 0 0
279 1038624 0 0 519312 1 1 0 0 0
336 519312 0 0 519312 435152 1 0 0 0
849 3590769 0 0 1538901 337 23 0 0 0
881 6345 0 0 0 0 0 0 0 0
882 19035 0 0 0 0 0 0 0 0
883 6345 0 0 0 0 0 0 0 0
927 8802 0 0 0 0 0 0 0 0
1727 1038624 0 0 0 0 0 0 0 0
1729 519312 0 0 0 0 0 0 0 0
1732 8794 0 0 0 0 0 0 0 0
1733 4397 0 0 0 0 0 0 0 0
1737 8802 0 0 0 0 0 0 0 0
1743 8802 0 0 0 0 0 0 0 0
1745 519312 0 0 0 0 0 0 0 0
1750 6345 0 0 0 0 0 0 0 0
1955 512967 0 0 512967 1 1 0 0 0
fn=unsigned int lob::v2::Book<lob::ChecksumSink>::match<std::__1::map<long, lob::v2::Book<lob::ChecksumSink>::Level, std::__1::greater<void>, std::__1::allocator<std::__1::pair<long const, lob::v2::Book<lob::ChecksumSink>::Level> > >, lob::v2::Book<lob::ChecksumSink>::add(unsigned long, lob::Side, long, unsigned int)::{lambda(long)#2}>(std::__1::map<long, lob::v2::Book<lob::ChecksumSink>::Level, std::__1::greater<void>, std::__1::allocator<std::__1::pair<long const, lob::v2::Book<lob::ChecksumSink>::Level> > >&, unsigned long, unsigned int, lob::v2::Book<lob::ChecksumSink>::add(unsigned long, lob::Side, long, unsigned int)::{lambda(long)#2})
0 133552 1 1 33322 0 0 16661 0 0
271 49983 0 0 0 0 0 0 0 0
272 33307 1 1 0 0 0 0 0 0
279 66614 0 0 33307 0 0 0 0 0
336 16661 0 0 16661 11930 0 0 0 0
404 16646 0 0 0 0 0 0 0 0
849 149814 1 1 49938 6 0 33292 0 0
881 15 0 0 0 0 0 0 0 0
882 45 0 0 0 0 0 0 0 0
883 30 0 0 15 0 0 0 0 0
927 33508 0 0 0 0 0 0 0 0
1727 33322 0 0 0 0 0 0 0 0
1729 16661 0 0 0 0 0 0 0 0
1732 49938 0 0 16646 0 0 0 0 0
1733 16646 0 0 0 0 0 0 0 0
1737 50262 0 0 0 0 0 0 0 0
1743 216 0 0 0 0 0 0 0 0
1745 15 0 0 0 0 0 0 0 0
1750 15 0 0 0 0 0 0 0 0
2266 116522 0 0 16646 0 0 16646 0 0
fn=unsigned int lob::v2::Book<lob::ChecksumSink>::match<std::__1::map<long, lob::v2::Book<lob::ChecksumSink>::Level, std::__1::less<void>, std::__1::allocator<std::__1::pair<long const, lob::v2::Book<lob::ChecksumSink>::Level> > >, lob::v2::Book<lob::ChecksumSink>::add(unsigned long, lob::Side, long, unsigned int)::{lambda(long)#1}>(std::__1::map<long, lob::v2::Book<lob::ChecksumSink>::Level, std::__1::less<void>, std::__1::allocator<std::__1::pair<long const, lob::v2::Book<lob::ChecksumSink>::Level> > >&, unsigned long, unsigned int, lob::v2::Book<lob::ChecksumSink>::add(unsigned long, lob::Side, long, unsigned int)::{lambda(long)#1})
0 134669 1 1 33618 0 0 16809 0 0
271 50427 0 0 0 0 0 0 0 0
272 33599 1 1 0 0 0 0 0 0
279 67198 0 0 33599 0 0 0 0 0
336 16809 0 0 16809 11916 0 0 0 0
404 16790 0 0 0 0 0 0 0 0
849 151110 1 1 50370 3 1 33580 0 0
881 19 0 0 0 0 0 0 0 0
882 57 0 0 0 0 0 0 0 0
883 38 0 0 19 0 0 0 0 0
927 33762 0 0 0 0 0 0 0 0
1727 33618 0 0 0 0 0 0 0 0
1729 16809 0 0 0 0 0 0 0 0
1732 50370 0 0 16790 0 0 0 0 0
1733 16790 0 0 0 0 0 0 0 0
1737 50643 0 0 0 0 0 0 0 0
1743 182 0 0 0 0 0 0 0 0
1745 19 0 0 0 0 0 0 0 0
1750 19 0 0 0 0 0 0 0 0
2266 117530 0 0 16790 0 0 16790 0 0
fn=void lob::v2::Book<lob::ChecksumSink>::rest<std::__1::map<long, lob::v2::Book<lob::ChecksumSink>::Level, std::__1::greater<void>, std::__1::allocator<std::__1::pair<long const, lob::v2::Book<lob::ChecksumSink>::Level> > > >(std::__1::map<long, lob::v2::Book<lob::ChecksumSink>::Level, std::__1::greater<void>, std::__1::allocator<std::__1::pair<long const, lob::v2::Book<lob::ChecksumSink>::Level> > >&, unsigned long, lob::Side, long, unsigned int)
0 4080949 5 5 1518870 5 0 4453 0 0
271 510470 0 0 0 0 0 0 0 0
272 257461 0 0 0 0 0 0 0 0
279 255235 0 0 255235 5 0 0 0 0
296 505166 0 0 252583 83 0 0 0 0
297 504684 1 1 0 0 0 0 0 0
336 255235 0 0 255235 24 0 0 0 0
849 252107 0 0 0 0 0 0 0 0
881 3128 0 0 0 0 0 0 0 0
882 10348 0 0 0 0 0 0 0 0
883 3128 0 0 0 0 0 0 0 0
927 508656 0 0 0 0 0 0 0 0
1727 510470 0 0 0 0 0 0 0 0
1729 255235 0 0 0 0 0 0 0 0
1732 4452 1 1 0 0 0 0 0 0
1733 2226 0 0 0 0 0 0 0 0
1737 4454 0 0 0 0 0 0 0 0
1743 4454 0 0 0 0 0 0 0 0
1745 255235 0 0 0 0 0 0 0 0
1750 3128 0 0 0 0 0 0 0 0
1955 252107 0 0 252107 0 0 0 0 0
1970 252101 0 0 252101 0 0 0 0 0
2373 1010332 0 0 0 0 0 0 0 0
2375 253582 0 0 0 0 0 0 0 0
2377 1008404 0 0 0 0 0 0 0 0
fn=void lob::v2::Book<lob::ChecksumSink>::rest<std::__1::map<long, lob::v2::Book<lob::ChecksumSink>::Level, std::__1::less<void>, std::__1::allocator<std::__1::pair<long const, lob::v2::Book<lob::ChecksumSink>::Level> > > >(std::__1::map<long, lob::v2::Book<lob::ChecksumSink>::Level, std::__1::less<void>, std::__1::allocator<std::__1::pair<long const, lob::v2::Book<lob::ChecksumSink>::Level> > >&, unsigned long, lob::Side, long, unsigned int)
0 4074393 3 3 1516960 0 0 4211 0 0
271 509918 0 0 0 0 0 0 0 0
272 257063 0 0 0 0 0 0 0 0
279 254959 0 0 254959 0 0 0 0 0
296 504690 0 0 252345 100 0 0 0 0
297 504189 1 1 0 0 0 0 0 0
336 254959 0 0 254959 14 0 0 0 0
849 251849 0 0 0 0 0 0 0 0
881 3110 0 0 0 0 0 0 0 0
882 10332 0 0 0 0 0 0 0 0
883 3110 0 0 0 0 0 0 0 0
927 507902 0 0 0 0 0 0 0 0
1727 509918 0 0 0 0 0 0 0 0
1729 254959 1 1 0 0 0 0 0 0
1732 4208 0 0 0 0 0 0 0 0
1733 2104 0 0 0 0 0 0 0 0
1737 4214 0 0 0 0 0 0 0 0
1743 4214 0 0 0 0 0 0 0 0
1745 254959 0 0 0 0 0 0 0 0
1750 3110 0 0 0 0 0 0 0 0
1955 251849 0 0 251849 0 0 0 0 0
1970 251844 0 0 251844 0 0 0 0 0
2373 1009380 0 0 0 0 0 0 0 0
2375 253398 0 0 0 0 0 0 0 0
2377 1007376 0 0 0 0 0 0 0 0
fl=/home/wang/git-repositories/vcpkg/installed/x64-linux-clang-libcxx/include/boost/unordered/detail/foa/table.hpp
fn=(anonymous namespace)::cmd_replay((anonymous namespace)::Args const&)
40 430515 1 1 0 0 0 430515 0 0
fn=_ZN5boost9unordered6detail3foa10table_coreINS2_14flat_map_typesImN3lob2v24BookINS5_12ChecksumSinkEE3LocEEENS2_7group15INS2_14plain_integralEEENS2_12table_arraysENS2_18plain_size_controlENS_4hashImEENSt3__18equal_toImEENSJ_9allocatorINSJ_4pairIKmSA_EEEEE22for_all_elements_whileIZNSR_22for_all_elements_whileIZNSR_16for_all_elementsIZNSR_16unchecked_rehashERNSF_ISP_SE_NS2_16pow2_size_policyESQ_EEEUlPSP_E_EEDTcmclfL1p0_LDnEEcvv_EERKSW_T_EUlSY_E_EES10_S12_S13_EUlPSE_jSY_E_EEDTcmclfp0_LDnELi0ELDnEEcvv_EES12_S13_
40 26786 0 0 0 0 0 26786 0 0
fn=boost::unordered::detail::foa::table_locator<boost::unordered::detail::foa::group15<boost::unordered::detail::foa::plain_integral>, std::__1::pair<unsigned long const, lob::v2::Book<lob::ChecksumSink>::Loc> > boost::unordered::detail::foa::table_core<boost::unordered::detail::foa::flat_map_types<unsigned long, lob::v2::Book<lob::ChecksumSink>::Loc>, boost::unordered::detail::foa::group15<boost::unordered::detail::foa::plain_integral>, boost::unordered::detail::foa::table_arrays, boost::unordered::detail::foa::plain_size_control, boost::hash<unsigned long>, std::__1::equal_to<unsigned long>, std::__1::allocator<std::__1::pair<unsigned long const, lob::v2::Book<lob::ChecksumSink>::Loc> > >::unchecked_emplace_with_rehash<boost::unordered::detail::foa::try_emplace_args_t, unsigned long&, lob::v2::Book<lob::ChecksumSink>::Loc>(unsigned long, boost::unordered::detail::foa::try_emplace_args_t&&, unsigned long&, lob::v2::Book<lob::ChecksumSink>::Loc&&)
0 33 0 0 11 0 0 11 0 0
40 22 0 0 0 0 0 22 0 0
fn=lob::v2::Book<lob::ChecksumSink>::modify(unsigned long, long, unsigned int)
40 22440 0 0 0 0 0 22440 0 0
fn=unsigned int lob::v2::Book<lob::ChecksumSink>::match<std::__1::map<long, lob::v2::Book<lob::ChecksumSink>::Level, std::__1::greater<void>, std::__1::allocator<std::__1::pair<long const, lob::v2::Book<lob::ChecksumSink>::Level> > >, lob::v2::Book<lob::ChecksumSink>::add(unsigned long, lob::Side, long, unsigned int)::{lambda(long)#2}>(std::__1::map<long, lob::v2::Book<lob::ChecksumSink>::Level, std::__1::greater<void>, std::__1::allocator<std::__1::pair<long const, lob::v2::Book<lob::ChecksumSink>::Level> > >&, unsigned long, unsigned int, lob::v2::Book<lob::ChecksumSink>::add(unsigned long, lob::Side, long, unsigned int)::{lambda(long)#2})
0 16646 0 0 16646 0 0 0 0 0
40 16646 1 1 0 0 0 16646 0 0
140 16646 1 1 0 0 0 0 0 0
fn=unsigned int lob::v2::Book<lob::ChecksumSink>::match<std::__1::map<long, lob::v2::Book<lob::ChecksumSink>::Level, std::__1::less<void>, std::__1::allocator<std::__1::pair<long const, lob::v2::Book<lob::ChecksumSink>::Level> > >, lob::v2::Book<lob::ChecksumSink>::add(unsigned long, lob::Side, long, unsigned int)::{lambda(long)#1}>(std::__1::map<long, lob::v2::Book<lob::ChecksumSink>::Level, std::__1::less<void>, std::__1::allocator<std::__1::pair<long const, lob::v2::Book<lob::ChecksumSink>::Level> > >&, unsigned long, unsigned int, lob::v2::Book<lob::ChecksumSink>::add(unsigned long, lob::Side, long, unsigned int)::{lambda(long)#1})
0 16790 0 0 16790 0 0 0 0 0
40 16790 1 1 0 0 0 16790 0 0
140 16790 1 1 0 0 0 0 0 0
fn=void lob::v2::Book<lob::ChecksumSink>::rest<std::__1::map<long, lob::v2::Book<lob::ChecksumSink>::Level, std::__1::greater<void>, std::__1::allocator<std::__1::pair<long const, lob::v2::Book<lob::ChecksumSink>::Level> > > >(std::__1::map<long, lob::v2::Book<lob::ChecksumSink>::Level, std::__1::greater<void>, std::__1::allocator<std::__1::pair<long const, lob::v2::Book<lob::ChecksumSink>::Level> > >&, unsigned long, lob::Side, long, unsigned int)
0 6 0 0 0 0 0 0 0 0
40 252101 0 0 0 0 0 252101 0 0
46 482 0 0 482 0 0 0 0 0
640 756321 0 0 504214 5 0 0 0 0
650 18 0 0 0 0 0 6 0 0
fn=void lob::v2::Book<lob::ChecksumSink>::rest<std::__1::map<long, lob::v2::Book<lob::ChecksumSink>::Level, std::__1::less<void>, std::__1::allocator<std::__1::pair<long const, lob::v2::Book<lob::ChecksumSink>::Level> > > >(std::__1::map<long, lob::v2::Book<lob::ChecksumSink>::Level, std::__1::less<void>, std::__1::allocator<std::__1::pair<long const, lob::v2::Book<lob::ChecksumSink>::Level> > >&, unsigned long, lob::Side, long, unsigned int)
0 5 0 0 0 0 0 0 0 0
40 251844 0 0 0 0 0 251844 0 0
46 501 0 0 501 0 0 0 0 0
640 755547 0 0 503698 0 0 0 0 0
650 15 0 0 0 0 0 5 0 0
fl=/home/wang/git-repositories/vcpkg/installed/x64-linux-clang-libcxx/include/boost/unordered/detail/mulx.hpp
fn=(anonymous namespace)::cmd_replay((anonymous namespace)::Args const&)
45 861030 0 0 0 0 0 0 0 0
46 430515 0 0 0 0 0 0 0 0
fn=_ZN5boost9unordered6detail3foa10table_coreINS2_14flat_map_typesImN3lob2v24BookINS5_12ChecksumSinkEE3LocEEENS2_7group15INS2_14plain_integralEEENS2_12table_arraysENS2_18plain_size_controlENS_4hashImEENSt3__18equal_toImEENSJ_9allocatorINSJ_4pairIKmSA_EEEEE22for_all_elements_whileIZNSR_22for_all_elements_whileIZNSR_16for_all_elementsIZNSR_16unchecked_rehashERNSF_ISP_SE_NS2_16pow2_size_policyESQ_EEEUlPSP_E_EEDTcmclfL1p0_LDnEEcvv_EERKSW_T_EUlSY_E_EES10_S12_S13_EUlPSE_jSY_E_EEDTcmclfp0_LDnELi0ELDnEEcvv_EES12_S13_
45 26786 0 0 26786 1849 0 0 0 0
46 26786 0 0 0 0 0 0 0 0
fn=lob::v2::Book<lob::ChecksumSink>::modify(unsigned long, long, unsigned int)
45 56518 0 0 0 0 0 0 0 0
46 56518 0 0 0 0 0 0 0 0
fn=lob::v2::Book<lob::ChecksumSink>::push(unsigned long, lob::Side, long, unsigned int)
45 1025934 0 0 0 0 0 0 0 0
46 512967 0 0 0 0 0 0 0 0
fn=unsigned int lob::v2::Book<lob::ChecksumSink>::match<std::__1::map<long, lob::v2::Book<lob::ChecksumSink>::Level, std::__1::greater<void>, std::__1::allocator<std::__1::pair<long const, lob::v2::Book<lob::ChecksumSink>::Level> > >, lob::v2::Book<lob::ChecksumSink>::add(unsigned long, lob::Side, long, unsigned int)::{lambda(long)#2}>(std::__1::map<long, lob::v2::Book<lob::ChecksumSink>::Level, std::__1::greater<void>, std::__1::allocator<std::__1::pair<long const, lob::v2::Book<lob::ChecksumSink>::Level> > >&, unsigned long, unsigned int, lob::v2::Book<lob::ChecksumSink>::add(unsigned long, lob::Side, long, unsigned int)::{lambda(long)#2})
0 16646 0 0 16646 0 0 0 0 0
45 16646 0 0 0 0 0 0 0 0
46 16646 0 0 0 0 0 0 0 0
fn=unsigned int lob::v2::Book<lob::ChecksumSink>::match<std::__1::map<long, lob::v2::Book<lob::ChecksumSink>::Level, std::__1::less<void>, std::__1::allocator<std::__1::pair<long const, lob::v2::Book<lob::ChecksumSink>::Level> > >, lob::v2::Book<lob::ChecksumSink>::add(unsigned long, lob::Side, long, unsigned int)::{lambda(long)#1}>(std::__1::map<long, lob::v2::Book<lob::ChecksumSink>::Level, std::__1::less<void>, std::__1::allocator<std::__1::pair<long const, lob::v2::Book<lob::ChecksumSink>::Level> > >&, unsigned long, unsigned int, lob::v2::Book<lob::ChecksumSink>::add(unsigned long, lob::Side, long, unsigned int)::{lambda(long)#1})
0 16790 0 0 16790 0 0 0 0 0
45 16790 0 0 0 0 0 0 0 0
46 16790 0 0 0 0 0 0 0 0
fn=void lob::v2::Book<lob::ChecksumSink>::rest<std::__1::map<long, lob::v2::Book<lob::ChecksumSink>::Level, std::__1::greater<void>, std::__1::allocator<std::__1::pair<long const, lob::v2::Book<lob::ChecksumSink>::Level> > > >(std::__1::map<long, lob::v2::Book<lob::ChecksumSink>::Level, std::__1::greater<void>, std::__1::allocator<std::__1::pair<long const, lob::v2::Book<lob::ChecksumSink>::Level> > >&, unsigned long, lob::Side, long, unsigned int)
45 252107 1 1 0 0 0 0 0 0
46 252107 0 0 0 0 0 0 0 0
fn=void lob::v2::Book<lob::ChecksumSink>::rest<std::__1::map<long, lob::v2::Book<lob::ChecksumSink>::Level, std::__1::less<void>, std::__1::allocator<std::__1::pair<long const, lob::v2::Book<lob::ChecksumSink>::Level> > > >(std::__1::map<long, lob::v2::Book<lob::ChecksumSink>::Level, std::__1::less<void>, std::__1::allocator<std::__1::pair<long const, lob::v2::Book<lob::ChecksumSink>::Level> > >&, unsigned long, lob::Side, long, unsigned int)
45 251849 0 0 0 0 0 0 0 0
46 251849 0 0 0 0 0 0 0 0
fl=/home/wang/sources/cxx/book/include/lob/events.hpp
fn=(anonymous namespace)::cmd_replay((anonymous namespace)::Args const&)
0 3444120 1 1 430515 0 0 430515 0 0
92 430515 0 0 430515 0 0 0 0 0
93 861030 0 0 430515 0 0 0 0 0
fn=lob::v2::Book<lob::ChecksumSink>::modify(unsigned long, long, unsigned int)
0 101398 2 2 56518 0 0 22440 0 0
92 56518 0 0 56518 0 0 0 0 0
93 418066 1 1 78958 0 0 22440 0 0
fn=unsigned int lob::v2::Book<lob::ChecksumSink>::match<std::__1::map<long, lob::v2::Book<lob::ChecksumSink>::Level, std::__1::greater<void>, std::__1::allocator<std::__1::pair<long const, lob::v2::Book<lob::ChecksumSink>::Level> > >, lob::v2::Book<lob::ChecksumSink>::add(unsigned long, lob::Side, long, unsigned int)::{lambda(long)#2}>(std::__1::map<long, lob::v2::Book<lob::ChecksumSink>::Level, std::__1::greater<void>, std::__1::allocator<std::__1::pair<long const, lob::v2::Book<lob::ChecksumSink>::Level> > >&, unsigned long, unsigned int, lob::v2::Book<lob::ChecksumSink>::add(unsigned long, lob::Side, long, unsigned int)::{lambda(long)#2})
92 96123 0 0 32041 0 0 32041 0 0
93 384492 0 0 64082 2201 0 32041 0 0
fn=unsigned int lob::v2::Book<lob::ChecksumSink>::match<std::__1::map<long, lob::v2::Book<lob::ChecksumSink>::Level, std::__1::less<void>, std::__1::allocator<std::__1::pair<long const, lob::v2::Book<lob::ChecksumSink>::Level> > >, lob::v2::Book<lob::ChecksumSink>::add(unsigned long, lob::Side, long, unsigned int)::{lambda(long)#1}>(std::__1::map<long, lob::v2::Book<lob::ChecksumSink>::Level, std::__1::less<void>, std::__1::allocator<std::__1::pair<long const, lob::v2::Book<lob::ChecksumSink>::Level> > >&, unsigned long, unsigned int, lob::v2::Book<lob::ChecksumSink>::add(unsigned long, lob::Side, long, unsigned int)::{lambda(long)#1})
92 97188 0 0 32396 0 0 32396 0 0
93 388752 0 0 64792 2165 0 32396 0 0
fn=void lob::v2::Book<lob::ChecksumSink>::rest<std::__1::map<long, lob::v2::Book<lob::ChecksumSink>::Level, std::__1::greater<void>, std::__1::allocator<std::__1::pair<long const, lob::v2::Book<lob::ChecksumSink>::Level> > > >(std::__1::map<long, lob::v2::Book<lob::ChecksumSink>::Level, std::__1::greater<void>, std::__1::allocator<std::__1::pair<long const, lob::v2::Book<lob::ChecksumSink>::Level> > >&, unsigned long, lob::Side, long, unsigned int)
81 252107 0 0 252107 0 0 0 0 0
92 252107 0 0 252107 0 0 0 0 0
93 3277391 1 1 756321 8 1 252107 0 0
fn=void lob::v2::Book<lob::ChecksumSink>::rest<std::__1::map<long, lob::v2::Book<lob::ChecksumSink>::Level, std::__1::less<void>, std::__1::allocator<std::__1::pair<long const, lob::v2::Book<lob::ChecksumSink>::Level> > > >(std::__1::map<long, lob::v2::Book<lob::ChecksumSink>::Level, std::__1::less<void>, std::__1::allocator<std::__1::pair<long const, lob::v2::Book<lob::ChecksumSink>::Level> > >&, unsigned long, lob::Side, long, unsigned int)
81 251849 1 1 251849 0 0 0 0 0
92 251849 0 0 251849 0 0 0 0 0
93 3274037 0 0 755547 8 0 251849 0 0
fl=/home/wang/sources/cxx/book/include/lob/replay.hpp
fn=(anonymous namespace)::cmd_replay((anonymous namespace)::Args const&)
0 1430515 0 0 1000000 125000 125000 0 0 0
21 4886964 1 1 1000000 178575 178566 0 0 0
23 3590769 2 2 1538901 64348 64348 512967 1 1
29 282590 0 0 113036 7087 7087 56518 0 0
37 1000001 0 0 0 0 0 0 0 0
fl=/home/wang/sources/cxx/book/include/lob/v2/book.hpp
fn=(anonymous namespace)::cmd_replay((anonymous namespace)::Args const&)
0 2152386 1 1 645678 0 0 430515 0 0
60 861030 0 0 861030 623951 1 0 0 0
62 430515 0 0 430515 0 0 0 0 0
203 430326 0 0 215163 0 0 215163 0 0
204 215163 0 0 0 0 0 215163 0 0
221 860652 0 0 215163 25552 0 0 0 0
222 214634 0 0 0 0 0 214634 205907 0
224 529 0 0 0 0 0 529 0 0
225 430326 0 0 0 0 0 0 0 0
226 429348 0 0 0 0 0 214674 205697 0
228 489 0 0 0 0 0 489 0 0
229 215163 0 0 215163 0 0 0 0 0
280 430515 0 0 0 0 0 0 0 0
281 861030 0 0 0 0 0 861030 8 0
284 215163 0 0 215163 832 0 0 0 0
287 430326 0 0 215163 0 0 0 0 0
289 861030 1 1 430515 0 0 0 0 0
290 646056 1 1 0 0 0 215352 0 0
fn=auto lob::v2::Book<lob::ChecksumSink>::erase(boost::unordered::detail::foa::table_iterator<boost::unordered::detail::foa::flat_map_types<unsigned long, lob::v2::Book<lob::ChecksumSink>::Loc>, boost::unordered::detail::foa::group15<boost::unordered::detail::foa::plain_integral>*, false>)::{lambda(auto:1&)#1}::operator()<std::__1::map<long, lob::v2::Book<lob::ChecksumSink>::Level, std::__1::greater<void>, std::__1::allocator<std::__1::pair<long const, lob::v2::Book<lob::ChecksumSink>::Level> > > >(std::__1::map<long, lob::v2::Book<lob::ChecksumSink>::Level, std::__1::greater<void>, std::__1::allocator<std::__1::pair<long const, lob::v2::Book<lob::ChecksumSink>::Level> > >&) const
0 679809 0 0 453206 0 0 0 0 0
203 453206 0 0 226603 0 0 226603 0 0
204 226603 0 0 0 0 0 226603 0 0
221 906412 0 0 226603 27123 0 0 0 0
222 226085 0 0 0 0 0 226085 216782 0
224 518 0 0 0 0 0 518 0 0
225 453206 0 0 0 0 0 0 0 0
226 452122 0 0 0 0 0 226061 216563 0
228 542 0 0 0 0 0 542 0 0
229 226603 0 0 226603 0 0 0 0 0
281 226603 0 0 0 0 0 226603 0 0
282 226603 0 0 226603 0 0 0 0 0
284 679809 0 0 679809 1011 0 0 0 0
287 453206 1 1 226603 0 0 0 0 0
288 453074 0 0 453074 0 0 0 0 0
fn=auto lob::v2::Book<lob::ChecksumSink>::erase(boost::unordered::detail::foa::table_iterator<boost::unordered::detail::foa::flat_map_types<unsigned long, lob::v2::Book<lob::ChecksumSink>::Loc>, boost::unordered::detail::foa::group15<boost::unordered::detail::foa::plain_integral>*, false>)::{lambda(auto:1&)#1}::operator()<std::__1::map<long, lob::v2::Book<lob::ChecksumSink>::Level, std::__1::less<void>, std::__1::allocator<std::__1::pair<long const, lob::v2::Book<lob::ChecksumSink>::Level> > > >(std::__1::map<long, lob::v2::Book<lob::ChecksumSink>::Level, std::__1::less<void>, std::__1::allocator<std::__1::pair<long const, lob::v2::Book<lob::ChecksumSink>::Level> > >&) const
0 33567 0 0 22378 0 0 0 0 0
203 22378 0 0 11189 0 0 11189 0 0
204 11189 0 0 0 0 0 11189 0 0
221 44756 0 0 11189 1375 0 0 0 0
222 11164 0 0 0 0 0 11164 10685 0
224 25 0 0 0 0 0 25 0 0
225 22378 0 0 0 0 0 0 0 0
226 22344 0 0 0 0 0 11172 10689 0
228 17 0 0 0 0 0 17 0 0
229 11189 0 0 11189 0 0 0 0 0
281 11189 1 1 0 0 0 11189 0 0
282 11189 0 0 11189 0 0 0 0 0
284 33567 0 0 33567 45 0 0 0 0
287 22378 1 1 11189 0 0 0 0 0
288 22378 0 0 22378 0 0 0 0 0
fn=lob::v2::Book<lob::ChecksumSink>::alloc_node(unsigned long, unsigned int)
0 503956 0 0 0 0 0 0 0 0
189 3527692 1 1 0 0 0 3023736 1297 0
190 1007912 1 1 503956 0 0 0 0 0
191 503956 0 0 0 0 0 0 0 0
192 1458045 0 0 486015 37133 0 486015 0 0
193 486015 0 0 0 0 0 0 0 0
194 35882 1 1 0 0 0 0 0 0
198 1529809 0 0 0 0 0 1511868 59097 0
199 4031648 0 0 3527692 5 0 0 0 0
fn=lob::v2::Book<lob::ChecksumSink>::modify(unsigned long, long, unsigned int)
0 338773 0 0 152154 54220 0 34078 0 0
65 621698 2 2 0 0 0 452144 0 0
68 113036 0 0 0 0 0 0 0 0
69 113036 1 1 0 0 0 0 0 0
71 56518 0 0 0 0 0 0 0 0
72 56518 0 0 56518 27683 0 0 0 0
73 226072 0 0 56518 0 0 0 0 0
74 68156 0 0 34078 138 0 0 0 0
75 34078 0 0 0 0 0 34078 0 0
76 34078 0 0 34078 0 0 0 0 0
79 22440 0 0 22440 0 0 0 0 0
82 22440 0 0 22440 0 0 0 0 0
84 452144 1 1 395626 0 0 0 0 0
185 68156 0 0 34078 0 0 0 0 0
233 22440 0 0 0 0 0 0 0 0
234 45004 1 1 0 0 0 11251 0 0
236 44756 0 0 0 0 0 11189 0 0
237 44880 0 0 0 0 0 0 0 0
239 49932 1 1 0 0 0 8322 0 0
241 50136 0 0 0 0 0 8356 0 0
281 67320 1 1 0 0 0 44880 0 0
289 112200 0 0 22440 0 0 22440 0 0
290 33753 0 0 0 0 0 11251 0 0
292 33567 0 0 0 0 0 11189 0 0
fn=lob::v2::Book<lob::ChecksumSink>::push(unsigned long, lob::Side, long, unsigned int)
0 1513212 1 1 0 0 0 0 0 0
50 3590769 1 1 0 0 0 3590769 1 1
51 1025934 0 0 0 0 0 0 0 0
52 1025934 0 0 0 0 0 0 0 0
55 205512 0 0 179823 0 0 0 0 0
233 1025934 1 1 0 0 0 0 0 0
234 1540332 2 2 0 0 0 256722 0 0
236 1537470 0 0 0 0 0 256245 0 0
237 1025934 0 0 0 0 0 0 0 0
239 3169205 0 0 1462710 0 0 0 0 0
241 3165409 1 1 1460958 0 0 0 0 0
fn=unsigned int lob::v2::Book<lob::ChecksumSink>::match<std::__1::map<long, lob::v2::Book<lob::ChecksumSink>::Level, std::__1::greater<void>, std::__1::allocator<std::__1::pair<long const, lob::v2::Book<lob::ChecksumSink>::Level> > >, lob::v2::Book<lob::ChecksumSink>::add(unsigned long, lob::Side, long, unsigned int)::{lambda(long)#2}>(std::__1::map<long, lob::v2::Book<lob::ChecksumSink>::Level, std::__1::greater<void>, std::__1::allocator<std::__1::pair<long const, lob::v2::Book<lob::ChecksumSink>::Level> > >&, unsigned long, unsigned int, lob::v2::Book<lob::ChecksumSink>::add(unsigned long, lob::Side, long, unsigned int)::{lambda(long)#2})
0 2691490 2 2 376529 6 0 613854 403 0
203 16646 0 0 0 0 0 16646 0 0
204 33292 0 0 0 0 0 16646 0 0
221 116522 0 0 66584 268 0 0 0 0
224 33292 0 0 0 0 0 16646 0 0
225 33292 0 0 0 0 0 0 0 0
226 16646 0 0 0 0 0 16646 15896 0
229 16646 0 0 16646 0 0 0 0 0
236 267434 0 0 267434 0 0 0 0 0
245 2139472 0 0 0 0 0 1872038 0 0
246 802302 0 0 0 0 0 0 0 0
248 534868 1 1 267434 8 0 0 0 0
250 96123 1 1 0 0 0 0 0 0
252 32041 0 0 0 0 0 0 0 0
253 128164 1 1 0 0 0 0 0 0
256 96123 1 1 0 0 0 32041 0 0
257 32041 0 0 32041 0 0 0 0 0
258 32041 0 0 0 0 0 0 0 0
264 31170 0 0 0 0 0 0 0 0
266 2406906 1 1 1872038 0 0 0 0 0
fn=unsigned int lob::v2::Book<lob::ChecksumSink>::match<std::__1::map<long, lob::v2::Book<lob::ChecksumSink>::Level, std::__1::less<void>, std::__1::allocator<std::__1::pair<long const, lob::v2::Book<lob::ChecksumSink>::Level> > >, lob::v2::Book<lob::ChecksumSink>::add(unsigned long, lob::Side, long, unsigned int)::{lambda(long)#1}>(std::__1::map<long, lob::v2::Book<lob::ChecksumSink>::Level, std::__1::less<void>, std::__1::allocator<std::__1::pair<long const, lob::v2::Book<lob::ChecksumSink>::Level> > >&, unsigned long, unsigned int, lob::v2::Book<lob::ChecksumSink>::add(unsigned long, lob::Side, long, unsigned int)::{lambda(long)#1})
0 2700781 2 2 379035 5 1 616200 430 1
203 16790 0 0 0 0 0 16790 0 0
204 33580 0 0 0 0 0 16790 0 0
221 117530 0 0 67160 281 0 0 0 0
224 33580 0 0 0 0 0 16790 0 0
225 33580 0 0 0 0 0 0 0 0
226 16790 0 0 0 0 0 16790 16083 0
229 16790 0 0 16790 0 0 0 0 0
234 267972 0 0 267972 0 0 0 0 0
245 2143784 1 1 0 0 0 1875811 1 1
246 803919 0 0 0 0 0 0 0 0
248 535944 1 1 267972 8 0 0 0 0
250 97188 1 1 0 0 0 0 0 0
252 32396 0 0 0 0 0 0 0 0
253 129584 1 1 0 0 0 0 0 0
256 97188 1 1 0 0 0 32396 0 0
257 32396 0 0 32396 0 0 0 0 0
258 32396 0 0 0 0 0 0 0 0
264 31732 0 0 0 0 0 0 0 0
266 2411757 2 2 1875811 0 0 0 0 0
fn=void lob::v2::Book<lob::ChecksumSink>::rest<std::__1::map<long, lob::v2::Book<lob::ChecksumSink>::Level, std::__1::greater<void>, std::__1::allocator<std::__1::pair<long const, lob::v2::Book<lob::ChecksumSink>::Level> > > >(std::__1::map<long, lob::v2::Book<lob::ChecksumSink>::Level, std::__1::greater<void>, std::__1::allocator<std::__1::pair<long const, lob::v2::Book<lob::ChecksumSink>::Level> > >&, unsigned long, lob::Side, long, unsigned int)
0 759003 0 0 252554 0 0 252107 0 0
166 85 0 0 0 0 0 85 0 0
168 170 0 0 0 0 0 85 7 0
209 1008428 0 0 252107 0 0 252107 0 0
210 504214 0 0 0 0 0 252107 0 0
211 252107 0 0 0 0 0 0 0 0
212 504044 0 0 0 0 0 252022 15941 0
214 85 1 1 0 0 0 85 0 0
215 252107 0 0 0 0 0 252107 0 0
216 252107 0 0 252107 1059 0 0 0 0
270 3277391 1 1 0 0 0 2268963 0 0
271 1008428 1 1 0 0 0 252107 0 0
274 756321 0 0 504214 0 0 252107 0 0
275 1260535 0 0 252107 0 0 756321 5 0
276 252107 1 1 252107 1 0 0 0 0
277 2016856 0 0 1764749 6 0 0 0 0
fn=void lob::v2::Book<lob::ChecksumSink>::rest<std::__1::map<long, lob::v2::Book<lob::ChecksumSink>::Level, std::__1::less<void>, std::__1::allocator<std::__1::pair<long const, lob::v2::Book<lob::ChecksumSink>::Level> > > >(std::__1::map<long, lob::v2::Book<lob::ChecksumSink>::Level, std::__1::less<void>, std::__1::allocator<std::__1::pair<long const, lob::v2::Book<lob::ChecksumSink>::Level> > >&, unsigned long, lob::Side, long, unsigned int)
0 758247 2 2 252299 0 0 251849 0 0
166 76 0 0 0 0 0 76 0 0
168 152 0 0 0 0 0 76 6 0
209 1007396 0 0 251849 0 0 251849 0 0
210 503698 1 1 0 0 0 251849 0 0
211 251849 0 0 0 0 0 0 0 0
212 503546 0 0 0 0 0 251773 15989 0
214 76 0 0 0 0 0 76 0 0
215 251849 0 0 0 0 0 251849 0 0
216 251849 0 0 251849 873 0 0 0 0
270 3274037 1 1 0 0 0 2266641 0 0
271 1007396 0 0 0 0 0 251849 0 0
274 755547 0 0 503698 0 0 251849 0 0
275 1259245 0 0 251849 0 0 755547 0 0
276 251849 0 0 251849 4 0 0 0 0
277 2014792 0 0 1762943 4 0 0 0 0
fl=/home/wang/sources/cxx/book/source/main.cxx
fn=(anonymous namespace)::cmd_replay((anonymous namespace)::Args const&)
0 1 0 0 0 0 0 0 0 0
293 2 1 1 0 0 0 1 1 1
295 9 2 2 0 0 0 6 1 1
fl=/usr/include/c++/v1/__algorithm/comp.h
fn=unsigned int lob::v2::Book<lob::ChecksumSink>::match<std::__1::map<long, lob::v2::Book<lob::ChecksumSink>::Level, std::__1::greater<void>, std::__1::allocator<std::__1::pair<long const, lob::v2::Book<lob::ChecksumSink>::Level> > >, lob::v2::Book<lob::ChecksumSink>::add(unsigned long, lob::Side, long, unsigned int)::{lambda(long)#2}>(std::__1::map<long, lob::v2::Book<lob::ChecksumSink>::Level, std::__1::greater<void>, std::__1::allocator<std::__1::pair<long const, lob::v2::Book<lob::ChecksumSink>::Level> > >&, unsigned long, unsigned int, lob::v2::Book<lob::ChecksumSink>::add(unsigned long, lob::Side, long, unsigned int)::{lambda(long)#2})
41 32041 0 0 32041 3698 0 0 0 0
fn=unsigned int lob::v2::Book<lob::ChecksumSink>::match<std::__1::map<long, lob::v2::Book<lob::ChecksumSink>::Level, std::__1::less<void>, std::__1::allocator<std::__1::pair<long const, lob::v2::Book<lob::ChecksumSink>::Level> > >, lob::v2::Book<lob::ChecksumSink>::add(unsigned long, lob::Side, long, unsigned int)::{lambda(long)#1}>(std::__1::map<long, lob::v2::Book<lob::ChecksumSink>::Level, std::__1::less<void>, std::__1::allocator<std::__1::pair<long const, lob::v2::Book<lob::ChecksumSink>::Level> > >&, unsigned long, unsigned int, lob::v2::Book<lob::ChecksumSink>::add(unsigned long, lob::Side, long, unsigned int)::{lambda(long)#1})
41 32396 0 0 32396 3731 0 0 0 0
fl=/usr/include/c++/v1/__functional/operations.h
fn=(anonymous namespace)::cmd_replay((anonymous namespace)::Args const&)
300 432239 0 0 432239 424506 27 0 0 0
375 2891454 0 0 1107260 6747 2 0 0 0
fn=auto lob::v2::Book<lob::ChecksumSink>::erase(boost::unordered::detail::foa::table_iterator<boost::unordered::detail::foa::flat_map_types<unsigned long, lob::v2::Book<lob::ChecksumSink>::Loc>, boost::unordered::detail::foa::group15<boost::unordered::detail::foa::plain_integral>*, false>)::{lambda(auto:1&)#1}::operator()<std::__1::map<long, lob::v2::Book<lob::ChecksumSink>::Level, std::__1::greater<void>, std::__1::allocator<std::__1::pair<long const, lob::v2::Book<lob::ChecksumSink>::Level> > > >(std::__1::map<long, lob::v2::Book<lob::ChecksumSink>::Level, std::__1::greater<void>, std::__1::allocator<std::__1::pair<long const, lob::v2::Book<lob::ChecksumSink>::Level> > >&) const
462 3310348 0 0 1254518 6372 1 0 0 0
fn=auto lob::v2::Book<lob::ChecksumSink>::erase(boost::unordered::detail::foa::table_iterator<boost::unordered::detail::foa::flat_map_types<unsigned long, lob::v2::Book<lob::ChecksumSink>::Loc>, boost::unordered::detail::foa::group15<boost::unordered::detail::foa::plain_integral>*, false>)::{lambda(auto:1&)#1}::operator()<std::__1::map<long, lob::v2::Book<lob::ChecksumSink>::Level, std::__1::less<void>, std::__1::allocator<std::__1::pair<long const, lob::v2::Book<lob::ChecksumSink>::Level> > > >(std::__1::map<long, lob::v2::Book<lob::ChecksumSink>::Level, std::__1::less<void>, std::__1::allocator<std::__1::pair<long const, lob::v2::Book<lob::ChecksumSink>::Level> > >&) const
375 150044 0 0 57474 340 0 0 0 0
fn=lob::v2::Book<lob::ChecksumSink>::modify(unsigned long, long, unsigned int)
300 56729 0 0 56729 55645 6 0 0 0
375 225542 0 0 86392 574 0 0 0 0
462 251039 0 0 95187 503 0 0 0 0
fn=lob::v2::Book<lob::ChecksumSink>::push(unsigned long, lob::Side, long, unsigned int)
300 4401 0 0 4401 4339 1 0 0 0
fn=unsigned int lob::v2::Book<lob::ChecksumSink>::match<std::__1::map<long, lob::v2::Book<lob::ChecksumSink>::Level, std::__1::greater<void>, std::__1::allocator<std::__1::pair<long const, lob::v2::Book<lob::ChecksumSink>::Level> > >, lob::v2::Book<lob::ChecksumSink>::add(unsigned long, lob::Side, long, unsigned int)::{lambda(long)#2}>(std::__1::map<long, lob::v2::Book<lob::ChecksumSink>::Level, std::__1::greater<void>, std::__1::allocator<std::__1::pair<long const, lob::v2::Book<lob::ChecksumSink>::Level> > >&, unsigned long, unsigned int, lob::v2::Book<lob::ChecksumSink>::add(unsigned long, lob::Side, long, unsigned int)::{lambda(long)#2})
300 16754 0 0 16754 16542 0 0 0 0
fn=unsigned int lob::v2::Book<lob::ChecksumSink>::match<std::__1::map<long, lob::v2::Book<lob::ChecksumSink>::Level, std::__1::less<void>, std::__1::allocator<std::__1::pair<long const, lob::v2::Book<lob::ChecksumSink>::Level> > >, lob::v2::Book<lob::ChecksumSink>::add(unsigned long, lob::Side, long, unsigned int)::{lambda(long)#1}>(std::__1::map<long, lob::v2::Book<lob::ChecksumSink>::Level, std::__1::less<void>, std::__1::allocator<std::__1::pair<long const, lob::v2::Book<lob::ChecksumSink>::Level> > >&, unsigned long, unsigned int, lob::v2::Book<lob::ChecksumSink>::add(unsigned long, lob::Side, long, unsigned int)::{lambda(long)#1})
300 16881 0 0 16881 16631 0 0 0 0
fn=void lob::v2::Book<lob::ChecksumSink>::rest<std::__1::map<long, lob::v2::Book<lob::ChecksumSink>::Level, std::__1::greater<void>, std::__1::allocator<std::__1::pair<long const, lob::v2::Book<lob::ChecksumSink>::Level> > > >(std::__1::map<long, lob::v2::Book<lob::ChecksumSink>::Level, std::__1::greater<void>, std::__1::allocator<std::__1::pair<long const, lob::v2::Book<lob::ChecksumSink>::Level> > >&, unsigned long, lob::Side, long, unsigned int)
300 4454 0 0 4454 22 0 0 0 0
462 2001216 0 0 1000608 5161 0 0 0 0
fn=void lob::v2::Book<lob::ChecksumSink>::rest<std::__1::map<long, lob::v2::Book<lob::ChecksumSink>::Level, std::__1::less<void>, std::__1::allocator<std::__1::pair<long const, lob::v2::Book<lob::ChecksumSink>::Level> > > >(std::__1::map<long, lob::v2::Book<lob::ChecksumSink>::Level, std::__1::less<void>, std::__1::allocator<std::__1::pair<long const, lob::v2::Book<lob::ChecksumSink>::Level> > >&, unsigned long, lob::Side, long, unsigned int)
300 4214 0 0 4214 27 0 0 0 0
375 1809834 0 0 904917 5328 0 0 0 0
fl=/usr/include/c++/v1/__iterator/wrap_iter.h
fn=(anonymous namespace)::cmd_replay((anonymous namespace)::Args const&)
65 1000000 0 0 0 0 0 0 0 0
125 1000002 1 1 1000000 10 0 1 1 1
fl=/usr/include/c++/v1/__math/rounding_functions.h
fn=boost::unordered::detail::foa::table_locator<boost::unordered::detail::foa::group15<boost::unordered::detail::foa::plain_integral>, std::__1::pair<unsigned long const, lob::v2::Book<lob::ChecksumSink>::Loc> > boost::unordered::detail::foa::table_core<boost::unordered::detail::foa::flat_map_types<unsigned long, lob::v2::Book<lob::ChecksumSink>::Loc>, boost::unordered::detail::foa::group15<boost::unordered::detail::foa::plain_integral>, boost::unordered::detail::foa::table_arrays, boost::unordered::detail::foa::plain_size_control, boost::hash<unsigned long>, std::__1::equal_to<unsigned long>, std::__1::allocator<std::__1::pair<unsigned long const, lob::v2::Book<lob::ChecksumSink>::Loc> > >::unchecked_emplace_with_rehash<boost::unordered::detail::foa::try_emplace_args_t, unsigned long&, lob::v2::Book<lob::ChecksumSink>::Loc>(unsigned long, boost::unordered::detail::foa::try_emplace_args_t&&, unsigned long&, lob::v2::Book<lob::ChecksumSink>::Loc&&)
29 11 0 0 0 0 0 0 0 0
fl=/usr/include/c++/v1/__memory/allocator.h
fn=lob::v2::Book<lob::ChecksumSink>::alloc_node(unsigned long, unsigned int)
100 32 0 0 0 0 0 0 0 0
fl=/usr/include/c++/v1/__memory/construct_at.h
fn=lob::v2::Book<lob::ChecksumSink>::alloc_node(unsigned long, unsigned int)
38 53823 0 0 0 0 0 35882 6718 4927
fl=/usr/include/c++/v1/__memory/uninitialized_algorithms.h
fn=lob::v2::Book<lob::ChecksumSink>::alloc_node(unsigned long, unsigned int)
0 16 0 0 16 5 0 0 0 0
638 64 0 0 0 0 0 16 0 0
fl=/usr/include/c++/v1/__new/allocate.h
fn=(anonymous namespace)::cmd_replay((anonymous namespace)::Args const&)
63 174 0 0 0 0 0 58 0 0
fn=auto lob::v2::Book<lob::ChecksumSink>::erase(boost::unordered::detail::foa::table_iterator<boost::unordered::detail::foa::flat_map_types<unsigned long, lob::v2::Book<lob::ChecksumSink>::Loc>, boost::unordered::detail::foa::group15<boost::unordered::detail::foa::plain_integral>*, false>)::{lambda(auto:1&)#1}::operator()<std::__1::map<long, lob::v2::Book<lob::ChecksumSink>::Level, std::__1::greater<void>, std::__1::allocator<std::__1::pair<long const, lob::v2::Book<lob::ChecksumSink>::Level> > > >(std::__1::map<long, lob::v2::Book<lob::ChecksumSink>::Level, std::__1::greater<void>, std::__1::allocator<std::__1::pair<long const, lob::v2::Book<lob::ChecksumSink>::Level> > >&) const
63 264 0 0 66 0 0 0 0 0
fn=boost::unordered::detail::foa::table_core<boost::unordered::detail::foa::flat_map_types<unsigned long, lob::v2::Book<lob::ChecksumSink>::Loc>, boost::unordered::detail::foa::group15<boost::unordered::detail::foa::plain_integral>, boost::unordered::detail::foa::table_arrays, boost::unordered::detail::foa::plain_size_control, boost::hash<unsigned long>, std::__1::equal_to<unsigned long>, std::__1::allocator<std::__1::pair<unsigned long const, lob::v2::Book<lob::ChecksumSink>::Loc> > >::unchecked_rehash(boost::unordered::detail::foa::table_arrays<std::__1::pair<unsigned long const, lob::v2::Book<lob::ChecksumSink>::Loc>, boost::unordered::detail::foa::group15<boost::unordered::detail::foa::plain_integral>, boost::unordered::detail::foa::pow2_size_policy, std::__1::allocator<std::__1::pair<unsigned long const, lob::v2::Book<lob::ChecksumSink>::Loc> > >&)
57 10 0 0 0 0 0 0 0 0
63 10 0 0 0 0 0 10 0 0
fn=boost::unordered::detail::foa::table_locator<boost::unordered::detail::foa::group15<boost::unordered::detail::foa::plain_integral>, std::__1::pair<unsigned long const, lob::v2::Book<lob::ChecksumSink>::Loc> > boost::unordered::detail::foa::table_core<boost::unordered::detail::foa::flat_map_types<unsigned long, lob::v2::Book<lob::ChecksumSink>::Loc>, boost::unordered::detail::foa::group15<boost::unordered::detail::foa::plain_integral>, boost::unordered::detail::foa::table_arrays, boost::unordered::detail::foa::plain_size_control, boost::hash<unsigned long>, std::__1::equal_to<unsigned long>, std::__1::allocator<std::__1::pair<unsigned long const, lob::v2::Book<lob::ChecksumSink>::Loc> > >::unchecked_emplace_with_rehash<boost::unordered::detail::foa::try_emplace_args_t, unsigned long&, lob::v2::Book<lob::ChecksumSink>::Loc>(unsigned long, boost::unordered::detail::foa::try_emplace_args_t&&, unsigned long&, lob::v2::Book<lob::ChecksumSink>::Loc&&)
0 44 0 0 0 0 0 33 0 0
37 11 0 0 0 0 0 0 0 0
43 22 1 1 0 0 0 11 0 0
fn=lob::v2::Book<lob::ChecksumSink>::alloc_node(unsigned long, unsigned int)
0 63 1 1 63 0 0 0 0 0
37 32 0 0 0 0 0 0 0 0
43 48 0 0 0 0 0 16 0 0
63 45 0 0 0 0 0 15 0 0
fn=void lob::v2::Book<lob::ChecksumSink>::rest<std::__1::map<long, lob::v2::Book<lob::ChecksumSink>::Level, std::__1::greater<void>, std::__1::allocator<std::__1::pair<long const, lob::v2::Book<lob::ChecksumSink>::Level> > > >(std::__1::map<long, lob::v2::Book<lob::ChecksumSink>::Level, std::__1::greater<void>, std::__1::allocator<std::__1::pair<long const, lob::v2::Book<lob::ChecksumSink>::Level> > >&, unsigned long, lob::Side, long, unsigned int)
43 255 0 0 0 0 0 85 0 0
fn=void lob::v2::Book<lob::ChecksumSink>::rest<std::__1::map<long, lob::v2::Book<lob::ChecksumSink>::Level, std::__1::less<void>, std::__1::allocator<std::__1::pair<long const, lob::v2::Book<lob::ChecksumSink>::Level> > > >(std::__1::map<long, lob::v2::Book<lob::ChecksumSink>::Level, std::__1::less<void>, std::__1::allocator<std::__1::pair<long const, lob::v2::Book<lob::ChecksumSink>::Level> > >&, unsigned long, lob::Side, long, unsigned int)
43 228 0 0 0 0 0 76 0 0
fl=/usr/include/c++/v1/__split_buffer
fn=lob::v2::Book<lob::ChecksumSink>::alloc_node(unsigned long, unsigned int)
335 16 0 0 0 0 0 0 0 0
341 32 0 0 0 0 0 0 0 0
fl=/usr/include/c++/v1/__tree
fn=(anonymous namespace)::cmd_replay((anonymous namespace)::Args const&)
0 2183263 0 0 1322423 2504 0 0 0 0
105 304 0 0 304 0 0 0 0 0
163 76 0 0 20 15 0 0 0 0
191 232 1 1 58 0 0 0 0 0
193 152 0 0 0 0 0 0 0 0
680 215163 0 0 0 0 0 0 0 0
884 215163 0 0 215163 0 0 0 0 0
1824 174 0 0 58 0 0 0 0 0
1826 58 0 0 58 0 0 0 0 0
1827 116 0 0 0 0 0 58 0 0
1994 430326 1 1 0 0 0 0 0 0
2049 2214520 0 0 0 0 0 0 0 0
2050 892097 0 0 0 0 0 0 0 0
fn=auto lob::v2::Book<lob::ChecksumSink>::erase(boost::unordered::detail::foa::table_iterator<boost::unordered::detail::foa::flat_map_types<unsigned long, lob::v2::Book<lob::ChecksumSink>::Loc>, boost::unordered::detail::foa::group15<boost::unordered::detail::foa::plain_integral>*, false>)::{lambda(auto:1&)#1}::operator()<std::__1::map<long, lob::v2::Book<lob::ChecksumSink>::Level, std::__1::greater<void>, std::__1::allocator<std::__1::pair<long const, lob::v2::Book<lob::ChecksumSink>::Level> > > >(std::__1::map<long, lob::v2::Book<lob::ChecksumSink>::Level, std::__1::greater<void>, std::__1::allocator<std::__1::pair<long const, lob::v2::Book<lob::ChecksumSink>::Level> > >&) const
0 1934561 1 1 1254518 1076 1 0 0 0
105 268 0 0 268 0 0 0 0 0
163 126 0 0 34 26 0 0 0 0
191 198 0 0 66 0 0 0 0 0
193 134 0 0 0 0 0 0 0 0
680 226603 0 0 0 0 0 0 0 0
862 226603 0 0 0 0 0 0 0 0
884 226603 0 0 226603 0 0 0 0 0
1824 132 0 0 66 0 0 0 0 0
1826 66 0 0 66 0 0 0 0 0
1827 132 0 0 0 0 0 66 0 0
1994 453206 0 0 0 0 0 0 0 0
2049 2509036 0 0 0 0 0 0 0 0
2050 1027915 0 0 0 0 0 0 0 0
fn=auto lob::v2::Book<lob::ChecksumSink>::erase(boost::unordered::detail::foa::table_iterator<boost::unordered::detail::foa::flat_map_types<unsigned long, lob::v2::Book<lob::ChecksumSink>::Loc>, boost::unordered::detail::foa::group15<boost::unordered::detail::foa::plain_integral>*, false>)::{lambda(auto:1&)#1}::operator()<std::__1::map<long, lob::v2::Book<lob::ChecksumSink>::Level, std::__1::less<void>, std::__1::allocator<std::__1::pair<long const, lob::v2::Book<lob::ChecksumSink>::Level> > > >(std::__1::map<long, lob::v2::Book<lob::ChecksumSink>::Level, std::__1::less<void>, std::__1::allocator<std::__1::pair<long const, lob::v2::Book<lob::ChecksumSink>::Level> > >&) const
0 91041 1 1 57474 129 0 0 0 0
680 11189 0 0 0 0 0 0 0 0
862 11189 0 0 0 0 0 0 0 0
884 11189 0 0 11189 0 0 0 0 0
1994 22378 0 0 0 0 0 0 0 0
2049 114948 0 0 0 0 0 0 0 0
2050 46285 0 0 0 0 0 0 0 0
fn=lob::v2::Book<lob::ChecksumSink>::modify(unsigned long, long, unsigned int)
0 215657 0 0 147501 280 0 0 0 0
680 34078 0 0 0 0 0 0 0 0
862 34078 1 1 0 0 0 0 0 0
884 34078 0 0 34078 0 0 0 0 0
1994 84973 1 1 0 0 0 0 0 0
2049 363158 0 0 0 0 0 0 0 0
2050 147501 0 0 0 0 0 0 0 0
fn=unsigned int lob::v2::Book<lob::ChecksumSink>::match<std::__1::map<long, lob::v2::Book<lob::ChecksumSink>::Level, std::__1::greater<void>, std::__1::allocator<std::__1::pair<long const, lob::v2::Book<lob::ChecksumSink>::Level> > >, lob::v2::Book<lob::ChecksumSink>::add(unsigned long, lob::Side, long, unsigned int)::{lambda(long)#2}>(std::__1::map<long, lob::v2::Book<lob::ChecksumSink>::Level, std::__1::greater<void>, std::__1::allocator<std::__1::pair<long const, lob::v2::Book<lob::ChecksumSink>::Level> > >&, unsigned long, unsigned int, lob::v2::Book<lob::ChecksumSink>::add(unsigned long, lob::Side, long, unsigned int)::{lambda(long)#2})
915 267434 0 0 267434 0 0 0 0 0
fn=unsigned int lob::v2::Book<lob::ChecksumSink>::match<std::__1::map<long, lob::v2::Book<lob::ChecksumSink>::Level, std::__1::less<void>, std::__1::allocator<std::__1::pair<long const, lob::v2::Book<lob::ChecksumSink>::Level> > >, lob::v2::Book<lob::ChecksumSink>::add(unsigned long, lob::Side, long, unsigned int)::{lambda(long)#1}>(std::__1::map<long, lob::v2::Book<lob::ChecksumSink>::Level, std::__1::less<void>, std::__1::allocator<std::__1::pair<long const, lob::v2::Book<lob::ChecksumSink>::Level> > >&, unsigned long, unsigned int, lob::v2::Book<lob::ChecksumSink>::add(unsigned long, lob::Side, long, unsigned int)::{lambda(long)#1})
915 267972 0 0 267972 0 0 0 0 0
fn=void lob::v2::Book<lob::ChecksumSink>::rest<std::__1::map<long, lob::v2::Book<lob::ChecksumSink>::Level, std::__1::greater<void>, std::__1::allocator<std::__1::pair<long const, lob::v2::Book<lob::ChecksumSink>::Level> > > >(std::__1::map<long, lob::v2::Book<lob::ChecksumSink>::Level, std::__1::greater<void>, std::__1::allocator<std::__1::pair<long const, lob::v2::Book<lob::ChecksumSink>::Level> > >&, unsigned long, lob::Side, long, unsigned int)
0 1000830 1 1 85 0 0 0 0 0
884 252107 0 0 252107 0 0 0 0 0
1591 756322 0 0 0 0 0 252107 0 0
1593 1000608 0 0 0 0 0 0 0 0
1594 2679556 0 0 669889 300 0 0 0 0
1601 330719 0 0 0 0 0 0 0 0
1602 236091 0 0 78697 113 0 0 0 0
1673 85 0 0 0 0 0 85 0 0
1674 85 0 0 0 0 0 85 0 0
1676 85 0 0 0 0 0 85 0 0
1677 340 1 1 170 0 0 0 0 0
1678 5 0 0 0 0 0 5 0 0
1679 255 0 0 85 0 0 85 0 0
1680 85 0 0 85 0 0 0 0 0
fn=void lob::v2::Book<lob::ChecksumSink>::rest<std::__1::map<long, lob::v2::Book<lob::ChecksumSink>::Level, std::__1::less<void>, std::__1::allocator<std::__1::pair<long const, lob::v2::Book<lob::ChecksumSink>::Level> > > >(std::__1::map<long, lob::v2::Book<lob::ChecksumSink>::Level, std::__1::less<void>, std::__1::allocator<std::__1::pair<long const, lob::v2::Book<lob::ChecksumSink>::Level> > >&, unsigned long, lob::Side, long, unsigned int)
0 905120 1 1 76 0 0 0 0 0
884 251849 0 0 251849 0 0 0 0 0
1591 755548 0 0 0 0 0 251849 0 0
1593 904917 0 0 0 0 0 0 0 0
1594 2294760 0 0 573690 1157 0 0 0 0
1601 331227 0 0 0 0 0 0 0 0
1602 238362 0 0 79454 296 0 0 0 0
1673 76 0 0 0 0 0 76 0 0
1674 76 1 1 0 0 0 76 0 0
1676 76 0 0 0 0 0 76 0 0
1677 304 0 0 152 0 0 0 0 0
1678 2 0 0 0 0 0 2 0 0
1679 228 0 0 76 0 0 76 0 0
1680 76 0 0 76 0 0 0 0 0
fn=void std::__1::__tree_balance_after_insert[abi:ne210105]<std::__1::__tree_node_base<void*>*>(std::__1::__tree_node_base<void*>*, std::__1::__tree_node_base<void*>*)
0 66 0 0 0 0 0 0 0 0
105 389 1 1 271 0 0 0 0 0
235 39 1 1 39 0 0 0 0 0
236 78 0 0 39 0 0 39 0 0
237 78 0 0 0 0 0 0 0 0
239 73 0 0 34 0 0 39 0 0
240 34 0 0 0 0 0 0 0 0
241 16 0 0 0 0 0 16 0 0
243 23 0 0 0 0 0 23 0 0
244 39 0 0 0 0 0 39 0 0
254 5 0 0 5 0 0 0 0 0
255 48 1 1 24 0 0 24 0 0
256 48 0 0 0 0 0 0 0 0
258 35 1 1 11 0 0 24 0 0
259 24 0 0 0 0 0 0 0 0
260 3 0 0 0 0 0 3 0 0
262 34 0 0 0 0 0 21 0 0
263 24 1 1 0 0 0 24 0 0
278 322 1 1 0 0 0 161 0 0
279 627 0 0 194 0 0 0 0 0
281 84 0 0 0 0 0 0 0 0
282 25 0 0 25 0 0 0 0 0
283 80 0 0 15 8 0 0 0 0
285 14 0 0 0 0 0 14 0 0
287 28 0 0 0 0 0 14 0 0
288 28 0 0 0 0 0 14 0 0
290 17 0 0 0 0 0 0 0 0
295 11 0 0 0 0 0 11 0 0
297 11 0 0 0 0 0 11 0 0
303 186 0 0 34 20 0 0 0 0
305 25 0 0 0 0 0 25 0 0
307 50 0 0 0 0 0 25 0 0
308 50 0 0 0 0 0 25 0 0
310 55 0 0 0 0 0 0 0 0
315 34 0 0 0 0 0 34 0 0
317 34 0 0 0 0 0 34 0 0
323 161 0 0 161 0 0 0 0 0
569 212 0 0 212 0 0 0 0 0
571 73 0 0 0 0 0 73 2 0
fn=void std::__1::__tree_remove[abi:ne210105]<std::__1::__tree_node_base<void*>*>(std::__1::__tree_node_base<void*>*, std::__1::__tree_node_base<void*>*)
0 297 0 0 45 0 0 39 0 0
105 736 1 1 374 41 0 0 0 0
163 123 0 0 41 0 0 0 0 0
235 7 0 0 7 0 0 0 0 0
236 32 1 1 16 3 0 16 0 0
237 32 0 0 0 0 0 0 0 0
239 32 0 0 16 0 0 16 0 0
240 16 0 0 0 0 0 0 0 0
241 10 0 0 0 0 0 10 0 0
243 7 0 0 0 0 0 6 0 0
244 16 0 0 0 0 0 16 0 0
254 15 0 0 15 0 0 0 0 0
255 44 0 0 22 2 0 22 0 0
256 44 0 0 0 0 0 0 0 0
258 44 1 1 22 0 0 22 0 0
259 22 0 0 0 0 0 0 0 0
260 2 1 1 0 0 0 2 0 0
262 27 0 0 0 0 0 20 0 0
263 22 1 1 0 0 0 22 0 0
339 664 2 2 166 0 0 0 0 0
341 109 0 0 109 0 0 0 0 0
345 218 0 0 0 0 0 0 0 0
346 87 0 0 29 0 0 29 7 0
347 124 0 0 0 0 0 0 0 0
348 40 0 0 0 0 0 40 0 0
349 80 0 0 0 0 0 0 0 0
350 40 0 0 40 0 0 0 0 0
354 84 0 0 0 0 0 84 0 0
358 124 0 0 124 0 0 0 0 0
361 275 0 0 0 0 0 0 0 0
363 54 1 1 27 0 0 27 0 0
364 27 0 0 0 0 0 0 0 0
367 54 0 0 0 0 0 27 0 0
368 54 0 0 27 0 0 27 0 0
370 54 0 0 27 0 0 27 0 0
371 54 0 0 0 0 0 0 0 0
373 54 0 0 27 0 0 27 0 0
374 54 1 1 0 0 0 0 0 0
379 372 0 0 0 0 0 0 0 0
392 136 0 0 0 0 0 0 0 0
393 29 0 0 0 0 0 29 0 0
401 42 0 0 0 0 0 0 0 0
403 24 1 1 0 0 0 0 0 0
404 1 0 0 0 0 0 1 0 0
405 1 0 0 0 0 0 1 0 0
409 3 0 0 1 0 0 0 0 0
412 1 0 0 1 0 0 0 0 0
415 48 1 1 18 8 0 0 0 0
416 27 0 0 9 0 0 0 0 0
417 6 0 0 0 0 0 6 0 0
420 29 0 0 6 0 0 0 0 0
429 18 0 0 6 0 0 0 0 0
431 3 0 0 0 0 0 3 0 0
432 3 0 0 0 0 0 3 0 0
439 12 0 0 6 0 0 6 0 0
440 6 0 0 0 0 0 6 0 0
441 6 0 0 0 0 0 6 0 0
446 60 1 1 0 0 0 0 0 0
447 4 0 0 0 0 0 4 0 0
448 4 0 0 0 0 0 4 0 0
452 12 0 0 4 0 0 0 0 0
455 4 0 0 4 0 0 0 0 0
458 139 1 1 50 21 0 0 0 0
459 72 0 0 24 0 0 0 0 0
460 15 0 0 0 0 0 15 0 0
463 34 0 0 15 0 0 0 0 0
472 17 0 0 1 0 0 0 0 0
474 10 0 0 1 0 0 9 0 0
475 9 0 0 0 0 0 9 0 0
482 30 0 0 15 0 0 15 0 0
483 15 0 0 0 0 0 15 0 0
484 15 0 0 0 0 0 15 0 0
492 124 0 0 124 0 0 0 0 0
569 42 2 2 42 0 0 0 0 0
571 67 0 0 0 0 0 67 9 0
fl=/usr/include/c++/v1/__utility/pair.h
fn=_ZN5boost9unordered6detail3foa10table_coreINS2_14flat_map_typesImN3lob2v24BookINS5_12ChecksumSinkEE3LocEEENS2_7group15INS2_14plain_integralEEENS2_12table_arraysENS2_18plain_size_controlENS_4hashImEENSt3__18equal_toImEENSJ_9allocatorINSJ_4pairIKmSA_EEEEE22for_all_elements_whileIZNSR_22for_all_elements_whileIZNSR_16for_all_elementsIZNSR_16unchecked_rehashERNSF_ISP_SE_NS2_16pow2_size_policyESQ_EEEUlPSP_E_EEDTcmclfL1p0_LDnEEcvv_EERKSW_T_EUlSY_E_EES10_S12_S13_EUlPSE_jSY_E_EEDTcmclfp0_LDnELi0ELDnEEcvv_EES12_S13_
196 160716 1 1 80358 12554 0 80358 17451 17446
fn=boost::unordered::detail::foa::table_locator<boost::unordered::detail::foa::group15<boost::unordered::detail::foa::plain_integral>, std::__1::pair<unsigned long const, lob::v2::Book<lob::ChecksumSink>::Loc> > boost::unordered::detail::foa::table_core<boost::unordered::detail::foa::flat_map_types<unsigned long, lob::v2::Book<lob::ChecksumSink>::Loc>, boost::unordered::detail::foa::group15<boost::unordered::detail::foa::plain_integral>, boost::unordered::detail::foa::table_arrays, boost::unordered::detail::foa::plain_size_control, boost::hash<unsigned long>, std::__1::equal_to<unsigned long>, std::__1::allocator<std::__1::pair<unsigned long const, lob::v2::Book<lob::ChecksumSink>::Loc> > >::unchecked_emplace_with_rehash<boost::unordered::detail::foa::try_emplace_args_t, unsigned long&, lob::v2::Book<lob::ChecksumSink>::Loc>(unsigned long, boost::unordered::detail::foa::try_emplace_args_t&&, unsigned long&, lob::v2::Book<lob::ChecksumSink>::Loc&&)
445 22 0 0 11 0 0 11 11 11
446 44 1 1 22 0 0 22 2 2
fn=void lob::v2::Book<lob::ChecksumSink>::rest<std::__1::map<long, lob::v2::Book<lob::ChecksumSink>::Level, std::__1::greater<void>, std::__1::allocator<std::__1::pair<long const, lob::v2::Book<lob::ChecksumSink>::Level> > > >(std::__1::map<long, lob::v2::Book<lob::ChecksumSink>::Level, std::__1::greater<void>, std::__1::allocator<std::__1::pair<long const, lob::v2::Book<lob::ChecksumSink>::Level> > >&, unsigned long, lob::Side, long, unsigned int)
445 252186 0 0 0 0 0 252186 239207 127
446 1008404 0 0 504202 0 0 504202 119002 7183
fn=void lob::v2::Book<lob::ChecksumSink>::rest<std::__1::map<long, lob::v2::Book<lob::ChecksumSink>::Level, std::__1::less<void>, std::__1::allocator<std::__1::pair<long const, lob::v2::Book<lob::ChecksumSink>::Level> > > >(std::__1::map<long, lob::v2::Book<lob::ChecksumSink>::Level, std::__1::less<void>, std::__1::allocator<std::__1::pair<long const, lob::v2::Book<lob::ChecksumSink>::Level> > >&, unsigned long, lob::Side, long, unsigned int)
445 251920 0 0 0 0 0 251920 238795 114
446 1007376 1 1 503688 0 0 503688 119187 7071
fl=/usr/include/c++/v1/__utility/swap.h
fn=lob::v2::Book<lob::ChecksumSink>::alloc_node(unsigned long, unsigned int)
44 48 0 0 0 0 0 48 10 0
fl=/usr/include/c++/v1/__vector/vector.h
fn=(anonymous namespace)::cmd_replay((anonymous namespace)::Args const&)
0 1 0 0 1 0 0 0 0 0
407 1290338 0 0 430515 0 0 0 0 0
449 1 0 0 1 1 1 0 0 0
fn=auto lob::v2::Book<lob::ChecksumSink>::erase(boost::unordered::detail::foa::table_iterator<boost::unordered::detail::foa::flat_map_types<unsigned long, lob::v2::Book<lob::ChecksumSink>::Loc>, boost::unordered::detail::foa::group15<boost::unordered::detail::foa::plain_integral>*, false>)::{lambda(auto:1&)#1}::operator()<std::__1::map<long, lob::v2::Book<lob::ChecksumSink>::Level, std::__1::greater<void>, std::__1::allocator<std::__1::pair<long const, lob::v2::Book<lob::ChecksumSink>::Level> > > >(std::__1::map<long, lob::v2::Book<lob::ChecksumSink>::Level, std::__1::greater<void>, std::__1::allocator<std::__1::pair<long const, lob::v2::Book<lob::ChecksumSink>::Level> > >&) const
407 905352 1 1 226603 0 0 0 0 0
fn=auto lob::v2::Book<lob::ChecksumSink>::erase(boost::unordered::detail::foa::table_iterator<boost::unordered::detail::foa::flat_map_types<unsigned long, lob::v2::Book<lob::ChecksumSink>::Loc>, boost::unordered::detail::foa::group15<boost::unordered::detail::foa::plain_integral>*, false>)::{lambda(auto:1&)#1}::operator()<std::__1::map<long, lob::v2::Book<lob::ChecksumSink>::Level, std::__1::less<void>, std::__1::allocator<std::__1::pair<long const, lob::v2::Book<lob::ChecksumSink>::Level> > > >(std::__1::map<long, lob::v2::Book<lob::ChecksumSink>::Level, std::__1::less<void>, std::__1::allocator<std::__1::pair<long const, lob::v2::Book<lob::ChecksumSink>::Level> > >&) const
407 44714 1 1 11189 0 0 0 0 0
fn=lob::v2::Book<lob::ChecksumSink>::alloc_node(unsigned long, unsigned int)
0 96 2 2 0 0 0 64 1 1
388 161469 0 0 35882 0 0 0 0 0
391 64 0 0 0 0 0 0 0 0
407 1493927 0 0 503956 0 0 0 0 0
475 17925 0 0 0 0 0 0 0 0
902 32 0 0 0 0 0 0 0 0
905 80 0 0 0 0 0 0 0 0
1128 16 0 0 0 0 0 0 0 0
1131 32 1 1 0 0 0 0 0 0
1146 53823 0 0 17941 0 0 0 0 0
1149 17925 0 0 0 0 0 0 0 0
1152 17941 0 0 0 0 0 17941 0 0
fn=lob::v2::Book<lob::ChecksumSink>::modify(unsigned long, long, unsigned int)
407 113036 0 0 56518 0 0 0 0 0
fn=unsigned int lob::v2::Book<lob::ChecksumSink>::match<std::__1::map<long, lob::v2::Book<lob::ChecksumSink>::Level, std::__1::greater<void>, std::__1::allocator<std::__1::pair<long const, lob::v2::Book<lob::ChecksumSink>::Level> > >, lob::v2::Book<lob::ChecksumSink>::add(unsigned long, lob::Side, long, unsigned int)::{lambda(long)#2}>(std::__1::map<long, lob::v2::Book<lob::ChecksumSink>::Level, std::__1::greater<void>, std::__1::allocator<std::__1::pair<long const, lob::v2::Book<lob::ChecksumSink>::Level> > >&, unsigned long, unsigned int, lob::v2::Book<lob::ChecksumSink>::add(unsigned long, lob::Side, long, unsigned int)::{lambda(long)#2})
407 48687 0 0 0 0 0 0 0 0
fn=unsigned int lob::v2::Book<lob::ChecksumSink>::match<std::__1::map<long, lob::v2::Book<lob::ChecksumSink>::Level, std::__1::less<void>, std::__1::allocator<std::__1::pair<long const, lob::v2::Book<lob::ChecksumSink>::Level> > >, lob::v2::Book<lob::ChecksumSink>::add(unsigned long, lob::Side, long, unsigned int)::{lambda(long)#1}>(std::__1::map<long, lob::v2::Book<lob::ChecksumSink>::Level, std::__1::less<void>, std::__1::allocator<std::__1::pair<long const, lob::v2::Book<lob::ChecksumSink>::Level> > >&, unsigned long, unsigned int, lob::v2::Book<lob::ChecksumSink>::add(unsigned long, lob::Side, long, unsigned int)::{lambda(long)#1})
407 49186 0 0 0 0 0 0 0 0
fn=void lob::v2::Book<lob::ChecksumSink>::rest<std::__1::map<long, lob::v2::Book<lob::ChecksumSink>::Level, std::__1::greater<void>, std::__1::allocator<std::__1::pair<long const, lob::v2::Book<lob::ChecksumSink>::Level> > > >(std::__1::map<long, lob::v2::Book<lob::ChecksumSink>::Level, std::__1::greater<void>, std::__1::allocator<std::__1::pair<long const, lob::v2::Book<lob::ChecksumSink>::Level> > >&, unsigned long, lob::Side, long, unsigned int)
407 756236 0 0 252107 0 0 0 0 0
fn=void lob::v2::Book<lob::ChecksumSink>::rest<std::__1::map<long, lob::v2::Book<lob::ChecksumSink>::Level, std::__1::less<void>, std::__1::allocator<std::__1::pair<long const, lob::v2::Book<lob::ChecksumSink>::Level> > > >(std::__1::map<long, lob::v2::Book<lob::ChecksumSink>::Level, std::__1::less<void>, std::__1::allocator<std::__1::pair<long const, lob::v2::Book<lob::ChecksumSink>::Level> > >&, unsigned long, lob::Side, long, unsigned int)
407 755471 0 0 251849 0 0 0 0 0
fl=/usr/include/c++/v1/map
fn=unsigned int lob::v2::Book<lob::ChecksumSink>::match<std::__1::map<long, lob::v2::Book<lob::ChecksumSink>::Level, std::__1::greater<void>, std::__1::allocator<std::__1::pair<long const, lob::v2::Book<lob::ChecksumSink>::Level> > >, lob::v2::Book<lob::ChecksumSink>::add(unsigned long, lob::Side, long, unsigned int)::{lambda(long)#2}>(std::__1::map<long, lob::v2::Book<lob::ChecksumSink>::Level, std::__1::greater<void>, std::__1::allocator<std::__1::pair<long const, lob::v2::Book<lob::ChecksumSink>::Level> > >&, unsigned long, unsigned int, lob::v2::Book<lob::ChecksumSink>::add(unsigned long, lob::Side, long, unsigned int)::{lambda(long)#2})
1031 267434 1 1 267434 0 0 0 0 0
fn=unsigned int lob::v2::Book<lob::ChecksumSink>::match<std::__1::map<long, lob::v2::Book<lob::ChecksumSink>::Level, std::__1::less<void>, std::__1::allocator<std::__1::pair<long const, lob::v2::Book<lob::ChecksumSink>::Level> > >, lob::v2::Book<lob::ChecksumSink>::add(unsigned long, lob::Side, long, unsigned int)::{lambda(long)#1}>(std::__1::map<long, lob::v2::Book<lob::ChecksumSink>::Level, std::__1::less<void>, std::__1::allocator<std::__1::pair<long const, lob::v2::Book<lob::ChecksumSink>::Level> > >&, unsigned long, unsigned int, lob::v2::Book<lob::ChecksumSink>::add(unsigned long, lob::Side, long, unsigned int)::{lambda(long)#1})
1031 267973 1 1 267973 1 1 0 0 0
fl=???
fn=???
0 1350 9 9 856 669 7 6 0 0
fn=operator delete(void*)
0 745 0 0 149 0 0 149 0 0
fn=operator delete(void*, unsigned long)
0 745 1 1 149 0 0 149 0 0
fn=operator new(unsigned long)
0 3196 2 2 564 0 0 752 0 0
summary: 230370630 343 343 67120754 2577292 375245 34368587 1745289 48487
