==100857== Cachegrind, a high-precision tracing profiler
==100857== Copyright (C) 2002-2017, and GNU GPL'd, by Nicholas Nethercote et al.
==100857== Using Valgrind-3.22.0 and LibVEX; rerun with -h for copyright info
==100857== Command: /home/wang/sources/cxx/book/build/profile/book replay --workload data/itch12302019_QQQ.ops --version v16
==100857== 
==100857== 
==100857== I refs:        396,654,531
==100857== I1  misses:            349
==100857== LLi misses:            344
==100857== I1  miss rate:        0.00%
==100857== LLi miss rate:        0.00%
==100857== 
==100857== D refs:        146,974,950  (101,947,855 rd   + 45,027,095 wr)
==100857== D1  misses:      2,362,647  (  1,174,589 rd   +  1,188,058 wr)
==100857== LLd misses:        960,117  (    940,679 rd   +     19,438 wr)
==100857== D1  miss rate:         1.6% (        1.2%     +        2.6%  )
==100857== LLd miss rate:         0.7% (        0.9%     +        0.0%  )
==100857== 
==100857== LL refs:         2,362,996  (  1,174,938 rd   +  1,188,058 wr)
==100857== LL misses:         960,461  (    941,023 rd   +     19,438 wr)
==100857== LL miss rate:          0.2% (        0.2%     +        0.0%  )
