==34430== Cachegrind, a high-precision tracing profiler
==34430== Copyright (C) 2002-2017, and GNU GPL'd, by Nicholas Nethercote et al.
==34430== Using Valgrind-3.22.0 and LibVEX; rerun with -h for copyright info
==34430== Command: /home/wang/sources/cxx/book/build/profile/book replay --workload data/syn_default_s42.ops --version v4
==34430== 
==34430== 
==34430== I refs:        204,401,858
==34430== I1  misses:            233
==34430== LLi misses:            233
==34430== I1  miss rate:        0.00%
==34430== LLi miss rate:        0.00%
==34430== 
==34430== D refs:         81,325,069  (55,055,600 rd   + 26,269,469 wr)
==34430== D1  misses:      2,282,302  ( 1,252,046 rd   +  1,030,256 wr)
==34430== LLd misses:        380,168  (   375,165 rd   +      5,003 wr)
==34430== D1  miss rate:         2.8% (       2.3%     +        3.9%  )
==34430== LLd miss rate:         0.5% (       0.7%     +        0.0%  )
==34430== 
==34430== LL refs:         2,282,535  ( 1,252,279 rd   +  1,030,256 wr)
==34430== LL misses:         380,401  (   375,398 rd   +      5,003 wr)
==34430== LL miss rate:          0.1% (       0.1%     +        0.0%  )
