==78568== Cachegrind, a high-precision tracing profiler
==78568== Copyright (C) 2002-2017, and GNU GPL'd, by Nicholas Nethercote et al.
==78568== Using Valgrind-3.22.0 and LibVEX; rerun with -h for copyright info
==78568== Command: /home/wang/sources/cxx/book/build/profile/book replay --workload data/itch12302019_AAPL.ops --version v12
==78568== 
==78568== 
==78568== I refs:        275,686,669
==78568== I1  misses:            255
==78568== LLi misses:            255
==78568== I1  miss rate:        0.00%
==78568== LLi miss rate:        0.00%
==78568== 
==78568== D refs:        106,685,271  (78,317,954 rd   + 28,367,317 wr)
==78568== D1  misses:      3,050,669  ( 1,837,794 rd   +  1,212,875 wr)
==78568== LLd misses:        770,907  (   638,616 rd   +    132,291 wr)
==78568== D1  miss rate:         2.9% (       2.3%     +        4.3%  )
==78568== LLd miss rate:         0.7% (       0.8%     +        0.5%  )
==78568== 
==78568== LL refs:         3,050,924  ( 1,838,049 rd   +  1,212,875 wr)
==78568== LL misses:         771,162  (   638,871 rd   +    132,291 wr)
==78568== LL miss rate:          0.2% (       0.2%     +        0.5%  )
