==78445== Cachegrind, a high-precision tracing profiler
==78445== Copyright (C) 2002-2017, and GNU GPL'd, by Nicholas Nethercote et al.
==78445== Using Valgrind-3.22.0 and LibVEX; rerun with -h for copyright info
==78445== Command: /home/wang/sources/cxx/book/build/profile/book replay --workload data/syn_aggressive_s42.ops --version v11
==78445== 
==78445== 
==78445== I refs:        227,908,181
==78445== I1  misses:            240
==78445== LLi misses:            240
==78445== I1  miss rate:        0.00%
==78445== LLi miss rate:        0.00%
==78445== 
==78445== D refs:         94,041,146  (61,519,350 rd   + 32,521,796 wr)
==78445== D1  misses:      2,070,410  ( 1,063,291 rd   +  1,007,119 wr)
==78445== LLd misses:        378,757  (   375,129 rd   +      3,628 wr)
==78445== D1  miss rate:         2.2% (       1.7%     +        3.1%  )
==78445== LLd miss rate:         0.4% (       0.6%     +        0.0%  )
==78445== 
==78445== LL refs:         2,070,650  ( 1,063,531 rd   +  1,007,119 wr)
==78445== LL misses:         378,997  (   375,369 rd   +      3,628 wr)
==78445== LL miss rate:          0.1% (       0.1%     +        0.0%  )
