==55046== Cachegrind, a high-precision tracing profiler
==55046== Copyright (C) 2002-2017, and GNU GPL'd, by Nicholas Nethercote et al.
==55046== Using Valgrind-3.22.0 and LibVEX; rerun with -h for copyright info
==55046== Command: /home/wang/sources/cxx/book/build/profile/book replay --workload data/itch12302019_QQQ.ops --version v9
==55046== 
==55046== 
==55046== I refs:        511,883,180
==55046== I1  misses:            266
==55046== LLi misses:            257
==55046== I1  miss rate:        0.00%
==55046== LLi miss rate:        0.00%
==55046== 
==55046== D refs:        204,257,126  (143,331,327 rd   + 60,925,799 wr)
==55046== D1  misses:      3,028,747  (  1,710,962 rd   +  1,317,785 wr)
==55046== LLd misses:        975,536  (    947,129 rd   +     28,407 wr)
==55046== D1  miss rate:         1.5% (        1.2%     +        2.2%  )
==55046== LLd miss rate:         0.5% (        0.7%     +        0.0%  )
==55046== 
==55046== LL refs:         3,029,013  (  1,711,228 rd   +  1,317,785 wr)
==55046== LL misses:         975,793  (    947,386 rd   +     28,407 wr)
==55046== LL miss rate:          0.1% (        0.1%     +        0.0%  )
