==16215== Cachegrind, a high-precision tracing profiler
==16215== Copyright (C) 2002-2017, and GNU GPL'd, by Nicholas Nethercote et al.
==16215== Using Valgrind-3.22.0 and LibVEX; rerun with -h for copyright info
==16215== Command: /home/wang/sources/cxx/book/build/profile/book replay --workload data/itch12302019_AAPL.ops --version v0
==16215== 
==16215== 
==16215== I refs:        908,458,443
==16215== I1  misses:            307
==16215== LLi misses:            307
==16215== I1  miss rate:        0.00%
==16215== LLi miss rate:        0.00%
==16215== 
==16215== D refs:        351,189,249  (229,013,296 rd   + 122,175,953 wr)
==16215== D1  misses:      4,976,382  (  4,528,204 rd   +     448,178 wr)
==16215== LLd misses:        703,514  (    631,541 rd   +      71,973 wr)
==16215== D1  miss rate:         1.4% (        2.0%     +         0.4%  )
==16215== LLd miss rate:         0.2% (        0.3%     +         0.1%  )
==16215== 
==16215== LL refs:         4,976,689  (  4,528,511 rd   +     448,178 wr)
==16215== LL misses:         703,821  (    631,848 rd   +      71,973 wr)
==16215== LL miss rate:          0.1% (        0.1%     +         0.1%  )
