==34663== Cachegrind, a high-precision tracing profiler
==34663== Copyright (C) 2002-2017, and GNU GPL'd, by Nicholas Nethercote et al.
==34663== Using Valgrind-3.22.0 and LibVEX; rerun with -h for copyright info
==34663== Command: /home/wang/sources/cxx/book/build/profile/book replay --workload data/itch12302019_SPY.ops --version v4
==34663== 
==34663== 
==34663== I refs:        448,739,376
==34663== I1  misses:            250
==34663== LLi misses:            246
==34663== I1  miss rate:        0.00%
==34663== LLi miss rate:        0.00%
==34663== 
==34663== D refs:        178,618,118  (122,333,065 rd   + 56,285,053 wr)
==34663== D1  misses:      1,583,590  (  1,059,823 rd   +    523,767 wr)
==34663== LLd misses:        855,842  (    846,435 rd   +      9,407 wr)
==34663== D1  miss rate:         0.9% (        0.9%     +        0.9%  )
==34663== LLd miss rate:         0.5% (        0.7%     +        0.0%  )
==34663== 
==34663== LL refs:         1,583,840  (  1,060,073 rd   +    523,767 wr)
==34663== LL misses:         856,088  (    846,681 rd   +      9,407 wr)
==34663== LL miss rate:          0.1% (        0.1%     +        0.0%  )
