==26244== Cachegrind, a high-precision tracing profiler
==26244== Copyright (C) 2002-2017, and GNU GPL'd, by Nicholas Nethercote et al.
==26244== Using Valgrind-3.22.0 and LibVEX; rerun with -h for copyright info
==26244== Command: /home/wang/sources/cxx/book/build/profile/book replay --workload data/itch12302019_AAPL.ops --version v3
==26244== 
==26244== 
==26244== I refs:        344,080,514
==26244== I1  misses:            266
==26244== LLi misses:            266
==26244== I1  miss rate:        0.00%
==26244== LLi miss rate:        0.00%
==26244== 
==26244== D refs:        137,177,083  (93,751,374 rd   + 43,425,709 wr)
==26244== D1  misses:      3,218,677  ( 1,905,708 rd   +  1,312,969 wr)
==26244== LLd misses:        813,891  (   654,851 rd   +    159,040 wr)
==26244== D1  miss rate:         2.3% (       2.0%     +        3.0%  )
==26244== LLd miss rate:         0.6% (       0.7%     +        0.4%  )
==26244== 
==26244== LL refs:         3,218,943  ( 1,905,974 rd   +  1,312,969 wr)
==26244== LL misses:         814,157  (   655,117 rd   +    159,040 wr)
==26244== LL miss rate:          0.2% (       0.1%     +        0.4%  )
