==90748== Cachegrind, a high-precision tracing profiler
==90748== Copyright (C) 2002-2017, and GNU GPL'd, by Nicholas Nethercote et al.
==90748== Using Valgrind-3.22.0 and LibVEX; rerun with -h for copyright info
==90748== Command: /home/wang/sources/cxx/book/build/profile/book replay --workload data/itch12302019_AAPL.ops --version v15
==90748== 
==90748== 
==90748== I refs:        259,212,062
==90748== I1  misses:            337
==90748== LLi misses:            327
==90748== I1  miss rate:        0.00%
==90748== LLi miss rate:        0.00%
==90748== 
==90748== D refs:        100,358,506  (67,074,062 rd   + 33,284,444 wr)
==90748== D1  misses:      1,904,674  ( 1,730,862 rd   +    173,812 wr)
==90748== LLd misses:        672,465  (   619,062 rd   +     53,403 wr)
==90748== D1  miss rate:         1.9% (       2.6%     +        0.5%  )
==90748== LLd miss rate:         0.7% (       0.9%     +        0.2%  )
==90748== 
==90748== LL refs:         1,905,011  ( 1,731,199 rd   +    173,812 wr)
==90748== LL misses:         672,792  (   619,389 rd   +     53,403 wr)
==90748== LL miss rate:          0.2% (       0.2%     +        0.2%  )
