==78684== Cachegrind, a high-precision tracing profiler
==78684== Copyright (C) 2002-2017, and GNU GPL'd, by Nicholas Nethercote et al.
==78684== Using Valgrind-3.22.0 and LibVEX; rerun with -h for copyright info
==78684== Command: /home/wang/sources/cxx/book/build/profile/book replay --workload data/itch12302019_QQQ.ops --version v12
==78684== 
==78684== 
==78684== I refs:        402,435,564
==78684== I1  misses:            254
==78684== LLi misses:            254
==78684== I1  miss rate:        0.00%
==78684== LLi miss rate:        0.00%
==78684== 
==78684== D refs:        155,952,984  (114,687,725 rd   + 41,265,259 wr)
==78684== D1  misses:      3,023,269  (  1,708,932 rd   +  1,314,337 wr)
==78684== LLd misses:        975,530  (    947,168 rd   +     28,362 wr)
==78684== D1  miss rate:         1.9% (        1.5%     +        3.2%  )
==78684== LLd miss rate:         0.6% (        0.8%     +        0.1%  )
==78684== 
==78684== LL refs:         3,023,523  (  1,709,186 rd   +  1,314,337 wr)
==78684== LL misses:         975,784  (    947,422 rd   +     28,362 wr)
==78684== LL miss rate:          0.2% (        0.2%     +        0.1%  )
