desc: I1 cache:         32768 B, 64 B, 8-way associative
desc: D1 cache:         49152 B, 64 B, 12-way associative
desc: LL cache:         6291456 B, 64 B, 12-way associative
cmd: /home/wang/sources/cxx/book/build/profile/book replay --workload data/syn_deep_s42.ops --version v10
events: Ir I1mr ILmr Dr D1mr DLmr Dw D1mw DLmw 
fl=./elf/../sysdeps/generic/dl-new-hash.h
fn=_dl_lookup_symbol_x
69 3 0 0 0 0 0 0 0 0
70 6 0 0 0 0 0 0 0 0
74 11 0 0 11 3 3 0 0 0
77 22 0 0 0 0 0 0 0 0
80 9 0 0 9 0 0 0 0 0
81 18 0 0 0 0 0 0 0 0
87 1 1 1 0 0 0 0 0 0
88 1 0 0 0 0 0 0 0 0
89 2 0 0 0 0 0 0 0 0
90 1 0 0 0 0 0 0 0 0
99 8 0 0 0 0 0 0 0 0
101 8 0 0 0 0 0 0 0 0
102 16 0 0 0 0 0 0 0 0
104 8 1 1 0 0 0 0 0 0
105 8 0 0 0 0 0 0 0 0
fl=./elf/../sysdeps/generic/dl-protected.h
fn=do_lookup_x
29 12 0 0 0 0 0 0 0 0
fl=./elf/../sysdeps/generic/ldsodefs.h
fn=do_lookup_x
139 6 0 0 3 0 0 0 0 0
140 9 0 0 0 0 0 0 0 0
fl=./elf/../sysdeps/x86_64/dl-machine.h
fn=_dl_fixup
234 3 0 0 0 0 0 3 0 0
fl=./elf/../sysdeps/x86_64/dl-runtime.h
fn=_dl_fixup
28 3 0 0 0 0 0 0 0 0
fl=./elf/../sysdeps/x86_64/dl-trampoline.h
fn=_dl_runtime_resolve_xsave
71 3 1 1 0 0 0 0 0 0
76 3 0 0 0 0 0 3 0 0
79 3 0 0 0 0 0 0 0 0
81 3 0 0 0 0 0 0 0 0
91 3 0 0 3 1 1 0 0 0
97 3 0 0 0 0 0 3 1 1
98 3 0 0 0 0 0 3 0 0
99 3 1 1 0 0 0 3 0 0
100 3 0 0 0 0 0 3 0 0
101 3 0 0 0 0 0 3 0 0
102 3 0 0 0 0 0 3 0 0
103 3 0 0 0 0 0 3 0 0
107 3 0 0 0 0 0 0 0 0
108 3 0 0 0 0 0 0 0 0
111 3 0 0 0 0 0 3 1 1
112 3 0 0 0 0 0 3 0 0
114 3 0 0 0 0 0 3 0 0
115 3 0 0 0 0 0 3 0 0
116 3 1 1 0 0 0 3 0 0
117 3 0 0 0 0 0 3 0 0
118 3 0 0 0 0 0 3 0 0
119 3 0 0 0 0 0 3 0 0
121 3 0 0 3 0 0 99 6 6
128 3 0 0 3 0 0 0 0 0
129 3 0 0 3 0 0 0 0 0
130 3 0 0 0 0 0 3 1 1
131 3 0 0 0 0 0 0 0 0
136 3 0 0 0 0 0 0 0 0
137 3 0 0 0 0 0 0 0 0
138 3 0 0 108 0 0 0 0 0
140 3 1 1 3 0 0 0 0 0
141 3 0 0 3 0 0 0 0 0
142 3 0 0 3 0 0 0 0 0
143 3 0 0 3 0 0 0 0 0
144 3 0 0 3 0 0 0 0 0
145 3 0 0 3 0 0 0 0 0
146 3 0 0 3 0 0 0 0 0
148 3 0 0 0 0 0 0 0 0
150 3 0 0 3 0 0 0 0 0
154 3 0 0 0 0 0 0 0 0
156 3 0 0 0 0 0 0 0 0
fl=./elf/./elf/dl-lookup.c
fn=_dl_lookup_symbol_x
772 39 2 2 0 0 0 27 3 3
774 6 0 0 0 0 0 3 0 0
775 12 0 0 0 0 0 3 0 0
778 3 0 0 3 1 1 0 0 0
782 8 0 0 1 0 0 0 0 0
785 6 1 1 3 0 0 0 0 0
787 6 0 0 6 0 0 0 0 0
791 42 0 0 0 0 0 9 0 0
792 51 2 2 21 0 0 21 1 1
797 15 0 0 6 0 0 0 0 0
816 3 0 0 0 0 0 3 0 0
820 6 0 0 3 0 0 0 0 0
821 21 0 0 3 0 0 0 0 0
828 3 0 0 3 0 0 0 0 0
856 12 1 1 3 0 0 0 0 0
870 9 0 0 3 2 2 0 0 0
873 6 0 0 3 0 0 0 0 0
890 12 0 0 3 0 0 0 0 0
892 27 1 1 21 0 0 0 0 0
fn=check_match
70 45 1 1 6 2 2 18 1 1
73 24 1 1 6 0 0 0 0 0
86 15 0 0 0 0 0 0 0 0
89 18 1 1 4 0 0 2 0 0
93 3 0 0 3 2 2 0 0 0
94 6 0 0 0 0 0 0 0 0
96 2 0 0 0 0 0 0 0 0
115 2 0 0 2 1 1 0 0 0
116 8 0 0 3 1 1 0 0 0
117 5 1 1 2 0 0 1 0 0
144 4 1 1 0 0 0 0 0 0
146 12 0 0 4 1 1 0 0 0
147 8 1 1 0 0 0 0 0 0
161 3 0 0 0 0 0 0 0 0
162 24 0 0 21 0 0 0 0 0
fn=do_lookup_x
347 42 2 2 6 0 0 30 2 2
348 3 0 0 3 1 1 0 0 0
353 3 0 0 0 0 0 0 0 0
354 3 0 0 3 0 0 0 0 0
358 30 1 1 30 9 9 0 0 0
361 30 0 0 0 0 0 0 0 0
365 36 0 0 3 0 0 0 0 0
386 30 1 1 15 6 6 0 0 0
390 30 0 0 15 1 1 0 0 0
396 45 0 0 15 6 6 0 0 0
400 15 0 0 0 0 0 15 0 0
401 15 0 0 0 0 0 15 0 0
404 75 0 0 45 12 12 0 0 0
405 45 1 1 30 5 5 0 0 0
408 15 0 0 15 0 0 0 0 0
409 30 0 0 0 0 0 0 0 0
411 15 0 0 15 9 9 0 0 0
412 9 0 0 0 0 0 3 0 0
413 30 0 0 30 0 0 0 0 0
415 21 1 1 3 0 0 6 0 0
416 60 0 0 30 0 0 0 0 0
419 105 0 0 15 0 0 0 0 0
422 6 0 0 6 3 3 0 0 0
423 9 1 1 3 0 0 0 0 0
424 6 0 0 0 0 0 0 0 0
426 6 0 0 3 0 0 0 0 0
429 25 1 1 5 3 3 0 0 0
431 9 0 0 3 0 0 0 0 0
432 75 2 2 21 0 0 39 2 2
433 6 0 0 0 0 0 0 0 0
436 9 0 0 0 0 0 0 0 0
439 6 0 0 0 0 0 0 0 0
461 24 1 1 18 0 0 0 0 0
476 6 1 1 0 0 0 0 0 0
483 16 0 0 3 0 0 0 0 0
487 6 1 1 2 1 1 0 0 0
499 6 0 0 3 0 0 3 0 0
500 3 0 0 0 0 0 3 0 0
501 3 0 0 0 0 0 0 0 0
518 36 0 0 0 0 0 0 0 0
522 24 0 0 21 0 0 0 0 0
fl=./elf/./elf/dl-runtime.c
fn=_dl_fixup
46 33 2 2 0 0 0 18 0 0
48 15 0 0 12 4 4 0 0 0
49 9 1 1 6 1 1 0 0 0
54 3 0 0 3 2 2 0 0 0
55 12 0 0 3 2 2 0 0 0
56 21 0 0 3 3 3 3 1 1
58 6 0 0 3 2 2 0 0 0
63 6 0 0 0 0 0 0 0 0
67 6 0 0 3 3 3 0 0 0
69 5 0 0 0 0 0 0 0 0
71 9 1 1 3 2 2 0 0 0
75 9 0 0 6 5 5 0 0 0
76 12 0 0 3 0 0 0 0 0
77 9 0 0 3 2 2 0 0 0
84 3 1 1 0 0 0 0 0 0
85 9 0 0 3 0 0 0 0 0
95 33 0 0 6 2 2 9 0 0
99 15 1 1 9 0 0 0 0 0
109 30 0 0 12 0 0 3 0 0
124 12 1 1 3 0 0 0 0 0
133 9 0 0 3 1 1 0 0 0
159 9 0 0 3 0 0 0 0 0
163 24 1 1 21 0 0 0 0 0
fl=./malloc/./malloc/arena.c
fn=free
153 66 0 0 0 0 0 0 0 0
fn=malloc
153 54 0 0 0 0 0 0 0 0
fl=./malloc/./malloc/malloc.c
fn=_int_free
1792 15 0 0 15 7 0 0 0 0
3163 14 1 1 7 0 0 7 0 0
3165 28 0 0 7 5 5 7 0 0
3166 7 0 0 0 0 0 7 0 0
3167 14 0 0 0 0 0 7 0 0
4495 154 1 1 0 0 0 88 3 0
4499 66 1 1 22 0 0 0 0 0
4505 88 0 0 0 0 0 0 0 0
4506 44 0 0 0 0 0 0 0 0
4510 110 0 0 0 0 0 0 0 0
4517 44 0 0 0 0 0 0 0 0
4518 132 1 1 66 7 0 0 0 0
4521 7 0 0 0 0 0 0 0 0
4527 21 0 0 14 1 1 0 0 0
4547 35 1 1 14 0 0 0 0 0
4550 7 0 0 0 0 0 0 0 0
4561 30 0 0 0 0 0 0 0 0
4637 30 0 0 15 0 0 0 0 0
4640 30 0 0 15 7 0 0 0 0
4643 30 1 1 0 0 0 0 0 0
4646 30 0 0 0 0 0 0 0 0
4658 117 1 1 95 0 0 0 0 0
fn=_int_free_maybe_consolidate
4770 165 1 1 15 7 0 105 0 0
4776 30 0 0 0 0 0 0 0 0
4778 20 0 0 5 0 0 0 0 0
4781 15 0 0 0 0 0 0 0 0
4784 25 2 2 15 5 0 0 0 0
4785 10 0 0 6 0 0 0 0 0
4798 157 1 1 129 0 0 0 0 0
fn=_int_free_merge_chunk
1992 45 0 0 15 0 0 0 0 0
4665 120 1 1 0 0 0 90 4 0
4666 15 0 0 0 0 0 0 0 0
4670 90 0 0 15 7 0 0 0 0
4673 60 1 1 15 7 0 0 0 0
4675 45 1 1 15 4 0 0 0 0
4678 45 0 0 15 1 0 0 0 0
4681 30 0 0 0 0 0 0 0 0
4682 30 0 0 0 0 0 0 0 0
4683 30 0 0 15 7 0 0 0 0
4689 30 1 1 15 0 0 0 0 0
4691 11 0 0 11 0 0 0 0 0
4692 11 0 0 0 0 0 0 0 0
4693 11 0 0 0 0 0 0 0 0
4694 44 0 0 11 5 0 0 0 0
4696 22 0 0 0 0 0 11 0 0
4701 45 0 0 0 0 0 0 0 0
4702 105 0 0 90 0 0 0 0 0
4714 30 0 0 15 0 0 0 0 0
4720 26 0 0 13 2 0 0 0 0
4721 4 1 1 0 0 0 2 0 0
4722 4 0 0 0 0 0 0 0 0
4724 11 0 0 11 0 0 0 0 0
4732 13 0 0 0 0 0 0 0 0
4733 52 1 1 13 0 0 0 0 0
4734 26 0 0 13 0 0 0 0 0
4736 13 0 0 0 0 0 13 0 0
4738 26 0 0 0 0 0 0 0 0
4740 39 1 1 0 0 0 13 0 0
4743 13 0 0 0 0 0 13 0 0
4744 13 0 0 0 0 0 13 0 0
4746 39 0 0 0 0 0 13 0 0
4747 13 0 0 0 0 0 13 0 0
4756 2 0 0 0 0 0 0 0 0
4757 6 0 0 0 0 0 2 0 0
4758 4 0 0 0 0 0 2 0 0
fn=_int_malloc
1326 54 0 0 0 0 0 0 0 0
1345 162 0 0 0 0 0 0 0 0
1794 27 1 1 27 0 0 0 0 0
2008 4 0 0 1 0 0 0 0 0
2552 36 1 1 12 12 1 12 0 0
2553 1 1 1 0 0 0 1 0 0
2564 12 1 1 6 6 1 0 0 0
2565 15 0 0 10 0 0 0 0 0
2568 20 0 0 5 0 0 0 0 0
2576 30 0 0 5 0 0 10 2 0
2577 10 0 0 0 0 0 0 0 0
2589 4 0 0 1 0 0 1 0 0
2590 2 0 0 0 0 0 1 0 0
2599 12 1 1 3 0 0 0 0 0
2605 3 0 0 2 0 0 0 0 0
2608 3 1 1 0 0 0 0 0 0
2669 3 1 1 1 0 0 1 0 0
2677 2 0 0 1 0 0 0 0 0
2678 3 0 0 1 0 0 1 0 0
2691 3 1 1 1 0 0 0 0 0
2693 1 0 0 1 0 0 0 0 0
2699 5 0 0 1 0 0 1 0 0
2707 2 0 0 0 0 0 0 0 0
2709 4 2 2 0 0 0 2 0 0
2710 3 0 0 1 0 0 0 0 0
2711 1 0 0 0 0 0 0 0 0
2712 1 0 0 0 0 0 0 0 0
2715 2 0 0 0 0 0 0 0 0
2744 7 1 1 3 0 0 0 0 0
2746 2 1 1 0 0 0 1 0 0
2752 8 0 0 1 0 0 0 0 0
2753 6 0 0 1 0 0 1 0 0
2921 3 1 1 2 0 0 0 0 0
2922 1 0 0 0 0 0 1 0 0
2926 1 0 0 1 0 0 0 0 0
2930 5 1 1 2 0 0 0 0 0
2932 1 0 0 0 0 0 0 0 0
2933 1 0 0 0 0 0 0 0 0
2934 1 0 0 0 0 0 1 0 0
2935 7 0 0 0 0 0 1 0 0
2936 2 0 0 0 0 0 1 1 1
2938 1 0 0 0 0 0 0 0 0
3846 297 2 2 27 9 1 189 2 1
3887 54 0 0 0 0 0 0 0 0
3914 54 0 0 0 0 0 0 0 0
3916 12 0 0 0 0 0 0 0 0
3919 3 0 0 3 1 1 0 0 0
3921 6 0 0 0 0 0 0 0 0
3930 9 2 2 0 0 0 0 0 0
3977 48 1 1 0 0 0 0 0 0
3979 30 0 0 0 0 0 0 0 0
3980 14 1 1 0 0 0 0 0 0
3982 21 0 0 7 5 5 0 0 0
4039 342 1 1 0 0 0 0 0 0
4040 60 0 0 20 8 0 0 0 0
4058 81 1 1 27 0 0 0 0 0
4059 81 0 0 0 0 0 27 0 0
4060 81 1 1 54 0 0 0 0 0
4069 26 0 0 0 0 0 13 0 0
4070 178 1 1 40 8 1 27 0 0
4072 13 0 0 13 0 0 0 0 0
4073 26 0 0 13 3 0 0 0 0
4074 13 0 0 0 0 0 0 0 0
4076 26 0 0 0 0 0 0 0 0
4077 39 1 1 13 4 0 0 0 0
4079 13 0 0 13 4 0 0 0 0
4080 52 0 0 0 0 0 0 0 0
4082 52 0 0 13 0 0 0 0 0
4084 26 1 1 13 0 0 0 0 0
4085 26 0 0 13 0 0 0 0 0
4087 26 0 0 0 0 0 0 0 0
4098 52 0 0 0 0 0 0 0 0
4127 13 0 0 0 0 0 13 0 0
4128 13 0 0 0 0 0 13 0 0
4132 26 0 0 0 0 0 0 0 0
4161 28 2 2 0 0 0 0 0 0
4169 222 6 6 0 0 0 13 0 0
4170 39 1 1 0 0 0 0 0 0
4171 13 0 0 13 5 2 0 0 0
4174 26 0 0 0 0 0 0 0 0
4218 52 0 0 0 0 0 13 2 0
4221 91 2 2 26 6 0 0 0 0
4222 13 0 0 0 0 0 13 0 0
4223 13 0 0 0 0 0 13 0 0
4224 13 0 0 0 0 0 13 0 0
4225 13 0 0 0 0 0 13 0 0
4230 26 0 0 26 0 0 0 0 0
4231 26 0 0 0 0 0 0 0 0
4240 52 1 1 26 0 0 0 0 0
4246 26 0 0 0 0 0 0 0 0
4257 81 1 1 0 0 0 0 0 0
4259 80 0 0 0 0 0 0 0 0
4262 60 0 0 20 9 5 0 0 0
4263 30 1 1 3 0 0 0 0 0
4266 3 0 0 3 0 0 0 0 0
4267 18 0 0 3 0 0 0 0 0
4273 6 1 1 3 0 0 0 0 0
4278 9 0 0 0 0 0 3 0 0
4279 9 0 0 0 0 0 6 2 0
4282 12 0 0 6 0 0 0 0 0
4291 3 0 0 0 0 0 0 0 0
4295 12 1 1 3 0 0 0 0 0
4296 6 0 0 3 0 0 0 0 0
4299 3 0 0 0 0 0 3 1 0
4300 3 0 0 0 0 0 3 0 0
4301 3 0 0 0 0 0 3 0 0
4302 6 0 0 0 0 0 0 0 0
4304 6 0 0 0 0 0 3 2 0
4307 24 1 1 0 0 0 3 0 0
4309 9 0 0 0 0 0 3 0 0
4310 3 0 0 0 0 0 3 0 0
4313 3 0 0 0 0 0 0 0 0
4330 24 0 0 0 0 0 0 0 0
4331 48 0 0 0 0 0 0 0 0
4332 48 0 0 0 0 0 0 0 0
4333 48 0 0 24 3 1 0 0 0
4334 144 0 0 0 0 0 0 0 0
4339 96 1 1 0 0 0 0 0 0
4343 130 1 1 0 0 0 0 0 0
4346 84 1 1 21 0 0 0 0 0
4443 24 1 1 24 0 0 0 0 0
4444 48 0 0 24 4 0 0 0 0
4446 48 0 0 24 5 1 0 0 0
4449 72 0 0 0 0 0 0 0 0
4451 18 0 0 0 0 0 0 0 0
4452 36 1 1 0 0 0 0 0 0
4453 18 0 0 0 0 0 18 0 0
4454 144 1 1 0 0 0 18 0 0
4456 36 0 0 0 0 0 18 17 17
4459 42 0 0 0 0 0 0 0 0
4460 81 0 0 0 0 0 27 4 2
4461 27 0 0 0 0 0 0 0 0
4466 24 0 0 6 0 0 6 0 0
4482 11 0 0 0 0 0 0 0 0
4487 324 2 2 243 0 0 0 0 0
fn=alloc_perturb
1985 81 1 1 27 0 0 0 0 0
1987 27 0 0 27 0 0 0 0 0
fn=free
3359 175 2 2 0 0 0 100 0 0
3363 50 0 0 0 0 0 0 0 0
3371 50 0 0 50 22 2 0 0 0
3373 25 0 0 0 0 0 0 0 0
3375 75 0 0 25 10 0 0 0 0
3379 9 1 1 3 3 0 0 0 0
3381 12 0 0 3 3 0 0 0 0
3383 6 0 0 0 0 0 3 0 0
3384 6 0 0 0 0 0 3 0 0
3385 3 0 0 0 0 0 0 0 0
3388 6 0 0 0 0 0 3 1 0
3392 66 0 0 44 14 0 0 0 0
3398 66 1 1 0 0 0 22 4 0
3401 25 0 0 0 0 0 25 0 0
3402 150 1 1 125 0 0 0 0 0
fn=malloc
1326 54 0 0 0 0 0 0 0 0
1345 135 1 1 0 0 0 0 0 0
3294 216 1 1 0 0 0 108 4 0
3301 54 0 0 27 9 1 0 0 0
3311 54 0 0 0 0 0 0 0 0
3313 108 0 0 54 17 2 0 0 0
3316 54 0 0 27 9 1 0 0 0
3318 21 1 1 7 2 2 0 0 0
3326 54 1 1 27 9 1 0 0 0
3328 108 1 1 0 0 0 27 5 1
3329 135 1 1 27 0 0 0 0 0
3354 162 1 1 135 0 0 0 0 0
fn=munmap_chunk
3024 6 1 1 0 0 0 3 0 0
3025 6 0 0 6 6 0 0 0 0
3026 9 0 0 3 0 0 0 0 0
3028 6 0 0 0 0 0 0 0 0
3030 3 0 0 0 0 0 0 0 0
3031 9 0 0 3 0 0 0 0 0
3032 3 0 0 0 0 0 0 0 0
3038 12 0 0 0 0 0 0 0 0
3039 15 1 1 0 0 0 0 0 0
3042 3 0 0 6 0 0 0 0 0
3043 9 0 0 6 0 0 0 0 0
3048 6 0 0 0 0 0 0 0 0
3049 3 0 0 3 0 0 0 0 0
fn=sysmalloc_mmap.isra.0
2008 20 0 0 5 0 0 0 0 0
2400 30 1 1 0 0 0 20 0 0
2413 15 0 0 0 0 0 0 0 0
2418 10 0 0 0 0 0 0 0 0
2421 50 1 1 0 0 0 5 3 0
2424 10 1 1 0 0 0 0 0 0
2428 10 0 0 0 0 0 0 0 0
2432 20 0 0 0 0 0 5 0 0
2448 15 0 0 0 0 0 0 0 0
2466 5 0 0 0 0 0 5 5 5
2467 15 1 1 0 0 0 5 0 0
2471 15 0 0 10 0 0 0 0 0
2472 21 0 0 8 0 0 0 0 0
2475 15 1 1 10 0 0 0 0 0
2476 25 0 0 10 0 0 0 0 0
2481 35 0 0 25 0 0 0 0 0
fn=systrim.constprop.0
2957 12 1 1 0 0 0 8 0 0
2966 6 0 0 4 0 0 0 0 0
2968 2 0 0 0 0 0 0 0 0
2969 4 0 0 0 0 0 0 0 0
2970 1 0 0 0 0 0 0 0 0
2974 6 0 0 2 0 0 0 0 0
2975 2 0 0 0 0 0 0 0 0
2978 10 1 1 4 4 0 0 0 0
2980 4 0 0 0 0 0 0 0 0
2987 3 0 0 0 0 0 1 0 0
2988 4 0 0 1 0 0 0 0 0
3000 3 1 1 0 0 0 1 0 0
3001 2 0 0 0 0 0 1 0 0
3003 1 0 0 0 0 0 0 0 0
3005 2 0 0 0 0 0 0 0 0
3009 2 0 0 0 0 0 0 0 0
3012 1 0 0 1 0 0 0 0 0
3013 4 0 0 1 0 0 1 0 0
3015 2 0 0 0 0 0 0 0 0
3020 12 0 0 10 0 0 0 0 0
fn=unlink_chunk.isra.0
1608 32 1 1 0 0 0 16 0 0
1610 80 0 0 32 0 0 0 0 0
1613 32 0 0 32 0 0 0 0 0
1614 32 0 0 16 0 0 0 0 0
1616 64 1 1 32 4 0 0 0 0
1619 16 0 0 0 0 0 16 0 0
1620 16 0 0 0 0 0 16 0 0
1621 80 0 0 16 4 0 0 0 0
1623 26 0 0 13 0 0 0 0 0
1624 39 0 0 26 0 0 0 0 0
1627 26 0 0 13 2 1 0 0 0
1641 13 0 0 0 0 0 13 0 0
1642 13 1 1 0 0 0 13 0 0
1645 32 0 0 32 0 0 0 0 0
fl=./malloc/./malloc/morecore.c
fn=__glibc_morecore
25 12 1 1 0 0 0 4 0 0
26 8 0 0 4 0 0 0 0 0
29 4 0 0 0 0 0 4 0 0
30 8 0 0 0 0 0 0 0 0
34 8 0 0 8 0 0 0 0 0
fl=./misc/../sysdeps/unix/syscall-template.S
fn=munmap
117 15 2 2 0 0 0 0 0 0
122 3 0 0 3 0 0 0 0 0
fl=./misc/../sysdeps/unix/sysv/linux/brk.c
fn=brk
36 2 1 1 0 0 0 0 0 0
37 4 0 0 2 0 0 2 0 0
38 4 0 0 0 0 0 0 0 0
44 2 0 0 0 0 0 0 0 0
45 2 0 0 2 0 0 0 0 0
fl=./misc/../sysdeps/unix/sysv/linux/brk_call.h
fn=brk
24 4 0 0 0 0 0 0 0 0
fl=./misc/../sysdeps/unix/sysv/linux/mmap64.c
fn=mmap
47 35 1 1 0 0 0 15 2 0
50 10 0 0 0 0 0 0 0 0
53 35 1 1 0 0 0 0 0 0
58 30 1 1 0 0 0 0 0 0
60 20 0 0 20 0 0 0 0 0
fl=./misc/../sysdeps/unix/sysv/linux/setvmaname.c
fn=__set_vma_name
33 35 2 2 0 0 0 20 0 0
35 25 0 0 10 5 1 5 0 0
49 45 0 0 35 0 0 0 0 0
fl=./misc/./misc/sbrk.c
fn=sbrk
37 32 1 1 0 0 0 16 1 0
40 8 0 0 8 4 2 0 0 0
43 8 1 1 4 2 1 0 0 0
58 8 0 0 0 0 0 0 0 0
62 8 0 0 0 0 0 0 0 0
66 8 1 1 0 0 0 0 0 0
68 2 0 0 0 0 0 0 0 0
74 6 1 1 0 0 0 2 1 0
78 28 0 0 20 0 0 0 0 0
fl=./string/../sysdeps/x86_64/multiarch/../multiarch/strcmp-sse2.S
fn=strcmp
98 3 1 1 0 0 0 0 0 0
131 3 0 0 0 0 0 0 0 0
132 3 0 0 0 0 0 0 0 0
134 3 0 0 0 0 0 0 0 0
135 3 0 0 0 0 0 0 0 0
156 3 0 0 0 0 0 0 0 0
157 3 0 0 0 0 0 0 0 0
158 3 0 0 0 0 0 0 0 0
159 3 0 0 0 0 0 0 0 0
160 2 0 0 2 2 2 0 0 0
161 2 1 1 2 1 1 0 0 0
162 2 0 0 2 0 0 0 0 0
163 2 0 0 2 0 0 0 0 0
180 2 0 0 0 0 0 0 0 0
181 2 0 0 0 0 0 0 0 0
182 2 0 0 0 0 0 0 0 0
183 2 0 0 0 0 0 0 0 0
184 2 0 0 0 0 0 0 0 0
185 2 0 0 0 0 0 0 0 0
186 2 0 0 0 0 0 0 0 0
201 1 1 1 0 0 0 0 0 0
202 1 0 0 0 0 0 0 0 0
203 1 0 0 0 0 0 0 0 0
204 1 0 0 0 0 0 0 0 0
205 1 0 0 0 0 0 0 0 0
206 1 0 0 0 0 0 0 0 0
207 1 0 0 0 0 0 0 0 0
208 1 0 0 0 0 0 0 0 0
229 1 1 1 1 0 0 0 0 0
230 1 0 0 0 0 0 0 0 0
231 1 0 0 0 0 0 0 0 0
233 1 0 0 1 1 1 0 0 0
239 1 0 0 0 0 0 0 0 0
240 1 0 0 0 0 0 0 0 0
241 1 0 0 0 0 0 0 0 0
242 1 0 0 0 0 0 0 0 0
243 1 0 0 0 0 0 0 0 0
248 1 0 0 0 0 0 0 0 0
250 1 0 0 0 0 0 0 0 0
251 1 0 0 0 0 0 0 0 0
252 2 0 0 0 0 0 0 0 0
260 1 1 1 1 0 0 0 0 0
261 1 0 0 1 1 1 0 0 0
264 1 0 0 0 0 0 0 0 0
265 1 0 0 0 0 0 0 0 0
266 1 0 0 0 0 0 0 0 0
267 1 0 0 0 0 0 0 0 0
268 1 0 0 0 0 0 0 0 0
269 1 0 0 0 0 0 0 0 0
2093 1 1 1 0 0 0 0 0 0
2095 1 0 0 0 0 0 0 0 0
2096 1 0 0 0 0 0 0 0 0
2097 1 0 0 0 0 0 0 0 0
2098 1 0 0 0 0 0 0 0 0
2104 3 1 1 0 0 0 0 0 0
2110 3 0 0 3 0 0 0 0 0
2111 3 0 0 3 0 0 0 0 0
2119 3 0 0 0 0 0 0 0 0
2120 3 0 0 3 0 0 0 0 0
fl=./string/../sysdeps/x86_64/multiarch/memmove-vec-unaligned-erms.S
fn=__memcpy_avx_unaligned_erms
255 16 1 1 0 0 0 0 0 0
256 16 0 0 0 0 0 0 0 0
262 16 0 0 0 0 0 0 0 0
263 16 0 0 0 0 0 0 0 0
265 14 0 0 14 4 0 0 0 0
266 14 0 0 0 0 0 0 0 0
267 14 0 0 0 0 0 0 0 0
270 1 0 0 1 0 0 0 0 0
271 1 0 0 0 0 0 1 0 0
272 1 0 0 0 0 0 1 0 0
275 2 0 0 1 0 0 0 0 0
305 2 0 0 0 0 0 0 0 0
306 2 0 0 0 0 0 0 0 0
308 1 0 0 0 0 0 0 0 0
309 1 0 0 0 0 0 0 0 0
311 1 0 0 0 0 0 0 0 0
315 1 0 0 0 0 0 0 0 0
316 1 1 1 0 0 0 0 0 0
317 1 0 0 0 0 0 0 0 0
325 1 0 0 1 0 0 0 0 0
342 1 0 0 1 0 0 0 0 0
343 1 0 0 1 0 0 0 0 0
344 1 0 0 0 0 0 1 0 0
345 1 0 0 0 0 0 1 0 0
347 1 0 0 1 0 0 0 0 0
375 1 1 1 1 0 0 0 0 0
376 1 0 0 1 0 0 0 0 0
377 1 0 0 0 0 0 1 1 1
378 1 0 0 0 0 0 1 0 0
379 1 0 0 0 0 0 1 0 0
380 1 0 0 0 0 0 1 0 0
381 2 0 0 1 0 0 0 0 0
386 13 1 1 13 6 1 0 0 0
387 13 0 0 0 0 0 0 0 0
392 7 0 0 0 0 0 0 0 0
393 7 0 0 0 0 0 0 0 0
395 2 0 0 2 0 0 0 0 0
396 2 0 0 0 0 0 0 0 0
397 2 0 0 0 0 0 0 0 0
399 1 0 0 1 0 0 0 0 0
400 1 0 0 1 0 0 0 0 0
401 1 0 0 1 0 0 0 0 0
402 1 0 0 1 0 0 0 0 0
403 1 0 0 1 0 0 0 0 0
404 1 1 1 1 0 0 0 0 0
405 1 0 0 0 0 0 1 1 1
406 1 0 0 0 0 0 1 0 0
407 1 0 0 0 0 0 1 1 1
408 1 0 0 0 0 0 1 0 0
409 1 0 0 0 0 0 1 1 1
410 1 0 0 0 0 0 1 0 0
411 1 0 0 0 0 0 1 0 0
412 1 0 0 0 0 0 1 0 0
413 2 0 0 1 0 0 0 0 0
417 5 0 0 0 0 0 0 0 0
418 5 0 0 0 0 0 0 0 0
422 5 0 0 0 0 0 0 0 0
424 5 1 1 0 0 0 0 0 0
428 5 0 0 5 1 1 0 0 0
429 5 0 0 0 0 0 0 0 0
440 5 0 0 0 0 0 0 0 0
443 5 0 0 0 0 0 0 0 0
445 5 0 0 0 0 0 0 0 0
447 5 0 0 0 0 0 0 0 0
451 5 0 0 0 0 0 0 0 0
452 5 0 0 0 0 0 0 0 0
461 5 0 0 5 0 0 0 0 0
462 5 0 0 5 0 0 0 0 0
464 5 0 0 0 0 0 0 0 0
466 5 0 0 0 0 0 0 0 0
467 5 1 1 5 0 0 0 0 0
468 5 0 0 5 0 0 0 0 0
471 5 0 0 0 0 0 0 0 0
473 5 0 0 0 0 0 0 0 0
475 5 0 0 0 0 0 0 0 0
477 10 0 0 0 0 0 0 0 0
483 88 0 0 88 0 0 0 0 0
484 88 0 0 88 0 0 0 0 0
485 88 0 0 88 0 0 0 0 0
486 88 0 0 88 1 0 0 0 0
487 88 0 0 0 0 0 0 0 0
488 88 0 0 0 0 0 88 16 12
489 88 0 0 0 0 0 88 30 30
490 88 1 1 0 0 0 88 13 11
491 88 0 0 0 0 0 88 30 30
492 88 0 0 0 0 0 0 0 0
493 88 0 0 0 0 0 0 0 0
494 88 0 0 0 0 0 0 0 0
496 5 0 0 0 0 0 5 3 3
497 5 0 0 0 0 0 5 1 1
498 5 0 0 0 0 0 5 0 0
499 5 0 0 0 0 0 5 0 0
501 5 0 0 0 0 0 5 0 0
505 10 0 0 5 0 0 0 0 0
563 6 1 1 6 4 0 0 0 0
570 6 0 0 0 0 0 0 0 0
571 6 0 0 0 0 0 0 0 0
577 3 0 0 0 0 0 0 0 0
580 3 0 0 0 0 0 0 0 0
582 3 0 0 0 0 0 0 0 0
585 3 0 0 0 0 0 0 0 0
586 3 0 0 0 0 0 0 0 0
588 3 0 0 0 0 0 0 0 0
590 602003 0 0 602000 9338 0 602000 9407 9405
592 3 0 0 0 0 0 3 2 0
594 3 0 0 0 0 0 3 2 0
596 6 0 0 3 2 0 0 0 0
601 6 1 1 0 0 0 0 0 0
602 6 0 0 0 0 0 0 0 0
606 6 0 0 0 0 0 0 0 0
608 6 0 0 0 0 0 0 0 0
611 6 0 0 0 0 0 0 0 0
615 6 0 0 6 6 0 0 0 0
616 6 0 0 0 0 0 0 0 0
620 6 0 0 6 0 0 0 0 0
624 6 0 0 0 0 0 0 0 0
648 3 0 0 0 0 0 0 0 0
650 3 0 0 0 0 0 0 0 0
652 3 0 0 0 0 0 0 0 0
654 3 1 1 0 0 0 0 0 0
657 3 0 0 0 0 0 0 0 0
658 3 0 0 0 0 0 0 0 0
660 171971 0 0 171968 2637 0 171968 2687 769
663 3 0 0 0 0 0 3 3 0
665 3 0 0 0 0 0 3 1 0
667 6 0 0 3 3 0 0 0 0
fl=./string/../sysdeps/x86_64/multiarch/memset-vec-unaligned-erms.S
fn=__memset_avx2_unaligned_erms
158 11 1 1 0 0 0 0 0 0
159 22 0 0 0 0 0 0 0 0
164 11 0 0 0 0 0 0 0 0
165 11 0 0 0 0 0 0 0 0
166 11 0 0 0 0 0 0 0 0
167 11 0 0 0 0 0 0 0 0
168 11 0 0 0 0 0 0 0 0
170 2 0 0 0 0 0 2 2 2
171 2 0 0 0 0 0 2 0 0
172 4 0 0 2 0 0 0 0 0
181 1 0 0 0 0 0 1 0 0
182 1 0 0 0 0 0 1 0 0
184 2 0 0 1 0 0 0 0 0
237 9 1 1 9 5 0 0 0 0
238 9 0 0 0 0 0 0 0 0
244 5 0 0 0 0 0 5 5 5
245 5 0 0 0 0 0 5 3 3
257 5 0 0 0 0 0 0 0 0
260 5 0 0 0 0 0 0 0 0
261 5 0 0 0 0 0 0 0 0
273 4 0 0 0 0 0 4 2 2
274 4 0 0 0 0 0 4 2 2
287 4 0 0 0 0 0 0 0 0
288 4 0 0 0 0 0 0 0 0
290 4 0 0 0 0 0 0 0 0
293 3 0 0 0 0 0 0 0 0
296 3 0 0 0 0 0 0 0 0
299 22 0 0 0 0 0 22 8 8
300 22 0 0 0 0 0 22 14 14
301 22 0 0 0 0 0 22 8 8
302 22 0 0 0 0 0 22 14 14
303 22 0 0 0 0 0 0 0 0
304 22 0 0 0 0 0 0 0 0
305 25 0 0 0 0 0 0 0 0
308 4 1 1 0 0 0 4 2 2
309 4 0 0 0 0 0 4 2 2
310 4 0 0 0 0 0 4 2 2
311 4 0 0 0 0 0 4 0 0
314 8 0 0 4 0 0 0 0 0
325 4 1 1 0 0 0 0 0 0
326 4 0 0 0 0 0 0 0 0
327 4 0 0 0 0 0 0 0 0
328 61444 0 0 0 0 0 61440 960 960
329 4 0 0 0 0 0 0 0 0
330 8 0 0 4 0 0 0 0 0
fl=/home/wang/git-repositories/vcpkg/installed/x64-linux-clang-libcxx/include/boost/container_hash/hash.hpp
fn=unsigned int lob::v10::BookT<lob::ChecksumSink, 16u>::match<(lob::Side)0>(unsigned long, long, unsigned int)
0 16790 0 0 0 0 0 16790 0 0
538 16790 0 0 16790 0 0 0 0 0
fn=unsigned int lob::v10::BookT<lob::ChecksumSink, 16u>::match<(lob::Side)1>(unsigned long, long, unsigned int)
0 16646 0 0 0 0 0 16646 0 0
538 16646 0 0 16646 0 0 0 0 0
fl=/home/wang/git-repositories/vcpkg/installed/x64-linux-clang-libcxx/include/boost/unordered/detail/foa/core.hpp
fn=_ZN5boost9unordered6detail3foa10table_coreINS2_14flat_map_typesImN3lob3v105BookTINS5_12ChecksumSinkELj16EE3LocEEENS2_7group15INS2_14plain_integralEEENS2_12table_arraysENS2_18plain_size_controlENS_4hashImEENSt3__18equal_toImEENSJ_9allocatorINSJ_4pairIKmSA_EEEEE22for_all_elements_whileIZNSR_22for_all_elements_whileIZNSR_16for_all_elementsIZNSR_16unchecked_rehashERNSF_ISP_SE_NS2_16pow2_size_policyESQ_EEEUlPSP_E_EEDTcmclfL1p0_LDnEEcvv_EERKSW_T_EUlSY_E_EES10_S12_S13_EUlPSE_jSY_E_EEDTcmclfp0_LDnELi0ELDnEEcvv_EES12_S13_
0 26948 1 1 26848 5 0 60 0 0
296 57668 0 0 28834 1337 0 0 0 0
297 26788 0 0 0 0 0 0 0 0
313 2046 1 1 0 0 0 0 0 0
389 53576 0 0 26788 4 0 0 0 0
849 26788 0 0 0 0 0 0 0 0
927 80364 2 2 0 0 0 0 0 0
1033 11 1 1 11 0 0 0 0 0
1034 10 0 0 10 0 0 0 0 0
1955 26788 0 0 26788 0 0 0 0 0
1961 12276 0 0 0 0 0 0 0 0
2032 26788 0 0 26788 0 0 0 0 0
2063 22 0 0 0 0 0 0 0 0
2064 2076 0 0 10 0 0 0 0 0
2065 4092 0 0 0 0 0 0 0 0
2067 59714 0 0 0 0 0 0 0 0
2069 53576 0 0 0 0 0 0 0 0
2075 22 1 1 11 0 0 0 0 0
2292 53576 0 0 53576 0 0 0 0 0
2350 26788 1 1 26788 0 0 0 0 0
2373 107152 0 0 0 0 0 0 0 0
2375 26788 0 0 0 0 0 0 0 0
2377 80364 0 0 26788 0 0 0 0 0
fn=auto lob::for_each_type<std::__1::tuple<lob::v0::Book<lob::ChecksumSink>, lob::v1::Book<lob::ChecksumSink>, lob::v2::Book<lob::ChecksumSink>, lob::v3::BookT<lob::ChecksumSink, 16u>, lob::v4::BookT<lob::ChecksumSink, 16u>, lob::v5::BookT<lob::ChecksumSink, 16u>, lob::v7::BookT<lob::ChecksumSink, 16u>, lob::v8::BookT<lob::ChecksumSink, 16u>, lob::v9::BookT<lob::ChecksumSink, 16u>, lob::v10::BookT<lob::ChecksumSink, 16u> >, (anonymous namespace)::with_version<(anonymous namespace)::cmd_replay((anonymous namespace)::Args const&)::$_0>(std::__1::basic_string_view<char, std::__1::char_traits<char> >, (anonymous namespace)::cmd_replay((anonymous namespace)::Args const&)::$_0&&)::{lambda<typename $T0>()#1}>((anonymous namespace)::with_version<(anonymous namespace)::cmd_replay((anonymous namespace)::Args const&)::$_0>(std::__1::basic_string_view<char, std::__1::char_traits<char> >, (anonymous namespace)::cmd_replay((anonymous namespace)::Args const&)::$_0&&)::{lambda<typename $T0>()#1}&&)::{lambda<unsigned long... $N0>(std::__1::integer_sequence<unsigned long, ($N0)...>)#1}::operator()<0ul, 1ul, 2ul, 3ul, 4ul, 5ul, 6ul, 7ul, 8ul, 9ul>(std::__1::integer_sequence<unsigned long, 0ul, 1ul, 2ul, 3ul, 4ul, 5ul, 6ul, 7ul, 8ul, 9ul>) const
0 1292001 0 0 430515 0 0 0 0 0
271 861932 0 0 0 0 0 0 0 0
272 861486 0 0 0 0 0 0 0 0
279 1722962 2 2 861481 0 0 0 0 0
336 430966 0 0 430966 300812 0 0 0 0
404 861030 0 0 0 0 0 0 0 0
849 3013605 1 1 1291545 88 2 0 0 0
881 451 0 0 0 0 0 0 0 0
882 1353 0 0 0 0 0 0 0 0
883 451 0 0 0 0 0 0 0 0
927 864460 0 0 0 0 0 0 0 0
1727 861932 0 0 0 0 0 0 0 0
1729 430966 0 0 0 0 0 0 0 0
1732 861040 1 1 0 0 0 0 0 0
1733 430520 0 0 0 0 0 0 0 0
1737 1296690 0 0 0 0 0 0 0 0
1743 3430 0 0 0 0 0 0 0 0
1745 451 0 0 0 0 0 0 0 0
1750 451 0 0 0 0 0 0 0 0
1955 430515 0 0 430515 0 0 0 0 0
2266 3013605 0 0 861030 6 0 430515 0 0
fn=boost::unordered::detail::foa::table_core<boost::unordered::detail::foa::flat_map_types<unsigned long, lob::v10::BookT<lob::ChecksumSink, 16u>::Loc>, boost::unordered::detail::foa::group15<boost::unordered::detail::foa::plain_integral>, boost::unordered::detail::foa::table_arrays, boost::unordered::detail::foa::plain_size_control, boost::hash<unsigned long>, std::__1::equal_to<unsigned long>, std::__1::allocator<std::__1::pair<unsigned long const, lob::v10::BookT<lob::ChecksumSink, 16u>::Loc> > >::unchecked_rehash(boost::unordered::detail::foa::table_arrays<std::__1::pair<unsigned long const, lob::v10::BookT<lob::ChecksumSink, 16u>::Loc>, boost::unordered::detail::foa::group15<boost::unordered::detail::foa::plain_integral>, boost::unordered::detail::foa::pow2_size_policy, std::__1::allocator<std::__1::pair<unsigned long const, lob::v10::BookT<lob::ChecksumSink, 16u>::Loc> > >&)
0 44 0 0 0 0 0 11 0 0
1033 22 1 1 22 5 0 0 0 0
1096 22 1 1 0 0 0 0 0 0
1108 10 0 0 10 5 0 0 0 0
1113 20 0 0 0 0 0 0 0 0
1563 132 1 1 22 5 0 0 0 0
1811 55 0 0 11 0 0 0 0 0
2025 55 0 0 0 0 0 33 0 0
2054 11 0 0 0 0 0 11 0 0
2288 55 1 1 0 0 0 22 0 0
2289 11 0 0 0 0 0 11 0 0
2320 22 0 0 11 0 0 11 0 0
2321 11 0 0 0 0 0 11 0 0
2322 55 0 0 33 0 0 0 0 0
fn=boost::unordered::detail::foa::table_locator<boost::unordered::detail::foa::group15<boost::unordered::detail::foa::plain_integral>, std::__1::pair<unsigned long const, lob::v10::BookT<lob::ChecksumSink, 16u>::Loc> > boost::unordered::detail::foa::table_core<boost::unordered::detail::foa::flat_map_types<unsigned long, lob::v10::BookT<lob::ChecksumSink, 16u>::Loc>, boost::unordered::detail::foa::group15<boost::unordered::detail::foa::plain_integral>, boost::unordered::detail::foa::table_arrays, boost::unordered::detail::foa::plain_size_control, boost::hash<unsigned long>, std::__1::equal_to<unsigned long>, std::__1::allocator<std::__1::pair<unsigned long const, lob::v10::BookT<lob::ChecksumSink, 16u>::Loc> > >::unchecked_emplace_with_rehash<boost::unordered::detail::foa::try_emplace_args_t, unsigned long const&>(unsigned long, boost::unordered::detail::foa::try_emplace_args_t&&, unsigned long const&)
0 187 1 1 22 0 0 0 0 0
296 22 0 0 11 0 0 0 0 0
297 22 0 0 0 0 0 0 0 0
389 33 0 0 11 0 0 0 0 0
837 44 0 0 0 0 0 0 0 0
842 22 0 0 0 0 0 0 0 0
849 11 0 0 0 0 0 0 0 0
859 22 0 0 0 0 0 0 0 0
927 22 1 1 0 0 0 0 0 0
1031 44 1 1 0 0 0 44 1 1
1051 22 0 0 0 0 0 11 0 0
1057 44 1 1 0 0 0 0 0 0
1058 33 0 0 0 0 0 0 0 0
1059 11 0 0 0 0 0 0 0 0
1066 11 0 0 0 0 0 0 0 0
1073 22 0 0 0 0 0 0 0 0
1085 11 0 0 0 0 0 0 0 0
1108 11 0 0 0 0 0 0 0 0
1113 11 0 0 0 0 0 0 0 0
1125 33 0 0 0 0 0 11 0 0
1126 11 0 0 0 0 0 0 0 0
1689 11 0 0 11 0 0 0 0 0
1983 110 2 2 0 0 0 66 1 1
1988 44 1 1 0 0 0 33 0 0
1999 22 0 0 0 0 0 11 0 0
2000 11 0 0 11 0 0 0 0 0
2002 99 0 0 77 5 0 0 0 0
2132 198 1 1 22 7 1 0 0 0
2373 22 0 0 0 0 0 0 0 0
2375 11 0 0 0 0 0 0 0 0
2377 44 0 0 0 0 0 0 0 0
fn=lob::v10::BookT<lob::ChecksumSink, 16u>::modify(unsigned long, long, unsigned int)
0 565863 2 2 169554 18 0 0 0 0
271 113136 0 0 0 0 0 0 0 0
272 113086 0 0 0 0 0 0 0 0
279 23098 0 0 11574 0 0 0 0 0
336 56568 0 0 56568 38824 0 0 0 0
404 11524 0 0 0 0 0 0 0 0
849 113036 0 0 56518 0 0 0 0 0
881 50 0 0 0 0 0 0 0 0
882 150 0 0 0 0 0 0 0 0
883 50 0 0 0 0 0 0 0 0
927 113458 0 0 0 0 0 0 0 0
1727 113136 0 0 0 0 0 0 0 0
1729 56568 0 0 0 0 0 0 0 0
1732 113036 0 0 0 0 0 0 0 0
1733 56518 0 0 0 0 0 0 0 0
1737 113458 0 0 0 0 0 0 0 0
1743 422 0 0 0 0 0 0 0 0
1745 50 0 0 0 0 0 0 0 0
1750 50 0 0 0 0 0 0 0 0
1955 56518 0 0 56518 0 0 0 0 0
2266 46096 0 0 17286 0 0 5762 0 0
fn=lob::v10::BookT<lob::ChecksumSink, 16u>::push(unsigned long, lob::Side, long, unsigned int)
0 7187362 2 2 2570615 258 23 512967 0 0
271 1039410 0 0 0 0 0 0 0 0
272 524109 0 0 0 0 0 0 0 0
279 1142166 0 0 571083 6 1 0 0 0
296 1027990 0 0 513995 166 0 0 0 0
297 1026951 0 0 0 0 0 0 0 0
336 519705 1 1 519705 428425 1 0 0 0
399 512956 0 0 0 0 0 0 0 0
404 51378 1 1 0 0 0 0 0 0
849 512967 0 0 0 0 0 0 0 0
881 6738 0 0 0 0 0 0 0 0
882 22292 0 0 1039 0 0 0 0 0
883 6738 0 0 0 0 0 0 0 0
927 1034728 0 0 0 0 0 0 0 0
1727 1039410 0 0 0 0 0 0 0 0
1729 519705 0 0 0 0 0 0 0 0
1732 8808 0 0 0 0 0 0 0 0
1733 4404 0 0 0 0 0 0 0 0
1737 8816 0 0 0 0 0 0 0 0
1743 8816 0 0 0 0 0 0 0 0
1745 519705 0 0 0 0 0 0 0 0
1750 6738 0 0 0 0 0 0 0 0
1955 512967 0 0 512967 1 1 0 0 0
1970 512956 0 0 512956 0 0 0 0 0
2266 179823 1 1 51378 0 0 25689 0 0
2373 2055980 0 0 0 0 0 0 0 0
2375 516165 0 0 0 0 0 0 0 0
2377 2051824 0 0 0 0 0 0 0 0
fn=unsigned int lob::v10::BookT<lob::ChecksumSink, 16u>::match<(lob::Side)0>(unsigned long, long, unsigned int)
0 117031 1 1 50776 0 0 0 0 0
271 33618 0 0 0 0 0 0 0 0
272 33599 0 0 0 0 0 0 0 0
279 67198 0 0 33599 0 0 0 0 0
336 16809 0 0 16809 11508 0 0 0 0
404 16790 0 0 0 0 0 0 0 0
849 151110 0 0 50370 3 0 33580 0 0
881 19 0 0 0 0 0 0 0 0
882 57 0 0 0 0 0 0 0 0
883 19 0 0 0 0 0 0 0 0
927 33764 0 0 0 0 0 0 0 0
1727 33618 0 0 0 0 0 0 0 0
1729 16809 0 0 0 0 0 0 0 0
1732 50370 1 1 16790 0 0 0 0 0
1733 16790 0 0 0 0 0 0 0 0
1737 50646 0 0 0 0 0 0 0 0
1743 184 1 1 0 0 0 0 0 0
1745 19 0 0 0 0 0 0 0 0
1750 19 0 0 0 0 0 0 0 0
2266 117530 0 0 16790 0 0 16790 0 0
fn=unsigned int lob::v10::BookT<lob::ChecksumSink, 16u>::match<(lob::Side)1>(unsigned long, long, unsigned int)
0 115821 1 1 50283 0 0 0 0 0
271 33322 0 0 0 0 0 0 0 0
272 33307 0 0 0 0 0 0 0 0
279 66614 1 1 33307 0 0 0 0 0
336 16661 0 0 16661 11570 0 0 0 0
404 16646 0 0 0 0 0 0 0 0
849 149814 0 0 49938 2 0 33292 0 0
881 15 0 0 0 0 0 0 0 0
882 45 0 0 0 0 0 0 0 0
883 30 0 0 15 0 0 0 0 0
927 33502 1 1 0 0 0 0 0 0
1727 33322 0 0 0 0 0 0 0 0
1729 16661 0 0 0 0 0 0 0 0
1732 49938 0 0 16646 0 0 0 0 0
1733 16646 0 0 0 0 0 0 0 0
1737 50253 0 0 0 0 0 0 0 0
1743 210 0 0 0 0 0 0 0 0
1745 15 0 0 0 0 0 0 0 0
1750 15 0 0 0 0 0 0 0 0
2266 116522 0 0 16646 0 0 16646 0 0
fl=/home/wang/git-repositories/vcpkg/installed/x64-linux-clang-libcxx/include/boost/unordered/detail/foa/table.hpp
fn=_ZN5boost9unordered6detail3foa10table_coreINS2_14flat_map_typesImN3lob3v105BookTINS5_12ChecksumSinkELj16EE3LocEEENS2_7group15INS2_14plain_integralEEENS2_12table_arraysENS2_18plain_size_controlENS_4hashImEENSt3__18equal_toImEENSJ_9allocatorINSJ_4pairIKmSA_EEEEE22for_all_elements_whileIZNSR_22for_all_elements_whileIZNSR_16for_all_elementsIZNSR_16unchecked_rehashERNSF_ISP_SE_NS2_16pow2_size_policyESQ_EEEUlPSP_E_EEDTcmclfL1p0_LDnEEcvv_EERKSW_T_EUlSY_E_EES10_S12_S13_EUlPSE_jSY_E_EEDTcmclfp0_LDnELi0ELDnEEcvv_EES12_S13_
40 26788 0 0 0 0 0 26788 0 0
fn=auto lob::for_each_type<std::__1::tuple<lob::v0::Book<lob::ChecksumSink>, lob::v1::Book<lob::ChecksumSink>, lob::v2::Book<lob::ChecksumSink>, lob::v3::BookT<lob::ChecksumSink, 16u>, lob::v4::BookT<lob::ChecksumSink, 16u>, lob::v5::BookT<lob::ChecksumSink, 16u>, lob::v7::BookT<lob::ChecksumSink, 16u>, lob::v8::BookT<lob::ChecksumSink, 16u>, lob::v9::BookT<lob::ChecksumSink, 16u>, lob::v10::BookT<lob::ChecksumSink, 16u> >, (anonymous namespace)::with_version<(anonymous namespace)::cmd_replay((anonymous namespace)::Args const&)::$_0>(std::__1::basic_string_view<char, std::__1::char_traits<char> >, (anonymous namespace)::cmd_replay((anonymous namespace)::Args const&)::$_0&&)::{lambda<typename $T0>()#1}>((anonymous namespace)::with_version<(anonymous namespace)::cmd_replay((anonymous namespace)::Args const&)::$_0>(std::__1::basic_string_view<char, std::__1::char_traits<char> >, (anonymous namespace)::cmd_replay((anonymous namespace)::Args const&)::$_0&&)::{lambda<typename $T0>()#1}&&)::{lambda<unsigned long... $N0>(std::__1::integer_sequence<unsigned long, ($N0)...>)#1}::operator()<0ul, 1ul, 2ul, 3ul, 4ul, 5ul, 6ul, 7ul, 8ul, 9ul>(std::__1::integer_sequence<unsigned long, 0ul, 1ul, 2ul, 3ul, 4ul, 5ul, 6ul, 7ul, 8ul, 9ul>) const
40 430515 0 0 0 0 0 430515 0 0
fn=boost::unordered::detail::foa::table_locator<boost::unordered::detail::foa::group15<boost::unordered::detail::foa::plain_integral>, std::__1::pair<unsigned long const, lob::v10::BookT<lob::ChecksumSink, 16u>::Loc> > boost::unordered::detail::foa::table_core<boost::unordered::detail::foa::flat_map_types<unsigned long, lob::v10::BookT<lob::ChecksumSink, 16u>::Loc>, boost::unordered::detail::foa::group15<boost::unordered::detail::foa::plain_integral>, boost::unordered::detail::foa::table_arrays, boost::unordered::detail::foa::plain_size_control, boost::hash<unsigned long>, std::__1::equal_to<unsigned long>, std::__1::allocator<std::__1::pair<unsigned long const, lob::v10::BookT<lob::ChecksumSink, 16u>::Loc> > >::unchecked_emplace_with_rehash<boost::unordered::detail::foa::try_emplace_args_t, unsigned long const&>(unsigned long, boost::unordered::detail::foa::try_emplace_args_t&&, unsigned long const&)
0 33 1 1 11 0 0 11 0 0
40 22 0 0 0 0 0 22 0 0
fn=lob::v10::BookT<lob::ChecksumSink, 16u>::modify(unsigned long, long, unsigned int)
40 5762 0 0 0 0 0 5762 0 0
fn=lob::v10::BookT<lob::ChecksumSink, 16u>::push(unsigned long, lob::Side, long, unsigned int)
0 519738 1 1 0 0 0 0 0 0
40 538645 0 0 0 0 0 538645 0 0
46 1039 0 0 1039 0 0 0 0 0
140 11 0 0 11 0 0 0 0 0
626 22 1 1 22 5 0 0 0 0
640 1538901 1 1 1025934 0 0 0 0 0
650 77 0 0 11 0 0 11 1 1
fn=lob::v10::BookT<lob::ChecksumSink, 16u>::rest(unsigned long, lob::Side, long, unsigned int, boost::unordered::detail::foa::table_iterator<boost::unordered::detail::foa::flat_map_types<unsigned long, lob::v10::BookT<lob::ChecksumSink, 16u>::Loc>, boost::unordered::detail::foa::group15<boost::unordered::detail::foa::plain_integral>*, false>)
145 1007912 0 0 503956 5 0 0 0 0
fn=unsigned int lob::v10::BookT<lob::ChecksumSink, 16u>::match<(lob::Side)0>(unsigned long, long, unsigned int)
0 16790 0 0 16790 0 0 0 0 0
40 16790 1 1 0 0 0 16790 0 0
140 16790 1 1 0 0 0 0 0 0
fn=unsigned int lob::v10::BookT<lob::ChecksumSink, 16u>::match<(lob::Side)1>(unsigned long, long, unsigned int)
0 16646 0 0 16646 0 0 0 0 0
40 16646 0 0 0 0 0 16646 0 0
140 16646 1 1 0 0 0 0 0 0
fl=/home/wang/git-repositories/vcpkg/installed/x64-linux-clang-libcxx/include/boost/unordered/detail/mulx.hpp
fn=_ZN5boost9unordered6detail3foa10table_coreINS2_14flat_map_typesImN3lob3v105BookTINS5_12ChecksumSinkELj16EE3LocEEENS2_7group15INS2_14plain_integralEEENS2_12table_arraysENS2_18plain_size_controlENS_4hashImEENSt3__18equal_toImEENSJ_9allocatorINSJ_4pairIKmSA_EEEEE22for_all_elements_whileIZNSR_22for_all_elements_whileIZNSR_16for_all_elementsIZNSR_16unchecked_rehashERNSF_ISP_SE_NS2_16pow2_size_policyESQ_EEEUlPSP_E_EEDTcmclfL1p0_LDnEEcvv_EERKSW_T_EUlSY_E_EES10_S12_S13_EUlPSE_jSY_E_EEDTcmclfp0_LDnELi0ELDnEEcvv_EES12_S13_
45 26788 0 0 26788 4368 0 0 0 0
46 26788 0 0 0 0 0 0 0 0
fn=auto lob::for_each_type<std::__1::tuple<lob::v0::Book<lob::ChecksumSink>, lob::v1::Book<lob::ChecksumSink>, lob::v2::Book<lob::ChecksumSink>, lob::v3::BookT<lob::ChecksumSink, 16u>, lob::v4::BookT<lob::ChecksumSink, 16u>, lob::v5::BookT<lob::ChecksumSink, 16u>, lob::v7::BookT<lob::ChecksumSink, 16u>, lob::v8::BookT<lob::ChecksumSink, 16u>, lob::v9::BookT<lob::ChecksumSink, 16u>, lob::v10::BookT<lob::ChecksumSink, 16u> >, (anonymous namespace)::with_version<(anonymous namespace)::cmd_replay((anonymous namespace)::Args const&)::$_0>(std::__1::basic_string_view<char, std::__1::char_traits<char> >, (anonymous namespace)::cmd_replay((anonymous namespace)::Args const&)::$_0&&)::{lambda<typename $T0>()#1}>((anonymous namespace)::with_version<(anonymous namespace)::cmd_replay((anonymous namespace)::Args const&)::$_0>(std::__1::basic_string_view<char, std::__1::char_traits<char> >, (anonymous namespace)::cmd_replay((anonymous namespace)::Args const&)::$_0&&)::{lambda<typename $T0>()#1}&&)::{lambda<unsigned long... $N0>(std::__1::integer_sequence<unsigned long, ($N0)...>)#1}::operator()<0ul, 1ul, 2ul, 3ul, 4ul, 5ul, 6ul, 7ul, 8ul, 9ul>(std::__1::integer_sequence<unsigned long, 0ul, 1ul, 2ul, 3ul, 4ul, 5ul, 6ul, 7ul, 8ul, 9ul>) const
45 1291545 0 0 0 0 0 0 0 0
46 430515 0 0 0 0 0 0 0 0
fn=lob::v10::BookT<lob::ChecksumSink, 16u>::modify(unsigned long, long, unsigned int)
45 113036 1 1 0 0 0 0 0 0
46 56518 0 0 0 0 0 0 0 0
fn=lob::v10::BookT<lob::ChecksumSink, 16u>::push(unsigned long, lob::Side, long, unsigned int)
45 1025934 0 0 0 0 0 0 0 0
46 512967 0 0 0 0 0 0 0 0
fn=unsigned int lob::v10::BookT<lob::ChecksumSink, 16u>::match<(lob::Side)0>(unsigned long, long, unsigned int)
0 16790 0 0 16790 0 0 0 0 0
45 16790 1 1 0 0 0 0 0 0
46 16790 0 0 0 0 0 0 0 0
fn=unsigned int lob::v10::BookT<lob::ChecksumSink, 16u>::match<(lob::Side)1>(unsigned long, long, unsigned int)
0 16646 0 0 16646 0 0 0 0 0
45 16646 0 0 0 0 0 0 0 0
46 16646 0 0 0 0 0 0 0 0
fl=/home/wang/sources/cxx/book/include/lob/events.hpp
fn=auto lob::for_each_type<std::__1::tuple<lob::v0::Book<lob::ChecksumSink>, lob::v1::Book<lob::ChecksumSink>, lob::v2::Book<lob::ChecksumSink>, lob::v3::BookT<lob::ChecksumSink, 16u>, lob::v4::BookT<lob::ChecksumSink, 16u>, lob::v5::BookT<lob::ChecksumSink, 16u>, lob::v7::BookT<lob::ChecksumSink, 16u>, lob::v8::BookT<lob::ChecksumSink, 16u>, lob::v9::BookT<lob::ChecksumSink, 16u>, lob::v10::BookT<lob::ChecksumSink, 16u> >, (anonymous namespace)::with_version<(anonymous namespace)::cmd_replay((anonymous namespace)::Args const&)::$_0>(std::__1::basic_string_view<char, std::__1::char_traits<char> >, (anonymous namespace)::cmd_replay((anonymous namespace)::Args const&)::$_0&&)::{lambda<typename $T0>()#1}>((anonymous namespace)::with_version<(anonymous namespace)::cmd_replay((anonymous namespace)::Args const&)::$_0>(std::__1::basic_string_view<char, std::__1::char_traits<char> >, (anonymous namespace)::cmd_replay((anonymous namespace)::Args const&)::$_0&&)::{lambda<typename $T0>()#1}&&)::{lambda<unsigned long... $N0>(std::__1::integer_sequence<unsigned long, ($N0)...>)#1}::operator()<0ul, 1ul, 2ul, 3ul, 4ul, 5ul, 6ul, 7ul, 8ul, 9ul>(std::__1::integer_sequence<unsigned long, 0ul, 1ul, 2ul, 3ul, 4ul, 5ul, 6ul, 7ul, 8ul, 9ul>) const
0 3444120 0 0 430515 0 0 430515 0 0
92 430515 0 0 430515 0 0 0 0 0
93 861030 0 0 430515 0 0 0 0 0
fn=lob::v10::BookT<lob::ChecksumSink, 16u>::modify(unsigned long, long, unsigned int)
0 67320 1 1 0 0 0 44880 0 0
92 56518 0 0 56518 0 0 0 0 0
93 418066 0 0 56518 0 0 22440 0 0
fn=lob::v10::BookT<lob::ChecksumSink, 16u>::rest(unsigned long, lob::Side, long, unsigned int, boost::unordered::detail::foa::table_iterator<boost::unordered::detail::foa::flat_map_types<unsigned long, lob::v10::BookT<lob::ChecksumSink, 16u>::Loc>, boost::unordered::detail::foa::group15<boost::unordered::detail::foa::plain_integral>*, false>)
81 503956 0 0 0 0 0 0 0 0
92 503956 1 1 503956 11 1 0 0 0
93 6551428 0 0 503956 0 0 503956 0 0
fn=unsigned int lob::v10::BookT<lob::ChecksumSink, 16u>::match<(lob::Side)0>(unsigned long, long, unsigned int)
92 97188 0 0 32396 0 0 32396 0 0
93 388752 1 1 64792 2149 0 32396 0 0
fn=unsigned int lob::v10::BookT<lob::ChecksumSink, 16u>::match<(lob::Side)1>(unsigned long, long, unsigned int)
92 96123 1 1 32041 0 0 32041 0 0
93 384492 0 0 64082 2156 0 32041 0 0
fl=/home/wang/sources/cxx/book/include/lob/replay.hpp
fn=auto lob::for_each_type<std::__1::tuple<lob::v0::Book<lob::ChecksumSink>, lob::v1::Book<lob::ChecksumSink>, lob::v2::Book<lob::ChecksumSink>, lob::v3::BookT<lob::ChecksumSink, 16u>, lob::v4::BookT<lob::ChecksumSink, 16u>, lob::v5::BookT<lob::ChecksumSink, 16u>, lob::v7::BookT<lob::ChecksumSink, 16u>, lob::v8::BookT<lob::ChecksumSink, 16u>, lob::v9::BookT<lob::ChecksumSink, 16u>, lob::v10::BookT<lob::ChecksumSink, 16u> >, (anonymous namespace)::with_version<(anonymous namespace)::cmd_replay((anonymous namespace)::Args const&)::$_0>(std::__1::basic_string_view<char, std::__1::char_traits<char> >, (anonymous namespace)::cmd_replay((anonymous namespace)::Args const&)::$_0&&)::{lambda<typename $T0>()#1}>((anonymous namespace)::with_version<(anonymous namespace)::cmd_replay((anonymous namespace)::Args const&)::$_0>(std::__1::basic_string_view<char, std::__1::char_traits<char> >, (anonymous namespace)::cmd_replay((anonymous namespace)::Args const&)::$_0&&)::{lambda<typename $T0>()#1}&&)::{lambda<unsigned long... $N0>(std::__1::integer_sequence<unsigned long, ($N0)...>)#1}::operator()<0ul, 1ul, 2ul, 3ul, 4ul, 5ul, 6ul, 7ul, 8ul, 9ul>(std::__1::integer_sequence<unsigned long, 0ul, 1ul, 2ul, 3ul, 4ul, 5ul, 6ul, 7ul, 8ul, 9ul>) const
0 1430518 1 1 1000001 125000 125000 1 0 0
21 4886964 1 1 1000000 178575 178566 0 0 0
23 3590769 1 1 1538901 64348 64348 512967 1 1
29 282590 0 0 113036 7087 7087 56518 0 0
37 1000001 0 0 0 0 0 0 0 0
fl=/home/wang/sources/cxx/book/include/lob/v10/book.hpp
fn=auto lob::for_each_type<std::__1::tuple<lob::v0::Book<lob::ChecksumSink>, lob::v1::Book<lob::ChecksumSink>, lob::v2::Book<lob::ChecksumSink>, lob::v3::BookT<lob::ChecksumSink, 16u>, lob::v4::BookT<lob::ChecksumSink, 16u>, lob::v5::BookT<lob::ChecksumSink, 16u>, lob::v7::BookT<lob::ChecksumSink, 16u>, lob::v8::BookT<lob::ChecksumSink, 16u>, lob::v9::BookT<lob::ChecksumSink, 16u>, lob::v10::BookT<lob::ChecksumSink, 16u> >, (anonymous namespace)::with_version<(anonymous namespace)::cmd_replay((anonymous namespace)::Args const&)::$_0>(std::__1::basic_string_view<char, std::__1::char_traits<char> >, (anonymous namespace)::cmd_replay((anonymous namespace)::Args const&)::$_0&&)::{lambda<typename $T0>()#1}>((anonymous namespace)::with_version<(anonymous namespace)::cmd_replay((anonymous namespace)::Args const&)::$_0>(std::__1::basic_string_view<char, std::__1::char_traits<char> >, (anonymous namespace)::cmd_replay((anonymous namespace)::Args const&)::$_0&&)::{lambda<typename $T0>()#1}&&)::{lambda<unsigned long... $N0>(std::__1::integer_sequence<unsigned long, ($N0)...>)#1}::operator()<0ul, 1ul, 2ul, 3ul, 4ul, 5ul, 6ul, 7ul, 8ul, 9ul>(std::__1::integer_sequence<unsigned long, 0ul, 1ul, 2ul, 3ul, 4ul, 5ul, 6ul, 7ul, 8ul, 9ul>) const
0 2583090 2 2 1291545 8 0 430515 0 0
126 861030 0 0 861030 516987 1 0 0 0
128 430515 1 1 430515 0 0 0 0 0
268 1291545 0 0 0 0 0 0 0 0
303 861030 0 0 430515 0 0 0 0 0
305 861030 0 0 430515 0 0 0 0 0
307 430515 0 0 430515 0 0 0 0 0
308 4305150 1 1 0 0 0 0 0 0
348 861030 1 1 430515 0 0 430515 0 0
349 430515 0 0 0 0 0 430515 0 0
371 861030 1 1 430515 51183 0 0 0 0
372 861030 0 0 430515 0 0 0 0 0
375 1291545 0 0 0 0 0 0 0 0
376 1722060 0 0 0 0 0 0 0 0
377 430515 0 0 0 0 0 430515 410817 0
378 430515 0 0 0 0 0 430515 410201 0
379 430515 0 0 430515 333 0 0 0 0
483 430515 0 0 0 0 0 0 0 0
484 430515 0 0 430515 0 0 0 0 0
485 1291545 0 0 430515 0 0 0 0 0
486 430515 0 0 430515 4075 1 0 0 0
488 430515 0 0 430515 0 0 0 0 0
491 3013605 0 0 861030 269 0 0 0 0
499 430515 0 0 0 0 0 0 0 0
fn=lob::v10::BookT<lob::ChecksumSink, 16u>::alloc_node(unsigned long, unsigned int)
0 503956 0 0 0 0 0 0 0 0
334 3527692 1 1 0 0 0 3023736 0 0
335 1007912 1 1 503956 0 0 0 0 0
336 503956 0 0 0 0 0 0 0 0
337 1458045 0 0 486015 35568 0 486015 0 0
338 486015 0 0 0 0 0 0 0 0
339 35882 0 0 0 0 0 0 0 0
343 1529809 1 1 0 0 0 1511868 58765 0
344 4031648 0 0 3527692 5 0 0 0 0
fn=lob::v10::BookT<lob::ChecksumSink, 16u>::modify(unsigned long, long, unsigned int)
0 658381 2 2 265684 54031 0 95636 0 0
131 565180 1 1 0 0 0 395626 0 0
134 113036 1 1 0 0 0 0 0 0
135 113036 0 0 0 0 0 0 0 0
138 56518 0 0 56518 13782 0 0 0 0
139 226072 0 0 56518 0 0 0 0 0
140 68156 2 2 34078 338 1 0 0 0
141 34078 0 0 0 0 0 34078 0 0
142 34078 0 0 34078 0 0 0 0 0
145 89760 0 0 22440 0 0 0 0 0
147 22440 0 0 0 0 0 22440 0 0
148 22440 0 0 22440 0 0 0 0 0
150 452144 1 1 395626 0 0 0 0 0
303 68156 0 0 34078 0 0 0 0 0
305 102234 0 0 34078 0 0 0 0 0
307 34078 0 0 34078 0 0 0 0 0
308 272624 0 0 0 0 0 0 0 0
310 102234 1 1 0 0 0 0 0 0
312 44880 0 0 44880 0 0 0 0 0
329 68156 0 0 0 0 0 0 0 0
388 67320 1 1 0 0 0 0 0 0
389 67320 0 0 0 0 0 0 0 0
390 5762 0 0 0 0 0 0 0 0
391 22440 0 0 22440 0 0 0 0 0
392 22440 0 0 0 0 0 0 0 0
393 89760 0 0 0 0 0 0 0 0
394 67320 1 1 22440 0 0 0 0 0
399 122508 0 0 33356 0 0 50034 0 0
400 5762 0 0 0 0 0 0 0 0
401 2929 0 0 0 0 0 2929 0 0
403 2833 1 1 0 0 0 2833 0 0
404 11524 0 0 0 0 0 0 0 0
406 5762 0 0 0 0 0 0 0 0
fn=lob::v10::BookT<lob::ChecksumSink, 16u>::push(unsigned long, lob::Side, long, unsigned int)
0 2662241 3 3 26636 0 0 1538901 0 0
115 4103736 1 1 0 0 0 3590769 1 1
116 1025934 0 0 0 0 0 0 0 0
117 1025934 1 1 0 0 0 0 0 0
118 512967 0 0 0 0 0 0 0 0
120 22 0 0 22 0 0 0 0 0
121 4103736 1 1 3590769 15 0 0 0 0
312 1025932 0 0 1025932 5 0 0 0 0
388 1538901 0 0 0 0 0 0 0 0
389 1538898 0 0 0 0 0 0 0 0
390 1564590 0 0 0 0 0 0 0 0
391 1025934 2 2 512967 0 0 0 0 0
392 512967 0 0 0 0 0 0 0 0
393 2051864 0 0 0 0 0 0 0 0
394 1025934 1 1 0 0 0 0 0 0
399 2462079 0 0 487278 0 0 1461834 0 0
400 25689 0 0 0 0 0 0 0 0
401 38811 0 0 0 0 0 12937 0 0
403 38256 0 0 0 0 0 12752 0 0
404 51378 0 0 0 0 0 0 0 0
406 25689 0 0 0 0 0 0 0 0
fn=lob::v10::BookT<lob::ChecksumSink, 16u>::remove_from_level(lob::v10::BookT<lob::ChecksumSink, 16u>::Loc const&)
0 22440 0 0 0 0 0 0 0 0
268 22440 0 0 0 0 0 0 0 0
303 44880 0 0 22440 0 0 0 0 0
305 44880 0 0 22440 0 0 0 0 0
307 22440 0 0 22440 0 0 0 0 0
308 224400 1 1 0 0 0 0 0 0
348 44880 0 0 22440 0 0 22440 0 0
349 44880 0 0 0 0 0 22440 0 0
371 44880 0 0 22440 2697 0 0 0 0
372 44880 0 0 22440 0 0 0 0 0
375 67320 0 0 0 0 0 0 0 0
376 89760 1 1 0 0 0 0 0 0
377 22440 0 0 0 0 0 22440 21337 0
378 22440 0 0 0 0 0 22440 21372 0
379 22440 0 0 22440 21 0 0 0 0
515 89760 1 1 0 0 0 44880 0 0
516 22440 0 0 22440 0 0 0 0 0
517 67320 0 0 22440 0 0 0 0 0
518 67320 0 0 67320 183 0 0 0 0
520 22440 0 0 22440 0 0 0 0 0
523 179520 1 1 44880 10 0 0 0 0
541 89760 0 0 67320 0 0 0 0 0
fn=lob::v10::BookT<lob::ChecksumSink, 16u>::rest(unsigned long, lob::Side, long, unsigned int, boost::unordered::detail::foa::table_iterator<boost::unordered::detail::foa::flat_map_types<unsigned long, lob::v10::BookT<lob::ChecksumSink, 16u>::Loc>, boost::unordered::detail::foa::group15<boost::unordered::detail::foa::plain_integral>*, false>)
0 1511868 0 0 503956 0 0 0 0 0
268 503956 0 0 0 0 0 0 0 0
305 1511868 0 0 503956 0 0 0 0 0
307 503956 0 0 503956 5 0 0 0 0
308 5039560 1 1 0 0 0 0 0 0
315 4 0 0 0 0 0 1 0 0
316 1 1 1 0 0 0 1 0 0
359 1007912 1 1 503956 4192 21 0 0 0
361 2015824 0 0 503956 0 0 0 0 0
362 503956 1 1 0 0 0 503956 29454 0
363 1007912 0 0 0 0 0 503956 0 0
364 503956 0 0 0 0 0 503956 0 0
365 503956 0 0 0 0 0 503956 0 0
366 503956 0 0 503956 960 7 0 0 0
464 6047472 0 0 0 0 0 3023736 0 0
465 1511868 0 0 0 0 0 503956 0 0
466 1007922 1 1 503957 6 1 0 0 0
470 1511868 0 0 503956 0 0 0 0 0
471 2519780 0 0 0 0 0 0 0 0
477 1007912 0 0 503956 0 0 0 0 0
478 1511868 0 0 0 0 0 1511868 10 0
479 503956 0 0 503956 0 0 0 0 0
480 4031648 1 1 3527692 0 0 0 0 0
fn=unsigned int lob::v10::BookT<lob::ChecksumSink, 16u>::match<(lob::Side)0>(unsigned long, long, unsigned int)
0 433685 2 2 111986 2 1 112005 0 0
312 31732 0 0 15866 0 0 0 0 0
348 33580 0 0 16790 0 0 16790 0 0
349 33580 0 0 0 0 0 16790 0 0
371 33580 0 0 16790 246 0 0 0 0
372 33580 0 0 16790 0 0 0 0 0
375 50370 0 0 0 0 0 0 0 0
376 67160 1 1 0 0 0 0 0 0
377 16790 0 0 0 0 0 16790 0 0
378 16790 0 0 0 0 0 16790 16040 0
379 16790 0 0 16790 0 0 0 0 0
414 126928 1 1 0 0 0 111062 0 0
424 31732 0 0 0 0 0 0 0 0
427 47598 0 0 0 0 0 0 0 0
430 15866 0 0 0 0 0 0 0 0
435 15866 0 0 0 0 0 0 0 0
437 31732 0 0 15866 0 0 0 0 0
438 158660 1 1 31732 0 0 31732 0 0
439 129584 1 1 32396 0 0 0 0 0
442 129584 0 0 0 0 0 0 0 0
445 97188 0 0 0 0 0 32396 0 0
446 32396 0 0 32396 1 0 0 0 0
447 32396 0 0 0 0 0 0 0 0
453 31732 0 0 15866 0 0 0 0 0
461 142794 1 1 111062 0 0 0 0 0
fn=unsigned int lob::v10::BookT<lob::ChecksumSink, 16u>::match<(lob::Side)1>(unsigned long, long, unsigned int)
0 425925 6 6 109095 0 0 110171 0 0
312 31170 0 0 15585 0 0 0 0 0
348 33292 0 0 16646 0 0 16646 0 0
349 49938 0 0 16646 0 0 16646 0 0
371 33292 0 0 16646 237 0 0 0 0
372 33292 0 0 16646 0 0 0 0 0
375 49938 0 0 0 0 0 0 0 0
376 66584 0 0 0 0 0 0 0 0
377 16646 0 0 0 0 0 16646 0 0
378 16646 0 0 0 0 0 16646 15847 0
379 16646 0 0 16646 0 0 0 0 0
414 124680 0 0 0 0 0 109095 0 0
424 31170 0 0 0 0 0 0 0 0
427 46755 0 0 0 0 0 0 0 0
430 15585 0 0 0 0 0 0 0 0
431 15585 0 0 0 0 0 0 0 0
435 15585 0 0 0 0 0 0 0 0
437 31170 0 0 15585 0 0 0 0 0
438 155850 0 0 31170 0 0 31170 0 0
439 128164 1 1 32041 0 0 0 0 0
442 128164 0 0 0 0 0 0 0 0
445 96123 0 0 0 0 0 32041 0 0
446 32041 1 1 32041 0 0 0 0 0
447 32041 0 0 0 0 0 0 0 0
453 31170 0 0 15585 0 0 0 0 0
461 140265 0 0 109095 0 0 0 0 0
fl=/home/wang/sources/cxx/book/include/lob/v3/hier_bitmap.hpp
fn=auto lob::for_each_type<std::__1::tuple<lob::v0::Book<lob::ChecksumSink>, lob::v1::Book<lob::ChecksumSink>, lob::v2::Book<lob::ChecksumSink>, lob::v3::BookT<lob::ChecksumSink, 16u>, lob::v4::BookT<lob::ChecksumSink, 16u>, lob::v5::BookT<lob::ChecksumSink, 16u>, lob::v7::BookT<lob::ChecksumSink, 16u>, lob::v8::BookT<lob::ChecksumSink, 16u>, lob::v9::BookT<lob::ChecksumSink, 16u>, lob::v10::BookT<lob::ChecksumSink, 16u> >, (anonymous namespace)::with_version<(anonymous namespace)::cmd_replay((anonymous namespace)::Args const&)::$_0>(std::__1::basic_string_view<char, std::__1::char_traits<char> >, (anonymous namespace)::cmd_replay((anonymous namespace)::Args const&)::$_0&&)::{lambda<typename $T0>()#1}>((anonymous namespace)::with_version<(anonymous namespace)::cmd_replay((anonymous namespace)::Args const&)::$_0>(std::__1::basic_string_view<char, std::__1::char_traits<char> >, (anonymous namespace)::cmd_replay((anonymous namespace)::Args const&)::$_0&&)::{lambda<typename $T0>()#1}&&)::{lambda<unsigned long... $N0>(std::__1::integer_sequence<unsigned long, ($N0)...>)#1}::operator()<0ul, 1ul, 2ul, 3ul, 4ul, 5ul, 6ul, 7ul, 8ul, 9ul>(std::__1::integer_sequence<unsigned long, 0ul, 1ul, 2ul, 3ul, 4ul, 5ul, 6ul, 7ul, 8ul, 9ul>) const
78 1291545 1 1 430515 0 0 0 0 0
79 1291545 0 0 430515 128 0 0 0 0
80 430515 0 0 0 0 0 0 0 0
fn=lob::v10::BookT<lob::ChecksumSink, 16u>::modify(unsigned long, long, unsigned int)
48 67320 0 0 44880 1 0 0 0 0
95 112200 1 1 0 0 0 0 0 0
fn=lob::v10::BookT<lob::ChecksumSink, 16u>::push(unsigned long, lob::Side, long, unsigned int)
48 1538901 0 0 1025934 25 2 0 0 0
95 2564830 0 0 0 0 0 0 0 0
fn=lob::v10::BookT<lob::ChecksumSink, 16u>::remove_from_level(lob::v10::BookT<lob::ChecksumSink, 16u>::Loc const&)
78 67320 0 0 22440 0 0 0 0 0
79 67320 0 0 22440 3 0 0 0 0
80 22440 0 0 0 0 0 0 0 0
fn=lob::v10::BookT<lob::ChecksumSink, 16u>::rest(unsigned long, lob::Side, long, unsigned int, boost::unordered::detail::foa::table_iterator<boost::unordered::detail::foa::flat_map_types<unsigned long, lob::v10::BookT<lob::ChecksumSink, 16u>::Loc>, boost::unordered::detail::foa::group15<boost::unordered::detail::foa::plain_integral>*, false>)
0 6 1 1 0 0 0 0 0 0
57 1007915 0 0 0 0 0 0 0 0
58 1511877 1 1 503959 149 6 0 0 0
59 1511883 0 0 1007921 1 1 1007918 1438 0
fn=unsigned int lob::v10::BookT<lob::ChecksumSink, 16u>::match<(lob::Side)0>(unsigned long, long, unsigned int)
0 15866 0 0 15866 0 0 0 0 0
48 47598 1 1 31732 0 0 0 0 0
95 79330 1 1 0 0 0 0 0 0
fn=unsigned int lob::v10::BookT<lob::ChecksumSink, 16u>::match<(lob::Side)1>(unsigned long, long, unsigned int)
48 46755 1 1 31170 0 0 0 0 0
95 77925 1 1 0 0 0 0 0 0
fl=/home/wang/sources/cxx/book/source/main.cxx
fn=auto lob::for_each_type<std::__1::tuple<lob::v0::Book<lob::ChecksumSink>, lob::v1::Book<lob::ChecksumSink>, lob::v2::Book<lob::ChecksumSink>, lob::v3::BookT<lob::ChecksumSink, 16u>, lob::v4::BookT<lob::ChecksumSink, 16u>, lob::v5::BookT<lob::ChecksumSink, 16u>, lob::v7::BookT<lob::ChecksumSink, 16u>, lob::v8::BookT<lob::ChecksumSink, 16u>, lob::v9::BookT<lob::ChecksumSink, 16u>, lob::v10::BookT<lob::ChecksumSink, 16u> >, (anonymous namespace)::with_version<(anonymous namespace)::cmd_replay((anonymous namespace)::Args const&)::$_0>(std::__1::basic_string_view<char, std::__1::char_traits<char> >, (anonymous namespace)::cmd_replay((anonymous namespace)::Args const&)::$_0&&)::{lambda<typename $T0>()#1}>((anonymous namespace)::with_version<(anonymous namespace)::cmd_replay((anonymous namespace)::Args const&)::$_0>(std::__1::basic_string_view<char, std::__1::char_traits<char> >, (anonymous namespace)::cmd_replay((anonymous namespace)::Args const&)::$_0&&)::{lambda<typename $T0>()#1}&&)::{lambda<unsigned long... $N0>(std::__1::integer_sequence<unsigned long, ($N0)...>)#1}::operator()<0ul, 1ul, 2ul, 3ul, 4ul, 5ul, 6ul, 7ul, 8ul, 9ul>(std::__1::integer_sequence<unsigned long, 0ul, 1ul, 2ul, 3ul, 4ul, 5ul, 6ul, 7ul, 8ul, 9ul>) const
0 1 0 0 0 0 0 0 0 0
293 2 1 1 0 0 0 1 1 1
294 1 0 0 1 1 1 0 0 0
295 9 2 2 0 0 0 6 1 1
fl=/usr/include/c++/v1/__algorithm/comp.h
fn=unsigned int lob::v10::BookT<lob::ChecksumSink, 16u>::match<(lob::Side)0>(unsigned long, long, unsigned int)
41 32396 0 0 32396 3519 0 0 0 0
fn=unsigned int lob::v10::BookT<lob::ChecksumSink, 16u>::match<(lob::Side)1>(unsigned long, long, unsigned int)
41 32041 0 0 32041 3505 0 0 0 0
fl=/usr/include/c++/v1/__bit/countr.h
fn=lob::v10::BookT<lob::ChecksumSink, 16u>::modify(unsigned long, long, unsigned int)
28 67320 0 0 44880 1 0 0 0 0
fn=lob::v10::BookT<lob::ChecksumSink, 16u>::push(unsigned long, lob::Side, long, unsigned int)
28 2051864 0 0 1025932 25 1 0 0 0
fn=unsigned int lob::v10::BookT<lob::ChecksumSink, 16u>::match<(lob::Side)0>(unsigned long, long, unsigned int)
28 79330 0 0 31732 0 0 0 0 0
fn=unsigned int lob::v10::BookT<lob::ChecksumSink, 16u>::match<(lob::Side)1>(unsigned long, long, unsigned int)
28 77925 0 0 31170 0 0 0 0 0
fl=/usr/include/c++/v1/__functional/operations.h
fn=auto lob::for_each_type<std::__1::tuple<lob::v0::Book<lob::ChecksumSink>, lob::v1::Book<lob::ChecksumSink>, lob::v2::Book<lob::ChecksumSink>, lob::v3::BookT<lob::ChecksumSink, 16u>, lob::v4::BookT<lob::ChecksumSink, 16u>, lob::v5::BookT<lob::ChecksumSink, 16u>, lob::v7::BookT<lob::ChecksumSink, 16u>, lob::v8::BookT<lob::ChecksumSink, 16u>, lob::v9::BookT<lob::ChecksumSink, 16u>, lob::v10::BookT<lob::ChecksumSink, 16u> >, (anonymous namespace)::with_version<(anonymous namespace)::cmd_replay((anonymous namespace)::Args const&)::$_0>(std::__1::basic_string_view<char, std::__1::char_traits<char> >, (anonymous namespace)::cmd_replay((anonymous namespace)::Args const&)::$_0&&)::{lambda<typename $T0>()#1}>((anonymous namespace)::with_version<(anonymous namespace)::cmd_replay((anonymous namespace)::Args const&)::$_0>(std::__1::basic_string_view<char, std::__1::char_traits<char> >, (anonymous namespace)::cmd_replay((anonymous namespace)::Args const&)::$_0&&)::{lambda<typename $T0>()#1}&&)::{lambda<unsigned long... $N0>(std::__1::integer_sequence<unsigned long, ($N0)...>)#1}::operator()<0ul, 1ul, 2ul, 3ul, 4ul, 5ul, 6ul, 7ul, 8ul, 9ul>(std::__1::integer_sequence<unsigned long, 0ul, 1ul, 2ul, 3ul, 4ul, 5ul, 6ul, 7ul, 8ul, 9ul>) const
300 432230 0 0 432230 422259 11 0 0 0
fn=lob::v10::BookT<lob::ChecksumSink, 16u>::modify(unsigned long, long, unsigned int)
300 56729 0 0 56729 55321 1 0 0 0
fn=lob::v10::BookT<lob::ChecksumSink, 16u>::push(unsigned long, lob::Side, long, unsigned int)
300 4408 0 0 4408 4335 1 0 0 0
fn=unsigned int lob::v10::BookT<lob::ChecksumSink, 16u>::match<(lob::Side)0>(unsigned long, long, unsigned int)
300 16882 0 0 16882 16552 0 0 0 0
fn=unsigned int lob::v10::BookT<lob::ChecksumSink, 16u>::match<(lob::Side)1>(unsigned long, long, unsigned int)
300 16751 0 0 16751 16430 0 0 0 0
fl=/usr/include/c++/v1/__iterator/wrap_iter.h
fn=auto lob::for_each_type<std::__1::tuple<lob::v0::Book<lob::ChecksumSink>, lob::v1::Book<lob::ChecksumSink>, lob::v2::Book<lob::ChecksumSink>, lob::v3::BookT<lob::ChecksumSink, 16u>, lob::v4::BookT<lob::ChecksumSink, 16u>, lob::v5::BookT<lob::ChecksumSink, 16u>, lob::v7::BookT<lob::ChecksumSink, 16u>, lob::v8::BookT<lob::ChecksumSink, 16u>, lob::v9::BookT<lob::ChecksumSink, 16u>, lob::v10::BookT<lob::ChecksumSink, 16u> >, (anonymous namespace)::with_version<(anonymous namespace)::cmd_replay((anonymous namespace)::Args const&)::$_0>(std::__1::basic_string_view<char, std::__1::char_traits<char> >, (anonymous namespace)::cmd_replay((anonymous namespace)::Args const&)::$_0&&)::{lambda<typename $T0>()#1}>((anonymous namespace)::with_version<(anonymous namespace)::cmd_replay((anonymous namespace)::Args const&)::$_0>(std::__1::basic_string_view<char, std::__1::char_traits<char> >, (anonymous namespace)::cmd_replay((anonymous namespace)::Args const&)::$_0&&)::{lambda<typename $T0>()#1}&&)::{lambda<unsigned long... $N0>(std::__1::integer_sequence<unsigned long, ($N0)...>)#1}::operator()<0ul, 1ul, 2ul, 3ul, 4ul, 5ul, 6ul, 7ul, 8ul, 9ul>(std::__1::integer_sequence<unsigned long, 0ul, 1ul, 2ul, 3ul, 4ul, 5ul, 6ul, 7ul, 8ul, 9ul>) const
65 1000000 0 0 0 0 0 0 0 0
125 1000001 0 0 0 0 0 0 0 0
fl=/usr/include/c++/v1/__math/rounding_functions.h
fn=boost::unordered::detail::foa::table_locator<boost::unordered::detail::foa::group15<boost::unordered::detail::foa::plain_integral>, std::__1::pair<unsigned long const, lob::v10::BookT<lob::ChecksumSink, 16u>::Loc> > boost::unordered::detail::foa::table_core<boost::unordered::detail::foa::flat_map_types<unsigned long, lob::v10::BookT<lob::ChecksumSink, 16u>::Loc>, boost::unordered::detail::foa::group15<boost::unordered::detail::foa::plain_integral>, boost::unordered::detail::foa::table_arrays, boost::unordered::detail::foa::plain_size_control, boost::hash<unsigned long>, std::__1::equal_to<unsigned long>, std::__1::allocator<std::__1::pair<unsigned long const, lob::v10::BookT<lob::ChecksumSink, 16u>::Loc> > >::unchecked_emplace_with_rehash<boost::unordered::detail::foa::try_emplace_args_t, unsigned long const&>(unsigned long, boost::unordered::detail::foa::try_emplace_args_t&&, unsigned long const&)
29 11 0 0 0 0 0 0 0 0
fl=/usr/include/c++/v1/__memory/allocator.h
fn=lob::v10::BookT<lob::ChecksumSink, 16u>::alloc_node(unsigned long, unsigned int)
100 32 0 0 0 0 0 0 0 0
fl=/usr/include/c++/v1/__memory/construct_at.h
fn=lob::v10::BookT<lob::ChecksumSink, 16u>::alloc_node(unsigned long, unsigned int)
38 53823 1 1 0 0 0 35882 6727 4736
fl=/usr/include/c++/v1/__memory/uninitialized_algorithms.h
fn=lob::v10::BookT<lob::ChecksumSink, 16u>::alloc_node(unsigned long, unsigned int)
0 16 0 0 16 5 0 0 0 0
638 64 0 0 0 0 0 16 0 0
fl=/usr/include/c++/v1/__new/allocate.h
fn=boost::unordered::detail::foa::table_core<boost::unordered::detail::foa::flat_map_types<unsigned long, lob::v10::BookT<lob::ChecksumSink, 16u>::Loc>, boost::unordered::detail::foa::group15<boost::unordered::detail::foa::plain_integral>, boost::unordered::detail::foa::table_arrays, boost::unordered::detail::foa::plain_size_control, boost::hash<unsigned long>, std::__1::equal_to<unsigned long>, std::__1::allocator<std::__1::pair<unsigned long const, lob::v10::BookT<lob::ChecksumSink, 16u>::Loc> > >::unchecked_rehash(boost::unordered::detail::foa::table_arrays<std::__1::pair<unsigned long const, lob::v10::BookT<lob::ChecksumSink, 16u>::Loc>, boost::unordered::detail::foa::group15<boost::unordered::detail::foa::plain_integral>, boost::unordered::detail::foa::pow2_size_policy, std::__1::allocator<std::__1::pair<unsigned long const, lob::v10::BookT<lob::ChecksumSink, 16u>::Loc> > >&)
57 40 0 0 0 0 0 0 0 0
63 10 0 0 0 0 0 10 0 0
fn=boost::unordered::detail::foa::table_locator<boost::unordered::detail::foa::group15<boost::unordered::detail::foa::plain_integral>, std::__1::pair<unsigned long const, lob::v10::BookT<lob::ChecksumSink, 16u>::Loc> > boost::unordered::detail::foa::table_core<boost::unordered::detail::foa::flat_map_types<unsigned long, lob::v10::BookT<lob::ChecksumSink, 16u>::Loc>, boost::unordered::detail::foa::group15<boost::unordered::detail::foa::plain_integral>, boost::unordered::detail::foa::table_arrays, boost::unordered::detail::foa::plain_size_control, boost::hash<unsigned long>, std::__1::equal_to<unsigned long>, std::__1::allocator<std::__1::pair<unsigned long const, lob::v10::BookT<lob::ChecksumSink, 16u>::Loc> > >::unchecked_emplace_with_rehash<boost::unordered::detail::foa::try_emplace_args_t, unsigned long const&>(unsigned long, boost::unordered::detail::foa::try_emplace_args_t&&, unsigned long const&)
0 33 0 0 0 0 0 22 0 0
37 55 1 1 0 0 0 11 0 0
43 22 0 0 0 0 0 11 0 0
fn=lob::v10::BookT<lob::ChecksumSink, 16u>::alloc_node(unsigned long, unsigned int)
0 63 0 0 63 0 0 0 0 0
37 32 0 0 0 0 0 0 0 0
43 48 0 0 0 0 0 16 0 0
63 45 0 0 0 0 0 15 0 0
fl=/usr/include/c++/v1/__split_buffer
fn=lob::v10::BookT<lob::ChecksumSink, 16u>::alloc_node(unsigned long, unsigned int)
335 16 0 0 0 0 0 0 0 0
341 32 0 0 0 0 0 0 0 0
fl=/usr/include/c++/v1/__utility/pair.h
fn=_ZN5boost9unordered6detail3foa10table_coreINS2_14flat_map_typesImN3lob3v105BookTINS5_12ChecksumSinkELj16EE3LocEEENS2_7group15INS2_14plain_integralEEENS2_12table_arraysENS2_18plain_size_controlENS_4hashImEENSt3__18equal_toImEENSJ_9allocatorINSJ_4pairIKmSA_EEEEE22for_all_elements_whileIZNSR_22for_all_elements_whileIZNSR_16for_all_elementsIZNSR_16unchecked_rehashERNSF_ISP_SE_NS2_16pow2_size_policyESQ_EEEUlPSP_E_EEDTcmclfL1p0_LDnEEcvv_EERKSW_T_EUlSY_E_EES10_S12_S13_EUlPSE_jSY_E_EEDTcmclfp0_LDnELi0ELDnEEcvv_EES12_S13_
196 107152 0 0 53576 6358 0 53576 13575 13573
fn=boost::unordered::detail::foa::table_locator<boost::unordered::detail::foa::group15<boost::unordered::detail::foa::plain_integral>, std::__1::pair<unsigned long const, lob::v10::BookT<lob::ChecksumSink, 16u>::Loc> > boost::unordered::detail::foa::table_core<boost::unordered::detail::foa::flat_map_types<unsigned long, lob::v10::BookT<lob::ChecksumSink, 16u>::Loc>, boost::unordered::detail::foa::group15<boost::unordered::detail::foa::plain_integral>, boost::unordered::detail::foa::table_arrays, boost::unordered::detail::foa::plain_size_control, boost::hash<unsigned long>, std::__1::equal_to<unsigned long>, std::__1::allocator<std::__1::pair<unsigned long const, lob::v10::BookT<lob::ChecksumSink, 16u>::Loc> > >::unchecked_emplace_with_rehash<boost::unordered::detail::foa::try_emplace_args_t, unsigned long const&>(unsigned long, boost::unordered::detail::foa::try_emplace_args_t&&, unsigned long const&)
445 22 0 0 11 0 0 11 11 11
446 11 0 0 0 0 0 11 3 3
fn=lob::v10::BookT<lob::ChecksumSink, 16u>::push(unsigned long, lob::Side, long, unsigned int)
445 512956 0 0 0 0 0 512956 496771 3583
446 512956 0 0 0 0 0 512956 124523 6656
fl=/usr/include/c++/v1/__utility/swap.h
fn=lob::v10::BookT<lob::ChecksumSink, 16u>::alloc_node(unsigned long, unsigned int)
44 48 1 1 0 0 0 48 5 0
fl=/usr/include/c++/v1/__vector/vector.h
fn=auto lob::for_each_type<std::__1::tuple<lob::v0::Book<lob::ChecksumSink>, lob::v1::Book<lob::ChecksumSink>, lob::v2::Book<lob::ChecksumSink>, lob::v3::BookT<lob::ChecksumSink, 16u>, lob::v4::BookT<lob::ChecksumSink, 16u>, lob::v5::BookT<lob::ChecksumSink, 16u>, lob::v7::BookT<lob::ChecksumSink, 16u>, lob::v8::BookT<lob::ChecksumSink, 16u>, lob::v9::BookT<lob::ChecksumSink, 16u>, lob::v10::BookT<lob::ChecksumSink, 16u> >, (anonymous namespace)::with_version<(anonymous namespace)::cmd_replay((anonymous namespace)::Args const&)::$_0>(std::__1::basic_string_view<char, std::__1::char_traits<char> >, (anonymous namespace)::cmd_replay((anonymous namespace)::Args const&)::$_0&&)::{lambda<typename $T0>()#1}>((anonymous namespace)::with_version<(anonymous namespace)::cmd_replay((anonymous namespace)::Args const&)::$_0>(std::__1::basic_string_view<char, std::__1::char_traits<char> >, (anonymous namespace)::cmd_replay((anonymous namespace)::Args const&)::$_0&&)::{lambda<typename $T0>()#1}&&)::{lambda<unsigned long... $N0>(std::__1::integer_sequence<unsigned long, ($N0)...>)#1}::operator()<0ul, 1ul, 2ul, 3ul, 4ul, 5ul, 6ul, 7ul, 8ul, 9ul>(std::__1::integer_sequence<unsigned long, 0ul, 1ul, 2ul, 3ul, 4ul, 5ul, 6ul, 7ul, 8ul, 9ul>) const
388 1 0 0 1 0 0 0 0 0
407 1722060 1 1 430515 0 0 0 0 0
449 1 0 0 1 1 1 0 0 0
fn=lob::v10::BookT<lob::ChecksumSink, 16u>::alloc_node(unsigned long, unsigned int)
0 96 1 1 0 0 0 64 3 0
388 161469 1 1 35882 0 0 0 0 0
391 64 1 1 0 0 0 0 0 0
407 1493927 0 0 503956 0 0 0 0 0
475 17925 0 0 0 0 0 0 0 0
902 32 0 0 0 0 0 0 0 0
905 80 0 0 0 0 0 0 0 0
1128 16 0 0 0 0 0 0 0 0
1131 32 0 0 0 0 0 0 0 0
1146 53823 0 0 17941 0 0 0 0 0
1149 17925 0 0 0 0 0 0 0 0
1152 17941 0 0 0 0 0 17941 0 0
fn=lob::v10::BookT<lob::ChecksumSink, 16u>::modify(unsigned long, long, unsigned int)
407 113036 0 0 56518 0 0 0 0 0
fn=lob::v10::BookT<lob::ChecksumSink, 16u>::remove_from_level(lob::v10::BookT<lob::ChecksumSink, 16u>::Loc const&)
407 67320 1 1 22440 0 0 0 0 0
fn=lob::v10::BookT<lob::ChecksumSink, 16u>::rest(unsigned long, lob::Side, long, unsigned int, boost::unordered::detail::foa::table_iterator<boost::unordered::detail::foa::flat_map_types<unsigned long, lob::v10::BookT<lob::ChecksumSink, 16u>::Loc>, boost::unordered::detail::foa::group15<boost::unordered::detail::foa::plain_integral>*, false>)
407 503956 0 0 0 0 0 0 0 0
fn=unsigned int lob::v10::BookT<lob::ChecksumSink, 16u>::match<(lob::Side)0>(unsigned long, long, unsigned int)
407 32396 0 0 0 0 0 0 0 0
fn=unsigned int lob::v10::BookT<lob::ChecksumSink, 16u>::match<(lob::Side)1>(unsigned long, long, unsigned int)
407 32041 0 0 0 0 0 0 0 0
fl=/usr/include/c++/v1/map
fn=unsigned int lob::v10::BookT<lob::ChecksumSink, 16u>::match<(lob::Side)0>(unsigned long, long, unsigned int)
1031 31732 0 0 15866 0 0 0 0 0
fn=unsigned int lob::v10::BookT<lob::ChecksumSink, 16u>::match<(lob::Side)1>(unsigned long, long, unsigned int)
1031 31170 0 0 15585 0 0 0 0 0
fl=???
fn=???
0 247 9 9 162 66 7 6 0 0
fn=operator delete(void*)
0 125 0 0 25 0 0 25 0 0
fn=operator delete(void*, unsigned long)
0 125 1 1 25 0 0 25 0 0
fn=operator new(unsigned long)
0 459 2 2 81 0 0 108 5 1
summary: 207675866 307 307 54981540 2403012 375241 29112139 1640219 39905
