==23330== Cachegrind, a high-precision tracing profiler
==23330== Copyright (C) 2002-2017, and GNU GPL'd, by Nicholas Nethercote et al.
==23330== Using Valgrind-3.22.0 and LibVEX; rerun with -h for copyright info
==23330== Command: /home/wang/sources/cxx/book/build/profile/book replay --workload data/itch12302019_QQQ.ops --version v3
==23330== 
==23330== 
==23330== I refs:        500,893,498
==23330== I1  misses:            263
==23330== LLi misses:            263
==23330== I1  miss rate:        0.00%
==23330== LLi miss rate:        0.00%
==23330== 
==23330== D refs:        200,546,448  (136,770,126 rd   + 63,776,322 wr)
==23330== D1  misses:      3,433,067  (  1,825,712 rd   +  1,607,355 wr)
==23330== LLd misses:        986,261  (    951,076 rd   +     35,185 wr)
==23330== D1  miss rate:         1.7% (        1.3%     +        2.5%  )
==23330== LLd miss rate:         0.5% (        0.7%     +        0.1%  )
==23330== 
==23330== LL refs:         3,433,330  (  1,825,975 rd   +  1,607,355 wr)
==23330== LL misses:         986,524  (    951,339 rd   +     35,185 wr)
==23330== LL miss rate:          0.1% (        0.1%     +        0.1%  )
