==93227== Cachegrind, a high-precision tracing profiler
==93227== Copyright (C) 2002-2017, and GNU GPL'd, by Nicholas Nethercote et al.
==93227== Using Valgrind-3.22.0 and LibVEX; rerun with -h for copyright info
==93227== Command: /home/wang/sources/cxx/book/build/profile/book replay --workload data/itch12302019_AAPL.ops --version v12
==93227== 
==93227== 
==93227== I refs:        275,686,670
==93227== I1  misses:            263
==93227== LLi misses:            256
==93227== I1  miss rate:        0.00%
==93227== LLi miss rate:        0.00%
==93227== 
==93227== D refs:        106,685,271  (78,317,954 rd   + 28,367,317 wr)
==93227== D1  misses:      3,049,434  ( 1,837,066 rd   +  1,212,368 wr)
==93227== LLd misses:        770,906  (   638,622 rd   +    132,284 wr)
==93227== D1  miss rate:         2.9% (       2.3%     +        4.3%  )
==93227== LLd miss rate:         0.7% (       0.8%     +        0.5%  )
==93227== 
==93227== LL refs:         3,049,697  ( 1,837,329 rd   +  1,212,368 wr)
==93227== LL misses:         771,162  (   638,878 rd   +    132,284 wr)
==93227== LL miss rate:          0.2% (       0.2%     +        0.5%  )
