desc: I1 cache:         32768 B, 64 B, 8-way associative
desc: D1 cache:         49152 B, 64 B, 12-way associative
desc: LL cache:         6291456 B, 64 B, 12-way associative
cmd: /home/wang/sources/cxx/book/build/profile/book replay --workload data/itch12302019_QQQ.ops --version v3
events: Ir I1mr ILmr Dr D1mr DLmr Dw D1mw DLmw 
fl=./malloc/./malloc/arena.c
fn=free
153 372 0 0 0 0 0 0 0 0
fn=malloc
153 254 0 0 0 0 0 0 0 0
fl=./malloc/./malloc/malloc.c
fn=_int_free
1792 109 0 0 109 10 0 0 0 0
1992 12 1 1 4 0 0 0 0 0
3163 30 1 1 15 0 0 15 0 0
3165 60 0 0 15 6 5 15 0 0
3166 15 0 0 0 0 0 15 0 0
3167 30 0 0 0 0 0 15 0 0
4495 868 1 1 0 0 0 496 5 0
4499 372 1 1 124 0 0 0 0 0
4505 496 0 0 0 0 0 0 0 0
4506 248 0 0 0 0 0 0 0 0
4510 620 0 0 0 0 0 0 0 0
4517 248 0 0 0 0 0 0 0 0
4518 744 1 1 372 10 0 0 0 0
4521 19 0 0 0 0 0 0 0 0
4527 57 0 0 38 4 2 0 0 0
4547 95 1 1 38 3 1 0 0 0
4550 15 0 0 0 0 0 0 0 0
4561 218 0 0 0 0 0 0 0 0
4572 16 0 0 4 1 0 0 0 0
4574 12 0 0 4 2 0 0 0 0
4593 4 0 0 0 0 0 0 0 0
4595 4 0 0 0 0 0 4 2 0
4596 4 0 0 0 0 0 0 0 0
4600 12 0 0 4 0 0 0 0 0
4602 8 0 0 4 2 0 0 0 0
4606 8 0 0 0 0 0 0 0 0
4608 12 0 0 0 0 0 4 0 0
4609 4 0 0 0 0 0 4 0 0
4628 16 0 0 0 0 0 0 0 0
4637 210 0 0 105 0 0 0 0 0
4640 210 0 0 105 8 0 0 0 0
4643 210 1 1 0 0 0 0 0 0
4646 210 0 0 0 0 0 0 0 0
4658 639 1 1 515 0 0 0 0 0
fn=_int_free_maybe_consolidate
4770 1155 1 1 105 8 0 735 0 0
4776 210 0 0 0 0 0 0 0 0
4778 192 0 0 48 0 0 0 0 0
4781 144 0 0 0 0 0 0 0 0
4784 240 2 2 144 28 1 0 0 0
4785 20 0 0 12 0 0 0 0 0
4798 1139 1 1 933 0 0 0 0 0
fn=_int_free_merge_chunk
1992 315 0 0 105 0 0 0 0 0
4665 840 1 1 0 0 0 630 4 0
4666 105 0 0 0 0 0 0 0 0
4670 630 0 0 105 8 0 0 0 0
4673 420 1 1 105 8 0 0 0 0
4675 315 1 1 105 19 0 0 0 0
4678 315 0 0 105 4 0 0 0 0
4681 210 0 0 0 0 0 0 0 0
4682 210 0 0 0 0 0 0 0 0
4683 210 0 0 105 8 0 0 0 0
4689 210 1 1 105 0 0 0 0 0
4691 21 0 0 21 0 0 0 0 0
4692 21 0 0 0 0 0 0 0 0
4693 21 0 0 0 0 0 0 0 0
4694 84 0 0 21 9 0 0 0 0
4696 42 0 0 0 0 0 21 0 0
4701 315 0 0 0 0 0 0 0 0
4702 735 0 0 630 0 0 0 0 0
4714 210 0 0 105 0 0 0 0 0
4720 124 0 0 62 3 1 0 0 0
4721 2 0 0 0 0 0 1 0 0
4722 2 0 0 0 0 0 0 0 0
4724 61 0 0 61 0 0 0 0 0
4732 62 0 0 0 0 0 0 0 0
4733 248 1 1 62 0 0 0 0 0
4734 124 0 0 62 0 0 0 0 0
4736 62 0 0 0 0 0 62 1 0
4738 124 0 0 0 0 0 0 0 0
4740 186 1 1 0 0 0 62 0 0
4743 62 0 0 0 0 0 62 0 0
4744 62 0 0 0 0 0 62 0 0
4746 186 0 0 0 0 0 62 0 0
4747 62 0 0 0 0 0 62 0 0
4756 43 0 0 0 0 0 0 0 0
4757 129 0 0 0 0 0 43 0 0
4758 86 1 1 0 0 0 43 0 0
fn=_int_malloc
1326 254 0 0 0 0 0 0 0 0
1345 762 0 0 0 0 0 0 0 0
1794 127 1 1 127 0 0 0 0 0
1985 144 0 0 48 0 0 0 0 0
2008 16 0 0 4 0 0 0 0 0
2552 42 0 0 14 14 6 14 5 2
2553 4 1 1 0 0 0 4 0 0
2564 14 1 1 7 7 2 0 0 0
2565 9 0 0 6 0 0 0 0 0
2568 12 0 0 3 0 0 0 0 0
2576 18 0 0 3 0 0 6 0 0
2577 6 0 0 0 0 0 0 0 0
2589 16 0 0 4 0 0 4 0 0
2590 8 0 0 0 0 0 4 0 0
2599 48 1 1 12 0 0 0 0 0
2605 12 0 0 8 0 0 0 0 0
2608 12 1 1 0 0 0 0 0 0
2669 12 1 1 4 0 0 4 0 0
2677 8 0 0 4 0 0 0 0 0
2678 12 0 0 4 0 0 4 0 0
2691 12 1 1 4 0 0 0 0 0
2693 4 0 0 4 0 0 0 0 0
2699 20 0 0 4 0 0 4 0 0
2707 8 0 0 0 0 0 0 0 0
2709 16 2 2 0 0 0 8 2 0
2710 12 0 0 4 0 0 0 0 0
2711 4 0 0 0 0 0 0 0 0
2712 4 0 0 0 0 0 0 0 0
2715 8 0 0 0 0 0 0 0 0
2744 28 1 1 12 0 0 0 0 0
2746 8 1 1 0 0 0 4 0 0
2752 32 0 0 4 0 0 0 0 0
2753 24 0 0 4 0 0 4 0 0
2921 12 1 1 8 0 0 0 0 0
2922 4 0 0 0 0 0 4 0 0
2926 4 0 0 4 0 0 0 0 0
2930 20 1 1 8 0 0 0 0 0
2932 4 0 0 0 0 0 0 0 0
2933 4 0 0 0 0 0 0 0 0
2934 4 0 0 0 0 0 4 0 0
2935 28 0 0 0 0 0 4 0 0
2936 8 0 0 0 0 0 4 4 4
2938 4 0 0 0 0 0 0 0 0
3846 1397 2 2 127 35 3 889 7 1
3887 254 0 0 0 0 0 0 0 0
3914 254 0 0 0 0 0 0 0 0
3916 52 0 0 0 0 0 0 0 0
3919 13 0 0 13 3 1 0 0 0
3921 26 0 0 0 0 0 0 0 0
3930 39 2 2 0 0 0 0 0 0
3977 228 1 1 0 0 0 0 0 0
3979 50 0 0 0 0 0 0 0 0
3980 34 1 1 0 0 0 0 0 0
3982 51 0 0 17 10 6 0 0 0
4039 1152 1 1 0 0 0 0 0 0
4040 330 0 0 110 32 2 0 0 0
4058 381 1 1 127 0 0 0 0 0
4059 381 0 0 0 0 0 127 1 1
4060 381 1 1 254 0 0 0 0 0
4069 140 0 0 0 0 0 70 0 0
4070 729 1 1 157 33 4 127 0 0
4072 75 0 0 75 8 0 0 0 0
4073 150 0 0 75 20 0 0 0 0
4074 75 0 0 0 0 0 0 0 0
4076 150 0 0 0 0 0 0 0 0
4077 225 1 1 75 23 0 0 0 0
4079 75 0 0 75 24 0 0 0 0
4080 300 0 0 0 0 0 0 0 0
4082 300 0 0 75 0 0 0 0 0
4084 150 1 1 75 4 0 0 0 0
4085 150 0 0 75 0 0 0 0 0
4087 150 0 0 0 0 0 0 0 0
4098 300 0 0 0 0 0 0 0 0
4099 18 1 1 9 0 0 0 0 0
4100 14 0 0 0 0 0 0 0 0
4101 7 0 0 0 0 0 0 0 0
4104 7 0 0 0 0 0 0 0 0
4105 7 1 1 0 0 0 0 0 0
4106 7 0 0 0 0 0 7 0 0
4107 21 0 0 0 0 0 7 0 0
4108 21 1 1 0 0 0 7 7 0
4109 14 0 0 0 0 0 0 0 0
4111 14 0 0 0 0 0 7 2 0
4115 56 0 0 0 0 0 7 0 0
4117 21 1 1 0 0 0 7 0 0
4118 7 0 0 0 0 0 7 0 0
4121 45 0 0 0 0 0 0 0 0
4122 21 0 0 0 0 0 7 0 0
4123 7 0 0 0 0 0 0 0 0
4127 68 0 0 0 0 0 68 0 0
4128 68 0 0 0 0 0 68 0 0
4132 136 0 0 0 0 0 0 0 0
4134 76 0 0 0 0 0 38 0 0
4135 114 0 0 0 0 0 0 0 0
4140 76 0 0 0 0 0 0 0 0
4161 64 2 2 0 0 0 0 0 0
4169 479 2 2 0 0 0 30 0 0
4170 86 1 1 0 0 0 0 0 0
4171 30 0 0 30 23 4 0 0 0
4174 60 0 0 0 0 0 0 0 0
4177 4 0 0 0 0 0 0 0 0
4179 16 0 0 8 2 0 0 0 0
4180 8 0 0 0 0 0 0 0 0
4186 4 1 1 0 0 0 1 0 0
4187 1 0 0 1 1 0 0 0 0
4188 3 0 0 0 0 0 2 0 0
4192 9 1 1 3 0 0 0 0 0
4193 6 0 0 0 0 0 0 0 0
4199 3 0 0 0 0 0 0 0 0
4202 2 1 1 1 0 0 0 0 0
4205 8 0 0 0 0 0 2 0 0
4206 2 0 0 2 1 0 0 0 0
4207 4 0 0 2 0 0 0 0 0
4209 2 0 0 0 0 0 2 0 0
4210 6 0 0 2 0 0 2 0 0
4212 3 1 1 3 0 0 0 0 0
4213 6 0 0 3 0 0 0 0 0
4218 104 0 0 0 0 0 26 4 0
4221 210 2 2 60 18 0 0 0 0
4222 30 0 0 0 0 0 30 0 0
4223 30 0 0 0 0 0 30 0 0
4224 30 0 0 0 0 0 30 0 0
4225 30 0 0 0 0 0 30 0 0
4230 60 0 0 60 0 0 0 0 0
4231 60 0 0 0 0 0 0 0 0
4240 120 1 1 60 0 0 0 0 0
4246 50 0 0 0 0 0 0 0 0
4257 246 1 1 0 0 0 0 0 0
4259 288 0 0 0 0 0 0 0 0
4262 216 0 0 72 43 7 0 0 0
4263 96 1 1 8 1 0 0 0 0
4266 2 0 0 2 0 0 0 0 0
4267 17 0 0 3 0 0 0 0 0
4269 1 0 0 1 0 0 0 0 0
4273 4 1 1 2 0 0 0 0 0
4275 1 0 0 1 0 0 0 0 0
4276 2 0 0 1 0 0 0 0 0
4278 6 0 0 0 0 0 2 0 0
4279 6 0 0 0 0 0 4 2 0
4282 8 0 0 4 0 0 0 0 0
4284 1 1 1 1 0 0 0 0 0
4285 3 1 1 0 0 0 0 0 0
4291 1 0 0 0 0 0 0 0 0
4295 4 1 1 1 0 0 0 0 0
4296 2 0 0 1 0 0 0 0 0
4299 1 0 0 0 0 0 1 1 0
4300 1 0 0 0 0 0 1 0 0
4301 1 0 0 0 0 0 1 0 0
4302 2 0 0 0 0 0 0 0 0
4304 2 0 0 0 0 0 1 0 0
4307 8 1 1 0 0 0 1 0 0
4309 3 0 0 0 0 0 1 1 0
4310 1 0 0 0 0 0 1 0 0
4313 1 0 0 0 0 0 0 0 0
4330 80 0 0 0 0 0 0 0 0
4331 160 0 0 0 0 0 0 0 0
4332 160 0 0 0 0 0 0 0 0
4333 160 0 0 80 22 3 0 0 0
4334 480 0 0 0 0 0 0 0 0
4339 398 1 1 0 0 0 0 0 0
4343 338 1 1 0 0 0 0 0 0
4346 172 1 1 43 0 0 0 0 0
4348 16 0 0 0 0 0 0 0 0
4349 8 0 0 0 0 0 0 0 0
4353 248 0 0 0 0 0 0 0 0
4355 93 0 0 0 0 0 0 0 0
4357 186 0 0 0 0 0 0 0 0
4361 31 0 0 31 18 0 0 0 0
4364 62 0 0 0 0 0 0 0 0
4366 105 0 0 0 0 0 21 0 0
4367 21 0 0 0 0 0 0 0 0
4368 21 0 0 0 0 0 0 0 0
4373 40 1 1 10 2 0 0 0 0
4376 20 0 0 0 0 0 0 0 0
4378 30 1 1 0 0 0 10 0 0
4381 30 0 0 0 0 0 20 6 0
4384 40 0 0 20 0 0 0 0 0
4394 10 0 0 0 0 0 0 0 0
4399 40 0 0 10 0 0 0 0 0
4400 20 1 1 10 0 0 0 0 0
4403 10 0 0 0 0 0 10 7 0
4404 10 0 0 0 0 0 10 0 0
4405 10 0 0 0 0 0 10 0 0
4408 20 0 0 0 0 0 0 0 0
4409 2 0 0 0 0 0 2 0 0
4410 20 0 0 0 0 0 0 0 0
4412 20 0 0 0 0 0 10 0 0
4415 80 1 1 0 0 0 10 0 0
4417 30 0 0 0 0 0 10 1 0
4418 10 0 0 0 0 0 10 0 0
4421 10 0 0 0 0 0 0 0 0
4443 70 1 1 70 0 0 0 0 0
4444 140 0 0 70 14 2 0 0 0
4446 140 0 0 70 12 3 0 0 0
4449 210 0 0 0 0 0 0 0 0
4451 63 0 0 0 0 0 0 0 0
4452 126 1 1 0 0 0 0 0 0
4453 63 0 0 0 0 0 63 0 0
4454 504 1 1 0 0 0 63 0 0
4456 126 0 0 0 0 0 63 30 19
4459 130 0 0 0 0 0 0 0 0
4460 216 0 0 0 0 0 72 20 1
4461 72 0 0 0 0 0 0 0 0
4466 28 0 0 7 0 0 7 0 0
4482 10 0 0 0 0 0 0 0 0
4487 1524 2 2 1143 0 0 0 0 0
fn=alloc_perturb
1985 237 1 1 79 0 0 0 0 0
1987 79 0 0 79 0 0 0 0 0
fn=free
3359 889 2 2 0 0 0 508 1 0
3363 254 0 0 0 0 0 0 0 0
3371 254 0 0 254 75 6 0 0 0
3373 127 0 0 0 0 0 0 0 0
3375 381 0 0 127 18 3 0 0 0
3379 9 1 1 3 3 0 0 0 0
3381 12 0 0 3 3 0 0 0 0
3383 6 0 0 0 0 0 3 0 0
3384 6 0 0 0 0 0 3 0 0
3385 3 0 0 0 0 0 0 0 0
3388 6 0 0 0 0 0 3 0 0
3392 372 0 0 248 20 0 0 0 0
3398 372 1 1 0 0 0 124 4 0
3401 127 0 0 0 0 0 127 0 0
3402 762 1 1 635 0 0 0 0 0
fn=malloc
1326 258 0 0 0 0 0 0 0 0
1345 645 1 1 0 0 0 0 0 0
3178 4 0 0 2 0 0 0 0 0
3182 4 0 0 0 0 0 0 0 0
3186 8 0 0 2 1 1 2 0 0
3190 4 0 0 0 0 0 2 0 0
3191 2 0 0 0 0 0 2 0 0
3294 1032 1 1 0 0 0 516 7 1
3301 258 0 0 129 36 3 0 0 0
3311 258 0 0 0 0 0 0 0 0
3313 516 0 0 258 69 6 0 0 0
3316 258 0 0 129 33 3 0 0 0
3318 57 1 1 19 7 3 0 0 0
3326 254 1 1 127 42 3 0 0 0
3328 508 1 1 0 0 0 127 26 2
3329 635 1 1 127 0 0 0 0 0
3354 774 1 1 645 0 0 0 0 0
fn=munmap_chunk
3024 6 1 1 0 0 0 3 0 0
3025 6 0 0 6 6 0 0 0 0
3026 9 0 0 3 0 0 0 0 0
3028 6 0 0 0 0 0 0 0 0
3030 3 0 0 0 0 0 0 0 0
3031 9 0 0 3 0 0 0 0 0
3032 3 0 0 0 0 0 0 0 0
3038 12 0 0 0 0 0 0 0 0
3039 15 1 1 0 0 0 0 0 0
3042 3 0 0 6 0 0 0 0 0
3043 9 0 0 6 0 0 0 0 0
3048 6 0 0 0 0 0 0 0 0
3049 3 0 0 3 0 0 0 0 0
fn=sysmalloc_mmap.isra.0
2008 12 0 0 3 0 0 0 0 0
2400 18 1 1 0 0 0 12 3 1
2413 9 0 0 0 0 0 0 0 0
2418 6 0 0 0 0 0 0 0 0
2421 30 1 1 0 0 0 3 0 0
2424 6 1 1 0 0 0 0 0 0
2428 6 0 0 0 0 0 0 0 0
2432 12 0 0 0 0 0 3 0 0
2448 9 0 0 0 0 0 0 0 0
2466 3 0 0 0 0 0 3 3 3
2467 9 1 1 0 0 0 3 0 0
2471 9 0 0 6 0 0 0 0 0
2472 13 0 0 5 0 0 0 0 0
2475 9 1 1 6 0 0 0 0 0
2476 15 0 0 6 0 0 0 0 0
2481 21 0 0 15 0 0 0 0 0
fn=systrim.constprop.0
2957 24 1 1 0 0 0 16 0 0
2966 12 0 0 8 0 0 0 0 0
2968 4 0 0 0 0 0 0 0 0
2969 8 0 0 0 0 0 0 0 0
2970 3 0 0 0 0 0 0 0 0
2974 12 0 0 4 0 0 0 0 0
2975 4 0 0 0 0 0 0 0 0
2978 20 1 1 8 8 0 0 0 0
2980 8 0 0 0 0 0 0 0 0
2987 3 0 0 0 0 0 1 0 0
2988 4 0 0 1 0 0 0 0 0
3000 3 1 1 0 0 0 1 0 0
3001 2 0 0 0 0 0 1 0 0
3003 1 0 0 0 0 0 0 0 0
3005 2 0 0 0 0 0 0 0 0
3009 2 0 0 0 0 0 0 0 0
3012 1 0 0 1 0 0 0 0 0
3013 4 0 0 1 0 0 1 0 0
3015 2 0 0 0 0 0 0 0 0
3020 24 0 0 20 0 0 0 0 0
fn=unlink_chunk.isra.0
1608 68 1 1 0 0 0 34 0 0
1610 170 0 0 68 4 0 0 0 0
1613 68 0 0 68 4 0 0 0 0
1614 68 0 0 34 0 0 0 0 0
1616 136 1 1 68 9 0 0 0 0
1619 34 0 0 0 0 0 34 0 0
1620 34 0 0 0 0 0 34 0 0
1621 170 0 0 34 4 0 0 0 0
1623 58 0 0 29 0 0 0 0 0
1624 87 0 0 58 0 0 0 0 0
1627 58 0 0 29 6 3 0 0 0
1641 29 0 0 0 0 0 29 0 0
1642 29 0 0 0 0 0 29 0 0
1645 68 1 1 68 0 0 0 0 0
fl=./malloc/./malloc/morecore.c
fn=__glibc_morecore
25 21 1 1 0 0 0 7 0 0
26 14 0 0 7 0 0 0 0 0
29 7 0 0 0 0 0 7 0 0
30 14 0 0 0 0 0 0 0 0
34 14 0 0 14 0 0 0 0 0
fl=./misc/../sysdeps/unix/syscall-template.S
fn=munmap
117 15 2 2 0 0 0 0 0 0
122 3 0 0 3 0 0 0 0 0
fl=./misc/../sysdeps/unix/sysv/linux/brk.c
fn=brk
36 5 1 1 0 0 0 0 0 0
37 10 0 0 5 0 0 5 0 0
38 10 0 0 0 0 0 0 0 0
44 5 0 0 0 0 0 0 0 0
45 5 0 0 5 0 0 0 0 0
fl=./misc/../sysdeps/unix/sysv/linux/brk_call.h
fn=brk
24 10 0 0 0 0 0 0 0 0
fl=./misc/../sysdeps/unix/sysv/linux/mmap64.c
fn=mmap
47 21 1 1 0 0 0 9 0 0
50 6 0 0 0 0 0 0 0 0
53 21 1 1 0 0 0 0 0 0
58 18 1 1 0 0 0 0 0 0
60 12 0 0 12 0 0 0 0 0
fl=./misc/../sysdeps/unix/sysv/linux/setvmaname.c
fn=__set_vma_name
33 21 2 2 0 0 0 12 0 0
35 15 0 0 6 3 2 3 3 2
49 27 0 0 21 0 0 0 0 0
fl=./misc/./misc/sbrk.c
fn=sbrk
37 56 1 1 0 0 0 28 2 2
40 14 0 0 14 10 4 0 0 0
43 14 1 1 7 5 2 0 0 0
58 14 0 0 0 0 0 0 0 0
62 14 0 0 0 0 0 0 0 0
66 20 1 1 0 0 0 0 0 0
68 2 0 0 0 0 0 0 0 0
74 15 1 1 0 0 0 5 3 0
78 49 0 0 35 0 0 0 0 0
fl=./string/../sysdeps/x86_64/multiarch/memmove-vec-unaligned-erms.S
fn=__memcpy_avx_unaligned_erms
255 15 1 1 0 0 0 0 0 0
256 15 0 0 0 0 0 0 0 0
262 15 0 0 0 0 0 0 0 0
263 15 0 0 0 0 0 0 0 0
265 13 0 0 13 5 1 0 0 0
266 13 0 0 0 0 0 0 0 0
267 13 0 0 0 0 0 0 0 0
270 1 0 0 1 0 0 0 0 0
271 1 0 0 0 0 0 1 0 0
272 1 0 0 0 0 0 1 0 0
275 2 0 0 1 0 0 0 0 0
305 2 0 0 0 0 0 0 0 0
306 2 0 0 0 0 0 0 0 0
308 1 0 0 0 0 0 0 0 0
309 1 0 0 0 0 0 0 0 0
311 1 0 0 0 0 0 0 0 0
315 1 0 0 0 0 0 0 0 0
316 1 1 1 0 0 0 0 0 0
317 1 0 0 0 0 0 0 0 0
325 1 0 0 1 0 0 0 0 0
342 1 0 0 1 0 0 0 0 0
343 1 0 0 1 0 0 0 0 0
344 1 0 0 0 0 0 1 0 0
345 1 0 0 0 0 0 1 0 0
347 1 0 0 1 0 0 0 0 0
375 1 1 1 1 0 0 0 0 0
376 1 0 0 1 0 0 0 0 0
377 1 0 0 0 0 0 1 1 1
378 1 0 0 0 0 0 1 0 0
379 1 0 0 0 0 0 1 0 0
380 1 0 0 0 0 0 1 0 0
381 2 0 0 1 0 0 0 0 0
386 12 1 1 12 7 1 0 0 0
387 12 0 0 0 0 0 0 0 0
392 7 0 0 0 0 0 0 0 0
393 7 0 0 0 0 0 0 0 0
395 2 0 0 2 0 0 0 0 0
396 2 0 0 0 0 0 0 0 0
397 2 0 0 0 0 0 0 0 0
399 1 0 0 1 0 0 0 0 0
400 1 0 0 1 0 0 0 0 0
401 1 0 0 1 0 0 0 0 0
402 1 0 0 1 0 0 0 0 0
403 1 0 0 1 0 0 0 0 0
404 1 1 1 1 0 0 0 0 0
405 1 0 0 0 0 0 1 0 0
406 1 0 0 0 0 0 1 1 1
407 1 0 0 0 0 0 1 0 0
408 1 0 0 0 0 0 1 1 1
409 1 0 0 0 0 0 1 0 0
410 1 0 0 0 0 0 1 0 0
411 1 0 0 0 0 0 1 0 0
412 1 0 0 0 0 0 1 0 0
413 2 0 0 1 0 0 0 0 0
417 5 0 0 0 0 0 0 0 0
418 5 0 0 0 0 0 0 0 0
422 5 0 0 0 0 0 0 0 0
424 5 1 1 0 0 0 0 0 0
428 5 0 0 5 4 1 0 0 0
429 5 0 0 0 0 0 0 0 0
440 5 0 0 0 0 0 0 0 0
443 5 0 0 0 0 0 0 0 0
445 5 0 0 0 0 0 0 0 0
447 5 0 0 0 0 0 0 0 0
451 5 0 0 0 0 0 0 0 0
452 5 0 0 0 0 0 0 0 0
461 5 0 0 5 0 0 0 0 0
462 5 0 0 5 0 0 0 0 0
464 5 0 0 0 0 0 0 0 0
466 5 0 0 0 0 0 0 0 0
467 5 1 1 5 0 0 0 0 0
468 5 0 0 5 0 0 0 0 0
471 5 0 0 0 0 0 0 0 0
473 5 0 0 0 0 0 0 0 0
475 5 0 0 0 0 0 0 0 0
477 10 0 0 0 0 0 0 0 0
483 88 0 0 88 18 0 0 0 0
484 88 0 0 88 1 0 0 0 0
485 88 0 0 88 17 0 0 0 0
486 88 0 0 88 1 0 0 0 0
487 88 0 0 0 0 0 0 0 0
488 88 0 0 0 0 0 88 51 3
489 88 0 0 0 0 0 88 16 5
490 88 1 1 0 0 0 88 51 2
491 88 0 0 0 0 0 88 16 5
492 88 0 0 0 0 0 0 0 0
493 88 0 0 0 0 0 0 0 0
494 88 0 0 0 0 0 0 0 0
496 5 0 0 0 0 0 5 2 1
497 5 0 0 0 0 0 5 2 1
498 5 0 0 0 0 0 5 0 0
499 5 0 0 0 0 0 5 0 0
501 5 0 0 0 0 0 5 0 0
505 10 0 0 5 0 0 0 0 0
563 5 1 1 5 2 0 0 0 0
570 5 0 0 0 0 0 0 0 0
571 5 0 0 0 0 0 0 0 0
577 3 0 0 0 0 0 0 0 0
580 3 0 0 0 0 0 0 0 0
582 3 0 0 0 0 0 0 0 0
585 3 0 0 0 0 0 0 0 0
586 3 0 0 0 0 0 0 0 0
588 3 0 0 0 0 0 0 0 0
590 233331 0 0 233328 3508 2268 233328 3645 3087
592 3 0 0 0 0 0 3 2 1
594 3 0 0 0 0 0 3 0 0
596 6 0 0 3 2 0 0 0 0
601 5 1 1 0 0 0 0 0 0
602 5 0 0 0 0 0 0 0 0
606 5 0 0 0 0 0 0 0 0
608 5 0 0 0 0 0 0 0 0
611 5 0 0 0 0 0 0 0 0
615 5 0 0 5 5 1 0 0 0
616 5 0 0 0 0 0 0 0 0
620 5 0 0 5 0 0 0 0 0
624 5 0 0 0 0 0 0 0 0
648 2 0 0 0 0 0 0 0 0
650 2 0 0 0 0 0 0 0 0
652 2 0 0 0 0 0 0 0 0
654 2 1 1 0 0 0 0 0 0
657 2 0 0 0 0 0 0 0 0
658 2 0 0 0 0 0 0 0 0
660 147426 0 0 147424 2282 0 147424 2303 767
663 2 0 0 0 0 0 2 2 0
665 2 0 0 0 0 0 2 1 0
667 4 0 0 2 2 0 0 0 0
fl=./string/../sysdeps/x86_64/multiarch/memset-vec-unaligned-erms.S
fn=__memset_avx2_unaligned_erms
158 102 1 1 0 0 0 0 0 0
159 204 0 0 0 0 0 0 0 0
164 102 0 0 0 0 0 0 0 0
165 102 0 0 0 0 0 0 0 0
166 102 0 0 0 0 0 0 0 0
167 102 0 0 0 0 0 0 0 0
168 102 0 0 0 0 0 0 0 0
170 29 0 0 0 0 0 29 4 3
171 29 0 0 0 0 0 29 0 0
172 58 0 0 29 0 0 0 0 0
181 15 0 0 0 0 0 15 2 1
182 15 0 0 0 0 0 15 1 1
184 30 0 0 15 0 0 0 0 0
237 73 1 1 73 28 2 0 0 0
238 73 0 0 0 0 0 0 0 0
244 68 0 0 0 0 0 68 28 11
245 68 0 0 0 0 0 68 20 5
257 68 0 0 0 0 0 0 0 0
260 68 0 0 0 0 0 0 0 0
261 68 0 0 0 0 0 0 0 0
273 53 0 0 0 0 0 53 7 4
274 53 0 0 0 0 0 53 17 3
287 53 0 0 0 0 0 0 0 0
288 53 0 0 0 0 0 0 0 0
290 53 0 0 0 0 0 0 0 0
293 11 0 0 0 0 0 0 0 0
296 11 0 0 0 0 0 0 0 0
299 47 0 0 0 0 0 47 14 14
300 47 0 0 0 0 0 47 32 17
301 47 0 0 0 0 0 47 15 15
302 47 0 0 0 0 0 47 32 18
303 47 0 0 0 0 0 0 0 0
304 47 0 0 0 0 0 0 0 0
305 58 0 0 0 0 0 0 0 0
308 53 1 1 0 0 0 53 3 3
309 53 0 0 0 0 0 53 15 2
310 53 0 0 0 0 0 53 3 3
311 53 0 0 0 0 0 53 9 2
314 106 0 0 53 0 0 0 0 0
325 5 1 1 0 0 0 0 0 0
326 5 0 0 0 0 0 0 0 0
327 5 0 0 0 0 0 0 0 0
328 61445 0 0 0 0 0 61440 964 964
329 5 0 0 0 0 0 0 0 0
330 10 0 0 5 0 0 0 0 0
fl=/home/wang/git-repositories/vcpkg/installed/x64-linux-clang-libcxx/include/boost/unordered/detail/foa/core.hpp
fn=(anonymous namespace)::cmd_replay((anonymous namespace)::Args const&)
0 7392373 2 2 2442192 0 0 0 0 0
271 4944318 0 0 0 0 0 0 0 0
272 3729085 1 1 0 0 0 0 0 0
279 7386510 0 0 3693255 1 1 0 0 0
336 2472159 0 0 2472159 522585 1 0 0 0
404 2442192 1 1 0 0 0 0 0 0
849 17095344 2 2 7326576 329 58 0 0 0
881 29967 0 0 0 0 0 0 0 0
882 89901 0 0 0 0 0 0 0 0
883 29967 0 0 0 0 0 0 0 0
927 2570726 0 0 0 0 0 0 0 0
1727 4944318 0 0 0 0 0 0 0 0
1729 2472159 0 0 0 0 0 0 0 0
1732 2513852 0 0 0 0 0 0 0 0
1733 1256926 0 0 0 0 0 0 0 0
1737 3820325 0 0 0 0 0 0 0 0
1743 128534 0 0 0 0 0 0 0 0
1745 1251063 0 0 0 0 0 0 0 0
1750 29967 0 0 0 0 0 0 0 0
1955 2442192 0 0 2442192 1 1 0 0 0
2266 8547672 0 0 2442192 2 2 1221096 0 0
fn=_ZN5boost9unordered6detail3foa10table_coreINS2_14flat_map_typesImN3lob2v35BookTINS5_12ChecksumSinkELj16EE3LocEEENS2_7group15INS2_14plain_integralEEENS2_12table_arraysENS2_18plain_size_controlENS_4hashImEENSt3__18equal_toImEENSJ_9allocatorINSJ_4pairIKmSA_EEEEE22for_all_elements_whileIZNSR_22for_all_elements_whileIZNSR_16for_all_elementsIZNSR_16unchecked_rehashERNSF_ISP_SE_NS2_16pow2_size_policyESQ_EEEUlPSP_E_EEDTcmclfL1p0_LDnEEcvv_EERKSW_T_EUlSY_E_EES10_S12_S13_EUlPSE_jSY_E_EEDTcmclfp0_LDnELi0ELDnEEcvv_EES12_S13_
0 44674 0 0 41978 6 0 887 3 0
296 91286 0 0 45643 1616 0 0 0 0
297 41409 0 0 0 0 0 0 0 0
313 4234 0 0 0 0 0 0 0 0
389 82182 0 0 41091 0 0 0 0 0
849 41091 0 0 0 0 0 0 0 0
882 636 0 0 318 0 0 0 0 0
927 123273 1 1 0 0 0 0 0 0
1033 102 1 1 102 0 0 0 0 0
1034 101 0 0 101 0 0 0 0 0
1955 41091 0 0 41091 0 0 0 0 0
1961 25404 1 1 0 0 0 0 0 0
2032 41091 0 0 41091 0 0 0 0 0
2063 204 0 0 0 0 0 0 0 0
2064 4537 1 1 101 0 0 0 0 0
2065 8468 0 0 0 0 0 0 0 0
2067 94884 0 0 0 0 0 0 0 0
2069 82182 0 0 0 0 0 0 0 0
2075 204 1 1 102 0 0 0 0 0
2292 82182 1 1 82182 0 0 0 0 0
2350 41091 0 0 41091 0 0 0 0 0
2373 165636 0 0 0 0 0 0 0 0
2375 42082 0 0 0 0 0 0 0 0
2377 164364 1 1 41091 0 0 0 0 0
fn=boost::unordered::detail::foa::table_core<boost::unordered::detail::foa::flat_map_types<unsigned long, lob::v3::BookT<lob::ChecksumSink, 16u>::Loc>, boost::unordered::detail::foa::group15<boost::unordered::detail::foa::plain_integral>, boost::unordered::detail::foa::table_arrays, boost::unordered::detail::foa::plain_size_control, boost::hash<unsigned long>, std::__1::equal_to<unsigned long>, std::__1::allocator<std::__1::pair<unsigned long const, lob::v3::BookT<lob::ChecksumSink, 16u>::Loc> > >::unchecked_rehash(boost::unordered::detail::foa::table_arrays<std::__1::pair<unsigned long const, lob::v3::BookT<lob::ChecksumSink, 16u>::Loc>, boost::unordered::detail::foa::group15<boost::unordered::detail::foa::plain_integral>, boost::unordered::detail::foa::pow2_size_policy, std::__1::allocator<std::__1::pair<unsigned long const, lob::v3::BookT<lob::ChecksumSink, 16u>::Loc> > >&)
0 408 0 0 0 0 0 102 0 0
1033 204 0 0 204 7 2 0 0 0
1096 204 1 1 0 0 0 0 0 0
1108 202 0 0 101 0 0 0 0 0
1563 1224 2 2 204 7 0 0 0 0
1811 510 0 0 102 0 0 0 0 0
2025 510 0 0 0 0 0 306 0 0
2054 102 0 0 0 0 0 102 0 0
2288 510 1 1 0 0 0 204 0 0
2289 102 0 0 0 0 0 102 0 0
2320 204 0 0 102 0 0 102 0 0
2321 102 0 0 0 0 0 102 0 0
2322 510 0 0 306 0 0 0 0 0
fn=boost::unordered::detail::foa::table_locator<boost::unordered::detail::foa::group15<boost::unordered::detail::foa::plain_integral>, std::__1::pair<unsigned long const, lob::v3::BookT<lob::ChecksumSink, 16u>::Loc> > boost::unordered::detail::foa::table_core<boost::unordered::detail::foa::flat_map_types<unsigned long, lob::v3::BookT<lob::ChecksumSink, 16u>::Loc>, boost::unordered::detail::foa::group15<boost::unordered::detail::foa::plain_integral>, boost::unordered::detail::foa::table_arrays, boost::unordered::detail::foa::plain_size_control, boost::hash<unsigned long>, std::__1::equal_to<unsigned long>, std::__1::allocator<std::__1::pair<unsigned long const, lob::v3::BookT<lob::ChecksumSink, 16u>::Loc> > >::unchecked_emplace_with_rehash<boost::unordered::detail::foa::try_emplace_args_t, unsigned long&, lob::v3::BookT<lob::ChecksumSink, 16u>::Loc>(unsigned long, boost::unordered::detail::foa::try_emplace_args_t&&, unsigned long&, lob::v3::BookT<lob::ChecksumSink, 16u>::Loc&&)
0 1836 1 1 306 0 0 102 0 0
296 204 0 0 102 0 0 0 0 0
297 204 0 0 0 0 0 0 0 0
389 306 0 0 102 0 0 0 0 0
837 408 0 0 0 0 0 0 0 0
842 204 1 1 0 0 0 0 0 0
849 102 0 0 0 0 0 0 0 0
859 204 0 0 0 0 0 0 0 0
927 204 1 1 0 0 0 0 0 0
1031 408 0 0 0 0 0 408 26 2
1051 204 0 0 0 0 0 102 0 0
1057 408 1 1 0 0 0 0 0 0
1058 306 0 0 0 0 0 0 0 0
1059 102 0 0 0 0 0 0 0 0
1066 102 0 0 0 0 0 0 0 0
1073 204 0 0 0 0 0 0 0 0
1085 102 0 0 0 0 0 0 0 0
1108 102 0 0 0 0 0 0 0 0
1125 306 0 0 0 0 0 102 0 0
1126 102 0 0 0 0 0 0 0 0
1689 102 0 0 102 0 0 0 0 0
1983 1020 1 1 0 0 0 612 0 0
1988 408 0 0 0 0 0 306 0 0
1999 204 0 0 0 0 0 102 0 0
2000 102 0 0 102 0 0 0 0 0
2002 918 0 0 714 6 2 0 0 0
2132 1836 2 2 204 29 3 0 0 0
2373 204 0 0 0 0 0 0 0 0
2375 102 0 0 0 0 0 0 0 0
2377 510 0 0 0 0 0 0 0 0
fn=lob::v3::BookT<lob::ChecksumSink, 16u>::modify(unsigned long, long, unsigned int)
0 250079 1 1 41964 0 0 0 0 0
271 82374 0 0 0 0 0 0 0 0
272 82219 0 0 0 0 0 0 0 0
279 159 0 0 159 0 0 0 0 0
336 41187 0 0 41187 697 0 0 0 0
849 287196 0 0 123084 0 0 0 0 0
881 159 0 0 0 0 0 0 0 0
882 477 0 0 0 0 0 0 0 0
883 159 0 0 0 0 0 0 0 0
927 83928 0 0 0 0 0 0 0 0
1727 82374 1 1 0 0 0 0 0 0
1729 41187 0 0 0 0 0 0 0 0
1732 82064 0 0 0 0 0 0 0 0
1733 82064 0 0 0 0 0 41032 0 0
1737 125892 0 0 0 0 0 0 0 0
1743 1872 0 0 0 0 0 0 0 0
1745 159 0 0 0 0 0 0 0 0
1750 159 0 0 0 0 0 0 0 0
1955 41028 1 1 41028 0 0 0 0 0
fn=lob::v3::BookT<lob::ChecksumSink, 16u>::rest(unsigned long, lob::Side, long, unsigned int)
0 18964500 4 4 7416814 4 0 71084 0 0
271 2485876 0 0 0 0 0 0 0 0
272 1278258 0 0 0 0 0 0 0 0
279 2485876 1 1 1242938 4 1 0 0 0
296 2461008 0 0 1230504 70 0 0 0 0
297 2451498 1 1 0 0 0 0 0 0
336 1242938 0 0 1242938 4 0 0 0 0
849 1221096 0 0 0 0 0 0 0 0
881 21842 0 0 0 0 0 0 0 0
882 84546 0 0 0 0 0 0 0 0
883 21842 0 0 0 0 0 0 0 0
927 2513516 0 0 0 0 0 0 0 0
1727 2485876 0 0 0 0 0 0 0 0
1729 1242938 0 0 0 0 0 0 0 0
1732 70640 0 0 0 0 0 0 0 0
1733 35320 0 0 0 0 0 0 0 0
1737 71528 0 0 0 0 0 0 0 0
1743 71528 0 0 0 0 0 0 0 0
1745 1242938 0 0 0 0 0 0 0 0
1750 21842 0 0 0 0 0 0 0 0
1955 1221096 0 0 1221096 4 0 0 0 0
1970 1220994 0 0 1220994 0 0 0 0 0
2373 4922016 0 0 0 0 0 0 0 0
2375 1250609 0 0 0 0 0 0 0 0
2377 4883976 0 0 0 0 0 0 0 0
fl=/home/wang/git-repositories/vcpkg/installed/x64-linux-clang-libcxx/include/boost/unordered/detail/foa/table.hpp
fn=(anonymous namespace)::cmd_replay((anonymous namespace)::Args const&)
40 1221096 0 0 0 0 0 1221096 0 0
fn=_ZN5boost9unordered6detail3foa10table_coreINS2_14flat_map_typesImN3lob2v35BookTINS5_12ChecksumSinkELj16EE3LocEEENS2_7group15INS2_14plain_integralEEENS2_12table_arraysENS2_18plain_size_controlENS_4hashImEENSt3__18equal_toImEENSJ_9allocatorINSJ_4pairIKmSA_EEEEE22for_all_elements_whileIZNSR_22for_all_elements_whileIZNSR_16for_all_elementsIZNSR_16unchecked_rehashERNSF_ISP_SE_NS2_16pow2_size_policyESQ_EEEUlPSP_E_EEDTcmclfL1p0_LDnEEcvv_EERKSW_T_EUlSY_E_EES10_S12_S13_EUlPSE_jSY_E_EEDTcmclfp0_LDnELi0ELDnEEcvv_EES12_S13_
40 41091 0 0 0 0 0 41091 0 0
46 318 0 0 318 0 0 0 0 0
fn=boost::unordered::detail::foa::table_locator<boost::unordered::detail::foa::group15<boost::unordered::detail::foa::plain_integral>, std::__1::pair<unsigned long const, lob::v3::BookT<lob::ChecksumSink, 16u>::Loc> > boost::unordered::detail::foa::table_core<boost::unordered::detail::foa::flat_map_types<unsigned long, lob::v3::BookT<lob::ChecksumSink, 16u>::Loc>, boost::unordered::detail::foa::group15<boost::unordered::detail::foa::plain_integral>, boost::unordered::detail::foa::table_arrays, boost::unordered::detail::foa::plain_size_control, boost::hash<unsigned long>, std::__1::equal_to<unsigned long>, std::__1::allocator<std::__1::pair<unsigned long const, lob::v3::BookT<lob::ChecksumSink, 16u>::Loc> > >::unchecked_emplace_with_rehash<boost::unordered::detail::foa::try_emplace_args_t, unsigned long&, lob::v3::BookT<lob::ChecksumSink, 16u>::Loc>(unsigned long, boost::unordered::detail::foa::try_emplace_args_t&&, unsigned long&, lob::v3::BookT<lob::ChecksumSink, 16u>::Loc&&)
0 306 1 1 102 0 0 102 0 0
40 204 1 1 0 0 0 204 0 0
fn=lob::v3::BookT<lob::ChecksumSink, 16u>::rest(unsigned long, lob::Side, long, unsigned int)
0 204 0 0 102 0 0 0 0 0
40 1220994 0 0 0 0 0 1220994 0 0
46 9510 0 0 9510 0 0 0 0 0
640 3663288 0 0 2442192 0 0 0 0 0
650 306 0 0 0 0 0 102 0 0
fl=/home/wang/git-repositories/vcpkg/installed/x64-linux-clang-libcxx/include/boost/unordered/detail/mulx.hpp
fn=(anonymous namespace)::cmd_replay((anonymous namespace)::Args const&)
45 7326576 1 1 0 0 0 0 0 0
46 2442192 0 0 0 0 0 0 0 0
fn=_ZN5boost9unordered6detail3foa10table_coreINS2_14flat_map_typesImN3lob2v35BookTINS5_12ChecksumSinkELj16EE3LocEEENS2_7group15INS2_14plain_integralEEENS2_12table_arraysENS2_18plain_size_controlENS_4hashImEENSt3__18equal_toImEENSJ_9allocatorINSJ_4pairIKmSA_EEEEE22for_all_elements_whileIZNSR_22for_all_elements_whileIZNSR_16for_all_elementsIZNSR_16unchecked_rehashERNSF_ISP_SE_NS2_16pow2_size_policyESQ_EEEUlPSP_E_EEDTcmclfL1p0_LDnEEcvv_EERKSW_T_EUlSY_E_EES10_S12_S13_EUlPSE_jSY_E_EEDTcmclfp0_LDnELi0ELDnEEcvv_EES12_S13_
45 41091 0 0 41091 4685 745 0 0 0
46 41091 0 0 0 0 0 0 0 0
fn=lob::v3::BookT<lob::ChecksumSink, 16u>::modify(unsigned long, long, unsigned int)
45 82056 0 0 0 0 0 0 0 0
46 41028 0 0 0 0 0 0 0 0
fn=lob::v3::BookT<lob::ChecksumSink, 16u>::rest(unsigned long, lob::Side, long, unsigned int)
45 2442192 0 0 0 0 0 0 0 0
46 1221096 0 0 0 0 0 0 0 0
fl=/home/wang/sources/cxx/book/include/lob/events.hpp
fn=(anonymous namespace)::cmd_replay((anonymous namespace)::Args const&)
0 8547672 0 0 0 0 0 1221096 0 0
92 1221096 0 0 1221096 0 0 0 0 0
93 2442192 0 0 1221096 0 0 0 0 0
fn=lob::v3::BookT<lob::ChecksumSink, 16u>::modify(unsigned long, long, unsigned int)
0 41028 1 1 41028 0 0 0 0 0
93 410280 0 0 41028 0 0 41028 0 0
fn=lob::v3::BookT<lob::ChecksumSink, 16u>::rest(unsigned long, lob::Side, long, unsigned int)
81 1221096 0 0 0 0 0 0 0 0
92 1221096 0 0 1221096 0 0 0 0 0
93 15874248 1 1 3663288 11 2 1221096 0 0
fl=/home/wang/sources/cxx/book/include/lob/replay.hpp
fn=(anonymous namespace)::cmd_replay((anonymous namespace)::Args const&)
0 2483222 0 0 2483221 310402 310402 0 0 0
21 12334044 1 1 2483220 463723 463714 0 0 0
23 3663288 1 1 3663288 151956 151956 0 0 0
27 1221096 0 0 0 0 0 0 0 0
29 205140 0 0 82056 5136 5136 41028 0 0
37 2483221 0 0 0 0 0 0 0 0
fl=/home/wang/sources/cxx/book/include/lob/v3/book.hpp
fn=(anonymous namespace)::cmd_replay((anonymous namespace)::Args const&)
0 3163715 0 0 1369612 0 0 11 0 0
67 2442192 0 0 0 0 0 0 0 0
68 2442192 0 0 0 0 0 0 0 0
76 2442192 0 0 2442192 113223 1242 0 0 0
78 1221096 0 0 1221096 0 0 0 0 0
240 2442192 1 1 1221096 2 2 0 0 0
242 2442192 0 0 1221096 0 0 0 0 0
244 1221096 0 0 1221096 0 0 0 0 0
245 9768768 1 1 0 0 0 0 0 0
247 2442192 0 0 0 0 0 0 0 0
276 2442182 1 1 1221091 0 0 1221091 0 0
277 1221091 0 0 0 0 0 1221091 0 0
294 4884364 1 1 1221091 10669 36 0 0 0
295 999330 0 0 0 0 0 999330 62381 161
297 221761 0 0 0 0 0 221761 901 189
298 2442182 0 0 0 0 0 0 0 0
299 1085612 0 0 0 0 0 542806 30088 158
301 678285 0 0 0 0 0 678285 489 5
302 1221091 1 1 1221091 1320 141 0 0 0
306 2442192 1 1 0 0 0 0 0 0
307 2592464 2 2 0 0 0 648116 4 1
309 2291920 0 0 0 0 0 572980 2 0
310 2442192 0 0 0 0 0 0 0 0
311 8547672 0 0 0 0 0 1221096 0 0
383 1221096 0 0 0 0 0 0 0 0
384 1221096 0 0 1221096 0 0 0 0 0
385 3663240 0 0 1221080 0 0 0 0 0
386 1221080 1 1 1221080 12685 1552 0 0 0
389 2887723 0 0 1369601 213 20 0 0 0
391 32 1 1 0 0 0 32 3 1
394 11 0 0 11 0 0 0 0 0
397 22 0 0 11 0 0 0 0 0
399 32 0 0 16 0 0 0 0 0
400 15 0 0 0 0 0 5 1 0
fn=auto lob::v3::BookT<lob::ChecksumSink, 16u>::erase(boost::unordered::detail::foa::table_iterator<boost::unordered::detail::foa::flat_map_types<unsigned long, lob::v3::BookT<lob::ChecksumSink, 16u>::Loc>, boost::unordered::detail::foa::group15<boost::unordered::detail::foa::plain_integral>*, false>)::{lambda(auto:1&)#1}::operator()<std::__1::map<long, lob::v3::BookT<lob::ChecksumSink, 16u>::Level, std::__1::greater<void>, std::__1::allocator<std::__1::pair<long const, lob::v3::BookT<lob::ChecksumSink, 16u>::Level> > > >(std::__1::map<long, lob::v3::BookT<lob::ChecksumSink, 16u>::Level, std::__1::greater<void>, std::__1::allocator<std::__1::pair<long const, lob::v3::BookT<lob::ChecksumSink, 16u>::Level> > >&) const
0 15 0 0 10 0 0 0 0 0
276 10 0 0 5 0 0 5 0 0
277 5 0 0 0 0 0 5 0 0
294 20 0 0 5 0 0 0 0 0
295 1 0 0 0 0 0 1 1 0
297 4 1 1 0 0 0 4 0 0
298 10 0 0 0 0 0 0 0 0
299 2 0 0 0 0 0 1 0 0
301 4 0 0 0 0 0 4 0 0
302 5 0 0 5 0 0 0 0 0
391 5 1 1 0 0 0 5 0 0
392 5 0 0 5 0 0 0 0 0
394 15 0 0 15 0 0 0 0 0
397 10 0 0 5 0 0 0 0 0
398 4 0 0 4 0 0 0 0 0
fn=lob::v3::BookT<lob::ChecksumSink, 16u>::alloc_node(unsigned long, unsigned int)
0 1221096 0 0 0 0 0 0 0 0
262 8547672 1 1 0 0 0 7326576 7 1
263 2442192 1 1 1221096 0 0 0 0 0
264 1221096 0 0 0 0 0 0 0 0
265 3636747 0 0 1212249 15256 244 1212249 0 0
266 1212249 0 0 0 0 0 0 0 0
267 17694 0 0 0 0 0 0 0 0
271 3672135 1 1 0 0 0 3663288 19004 101
272 9768768 0 0 8547672 4 0 0 0 0
fn=lob::v3::BookT<lob::ChecksumSink, 16u>::modify(unsigned long, long, unsigned int)
0 410280 0 0 164112 364 2 0 0 0
81 451308 1 1 0 0 0 328224 0 0
84 82056 0 0 0 0 0 0 0 0
85 82056 1 1 0 0 0 0 0 0
88 41028 0 0 41028 763 1 0 0 0
89 164112 0 0 41028 0 0 0 0 0
90 82056 1 1 41028 36 0 0 0 0
91 41028 0 0 0 0 0 41028 0 0
92 82056 0 0 82056 0 0 0 0 0
100 328224 1 1 287196 0 0 0 0 0
240 82056 0 0 41028 0 0 0 0 0
242 123084 1 1 41028 0 0 0 0 0
244 41028 0 0 41028 0 0 0 0 0
245 369252 1 1 0 0 0 0 0 0
247 123084 1 1 0 0 0 0 0 0
257 82056 0 0 0 0 0 0 0 0
fn=lob::v3::BookT<lob::ChecksumSink, 16u>::rest(unsigned long, lob::Side, long, unsigned int)
0 2649688 1 1 165371 0 0 1221096 0 0
220 12 0 0 0 0 0 12 0 0
222 24 0 0 0 0 0 12 0 0
242 3663288 0 0 1221096 0 0 0 0 0
244 1221096 0 0 1221096 0 0 0 0 0
245 9768768 0 0 0 0 0 0 0 0
247 2442192 1 1 0 0 0 0 0 0
252 4 0 0 0 0 0 1 0 0
253 1 1 1 0 0 0 1 0 0
282 4884384 1 1 1221096 0 0 1221096 0 0
283 2442192 1 1 0 0 0 1221096 0 0
284 1221096 0 0 0 0 0 0 0 0
285 2145126 0 0 0 0 0 1072563 27676 351
287 148533 0 0 0 0 0 148533 0 0
288 1221096 0 0 0 0 0 1221096 0 0
289 1221096 0 0 1221096 4584 612 0 0 0
365 15874248 1 1 0 0 0 8547672 0 0
366 3663288 0 0 0 0 0 1221096 0 0
367 3663298 1 1 1221097 4 0 1221096 0 0
371 3663240 0 0 1221080 0 0 0 0 0
372 2887723 0 0 1221080 15280 2902 0 0 0
374 64 1 1 0 0 0 16 0 0
377 3663288 0 0 1221096 0 0 1221096 0 0
378 4884384 0 0 0 0 0 3663288 4 0
379 1221096 1 1 1221096 12 3 0 0 0
380 9768768 0 0 8547672 17 4 0 0 0
fn=unsigned int lob::v3::BookT<lob::ChecksumSink, 16u>::match<(lob::Side)0>(unsigned long, long, unsigned int)
0 5850905 1 1 648116 10 1 1296232 0 0
249 1296230 0 0 648115 0 0 0 0 0
317 5184928 2 2 0 0 0 4536812 7 2
326 1296232 0 0 0 0 0 0 0 0
329 1944348 0 0 0 0 0 0 0 0
332 648115 0 0 0 0 0 0 0 0
337 2538877 0 0 630254 15 2 0 0 0
338 630254 0 0 0 0 0 0 0 0
339 1944345 0 0 648115 0 0 0 0 0
362 5833044 2 2 4536812 0 0 0 0 0
fn=unsigned int lob::v3::BookT<lob::ChecksumSink, 16u>::match<(lob::Side)1>(unsigned long, long, unsigned int)
0 5185501 2 2 572980 0 0 1145960 0 0
249 1145960 0 0 572980 0 0 0 0 0
317 4583840 0 0 0 0 0 4010860 4 0
326 1145960 0 0 0 0 0 0 0 0
329 1718940 0 0 0 0 0 0 0 0
332 572980 0 0 0 0 0 0 0 0
337 2205877 0 0 544299 24 2 0 0 0
338 544299 0 0 0 0 0 0 0 0
339 1718940 0 0 572980 0 0 0 0 0
362 5156820 1 1 4010860 0 0 0 0 0
fl=/home/wang/sources/cxx/book/include/lob/v3/hier_bitmap.hpp
fn=(anonymous namespace)::cmd_replay((anonymous namespace)::Args const&)
0 149894 1 1 0 0 0 0 0 0
67 298380 0 0 0 0 0 0 0 0
68 599576 0 0 149894 2677 45 0 0 0
fn=lob::v3::BookT<lob::ChecksumSink, 16u>::rest(unsigned long, lob::Side, long, unsigned int)
0 70 0 0 0 0 0 0 0 0
57 298380 0 0 0 0 0 0 0 0
58 449577 1 1 149859 1298 104 0 0 0
59 449647 0 0 299753 1 1 299718 84 1
fn=unsigned int lob::v3::BookT<lob::ChecksumSink, 16u>::match<(lob::Side)0>(unsigned long, long, unsigned int)
0 648115 1 1 648115 0 0 0 0 0
48 1944347 1 1 1296232 26 4 0 0 0
79 3240575 0 0 0 0 0 0 0 0
fn=unsigned int lob::v3::BookT<lob::ChecksumSink, 16u>::match<(lob::Side)1>(unsigned long, long, unsigned int)
0 572980 0 0 572980 0 0 0 0 0
48 1718940 1 1 1145960 28 2 0 0 0
89 5729800 1 1 0 0 0 0 0 0
fl=/home/wang/sources/cxx/book/source/main.cxx
fn=(anonymous namespace)::cmd_replay((anonymous namespace)::Args const&)
0 1 0 0 0 0 0 0 0 0
293 2 1 1 0 0 0 1 1 1
295 9 2 2 0 0 0 6 2 1
fl=/usr/include/c++/v1/__bit/countl.h
fn=unsigned int lob::v3::BookT<lob::ChecksumSink, 16u>::match<(lob::Side)1>(unsigned long, long, unsigned int)
28 2864900 0 0 1145960 45 4 0 0 0
fl=/usr/include/c++/v1/__bit/countr.h
fn=unsigned int lob::v3::BookT<lob::ChecksumSink, 16u>::match<(lob::Side)0>(unsigned long, long, unsigned int)
28 3240575 0 0 1296230 33 4 0 0 0
fl=/usr/include/c++/v1/__functional/operations.h
fn=(anonymous namespace)::cmd_replay((anonymous namespace)::Args const&)
300 1285363 0 0 1285363 163998 7778 0 0 0
375 83 1 1 35 3 3 0 0 0
fn=auto lob::v3::BookT<lob::ChecksumSink, 16u>::erase(boost::unordered::detail::foa::table_iterator<boost::unordered::detail::foa::flat_map_types<unsigned long, lob::v3::BookT<lob::ChecksumSink, 16u>::Loc>, boost::unordered::detail::foa::group15<boost::unordered::detail::foa::plain_integral>*, false>)::{lambda(auto:1&)#1}::operator()<std::__1::map<long, lob::v3::BookT<lob::ChecksumSink, 16u>::Level, std::__1::greater<void>, std::__1::allocator<std::__1::pair<long const, lob::v3::BookT<lob::ChecksumSink, 16u>::Level> > > >(std::__1::map<long, lob::v3::BookT<lob::ChecksumSink, 16u>::Level, std::__1::greater<void>, std::__1::allocator<std::__1::pair<long const, lob::v3::BookT<lob::ChecksumSink, 16u>::Level> > >&) const
462 23 0 0 11 2 1 0 0 0
fn=lob::v3::BookT<lob::ChecksumSink, 16u>::modify(unsigned long, long, unsigned int)
300 41964 0 0 41964 1623 5 0 0 0
fn=lob::v3::BookT<lob::ChecksumSink, 16u>::rest(unsigned long, lob::Side, long, unsigned int)
300 71528 0 0 71528 0 0 0 0 0
375 42 0 0 21 1 0 0 0 0
462 12 0 0 6 0 0 0 0 0
fl=/usr/include/c++/v1/__iterator/wrap_iter.h
fn=(anonymous namespace)::cmd_replay((anonymous namespace)::Args const&)
65 2483220 0 0 0 0 0 0 0 0
125 2483222 0 0 2483220 11 2 1 1 1
fl=/usr/include/c++/v1/__math/rounding_functions.h
fn=boost::unordered::detail::foa::table_locator<boost::unordered::detail::foa::group15<boost::unordered::detail::foa::plain_integral>, std::__1::pair<unsigned long const, lob::v3::BookT<lob::ChecksumSink, 16u>::Loc> > boost::unordered::detail::foa::table_core<boost::unordered::detail::foa::flat_map_types<unsigned long, lob::v3::BookT<lob::ChecksumSink, 16u>::Loc>, boost::unordered::detail::foa::group15<boost::unordered::detail::foa::plain_integral>, boost::unordered::detail::foa::table_arrays, boost::unordered::detail::foa::plain_size_control, boost::hash<unsigned long>, std::__1::equal_to<unsigned long>, std::__1::allocator<std::__1::pair<unsigned long const, lob::v3::BookT<lob::ChecksumSink, 16u>::Loc> > >::unchecked_emplace_with_rehash<boost::unordered::detail::foa::try_emplace_args_t, unsigned long&, lob::v3::BookT<lob::ChecksumSink, 16u>::Loc>(unsigned long, boost::unordered::detail::foa::try_emplace_args_t&&, unsigned long&, lob::v3::BookT<lob::ChecksumSink, 16u>::Loc&&)
29 102 0 0 0 0 0 0 0 0
fl=/usr/include/c++/v1/__memory/allocator.h
fn=lob::v3::BookT<lob::ChecksumSink, 16u>::alloc_node(unsigned long, unsigned int)
100 30 0 0 0 0 0 0 0 0
fl=/usr/include/c++/v1/__memory/construct_at.h
fn=lob::v3::BookT<lob::ChecksumSink, 16u>::alloc_node(unsigned long, unsigned int)
38 26541 1 1 0 0 0 17694 3328 1323
fl=/usr/include/c++/v1/__memory/uninitialized_algorithms.h
fn=lob::v3::BookT<lob::ChecksumSink, 16u>::alloc_node(unsigned long, unsigned int)
0 15 0 0 15 4 1 0 0 0
638 60 0 0 0 0 0 15 0 0
fl=/usr/include/c++/v1/__new/allocate.h
fn=(anonymous namespace)::cmd_replay((anonymous namespace)::Args const&)
0 2442203 1 1 1221107 0 0 0 0 0
63 27 0 0 0 0 0 9 0 0
fn=auto lob::v3::BookT<lob::ChecksumSink, 16u>::erase(boost::unordered::detail::foa::table_iterator<boost::unordered::detail::foa::flat_map_types<unsigned long, lob::v3::BookT<lob::ChecksumSink, 16u>::Loc>, boost::unordered::detail::foa::group15<boost::unordered::detail::foa::plain_integral>*, false>)::{lambda(auto:1&)#1}::operator()<std::__1::map<long, lob::v3::BookT<lob::ChecksumSink, 16u>::Level, std::__1::greater<void>, std::__1::allocator<std::__1::pair<long const, lob::v3::BookT<lob::ChecksumSink, 16u>::Level> > > >(std::__1::map<long, lob::v3::BookT<lob::ChecksumSink, 16u>::Level, std::__1::greater<void>, std::__1::allocator<std::__1::pair<long const, lob::v3::BookT<lob::ChecksumSink, 16u>::Level> > >&) const
63 12 0 0 3 0 0 0 0 0
fn=boost::unordered::detail::foa::table_core<boost::unordered::detail::foa::flat_map_types<unsigned long, lob::v3::BookT<lob::ChecksumSink, 16u>::Loc>, boost::unordered::detail::foa::group15<boost::unordered::detail::foa::plain_integral>, boost::unordered::detail::foa::table_arrays, boost::unordered::detail::foa::plain_size_control, boost::hash<unsigned long>, std::__1::equal_to<unsigned long>, std::__1::allocator<std::__1::pair<unsigned long const, lob::v3::BookT<lob::ChecksumSink, 16u>::Loc> > >::unchecked_rehash(boost::unordered::detail::foa::table_arrays<std::__1::pair<unsigned long const, lob::v3::BookT<lob::ChecksumSink, 16u>::Loc>, boost::unordered::detail::foa::group15<boost::unordered::detail::foa::plain_integral>, boost::unordered::detail::foa::pow2_size_policy, std::__1::allocator<std::__1::pair<unsigned long const, lob::v3::BookT<lob::ChecksumSink, 16u>::Loc> > >&)
57 101 0 0 0 0 0 0 0 0
63 101 0 0 0 0 0 101 0 0
fn=boost::unordered::detail::foa::table_locator<boost::unordered::detail::foa::group15<boost::unordered::detail::foa::plain_integral>, std::__1::pair<unsigned long const, lob::v3::BookT<lob::ChecksumSink, 16u>::Loc> > boost::unordered::detail::foa::table_core<boost::unordered::detail::foa::flat_map_types<unsigned long, lob::v3::BookT<lob::ChecksumSink, 16u>::Loc>, boost::unordered::detail::foa::group15<boost::unordered::detail::foa::plain_integral>, boost::unordered::detail::foa::table_arrays, boost::unordered::detail::foa::plain_size_control, boost::hash<unsigned long>, std::__1::equal_to<unsigned long>, std::__1::allocator<std::__1::pair<unsigned long const, lob::v3::BookT<lob::ChecksumSink, 16u>::Loc> > >::unchecked_emplace_with_rehash<boost::unordered::detail::foa::try_emplace_args_t, unsigned long&, lob::v3::BookT<lob::ChecksumSink, 16u>::Loc>(unsigned long, boost::unordered::detail::foa::try_emplace_args_t&&, unsigned long&, lob::v3::BookT<lob::ChecksumSink, 16u>::Loc&&)
0 408 0 0 0 0 0 306 0 0
37 102 0 0 0 0 0 0 0 0
43 204 0 0 0 0 0 102 0 0
fn=lob::v3::BookT<lob::ChecksumSink, 16u>::alloc_node(unsigned long, unsigned int)
0 59 0 0 59 0 0 0 0 0
37 30 0 0 0 0 0 0 0 0
43 45 0 0 0 0 0 15 0 0
63 42 0 0 0 0 0 14 0 0
fn=lob::v3::BookT<lob::ChecksumSink, 16u>::rest(unsigned long, lob::Side, long, unsigned int)
43 36 1 1 0 0 0 12 0 0
fl=/usr/include/c++/v1/__split_buffer
fn=lob::v3::BookT<lob::ChecksumSink, 16u>::alloc_node(unsigned long, unsigned int)
335 15 0 0 0 0 0 0 0 0
341 30 0 0 0 0 0 0 0 0
fl=/usr/include/c++/v1/__tree
fn=(anonymous namespace)::cmd_replay((anonymous namespace)::Args const&)
0 102 0 0 46 3 2 0 0 0
105 12 0 0 12 0 0 0 0 0
163 12 0 0 3 1 1 0 0 0
191 36 0 0 9 0 0 0 0 0
193 6 0 0 0 0 0 0 0 0
680 11 0 0 0 0 0 0 0 0
884 11 0 0 11 0 0 0 0 0
1824 18 0 0 9 0 0 0 0 0
1825 9 0 0 0 0 0 9 0 0
1826 9 0 0 9 0 0 0 0 0
1827 18 0 0 0 0 0 9 0 0
1994 22 0 0 0 0 0 0 0 0
2049 70 0 0 0 0 0 0 0 0
2050 24 0 0 0 0 0 0 0 0
fn=auto lob::v3::BookT<lob::ChecksumSink, 16u>::erase(boost::unordered::detail::foa::table_iterator<boost::unordered::detail::foa::flat_map_types<unsigned long, lob::v3::BookT<lob::ChecksumSink, 16u>::Loc>, boost::unordered::detail::foa::group15<boost::unordered::detail::foa::plain_integral>*, false>)::{lambda(auto:1&)#1}::operator()<std::__1::map<long, lob::v3::BookT<lob::ChecksumSink, 16u>::Level, std::__1::greater<void>, std::__1::allocator<std::__1::pair<long const, lob::v3::BookT<lob::ChecksumSink, 16u>::Level> > > >(std::__1::map<long, lob::v3::BookT<lob::ChecksumSink, 16u>::Level, std::__1::greater<void>, std::__1::allocator<std::__1::pair<long const, lob::v3::BookT<lob::ChecksumSink, 16u>::Level> > >&) const
0 32 1 1 11 1 0 0 0 0
105 4 0 0 4 0 0 0 0 0
163 4 0 0 1 1 1 0 0 0
191 9 0 0 3 0 0 0 0 0
193 2 0 0 0 0 0 0 0 0
680 5 0 0 0 0 0 0 0 0
862 5 0 0 0 0 0 0 0 0
884 5 0 0 5 0 0 0 0 0
1824 6 0 0 3 0 0 0 0 0
1825 3 0 0 0 0 0 3 0 0
1826 3 0 0 3 0 0 0 0 0
1827 6 0 0 0 0 0 3 0 0
1994 10 0 0 0 0 0 0 0 0
2049 22 1 1 0 0 0 0 0 0
2050 6 0 0 0 0 0 0 0 0
fn=lob::v3::BookT<lob::ChecksumSink, 16u>::rest(unsigned long, lob::Side, long, unsigned int)
0 139 2 2 40 0 0 12 0 0
884 16 0 0 16 0 0 0 0 0
1591 35 0 0 0 0 0 0 0 0
1593 27 0 0 0 0 0 0 0 0
1594 72 0 0 18 2 0 0 0 0
1601 9 0 0 0 0 0 0 0 0
1602 15 0 0 5 0 0 0 0 0
1673 12 0 0 0 0 0 12 0 0
1674 12 0 0 0 0 0 12 0 0
1676 12 1 1 0 0 0 12 0 0
1677 48 0 0 24 0 0 0 0 0
1678 8 0 0 0 0 0 8 0 0
1679 36 0 0 12 0 0 12 0 0
1680 12 0 0 12 0 0 0 0 0
fn=unsigned int lob::v3::BookT<lob::ChecksumSink, 16u>::match<(lob::Side)0>(unsigned long, long, unsigned int)
915 630254 0 0 630254 0 0 0 0 0
fn=unsigned int lob::v3::BookT<lob::ChecksumSink, 16u>::match<(lob::Side)1>(unsigned long, long, unsigned int)
915 544299 0 0 544299 0 0 0 0 0
fn=void std::__1::__tree_balance_after_insert[abi:ne210105]<std::__1::__tree_node_base<void*>*>(std::__1::__tree_node_base<void*>*, std::__1::__tree_node_base<void*>*)
0 3 1 1 0 0 0 0 0 0
105 16 1 1 12 0 0 0 0 0
235 1 0 0 1 0 0 0 0 0
236 2 0 0 1 0 0 1 0 0
237 2 0 0 0 0 0 0 0 0
239 1 0 0 0 0 0 1 0 0
241 1 0 0 0 0 0 1 0 0
244 1 0 0 0 0 0 1 0 0
254 1 0 0 1 0 0 0 0 0
255 4 0 0 2 0 0 2 0 0
256 4 0 0 0 0 0 0 0 0
258 4 1 1 2 0 0 2 0 0
259 2 0 0 0 0 0 0 0 0
260 2 0 0 0 0 0 2 0 0
263 2 0 0 0 0 0 2 0 0
278 24 1 1 0 0 0 12 0 0
279 36 0 0 10 0 0 0 0 0
281 4 0 0 0 0 0 0 0 0
282 4 1 1 4 0 0 0 0 0
283 12 0 0 2 0 0 0 0 0
285 2 0 0 0 0 0 2 0 0
287 4 0 0 0 0 0 2 0 0
288 4 0 0 0 0 0 2 0 0
290 3 0 0 0 0 0 0 0 0
295 2 0 0 0 0 0 2 0 0
297 2 0 0 0 0 0 2 0 0
323 12 0 0 12 0 0 0 0 0
569 11 0 0 11 0 0 0 0 0
571 3 0 0 0 0 0 3 0 0
fn=void std::__1::__tree_remove[abi:ne210105]<std::__1::__tree_node_base<void*>*>(std::__1::__tree_node_base<void*>*, std::__1::__tree_node_base<void*>*)
0 29 0 0 3 0 0 3 0 0
105 59 1 1 28 1 1 0 0 0
235 1 0 0 1 0 0 0 0 0
236 2 1 1 1 0 0 1 0 0
237 2 0 0 0 0 0 0 0 0
239 2 0 0 1 0 0 1 0 0
240 1 0 0 0 0 0 0 0 0
241 1 0 0 0 0 0 1 0 0
244 1 0 0 0 0 0 1 0 0
255 2 0 0 1 0 0 1 0 0
256 2 0 0 0 0 0 0 0 0
258 2 1 1 1 0 0 1 0 0
259 1 0 0 0 0 0 0 0 0
262 2 0 0 0 0 0 1 0 0
263 1 1 1 0 0 0 1 0 0
339 48 1 1 12 0 0 0 0 0
341 12 1 1 12 0 0 0 0 0
345 24 0 0 0 0 0 0 0 0
346 12 0 0 4 0 0 4 0 0
347 12 0 0 0 0 0 0 0 0
348 12 0 0 0 0 0 12 0 0
349 24 0 0 0 0 0 0 0 0
350 7 0 0 7 0 0 0 0 0
358 12 0 0 12 0 0 0 0 0
361 31 1 1 0 0 0 0 0 0
379 30 1 1 0 0 0 0 0 0
392 14 0 0 0 0 0 0 0 0
393 4 0 0 0 0 0 4 0 0
401 3 0 0 0 0 0 0 0 0
403 6 1 1 0 0 0 0 0 0
415 11 1 1 4 2 1 0 0 0
416 6 0 0 2 0 0 0 0 0
417 2 0 0 0 0 0 2 0 0
420 7 1 1 1 0 0 0 0 0
429 3 1 1 1 0 0 0 0 0
431 1 0 0 0 0 0 1 0 0
432 1 0 0 0 0 0 1 0 0
439 2 0 0 1 0 0 1 0 0
440 1 0 0 0 0 0 1 0 0
441 1 0 0 0 0 0 1 0 0
492 12 0 0 12 0 0 0 0 0
569 3 0 0 3 0 0 0 0 0
571 1 0 0 0 0 0 1 0 0
fl=/usr/include/c++/v1/__utility/pair.h
fn=_ZN5boost9unordered6detail3foa10table_coreINS2_14flat_map_typesImN3lob2v35BookTINS5_12ChecksumSinkELj16EE3LocEEENS2_7group15INS2_14plain_integralEEENS2_12table_arraysENS2_18plain_size_controlENS_4hashImEENSt3__18equal_toImEENSJ_9allocatorINSJ_4pairIKmSA_EEEEE22for_all_elements_whileIZNSR_22for_all_elements_whileIZNSR_16for_all_elementsIZNSR_16unchecked_rehashERNSF_ISP_SE_NS2_16pow2_size_policyESQ_EEEUlPSP_E_EEDTcmclfL1p0_LDnEEcvv_EERKSW_T_EUlSY_E_EES10_S12_S13_EUlPSE_jSY_E_EEDTcmclfp0_LDnELi0ELDnEEcvv_EES12_S13_
196 246546 0 0 123273 13186 1939 123273 20989 18855
fn=boost::unordered::detail::foa::table_locator<boost::unordered::detail::foa::group15<boost::unordered::detail::foa::plain_integral>, std::__1::pair<unsigned long const, lob::v3::BookT<lob::ChecksumSink, 16u>::Loc> > boost::unordered::detail::foa::table_core<boost::unordered::detail::foa::flat_map_types<unsigned long, lob::v3::BookT<lob::ChecksumSink, 16u>::Loc>, boost::unordered::detail::foa::group15<boost::unordered::detail::foa::plain_integral>, boost::unordered::detail::foa::table_arrays, boost::unordered::detail::foa::plain_size_control, boost::hash<unsigned long>, std::__1::equal_to<unsigned long>, std::__1::allocator<std::__1::pair<unsigned long const, lob::v3::BookT<lob::ChecksumSink, 16u>::Loc> > >::unchecked_emplace_with_rehash<boost::unordered::detail::foa::try_emplace_args_t, unsigned long&, lob::v3::BookT<lob::ChecksumSink, 16u>::Loc>(unsigned long, boost::unordered::detail::foa::try_emplace_args_t&&, unsigned long&, lob::v3::BookT<lob::ChecksumSink, 16u>::Loc&&)
445 204 0 0 102 0 0 102 33 16
446 408 0 0 204 0 0 204 6 3
fn=lob::v3::BookT<lob::ChecksumSink, 16u>::rest(unsigned long, lob::Side, long, unsigned int)
445 1221006 0 0 0 0 0 1221006 940174 838
446 4883976 0 0 2441988 0 0 2441988 494675 8190
fl=/usr/include/c++/v1/__utility/swap.h
fn=lob::v3::BookT<lob::ChecksumSink, 16u>::alloc_node(unsigned long, unsigned int)
44 45 1 1 0 0 0 45 4 0
fl=/usr/include/c++/v1/__vector/vector.h
fn=(anonymous namespace)::cmd_replay((anonymous namespace)::Args const&)
0 1 1 1 0 0 0 1 1 1
388 1 0 0 1 0 0 0 0 0
407 5205424 0 0 1221096 2 2 0 0 0
449 1 0 0 1 1 1 0 0 0
fn=auto lob::v3::BookT<lob::ChecksumSink, 16u>::erase(boost::unordered::detail::foa::table_iterator<boost::unordered::detail::foa::flat_map_types<unsigned long, lob::v3::BookT<lob::ChecksumSink, 16u>::Loc>, boost::unordered::detail::foa::group15<boost::unordered::detail::foa::plain_integral>*, false>)::{lambda(auto:1&)#1}::operator()<std::__1::map<long, lob::v3::BookT<lob::ChecksumSink, 16u>::Level, std::__1::greater<void>, std::__1::allocator<std::__1::pair<long const, lob::v3::BookT<lob::ChecksumSink, 16u>::Level> > > >(std::__1::map<long, lob::v3::BookT<lob::ChecksumSink, 16u>::Level, std::__1::greater<void>, std::__1::allocator<std::__1::pair<long const, lob::v3::BookT<lob::ChecksumSink, 16u>::Level> > >&) const
407 12 1 1 5 0 0 0 0 0
fn=lob::v3::BookT<lob::ChecksumSink, 16u>::alloc_node(unsigned long, unsigned int)
0 90 1 1 0 0 0 60 7 1
388 79623 1 1 17694 0 0 0 0 0
391 60 1 1 0 0 0 0 0 0
407 3654441 0 0 1221096 0 0 0 0 0
475 8832 0 0 0 0 0 0 0 0
902 30 0 0 0 0 0 0 0 0
905 75 0 0 0 0 0 0 0 0
1128 15 0 0 0 0 0 0 0 0
1131 30 0 0 0 0 0 0 0 0
1146 26541 0 0 8847 0 0 0 0 0
1149 8832 0 0 0 0 0 0 0 0
1152 8847 0 0 0 0 0 8847 0 0
fn=lob::v3::BookT<lob::ChecksumSink, 16u>::modify(unsigned long, long, unsigned int)
407 82056 0 0 41028 0 0 0 0 0
fn=lob::v3::BookT<lob::ChecksumSink, 16u>::rest(unsigned long, lob::Side, long, unsigned int)
407 3514755 0 0 1221096 0 0 0 0 0
fl=/usr/include/c++/v1/map
fn=unsigned int lob::v3::BookT<lob::ChecksumSink, 16u>::match<(lob::Side)0>(unsigned long, long, unsigned int)
1031 1296231 1 1 648116 6 1 0 0 0
fn=unsigned int lob::v3::BookT<lob::ChecksumSink, 16u>::match<(lob::Side)1>(unsigned long, long, unsigned int)
1031 1145960 1 1 572980 0 0 0 0 0
fl=???
fn=???
0 1139 5 5 756 231 15 0 0 0
fn=operator delete(void*)
0 635 0 0 127 0 0 127 0 0
fn=operator delete(void*, unsigned long)
0 635 1 1 127 0 0 127 0 0
fn=operator new(unsigned long)
0 2193 2 2 387 0 0 516 25 2
summary: 500893498 263 263 136770126 1825712 951076 63776322 1607355 35185
