==54929== Cachegrind, a high-precision tracing profiler
==54929== Copyright (C) 2002-2017, and GNU GPL'd, by Nicholas Nethercote et al.
==54929== Using Valgrind-3.22.0 and LibVEX; rerun with -h for copyright info
==54929== Command: /home/wang/sources/cxx/book/build/profile/book replay --workload data/itch12302019_AAPL.ops --version v9
==54929== 
==54929== 
==54929== I refs:        348,687,523
==54929== I1  misses:            265
==54929== LLi misses:            258
==54929== I1  miss rate:        0.00%
==54929== LLi miss rate:        0.00%
==54929== 
==54929== D refs:        138,183,186  (97,031,772 rd   + 41,151,414 wr)
==54929== D1  misses:      3,053,429  ( 1,839,591 rd   +  1,213,838 wr)
==54929== LLd misses:        771,000  (   638,636 rd   +    132,364 wr)
==54929== D1  miss rate:         2.2% (       1.9%     +        2.9%  )
==54929== LLd miss rate:         0.6% (       0.7%     +        0.3%  )
==54929== 
==54929== LL refs:         3,053,694  ( 1,839,856 rd   +  1,213,838 wr)
==54929== LL misses:         771,258  (   638,894 rd   +    132,364 wr)
==54929== LL miss rate:          0.2% (       0.1%     +        0.3%  )
