==26082== Cachegrind, a high-precision tracing profiler
==26082== Copyright (C) 2002-2017, and GNU GPL'd, by Nicholas Nethercote et al.
==26082== Using Valgrind-3.22.0 and LibVEX; rerun with -h for copyright info
==26082== Command: /home/wang/sources/cxx/book/build/profile/book replay --workload data/syn_default_s42.ops --version v3
==26082== 
==26082== 
==26082== I refs:        206,336,870
==26082== I1  misses:            235
==26082== LLi misses:            235
==26082== I1  miss rate:        0.00%
==26082== LLi miss rate:        0.00%
==26082== 
==26082== D refs:         82,421,900  (55,595,513 rd   + 26,826,387 wr)
==26082== D1  misses:      2,114,108  ( 1,190,573 rd   +    923,535 wr)
==26082== LLd misses:        381,445  (   375,169 rd   +      6,276 wr)
==26082== D1  miss rate:         2.6% (       2.1%     +        3.4%  )
==26082== LLd miss rate:         0.5% (       0.7%     +        0.0%  )
==26082== 
==26082== LL refs:         2,114,343  ( 1,190,808 rd   +    923,535 wr)
==26082== LL misses:         381,680  (   375,404 rd   +      6,276 wr)
==26082== LL miss rate:          0.1% (       0.1%     +        0.0%  )
