==34491== Cachegrind, a high-precision tracing profiler
==34491== Copyright (C) 2002-2017, and GNU GPL'd, by Nicholas Nethercote et al.
==34491== Using Valgrind-3.22.0 and LibVEX; rerun with -h for copyright info
==34491== Command: /home/wang/sources/cxx/book/build/profile/book replay --workload data/syn_aggressive_s42.ops --version v4
==34491== 
==34491== 
==34491== I refs:        223,978,219
==34491== I1  misses:            237
==34491== LLi misses:            237
==34491== I1  miss rate:        0.00%
==34491== LLi miss rate:        0.00%
==34491== 
==34491== D refs:         89,284,100  (59,718,911 rd   + 29,565,189 wr)
==34491== D1  misses:      1,902,537  ( 1,054,399 rd   +    848,138 wr)
==34491== LLd misses:        378,767  (   375,135 rd   +      3,632 wr)
==34491== D1  miss rate:         2.1% (       1.8%     +        2.9%  )
==34491== LLd miss rate:         0.4% (       0.6%     +        0.0%  )
==34491== 
==34491== LL refs:         1,902,774  ( 1,054,636 rd   +    848,138 wr)
==34491== LL misses:         379,004  (   375,372 rd   +      3,632 wr)
==34491== LL miss rate:          0.1% (       0.1%     +        0.0%  )
