desc: I1 cache:         32768 B, 64 B, 8-way associative
desc: D1 cache:         49152 B, 64 B, 12-way associative
desc: LL cache:         6291456 B, 64 B, 12-way associative
cmd: /home/wang/sources/cxx/book/build/profile/book replay --workload data/itch12302019_SPY.ops --version v5
events: Ir I1mr ILmr Dr D1mr DLmr Dw D1mw DLmw 
fl=./malloc/./malloc/arena.c
fn=free
153 264 0 0 0 0 0 0 0 0
fn=malloc
153 128 0 0 0 0 0 0 0 0
fl=./malloc/./malloc/malloc.c
fn=_int_free
1792 47 0 0 47 13 0 0 0 0
1992 9 1 1 3 0 0 0 0 0
3163 82 1 1 41 0 0 41 0 0
3165 164 0 0 41 9 5 41 0 0
3166 41 0 0 0 0 0 41 0 0
3167 82 0 0 0 0 0 41 0 0
4495 616 1 1 0 0 0 352 11 0
4499 264 1 1 88 0 0 0 0 0
4505 352 0 0 0 0 0 0 0 0
4506 176 0 0 0 0 0 0 0 0
4510 440 0 0 0 0 0 0 0 0
4517 176 0 0 0 0 0 0 0 0
4518 528 1 1 264 13 0 0 0 0
4521 44 0 0 0 0 0 0 0 0
4527 132 0 0 88 7 2 0 0 0
4547 220 1 1 88 3 1 0 0 0
4550 41 0 0 0 0 0 0 0 0
4561 94 0 0 0 0 0 0 0 0
4572 12 0 0 3 0 0 0 0 0
4574 9 0 0 3 1 0 0 0 0
4593 3 0 0 0 0 0 0 0 0
4595 3 0 0 0 0 0 3 1 0
4596 3 0 0 0 0 0 0 0 0
4600 9 0 0 3 0 0 0 0 0
4602 6 0 0 3 1 0 0 0 0
4606 6 0 0 0 0 0 0 0 0
4608 9 0 0 0 0 0 3 0 0
4609 3 0 0 0 0 0 3 0 0
4628 12 0 0 0 0 0 0 0 0
4637 88 0 0 44 0 0 0 0 0
4640 88 0 0 44 11 0 0 0 0
4643 88 1 1 0 0 0 0 0 0
4646 88 0 0 0 0 0 0 0 0
4658 484 1 1 396 0 0 0 0 0
fn=_int_free_maybe_consolidate
4770 484 2 1 44 11 0 308 0 0
4776 88 0 0 0 0 0 0 0 0
4778 16 0 0 4 0 0 0 0 0
4781 12 0 0 0 0 0 0 0 0
4784 20 2 2 12 4 4 0 0 0
4785 20 0 0 12 0 0 0 0 0
4798 468 1 1 384 0 0 0 0 0
fn=_int_free_merge_chunk
1992 132 0 0 44 0 0 0 0 0
4665 352 1 1 0 0 0 264 1 0
4666 44 0 0 0 0 0 0 0 0
4670 264 0 0 44 10 0 0 0 0
4673 176 1 1 44 11 0 0 0 0
4675 132 1 1 44 5 0 0 0 0
4678 132 0 0 44 6 0 0 0 0
4681 88 0 0 0 0 0 0 0 0
4682 88 0 0 0 0 0 0 0 0
4683 88 0 0 44 11 0 0 0 0
4689 88 1 1 44 0 0 0 0 0
4691 12 0 0 12 0 0 0 0 0
4692 12 0 0 0 0 0 0 0 0
4693 12 0 0 0 0 0 0 0 0
4694 48 0 0 12 6 0 0 0 0
4696 24 0 0 0 0 0 12 0 0
4701 132 0 0 0 0 0 0 0 0
4702 308 0 0 264 0 0 0 0 0
4714 88 0 0 44 0 0 0 0 0
4720 80 0 0 40 6 0 0 0 0
4721 34 1 1 0 0 0 17 0 0
4722 34 0 0 0 0 0 0 0 0
4724 23 0 0 23 0 0 0 0 0
4732 40 0 0 0 0 0 0 0 0
4733 160 1 1 40 0 0 0 0 0
4734 80 0 0 40 0 0 0 0 0
4736 40 0 0 0 0 0 40 5 0
4738 80 0 0 0 0 0 0 0 0
4740 120 1 1 0 0 0 40 0 0
4743 40 0 0 0 0 0 40 0 0
4744 40 0 0 0 0 0 40 0 0
4746 120 0 0 0 0 0 40 0 0
4747 40 0 0 0 0 0 40 0 0
4756 4 0 0 0 0 0 0 0 0
4757 12 0 0 0 0 0 4 0 0
4758 8 0 0 0 0 0 4 0 0
fn=_int_malloc
1326 128 0 0 0 0 0 0 0 0
1345 384 0 0 0 0 0 0 0 0
1794 64 1 1 64 0 0 0 0 0
1985 108 0 0 36 0 0 0 0 0
2008 4 0 0 1 0 0 0 0 0
2552 6 0 0 2 2 2 2 0 0
2553 1 1 1 0 0 0 1 0 0
2564 2 1 1 1 1 1 0 0 0
2589 4 0 0 1 0 0 1 0 0
2590 2 0 0 0 0 0 1 0 0
2599 12 1 1 3 0 0 0 0 0
2605 3 0 0 2 0 0 0 0 0
2608 3 1 1 0 0 0 0 0 0
2669 3 1 1 1 0 0 1 0 0
2677 2 0 0 1 0 0 0 0 0
2678 3 0 0 1 0 0 1 0 0
2691 3 1 1 1 0 0 0 0 0
2693 1 0 0 1 0 0 0 0 0
2699 5 0 0 1 0 0 1 0 0
2707 2 0 0 0 0 0 0 0 0
2709 4 2 2 0 0 0 2 0 0
2710 3 0 0 1 0 0 0 0 0
2711 1 0 0 0 0 0 0 0 0
2712 1 0 0 0 0 0 0 0 0
2715 2 0 0 0 0 0 0 0 0
2744 7 1 1 3 0 0 0 0 0
2746 2 1 1 0 0 0 1 0 0
2752 8 0 0 1 0 0 0 0 0
2753 6 0 0 1 0 0 1 0 0
2921 3 1 1 2 0 0 0 0 0
2922 1 0 0 0 0 0 1 0 0
2926 1 0 0 1 0 0 0 0 0
2930 5 1 1 2 0 0 0 0 0
2932 1 0 0 0 0 0 0 0 0
2933 1 0 0 0 0 0 0 0 0
2934 1 0 0 0 0 0 1 0 0
2935 7 0 0 0 0 0 1 0 0
2936 2 0 0 0 0 0 1 1 1
2938 1 0 0 0 0 0 0 0 0
3846 704 2 2 64 18 4 448 21 3
3887 128 0 0 0 0 0 0 0 0
3914 128 0 0 0 0 0 0 0 0
3916 40 0 0 0 0 0 0 0 0
3919 10 0 0 10 2 1 0 0 0
3921 20 0 0 0 0 0 0 0 0
3930 30 2 2 0 0 0 0 0 0
3977 108 1 1 0 0 0 0 0 0
3979 62 0 0 0 0 0 0 0 0
3980 34 1 1 0 0 0 0 0 0
3982 51 0 0 17 10 6 0 0 0
4039 475 1 1 0 0 0 0 0 0
4040 141 0 0 47 17 3 0 0 0
4058 192 1 1 64 0 0 0 0 0
4059 192 0 0 0 0 0 64 0 0
4060 192 1 1 128 0 0 0 0 0
4069 104 0 0 0 0 0 52 0 0
4070 492 1 1 119 19 4 64 0 0
4072 69 0 0 69 7 2 0 0 0
4073 138 0 0 69 12 3 0 0 0
4074 69 0 0 0 0 0 0 0 0
4076 138 0 0 0 0 0 0 0 0
4077 207 1 1 69 15 3 0 0 0
4079 69 0 0 69 17 2 0 0 0
4080 276 0 0 0 0 0 0 0 0
4082 276 0 0 69 0 0 0 0 0
4084 138 1 1 69 2 1 0 0 0
4085 138 0 0 69 0 0 0 0 0
4087 138 0 0 0 0 0 0 0 0
4098 276 0 0 0 0 0 0 0 0
4099 18 1 1 9 0 0 0 0 0
4100 10 0 0 0 0 0 0 0 0
4101 5 0 0 0 0 0 0 0 0
4104 5 0 0 0 0 0 0 0 0
4105 5 1 1 0 0 0 0 0 0
4106 5 0 0 0 0 0 5 0 0
4107 15 0 0 0 0 0 5 0 0
4108 15 1 1 0 0 0 5 5 0
4109 10 0 0 0 0 0 0 0 0
4111 10 0 0 0 0 0 5 2 0
4115 40 0 0 0 0 0 5 0 0
4117 15 1 1 0 0 0 5 0 0
4118 5 0 0 0 0 0 5 0 0
4121 14 0 0 0 0 0 0 0 0
4122 15 0 0 0 0 0 5 0 0
4123 5 0 0 0 0 0 0 0 0
4127 64 0 0 0 0 0 64 0 0
4128 64 0 0 0 0 0 64 0 0
4132 128 0 0 0 0 0 0 0 0
4134 18 0 0 0 0 0 9 0 0
4135 27 0 0 0 0 0 0 0 0
4140 18 0 0 0 0 0 0 0 0
4161 125 2 2 0 0 0 0 0 0
4163 16 0 0 0 0 0 8 0 0
4164 32 0 0 0 0 0 0 0 0
4165 8 0 0 8 3 2 0 0 0
4169 681 4 4 0 0 0 47 0 0
4170 141 1 1 0 0 0 0 0 0
4171 47 0 0 47 29 12 0 0 0
4174 94 0 0 0 0 0 0 0 0
4218 188 0 0 0 0 0 47 2 0
4221 385 2 2 110 16 3 0 0 0
4222 55 0 0 0 0 0 55 0 0
4223 55 0 0 0 0 0 55 0 0
4224 55 0 0 0 0 0 55 0 0
4225 55 0 0 0 0 0 55 0 0
4230 110 0 0 110 0 0 0 0 0
4231 110 0 0 0 0 0 0 0 0
4240 220 1 1 110 0 0 0 0 0
4246 76 0 0 0 0 0 0 0 0
4257 150 1 1 0 0 0 0 0 0
4259 152 0 0 0 0 0 0 0 0
4262 114 0 0 38 20 8 0 0 0
4263 53 1 1 2 0 0 0 0 0
4266 1 0 0 1 0 0 0 0 0
4267 6 0 0 1 0 0 0 0 0
4273 2 1 1 1 0 0 0 0 0
4278 3 0 0 0 0 0 1 0 0
4279 3 0 0 0 0 0 2 1 0
4282 4 0 0 2 0 0 0 0 0
4291 1 0 0 0 0 0 0 0 0
4295 4 1 1 1 0 0 0 0 0
4296 2 0 0 1 0 0 0 0 0
4299 1 0 0 0 0 0 1 1 0
4300 1 0 0 0 0 0 1 0 0
4301 1 0 0 0 0 0 1 0 0
4302 2 0 0 0 0 0 0 0 0
4304 2 0 0 0 0 0 1 1 0
4307 8 1 1 0 0 0 1 0 0
4309 3 0 0 0 0 0 1 0 0
4310 1 0 0 0 0 0 1 0 0
4313 1 0 0 0 0 0 0 0 0
4330 49 0 0 0 0 0 0 0 0
4331 98 0 0 0 0 0 0 0 0
4332 98 0 0 0 0 0 0 0 0
4333 98 0 0 49 5 1 0 0 0
4334 294 0 0 0 0 0 0 0 0
4339 244 1 1 0 0 0 0 0 0
4343 170 1 1 0 0 0 0 0 0
4346 136 1 1 34 0 0 0 0 0
4348 28 0 0 0 0 0 0 0 0
4349 14 0 0 0 0 0 0 0 0
4353 656 0 0 0 0 0 0 0 0
4355 284 0 0 0 0 0 0 0 0
4357 568 0 0 0 0 0 0 0 0
4361 44 0 0 44 6 0 0 0 0
4364 88 0 0 0 0 0 0 0 0
4366 85 0 0 0 0 0 17 0 0
4367 17 0 0 0 0 0 0 0 0
4368 17 0 0 0 0 0 0 0 0
4373 108 1 1 27 1 0 0 0 0
4376 54 0 0 0 0 0 0 0 0
4378 81 1 1 0 0 0 27 0 0
4381 81 0 0 0 0 0 54 11 1
4384 108 0 0 54 0 0 0 0 0
4394 27 0 0 0 0 0 0 0 0
4399 108 0 0 27 0 0 0 0 0
4400 54 1 1 27 0 0 0 0 0
4403 27 0 0 0 0 0 27 13 2
4404 27 0 0 0 0 0 27 0 0
4405 27 0 0 0 0 0 27 0 0
4408 54 0 0 0 0 0 0 0 0
4409 4 0 0 0 0 0 4 0 0
4410 54 0 0 0 0 0 0 0 0
4412 38 0 0 0 0 0 19 0 0
4415 216 1 1 0 0 0 27 0 0
4417 81 0 0 0 0 0 27 2 0
4418 27 0 0 0 0 0 27 0 0
4421 27 0 0 0 0 0 0 0 0
4443 22 1 1 22 0 0 0 0 0
4444 44 0 0 22 9 1 0 0 0
4446 44 0 0 22 5 1 0 0 0
4449 66 0 0 0 0 0 0 0 0
4451 21 0 0 0 0 0 0 0 0
4452 42 1 1 0 0 0 0 0 0
4453 21 0 0 0 0 0 21 0 0
4454 168 1 1 0 0 0 21 0 0
4456 42 0 0 0 0 0 21 21 17
4459 44 0 0 0 0 0 0 0 0
4460 69 0 0 0 0 0 23 12 2
4461 23 0 0 0 0 0 0 0 0
4466 4 0 0 1 0 0 1 0 0
4482 1 0 0 0 0 0 0 0 0
4487 768 2 2 576 0 0 0 0 0
fn=alloc_perturb
1985 84 1 1 28 0 0 0 0 0
1987 28 0 0 28 0 0 0 0 0
fn=free
3359 616 2 2 0 0 0 352 0 0
3363 176 0 0 0 0 0 0 0 0
3371 176 0 0 176 46 8 0 0 0
3373 88 0 0 0 0 0 0 0 0
3375 264 0 0 88 15 2 0 0 0
3392 264 0 0 176 24 0 0 0 0
3398 264 1 1 0 0 0 88 1 0
3401 88 0 0 0 0 0 88 0 0
3402 528 0 0 440 0 0 0 0 0
fn=malloc
1326 180 0 0 0 0 0 0 0 0
1345 450 1 1 0 0 0 0 0 0
3178 52 0 0 26 4 1 0 0 0
3182 52 0 0 0 0 0 0 0 0
3186 104 1 1 26 3 1 26 0 0
3190 52 0 0 0 0 0 26 0 0
3191 26 0 0 0 0 0 26 0 0
3294 720 1 1 0 0 0 360 4 1
3301 180 0 0 90 19 4 0 0 0
3311 180 0 0 0 0 0 0 0 0
3313 360 0 0 180 35 8 0 0 0
3316 180 0 0 90 19 4 0 0 0
3318 132 1 1 44 11 2 0 0 0
3326 128 1 1 64 22 4 0 0 0
3328 256 0 0 0 0 0 64 15 3
3329 320 1 1 64 0 0 0 0 0
3354 540 1 1 450 0 0 0 0 0
fn=systrim.constprop.0
2957 24 1 1 0 0 0 16 0 0
2966 12 0 0 8 0 0 0 0 0
2968 4 0 0 0 0 0 0 0 0
2969 8 0 0 0 0 0 0 0 0
2970 4 0 0 0 0 0 0 0 0
2974 12 0 0 4 0 0 0 0 0
2975 4 0 0 0 0 0 0 0 0
2978 20 1 1 8 8 8 0 0 0
2980 8 0 0 0 0 0 0 0 0
3020 24 0 0 20 0 0 0 0 0
fn=unlink_chunk.isra.0
1608 114 1 1 0 0 0 57 0 0
1610 285 0 0 114 3 0 0 0 0
1613 114 0 0 114 6 0 0 0 0
1614 114 0 0 57 0 0 0 0 0
1616 228 2 1 114 12 0 0 0 0
1619 57 0 0 0 0 0 57 0 0
1620 57 0 0 0 0 0 57 0 0
1621 261 0 0 49 2 0 0 0 0
1623 92 0 0 46 0 0 0 0 0
1624 138 0 0 92 0 0 0 0 0
1627 92 0 0 46 7 2 0 0 0
1641 46 0 0 0 0 0 46 0 0
1642 46 1 1 0 0 0 46 0 0
1645 114 0 0 114 0 0 0 0 0
fl=./malloc/./malloc/morecore.c
fn=__glibc_morecore
25 3 1 1 0 0 0 1 0 0
26 2 0 0 1 0 0 0 0 0
29 1 0 0 0 0 0 1 0 0
30 2 0 0 0 0 0 0 0 0
34 2 0 0 2 0 0 0 0 0
fl=./misc/../sysdeps/unix/sysv/linux/brk.c
fn=brk
36 1 1 1 0 0 0 0 0 0
37 2 0 0 1 0 0 1 0 0
38 2 0 0 0 0 0 0 0 0
44 1 0 0 0 0 0 0 0 0
45 1 0 0 1 0 0 0 0 0
fl=./misc/../sysdeps/unix/sysv/linux/brk_call.h
fn=brk
24 2 0 0 0 0 0 0 0 0
fl=./misc/./misc/sbrk.c
fn=sbrk
37 8 1 1 0 0 0 4 0 0
40 2 0 0 2 2 2 0 0 0
43 2 1 1 1 1 1 0 0 0
58 2 0 0 0 0 0 0 0 0
62 2 0 0 0 0 0 0 0 0
66 4 1 1 0 0 0 0 0 0
74 3 1 1 0 0 0 1 0 0
78 7 0 0 5 0 0 0 0 0
fl=./string/../sysdeps/x86_64/multiarch/memmove-vec-unaligned-erms.S
fn=__memcpy_avx_unaligned_erms
255 12 1 1 0 0 0 0 0 0
256 12 0 0 0 0 0 0 0 0
262 12 0 0 0 0 0 0 0 0
263 12 0 0 0 0 0 0 0 0
265 11 0 0 11 1 0 0 0 0
266 11 0 0 0 0 0 0 0 0
267 11 0 0 0 0 0 0 0 0
270 2 0 0 2 0 0 0 0 0
271 2 0 0 0 0 0 2 0 0
272 2 0 0 0 0 0 2 0 0
275 4 0 0 2 0 0 0 0 0
305 1 0 0 0 0 0 0 0 0
306 1 0 0 0 0 0 0 0 0
308 1 0 0 0 0 0 0 0 0
309 1 0 0 0 0 0 0 0 0
311 1 0 0 0 0 0 0 0 0
315 1 0 0 0 0 0 0 0 0
316 1 1 1 0 0 0 0 0 0
317 1 0 0 0 0 0 0 0 0
325 1 0 0 1 0 0 0 0 0
375 1 1 1 1 0 0 0 0 0
376 1 0 0 1 0 0 0 0 0
377 1 0 0 0 0 0 1 1 1
378 1 0 0 0 0 0 1 0 0
379 1 0 0 0 0 0 1 1 1
380 1 0 0 0 0 0 1 0 0
381 2 0 0 1 0 0 0 0 0
386 9 2 1 9 6 1 0 0 0
387 9 0 0 0 0 0 0 0 0
392 7 0 0 0 0 0 0 0 0
393 7 0 0 0 0 0 0 0 0
395 2 0 0 2 0 0 0 0 0
396 2 0 0 0 0 0 0 0 0
397 2 0 0 0 0 0 0 0 0
399 1 0 0 1 0 0 0 0 0
400 1 0 0 1 0 0 0 0 0
401 1 0 0 1 0 0 0 0 0
402 1 0 0 1 0 0 0 0 0
403 1 0 0 1 0 0 0 0 0
404 1 1 1 1 0 0 0 0 0
405 1 0 0 0 0 0 1 0 0
406 1 0 0 0 0 0 1 1 1
407 1 0 0 0 0 0 1 0 0
408 1 0 0 0 0 0 1 1 1
409 1 0 0 0 0 0 1 1 1
410 1 0 0 0 0 0 1 0 0
411 1 0 0 0 0 0 1 0 0
412 1 0 0 0 0 0 1 0 0
413 2 0 0 1 0 0 0 0 0
417 5 0 0 0 0 0 0 0 0
418 5 0 0 0 0 0 0 0 0
422 5 0 0 0 0 0 0 0 0
424 5 1 1 0 0 0 0 0 0
428 5 0 0 5 4 1 0 0 0
429 5 0 0 0 0 0 0 0 0
440 5 0 0 0 0 0 0 0 0
443 5 0 0 0 0 0 0 0 0
445 5 0 0 0 0 0 0 0 0
447 5 0 0 0 0 0 0 0 0
451 5 0 0 0 0 0 0 0 0
452 5 0 0 0 0 0 0 0 0
461 4 0 0 4 0 0 0 0 0
462 4 0 0 4 0 0 0 0 0
464 4 0 0 0 0 0 0 0 0
466 4 0 0 0 0 0 0 0 0
467 4 1 1 4 0 0 0 0 0
468 4 0 0 4 0 0 0 0 0
471 4 0 0 0 0 0 0 0 0
473 4 0 0 0 0 0 0 0 0
475 4 0 0 0 0 0 0 0 0
477 8 0 0 0 0 0 0 0 0
483 56 0 0 56 0 0 0 0 0
484 56 0 0 56 8 0 0 0 0
485 56 0 0 56 0 0 0 0 0
486 56 0 0 56 9 0 0 0 0
487 56 0 0 0 0 0 0 0 0
488 56 0 0 0 0 0 56 35 35
489 56 0 0 0 0 0 56 22 22
490 56 1 1 0 0 0 56 34 34
491 56 0 0 0 0 0 56 22 22
492 56 0 0 0 0 0 0 0 0
493 56 0 0 0 0 0 0 0 0
494 56 0 0 0 0 0 0 0 0
496 4 0 0 0 0 0 4 2 2
497 4 0 0 0 0 0 4 2 2
498 4 0 0 0 0 0 4 0 0
499 4 0 0 0 0 0 4 0 0
501 4 0 0 0 0 0 4 0 0
505 8 0 0 4 0 0 0 0 0
518 1 0 0 1 0 0 0 0 0
519 1 0 0 1 0 0 0 0 0
521 1 1 1 0 0 0 0 0 0
522 1 0 0 1 0 0 0 0 0
523 1 0 0 1 0 0 0 0 0
525 1 0 0 0 0 0 0 0 0
527 1 0 0 0 0 0 0 0 0
529 2 0 0 0 0 0 0 0 0
535 63 0 0 63 1 0 0 0 0
536 63 0 0 63 0 0 0 0 0
537 63 0 0 63 2 0 0 0 0
538 63 0 0 63 0 0 0 0 0
539 63 0 0 0 0 0 0 0 0
540 63 0 0 0 0 0 63 1 1
541 63 1 1 0 0 0 63 63 63
542 63 0 0 0 0 0 63 0 0
543 63 0 0 0 0 0 63 63 63
544 63 0 0 0 0 0 0 0 0
545 63 0 0 0 0 0 0 0 0
546 63 0 0 0 0 0 0 0 0
548 1 0 0 0 0 0 1 1 1
549 1 0 0 0 0 0 1 0 0
550 1 0 0 0 0 0 1 0 0
551 1 0 0 0 0 0 1 0 0
553 1 0 0 0 0 0 1 0 0
554 2 0 0 1 0 0 0 0 0
563 2 1 1 2 1 0 0 0 0
570 2 0 0 0 0 0 0 0 0
571 2 0 0 0 0 0 0 0 0
577 2 0 0 0 0 0 0 0 0
580 2 0 0 0 0 0 0 0 0
582 2 0 0 0 0 0 0 0 0
585 2 0 0 0 0 0 0 0 0
586 2 0 0 0 0 0 0 0 0
588 2 0 0 0 0 0 0 0 0
590 49042 0 0 49040 683 0 49040 767 766
592 2 0 0 0 0 0 2 0 0
594 2 0 0 0 0 0 2 1 0
596 4 0 0 2 1 0 0 0 0
601 2 1 1 0 0 0 0 0 0
602 2 0 0 0 0 0 0 0 0
606 2 0 0 0 0 0 0 0 0
608 2 0 0 0 0 0 0 0 0
611 2 0 0 0 0 0 0 0 0
615 2 0 0 2 2 0 0 0 0
616 2 0 0 0 0 0 0 0 0
620 2 0 0 2 0 0 0 0 0
624 2 0 0 0 0 0 0 0 0
fl=./string/../sysdeps/x86_64/multiarch/memset-vec-unaligned-erms.S
fn=__memset_avx2_unaligned_erms
158 64 1 1 0 0 0 0 0 0
159 128 0 0 0 0 0 0 0 0
164 64 0 0 0 0 0 0 0 0
165 64 0 0 0 0 0 0 0 0
166 64 0 0 0 0 0 0 0 0
167 64 0 0 0 0 0 0 0 0
168 64 0 0 0 0 0 0 0 0
170 24 0 0 0 0 0 24 5 4
171 24 0 0 0 0 0 24 0 0
172 48 0 0 24 0 0 0 0 0
181 12 0 0 0 0 0 12 1 1
182 12 0 0 0 0 0 12 0 0
184 24 0 0 12 0 0 0 0 0
237 40 1 1 40 15 3 0 0 0
238 40 0 0 0 0 0 0 0 0
244 30 0 0 0 0 0 30 7 2
245 30 0 0 0 0 0 30 4 1
257 30 0 0 0 0 0 0 0 0
260 30 0 0 0 0 0 0 0 0
261 30 0 0 0 0 0 0 0 0
273 18 0 0 0 0 0 18 3 0
274 18 0 0 0 0 0 18 3 1
287 18 0 0 0 0 0 0 0 0
288 18 0 0 0 0 0 0 0 0
290 18 0 0 0 0 0 0 0 0
293 16 0 0 0 0 0 0 0 0
296 16 0 0 0 0 0 0 0 0
299 80 0 0 0 0 0 80 20 0
300 80 0 0 0 0 0 80 33 0
301 80 0 0 0 0 0 80 22 0
302 80 0 0 0 0 0 80 30 0
303 80 0 0 0 0 0 0 0 0
304 80 0 0 0 0 0 0 0 0
305 96 0 0 0 0 0 0 0 0
308 18 1 1 0 0 0 18 1 0
309 18 0 0 0 0 0 18 2 1
310 18 0 0 0 0 0 18 1 0
311 18 0 0 0 0 0 18 0 0
314 36 0 0 18 0 0 0 0 0
325 10 1 1 0 0 0 0 0 0
326 10 0 0 0 0 0 0 0 0
327 10 0 0 0 0 0 0 0 0
328 40970 0 0 0 0 0 40960 640 350
329 10 0 0 0 0 0 0 0 0
330 20 0 0 10 0 0 0 0 0
fl=/home/wang/git-repositories/vcpkg/installed/x64-linux-clang-libcxx/include/boost/container_hash/hash.hpp
fn=_ZN5boost9unordered6detail3foa10table_coreINS2_14flat_map_typesIjjEENS2_7group15INS2_14plain_integralEEENS2_12table_arraysENS2_18plain_size_controlENS_4hashIjEENSt3__18equal_toIjEENSD_9allocatorINSD_4pairIKjjEEEEE22for_all_elements_whileIZNSL_22for_all_elements_whileIZNSL_16for_all_elementsIZNSL_16unchecked_rehashERNS9_ISJ_S8_NS2_16pow2_size_policyESK_EEEUlPSJ_E_EEDTcmclfL1p0_LDnEEcvv_EERKSQ_T_EUlSS_E_EESU_SW_SX_EUlPS8_jSS_E_EEDTcmclfp0_LDnELi0ELDnEEcvv_EESW_SX_
538 29646 0 0 29646 3699 2 0 0 0
fl=/home/wang/git-repositories/vcpkg/installed/x64-linux-clang-libcxx/include/boost/unordered/detail/foa/core.hpp
fn=_ZN5boost9unordered6detail3foa10table_coreINS2_14flat_map_typesIjjEENS2_7group15INS2_14plain_integralEEENS2_12table_arraysENS2_18plain_size_controlENS_4hashIjEENSt3__18equal_toIjEENSD_9allocatorINSD_4pairIKjjEEEEE22for_all_elements_whileIZNSL_22for_all_elements_whileIZNSL_16for_all_elementsIZNSL_16unchecked_rehashERNS9_ISJ_S8_NS2_16pow2_size_policyESK_EEEUlPSJ_E_EEDTcmclfL1p0_LDnEEcvv_EERKSQ_T_EUlSS_E_EESU_SW_SX_EUlPS8_jSS_E_EEDTcmclfp0_LDnELi0ELDnEEcvv_EESW_SX_
0 34657 1 1 27724 0 0 1003 0 0
296 67208 1 1 33604 390 7 0 0 0
297 30276 0 0 0 0 0 0 0 0
313 3328 0 0 0 0 0 0 0 0
389 59292 0 0 29646 0 0 0 0 0
849 29646 0 0 0 0 0 0 0 0
882 1260 0 0 630 0 0 0 0 0
927 88938 0 0 0 0 0 0 0 0
1033 64 0 0 64 0 0 0 0 0
1034 63 1 1 63 0 0 0 0 0
1955 29646 0 0 29646 0 0 0 0 0
1961 23296 0 0 0 0 0 3328 0 0
2061 448 1 1 0 0 0 448 1 0
2063 128 0 0 0 0 0 0 0 0
2064 3517 0 0 63 0 0 0 0 0
2065 6656 0 0 0 0 0 0 0 0
2067 69276 0 0 0 0 0 0 0 0
2075 512 2 2 448 0 0 0 0 0
2350 62620 0 0 3328 0 0 29646 0 0
2373 121104 1 1 0 0 0 0 0 0
2375 31696 0 0 0 0 0 0 0 0
2377 59292 0 0 0 0 0 0 0 0
fn=auto lob::for_each_type<std::__1::tuple<lob::v0::Book<lob::ChecksumSink>, lob::v1::Book<lob::ChecksumSink>, lob::v2::Book<lob::ChecksumSink>, lob::v3::BookT<lob::ChecksumSink, 16u>, lob::v4::BookT<lob::ChecksumSink, 16u>, lob::v5::BookT<lob::ChecksumSink, 16u> >, (anonymous namespace)::with_version<(anonymous namespace)::cmd_replay((anonymous namespace)::Args const&)::$_0>(std::__1::basic_string_view<char, std::__1::char_traits<char> >, (anonymous namespace)::cmd_replay((anonymous namespace)::Args const&)::$_0&&)::{lambda<typename $T0>()#1}>((anonymous namespace)::with_version<(anonymous namespace)::cmd_replay((anonymous namespace)::Args const&)::$_0>(std::__1::basic_string_view<char, std::__1::char_traits<char> >, (anonymous namespace)::cmd_replay((anonymous namespace)::Args const&)::$_0&&)::{lambda<typename $T0>()#1}&&)::{lambda<unsigned long... $N0>(std::__1::integer_sequence<unsigned long, ($N0)...>)#1}::operator()<0ul, 1ul, 2ul, 3ul, 4ul, 5ul>(std::__1::integer_sequence<unsigned long, 0ul, 1ul, 2ul, 3ul, 4ul, 5ul>) const
0 4504115 4 4 1127875 0 0 1109145 0 0
271 2255750 0 0 0 0 0 0 0 0
272 1157949 0 0 0 0 0 0 0 0
279 2255750 1 1 1127875 1 1 0 0 0
336 1127875 0 0 1127875 3376 4 0 0 0
849 7764022 1 1 3327438 32 15 0 0 0
881 18729 0 0 0 0 0 0 0 0
882 56187 0 0 0 0 0 0 0 0
883 18729 0 0 0 0 0 0 0 0
927 60804 0 0 0 0 0 0 0 0
1727 2255750 0 0 0 0 0 0 0 0
1729 1127875 0 0 0 0 0 0 0 0
1732 60148 0 0 0 0 0 0 0 0
1733 30074 0 0 0 0 0 0 0 0
1737 30402 0 0 0 0 0 0 0 0
1743 60804 0 0 0 0 0 0 0 0
1745 1127875 0 0 0 0 0 0 0 0
1750 18729 0 0 0 0 0 0 0 0
1955 1109146 0 0 1109146 1 1 0 0 0
fn=boost::unordered::detail::foa::table_core<boost::unordered::detail::foa::flat_map_types<unsigned int, unsigned int>, boost::unordered::detail::foa::group15<boost::unordered::detail::foa::plain_integral>, boost::unordered::detail::foa::table_arrays, boost::unordered::detail::foa::plain_size_control, boost::hash<unsigned int>, std::__1::equal_to<unsigned int>, std::__1::allocator<std::__1::pair<unsigned int const, unsigned int> > >::unchecked_rehash(boost::unordered::detail::foa::table_arrays<std::__1::pair<unsigned int const, unsigned int>, boost::unordered::detail::foa::group15<boost::unordered::detail::foa::plain_integral>, boost::unordered::detail::foa::pow2_size_policy, std::__1::allocator<std::__1::pair<unsigned int const, unsigned int> > >&)
0 256 0 0 0 0 0 64 0 0
1033 128 0 0 128 10 3 0 0 0
1096 128 1 1 0 0 0 0 0 0
1098 63 0 0 63 0 0 0 0 0
1108 126 0 0 0 0 0 0 0 0
1113 126 0 0 0 0 0 0 0 0
1563 768 2 2 128 12 0 0 0 0
1811 320 0 0 64 0 0 0 0 0
2025 320 0 0 0 0 0 192 0 0
2054 64 0 0 0 0 0 64 0 0
2288 320 1 1 0 0 0 128 0 0
2289 64 0 0 0 0 0 64 0 0
2320 128 0 0 64 0 0 64 0 0
2321 64 0 0 0 0 0 64 0 0
2322 320 0 0 192 0 0 0 0 0
fn=boost::unordered::detail::foa::table_locator<boost::unordered::detail::foa::group15<boost::unordered::detail::foa::plain_integral>, std::__1::pair<unsigned int const, unsigned int> > boost::unordered::detail::foa::table_core<boost::unordered::detail::foa::flat_map_types<unsigned int, unsigned int>, boost::unordered::detail::foa::group15<boost::unordered::detail::foa::plain_integral>, boost::unordered::detail::foa::table_arrays, boost::unordered::detail::foa::plain_size_control, boost::hash<unsigned int>, std::__1::equal_to<unsigned int>, std::__1::allocator<std::__1::pair<unsigned int const, unsigned int> > >::unchecked_emplace_with_rehash<boost::unordered::detail::foa::try_emplace_args_t, unsigned int&, unsigned int&>(unsigned long, boost::unordered::detail::foa::try_emplace_args_t&&, unsigned int&, unsigned int&)
0 1408 2 2 192 0 0 256 0 0
296 128 0 0 64 0 0 0 0 0
297 128 1 1 0 0 0 0 0 0
389 192 0 0 64 0 0 0 0 0
837 256 1 1 0 0 0 0 0 0
842 128 0 0 0 0 0 0 0 0
849 64 0 0 0 0 0 0 0 0
859 128 0 0 0 0 0 0 0 0
927 128 0 0 0 0 0 0 0 0
1031 256 0 0 0 0 0 256 14 3
1051 128 1 1 0 0 0 64 0 0
1057 256 0 0 0 0 0 0 0 0
1058 192 0 0 0 0 0 0 0 0
1059 64 0 0 0 0 0 0 0 0
1066 64 0 0 0 0 0 0 0 0
1073 128 0 0 0 0 0 0 0 0
1085 64 0 0 0 0 0 0 0 0
1108 64 0 0 0 0 0 0 0 0
1113 64 0 0 0 0 0 0 0 0
1125 192 0 0 0 0 0 64 0 0
1126 64 0 0 0 0 0 0 0 0
1689 64 0 0 64 0 0 0 0 0
1983 640 1 1 0 0 0 384 13 2
1988 256 0 0 0 0 0 192 0 0
1999 128 0 0 0 0 0 64 0 0
2000 64 0 0 64 0 0 0 0 0
2002 576 0 0 448 9 2 0 0 0
2132 1152 2 2 128 20 4 0 0 0
2373 128 0 0 0 0 0 0 0 0
2375 64 0 0 0 0 0 0 0 0
2377 256 0 0 0 0 0 0 0 0
fn=lob::v5::BookT<lob::ChecksumSink, 16u>::index_insert(unsigned long, unsigned int)
0 15547029 2 2 4455313 1 0 1109146 0 0
271 2255750 0 0 0 0 0 0 0 0
272 1157949 0 0 0 0 0 0 0 0
279 1127875 0 0 1127875 1 0 0 0 0
296 2227500 0 0 1113750 0 0 0 0 0
297 2222832 0 0 0 0 0 0 0 0
336 1127875 0 0 1127875 1 0 0 0 0
849 1109146 0 0 0 0 0 0 0 0
881 18729 0 0 0 0 0 0 0 0
882 65523 0 0 4668 0 0 0 0 0
883 18729 0 0 0 0 0 0 0 0
927 2278968 0 0 0 0 0 0 0 0
1727 2255750 0 0 0 0 0 0 0 0
1729 1127875 0 0 0 0 0 0 0 0
1732 60148 0 0 0 0 0 0 0 0
1733 30074 0 0 0 0 0 0 0 0
1737 30402 0 0 0 0 0 0 0 0
1743 60804 0 0 0 0 0 0 0 0
1745 1127875 0 0 0 0 0 0 0 0
1750 18729 0 0 0 0 0 0 0 0
1955 1109146 0 0 1109146 1 0 0 0 0
1970 2218164 0 0 0 0 0 1109082 0 0
2373 4455000 0 0 0 0 0 0 0 0
2375 1123941 0 0 0 0 0 0 0 0
2377 2218164 0 0 0 0 0 0 0 0
fn=void lob::v5::BookT<lob::ChecksumSink, 16u>::cancel_in<boost::unordered::unordered_flat_map<unsigned int, unsigned int, boost::hash<unsigned int>, std::__1::equal_to<unsigned int>, std::__1::allocator<std::__1::pair<unsigned int const, unsigned int> > >, unsigned int>(boost::unordered::unordered_flat_map<unsigned int, unsigned int, boost::hash<unsigned int>, std::__1::equal_to<unsigned int>, std::__1::allocator<std::__1::pair<unsigned int const, unsigned int> > >&, unsigned int, unsigned long)
0 8877933 1 1 3327438 6 2 0 0 0
271 2226854 0 0 0 0 0 0 0 0
272 2222815 0 0 0 0 0 0 0 0
279 5554292 0 0 2222573 0 0 0 0 0
336 1113427 0 0 1113427 483 0 0 0 0
404 1109146 0 0 0 0 0 0 0 0
849 2218292 0 0 1109146 0 0 0 0 0
881 4281 0 0 0 0 0 0 0 0
882 12843 0 0 0 0 0 0 0 0
883 4281 0 0 0 0 0 0 0 0
927 2272424 0 0 0 0 0 0 0 0
1727 2226854 0 0 0 0 0 0 0 0
1729 1113427 0 0 0 0 0 0 0 0
1732 2218776 0 0 0 0 0 0 0 0
1733 1109388 1 1 0 0 0 0 0 0
1737 1136212 0 0 0 0 0 0 0 0
1743 54132 0 0 0 0 0 0 0 0
1745 4281 0 0 0 0 0 0 0 0
1750 4281 0 0 0 0 0 0 0 0
1955 1109146 0 0 1109146 0 0 0 0 0
2266 7764022 1 1 2218292 13 4 1109146 0 0
fn=void lob::v5::BookT<lob::ChecksumSink, 16u>::modify_in<boost::unordered::unordered_flat_map<unsigned int, unsigned int, boost::hash<unsigned int>, std::__1::equal_to<unsigned int>, std::__1::allocator<std::__1::pair<unsigned int const, unsigned int> > >, unsigned int>(boost::unordered::unordered_flat_map<unsigned int, unsigned int, boost::hash<unsigned int>, std::__1::equal_to<unsigned int>, std::__1::allocator<std::__1::pair<unsigned int const, unsigned int> > >&, unsigned int, unsigned long, long, unsigned int)
0 93612 2 2 31166 0 0 0 0 0
271 62508 0 0 0 0 0 0 0 0
272 62433 0 0 0 0 0 0 0 0
279 176 0 0 88 0 0 0 0 0
336 31254 0 0 31254 8 0 0 0 0
849 218162 0 0 93498 1 0 0 0 0
881 88 0 0 0 0 0 0 0 0
882 264 0 0 0 0 0 0 0 0
883 88 0 0 0 0 0 0 0 0
927 63876 0 0 0 0 0 0 0 0
1727 62508 0 0 0 0 0 0 0 0
1729 31254 0 0 0 0 0 0 0 0
1732 62358 0 0 0 0 0 0 0 0
1733 31179 0 0 0 0 0 0 0 0
1737 31938 0 0 0 0 0 0 0 0
1743 1544 0 0 0 0 0 0 0 0
1745 88 0 0 0 0 0 0 0 0
1750 88 0 0 0 0 0 0 0 0
1955 31166 0 0 31166 0 0 0 0 0
fl=/home/wang/git-repositories/vcpkg/installed/x64-linux-clang-libcxx/include/boost/unordered/detail/foa/table.hpp
fn=_ZN5boost9unordered6detail3foa10table_coreINS2_14flat_map_typesIjjEENS2_7group15INS2_14plain_integralEEENS2_12table_arraysENS2_18plain_size_controlENS_4hashIjEENSt3__18equal_toIjEENSD_9allocatorINSD_4pairIKjjEEEEE22for_all_elements_whileIZNSL_22for_all_elements_whileIZNSL_16for_all_elementsIZNSL_16unchecked_rehashERNS9_ISJ_S8_NS2_16pow2_size_policyESK_EEEUlPSJ_E_EEDTcmclfL1p0_LDnEEcvv_EERKSQ_T_EUlSS_E_EESU_SW_SX_EUlPS8_jSS_E_EEDTcmclfp0_LDnELi0ELDnEEcvv_EESW_SX_
0 630 0 0 0 0 0 0 0 0
40 29646 1 1 0 0 0 29646 0 0
46 630 0 0 630 0 0 0 0 0
fn=boost::unordered::detail::foa::table_locator<boost::unordered::detail::foa::group15<boost::unordered::detail::foa::plain_integral>, std::__1::pair<unsigned int const, unsigned int> > boost::unordered::detail::foa::table_core<boost::unordered::detail::foa::flat_map_types<unsigned int, unsigned int>, boost::unordered::detail::foa::group15<boost::unordered::detail::foa::plain_integral>, boost::unordered::detail::foa::table_arrays, boost::unordered::detail::foa::plain_size_control, boost::hash<unsigned int>, std::__1::equal_to<unsigned int>, std::__1::allocator<std::__1::pair<unsigned int const, unsigned int> > >::unchecked_emplace_with_rehash<boost::unordered::detail::foa::try_emplace_args_t, unsigned int&, unsigned int&>(unsigned long, boost::unordered::detail::foa::try_emplace_args_t&&, unsigned int&, unsigned int&)
0 192 0 0 64 0 0 64 0 0
40 128 1 1 0 0 0 128 0 0
fn=lob::v5::BookT<lob::ChecksumSink, 16u>::index_insert(unsigned long, unsigned int)
0 2252337 4 3 0 0 0 0 0 0
40 1109082 0 0 0 0 0 1109082 0 0
46 4668 0 0 4668 0 0 0 0 0
640 3327438 1 1 2218292 0 0 0 0 0
650 192 0 0 0 0 0 64 0 0
fn=void lob::v5::BookT<lob::ChecksumSink, 16u>::cancel_in<boost::unordered::unordered_flat_map<unsigned int, unsigned int, boost::hash<unsigned int>, std::__1::equal_to<unsigned int>, std::__1::allocator<std::__1::pair<unsigned int const, unsigned int> > >, unsigned int>(boost::unordered::unordered_flat_map<unsigned int, unsigned int, boost::hash<unsigned int>, std::__1::equal_to<unsigned int>, std::__1::allocator<std::__1::pair<unsigned int const, unsigned int> > >&, unsigned int, unsigned long)
40 1109146 0 0 0 0 0 1109146 0 0
140 1109146 1 1 0 0 0 0 0 0
fl=/home/wang/git-repositories/vcpkg/installed/x64-linux-clang-libcxx/include/boost/unordered/detail/mulx.hpp
fn=_ZN5boost9unordered6detail3foa10table_coreINS2_14flat_map_typesIjjEENS2_7group15INS2_14plain_integralEEENS2_12table_arraysENS2_18plain_size_controlENS_4hashIjEENSt3__18equal_toIjEENSD_9allocatorINSD_4pairIKjjEEEEE22for_all_elements_whileIZNSL_22for_all_elements_whileIZNSL_16for_all_elementsIZNSL_16unchecked_rehashERNS9_ISJ_S8_NS2_16pow2_size_policyESK_EEEUlPSJ_E_EEDTcmclfL1p0_LDnEEcvv_EERKSQ_T_EUlSS_E_EESU_SW_SX_EUlPS8_jSS_E_EEDTcmclfp0_LDnELi0ELDnEEcvv_EESW_SX_
45 29646 0 0 0 0 0 0 0 0
46 29646 0 0 0 0 0 0 0 0
fn=auto lob::for_each_type<std::__1::tuple<lob::v0::Book<lob::ChecksumSink>, lob::v1::Book<lob::ChecksumSink>, lob::v2::Book<lob::ChecksumSink>, lob::v3::BookT<lob::ChecksumSink, 16u>, lob::v4::BookT<lob::ChecksumSink, 16u>, lob::v5::BookT<lob::ChecksumSink, 16u> >, (anonymous namespace)::with_version<(anonymous namespace)::cmd_replay((anonymous namespace)::Args const&)::$_0>(std::__1::basic_string_view<char, std::__1::char_traits<char> >, (anonymous namespace)::cmd_replay((anonymous namespace)::Args const&)::$_0&&)::{lambda<typename $T0>()#1}>((anonymous namespace)::with_version<(anonymous namespace)::cmd_replay((anonymous namespace)::Args const&)::$_0>(std::__1::basic_string_view<char, std::__1::char_traits<char> >, (anonymous namespace)::cmd_replay((anonymous namespace)::Args const&)::$_0&&)::{lambda<typename $T0>()#1}&&)::{lambda<unsigned long... $N0>(std::__1::integer_sequence<unsigned long, ($N0)...>)#1}::operator()<0ul, 1ul, 2ul, 3ul, 4ul, 5ul>(std::__1::integer_sequence<unsigned long, 0ul, 1ul, 2ul, 3ul, 4ul, 5ul>) const
45 2218293 2 2 0 0 0 0 0 0
46 1109146 0 0 0 0 0 0 0 0
fn=lob::v5::BookT<lob::ChecksumSink, 16u>::index_insert(unsigned long, unsigned int)
45 1109146 0 0 0 0 0 0 0 0
46 1109146 1 1 0 0 0 0 0 0
fn=void lob::v5::BookT<lob::ChecksumSink, 16u>::cancel_in<boost::unordered::unordered_flat_map<unsigned int, unsigned int, boost::hash<unsigned int>, std::__1::equal_to<unsigned int>, std::__1::allocator<std::__1::pair<unsigned int const, unsigned int> > >, unsigned int>(boost::unordered::unordered_flat_map<unsigned int, unsigned int, boost::hash<unsigned int>, std::__1::equal_to<unsigned int>, std::__1::allocator<std::__1::pair<unsigned int const, unsigned int> > >&, unsigned int, unsigned long)
45 2218292 0 0 0 0 0 0 0 0
46 1109146 0 0 0 0 0 0 0 0
fn=void lob::v5::BookT<lob::ChecksumSink, 16u>::modify_in<boost::unordered::unordered_flat_map<unsigned int, unsigned int, boost::hash<unsigned int>, std::__1::equal_to<unsigned int>, std::__1::allocator<std::__1::pair<unsigned int const, unsigned int> > >, unsigned int>(boost::unordered::unordered_flat_map<unsigned int, unsigned int, boost::hash<unsigned int>, std::__1::equal_to<unsigned int>, std::__1::allocator<std::__1::pair<unsigned int const, unsigned int> > >&, unsigned int, unsigned long, long, unsigned int)
0 31166 0 0 0 0 0 0 0 0
45 62332 0 0 0 0 0 0 0 0
46 31166 0 0 0 0 0 0 0 0
fl=/home/wang/sources/cxx/book/include/lob/events.hpp
fn=lob::v5::BookT<lob::ChecksumSink, 16u>::rest(unsigned long, lob::Side, long, unsigned int)
81 1109146 0 0 0 0 0 0 0 0
92 1109146 0 0 1109146 11 2 0 0 0
93 14418898 1 1 1109146 0 0 1109146 0 0
fn=void lob::v5::BookT<lob::ChecksumSink, 16u>::cancel_in<boost::unordered::unordered_flat_map<unsigned int, unsigned int, boost::hash<unsigned int>, std::__1::equal_to<unsigned int>, std::__1::allocator<std::__1::pair<unsigned int const, unsigned int> > >, unsigned int>(boost::unordered::unordered_flat_map<unsigned int, unsigned int, boost::hash<unsigned int>, std::__1::equal_to<unsigned int>, std::__1::allocator<std::__1::pair<unsigned int const, unsigned int> > >&, unsigned int, unsigned long)
92 1109146 0 0 1109146 0 0 0 0 0
93 6654876 1 1 2218292 0 0 0 0 0
fn=void lob::v5::BookT<lob::ChecksumSink, 16u>::modify_in<boost::unordered::unordered_flat_map<unsigned int, unsigned int, boost::hash<unsigned int>, std::__1::equal_to<unsigned int>, std::__1::allocator<std::__1::pair<unsigned int const, unsigned int> > >, unsigned int>(boost::unordered::unordered_flat_map<unsigned int, unsigned int, boost::hash<unsigned int>, std::__1::equal_to<unsigned int>, std::__1::allocator<std::__1::pair<unsigned int const, unsigned int> > >&, unsigned int, unsigned long, long, unsigned int)
92 31166 0 0 31166 0 0 0 0 0
93 280494 0 0 31166 0 0 31166 0 0
fl=/home/wang/sources/cxx/book/include/lob/replay.hpp
fn=auto lob::for_each_type<std::__1::tuple<lob::v0::Book<lob::ChecksumSink>, lob::v1::Book<lob::ChecksumSink>, lob::v2::Book<lob::ChecksumSink>, lob::v3::BookT<lob::ChecksumSink, 16u>, lob::v4::BookT<lob::ChecksumSink, 16u>, lob::v5::BookT<lob::ChecksumSink, 16u> >, (anonymous namespace)::with_version<(anonymous namespace)::cmd_replay((anonymous namespace)::Args const&)::$_0>(std::__1::basic_string_view<char, std::__1::char_traits<char> >, (anonymous namespace)::cmd_replay((anonymous namespace)::Args const&)::$_0&&)::{lambda<typename $T0>()#1}>((anonymous namespace)::with_version<(anonymous namespace)::cmd_replay((anonymous namespace)::Args const&)::$_0>(std::__1::basic_string_view<char, std::__1::char_traits<char> >, (anonymous namespace)::cmd_replay((anonymous namespace)::Args const&)::$_0&&)::{lambda<typename $T0>()#1}&&)::{lambda<unsigned long... $N0>(std::__1::integer_sequence<unsigned long, ($N0)...>)#1}::operator()<0ul, 1ul, 2ul, 3ul, 4ul, 5ul>(std::__1::integer_sequence<unsigned long, 0ul, 1ul, 2ul, 3ul, 4ul, 5ul>) const
0 2249460 0 0 2249459 281183 281183 0 0 0
21 11184958 1 1 2249458 420522 420512 0 0 0
23 3327438 1 1 3327438 137943 137943 0 0 0
29 62332 1 1 62332 3910 3910 0 0 0
37 2249459 0 0 0 0 0 0 0 0
fl=/home/wang/sources/cxx/book/include/lob/v3/hier_bitmap.hpp
fn=lob::v5::BookT<lob::ChecksumSink, 16u>::remove_node(unsigned int)
0 122351 0 0 0 0 0 0 0 0
67 231369 0 0 0 0 0 0 0 0
68 585241 1 1 122351 809 47 0 0 0
fn=lob::v5::BookT<lob::ChecksumSink, 16u>::rest(unsigned long, lob::Side, long, unsigned int)
0 152 0 0 0 0 0 0 0 0
57 231369 0 0 0 0 0 0 0 0
58 366825 0 0 122275 276 71 0 0 0
59 366977 1 1 244626 1 1 244550 13 2
fn=unsigned int lob::v5::BookT<lob::ChecksumSink, 16u>::match<(lob::Side)0>(unsigned long, long, unsigned int)
0 538677 0 0 538677 0 0 0 0 0
48 1616039 3 2 1077362 14 2 0 0 0
79 2693385 0 0 0 0 0 0 0 0
fn=unsigned int lob::v5::BookT<lob::ChecksumSink, 16u>::match<(lob::Side)1>(unsigned long, long, unsigned int)
0 570463 0 0 570463 0 0 0 0 0
48 1711393 2 2 1140930 17 5 0 0 0
89 5704630 0 0 0 0 0 0 0 0
fl=/home/wang/sources/cxx/book/include/lob/v5/book.hpp
fn=auto lob::for_each_type<std::__1::tuple<lob::v0::Book<lob::ChecksumSink>, lob::v1::Book<lob::ChecksumSink>, lob::v2::Book<lob::ChecksumSink>, lob::v3::BookT<lob::ChecksumSink, 16u>, lob::v4::BookT<lob::ChecksumSink, 16u>, lob::v5::BookT<lob::ChecksumSink, 16u> >, (anonymous namespace)::with_version<(anonymous namespace)::cmd_replay((anonymous namespace)::Args const&)::$_0>(std::__1::basic_string_view<char, std::__1::char_traits<char> >, (anonymous namespace)::cmd_replay((anonymous namespace)::Args const&)::$_0&&)::{lambda<typename $T0>()#1}>((anonymous namespace)::with_version<(anonymous namespace)::cmd_replay((anonymous namespace)::Args const&)::$_0>(std::__1::basic_string_view<char, std::__1::char_traits<char> >, (anonymous namespace)::cmd_replay((anonymous namespace)::Args const&)::$_0&&)::{lambda<typename $T0>()#1}&&)::{lambda<unsigned long... $N0>(std::__1::integer_sequence<unsigned long, ($N0)...>)#1}::operator()<0ul, 1ul, 2ul, 3ul, 4ul, 5ul>(std::__1::integer_sequence<unsigned long, 0ul, 1ul, 2ul, 3ul, 4ul, 5ul>) const
0 570465 0 0 0 0 0 0 0 0
82 2218292 0 0 0 0 0 0 0 0
83 2218292 0 0 0 0 0 0 0 0
91 5545730 2 2 0 0 0 1109146 0 0
99 155830 0 0 0 0 0 31166 0 0
248 17995658 2 2 4498915 11 4 0 0 0
390 2218292 0 0 0 0 0 0 0 0
391 2154724 0 0 0 0 0 538681 0 0
393 2281860 0 0 0 0 0 570465 0 0
394 2218292 1 1 0 0 0 0 0 0
395 7764022 0 0 0 0 0 1109146 0 0
fn=auto lob::v5::BookT<lob::ChecksumSink, 16u>::remove_node(unsigned int)::{lambda(auto:1&)#1}::operator()<std::__1::map<long, lob::v5::BookT<lob::ChecksumSink, 16u>::Level, std::__1::greater<void>, std::__1::allocator<std::__1::pair<long const, lob::v5::BookT<lob::ChecksumSink, 16u>::Level> > > >(std::__1::map<long, lob::v5::BookT<lob::ChecksumSink, 16u>::Level, std::__1::greater<void>, std::__1::allocator<std::__1::pair<long const, lob::v5::BookT<lob::ChecksumSink, 16u>::Level> > >&) const
0 21 0 0 14 0 0 0 0 0
360 14 0 0 7 0 0 7 0 0
361 7 0 0 0 0 0 7 0 0
378 21 0 0 7 0 0 0 0 0
379 3 0 0 0 0 0 3 3 3
381 4 0 0 0 0 0 4 0 0
382 14 1 1 0 0 0 0 0 0
385 7 0 0 0 0 0 7 0 0
386 7 0 0 7 0 0 0 0 0
478 14 0 0 0 0 0 7 0 0
479 7 0 0 7 0 0 0 0 0
481 14 0 0 14 0 0 0 0 0
482 14 0 0 14 0 0 0 0 0
483 7 0 0 7 0 0 0 0 0
484 14 1 1 7 0 0 0 0 0
485 6 0 0 6 0 0 0 0 0
fn=auto lob::v5::BookT<lob::ChecksumSink, 16u>::remove_node(unsigned int)::{lambda(auto:1&)#1}::operator()<std::__1::map<long, lob::v5::BookT<lob::ChecksumSink, 16u>::Level, std::__1::less<void>, std::__1::allocator<std::__1::pair<long const, lob::v5::BookT<lob::ChecksumSink, 16u>::Level> > > >(std::__1::map<long, lob::v5::BookT<lob::ChecksumSink, 16u>::Level, std::__1::less<void>, std::__1::allocator<std::__1::pair<long const, lob::v5::BookT<lob::ChecksumSink, 16u>::Level> > >&) const
0 30 1 1 20 0 0 0 0 0
360 20 0 0 10 0 0 10 0 0
361 10 0 0 0 0 0 10 0 0
378 30 0 0 10 0 0 0 0 0
381 10 0 0 0 0 0 10 0 0
382 20 0 0 0 0 0 0 0 0
385 10 0 0 0 0 0 10 0 0
386 10 1 1 10 0 0 0 0 0
478 20 1 1 0 0 0 10 0 0
479 10 0 0 10 0 0 0 0 0
481 20 0 0 20 1 1 0 0 0
482 20 0 0 20 0 0 0 0 0
483 10 0 0 10 0 0 0 0 0
484 20 0 0 10 0 0 0 0 0
fn=lob::v5::BookT<lob::ChecksumSink, 16u>::alloc_node(unsigned long, lob::Side, long, unsigned int)
0 1109146 0 0 0 0 0 0 0 0
346 7764022 1 1 0 0 0 6654876 1 1
347 2218292 1 1 1109146 0 0 0 0 0
348 1109146 0 0 0 0 0 0 0 0
349 3321591 0 0 1107197 7672 3 1107197 0 0
350 1107197 0 0 0 0 0 0 0 0
351 3898 0 0 0 0 0 0 0 0
355 5547679 1 1 0 0 0 5545730 0 0
356 9982314 0 0 7764022 1 0 0 0 0
fn=lob::v5::BookT<lob::ChecksumSink, 16u>::index_insert(unsigned long, unsigned int)
0 2 0 0 0 0 0 0 0 0
248 6654876 1 1 1109146 0 0 0 0 0
249 1109146 0 0 0 0 0 1109146 0 0
268 11091460 1 1 0 0 0 8873168 2 0
269 2218292 0 0 1109146 1 0 0 0 0
270 4 0 0 0 0 0 1 0 0
271 1 0 0 0 0 0 1 0 0
275 1109146 0 0 0 0 0 0 0 0
278 8873168 1 1 7764022 20 4 0 0 0
fn=lob::v5::BookT<lob::ChecksumSink, 16u>::remove_node(unsigned int)
0 1218240 0 0 1218223 0 0 0 0 0
324 2218292 0 0 1109146 6 2 0 0 0
326 2218292 0 0 1109146 0 0 0 0 0
328 1109146 0 0 1109146 0 0 0 0 0
329 8873168 1 1 0 0 0 0 0 0
331 2218292 0 0 0 0 0 0 0 0
360 2218258 0 0 1109129 0 0 1109129 0 0
361 1109129 0 0 0 0 0 1109129 0 0
378 4436516 0 0 1109129 0 0 0 0 0
379 926891 1 1 0 0 0 926891 45048 225
381 182238 1 1 0 0 0 182238 531 74
382 2218258 0 0 0 0 0 0 0 0
383 1017664 0 0 0 0 0 508832 16401 246
385 600297 0 0 0 0 0 600297 302 9
386 1109129 0 0 1109129 822 48 0 0 0
468 4436584 1 1 0 0 0 2218292 0 0
469 1109146 0 0 0 0 0 0 0 0
470 1109146 0 0 1109146 6 0 0 0 0
471 3327387 0 0 1109129 0 0 0 0 0
472 2218258 0 0 2218258 7475 610 0 0 0
473 1109129 0 0 1109129 0 0 0 0 0
476 2545540 1 1 1109129 89 18 0 0 0
478 68 0 0 0 0 0 51 0 0
486 34 0 0 17 0 0 0 0 0
487 21 0 0 0 0 0 7 0 0
489 30 0 0 0 0 0 10 0 0
491 3327438 0 0 2218292 0 0 0 0 0
fn=lob::v5::BookT<lob::ChecksumSink, 16u>::rest(unsigned long, lob::Side, long, unsigned int)
0 109094 0 0 109094 0 0 0 0 0
230 14 0 0 0 0 0 14 0 0
232 28 0 0 0 0 0 14 0 0
326 3327438 0 0 1109146 0 0 0 0 0
328 1109146 1 1 1109146 0 0 0 0 0
329 8873168 0 0 0 0 0 0 0 0
331 2218292 0 0 0 0 0 0 0 0
336 4 0 0 0 0 0 1 0 0
337 1 0 0 0 0 0 1 0 0
366 4436584 1 1 1109146 0 0 1109146 0 0
367 2218292 1 1 0 0 0 1109146 0 0
368 1109146 0 0 0 0 0 0 0 0
369 2000076 0 0 0 0 0 1000038 13956 116
371 109108 0 0 0 0 0 109108 0 0
372 1109146 0 0 0 0 0 1109146 0 0
373 1109146 0 0 1109146 3150 296 0 0 0
449 13309752 1 1 0 0 0 6654876 0 0
450 2218292 0 0 0 0 0 1109146 0 0
451 2218302 1 1 1109147 1 0 0 0 0
455 3327387 0 0 1109129 0 0 0 0 0
456 2545540 1 1 1109129 10607 1256 0 0 0
458 68 0 0 0 0 0 17 0 0
461 2218292 0 0 1109146 0 0 0 0 0
462 4436584 0 0 0 0 0 1109146 0 0
463 1109146 0 0 1109146 11 4 0 0 0
464 8873168 1 1 7764022 11 2 0 0 0
fn=unsigned int lob::v5::BookT<lob::ChecksumSink, 16u>::match<(lob::Side)0>(unsigned long, long, unsigned int)
0 2171539 1 1 0 0 0 538681 0 0
333 1077354 0 0 538677 0 0 0 0 0
401 4848129 1 1 0 0 0 4309448 0 0
410 1077362 0 0 0 0 0 0 0 0
413 1616043 0 0 0 0 0 0 0 0
416 538677 0 0 0 0 0 0 0 0
421 2104263 1 1 521862 12 3 0 0 0
422 521862 0 0 0 0 0 0 0 0
423 1616031 0 0 538677 0 0 0 0 0
446 4848129 1 1 3770767 0 0 0 0 0
fn=unsigned int lob::v5::BookT<lob::ChecksumSink, 16u>::match<(lob::Side)1>(unsigned long, long, unsigned int)
0 2289569 1 1 0 0 0 570465 0 0
333 1140926 1 1 570463 0 0 0 0 0
401 5134185 1 1 0 0 0 4563720 1 1
410 1140930 0 0 0 0 0 0 0 0
413 1711395 0 0 0 0 0 0 0 0
416 570463 0 0 0 0 0 0 0 0
421 2258725 0 0 562754 12 3 0 0 0
422 562754 0 0 0 0 0 0 0 0
423 1711389 0 0 570463 0 0 0 0 0
446 5134185 1 1 3993255 0 0 0 0 0
fn=void lob::v5::BookT<lob::ChecksumSink, 16u>::cancel_in<boost::unordered::unordered_flat_map<unsigned int, unsigned int, boost::hash<unsigned int>, std::__1::equal_to<unsigned int>, std::__1::allocator<std::__1::pair<unsigned int const, unsigned int> > >, unsigned int>(boost::unordered::unordered_flat_map<unsigned int, unsigned int, boost::hash<unsigned int>, std::__1::equal_to<unsigned int>, std::__1::allocator<std::__1::pair<unsigned int const, unsigned int> > >&, unsigned int, unsigned long)
0 5545730 0 0 1109146 0 0 2218292 0 0
289 11091460 1 1 0 0 0 7764022 0 0
292 1109146 0 0 1109146 0 0 0 0 0
293 1109146 0 0 1109146 32035 358 0 0 0
294 1109146 0 0 0 0 0 1109146 0 0
296 1109146 0 0 1109146 0 0 0 0 0
297 8873168 0 0 7764022 0 0 0 0 0
fn=void lob::v5::BookT<lob::ChecksumSink, 16u>::modify_in<boost::unordered::unordered_flat_map<unsigned int, unsigned int, boost::hash<unsigned int>, std::__1::equal_to<unsigned int>, std::__1::allocator<std::__1::pair<unsigned int const, unsigned int> > >, unsigned int>(boost::unordered::unordered_flat_map<unsigned int, unsigned int, boost::hash<unsigned int>, std::__1::equal_to<unsigned int>, std::__1::allocator<std::__1::pair<unsigned int const, unsigned int> > >&, unsigned int, unsigned long, long, unsigned int)
0 311660 1 1 93498 0 0 0 0 0
300 280494 2 2 0 0 0 218162 0 0
303 62332 1 1 0 0 0 0 0 0
304 62332 0 0 0 0 0 0 0 0
306 31166 1 1 31166 0 0 0 0 0
308 124664 0 0 31166 210 0 0 0 0
309 62332 2 2 31166 6 0 0 0 0
310 31166 0 0 0 0 0 31166 0 0
311 31166 1 1 31166 0 0 0 0 0
312 31166 0 0 0 0 0 0 0 0
320 249328 0 0 218162 0 0 0 0 0
324 62332 0 0 31166 0 0 0 0 0
326 93498 1 1 31166 0 0 0 0 0
328 31166 0 0 31166 0 0 0 0 0
329 249328 1 1 0 0 0 0 0 0
331 93498 0 0 0 0 0 0 0 0
341 62332 0 0 0 0 0 0 0 0
fl=/home/wang/sources/cxx/book/source/main.cxx
fn=auto lob::for_each_type<std::__1::tuple<lob::v0::Book<lob::ChecksumSink>, lob::v1::Book<lob::ChecksumSink>, lob::v2::Book<lob::ChecksumSink>, lob::v3::BookT<lob::ChecksumSink, 16u>, lob::v4::BookT<lob::ChecksumSink, 16u>, lob::v5::BookT<lob::ChecksumSink, 16u> >, (anonymous namespace)::with_version<(anonymous namespace)::cmd_replay((anonymous namespace)::Args const&)::$_0>(std::__1::basic_string_view<char, std::__1::char_traits<char> >, (anonymous namespace)::cmd_replay((anonymous namespace)::Args const&)::$_0&&)::{lambda<typename $T0>()#1}>((anonymous namespace)::with_version<(anonymous namespace)::cmd_replay((anonymous namespace)::Args const&)::$_0>(std::__1::basic_string_view<char, std::__1::char_traits<char> >, (anonymous namespace)::cmd_replay((anonymous namespace)::Args const&)::$_0&&)::{lambda<typename $T0>()#1}&&)::{lambda<unsigned long... $N0>(std::__1::integer_sequence<unsigned long, ($N0)...>)#1}::operator()<0ul, 1ul, 2ul, 3ul, 4ul, 5ul>(std::__1::integer_sequence<unsigned long, 0ul, 1ul, 2ul, 3ul, 4ul, 5ul>) const
0 1 0 0 0 0 0 0 0 0
293 2 2 2 0 0 0 1 1 1
294 1 0 0 1 1 1 0 0 0
295 9 3 3 0 0 0 6 1 1
fl=/usr/include/c++/v1/__bit/countl.h
fn=unsigned int lob::v5::BookT<lob::ChecksumSink, 16u>::match<(lob::Side)1>(unsigned long, long, unsigned int)
28 2281852 0 0 1140926 22 4 0 0 0
fl=/usr/include/c++/v1/__bit/countr.h
fn=unsigned int lob::v5::BookT<lob::ChecksumSink, 16u>::match<(lob::Side)0>(unsigned long, long, unsigned int)
28 2693385 0 0 1077354 24 4 0 0 0
fl=/usr/include/c++/v1/__functional/operations.h
fn=auto lob::for_each_type<std::__1::tuple<lob::v0::Book<lob::ChecksumSink>, lob::v1::Book<lob::ChecksumSink>, lob::v2::Book<lob::ChecksumSink>, lob::v3::BookT<lob::ChecksumSink, 16u>, lob::v4::BookT<lob::ChecksumSink, 16u>, lob::v5::BookT<lob::ChecksumSink, 16u> >, (anonymous namespace)::with_version<(anonymous namespace)::cmd_replay((anonymous namespace)::Args const&)::$_0>(std::__1::basic_string_view<char, std::__1::char_traits<char> >, (anonymous namespace)::cmd_replay((anonymous namespace)::Args const&)::$_0&&)::{lambda<typename $T0>()#1}>((anonymous namespace)::with_version<(anonymous namespace)::cmd_replay((anonymous namespace)::Args const&)::$_0>(std::__1::basic_string_view<char, std::__1::char_traits<char> >, (anonymous namespace)::cmd_replay((anonymous namespace)::Args const&)::$_0&&)::{lambda<typename $T0>()#1}&&)::{lambda<unsigned long... $N0>(std::__1::integer_sequence<unsigned long, ($N0)...>)#1}::operator()<0ul, 1ul, 2ul, 3ul, 4ul, 5ul>(std::__1::integer_sequence<unsigned long, 0ul, 1ul, 2ul, 3ul, 4ul, 5ul>) const
300 30402 0 0 30402 15435 0 0 0 0
fn=auto lob::v5::BookT<lob::ChecksumSink, 16u>::remove_node(unsigned int)::{lambda(auto:1&)#1}::operator()<std::__1::map<long, lob::v5::BookT<lob::ChecksumSink, 16u>::Level, std::__1::greater<void>, std::__1::allocator<std::__1::pair<long const, lob::v5::BookT<lob::ChecksumSink, 16u>::Level> > > >(std::__1::map<long, lob::v5::BookT<lob::ChecksumSink, 16u>::Level, std::__1::greater<void>, std::__1::allocator<std::__1::pair<long const, lob::v5::BookT<lob::ChecksumSink, 16u>::Level> > >&) const
462 49 1 1 21 6 3 0 0 0
fn=auto lob::v5::BookT<lob::ChecksumSink, 16u>::remove_node(unsigned int)::{lambda(auto:1&)#1}::operator()<std::__1::map<long, lob::v5::BookT<lob::ChecksumSink, 16u>::Level, std::__1::less<void>, std::__1::allocator<std::__1::pair<long const, lob::v5::BookT<lob::ChecksumSink, 16u>::Level> > > >(std::__1::map<long, lob::v5::BookT<lob::ChecksumSink, 16u>::Level, std::__1::less<void>, std::__1::allocator<std::__1::pair<long const, lob::v5::BookT<lob::ChecksumSink, 16u>::Level> > >&) const
375 70 1 1 30 2 2 0 0 0
fn=lob::v5::BookT<lob::ChecksumSink, 16u>::index_insert(unsigned long, unsigned int)
300 30402 0 0 30402 0 0 0 0 0
fn=lob::v5::BookT<lob::ChecksumSink, 16u>::rest(unsigned long, lob::Side, long, unsigned int)
375 38 0 0 19 0 0 0 0 0
462 20 0 0 10 2 0 0 0 0
fn=void lob::v5::BookT<lob::ChecksumSink, 16u>::cancel_in<boost::unordered::unordered_flat_map<unsigned int, unsigned int, boost::hash<unsigned int>, std::__1::equal_to<unsigned int>, std::__1::allocator<std::__1::pair<unsigned int const, unsigned int> > >, unsigned int>(boost::unordered::unordered_flat_map<unsigned int, unsigned int, boost::hash<unsigned int>, std::__1::equal_to<unsigned int>, std::__1::allocator<std::__1::pair<unsigned int const, unsigned int> > >&, unsigned int, unsigned long)
300 1136212 0 0 1136212 37257 0 0 0 0
fn=void lob::v5::BookT<lob::ChecksumSink, 16u>::modify_in<boost::unordered::unordered_flat_map<unsigned int, unsigned int, boost::hash<unsigned int>, std::__1::equal_to<unsigned int>, std::__1::allocator<std::__1::pair<unsigned int const, unsigned int> > >, unsigned int>(boost::unordered::unordered_flat_map<unsigned int, unsigned int, boost::hash<unsigned int>, std::__1::equal_to<unsigned int>, std::__1::allocator<std::__1::pair<unsigned int const, unsigned int> > >&, unsigned int, unsigned long, long, unsigned int)
300 31938 0 0 31938 360 0 0 0 0
fl=/usr/include/c++/v1/__iterator/wrap_iter.h
fn=auto lob::for_each_type<std::__1::tuple<lob::v0::Book<lob::ChecksumSink>, lob::v1::Book<lob::ChecksumSink>, lob::v2::Book<lob::ChecksumSink>, lob::v3::BookT<lob::ChecksumSink, 16u>, lob::v4::BookT<lob::ChecksumSink, 16u>, lob::v5::BookT<lob::ChecksumSink, 16u> >, (anonymous namespace)::with_version<(anonymous namespace)::cmd_replay((anonymous namespace)::Args const&)::$_0>(std::__1::basic_string_view<char, std::__1::char_traits<char> >, (anonymous namespace)::cmd_replay((anonymous namespace)::Args const&)::$_0&&)::{lambda<typename $T0>()#1}>((anonymous namespace)::with_version<(anonymous namespace)::cmd_replay((anonymous namespace)::Args const&)::$_0>(std::__1::basic_string_view<char, std::__1::char_traits<char> >, (anonymous namespace)::cmd_replay((anonymous namespace)::Args const&)::$_0&&)::{lambda<typename $T0>()#1}&&)::{lambda<unsigned long... $N0>(std::__1::integer_sequence<unsigned long, ($N0)...>)#1}::operator()<0ul, 1ul, 2ul, 3ul, 4ul, 5ul>(std::__1::integer_sequence<unsigned long, 0ul, 1ul, 2ul, 3ul, 4ul, 5ul>) const
65 2249458 0 0 0 0 0 0 0 0
125 2249459 0 0 2249458 11 2 0 0 0
fl=/usr/include/c++/v1/__math/rounding_functions.h
fn=boost::unordered::detail::foa::table_locator<boost::unordered::detail::foa::group15<boost::unordered::detail::foa::plain_integral>, std::__1::pair<unsigned int const, unsigned int> > boost::unordered::detail::foa::table_core<boost::unordered::detail::foa::flat_map_types<unsigned int, unsigned int>, boost::unordered::detail::foa::group15<boost::unordered::detail::foa::plain_integral>, boost::unordered::detail::foa::table_arrays, boost::unordered::detail::foa::plain_size_control, boost::hash<unsigned int>, std::__1::equal_to<unsigned int>, std::__1::allocator<std::__1::pair<unsigned int const, unsigned int> > >::unchecked_emplace_with_rehash<boost::unordered::detail::foa::try_emplace_args_t, unsigned int&, unsigned int&>(unsigned long, boost::unordered::detail::foa::try_emplace_args_t&&, unsigned int&, unsigned int&)
29 64 0 0 0 0 0 0 0 0
fl=/usr/include/c++/v1/__memory/allocator.h
fn=lob::v5::BookT<lob::ChecksumSink, 16u>::alloc_node(unsigned long, lob::Side, long, unsigned int)
100 24 0 0 0 0 0 0 0 0
fl=/usr/include/c++/v1/__memory/construct_at.h
fn=lob::v5::BookT<lob::ChecksumSink, 16u>::alloc_node(unsigned long, lob::Side, long, unsigned int)
38 3898 0 0 0 0 0 1949 978 973
fl=/usr/include/c++/v1/__memory/uninitialized_algorithms.h
fn=lob::v5::BookT<lob::ChecksumSink, 16u>::alloc_node(unsigned long, lob::Side, long, unsigned int)
0 12 0 0 12 1 0 0 0 0
638 60 0 0 0 0 0 12 0 0
fl=/usr/include/c++/v1/__new/allocate.h
fn=auto lob::v5::BookT<lob::ChecksumSink, 16u>::remove_node(unsigned int)::{lambda(auto:1&)#1}::operator()<std::__1::map<long, lob::v5::BookT<lob::ChecksumSink, 16u>::Level, std::__1::greater<void>, std::__1::allocator<std::__1::pair<long const, lob::v5::BookT<lob::ChecksumSink, 16u>::Level> > > >(std::__1::map<long, lob::v5::BookT<lob::ChecksumSink, 16u>::Level, std::__1::greater<void>, std::__1::allocator<std::__1::pair<long const, lob::v5::BookT<lob::ChecksumSink, 16u>::Level> > >&) const
63 16 0 0 4 0 0 0 0 0
fn=auto lob::v5::BookT<lob::ChecksumSink, 16u>::remove_node(unsigned int)::{lambda(auto:1&)#1}::operator()<std::__1::map<long, lob::v5::BookT<lob::ChecksumSink, 16u>::Level, std::__1::less<void>, std::__1::allocator<std::__1::pair<long const, lob::v5::BookT<lob::ChecksumSink, 16u>::Level> > > >(std::__1::map<long, lob::v5::BookT<lob::ChecksumSink, 16u>::Level, std::__1::less<void>, std::__1::allocator<std::__1::pair<long const, lob::v5::BookT<lob::ChecksumSink, 16u>::Level> > >&) const
63 40 0 0 10 0 0 0 0 0
fn=boost::unordered::detail::foa::table_core<boost::unordered::detail::foa::flat_map_types<unsigned int, unsigned int>, boost::unordered::detail::foa::group15<boost::unordered::detail::foa::plain_integral>, boost::unordered::detail::foa::table_arrays, boost::unordered::detail::foa::plain_size_control, boost::hash<unsigned int>, std::__1::equal_to<unsigned int>, std::__1::allocator<std::__1::pair<unsigned int const, unsigned int> > >::unchecked_rehash(boost::unordered::detail::foa::table_arrays<std::__1::pair<unsigned int const, unsigned int>, boost::unordered::detail::foa::group15<boost::unordered::detail::foa::plain_integral>, boost::unordered::detail::foa::pow2_size_policy, std::__1::allocator<std::__1::pair<unsigned int const, unsigned int> > >&)
63 63 0 0 0 0 0 63 0 0
fn=boost::unordered::detail::foa::table_locator<boost::unordered::detail::foa::group15<boost::unordered::detail::foa::plain_integral>, std::__1::pair<unsigned int const, unsigned int> > boost::unordered::detail::foa::table_core<boost::unordered::detail::foa::flat_map_types<unsigned int, unsigned int>, boost::unordered::detail::foa::group15<boost::unordered::detail::foa::plain_integral>, boost::unordered::detail::foa::table_arrays, boost::unordered::detail::foa::plain_size_control, boost::hash<unsigned int>, std::__1::equal_to<unsigned int>, std::__1::allocator<std::__1::pair<unsigned int const, unsigned int> > >::unchecked_emplace_with_rehash<boost::unordered::detail::foa::try_emplace_args_t, unsigned int&, unsigned int&>(unsigned long, boost::unordered::detail::foa::try_emplace_args_t&&, unsigned int&, unsigned int&)
43 128 0 0 0 0 0 64 0 0
fn=lob::v5::BookT<lob::ChecksumSink, 16u>::alloc_node(unsigned long, lob::Side, long, unsigned int)
0 71 1 1 71 0 0 0 0 0
37 12 0 0 0 0 0 0 0 0
43 24 0 0 0 0 0 12 0 0
63 33 0 0 0 0 0 11 0 0
fn=lob::v5::BookT<lob::ChecksumSink, 16u>::rest(unsigned long, lob::Side, long, unsigned int)
43 42 1 1 0 0 0 14 0 0
fl=/usr/include/c++/v1/__split_buffer
fn=lob::v5::BookT<lob::ChecksumSink, 16u>::alloc_node(unsigned long, lob::Side, long, unsigned int)
334 12 0 0 0 0 0 0 0 0
335 12 0 0 0 0 0 0 0 0
341 24 0 0 0 0 0 0 0 0
fl=/usr/include/c++/v1/__tree
fn=auto lob::v5::BookT<lob::ChecksumSink, 16u>::remove_node(unsigned int)::{lambda(auto:1&)#1}::operator()<std::__1::map<long, lob::v5::BookT<lob::ChecksumSink, 16u>::Level, std::__1::greater<void>, std::__1::allocator<std::__1::pair<long const, lob::v5::BookT<lob::ChecksumSink, 16u>::Level> > > >(std::__1::map<long, lob::v5::BookT<lob::ChecksumSink, 16u>::Level, std::__1::greater<void>, std::__1::allocator<std::__1::pair<long const, lob::v5::BookT<lob::ChecksumSink, 16u>::Level> > >&) const
0 51 0 0 21 4 2 0 0 0
105 10 0 0 10 0 0 0 0 0
191 12 0 0 4 0 0 0 0 0
193 5 0 0 0 0 0 0 0 0
680 7 0 0 0 0 0 0 0 0
862 7 0 0 0 0 0 0 0 0
884 7 1 1 7 0 0 0 0 0
1824 8 0 0 4 0 0 0 0 0
1825 2 0 0 0 0 0 2 0 0
1826 4 0 0 4 0 0 0 0 0
1827 8 0 0 0 0 0 4 0 0
1994 14 0 0 0 0 0 0 0 0
2049 42 0 0 0 0 0 0 0 0
2050 14 0 0 0 0 0 0 0 0
fn=auto lob::v5::BookT<lob::ChecksumSink, 16u>::remove_node(unsigned int)::{lambda(auto:1&)#1}::operator()<std::__1::map<long, lob::v5::BookT<lob::ChecksumSink, 16u>::Level, std::__1::less<void>, std::__1::allocator<std::__1::pair<long const, lob::v5::BookT<lob::ChecksumSink, 16u>::Level> > > >(std::__1::map<long, lob::v5::BookT<lob::ChecksumSink, 16u>::Level, std::__1::less<void>, std::__1::allocator<std::__1::pair<long const, lob::v5::BookT<lob::ChecksumSink, 16u>::Level> > >&) const
0 80 0 0 30 1 1 0 0 0
105 12 0 0 12 0 0 0 0 0
163 16 0 0 4 0 0 0 0 0
191 30 0 0 10 0 0 0 0 0
193 6 0 0 0 0 0 0 0 0
680 10 0 0 0 0 0 0 0 0
862 10 0 0 0 0 0 0 0 0
884 10 0 0 10 0 0 0 0 0
1824 20 0 0 10 0 0 0 0 0
1825 9 0 0 0 0 0 9 0 0
1826 10 0 0 10 0 0 0 0 0
1827 20 0 0 0 0 0 10 0 0
1994 20 0 0 0 0 0 0 0 0
2049 60 0 0 0 0 0 0 0 0
2050 20 0 0 0 0 0 0 0 0
fn=lob::v5::BookT<lob::ChecksumSink, 16u>::rest(unsigned long, lob::Side, long, unsigned int)
0 167 2 2 45 0 0 28 0 0
884 17 1 1 17 0 0 0 0 0
1591 36 1 1 0 0 0 0 0 0
1593 29 0 0 0 0 0 0 0 0
1594 76 0 0 19 1 0 0 0 0
1601 10 0 0 0 0 0 0 0 0
1602 21 0 0 7 0 0 0 0 0
1673 14 0 0 0 0 0 14 0 0
1674 14 0 0 0 0 0 14 0 0
1676 14 0 0 0 0 0 14 0 0
1677 56 0 0 28 0 0 0 0 0
1678 9 0 0 0 0 0 9 0 0
1679 42 0 0 14 0 0 14 0 0
1680 14 0 0 14 0 0 0 0 0
fn=unsigned int lob::v5::BookT<lob::ChecksumSink, 16u>::match<(lob::Side)0>(unsigned long, long, unsigned int)
915 521862 0 0 521862 0 0 0 0 0
fn=unsigned int lob::v5::BookT<lob::ChecksumSink, 16u>::match<(lob::Side)1>(unsigned long, long, unsigned int)
915 562754 0 0 562754 0 0 0 0 0
fn=void std::__1::__tree_balance_after_insert[abi:ne210105]<std::__1::__tree_node_base<void*>*>(std::__1::__tree_node_base<void*>*, std::__1::__tree_node_base<void*>*)
0 8 1 1 0 0 0 0 0 0
105 38 1 1 28 0 0 0 0 0
235 2 1 1 2 0 0 0 0 0
236 4 0 0 2 0 0 2 0 0
237 4 0 0 0 0 0 0 0 0
239 3 0 0 1 0 0 2 0 0
240 1 0 0 0 0 0 0 0 0
241 2 0 0 0 0 0 2 0 0
244 2 0 0 0 0 0 2 0 0
254 1 0 0 1 0 0 0 0 0
255 8 0 0 4 0 0 4 0 0
256 8 0 0 0 0 0 0 0 0
258 8 1 1 4 0 0 4 0 0
259 4 0 0 0 0 0 0 0 0
260 4 0 0 0 0 0 4 0 0
263 4 0 0 0 0 0 4 0 0
278 28 1 1 0 0 0 14 0 0
279 48 0 0 13 0 0 0 0 0
281 9 0 0 0 0 0 0 0 0
282 6 1 1 6 0 0 0 0 0
283 16 0 0 2 0 0 0 0 0
285 2 0 0 0 0 0 2 0 0
287 4 0 0 0 0 0 2 0 0
288 4 0 0 0 0 0 2 0 0
290 7 0 0 0 0 0 0 0 0
295 4 0 0 0 0 0 4 0 0
297 4 0 0 0 0 0 4 0 0
303 10 0 0 2 0 0 0 0 0
305 2 0 0 0 0 0 2 0 0
307 4 0 0 0 0 0 2 0 0
308 4 0 0 0 0 0 2 0 0
310 2 0 0 0 0 0 0 0 0
315 1 0 0 0 0 0 1 0 0
317 1 0 0 0 0 0 1 0 0
323 14 0 0 14 0 0 0 0 0
569 14 0 0 14 0 0 0 0 0
571 6 0 0 0 0 0 6 0 0
fn=void std::__1::__tree_remove[abi:ne210105]<std::__1::__tree_node_base<void*>*>(std::__1::__tree_node_base<void*>*, std::__1::__tree_node_base<void*>*)
0 41 1 1 7 0 0 7 0 0
105 88 1 1 45 0 0 0 0 0
163 3 0 0 1 0 0 0 0 0
235 2 0 0 2 0 0 0 0 0
236 4 0 0 2 0 0 2 0 0
237 4 0 0 0 0 0 0 0 0
239 4 0 0 2 0 0 2 0 0
240 2 0 0 0 0 0 0 0 0
241 2 0 0 0 0 0 2 0 0
244 2 0 0 0 0 0 2 0 0
254 1 0 0 1 0 0 0 0 0
255 6 0 0 3 0 0 3 0 0
256 6 0 0 0 0 0 0 0 0
258 6 1 1 3 0 0 3 0 0
259 3 0 0 0 0 0 0 0 0
260 1 1 1 0 0 0 1 0 0
262 4 0 0 0 0 0 2 0 0
263 3 0 0 0 0 0 3 0 0
339 60 2 2 15 0 0 0 0 0
341 14 0 0 14 0 0 0 0 0
345 28 0 0 0 0 0 0 0 0
346 9 0 0 3 0 0 3 0 0
347 14 0 0 0 0 0 0 0 0
348 12 0 0 0 0 0 12 0 0
349 24 0 0 0 0 0 0 0 0
350 8 0 0 8 0 0 0 0 0
354 2 0 0 0 0 0 2 0 0
358 14 0 0 14 0 0 0 0 0
361 36 0 0 0 0 0 0 0 0
363 2 1 1 1 0 0 1 0 0
364 1 0 0 0 0 0 0 0 0
365 1 0 0 0 0 0 1 0 0
368 2 0 0 1 0 0 1 0 0
370 2 0 0 1 0 0 1 0 0
371 2 0 0 0 0 0 0 0 0
373 2 0 0 1 0 0 1 0 0
374 2 1 1 0 0 0 0 0 0
379 38 0 0 0 0 0 0 0 0
392 20 0 0 0 0 0 0 0 0
393 3 0 0 0 0 0 3 0 0
401 7 0 0 0 0 0 0 0 0
403 12 1 1 0 0 0 0 0 0
415 22 1 1 8 1 1 0 0 0
416 12 0 0 4 0 0 0 0 0
417 4 0 0 0 0 0 4 0 0
420 11 0 0 1 0 0 0 0 0
429 6 1 1 2 0 0 0 0 0
431 2 0 0 0 0 0 2 0 0
432 2 0 0 0 0 0 2 0 0
439 4 0 0 2 0 0 2 0 0
440 2 0 0 0 0 0 2 0 0
441 2 0 0 0 0 0 2 0 0
446 2 1 1 0 0 0 0 0 0
458 5 1 1 2 0 0 0 0 0
472 1 0 0 0 0 0 0 0 0
482 2 0 0 1 0 0 1 0 0
483 1 0 0 0 0 0 1 0 0
484 1 0 0 0 0 0 1 0 0
492 14 0 0 14 0 0 0 0 0
569 7 1 1 7 0 0 0 0 0
571 4 0 0 0 0 0 4 0 0
fl=/usr/include/c++/v1/__utility/pair.h
fn=_ZN5boost9unordered6detail3foa10table_coreINS2_14flat_map_typesIjjEENS2_7group15INS2_14plain_integralEEENS2_12table_arraysENS2_18plain_size_controlENS_4hashIjEENSt3__18equal_toIjEENSD_9allocatorINSD_4pairIKjjEEEEE22for_all_elements_whileIZNSL_22for_all_elements_whileIZNSL_16for_all_elementsIZNSL_16unchecked_rehashERNS9_ISJ_S8_NS2_16pow2_size_policyESK_EEEUlPSJ_E_EEDTcmclfL1p0_LDnEEcvv_EERKSQ_T_EUlSS_E_EESU_SW_SX_EUlPS8_jSS_E_EEDTcmclfp0_LDnELi0ELDnEEcvv_EESW_SX_
196 88938 0 0 29646 0 0 59292 5286 1348
fn=boost::unordered::detail::foa::table_locator<boost::unordered::detail::foa::group15<boost::unordered::detail::foa::plain_integral>, std::__1::pair<unsigned int const, unsigned int> > boost::unordered::detail::foa::table_core<boost::unordered::detail::foa::flat_map_types<unsigned int, unsigned int>, boost::unordered::detail::foa::group15<boost::unordered::detail::foa::plain_integral>, boost::unordered::detail::foa::table_arrays, boost::unordered::detail::foa::plain_size_control, boost::hash<unsigned int>, std::__1::equal_to<unsigned int>, std::__1::allocator<std::__1::pair<unsigned int const, unsigned int> > >::unchecked_emplace_with_rehash<boost::unordered::detail::foa::try_emplace_args_t, unsigned int&, unsigned int&>(unsigned long, boost::unordered::detail::foa::try_emplace_args_t&&, unsigned int&, unsigned int&)
445 128 0 0 64 0 0 64 24 8
446 128 0 0 64 0 0 64 0 0
fn=lob::v5::BookT<lob::ChecksumSink, 16u>::index_insert(unsigned long, unsigned int)
445 1109082 0 0 0 0 0 1109082 222562 171
446 2218164 0 0 1109082 0 0 1109082 0 0
fn=lob::v5::BookT<lob::ChecksumSink, 16u>::rest(unsigned long, lob::Side, long, unsigned int)
445 14 0 0 0 0 0 14 1 0
fl=/usr/include/c++/v1/__utility/swap.h
fn=lob::v5::BookT<lob::ChecksumSink, 16u>::alloc_node(unsigned long, lob::Side, long, unsigned int)
44 36 0 0 0 0 0 36 1 0
fl=/usr/include/c++/v1/__vector/vector.h
fn=auto lob::for_each_type<std::__1::tuple<lob::v0::Book<lob::ChecksumSink>, lob::v1::Book<lob::ChecksumSink>, lob::v2::Book<lob::ChecksumSink>, lob::v3::BookT<lob::ChecksumSink, 16u>, lob::v4::BookT<lob::ChecksumSink, 16u>, lob::v5::BookT<lob::ChecksumSink, 16u> >, (anonymous namespace)::with_version<(anonymous namespace)::cmd_replay((anonymous namespace)::Args const&)::$_0>(std::__1::basic_string_view<char, std::__1::char_traits<char> >, (anonymous namespace)::cmd_replay((anonymous namespace)::Args const&)::$_0&&)::{lambda<typename $T0>()#1}>((anonymous namespace)::with_version<(anonymous namespace)::cmd_replay((anonymous namespace)::Args const&)::$_0>(std::__1::basic_string_view<char, std::__1::char_traits<char> >, (anonymous namespace)::cmd_replay((anonymous namespace)::Args const&)::$_0&&)::{lambda<typename $T0>()#1}&&)::{lambda<unsigned long... $N0>(std::__1::integer_sequence<unsigned long, ($N0)...>)#1}::operator()<0ul, 1ul, 2ul, 3ul, 4ul, 5ul>(std::__1::integer_sequence<unsigned long, 0ul, 1ul, 2ul, 3ul, 4ul, 5ul>) const
0 1 0 0 0 0 0 1 1 1
388 1 0 0 1 0 0 0 0 0
449 1 0 0 1 1 1 0 0 0
fn=auto lob::v5::BookT<lob::ChecksumSink, 16u>::remove_node(unsigned int)::{lambda(auto:1&)#1}::operator()<std::__1::map<long, lob::v5::BookT<lob::ChecksumSink, 16u>::Level, std::__1::greater<void>, std::__1::allocator<std::__1::pair<long const, lob::v5::BookT<lob::ChecksumSink, 16u>::Level> > > >(std::__1::map<long, lob::v5::BookT<lob::ChecksumSink, 16u>::Level, std::__1::greater<void>, std::__1::allocator<std::__1::pair<long const, lob::v5::BookT<lob::ChecksumSink, 16u>::Level> > >&) const
407 34 0 0 7 0 0 0 0 0
fn=auto lob::v5::BookT<lob::ChecksumSink, 16u>::remove_node(unsigned int)::{lambda(auto:1&)#1}::operator()<std::__1::map<long, lob::v5::BookT<lob::ChecksumSink, 16u>::Level, std::__1::less<void>, std::__1::allocator<std::__1::pair<long const, lob::v5::BookT<lob::ChecksumSink, 16u>::Level> > > >(std::__1::map<long, lob::v5::BookT<lob::ChecksumSink, 16u>::Level, std::__1::less<void>, std::__1::allocator<std::__1::pair<long const, lob::v5::BookT<lob::ChecksumSink, 16u>::Level> > >&) const
407 40 0 0 10 0 0 0 0 0
fn=lob::v5::BookT<lob::ChecksumSink, 16u>::alloc_node(unsigned long, lob::Side, long, unsigned int)
0 3994 0 0 12 0 0 72 1 1
388 9745 1 1 3898 0 0 0 0 0
391 12 0 0 0 0 0 0 0 0
407 4432686 0 0 1109146 0 0 0 0 0
475 1937 0 0 0 0 0 0 0 0
844 24 0 0 0 0 0 0 0 0
902 36 1 1 0 0 0 0 0 0
905 84 1 1 0 0 0 0 0 0
1128 12 0 0 0 0 0 0 0 0
1131 24 1 1 0 0 0 0 0 0
1146 5847 0 0 1949 0 0 0 0 0
1149 1937 0 0 0 0 0 0 0 0
1152 1949 0 0 0 0 0 1949 0 0
fn=lob::v5::BookT<lob::ChecksumSink, 16u>::remove_node(unsigned int)
407 5690052 1 1 1109146 0 0 0 0 0
fn=lob::v5::BookT<lob::ChecksumSink, 16u>::rest(unsigned long, lob::Side, long, unsigned int)
407 3218330 0 0 1109146 0 0 0 0 0
fn=void lob::v5::BookT<lob::ChecksumSink, 16u>::cancel_in<boost::unordered::unordered_flat_map<unsigned int, unsigned int, boost::hash<unsigned int>, std::__1::equal_to<unsigned int>, std::__1::allocator<std::__1::pair<unsigned int const, unsigned int> > >, unsigned int>(boost::unordered::unordered_flat_map<unsigned int, unsigned int, boost::hash<unsigned int>, std::__1::equal_to<unsigned int>, std::__1::allocator<std::__1::pair<unsigned int const, unsigned int> > >&, unsigned int, unsigned long)
407 4436584 1 1 1109146 7 2 0 0 0
fn=void lob::v5::BookT<lob::ChecksumSink, 16u>::modify_in<boost::unordered::unordered_flat_map<unsigned int, unsigned int, boost::hash<unsigned int>, std::__1::equal_to<unsigned int>, std::__1::allocator<std::__1::pair<unsigned int const, unsigned int> > >, unsigned int>(boost::unordered::unordered_flat_map<unsigned int, unsigned int, boost::hash<unsigned int>, std::__1::equal_to<unsigned int>, std::__1::allocator<std::__1::pair<unsigned int const, unsigned int> > >&, unsigned int, unsigned long, long, unsigned int)
407 124664 0 0 31166 0 0 0 0 0
fl=/usr/include/c++/v1/map
fn=unsigned int lob::v5::BookT<lob::ChecksumSink, 16u>::match<(lob::Side)0>(unsigned long, long, unsigned int)
1031 1077358 0 0 538681 1 0 0 0 0
fn=unsigned int lob::v5::BookT<lob::ChecksumSink, 16u>::match<(lob::Side)1>(unsigned long, long, unsigned int)
1031 1140928 0 0 570465 3 2 0 0 0
fl=???
fn=???
0 786 5 5 520 128 18 0 0 0
fn=operator delete(void*)
0 440 0 0 88 0 0 88 0 0
fn=operator delete(void*, unsigned long)
0 440 1 1 88 0 0 88 0 0
fn=operator new(unsigned long)
0 1530 2 2 270 0 0 360 0 0
summary: 527245473 266 261 144162221 969494 846500 78420317 307063 4592
