desc: I1 cache:         32768 B, 64 B, 8-way associative
desc: D1 cache:         49152 B, 64 B, 12-way associative
desc: LL cache:         6291456 B, 64 B, 12-way associative
cmd: /home/wang/sources/cxx/book/build/profile/book replay --workload data/syn_deep_s42.ops --version v15
events: Ir I1mr ILmr Dr D1mr DLmr Dw D1mw DLmw 
fl=./elf/../sysdeps/generic/dl-new-hash.h
fn=_dl_lookup_symbol_x
69 4 0 0 0 0 0 0 0 0
70 8 0 0 0 0 0 0 0 0
74 22 0 0 22 5 5 0 0 0
77 44 0 0 0 0 0 0 0 0
80 20 0 0 20 0 0 0 0 0
81 40 0 0 0 0 0 0 0 0
87 2 1 1 0 0 0 0 0 0
88 2 0 0 0 0 0 0 0 0
89 4 0 0 0 0 0 0 0 0
90 2 0 0 0 0 0 0 0 0
99 18 0 0 0 0 0 0 0 0
101 18 0 0 0 0 0 0 0 0
102 36 0 0 0 0 0 0 0 0
104 18 1 1 0 0 0 0 0 0
105 18 0 0 0 0 0 0 0 0
fl=./elf/../sysdeps/generic/dl-protected.h
fn=do_lookup_x
29 16 0 0 0 0 0 0 0 0
fl=./elf/../sysdeps/generic/ldsodefs.h
fn=do_lookup_x
139 8 0 0 4 0 0 0 0 0
140 12 0 0 0 0 0 0 0 0
fl=./elf/../sysdeps/x86_64/dl-machine.h
fn=_dl_fixup
234 4 0 0 0 0 0 4 0 0
fl=./elf/../sysdeps/x86_64/dl-runtime.h
fn=_dl_fixup
28 4 0 0 0 0 0 0 0 0
fl=./elf/../sysdeps/x86_64/dl-trampoline.h
fn=_dl_runtime_resolve_xsave
71 4 1 1 0 0 0 0 0 0
76 4 0 0 0 0 0 4 0 0
79 4 0 0 0 0 0 0 0 0
81 4 0 0 0 0 0 0 0 0
91 4 0 0 4 2 1 0 0 0
97 4 0 0 0 0 0 4 2 1
98 4 0 0 0 0 0 4 0 0
99 4 1 1 0 0 0 4 0 0
100 4 0 0 0 0 0 4 0 0
101 4 0 0 0 0 0 4 0 0
102 4 0 0 0 0 0 4 0 0
103 4 0 0 0 0 0 4 0 0
107 4 0 0 0 0 0 0 0 0
108 4 0 0 0 0 0 0 0 0
111 4 0 0 0 0 0 4 2 1
112 4 0 0 0 0 0 4 0 0
114 4 0 0 0 0 0 4 0 0
115 4 0 0 0 0 0 4 0 0
116 4 1 1 0 0 0 4 0 0
117 4 0 0 0 0 0 4 0 0
118 4 0 0 0 0 0 4 0 0
119 4 0 0 0 0 0 4 0 0
121 4 0 0 4 0 0 132 16 6
128 4 0 0 4 0 0 0 0 0
129 4 0 0 4 0 0 0 0 0
130 4 0 0 0 0 0 4 2 1
131 4 0 0 0 0 0 0 0 0
136 4 0 0 0 0 0 0 0 0
137 4 0 0 0 0 0 0 0 0
138 4 0 0 144 0 0 0 0 0
140 4 1 1 4 0 0 0 0 0
141 4 0 0 4 0 0 0 0 0
142 4 0 0 4 0 0 0 0 0
143 4 0 0 4 0 0 0 0 0
144 4 0 0 4 0 0 0 0 0
145 4 0 0 4 0 0 0 0 0
146 4 0 0 4 0 0 0 0 0
148 4 0 0 0 0 0 0 0 0
150 4 0 0 4 0 0 0 0 0
154 4 0 0 0 0 0 0 0 0
156 4 0 0 0 0 0 0 0 0
fl=./elf/./elf/dl-lookup.c
fn=_dl_lookup_symbol_x
772 52 2 2 0 0 0 36 6 3
774 8 0 0 0 0 0 4 0 0
775 16 0 0 0 0 0 4 0 0
778 4 0 0 4 2 1 0 0 0
782 10 0 0 1 0 0 0 0 0
785 8 1 1 4 0 0 0 0 0
787 8 0 0 8 0 0 0 0 0
791 56 0 0 0 0 0 12 0 0
792 68 2 2 28 0 0 28 2 1
797 20 0 0 8 0 0 0 0 0
816 4 0 0 0 0 0 4 0 0
820 8 0 0 4 0 0 0 0 0
821 28 0 0 4 0 0 0 0 0
828 4 0 0 4 0 0 0 0 0
856 16 1 1 4 0 0 0 0 0
870 12 0 0 4 3 2 0 0 0
873 8 0 0 4 0 0 0 0 0
890 16 0 0 4 0 0 0 0 0
892 36 1 1 28 0 0 0 0 0
fn=check_match
70 60 1 1 8 3 3 24 2 1
73 32 1 1 8 0 0 0 0 0
86 20 0 0 0 0 0 0 0 0
89 26 1 1 6 0 0 3 0 0
93 4 0 0 4 3 2 0 0 0
94 8 0 0 0 0 0 0 0 0
96 2 0 0 0 0 0 0 0 0
115 2 0 0 2 1 1 0 0 0
116 8 0 0 3 1 1 0 0 0
117 5 1 1 2 0 0 1 0 0
144 6 1 1 0 0 0 0 0 0
146 18 0 0 6 2 2 0 0 0
147 12 1 1 0 0 0 0 0 0
161 4 0 0 0 0 0 0 0 0
162 32 0 0 28 0 0 0 0 0
fn=do_lookup_x
347 56 2 2 8 0 0 40 4 2
348 4 0 0 4 2 1 0 0 0
353 4 0 0 0 0 0 0 0 0
354 4 0 0 4 0 0 0 0 0
358 38 1 1 38 15 9 0 0 0
361 38 0 0 0 0 0 0 0 0
365 46 0 0 4 0 0 0 0 0
386 38 1 1 19 9 6 0 0 0
390 38 0 0 19 2 1 0 0 0
396 57 0 0 19 9 6 0 0 0
400 19 0 0 0 0 0 19 0 0
401 19 0 0 0 0 0 19 0 0
404 95 0 0 57 18 12 0 0 0
405 57 1 1 38 7 5 0 0 0
408 19 0 0 19 0 0 0 0 0
409 38 0 0 0 0 0 0 0 0
411 19 0 0 19 13 10 0 0 0
412 12 0 0 0 0 0 4 0 0
413 38 0 0 38 0 0 0 0 0
415 28 1 1 4 0 0 8 0 0
416 76 0 0 38 0 0 0 0 0
419 133 0 0 19 0 0 0 0 0
422 8 0 0 8 4 4 0 0 0
423 12 1 1 4 0 0 0 0 0
424 8 0 0 0 0 0 0 0 0
426 8 0 0 4 0 0 0 0 0
429 30 1 1 6 4 4 0 0 0
431 12 0 0 4 0 0 0 0 0
432 100 2 2 28 0 0 52 4 2
433 8 0 0 0 0 0 0 0 0
436 12 0 0 0 0 0 0 0 0
439 6 0 0 0 0 0 0 0 0
461 32 1 1 24 0 0 0 0 0
476 8 1 1 0 0 0 0 0 0
483 20 0 0 4 0 0 0 0 0
487 9 1 1 3 2 1 0 0 0
499 8 0 0 4 0 0 4 0 0
500 4 0 0 0 0 0 4 0 0
501 4 0 0 0 0 0 0 0 0
518 45 0 0 0 0 0 0 0 0
522 32 0 0 28 0 0 0 0 0
fl=./elf/./elf/dl-runtime.c
fn=_dl_fixup
46 44 2 2 0 0 0 24 0 0
48 20 0 0 16 8 4 0 0 0
49 12 1 1 8 2 1 0 0 0
54 4 0 0 4 3 2 0 0 0
55 16 0 0 4 3 2 0 0 0
56 28 0 0 4 4 4 4 2 1
58 8 0 0 4 2 2 0 0 0
63 8 0 0 0 0 0 0 0 0
67 8 0 0 4 4 4 0 0 0
69 7 0 0 0 0 0 0 0 0
71 12 1 1 4 3 2 0 0 0
75 12 0 0 8 7 6 0 0 0
76 16 0 0 4 0 0 0 0 0
77 12 0 0 4 3 2 0 0 0
84 4 1 1 0 0 0 0 0 0
85 12 0 0 4 1 0 0 0 0
95 44 0 0 8 3 2 12 0 0
99 20 1 1 12 0 0 0 0 0
109 40 0 0 16 0 0 4 0 0
124 16 1 1 4 0 0 0 0 0
133 12 0 0 4 2 1 0 0 0
159 12 0 0 4 0 0 0 0 0
163 32 1 1 28 0 0 0 0 0
fl=./malloc/./malloc/arena.c
fn=_mid_memalign.isra.0
153 10 0 0 0 0 0 0 0 0
fn=free
153 48 0 0 0 0 0 0 0 0
fn=malloc
153 32 0 0 0 0 0 0 0 0
fl=./malloc/./malloc/malloc.c
fn=_int_free
1792 10 0 0 10 6 0 0 0 0
3163 12 1 1 6 0 0 6 0 0
3165 24 0 0 6 5 5 6 0 0
3166 6 0 0 0 0 0 6 0 0
3167 12 0 0 0 0 0 6 0 0
4495 112 1 1 0 0 0 64 5 0
4499 48 1 1 16 0 0 0 0 0
4505 64 0 0 0 0 0 0 0 0
4506 32 0 0 0 0 0 0 0 0
4510 80 0 0 0 0 0 0 0 0
4517 32 0 0 0 0 0 0 0 0
4518 96 1 1 48 6 0 0 0 0
4521 6 0 0 0 0 0 0 0 0
4527 18 0 0 12 1 1 0 0 0
4547 30 1 1 12 0 0 0 0 0
4550 6 0 0 0 0 0 0 0 0
4561 20 0 0 0 0 0 0 0 0
4637 20 0 0 10 0 0 0 0 0
4640 20 0 0 10 6 0 0 0 0
4643 20 1 1 0 0 0 0 0 0
4646 20 0 0 0 0 0 0 0 0
4658 86 1 1 70 0 0 0 0 0
fn=_int_free_maybe_consolidate
4770 176 1 1 16 5 0 112 0 0
4776 32 0 0 0 0 0 0 0 0
4778 20 0 0 5 0 0 0 0 0
4781 15 0 0 0 0 0 0 0 0
4784 25 2 2 15 5 0 0 0 0
4785 5 0 0 3 0 0 0 0 0
4798 172 1 1 141 0 0 0 0 0
fn=_int_free_merge_chunk
1992 39 0 0 13 0 0 0 0 0
4665 104 1 1 0 0 0 78 0 0
4666 13 0 0 0 0 0 0 0 0
4670 78 0 0 13 6 0 0 0 0
4673 52 1 1 13 6 0 0 0 0
4675 39 1 1 13 7 0 0 0 0
4678 39 0 0 13 2 0 0 0 0
4681 26 0 0 0 0 0 0 0 0
4682 26 0 0 0 0 0 0 0 0
4683 26 0 0 13 6 0 0 0 0
4689 26 1 1 13 0 0 0 0 0
4691 9 0 0 9 0 0 0 0 0
4692 9 0 0 0 0 0 0 0 0
4693 9 0 0 0 0 0 0 0 0
4694 36 0 0 9 4 0 0 0 0
4696 18 0 0 0 0 0 9 0 0
4701 39 0 0 0 0 0 0 0 0
4702 91 0 0 78 0 0 0 0 0
4714 26 0 0 13 0 0 0 0 0
4720 22 0 0 11 3 0 0 0 0
4721 4 1 1 0 0 0 2 0 0
4722 4 0 0 0 0 0 0 0 0
4724 9 0 0 9 0 0 0 0 0
4732 11 0 0 0 0 0 0 0 0
4733 44 1 1 11 0 0 0 0 0
4734 22 0 0 11 1 0 0 0 0
4736 11 0 0 0 0 0 11 0 0
4738 22 0 0 0 0 0 0 0 0
4740 24 1 1 0 0 0 8 0 0
4743 11 0 0 0 0 0 11 0 0
4744 11 0 0 0 0 0 11 0 0
4746 33 0 0 0 0 0 11 0 0
4747 11 0 0 0 0 0 11 0 0
4756 2 0 0 0 0 0 0 0 0
4757 6 0 0 0 0 0 2 0 0
4758 4 0 0 0 0 0 2 0 0
fn=_int_malloc
1326 42 0 0 0 0 0 0 0 0
1345 126 0 0 0 0 0 0 0 0
1794 21 1 1 21 0 0 0 0 0
1985 3 0 0 1 0 0 0 0 0
2008 4 0 0 1 0 0 0 0 0
2552 42 1 1 14 13 1 14 2 0
2553 1 1 1 0 0 0 1 0 0
2564 14 1 1 7 6 1 0 0 0
2565 18 0 0 12 0 0 0 0 0
2568 24 0 0 6 0 0 0 0 0
2576 36 0 0 6 0 0 12 0 0
2577 12 0 0 0 0 0 0 0 0
2589 4 0 0 1 0 0 1 0 0
2590 2 0 0 0 0 0 1 0 0
2599 12 1 1 3 0 0 0 0 0
2605 3 0 0 2 0 0 0 0 0
2608 3 1 1 0 0 0 0 0 0
2669 3 1 1 1 0 0 1 0 0
2677 2 0 0 1 0 0 0 0 0
2678 3 0 0 1 0 0 1 0 0
2691 3 1 1 1 0 0 0 0 0
2693 1 0 0 1 0 0 0 0 0
2699 5 0 0 1 0 0 1 0 0
2707 2 0 0 0 0 0 0 0 0
2709 4 2 2 0 0 0 2 0 0
2710 3 0 0 1 0 0 0 0 0
2711 1 0 0 0 0 0 0 0 0
2712 1 0 0 0 0 0 0 0 0
2715 2 0 0 0 0 0 0 0 0
2744 7 1 1 3 0 0 0 0 0
2746 2 1 1 0 0 0 1 0 0
2752 8 0 0 1 0 0 0 0 0
2753 6 0 0 1 0 0 1 0 0
2921 3 1 1 2 0 0 0 0 0
2922 1 0 0 0 0 0 1 0 0
2926 1 0 0 1 0 0 0 0 0
2930 5 1 1 2 0 0 0 0 0
2932 1 0 0 0 0 0 0 0 0
2933 1 0 0 0 0 0 0 0 0
2934 1 0 0 0 0 0 1 0 0
2935 7 0 0 0 0 0 1 0 0
2936 2 0 0 0 0 0 1 1 1
2938 1 0 0 0 0 0 0 0 0
3846 231 2 2 21 8 1 147 1 1
3887 42 0 0 0 0 0 0 0 0
3914 42 0 0 0 0 0 0 0 0
3916 8 0 0 0 0 0 0 0 0
3919 2 0 0 2 1 1 0 0 0
3921 4 0 0 0 0 0 0 0 0
3930 6 2 2 0 0 0 0 0 0
3977 38 1 1 0 0 0 0 0 0
3979 22 0 0 0 0 0 0 0 0
3980 10 1 1 0 0 0 0 0 0
3982 15 0 0 5 4 4 0 0 0
4039 290 1 1 0 0 0 0 0 0
4040 48 0 0 16 7 0 0 0 0
4058 63 1 1 21 0 0 0 0 0
4059 63 0 0 0 0 0 21 0 0
4060 63 1 1 42 8 0 0 0 0
4069 22 0 0 0 0 0 11 0 0
4070 147 2 2 34 8 1 21 0 0
4072 13 0 0 13 0 0 0 0 0
4073 26 0 0 13 4 1 0 0 0
4074 13 0 0 0 0 0 0 0 0
4076 26 0 0 0 0 0 0 0 0
4077 39 1 1 13 4 1 0 0 0
4079 13 0 0 13 4 1 0 0 0
4080 52 0 0 0 0 0 0 0 0
4082 52 0 0 13 0 0 0 0 0
4084 26 1 1 13 1 0 0 0 0
4085 26 0 0 13 0 0 0 0 0
4087 26 0 0 0 0 0 0 0 0
4098 52 0 0 0 0 0 0 0 0
4099 4 1 1 2 0 0 0 0 0
4100 2 0 0 0 0 0 0 0 0
4101 1 0 0 0 0 0 0 0 0
4127 13 1 1 0 0 0 13 0 0
4128 13 0 0 0 0 0 13 0 0
4132 26 0 0 0 0 0 0 0 0
4161 27 1 1 0 0 0 0 0 0
4163 10 1 1 0 0 0 5 0 0
4164 20 0 0 0 0 0 0 0 0
4165 5 0 0 5 2 0 0 0 0
4169 142 4 4 0 0 0 8 0 0
4170 24 1 1 0 0 0 0 0 0
4171 8 0 0 8 5 2 0 0 0
4174 16 0 0 0 0 0 0 0 0
4218 32 0 0 0 0 0 8 0 0
4221 91 1 1 26 7 1 0 0 0
4222 13 0 0 0 0 0 13 0 0
4223 13 0 0 0 0 0 13 0 0
4224 13 0 0 0 0 0 13 0 0
4225 13 0 0 0 0 0 13 0 0
4230 26 0 0 26 0 0 0 0 0
4231 26 0 0 0 0 0 0 0 0
4240 52 1 1 26 0 0 0 0 0
4246 22 0 0 0 0 0 0 0 0
4257 63 0 0 0 0 0 0 0 0
4259 64 0 0 0 0 0 0 0 0
4262 48 0 0 16 14 7 0 0 0
4263 22 1 1 1 0 0 0 0 0
4266 1 0 0 1 0 0 0 0 0
4267 6 0 0 1 0 0 0 0 0
4273 2 1 1 1 0 0 0 0 0
4278 3 0 0 0 0 0 1 0 0
4279 3 0 0 0 0 0 2 1 0
4282 4 0 0 2 0 0 0 0 0
4291 1 0 0 0 0 0 0 0 0
4295 4 1 1 1 0 0 0 0 0
4296 2 0 0 1 0 0 0 0 0
4299 1 0 0 0 0 0 1 1 0
4300 1 0 0 0 0 0 1 0 0
4301 1 0 0 0 0 0 1 0 0
4302 2 0 0 0 0 0 0 0 0
4304 2 0 0 0 0 0 1 0 0
4307 8 1 1 0 0 0 1 0 0
4309 3 0 0 0 0 0 1 0 0
4310 1 0 0 0 0 0 1 0 0
4313 1 0 0 0 0 0 0 0 0
4330 20 0 0 0 0 0 0 0 0
4331 40 0 0 0 0 0 0 0 0
4332 40 0 0 0 0 0 0 0 0
4333 40 0 0 20 1 0 0 0 0
4334 120 0 0 0 0 0 0 0 0
4339 79 1 1 0 0 0 0 0 0
4343 93 1 1 0 0 0 0 0 0
4346 52 1 1 13 0 0 0 0 0
4353 4 0 0 0 0 0 0 0 0
4355 1 0 0 0 0 0 0 0 0
4357 2 0 0 0 0 0 0 0 0
4361 1 0 0 1 0 0 0 0 0
4364 2 0 0 0 0 0 0 0 0
4373 4 1 1 1 0 0 0 0 0
4376 2 0 0 0 0 0 0 0 0
4378 3 1 1 0 0 0 1 0 0
4381 3 0 0 0 0 0 2 1 1
4384 4 0 0 2 0 0 0 0 0
4394 1 0 0 0 0 0 0 0 0
4399 4 0 0 1 0 0 0 0 0
4400 2 1 1 1 0 0 0 0 0
4403 1 0 0 0 0 0 1 0 0
4404 1 0 0 0 0 0 1 0 0
4405 1 0 0 0 0 0 1 0 0
4408 2 0 0 0 0 0 0 0 0
4409 1 0 0 0 0 0 1 0 0
4410 2 0 0 0 0 0 0 0 0
4415 8 1 1 0 0 0 1 0 0
4417 3 0 0 0 0 0 1 0 0
4418 1 0 0 0 0 0 1 0 0
4421 1 0 0 0 0 0 0 0 0
4443 19 1 1 19 0 0 0 0 0
4444 38 0 0 19 8 1 0 0 0
4446 38 0 0 19 4 0 0 0 0
4449 57 0 0 0 0 0 0 0 0
4451 12 0 0 0 0 0 0 0 0
4452 24 1 1 0 0 0 0 0 0
4453 12 0 0 0 0 0 12 0 0
4454 96 1 1 0 0 0 12 0 0
4456 24 0 0 0 0 0 12 12 12
4459 26 0 0 0 0 0 0 0 0
4460 60 0 0 0 0 0 20 3 0
4461 20 0 0 0 0 0 0 0 0
4466 28 0 0 7 0 0 7 0 0
4482 13 0 0 0 0 0 0 0 0
4487 252 2 2 189 0 0 0 0 0
fn=_int_memalign
1326 10 0 0 0 0 0 0 0 0
1345 40 1 1 0 0 0 0 0 0
4714 6 0 0 0 0 0 0 0 0
4720 2 0 0 1 0 0 0 0 0
4721 1 0 0 0 0 0 1 0 0
4722 2 0 0 0 0 0 0 0 0
4732 1 0 0 0 0 0 0 0 0
4733 4 0 0 1 0 0 0 0 0
4734 2 0 0 1 0 0 0 0 0
4736 1 0 0 0 0 0 1 1 0
4738 2 0 0 0 0 0 0 0 0
4740 3 0 0 0 0 0 1 0 0
4743 1 0 0 0 0 0 1 0 0
4744 1 0 0 0 0 0 1 0 0
4746 3 0 0 0 0 0 1 0 0
4747 1 0 0 0 0 0 1 0 0
4756 2 1 1 0 0 0 0 0 0
4757 6 0 0 0 0 0 2 1 1
4758 4 0 0 0 0 0 2 0 0
5039 40 1 1 0 0 0 30 0 0
5069 20 0 0 0 0 0 10 2 0
5071 15 0 0 5 0 0 0 0 0
5074 5 0 0 0 0 0 0 0 0
5076 20 0 0 0 0 0 0 0 0
5083 25 1 1 0 0 0 0 0 0
5085 20 0 0 0 0 0 0 0 0
5086 1 0 0 0 0 0 0 0 0
5089 2 0 0 0 0 0 0 0 0
5090 20 0 0 5 0 0 0 0 0
5093 10 0 0 0 0 0 0 0 0
5095 4 0 0 2 0 0 2 0 0
5096 4 0 0 0 0 0 2 0 0
5097 2 0 0 0 0 0 0 0 0
5101 30 1 1 0 0 0 6 1 1
5103 3 0 0 3 0 0 0 0 0
5104 15 0 0 3 0 0 3 0 0
5105 6 0 0 0 0 0 3 0 0
5106 3 0 0 0 0 0 0 0 0
5108 27 1 1 3 0 0 0 0 0
5113 9 0 0 3 0 0 0 0 0
5115 6 0 0 0 0 0 0 0 0
5116 3 0 0 0 0 0 0 0 0
5117 6 0 0 3 0 0 0 0 0
5118 6 0 0 0 0 0 0 0 0
5120 3 0 0 0 0 0 0 0 0
5121 6 0 0 0 0 0 0 0 0
5122 3 1 1 3 0 0 0 0 0
5123 1 0 0 0 0 0 0 0 0
5129 3 0 0 0 0 0 0 0 0
5130 9 2 2 0 0 0 3 0 0
5134 9 1 1 0 0 0 3 0 0
5140 3 0 0 0 0 0 0 0 0
5141 45 0 0 35 0 0 0 0 0
fn=_mid_memalign.isra.0
1326 10 0 0 0 0 0 0 0 0
1345 25 0 0 0 0 0 0 0 0
3575 35 1 1 0 0 0 20 0 0
3581 10 1 1 0 0 0 0 0 0
3585 10 0 0 0 0 0 0 0 0
3590 15 2 2 0 0 0 0 0 0
3598 15 0 0 0 0 0 0 0 0
3615 15 0 0 0 0 0 0 0 0
3617 10 1 1 5 5 0 0 0 0
3638 10 0 0 5 4 0 0 0 0
3640 25 1 1 0 0 0 5 2 0
3641 25 1 1 5 0 0 0 0 0
3643 10 1 1 0 0 0 0 0 0
3662 30 0 0 25 0 0 0 0 0
fn=aligned_alloc
3556 35 1 1 0 0 0 15 0 0
3557 10 0 0 5 4 0 0 0 0
3564 25 0 0 0 0 0 0 0 0
3571 15 0 0 0 0 0 0 0 0
3572 15 1 1 15 0 0 0 0 0
fn=alloc_perturb
1985 60 1 1 20 0 0 0 0 0
1987 20 0 0 20 0 0 0 0 0
fn=free
3359 140 2 2 0 0 0 80 5 0
3363 40 0 0 0 0 0 0 0 0
3371 40 0 0 40 24 2 0 0 0
3373 20 0 0 0 0 0 0 0 0
3375 60 0 0 20 10 0 0 0 0
3379 12 1 1 4 4 0 0 0 0
3381 16 0 0 4 4 0 0 0 0
3383 6 0 0 0 0 0 3 0 0
3384 6 0 0 0 0 0 3 0 0
3385 3 0 0 0 0 0 0 0 0
3388 8 0 0 0 0 0 4 0 0
3392 48 0 0 32 12 0 0 0 0
3398 48 1 1 0 0 0 16 0 0
3401 20 0 0 0 0 0 20 0 0
3402 120 1 1 100 0 0 0 0 0
fn=malloc
1326 32 0 0 0 0 0 0 0 0
1345 80 1 1 0 0 0 0 0 0
3294 128 1 1 0 0 0 64 0 0
3301 32 0 0 16 4 1 0 0 0
3311 32 0 0 0 0 0 0 0 0
3313 64 0 0 32 8 2 0 0 0
3316 32 0 0 16 4 1 0 0 0
3318 18 1 1 6 2 2 0 0 0
3326 32 1 1 16 5 1 0 0 0
3328 64 1 1 0 0 0 16 1 1
3329 80 1 1 16 0 0 0 0 0
3354 96 1 1 80 0 0 0 0 0
fn=munmap_chunk
3024 8 1 1 0 0 0 4 0 0
3025 8 0 0 8 8 0 0 0 0
3026 12 0 0 4 0 0 0 0 0
3028 8 0 0 0 0 0 0 0 0
3030 4 0 0 0 0 0 0 0 0
3031 12 0 0 4 0 0 0 0 0
3032 4 0 0 0 0 0 0 0 0
3038 16 0 0 0 0 0 0 0 0
3039 20 1 1 0 0 0 0 0 0
3042 4 0 0 8 0 0 0 0 0
3043 12 0 0 8 0 0 0 0 0
3048 8 0 0 0 0 0 0 0 0
3049 4 0 0 4 0 0 0 0 0
fn=sysmalloc_mmap.isra.0
2008 24 0 0 6 0 0 0 0 0
2400 36 1 1 0 0 0 24 0 0
2413 18 0 0 0 0 0 0 0 0
2418 12 0 0 0 0 0 0 0 0
2421 60 1 1 0 0 0 6 0 0
2424 12 1 1 0 0 0 0 0 0
2428 12 0 0 0 0 0 0 0 0
2432 24 0 0 0 0 0 6 0 0
2448 18 0 0 0 0 0 0 0 0
2466 6 0 0 0 0 0 6 6 6
2467 18 1 1 0 0 0 6 0 0
2471 18 0 0 12 0 0 0 0 0
2472 24 0 0 9 0 0 0 0 0
2475 18 1 1 12 0 0 0 0 0
2476 30 0 0 12 0 0 0 0 0
2481 42 0 0 30 0 0 0 0 0
fn=systrim.constprop.0
2957 6 1 1 0 0 0 4 0 0
2966 3 0 0 2 0 0 0 0 0
2968 1 0 0 0 0 0 0 0 0
2969 2 0 0 0 0 0 0 0 0
2974 3 0 0 1 0 0 0 0 0
2975 1 0 0 0 0 0 0 0 0
2978 5 1 1 2 2 0 0 0 0
2980 2 0 0 0 0 0 0 0 0
2987 3 0 0 0 0 0 1 0 0
2988 4 0 0 1 0 0 0 0 0
3000 3 1 1 0 0 0 1 0 0
3001 2 0 0 0 0 0 1 0 0
3003 1 0 0 0 0 0 0 0 0
3005 2 0 0 0 0 0 0 0 0
3009 2 0 0 0 0 0 0 0 0
3012 1 0 0 1 0 0 0 0 0
3013 4 0 0 1 0 0 1 0 0
3015 2 0 0 0 0 0 0 0 0
3020 6 0 0 5 0 0 0 0 0
fn=unlink_chunk.isra.0
1608 28 1 1 0 0 0 14 0 0
1610 70 0 0 28 0 0 0 0 0
1613 28 0 0 28 0 0 0 0 0
1614 28 0 0 14 0 0 0 0 0
1616 56 1 1 28 8 0 0 0 0
1619 14 0 0 0 0 0 14 0 0
1620 14 0 0 0 0 0 14 0 0
1621 55 0 0 9 0 0 0 0 0
1623 14 0 0 7 0 0 0 0 0
1624 21 0 0 14 0 0 0 0 0
1627 14 0 0 7 3 0 0 0 0
1641 7 0 0 0 0 0 7 0 0
1642 7 0 0 0 0 0 7 0 0
1645 28 1 1 28 0 0 0 0 0
fl=./malloc/./malloc/morecore.c
fn=__glibc_morecore
25 12 1 1 0 0 0 4 0 0
26 8 0 0 4 0 0 0 0 0
29 4 0 0 0 0 0 4 0 0
30 8 0 0 0 0 0 0 0 0
34 8 0 0 8 0 0 0 0 0
fl=./misc/../sysdeps/unix/syscall-template.S
fn=munmap
117 20 2 2 0 0 0 0 0 0
122 4 0 0 4 0 0 0 0 0
fl=./misc/../sysdeps/unix/sysv/linux/brk.c
fn=brk
36 2 1 1 0 0 0 0 0 0
37 4 0 0 2 0 0 2 0 0
38 4 0 0 0 0 0 0 0 0
44 2 0 0 0 0 0 0 0 0
45 2 0 0 2 0 0 0 0 0
fl=./misc/../sysdeps/unix/sysv/linux/brk_call.h
fn=brk
24 4 0 0 0 0 0 0 0 0
fl=./misc/../sysdeps/unix/sysv/linux/mmap64.c
fn=mmap
47 42 1 1 0 0 0 18 0 0
50 12 0 0 0 0 0 0 0 0
53 42 1 1 0 0 0 0 0 0
58 36 1 1 0 0 0 0 0 0
60 24 0 0 24 0 0 0 0 0
fl=./misc/../sysdeps/unix/sysv/linux/setvmaname.c
fn=__set_vma_name
33 42 2 2 0 0 0 24 0 0
35 30 0 0 12 6 1 6 6 0
49 54 0 0 42 0 0 0 0 0
fl=./misc/./misc/sbrk.c
fn=sbrk
37 32 1 1 0 0 0 16 1 0
40 8 0 0 8 4 2 0 0 0
43 8 1 1 4 2 1 0 0 0
58 8 0 0 0 0 0 0 0 0
62 8 0 0 0 0 0 0 0 0
66 8 1 1 0 0 0 0 0 0
68 2 0 0 0 0 0 0 0 0
74 6 1 1 0 0 0 2 0 0
78 28 0 0 20 0 0 0 0 0
fl=./string/../sysdeps/x86_64/multiarch/../multiarch/strcmp-sse2.S
fn=strcmp
98 4 1 1 0 0 0 0 0 0
131 4 0 0 0 0 0 0 0 0
132 4 0 0 0 0 0 0 0 0
134 4 0 0 0 0 0 0 0 0
135 4 0 0 0 0 0 0 0 0
156 4 0 0 0 0 0 0 0 0
157 4 0 0 0 0 0 0 0 0
158 3 0 0 0 0 0 0 0 0
159 3 0 0 0 0 0 0 0 0
160 3 0 0 3 3 3 0 0 0
161 3 1 1 3 1 1 0 0 0
162 3 0 0 3 0 0 0 0 0
163 3 0 0 3 0 0 0 0 0
180 3 0 0 0 0 0 0 0 0
181 3 0 0 0 0 0 0 0 0
182 3 0 0 0 0 0 0 0 0
183 3 0 0 0 0 0 0 0 0
184 3 0 0 0 0 0 0 0 0
185 3 0 0 0 0 0 0 0 0
186 3 0 0 0 0 0 0 0 0
191 1 0 0 0 0 0 0 0 0
192 3 0 0 0 0 0 0 0 0
201 2 1 1 0 0 0 0 0 0
202 2 0 0 0 0 0 0 0 0
203 2 0 0 0 0 0 0 0 0
204 2 0 0 0 0 0 0 0 0
205 2 0 0 0 0 0 0 0 0
206 2 0 0 0 0 0 0 0 0
207 2 0 0 0 0 0 0 0 0
208 2 0 0 0 0 0 0 0 0
209 1 0 0 0 0 0 0 0 0
210 1 0 0 0 0 0 0 0 0
211 1 0 0 0 0 0 0 0 0
212 1 0 0 0 0 0 0 0 0
214 1 0 0 0 0 0 0 0 0
215 1 0 0 0 0 0 0 0 0
216 1 0 0 0 0 0 0 0 0
217 1 0 0 1 1 1 0 0 0
218 1 0 0 0 0 0 0 0 0
219 1 0 0 0 0 0 0 0 0
229 1 1 1 1 0 0 0 0 0
230 1 0 0 0 0 0 0 0 0
231 1 0 0 0 0 0 0 0 0
233 1 0 0 1 1 1 0 0 0
239 1 0 0 0 0 0 0 0 0
240 1 0 0 0 0 0 0 0 0
241 1 0 0 0 0 0 0 0 0
242 1 0 0 0 0 0 0 0 0
243 1 0 0 0 0 0 0 0 0
248 1 0 0 0 0 0 0 0 0
250 1 0 0 0 0 0 0 0 0
251 1 0 0 0 0 0 0 0 0
252 2 0 0 0 0 0 0 0 0
260 1 1 1 1 0 0 0 0 0
261 1 0 0 1 1 1 0 0 0
264 1 0 0 0 0 0 0 0 0
265 1 0 0 0 0 0 0 0 0
266 1 0 0 0 0 0 0 0 0
267 1 0 0 0 0 0 0 0 0
268 1 0 0 0 0 0 0 0 0
269 1 0 0 0 0 0 0 0 0
1851 1 1 1 0 0 0 0 0 0
1852 1 0 0 1 0 0 0 0 0
1853 1 0 0 1 0 0 0 0 0
1854 1 0 0 0 0 0 0 0 0
1855 1 0 0 0 0 0 0 0 0
1857 1 0 0 0 0 0 0 0 0
1858 1 0 0 0 0 0 0 0 0
1859 1 1 1 0 0 0 0 0 0
1860 1 0 0 0 0 0 0 0 0
1861 1 0 0 0 0 0 0 0 0
1862 1 0 0 0 0 0 0 0 0
1863 1 0 0 0 0 0 0 0 0
2093 1 1 1 0 0 0 0 0 0
2095 2 0 0 0 0 0 0 0 0
2096 2 0 0 0 0 0 0 0 0
2097 2 0 0 0 0 0 0 0 0
2098 2 0 0 0 0 0 0 0 0
2099 2 0 0 0 0 0 0 0 0
2104 4 1 1 0 0 0 0 0 0
2110 4 0 0 4 0 0 0 0 0
2111 4 0 0 4 0 0 0 0 0
2119 4 0 0 0 0 0 0 0 0
2120 4 0 0 4 0 0 0 0 0
fl=./string/../sysdeps/x86_64/multiarch/memmove-vec-unaligned-erms.S
fn=__memcpy_avx_unaligned_erms
255 16 1 1 0 0 0 0 0 0
256 16 0 0 0 0 0 0 0 0
262 16 0 0 0 0 0 0 0 0
263 16 0 0 0 0 0 0 0 0
265 15 0 0 15 4 0 0 0 0
266 15 0 0 0 0 0 0 0 0
267 15 0 0 0 0 0 0 0 0
270 2 0 0 2 0 0 0 0 0
271 2 0 0 0 0 0 2 0 0
272 2 0 0 0 0 0 2 0 0
275 4 0 0 2 0 0 0 0 0
305 1 0 0 0 0 0 0 0 0
306 1 0 0 0 0 0 0 0 0
308 1 0 0 0 0 0 0 0 0
309 1 0 0 0 0 0 0 0 0
311 1 0 0 0 0 0 0 0 0
315 1 0 0 0 0 0 0 0 0
316 1 1 1 0 0 0 0 0 0
317 1 0 0 0 0 0 0 0 0
325 1 0 0 1 0 0 0 0 0
375 1 1 1 1 0 0 0 0 0
376 1 0 0 1 0 0 0 0 0
377 1 0 0 0 0 0 1 1 1
378 1 0 0 0 0 0 1 0 0
379 1 0 0 0 0 0 1 0 0
380 1 0 0 0 0 0 1 0 0
381 2 0 0 1 0 0 0 0 0
386 13 2 1 13 7 1 0 0 0
387 13 0 0 0 0 0 0 0 0
392 7 0 0 0 0 0 0 0 0
393 7 0 0 0 0 0 0 0 0
395 2 0 0 2 0 0 0 0 0
396 2 0 0 0 0 0 0 0 0
397 2 0 0 0 0 0 0 0 0
399 1 0 0 1 0 0 0 0 0
400 1 0 0 1 0 0 0 0 0
401 1 0 0 1 0 0 0 0 0
402 1 0 0 1 0 0 0 0 0
403 1 0 0 1 0 0 0 0 0
404 1 1 1 1 0 0 0 0 0
405 1 0 0 0 0 0 1 1 1
406 1 0 0 0 0 0 1 0 0
407 1 0 0 0 0 0 1 1 1
408 1 0 0 0 0 0 1 0 0
409 1 0 0 0 0 0 1 1 1
410 1 0 0 0 0 0 1 0 0
411 1 0 0 0 0 0 1 1 1
412 1 0 0 0 0 0 1 0 0
413 2 0 0 1 0 0 0 0 0
417 5 0 0 0 0 0 0 0 0
418 5 0 0 0 0 0 0 0 0
422 5 0 0 0 0 0 0 0 0
424 5 1 1 0 0 0 0 0 0
428 5 0 0 5 1 1 0 0 0
429 5 0 0 0 0 0 0 0 0
440 5 0 0 0 0 0 0 0 0
443 5 0 0 0 0 0 0 0 0
445 5 0 0 0 0 0 0 0 0
447 5 0 0 0 0 0 0 0 0
451 5 0 0 0 0 0 0 0 0
452 5 0 0 0 0 0 0 0 0
461 3 0 0 3 0 0 0 0 0
462 3 0 0 3 0 0 0 0 0
464 3 0 0 0 0 0 0 0 0
466 3 0 0 0 0 0 0 0 0
467 3 1 1 3 0 0 0 0 0
468 3 0 0 3 0 0 0 0 0
471 3 0 0 0 0 0 0 0 0
473 3 0 0 0 0 0 0 0 0
475 3 0 0 0 0 0 0 0 0
477 6 0 0 0 0 0 0 0 0
483 25 0 0 25 0 0 0 0 0
484 25 0 0 25 0 0 0 0 0
485 25 0 0 25 0 0 0 0 0
486 25 0 0 25 0 0 0 0 0
487 25 0 0 0 0 0 0 0 0
488 25 0 0 0 0 0 25 22 22
489 25 0 0 0 0 0 25 3 3
490 25 1 1 0 0 0 25 22 22
491 25 0 0 0 0 0 25 3 3
492 25 0 0 0 0 0 0 0 0
493 25 0 0 0 0 0 0 0 0
494 25 0 0 0 0 0 0 0 0
496 3 0 0 0 0 0 3 1 1
497 3 0 0 0 0 0 3 2 2
498 3 0 0 0 0 0 3 0 0
499 3 0 0 0 0 0 3 0 0
501 3 0 0 0 0 0 3 0 0
505 6 0 0 3 0 0 0 0 0
518 2 0 0 2 0 0 0 0 0
519 2 0 0 2 0 0 0 0 0
521 2 1 1 0 0 0 0 0 0
522 2 0 0 2 0 0 0 0 0
523 2 0 0 2 0 0 0 0 0
525 2 0 0 0 0 0 0 0 0
527 2 0 0 0 0 0 0 0 0
529 4 0 0 0 0 0 0 0 0
535 94 0 0 94 0 0 0 0 0
536 94 0 0 94 0 0 0 0 0
537 94 0 0 94 0 0 0 0 0
538 94 0 0 94 0 0 0 0 0
539 94 0 0 0 0 0 0 0 0
540 94 0 0 0 0 0 94 64 64
541 94 1 1 0 0 0 94 31 31
542 94 0 0 0 0 0 94 63 63
543 94 0 0 0 0 0 94 31 31
544 94 0 0 0 0 0 0 0 0
545 94 0 0 0 0 0 0 0 0
546 94 0 0 0 0 0 0 0 0
548 2 0 0 0 0 0 2 1 1
549 2 0 0 0 0 0 2 1 1
550 2 0 0 0 0 0 2 0 0
551 2 0 0 0 0 0 2 0 0
553 2 0 0 0 0 0 2 0 0
554 4 0 0 2 0 0 0 0 0
563 6 1 1 6 5 0 0 0 0
570 6 0 0 0 0 0 0 0 0
571 6 0 0 0 0 0 0 0 0
577 5 0 0 0 0 0 0 0 0
580 5 0 0 0 0 0 0 0 0
582 5 0 0 0 0 0 0 0 0
585 5 0 0 0 0 0 0 0 0
586 5 0 0 0 0 0 0 0 0
588 5 0 0 0 0 0 0 0 0
590 966437 0 0 966432 14853 0 966432 15103 15099
592 5 0 0 0 0 0 5 4 0
594 5 0 0 0 0 0 5 4 0
596 10 0 0 5 4 0 0 0 0
601 6 1 1 0 0 0 0 0 0
602 6 0 0 0 0 0 0 0 0
606 6 0 0 0 0 0 0 0 0
608 6 0 0 0 0 0 0 0 0
611 6 0 0 0 0 0 0 0 0
615 6 0 0 6 6 0 0 0 0
616 6 0 0 0 0 0 0 0 0
620 6 0 0 6 0 0 0 0 0
624 6 0 0 0 0 0 0 0 0
648 1 0 0 0 0 0 0 0 0
650 1 0 0 0 0 0 0 0 0
652 1 0 0 0 0 0 0 0 0
654 1 1 1 0 0 0 0 0 0
657 1 0 0 0 0 0 0 0 0
658 1 0 0 0 0 0 0 0 0
660 65489 0 0 65488 1012 0 65488 1024 1023
663 1 0 0 0 0 0 1 1 0
665 1 0 0 0 0 0 1 1 0
667 2 0 0 1 1 0 0 0 0
fl=/home/wang/git-repositories/vcpkg/installed/x64-linux-clang-libcxx/include/boost/unordered/detail/foa/core.hpp
fn=unsigned int lob::v15::BookT<lob::ChecksumSink, 16u>::match<(lob::Side)0>(unsigned long, long, unsigned int)
0 15866 1 1 0 0 0 0 0 0
fn=unsigned int lob::v15::BookT<lob::ChecksumSink, 16u>::match<(lob::Side)1>(unsigned long, long, unsigned int)
0 15585 1 1 0 0 0 0 0 0
fl=/home/wang/sources/cxx/book/include/lob/events.hpp
fn=lob::v15::BookT<lob::ChecksumSink, 16u>::modify(unsigned long, long, unsigned int)
0 67320 1 1 0 0 0 44880 0 0
92 73196 0 0 73196 0 0 0 0 0
93 686358 1 1 73196 0 0 73196 0 0
fn=unsigned int lob::v15::BookT<lob::ChecksumSink, 16u>::match<(lob::Side)0>(unsigned long, long, unsigned int)
0 32396 1 1 32396 0 0 0 0 0
92 97188 0 0 32396 0 0 32396 0 0
93 388752 0 0 32396 0 0 32396 0 0
fn=unsigned int lob::v15::BookT<lob::ChecksumSink, 16u>::match<(lob::Side)1>(unsigned long, long, unsigned int)
0 32041 1 1 32041 0 0 0 0 0
92 96123 0 0 32041 0 0 32041 0 0
93 384492 0 0 32041 0 0 32041 0 0
fn=void lob::replay<lob::v15::BookT<lob::ChecksumSink, 16u> >(lob::v15::BookT<lob::ChecksumSink, 16u>&, std::__1::span<lob::Op const, 18446744073709551615ul>)
0 1835586 0 0 0 0 0 917793 0 0
92 917793 0 0 917793 11 1 0 0 0
93 9291456 1 1 1348308 0 0 0 0 0
fl=/home/wang/sources/cxx/book/include/lob/replay.hpp
fn=void lob::replay<lob::v15::BookT<lob::ChecksumSink, 16u> >(lob::v15::BookT<lob::ChecksumSink, 16u>&, std::__1::span<lob::Op const, 18446744073709551615ul>)
0 8 1 1 0 0 0 1 0 0
52 7 1 1 0 0 0 6 1 1
53 1000001 0 0 0 0 0 0 0 0
57 9 2 2 7 1 1 0 0 0
fl=/home/wang/sources/cxx/book/include/lob/v11/exact_div.hpp
fn=lob::v15::BookT<lob::ChecksumSink, 16u>::modify(unsigned long, long, unsigned int)
37 152268 1 1 101512 0 0 0 0 0
fn=lob::v15::BookT<lob::ChecksumSink, 16u>::remove_from_level(lob::v15::BookT<lob::ChecksumSink, 16u>::Loc const&)
37 67320 0 0 44880 0 0 0 0 0
fn=void lob::replay<lob::v15::BookT<lob::ChecksumSink, 16u> >(lob::v15::BookT<lob::ChecksumSink, 16u>&, std::__1::span<lob::Op const, 18446744073709551615ul>)
37 2753379 1 1 1835586 0 0 0 0 0
fl=/home/wang/sources/cxx/book/include/lob/v15/book.hpp
fn=lob::v15::BookT<lob::ChecksumSink, 16u>::anchor_if_on_tick(long)
365 3 0 0 0 0 0 1 0 0
366 1 0 0 0 0 0 1 0 0
593 10 2 2 1 0 0 0 0 0
594 1 0 0 1 0 0 0 0 0
fn=lob::v15::BookT<lob::ChecksumSink, 16u>::modify(unsigned long, long, unsigned int)
0 408653 3 3 207950 0 0 0 0 0
178 621698 2 2 0 0 0 339108 0 0
181 113036 0 0 0 0 0 0 0 0
182 113036 0 0 0 0 0 0 0 0
184 169554 0 0 56518 0 0 113036 0 0
186 226072 0 0 0 0 0 0 0 0
187 68156 1 1 34078 252 0 0 0 0
188 34078 0 0 0 0 0 34078 0 0
189 34078 0 0 34078 0 0 0 0 0
190 34078 0 0 0 0 0 0 0 0
194 134640 0 0 0 0 0 67320 244 0
195 22440 0 0 22440 0 0 0 0 0
197 508662 1 1 395626 0 0 0 0 0
316 16678 0 0 0 0 0 0 0 0
346 339108 1 1 113036 80773 0 56518 3 1
354 68156 0 0 34078 0 0 0 0 0
359 101512 0 0 50756 0 0 0 0 0
360 135590 1 1 0 0 0 0 0 0
362 44880 0 0 44880 0 0 0 0 0
379 68156 0 0 0 0 0 0 0 0
385 33356 0 0 16678 0 0 0 0 0
386 16678 1 1 0 0 0 0 0 0
387 50034 0 0 16678 0 0 16678 0 0
388 16678 0 0 0 0 0 0 0 0
393 100068 1 1 16678 0 0 83390 0 0
409 33356 0 0 16678 152 0 0 0 0
411 100068 1 1 16678 0 0 0 0 0
412 16678 0 0 0 0 0 16678 1511 0
413 16678 0 0 0 0 0 16678 0 0
414 16678 0 0 0 0 0 16678 0 0
415 16678 0 0 0 0 0 16678 0 0
416 16678 0 0 16678 29 0 0 0 0
437 56518 0 0 0 0 0 0 0 0
438 67320 0 0 0 0 0 0 0 0
439 67320 0 0 0 0 0 0 0 0
440 123116 0 0 44880 0 0 0 0 0
441 22440 1 1 22440 0 0 0 0 0
442 22440 0 0 0 0 0 0 0 0
443 89760 0 0 0 0 0 0 0 0
444 44880 0 0 0 0 0 0 0 0
449 39118 0 0 0 0 0 0 0 0
450 5762 0 0 0 0 0 0 0 0
451 11716 0 0 0 0 0 2929 0 0
453 11332 0 0 0 0 0 2833 0 0
454 11524 0 0 0 0 0 0 0 0
518 33356 0 0 16678 0 0 0 0 0
522 50034 0 0 16678 0 0 0 0 0
523 16678 0 0 0 0 0 0 0 0
528 33356 0 0 16678 0 0 0 0 0
529 16678 0 0 0 0 0 16678 0 0
530 16678 0 0 16678 0 0 0 0 0
fn=lob::v15::BookT<lob::ChecksumSink, 16u>::remove_from_level(lob::v15::BookT<lob::ChecksumSink, 16u>::Loc const&)
0 67320 0 0 0 0 0 44880 0 0
316 22440 0 0 0 0 0 0 0 0
354 44880 1 1 22440 0 0 0 0 0
359 22440 0 0 22440 0 0 0 0 0
360 22440 0 0 0 0 0 0 0 0
398 44880 0 0 22440 0 0 22440 0 0
399 44880 1 1 0 0 0 22440 0 0
421 44880 0 0 22440 0 0 0 0 0
422 44880 0 0 22440 0 0 0 0 0
425 112200 1 1 0 0 0 0 0 0
426 112200 0 0 0 0 0 0 0 0
427 22440 0 0 0 0 0 22440 21225 0
428 22440 0 0 0 0 0 22440 21285 0
429 22440 0 0 22440 16 0 0 0 0
553 22440 0 0 22440 0 0 0 0 0
554 67320 1 1 22440 0 0 0 0 0
555 67320 0 0 67320 136 0 0 0 0
557 22440 0 0 22440 0 0 0 0 0
560 179520 0 0 44880 6 0 0 0 0
564 67320 0 0 67320 0 0 0 0 0
fn=unsigned int lob::v15::BookT<lob::ChecksumSink, 16u>::match<(lob::Side)0>(unsigned long, long, unsigned int)
0 270386 2 2 0 0 0 79330 804 0
362 31732 0 0 15866 0 0 0 0 0
398 33580 0 0 16790 0 0 16790 0 0
399 33580 0 0 16790 0 0 16790 0 0
421 33580 0 0 16790 0 0 0 0 0
422 33580 0 0 16790 0 0 0 0 0
425 83950 1 1 16790 0 0 0 0 0
426 67160 0 0 16790 0 0 0 0 0
427 16790 0 0 0 0 0 16790 0 0
428 33580 0 0 0 0 0 16790 16031 0
429 16790 0 0 16790 0 0 0 0 0
464 111062 1 1 0 0 0 95196 0 0
474 31732 1 1 0 0 0 0 0 0
477 47598 0 0 0 0 0 0 0 0
480 15866 0 0 0 0 0 0 0 0
485 15866 0 0 0 0 0 0 0 0
487 31732 0 0 0 0 0 0 0 0
488 174526 1 1 31732 0 0 31732 0 0
489 129584 1 1 32396 0 0 0 0 0
492 129584 0 0 0 0 0 0 0 0
493 64792 1 1 64792 8285 0 0 0 0
495 97188 0 0 0 0 0 32396 0 0
496 32396 0 0 32396 0 0 0 0 0
497 32396 0 0 0 0 0 0 0 0
503 31732 0 0 15866 0 0 0 0 0
511 158660 1 1 111062 0 0 0 0 0
fn=unsigned int lob::v15::BookT<lob::ChecksumSink, 16u>::match<(lob::Side)1>(unsigned long, long, unsigned int)
0 281401 2 2 15585 0 0 77925 798 0
362 31170 0 0 15585 0 0 0 0 0
398 33292 0 0 16646 0 0 16646 0 0
399 33292 0 0 16646 0 0 16646 0 0
421 33292 0 0 16646 0 0 0 0 0
422 33292 0 0 16646 0 0 0 0 0
425 83230 1 1 16646 0 0 0 0 0
426 66584 0 0 16646 0 0 0 0 0
427 16646 0 0 0 0 0 16646 0 0
428 33292 0 0 0 0 0 16646 15877 0
429 16646 0 0 16646 0 0 0 0 0
464 109095 0 0 0 0 0 93510 1 1
474 31170 1 1 0 0 0 0 0 0
477 46755 0 0 0 0 0 0 0 0
480 15585 0 0 0 0 0 0 0 0
481 15585 0 0 0 0 0 0 0 0
485 15585 0 0 0 0 0 0 0 0
487 31170 0 0 0 0 0 0 0 0
488 171435 1 1 31170 0 0 31170 0 0
489 128164 1 1 32041 0 0 0 0 0
492 128164 0 0 0 0 0 0 0 0
493 64082 1 1 64082 8215 0 0 0 0
495 96123 0 0 0 0 0 32041 0 0
496 32041 0 0 32041 0 0 0 0 0
497 32041 0 0 0 0 0 0 0 0
503 31170 0 0 15585 0 0 0 0 0
511 155850 0 0 109095 0 0 0 0 0
fn=void lob::replay<lob::v15::BookT<lob::ChecksumSink, 16u> >(lob::v15::BookT<lob::ChecksumSink, 16u>&, std::__1::span<lob::Op const, 18446744073709551615ul>)
0 4018380 0 0 3462075 125000 125000 430515 0 0
150 4886964 1 1 1000000 178574 178566 0 0 0
152 2564835 2 2 1538901 64348 64348 0 0 0
156 339108 0 0 113036 7087 7087 56518 0 0
162 512967 0 0 0 0 0 0 0 0
163 1025934 0 0 0 0 0 0 0 0
164 512967 0 0 0 0 0 512967 0 0
166 1025934 0 0 0 0 0 0 0 0
173 861030 0 0 861030 410495 0 0 0 0
175 430515 0 0 430515 0 0 0 0 0
316 2753379 0 0 0 0 0 0 0 0
346 2152575 0 0 861030 205513 1 0 0 0
354 861032 0 0 430516 0 0 0 0 0
359 1405071 0 0 917793 0 0 0 0 0
360 1835586 0 0 0 0 0 0 0 0
362 1025932 0 0 1025932 5 0 0 0 0
385 1461834 1 1 487278 0 0 0 0 0
386 487278 0 0 0 0 0 0 0 0
387 1877348 0 0 469337 29939 0 938674 0 0
388 469337 0 0 0 0 0 0 0 0
389 53823 0 0 0 0 0 0 0 0
393 2941609 0 0 487278 0 0 2436390 14885 0
398 861030 0 0 430515 0 0 430515 0 0
399 430515 0 0 0 0 0 430515 0 0
409 1461834 0 0 487278 3046 19 0 0 0
411 2436390 1 1 487278 0 0 0 0 0
412 487278 0 0 0 0 0 487278 19782 0
413 487278 0 0 0 0 0 487278 0 0
414 487278 0 0 0 0 0 487278 0 0
415 487278 0 0 0 0 0 487278 0 0
416 487278 0 0 487278 665 7 0 0 0
421 861030 0 0 430515 0 0 0 0 0
422 861030 0 0 430515 0 0 0 0 0
425 2152575 1 1 0 0 0 0 0 0
426 2152575 0 0 0 0 0 0 0 0
427 430515 0 0 0 0 0 430515 408870 0
428 861030 0 0 430515 0 0 430515 409171 0
429 430515 0 0 430515 262 0 0 0 0
438 1538901 1 1 0 0 0 0 0 0
439 1538898 0 0 0 0 0 0 0 0
440 3026424 0 0 0 0 0 0 0 0
441 512967 0 0 512967 6 1 0 0 0
442 512967 0 0 0 0 0 0 0 0
443 2051864 0 0 0 0 0 0 0 0
444 1538901 1 1 0 0 0 512967 0 0
449 512967 0 0 0 0 0 0 0 0
450 25689 0 0 0 0 0 0 0 0
451 25874 1 1 0 0 0 12937 0 0
453 25504 0 0 0 0 0 12752 0 0
454 102756 0 0 25689 0 0 0 0 0
518 974562 1 1 487278 6 1 1 0 0
522 1461834 1 1 487278 5 0 0 0 0
523 487278 0 0 0 0 0 0 0 0
528 487278 0 0 487278 0 0 0 0 0
529 487278 0 0 0 0 0 487278 5 0
530 487278 0 0 487278 0 0 0 0 0
534 861030 0 0 0 0 0 861030 0 0
536 1291545 0 0 430515 0 0 0 0 0
537 861030 0 0 861030 3127 1 0 0 0
539 430515 0 0 430515 0 0 0 0 0
542 3013605 0 0 430515 167 0 0 0 0
fl=/home/wang/sources/cxx/book/include/lob/v15/order_index.hpp
fn=lob::v15::BookT<lob::ChecksumSink, 16u>::modify(unsigned long, long, unsigned int)
0 169560 0 0 56520 0 0 0 0 0
59 113036 0 0 0 0 0 0 0 0
63 4 0 0 0 0 0 0 0 0
64 113040 0 0 0 0 0 0 0 0
65 4 0 0 2 0 0 0 0 0
67 169554 1 1 0 0 0 0 0 0
95 23048 1 1 0 0 0 0 0 0
99 17286 0 0 11524 0 0 5762 0 0
100 11524 0 0 0 0 0 0 0 0
101 5762 1 1 5762 0 0 0 0 0
102 5762 0 0 0 0 0 0 0 0
118 226072 0 0 56518 0 0 0 0 0
121 113036 0 0 0 0 0 0 0 0
126 282598 2 2 0 0 0 0 0 0
128 169558 0 0 56520 54524 0 0 0 0
fn=lob::v15::OrderIndex::grow()
0 87326 1 1 7936 4 0 0 0 0
118 111104 3 3 27776 0 0 0 0 0
126 111104 3 3 0 0 0 0 0 0
128 55552 1 1 27776 14523 0 0 0 0
141 27776 0 0 0 0 0 0 0 0
143 27776 1 1 0 0 0 27776 0 0
150 5 1 1 0 0 0 5 0 0
151 25 0 0 0 0 0 5 0 0
152 10 0 0 0 0 0 5 0 0
153 10 0 0 0 0 0 5 0 0
154 20 0 0 0 0 0 5 0 0
155 5 0 0 0 0 0 5 0 0
156 7991 1 1 0 0 0 0 0 0
157 15872 0 0 0 0 0 15872 15872 13824
158 15872 2 2 0 0 0 15872 0 0
161 30 1 1 0 0 0 25 1 0
163 5 0 0 5 0 0 0 0 0
164 5 0 0 0 0 0 0 0 0
165 23818 1 1 0 0 0 0 0 0
167 166656 3 3 55552 7876 0 0 0 0
169 55552 0 0 27776 0 0 27776 0 0
184 45 2 2 20 10 0 0 0 0
fn=unsigned int lob::v15::BookT<lob::ChecksumSink, 16u>::match<(lob::Side)0>(unsigned long, long, unsigned int)
0 67160 2 2 16790 0 0 0 0 0
59 33580 0 0 0 0 0 0 0 0
64 33580 0 0 0 0 0 0 0 0
67 16790 0 0 0 0 0 0 0 0
95 50370 0 0 0 0 0 0 0 0
99 33580 0 0 16790 0 0 16790 0 0
100 33580 0 0 0 0 0 0 0 0
101 16790 0 0 16790 0 0 0 0 0
118 67160 0 0 16790 0 0 0 0 0
121 33580 0 0 0 0 0 0 0 0
126 83950 1 1 0 0 0 0 0 0
128 50370 0 0 16790 16439 0 0 0 0
fn=unsigned int lob::v15::BookT<lob::ChecksumSink, 16u>::match<(lob::Side)1>(unsigned long, long, unsigned int)
0 66584 2 2 16646 0 0 0 0 0
59 33292 0 0 0 0 0 0 0 0
64 33292 0 0 0 0 0 0 0 0
67 16646 0 0 0 0 0 0 0 0
95 49938 0 0 0 0 0 0 0 0
99 33292 0 0 16646 0 0 16646 0 0
100 33292 0 0 0 0 0 0 0 0
101 16646 0 0 16646 0 0 0 0 0
118 66584 0 0 16646 0 0 0 0 0
121 33292 0 0 0 0 0 0 0 0
126 83230 1 1 0 0 0 0 0 0
128 49938 0 0 16646 16303 0 0 0 0
fn=void lob::replay<lob::v15::BookT<lob::ChecksumSink, 16u> >(lob::v15::BookT<lob::ChecksumSink, 16u>&, std::__1::span<lob::Op const, 18446744073709551615ul>)
0 5010856 1 1 1456484 0 0 564345 0 0
59 1722060 1 1 0 0 0 430515 0 0
63 24 0 0 0 0 0 0 0 0
64 861054 0 0 0 0 0 0 0 0
65 24 0 0 12 0 0 0 0 0
67 1291545 0 0 0 0 0 0 0 0
74 2051868 0 0 0 0 0 512967 1 1
76 1538901 0 0 1025934 6 1 0 0 0
77 20 1 1 0 0 0 10 0 0
80 28 0 0 0 0 0 0 0 0
81 1025962 1 1 0 0 0 0 0 0
85 1025962 0 0 512981 0 0 0 0 0
88 512967 0 0 512967 0 0 0 0 0
89 512967 0 0 0 0 0 512967 5 0
95 1824816 2 2 0 0 0 0 0 0
99 912408 0 0 456204 0 0 456204 0 0
100 938188 0 0 13 0 0 0 0 0
101 886719 2 2 886719 0 0 0 0 0
102 25689 0 0 0 0 0 0 0 0
118 3773928 1 1 943482 0 0 0 0 0
121 4451799 1 1 0 0 0 0 0 0
126 6256479 2 2 512967 506020 256 0 0 0
128 4369431 2 2 430557 417015 0 0 0 0
140 32 0 0 0 0 0 0 0 0
141 1025966 0 0 0 0 0 0 0 0
143 512967 0 0 0 0 0 512967 0 0
146 16 0 0 16 0 0 0 0 0
fl=/home/wang/sources/cxx/book/include/lob/v3/hier_bitmap.hpp
fn=lob::v15::BookT<lob::ChecksumSink, 16u>::modify(unsigned long, long, unsigned int)
48 67320 0 0 44880 1 0 0 0 0
57 33356 0 0 0 0 0 0 0 0
58 50034 1 1 16678 0 0 0 0 0
59 50034 0 0 33356 0 0 33356 490 1
95 112200 1 1 0 0 0 0 0 0
fn=lob::v15::BookT<lob::ChecksumSink, 16u>::remove_from_level(lob::v15::BookT<lob::ChecksumSink, 16u>::Loc const&)
78 67320 0 0 22440 0 0 0 0 0
79 67320 0 0 22440 1 0 0 0 0
80 22440 1 1 0 0 0 0 0 0
fn=unsigned int lob::v15::BookT<lob::ChecksumSink, 16u>::match<(lob::Side)0>(unsigned long, long, unsigned int)
0 15866 0 0 15866 0 0 0 0 0
48 47598 1 1 31732 0 0 0 0 0
95 79330 0 0 0 0 0 0 0 0
fn=unsigned int lob::v15::BookT<lob::ChecksumSink, 16u>::match<(lob::Side)1>(unsigned long, long, unsigned int)
48 46755 1 1 31170 0 0 0 0 0
95 77925 1 1 0 0 0 0 0 0
fn=void lob::replay<lob::v15::BookT<lob::ChecksumSink, 16u> >(lob::v15::BookT<lob::ChecksumSink, 16u>&, std::__1::span<lob::Op const, 18446744073709551615ul>)
0 1461831 1 1 487278 0 0 0 0 0
48 1538901 0 0 1025934 26 2 0 0 0
57 974559 1 1 0 0 0 0 0 0
58 1461852 2 2 487287 38 6 0 0 0
59 1461852 0 0 974565 1 1 974562 10 1
78 1291545 0 0 430515 0 0 0 0 0
79 1291545 1 1 430515 12 0 0 0 0
80 430515 0 0 0 0 0 0 0 0
95 3077796 0 0 512966 0 0 0 0 0
fl=/home/wang/sources/cxx/book/source/main.cxx
fn=auto lob::for_each_type<std::__1::tuple<lob::v0::Book<lob::ChecksumSink>, lob::v1::Book<lob::ChecksumSink>, lob::v2::Book<lob::ChecksumSink>, lob::v3::BookT<lob::ChecksumSink, 16u>, lob::v4::BookT<lob::ChecksumSink, 16u>, lob::v5::BookT<lob::ChecksumSink, 16u>, lob::v7::BookT<lob::ChecksumSink, 16u>, lob::v8::BookT<lob::ChecksumSink, 16u>, lob::v9::BookT<lob::ChecksumSink, 16u>, lob::v10::BookT<lob::ChecksumSink, 16u>, lob::v11::BookT<lob::ChecksumSink, 16u>, lob::v12::BookT<lob::ChecksumSink, 16u>, lob::v13::BookT<lob::ChecksumSink, 16u>, lob::v14::BookT<lob::ChecksumSink, 16u>, lob::v15::BookT<lob::ChecksumSink, 16u>, lob::v16::BookT<lob::ChecksumSink, 16u> >, (anonymous namespace)::with_version<(anonymous namespace)::cmd_replay((anonymous namespace)::Args const&)::$_0>(std::__1::basic_string_view<char, std::__1::char_traits<char> >, (anonymous namespace)::cmd_replay((anonymous namespace)::Args const&)::$_0&&)::{lambda<typename $T0>()#1}>((anonymous namespace)::with_version<(anonymous namespace)::cmd_replay((anonymous namespace)::Args const&)::$_0>(std::__1::basic_string_view<char, std::__1::char_traits<char> >, (anonymous namespace)::cmd_replay((anonymous namespace)::Args const&)::$_0&&)::{lambda<typename $T0>()#1}&&)::{lambda<unsigned long... $N0>(std::__1::integer_sequence<unsigned long, ($N0)...>)#1}::operator()<0ul, 1ul, 2ul, 3ul, 4ul, 5ul, 6ul, 7ul, 8ul, 9ul, 10ul, 11ul, 12ul, 13ul, 14ul, 15ul>(std::__1::integer_sequence<unsigned long, 0ul, 1ul, 2ul, 3ul, 4ul, 5ul, 6ul, 7ul, 8ul, 9ul, 10ul, 11ul, 12ul, 13ul, 14ul, 15ul>) const
293 2 1 1 0 0 0 1 1 1
294 2 0 0 1 1 1 1 1 1
295 9 2 2 0 0 0 6 1 1
fl=/usr/include/c++/v1/__algorithm/comp.h
fn=unsigned int lob::v15::BookT<lob::ChecksumSink, 16u>::match<(lob::Side)0>(unsigned long, long, unsigned int)
41 32396 0 0 32396 612 0 0 0 0
fn=unsigned int lob::v15::BookT<lob::ChecksumSink, 16u>::match<(lob::Side)1>(unsigned long, long, unsigned int)
41 32041 0 0 32041 667 0 0 0 0
fl=/usr/include/c++/v1/__bit/countr.h
fn=lob::v15::BookT<lob::ChecksumSink, 16u>::modify(unsigned long, long, unsigned int)
28 202796 0 0 44880 1 0 0 0 0
fn=lob::v15::OrderIndex::grow()
28 55567 0 0 0 0 0 0 0 0
fn=unsigned int lob::v15::BookT<lob::ChecksumSink, 16u>::match<(lob::Side)0>(unsigned long, long, unsigned int)
28 112910 1 1 31732 0 0 0 0 0
fn=unsigned int lob::v15::BookT<lob::ChecksumSink, 16u>::match<(lob::Side)1>(unsigned long, long, unsigned int)
28 111217 0 0 31170 0 0 0 0 0
fn=void lob::replay<lob::v15::BookT<lob::ChecksumSink, 16u> >(lob::v15::BookT<lob::ChecksumSink, 16u>&, std::__1::span<lob::Op const, 18446744073709551615ul>)
28 3938828 0 0 1025932 25 0 0 0 0
fl=/usr/include/c++/v1/__iterator/wrap_iter.h
fn=void lob::replay<lob::v15::BookT<lob::ChecksumSink, 16u> >(lob::v15::BookT<lob::ChecksumSink, 16u>&, std::__1::span<lob::Op const, 18446744073709551615ul>)
65 1000000 0 0 0 0 0 0 0 0
125 1000001 0 0 0 0 0 0 0 0
fl=/usr/include/c++/v1/__memory/allocator.h
fn=void lob::replay<lob::v15::BookT<lob::ChecksumSink, 16u> >(lob::v15::BookT<lob::ChecksumSink, 16u>&, std::__1::span<lob::Op const, 18446744073709551615ul>)
100 32 0 0 0 0 0 0 0 0
fl=/usr/include/c++/v1/__memory/construct_at.h
fn=void lob::replay<lob::v15::BookT<lob::ChecksumSink, 16u> >(lob::v15::BookT<lob::ChecksumSink, 16u>&, std::__1::span<lob::Op const, 18446744073709551615ul>)
38 35882 0 0 0 0 0 17941 9003 8971
fl=/usr/include/c++/v1/__memory/uninitialized_algorithms.h
fn=void lob::replay<lob::v15::BookT<lob::ChecksumSink, 16u> >(lob::v15::BookT<lob::ChecksumSink, 16u>&, std::__1::span<lob::Op const, 18446744073709551615ul>)
0 32 0 0 32 5 0 0 0 0
638 64 0 0 0 0 0 16 0 0
fl=/usr/include/c++/v1/__memory/unique_ptr.h
fn=auto lob::for_each_type<std::__1::tuple<lob::v0::Book<lob::ChecksumSink>, lob::v1::Book<lob::ChecksumSink>, lob::v2::Book<lob::ChecksumSink>, lob::v3::BookT<lob::ChecksumSink, 16u>, lob::v4::BookT<lob::ChecksumSink, 16u>, lob::v5::BookT<lob::ChecksumSink, 16u>, lob::v7::BookT<lob::ChecksumSink, 16u>, lob::v8::BookT<lob::ChecksumSink, 16u>, lob::v9::BookT<lob::ChecksumSink, 16u>, lob::v10::BookT<lob::ChecksumSink, 16u>, lob::v11::BookT<lob::ChecksumSink, 16u>, lob::v12::BookT<lob::ChecksumSink, 16u>, lob::v13::BookT<lob::ChecksumSink, 16u>, lob::v14::BookT<lob::ChecksumSink, 16u>, lob::v15::BookT<lob::ChecksumSink, 16u>, lob::v16::BookT<lob::ChecksumSink, 16u> >, (anonymous namespace)::with_version<(anonymous namespace)::cmd_replay((anonymous namespace)::Args const&)::$_0>(std::__1::basic_string_view<char, std::__1::char_traits<char> >, (anonymous namespace)::cmd_replay((anonymous namespace)::Args const&)::$_0&&)::{lambda<typename $T0>()#1}>((anonymous namespace)::with_version<(anonymous namespace)::cmd_replay((anonymous namespace)::Args const&)::$_0>(std::__1::basic_string_view<char, std::__1::char_traits<char> >, (anonymous namespace)::cmd_replay((anonymous namespace)::Args const&)::$_0&&)::{lambda<typename $T0>()#1}&&)::{lambda<unsigned long... $N0>(std::__1::integer_sequence<unsigned long, ($N0)...>)#1}::operator()<0ul, 1ul, 2ul, 3ul, 4ul, 5ul, 6ul, 7ul, 8ul, 9ul, 10ul, 11ul, 12ul, 13ul, 14ul, 15ul>(std::__1::integer_sequence<unsigned long, 0ul, 1ul, 2ul, 3ul, 4ul, 5ul, 6ul, 7ul, 8ul, 9ul, 10ul, 11ul, 12ul, 13ul, 14ul, 15ul>) const
268 1 0 0 1 0 0 0 0 0
fn=lob::v15::OrderIndex::grow()
281 5 0 0 5 0 0 0 0 0
282 5 0 0 0 0 0 5 0 0
287 5 1 1 5 0 0 0 0 0
288 5 0 0 0 0 0 5 0 0
289 10 0 0 0 0 0 0 0 0
fl=/usr/include/c++/v1/__new/allocate.h
fn=void lob::replay<lob::v15::BookT<lob::ChecksumSink, 16u> >(lob::v15::BookT<lob::ChecksumSink, 16u>&, std::__1::span<lob::Op const, 18446744073709551615ul>)
0 95 0 0 80 0 0 0 0 0
37 16 0 0 0 0 0 0 0 0
43 48 0 0 0 0 0 16 0 0
63 60 0 0 15 0 0 15 0 0
fl=/usr/include/c++/v1/__split_buffer
fn=void lob::replay<lob::v15::BookT<lob::ChecksumSink, 16u> >(lob::v15::BookT<lob::ChecksumSink, 16u>&, std::__1::span<lob::Op const, 18446744073709551615ul>)
334 16 0 0 0 0 0 0 0 0
335 16 0 0 0 0 0 0 0 0
341 32 0 0 0 0 0 0 0 0
fl=/usr/include/c++/v1/__utility/swap.h
fn=void lob::replay<lob::v15::BookT<lob::ChecksumSink, 16u> >(lob::v15::BookT<lob::ChecksumSink, 16u>&, std::__1::span<lob::Op const, 18446744073709551615ul>)
44 48 1 1 0 0 0 48 5 0
fl=/usr/include/c++/v1/__vector/vector.h
fn=auto lob::for_each_type<std::__1::tuple<lob::v0::Book<lob::ChecksumSink>, lob::v1::Book<lob::ChecksumSink>, lob::v2::Book<lob::ChecksumSink>, lob::v3::BookT<lob::ChecksumSink, 16u>, lob::v4::BookT<lob::ChecksumSink, 16u>, lob::v5::BookT<lob::ChecksumSink, 16u>, lob::v7::BookT<lob::ChecksumSink, 16u>, lob::v8::BookT<lob::ChecksumSink, 16u>, lob::v9::BookT<lob::ChecksumSink, 16u>, lob::v10::BookT<lob::ChecksumSink, 16u>, lob::v11::BookT<lob::ChecksumSink, 16u>, lob::v12::BookT<lob::ChecksumSink, 16u>, lob::v13::BookT<lob::ChecksumSink, 16u>, lob::v14::BookT<lob::ChecksumSink, 16u>, lob::v15::BookT<lob::ChecksumSink, 16u>, lob::v16::BookT<lob::ChecksumSink, 16u> >, (anonymous namespace)::with_version<(anonymous namespace)::cmd_replay((anonymous namespace)::Args const&)::$_0>(std::__1::basic_string_view<char, std::__1::char_traits<char> >, (anonymous namespace)::cmd_replay((anonymous namespace)::Args const&)::$_0&&)::{lambda<typename $T0>()#1}>((anonymous namespace)::with_version<(anonymous namespace)::cmd_replay((anonymous namespace)::Args const&)::$_0>(std::__1::basic_string_view<char, std::__1::char_traits<char> >, (anonymous namespace)::cmd_replay((anonymous namespace)::Args const&)::$_0&&)::{lambda<typename $T0>()#1}&&)::{lambda<unsigned long... $N0>(std::__1::integer_sequence<unsigned long, ($N0)...>)#1}::operator()<0ul, 1ul, 2ul, 3ul, 4ul, 5ul, 6ul, 7ul, 8ul, 9ul, 10ul, 11ul, 12ul, 13ul, 14ul, 15ul>(std::__1::integer_sequence<unsigned long, 0ul, 1ul, 2ul, 3ul, 4ul, 5ul, 6ul, 7ul, 8ul, 9ul, 10ul, 11ul, 12ul, 13ul, 14ul, 15ul>) const
388 5 0 0 1 0 0 0 0 0
449 1 0 0 1 1 1 0 0 0
fn=lob::v15::BookT<lob::ChecksumSink, 16u>::modify(unsigned long, long, unsigned int)
407 66712 1 1 16678 0 0 0 0 0
411 169554 0 0 56518 0 0 0 0 0
fn=lob::v15::BookT<lob::ChecksumSink, 16u>::remove_from_level(lob::v15::BookT<lob::ChecksumSink, 16u>::Loc const&)
407 89760 0 0 22440 0 0 0 0 0
fn=unsigned int lob::v15::BookT<lob::ChecksumSink, 16u>::match<(lob::Side)0>(unsigned long, long, unsigned int)
407 113978 0 0 49186 0 0 0 0 0
fn=unsigned int lob::v15::BookT<lob::ChecksumSink, 16u>::match<(lob::Side)1>(unsigned long, long, unsigned int)
407 112769 0 0 48687 0 0 0 0 0
fn=void lob::replay<lob::v15::BookT<lob::ChecksumSink, 16u> >(lob::v15::BookT<lob::ChecksumSink, 16u>&, std::__1::span<lob::Op const, 18446744073709551615ul>)
0 35994 2 2 16 0 0 96 0 0
388 53823 1 1 17941 0 0 0 0 0
391 16 0 0 0 0 0 0 0 0
407 3596468 3 3 448456 0 0 0 0 0
475 17925 0 0 0 0 0 0 0 0
844 32 0 0 0 0 0 0 0 0
902 48 0 0 0 0 0 0 0 0
905 128 0 0 0 0 0 0 0 0
1128 16 0 0 0 0 0 0 0 0
1131 32 1 1 0 0 0 0 0 0
1146 71764 0 0 17941 0 0 17941 0 0
1149 17925 0 0 0 0 0 0 0 0
1152 17941 0 0 0 0 0 17941 0 0
fl=/usr/include/c++/v1/map
fn=unsigned int lob::v15::BookT<lob::ChecksumSink, 16u>::match<(lob::Side)0>(unsigned long, long, unsigned int)
1031 31732 0 0 15866 0 0 0 0 0
fn=unsigned int lob::v15::BookT<lob::ChecksumSink, 16u>::match<(lob::Side)1>(unsigned long, long, unsigned int)
1031 31170 0 0 15585 0 0 0 0 0
fl=???
fn=???
0 187 11 11 121 58 9 8 0 0
fn=operator delete(void*)
0 75 0 0 15 0 0 15 0 0
fn=operator delete(void*, std::align_val_t)
0 25 1 1 5 0 0 5 0 0
fn=operator delete(void*, unsigned long)
0 75 1 1 15 0 0 15 0 0
fn=operator new(unsigned long)
0 272 2 2 48 0 0 64 1 1
fn=operator new(unsigned long, std::align_val_t)
0 135 3 3 20 0 0 20 1 0
summary: 167502369 341 340 42140160 2176643 375470 17851770 972366 39219
