==78615== Cachegrind, a high-precision tracing profiler
==78615== Copyright (C) 2002-2017, and GNU GPL'd, by Nicholas Nethercote et al.
==78615== Using Valgrind-3.22.0 and LibVEX; rerun with -h for copyright info
==78615== Command: /home/wang/sources/cxx/book/build/profile/book replay --workload data/itch12302019_SPY.ops --version v11
==78615== 
==78615== 
==78615== I refs:        425,103,599
==78615== I1  misses:            237
==78615== LLi misses:            235
==78615== I1  miss rate:        0.00%
==78615== LLi miss rate:        0.00%
==78615== 
==78615== D refs:        176,255,823  (118,062,272 rd   + 58,193,551 wr)
==78615== D1  misses:      1,594,447  (  1,062,005 rd   +    532,442 wr)
==78615== LLd misses:        855,851  (    846,458 rd   +      9,393 wr)
==78615== D1  miss rate:         0.9% (        0.9%     +        0.9%  )
==78615== LLd miss rate:         0.5% (        0.7%     +        0.0%  )
==78615== 
==78615== LL refs:         1,594,684  (  1,062,242 rd   +    532,442 wr)
==78615== LL misses:         856,086  (    846,693 rd   +      9,393 wr)
==78615== LL miss rate:          0.1% (        0.2%     +        0.0%  )
