==103424== Cachegrind, a high-precision tracing profiler
==103424== Copyright (C) 2002-2017, and GNU GPL'd, by Nicholas Nethercote et al.
==103424== Using Valgrind-3.22.0 and LibVEX; rerun with -h for copyright info
==103424== Command: /home/wang/sources/cxx/book/build/profile/book replay --workload data/syn_deep_s42.ops --version v17
==103424== 
==103424== 
==103424== I refs:        166,645,197
==103424== I1  misses:            391
==103424== LLi misses:            349
==103424== I1  miss rate:        0.00%
==103424== LLi miss rate:        0.00%
==103424== 
==103424== D refs:         61,559,725  (41,116,711 rd   + 20,443,014 wr)
==103424== D1  misses:      3,405,058  ( 1,897,674 rd   +  1,507,384 wr)
==103424== LLd misses:        414,690  (   375,211 rd   +     39,479 wr)
==103424== D1  miss rate:         5.5% (       4.6%     +        7.4%  )
==103424== LLd miss rate:         0.7% (       0.9%     +        0.2%  )
==103424== 
==103424== LL refs:         3,405,449  ( 1,898,065 rd   +  1,507,384 wr)
==103424== LL misses:         415,039  (   375,560 rd   +     39,479 wr)
==103424== LL miss rate:          0.2% (       0.2%     +        0.2%  )
