desc: I1 cache:         32768 B, 64 B, 8-way associative
desc: D1 cache:         49152 B, 64 B, 12-way associative
desc: LL cache:         6291456 B, 64 B, 12-way associative
cmd: /home/wang/sources/cxx/book/build/profile/book replay --workload data/itch12302019_QQQ.ops --version v18
events: Ir I1mr ILmr Dr D1mr DLmr Dw D1mw DLmw 
fl=./elf/../sysdeps/generic/dl-new-hash.h
fn=_dl_lookup_symbol_x
69 2 0 0 0 0 0 0 0 0
70 4 0 0 0 0 0 0 0 0
74 15 0 0 15 2 1 0 0 0
77 30 0 0 0 0 0 0 0 0
80 14 0 0 14 0 0 0 0 0
81 28 0 0 0 0 0 0 0 0
87 1 1 1 0 0 0 0 0 0
88 1 0 0 0 0 0 0 0 0
89 2 0 0 0 0 0 0 0 0
90 1 0 0 0 0 0 0 0 0
99 13 0 0 0 0 0 0 0 0
101 13 0 0 0 0 0 0 0 0
102 26 0 0 0 0 0 0 0 0
104 13 1 1 0 0 0 0 0 0
105 13 0 0 0 0 0 0 0 0
fl=./elf/../sysdeps/generic/dl-protected.h
fn=do_lookup_x
29 8 0 0 0 0 0 0 0 0
fl=./elf/../sysdeps/generic/ldsodefs.h
fn=do_lookup_x
139 4 0 0 2 0 0 0 0 0
140 6 0 0 0 0 0 0 0 0
fl=./elf/../sysdeps/x86_64/dl-machine.h
fn=_dl_fixup
234 2 0 0 0 0 0 2 0 0
fl=./elf/../sysdeps/x86_64/dl-runtime.h
fn=_dl_fixup
28 2 0 0 0 0 0 0 0 0
fl=./elf/../sysdeps/x86_64/dl-trampoline.h
fn=_dl_runtime_resolve_xsave
71 2 1 1 0 0 0 0 0 0
76 2 0 0 0 0 0 2 0 0
79 2 0 0 0 0 0 0 0 0
81 2 0 0 0 0 0 0 0 0
91 2 0 0 2 2 1 0 0 0
97 2 0 0 0 0 0 2 2 1
98 2 0 0 0 0 0 2 0 0
99 2 1 1 0 0 0 2 0 0
100 2 0 0 0 0 0 2 0 0
101 2 0 0 0 0 0 2 0 0
102 2 0 0 0 0 0 2 0 0
103 2 0 0 0 0 0 2 0 0
107 2 0 0 0 0 0 0 0 0
108 2 0 0 0 0 0 0 0 0
111 2 0 0 0 0 0 2 1 0
112 2 0 0 0 0 0 2 0 0
114 2 0 0 0 0 0 2 0 0
115 2 0 0 0 0 0 2 0 0
116 2 1 1 0 0 0 2 0 0
117 2 0 0 0 0 0 2 0 0
118 2 0 0 0 0 0 2 0 0
119 2 0 0 0 0 0 2 0 0
121 2 0 0 2 0 0 66 15 8
128 2 0 0 2 0 0 0 0 0
129 2 0 0 2 0 0 0 0 0
130 2 0 0 0 0 0 2 2 1
131 2 0 0 0 0 0 0 0 0
136 2 0 0 0 0 0 0 0 0
137 2 0 0 0 0 0 0 0 0
138 2 0 0 72 0 0 0 0 0
140 2 1 1 2 0 0 0 0 0
141 2 0 0 2 0 0 0 0 0
142 2 0 0 2 0 0 0 0 0
143 2 0 0 2 0 0 0 0 0
144 2 0 0 2 0 0 0 0 0
145 2 0 0 2 0 0 0 0 0
146 2 0 0 2 0 0 0 0 0
148 2 0 0 0 0 0 0 0 0
150 2 0 0 2 0 0 0 0 0
154 2 0 0 0 0 0 0 0 0
156 2 0 0 0 0 0 0 0 0
fl=./elf/./elf/dl-lookup.c
fn=_dl_lookup_symbol_x
772 26 2 2 0 0 0 18 6 3
774 4 0 0 0 0 0 2 0 0
775 8 0 0 0 0 0 2 0 0
778 2 0 0 2 2 1 0 0 0
782 4 0 0 0 0 0 0 0 0
785 4 1 1 2 0 0 0 0 0
787 4 0 0 4 0 0 0 0 0
791 28 0 0 0 0 0 6 0 0
792 34 2 2 14 0 0 14 2 1
797 10 0 0 4 0 0 0 0 0
816 2 0 0 0 0 0 2 0 0
820 4 0 0 2 0 0 0 0 0
821 14 0 0 2 0 0 0 0 0
828 2 0 0 2 0 0 0 0 0
856 8 1 1 2 0 0 0 0 0
870 6 0 0 2 2 1 0 0 0
873 4 0 0 2 0 0 0 0 0
890 8 0 0 2 0 0 0 0 0
892 18 1 1 14 0 0 0 0 0
fn=check_match
70 30 1 1 4 2 2 12 2 1
73 16 1 1 4 0 0 0 0 0
86 10 0 0 0 0 0 0 0 0
89 16 1 1 4 0 0 2 0 0
93 2 0 0 2 2 1 0 0 0
94 4 0 0 0 0 0 0 0 0
144 4 1 1 0 0 0 0 0 0
146 12 0 0 4 2 2 0 0 0
147 8 1 1 0 0 0 0 0 0
161 2 0 0 0 0 0 0 0 0
162 16 0 0 14 0 0 0 0 0
fn=do_lookup_x
347 28 2 2 4 0 0 20 4 2
348 2 0 0 2 2 1 0 0 0
353 2 0 0 0 0 0 0 0 0
354 2 0 0 2 0 0 0 0 0
358 16 1 1 16 12 6 0 0 0
361 16 0 0 0 0 0 0 0 0
365 20 0 0 2 0 0 0 0 0
386 16 1 1 8 6 3 0 0 0
390 16 0 0 8 2 1 0 0 0
396 24 0 0 8 6 3 0 0 0
400 8 0 0 0 0 0 8 0 0
401 8 0 0 0 0 0 8 0 0
404 40 0 0 24 12 6 0 0 0
405 24 1 1 16 4 2 0 0 0
408 8 0 0 8 0 0 0 0 0
409 16 0 0 0 0 0 0 0 0
411 8 0 0 8 8 6 0 0 0
412 6 0 0 0 0 0 2 0 0
413 16 0 0 16 0 0 0 0 0
415 14 1 1 2 0 0 4 0 0
416 32 0 0 16 0 0 0 0 0
419 56 0 0 8 0 0 0 0 0
422 4 0 0 4 2 2 0 0 0
423 6 1 1 2 0 0 0 0 0
424 4 0 0 0 0 0 0 0 0
426 4 0 0 2 0 0 0 0 0
429 15 1 1 3 2 2 0 0 0
431 6 0 0 2 0 0 0 0 0
432 50 2 2 14 0 0 26 4 2
433 4 0 0 0 0 0 0 0 0
436 6 0 0 0 0 0 0 0 0
439 3 0 0 0 0 0 0 0 0
461 16 1 1 12 0 0 0 0 0
476 4 1 1 0 0 0 0 0 0
483 8 0 0 2 0 0 0 0 0
487 6 1 1 2 2 1 0 0 0
499 4 0 0 2 0 0 2 0 0
500 2 0 0 0 0 0 2 0 0
501 2 0 0 0 0 0 0 0 0
518 18 0 0 0 0 0 0 0 0
522 16 0 0 14 0 0 0 0 0
fl=./elf/./elf/dl-runtime.c
fn=_dl_fixup
46 22 2 2 0 0 0 12 0 0
48 10 0 0 8 8 4 0 0 0
49 6 1 1 4 2 1 0 0 0
54 2 0 0 2 2 1 0 0 0
55 8 0 0 2 2 1 0 0 0
56 14 0 0 2 2 2 2 2 1
58 4 0 0 2 0 0 0 0 0
63 4 0 0 0 0 0 0 0 0
67 4 0 0 2 2 2 0 0 0
69 4 0 0 0 0 0 0 0 0
71 6 1 1 2 2 1 0 0 0
75 6 0 0 4 4 3 0 0 0
76 8 0 0 2 0 0 0 0 0
77 6 0 0 2 2 1 0 0 0
84 2 1 1 0 0 0 0 0 0
85 6 0 0 2 1 0 0 0 0
95 22 0 0 4 2 1 6 0 0
99 10 1 1 6 0 0 0 0 0
109 20 0 0 8 0 0 2 0 0
124 8 1 1 2 0 0 0 0 0
133 6 0 0 2 2 1 0 0 0
159 6 0 0 2 0 0 0 0 0
163 16 1 1 14 0 0 0 0 0
fl=./malloc/./malloc/arena.c
fn=_mid_memalign.isra.0
153 8 0 0 0 0 0 0 0 0
fn=free
153 141 0 0 0 0 0 0 0 0
fn=malloc
153 82 0 0 0 0 0 0 0 0
fl=./malloc/./malloc/malloc.c
fn=_int_free
1792 22 0 0 22 11 0 0 0 0
1992 12 1 1 4 0 0 0 0 0
3163 50 1 1 25 0 0 25 0 0
3165 100 0 0 25 9 5 25 0 0
3166 25 0 0 0 0 0 25 0 0
3167 50 0 0 0 0 0 25 0 0
4495 329 1 1 0 0 0 188 10 0
4499 141 1 1 47 0 0 0 0 0
4505 188 0 0 0 0 0 0 0 0
4506 94 0 0 0 0 0 0 0 0
4510 235 0 0 0 0 0 0 0 0
4517 94 0 0 0 0 0 0 0 0
4518 282 1 1 141 12 0 0 0 0
4521 29 0 0 0 0 0 0 0 0
4527 87 0 0 58 8 2 0 0 0
4547 145 1 1 58 7 1 0 0 0
4550 25 0 0 0 0 0 0 0 0
4561 44 0 0 0 0 0 0 0 0
4572 16 0 0 4 0 0 0 0 0
4574 12 0 0 4 2 0 0 0 0
4593 4 0 0 0 0 0 0 0 0
4595 4 0 0 0 0 0 4 2 0
4596 4 0 0 0 0 0 0 0 0
4600 12 0 0 4 0 0 0 0 0
4602 8 0 0 4 2 0 0 0 0
4606 8 0 0 0 0 0 0 0 0
4608 12 0 0 0 0 0 4 0 0
4609 4 0 0 0 0 0 4 0 0
4628 16 0 0 0 0 0 0 0 0
4637 36 0 0 18 0 0 0 0 0
4640 36 0 0 18 9 0 0 0 0
4643 36 1 1 0 0 0 0 0 0
4646 36 0 0 0 0 0 0 0 0
4658 264 1 1 217 0 0 0 0 0
fn=_int_free_maybe_consolidate
4770 264 1 1 24 8 0 168 0 0
4776 48 0 0 0 0 0 0 0 0
4778 28 0 0 7 0 0 0 0 0
4781 21 0 0 0 0 0 0 0 0
4784 35 2 2 21 7 0 0 0 0
4785 15 0 0 9 0 0 0 0 0
4798 252 1 1 207 0 0 0 0 0
fn=_int_free_merge_chunk
1992 63 0 0 21 0 0 0 0 0
4665 168 1 1 0 0 0 126 0 0
4666 21 0 0 0 0 0 0 0 0
4670 126 0 0 21 9 0 0 0 0
4673 84 1 1 21 9 0 0 0 0
4675 63 1 1 21 8 0 0 0 0
4678 63 0 0 21 4 0 0 0 0
4681 42 0 0 0 0 0 0 0 0
4682 42 0 0 0 0 0 0 0 0
4683 42 0 0 21 9 0 0 0 0
4689 42 1 1 21 0 0 0 0 0
4691 13 0 0 13 0 0 0 0 0
4692 13 0 0 0 0 0 0 0 0
4693 13 0 0 0 0 0 0 0 0
4694 52 0 0 13 8 1 0 0 0
4696 26 0 0 0 0 0 13 0 0
4701 63 0 0 0 0 0 0 0 0
4702 147 0 0 126 0 0 0 0 0
4714 42 0 0 21 0 0 0 0 0
4720 38 0 0 19 7 0 0 0 0
4721 6 1 1 0 0 0 3 0 0
4722 6 0 0 0 0 0 0 0 0
4724 16 0 0 16 0 0 0 0 0
4732 19 0 0 0 0 0 0 0 0
4733 76 1 1 19 0 0 0 0 0
4734 38 0 0 19 3 0 0 0 0
4736 19 0 0 0 0 0 19 1 0
4738 38 0 0 0 0 0 0 0 0
4740 48 1 1 0 0 0 16 0 0
4743 19 0 0 0 0 0 19 0 0
4744 19 0 0 0 0 0 19 0 0
4746 57 0 0 0 0 0 19 0 0
4747 19 0 0 0 0 0 19 0 0
4756 2 0 0 0 0 0 0 0 0
4757 6 0 0 0 0 0 2 0 0
4758 4 0 0 0 0 0 2 0 0
fn=_int_malloc
1326 90 0 0 0 0 0 0 0 0
1345 270 0 0 0 0 0 0 0 0
1794 45 1 1 45 0 0 0 0 0
1985 12 0 0 4 0 0 0 0 0
2008 8 0 0 2 0 0 0 0 0
2552 36 0 0 12 10 3 12 5 1
2553 2 1 1 0 0 0 2 0 0
2564 12 1 1 6 4 2 0 0 0
2565 12 0 0 8 0 0 0 0 0
2568 16 0 0 4 0 0 0 0 0
2576 24 0 0 4 0 0 8 1 0
2577 8 0 0 0 0 0 0 0 0
2589 8 0 0 2 0 0 2 0 0
2590 4 0 0 0 0 0 2 0 0
2599 24 1 1 6 0 0 0 0 0
2605 6 0 0 4 0 0 0 0 0
2608 6 1 1 0 0 0 0 0 0
2669 6 1 1 2 0 0 2 0 0
2677 4 0 0 2 0 0 0 0 0
2678 6 0 0 2 0 0 2 0 0
2691 6 1 1 2 0 0 0 0 0
2693 2 0 0 2 0 0 0 0 0
2699 10 0 0 2 0 0 2 0 0
2707 4 0 0 0 0 0 0 0 0
2709 8 2 2 0 0 0 4 0 0
2710 6 0 0 2 0 0 0 0 0
2711 2 0 0 0 0 0 0 0 0
2712 2 0 0 0 0 0 0 0 0
2715 4 0 0 0 0 0 0 0 0
2744 14 1 1 6 0 0 0 0 0
2746 4 1 1 0 0 0 2 0 0
2752 16 0 0 2 0 0 0 0 0
2753 12 0 0 2 0 0 2 0 0
2921 6 1 1 4 0 0 0 0 0
2922 2 0 0 0 0 0 2 0 0
2926 2 0 0 2 0 0 0 0 0
2930 10 1 1 4 0 0 0 0 0
2932 2 0 0 0 0 0 0 0 0
2933 2 0 0 0 0 0 0 0 0
2934 2 0 0 0 0 0 2 0 0
2935 14 0 0 0 0 0 2 0 0
2936 4 0 0 0 0 0 2 2 2
2938 2 0 0 0 0 0 0 0 0
3846 495 2 2 45 15 2 315 13 2
3887 90 0 0 0 0 0 0 0 0
3914 90 0 0 0 0 0 0 0 0
3916 60 0 0 0 0 0 0 0 0
3919 15 0 0 15 3 1 0 0 0
3921 30 0 0 0 0 0 0 0 0
3930 45 2 2 0 0 0 0 0 0
3977 60 1 1 0 0 0 0 0 0
3979 66 0 0 0 0 0 0 0 0
3980 42 1 1 0 0 0 0 0 0
3982 63 0 0 21 7 4 0 0 0
4039 351 1 1 0 0 0 0 0 0
4040 72 0 0 24 12 1 0 0 0
4058 135 1 1 45 0 0 0 0 0
4059 135 0 0 0 0 0 45 0 0
4060 135 1 1 90 8 0 0 0 0
4069 54 0 0 0 0 0 27 0 0
4070 303 1 1 69 16 2 45 0 0
4072 32 0 0 32 4 0 0 0 0
4073 64 0 0 32 11 1 0 0 0
4074 32 0 0 0 0 0 0 0 0
4076 64 0 0 0 0 0 0 0 0
4077 96 1 1 32 12 1 0 0 0
4079 32 0 0 32 15 1 0 0 0
4080 128 0 0 0 0 0 0 0 0
4082 128 0 0 32 0 0 0 0 0
4084 64 1 1 32 4 0 0 0 0
4085 64 0 0 32 0 0 0 0 0
4087 64 0 0 0 0 0 0 0 0
4098 128 0 0 0 0 0 0 0 0
4099 20 1 1 10 0 0 0 0 0
4100 16 0 0 0 0 0 0 0 0
4101 8 0 0 0 0 0 0 0 0
4104 8 0 0 0 0 0 0 0 0
4105 8 1 1 0 0 0 0 0 0
4106 8 0 0 0 0 0 8 0 0
4107 24 0 0 0 0 0 8 0 0
4108 24 1 1 0 0 0 8 2 0
4109 16 0 0 0 0 0 0 0 0
4111 16 0 0 0 0 0 8 3 0
4115 64 0 0 0 0 0 8 0 0
4117 24 1 1 0 0 0 8 0 0
4118 8 0 0 0 0 0 8 0 0
4121 8 0 0 0 0 0 0 0 0
4122 24 0 0 0 0 0 8 0 0
4123 8 0 0 0 0 0 0 0 0
4127 24 0 0 0 0 0 24 0 0
4128 24 0 0 0 0 0 24 0 0
4132 48 0 0 0 0 0 0 0 0
4161 51 2 2 0 0 0 0 0 0
4163 6 0 0 0 0 0 3 0 0
4164 12 0 0 0 0 0 0 0 0
4165 3 0 0 3 3 0 0 0 0
4169 344 4 4 0 0 0 21 0 0
4170 62 1 1 0 0 0 0 0 0
4171 21 0 0 21 19 4 0 0 0
4174 42 0 0 0 0 0 0 0 0
4177 1 0 0 0 0 0 0 0 0
4179 4 0 0 2 1 0 0 0 0
4180 2 0 0 0 0 0 0 0 0
4192 3 1 1 1 0 0 0 0 0
4193 2 0 0 0 0 0 0 0 0
4199 1 0 0 0 0 0 0 0 0
4205 4 0 0 0 0 0 1 0 0
4206 1 0 0 1 1 0 0 0 0
4207 2 0 0 1 0 0 0 0 0
4209 1 0 0 0 0 0 1 0 0
4210 3 0 0 1 0 0 1 0 0
4212 1 0 0 1 0 0 0 0 0
4213 2 0 0 1 0 0 0 0 0
4218 80 0 0 0 0 0 20 3 1
4221 168 2 2 48 15 1 0 0 0
4222 24 0 0 0 0 0 24 0 0
4223 24 0 0 0 0 0 24 0 0
4224 24 0 0 0 0 0 24 0 0
4225 24 0 0 0 0 0 24 0 0
4230 48 0 0 48 0 0 0 0 0
4231 48 0 0 0 0 0 0 0 0
4240 96 1 1 48 0 0 0 0 0
4246 38 0 0 0 0 0 0 0 0
4257 111 1 1 0 0 0 0 0 0
4259 96 0 0 0 0 0 0 0 0
4262 72 0 0 24 13 7 0 0 0
4263 40 1 1 3 0 0 0 0 0
4266 3 0 0 3 0 0 0 0 0
4267 18 0 0 3 0 0 0 0 0
4273 6 1 1 3 0 0 0 0 0
4278 9 0 0 0 0 0 3 0 0
4279 9 0 0 0 0 0 6 2 0
4282 12 0 0 6 0 0 0 0 0
4291 3 0 0 0 0 0 0 0 0
4295 12 1 1 3 0 0 0 0 0
4296 6 0 0 3 0 0 0 0 0
4299 3 0 0 0 0 0 3 2 0
4300 3 0 0 0 0 0 3 0 0
4301 3 0 0 0 0 0 3 0 0
4302 6 0 0 0 0 0 0 0 0
4304 4 0 0 0 0 0 2 0 0
4307 24 1 1 0 0 0 3 0 0
4309 9 0 0 0 0 0 3 0 0
4310 3 0 0 0 0 0 3 0 0
4313 3 0 0 0 0 0 0 0 0
4330 34 0 0 0 0 0 0 0 0
4331 68 0 0 0 0 0 0 0 0
4332 68 0 0 0 0 0 0 0 0
4333 68 0 0 34 4 1 0 0 0
4334 204 0 0 0 0 0 0 0 0
4339 148 1 1 0 0 0 0 0 0
4343 211 2 2 0 0 0 0 0 0
4346 168 1 1 42 0 0 0 0 0
4348 16 0 0 0 0 0 0 0 0
4349 8 0 0 0 0 0 0 0 0
4353 94 0 0 0 0 0 0 0 0
4355 40 0 0 0 0 0 0 0 0
4357 80 0 0 0 0 0 0 0 0
4361 7 0 0 7 3 0 0 0 0
4364 14 0 0 0 0 0 0 0 0
4366 15 0 0 0 0 0 3 0 0
4367 3 0 0 0 0 0 0 0 0
4368 3 0 0 0 0 0 0 0 0
4373 16 0 0 4 1 0 0 0 0
4376 8 0 0 0 0 0 0 0 0
4378 12 1 1 0 0 0 4 0 0
4381 12 0 0 0 0 0 8 0 0
4384 16 0 0 8 0 0 0 0 0
4394 4 0 0 0 0 0 0 0 0
4399 16 0 0 4 0 0 0 0 0
4400 8 1 1 4 0 0 0 0 0
4403 4 0 0 0 0 0 4 3 0
4404 4 0 0 0 0 0 4 0 0
4405 4 0 0 0 0 0 4 0 0
4408 8 0 0 0 0 0 0 0 0
4409 2 0 0 0 0 0 2 0 0
4410 8 0 0 0 0 0 0 0 0
4412 8 0 0 0 0 0 4 0 0
4415 32 1 1 0 0 0 4 0 0
4417 12 0 0 0 0 0 4 1 0
4418 4 0 0 0 0 0 4 0 0
4421 4 0 0 0 0 0 0 0 0
4443 30 1 1 30 0 0 0 0 0
4444 60 0 0 30 7 1 0 0 0
4446 60 0 0 30 3 1 0 0 0
4449 90 0 0 0 0 0 0 0 0
4451 24 0 0 0 0 0 0 0 0
4452 48 1 1 0 0 0 0 0 0
4453 24 0 0 0 0 0 24 0 0
4454 192 1 1 0 0 0 24 0 0
4456 48 0 0 0 0 0 24 23 23
4459 54 0 0 0 0 0 0 0 0
4460 99 0 0 0 0 0 33 8 2
4461 33 0 0 0 0 0 0 0 0
4466 24 0 0 6 0 0 6 0 0
4482 10 0 0 0 0 0 0 0 0
4487 540 3 2 405 0 0 0 0 0
fn=_int_memalign
1326 8 0 0 0 0 0 0 0 0
1345 32 1 1 0 0 0 0 0 0
4714 6 0 0 0 0 0 0 0 0
4756 3 1 1 0 0 0 0 0 0
4757 9 0 0 0 0 0 3 2 2
4758 6 0 0 0 0 0 3 0 0
5039 32 1 1 0 0 0 24 4 0
5069 16 0 0 0 0 0 8 0 0
5071 12 0 0 4 0 0 0 0 0
5074 4 0 0 0 0 0 0 0 0
5076 16 0 0 0 0 0 0 0 0
5083 20 1 1 0 0 0 0 0 0
5085 16 0 0 0 0 0 0 0 0
5086 1 0 0 0 0 0 0 0 0
5089 2 0 0 0 0 0 0 0 0
5090 16 0 0 4 0 0 0 0 0
5093 8 0 0 0 0 0 0 0 0
5095 2 0 0 1 0 0 1 0 0
5096 2 0 0 0 0 0 1 0 0
5097 1 0 0 0 0 0 0 0 0
5101 30 1 1 0 0 0 6 1 1
5103 3 0 0 3 0 0 0 0 0
5104 15 0 0 3 0 0 3 0 0
5105 6 0 0 0 0 0 3 0 0
5106 3 0 0 0 0 0 0 0 0
5108 27 1 1 3 0 0 0 0 0
5113 9 0 0 3 0 0 0 0 0
5115 6 0 0 0 0 0 0 0 0
5116 3 0 0 0 0 0 0 0 0
5117 6 0 0 3 0 0 0 0 0
5118 6 0 0 0 0 0 0 0 0
5120 3 0 0 0 0 0 0 0 0
5121 6 0 0 0 0 0 0 0 0
5122 3 1 1 3 0 0 0 0 0
5129 3 0 0 0 0 0 0 0 0
5130 9 2 2 0 0 0 3 0 0
5134 9 1 1 0 0 0 3 0 0
5140 3 0 0 0 0 0 0 0 0
5141 36 0 0 28 0 0 0 0 0
fn=_mid_memalign.isra.0
1326 8 0 0 0 0 0 0 0 0
1345 20 0 0 0 0 0 0 0 0
3575 28 1 1 0 0 0 16 0 0
3581 8 1 1 0 0 0 0 0 0
3585 8 0 0 0 0 0 0 0 0
3590 12 2 2 0 0 0 0 0 0
3598 12 0 0 0 0 0 0 0 0
3615 12 0 0 0 0 0 0 0 0
3617 8 1 1 4 4 0 0 0 0
3638 8 0 0 4 4 0 0 0 0
3640 20 1 1 0 0 0 4 0 0
3641 20 1 1 4 0 0 0 0 0
3643 8 1 1 0 0 0 0 0 0
3662 24 0 0 20 0 0 0 0 0
fn=aligned_alloc
3556 28 1 1 0 0 0 12 2 0
3557 8 0 0 4 4 0 0 0 0
3564 20 0 0 0 0 0 0 0 0
3571 12 0 0 0 0 0 0 0 0
3572 12 1 1 12 0 0 0 0 0
fn=alloc_perturb
1985 123 1 1 41 0 0 0 0 0
1987 41 0 0 41 0 0 0 0 0
fn=free
3359 336 2 2 0 0 0 192 9 0
3363 96 0 0 0 0 0 0 0 0
3371 96 0 0 96 46 4 0 0 0
3373 48 0 0 0 0 0 0 0 0
3375 144 0 0 48 16 4 0 0 0
3379 3 1 1 1 1 0 0 0 0
3381 4 0 0 1 1 0 0 0 0
3383 2 0 0 0 0 0 1 0 0
3384 2 0 0 0 0 0 1 0 0
3385 1 0 0 0 0 0 0 0 0
3388 2 0 0 0 0 0 1 0 0
3392 141 0 0 94 24 0 0 0 0
3398 141 1 1 0 0 0 47 0 0
3401 48 0 0 0 0 0 48 0 0
3402 288 1 1 240 0 0 0 0 0
fn=malloc
1326 92 0 0 0 0 0 0 0 0
1345 230 1 1 0 0 0 0 0 0
3178 10 0 0 5 4 1 0 0 0
3182 10 0 0 0 0 0 0 0 0
3186 20 0 0 5 4 2 5 0 0
3190 10 0 0 0 0 0 5 0 0
3191 5 0 0 0 0 0 5 0 0
3294 368 1 1 0 0 0 184 0 0
3301 92 0 0 46 13 2 0 0 0
3311 92 0 0 0 0 0 0 0 0
3313 184 0 0 92 25 4 0 0 0
3316 92 0 0 46 12 2 0 0 0
3318 84 1 1 28 8 2 0 0 0
3326 82 1 1 41 12 2 0 0 0
3328 164 1 1 0 0 0 41 10 2
3329 205 1 1 41 0 0 0 0 0
3354 276 1 1 230 0 0 0 0 0
fn=munmap_chunk
3024 2 1 1 0 0 0 1 0 0
3025 2 0 0 2 2 0 0 0 0
3026 3 0 0 1 0 0 0 0 0
3028 2 0 0 0 0 0 0 0 0
3030 1 0 0 0 0 0 0 0 0
3031 3 0 0 1 0 0 0 0 0
3032 1 0 0 0 0 0 0 0 0
3038 4 0 0 0 0 0 0 0 0
3039 5 1 1 0 0 0 0 0 0
3042 1 0 0 2 0 0 0 0 0
3043 3 0 0 2 0 0 0 0 0
3048 2 0 0 0 0 0 0 0 0
3049 1 0 0 1 0 0 0 0 0
fn=sysmalloc_mmap.isra.0
2008 16 0 0 4 0 0 0 0 0
2400 24 1 1 0 0 0 16 2 1
2413 12 0 0 0 0 0 0 0 0
2418 8 0 0 0 0 0 0 0 0
2421 40 1 1 0 0 0 4 1 0
2424 8 1 1 0 0 0 0 0 0
2428 8 0 0 0 0 0 0 0 0
2432 16 0 0 0 0 0 4 0 0
2448 12 0 0 0 0 0 0 0 0
2466 4 0 0 0 0 0 4 4 4
2467 12 1 1 0 0 0 4 0 0
2471 12 0 0 8 0 0 0 0 0
2472 20 0 0 8 0 0 0 0 0
2475 12 1 1 8 0 0 0 0 0
2476 20 0 0 8 0 0 0 0 0
2481 28 0 0 20 0 0 0 0 0
fn=systrim.constprop.0
2957 18 1 1 0 0 0 12 0 0
2966 9 0 0 6 0 0 0 0 0
2968 3 0 0 0 0 0 0 0 0
2969 6 0 0 0 0 0 0 0 0
2970 1 0 0 0 0 0 0 0 0
2974 9 0 0 3 0 0 0 0 0
2975 3 0 0 0 0 0 0 0 0
2978 15 1 1 6 6 0 0 0 0
2980 6 0 0 0 0 0 0 0 0
2987 6 0 0 0 0 0 2 0 0
2988 8 0 0 2 0 0 0 0 0
3000 6 1 1 0 0 0 2 0 0
3001 4 0 0 0 0 0 2 0 0
3003 2 0 0 0 0 0 0 0 0
3005 4 0 0 0 0 0 0 0 0
3009 4 0 0 0 0 0 0 0 0
3012 2 0 0 2 0 0 0 0 0
3013 8 0 0 2 0 0 2 0 0
3015 4 0 0 0 0 0 0 0 0
3020 18 0 0 15 0 0 0 0 0
fn=unlink_chunk.isra.0
1608 46 1 1 0 0 0 23 0 0
1610 115 0 0 46 2 0 0 0 0
1613 46 0 0 46 4 1 0 0 0
1614 46 0 0 23 0 0 0 0 0
1616 92 2 1 46 11 1 0 0 0
1619 23 0 0 0 0 0 23 0 0
1620 23 0 0 0 0 0 23 0 0
1621 103 0 0 19 1 0 0 0 0
1623 36 0 0 18 0 0 0 0 0
1624 54 0 0 36 0 0 0 0 0
1627 36 0 0 18 4 1 0 0 0
1641 18 0 0 0 0 0 18 0 0
1642 18 1 1 0 0 0 18 0 0
1645 46 0 0 46 0 0 0 0 0
fl=./malloc/./malloc/morecore.c
fn=__glibc_morecore
25 24 1 1 0 0 0 8 0 0
26 16 0 0 8 0 0 0 0 0
29 8 0 0 0 0 0 8 0 0
30 16 0 0 0 0 0 0 0 0
34 16 0 0 16 0 0 0 0 0
fl=./misc/../sysdeps/unix/syscall-template.S
fn=munmap
117 5 2 2 0 0 0 0 0 0
122 1 0 0 1 0 0 0 0 0
fl=./misc/../sysdeps/unix/sysv/linux/brk.c
fn=brk
36 4 1 1 0 0 0 0 0 0
37 8 0 0 4 0 0 4 0 0
38 8 0 0 0 0 0 0 0 0
44 4 0 0 0 0 0 0 0 0
45 4 0 0 4 0 0 0 0 0
fl=./misc/../sysdeps/unix/sysv/linux/brk_call.h
fn=brk
24 8 0 0 0 0 0 0 0 0
fl=./misc/../sysdeps/unix/sysv/linux/mmap64.c
fn=mmap
47 28 1 1 0 0 0 12 0 0
50 8 0 0 0 0 0 0 0 0
53 28 1 1 0 0 0 0 0 0
58 24 1 1 0 0 0 0 0 0
60 16 0 0 16 0 0 0 0 0
fl=./misc/../sysdeps/unix/sysv/linux/setvmaname.c
fn=__set_vma_name
33 28 2 2 0 0 0 16 0 0
35 20 0 0 8 4 2 4 3 1
49 36 0 0 28 0 0 0 0 0
fl=./misc/./misc/sbrk.c
fn=sbrk
37 64 1 1 0 0 0 32 3 0
40 16 0 0 16 8 4 0 0 0
43 16 3 1 8 4 2 0 0 0
58 16 0 0 0 0 0 0 0 0
62 16 0 0 0 0 0 0 0 0
66 16 1 1 0 0 0 0 0 0
68 4 0 0 0 0 0 0 0 0
74 12 1 1 0 0 0 4 0 0
78 56 0 0 40 0 0 0 0 0
fl=./string/../sysdeps/x86_64/multiarch/../multiarch/strcmp-sse2.S
fn=strcmp
98 2 1 1 0 0 0 0 0 0
131 2 0 0 0 0 0 0 0 0
132 2 0 0 0 0 0 0 0 0
134 2 0 0 0 0 0 0 0 0
135 2 0 0 0 0 0 0 0 0
156 2 0 0 0 0 0 0 0 0
157 2 0 0 0 0 0 0 0 0
158 2 0 0 0 0 0 0 0 0
159 2 0 0 0 0 0 0 0 0
160 2 0 0 2 2 2 0 0 0
161 2 1 1 2 0 0 0 0 0
162 2 0 0 2 0 0 0 0 0
163 2 0 0 2 0 0 0 0 0
180 2 0 0 0 0 0 0 0 0
181 2 0 0 0 0 0 0 0 0
182 2 0 0 0 0 0 0 0 0
183 2 0 0 0 0 0 0 0 0
184 2 0 0 0 0 0 0 0 0
185 2 0 0 0 0 0 0 0 0
186 2 0 0 0 0 0 0 0 0
191 1 0 0 0 0 0 0 0 0
192 3 0 0 0 0 0 0 0 0
201 1 1 1 0 0 0 0 0 0
202 1 0 0 0 0 0 0 0 0
203 1 0 0 0 0 0 0 0 0
204 1 0 0 0 0 0 0 0 0
205 1 0 0 0 0 0 0 0 0
206 1 0 0 0 0 0 0 0 0
207 1 0 0 0 0 0 0 0 0
208 1 0 0 0 0 0 0 0 0
209 1 0 0 0 0 0 0 0 0
214 1 0 0 0 0 0 0 0 0
215 1 0 0 0 0 0 0 0 0
216 1 0 0 0 0 0 0 0 0
217 1 0 0 1 1 1 0 0 0
218 1 0 0 0 0 0 0 0 0
219 1 0 0 0 0 0 0 0 0
1375 1 1 1 0 0 0 0 0 0
1376 1 0 0 1 0 0 0 0 0
1377 1 0 0 1 0 0 0 0 0
1378 1 0 0 0 0 0 0 0 0
1379 1 0 0 0 0 0 0 0 0
1381 1 0 0 0 0 0 0 0 0
1382 1 0 0 0 0 0 0 0 0
1383 1 1 1 0 0 0 0 0 0
1384 1 0 0 0 0 0 0 0 0
1385 1 0 0 0 0 0 0 0 0
1386 1 0 0 0 0 0 0 0 0
1387 1 0 0 0 0 0 0 0 0
1388 1 0 0 1 0 0 0 0 0
1392 1 0 0 0 0 0 0 0 0
1393 1 0 0 0 0 0 0 0 0
1394 1 0 0 0 0 0 0 0 0
1400 1 0 0 0 0 0 0 0 0
1401 1 0 0 0 0 0 0 0 0
1402 2 0 0 0 0 0 0 0 0
1406 1 1 1 0 0 0 0 0 0
1407 1 0 0 0 0 0 0 0 0
1410 1 0 0 1 0 0 0 0 0
1411 1 0 0 1 0 0 0 0 0
1412 1 0 0 0 0 0 0 0 0
1414 1 0 0 0 0 0 0 0 0
1415 1 0 0 0 0 0 0 0 0
1416 1 0 0 0 0 0 0 0 0
1420 1 0 0 0 0 0 0 0 0
1421 1 0 0 0 0 0 0 0 0
1422 1 0 0 0 0 0 0 0 0
1423 1 0 0 0 0 0 0 0 0
1424 1 0 0 0 0 0 0 0 0
1425 1 1 1 0 0 0 0 0 0
2093 1 1 1 0 0 0 0 0 0
2095 1 0 0 0 0 0 0 0 0
2096 1 0 0 0 0 0 0 0 0
2097 1 0 0 0 0 0 0 0 0
2098 1 0 0 0 0 0 0 0 0
2104 2 1 1 0 0 0 0 0 0
2110 2 0 0 2 0 0 0 0 0
2111 2 0 0 2 0 0 0 0 0
2119 2 0 0 0 0 0 0 0 0
2120 2 0 0 2 0 0 0 0 0
fl=./string/../sysdeps/x86_64/multiarch/memmove-vec-unaligned-erms.S
fn=__memcpy_avx_unaligned_erms
255 30 1 1 0 0 0 0 0 0
256 30 0 0 0 0 0 0 0 0
262 30 0 0 0 0 0 0 0 0
263 30 0 0 0 0 0 0 0 0
265 26 0 0 26 7 2 0 0 0
266 26 0 0 0 0 0 0 0 0
267 26 0 0 0 0 0 0 0 0
270 4 0 0 4 0 0 0 0 0
271 4 0 0 0 0 0 4 1 1
272 4 0 0 0 0 0 4 0 0
275 8 0 0 4 0 0 0 0 0
305 4 0 0 0 0 0 0 0 0
306 4 0 0 0 0 0 0 0 0
308 2 0 0 0 0 0 0 0 0
309 2 0 0 0 0 0 0 0 0
311 2 0 0 0 0 0 0 0 0
315 2 0 0 0 0 0 0 0 0
316 2 1 1 0 0 0 0 0 0
317 2 0 0 0 0 0 0 0 0
325 2 0 0 2 0 0 0 0 0
342 2 0 0 2 0 0 0 0 0
343 2 0 0 2 0 0 0 0 0
344 2 0 0 0 0 0 2 0 0
345 2 0 0 0 0 0 2 0 0
347 2 0 0 2 0 0 0 0 0
375 2 1 1 2 0 0 0 0 0
376 2 0 0 2 0 0 0 0 0
377 2 0 0 0 0 0 2 0 0
378 2 0 0 0 0 0 2 2 2
379 2 0 0 0 0 0 2 0 0
380 2 0 0 0 0 0 2 0 0
381 4 0 0 2 0 0 0 0 0
386 22 3 2 22 12 2 0 0 0
387 22 0 0 0 0 0 0 0 0
392 14 0 0 0 0 0 0 0 0
393 14 0 0 0 0 0 0 0 0
395 4 0 0 4 0 0 0 0 0
396 4 0 0 0 0 0 0 0 0
397 4 0 0 0 0 0 0 0 0
399 2 0 0 2 0 0 0 0 0
400 2 0 0 2 0 0 0 0 0
401 2 0 0 2 0 0 0 0 0
402 2 0 0 2 0 0 0 0 0
403 2 0 0 2 0 0 0 0 0
404 2 1 1 2 0 0 0 0 0
405 2 0 0 0 0 0 2 2 2
406 2 0 0 0 0 0 2 0 0
407 2 0 0 0 0 0 2 2 2
408 2 0 0 0 0 0 2 0 0
409 2 0 0 0 0 0 2 1 1
410 2 0 0 0 0 0 2 1 1
411 2 0 0 0 0 0 2 1 1
412 2 0 0 0 0 0 2 0 0
413 4 0 0 2 0 0 0 0 0
417 10 0 0 0 0 0 0 0 0
418 10 0 0 0 0 0 0 0 0
422 10 0 0 0 0 0 0 0 0
424 10 1 1 0 0 0 0 0 0
428 10 0 0 10 5 1 0 0 0
429 10 0 0 0 0 0 0 0 0
440 10 0 0 0 0 0 0 0 0
443 10 0 0 0 0 0 0 0 0
445 10 0 0 0 0 0 0 0 0
447 10 0 0 0 0 0 0 0 0
451 10 0 0 0 0 0 0 0 0
452 10 0 0 0 0 0 0 0 0
461 6 0 0 6 0 0 0 0 0
462 6 0 0 6 0 0 0 0 0
464 6 0 0 0 0 0 0 0 0
466 6 0 0 0 0 0 0 0 0
467 6 1 1 6 0 0 0 0 0
468 6 0 0 6 0 0 0 0 0
471 6 0 0 0 0 0 0 0 0
473 6 0 0 0 0 0 0 0 0
475 6 0 0 0 0 0 0 0 0
477 12 0 0 0 0 0 0 0 0
483 66 0 0 66 13 0 0 0 0
484 66 0 0 66 1 0 0 0 0
485 66 0 0 66 19 0 0 0 0
486 66 0 0 66 2 0 0 0 0
487 66 0 0 0 0 0 0 0 0
488 66 0 0 0 0 0 66 56 26
489 66 0 0 0 0 0 66 10 10
490 66 1 1 0 0 0 66 56 25
491 66 0 0 0 0 0 66 10 10
492 66 0 0 0 0 0 0 0 0
493 66 0 0 0 0 0 0 0 0
494 66 0 0 0 0 0 0 0 0
496 6 0 0 0 0 0 6 2 2
497 6 0 0 0 0 0 6 4 3
498 6 0 0 0 0 0 6 0 0
499 6 0 0 0 0 0 6 0 0
501 6 0 0 0 0 0 6 0 0
505 12 0 0 6 0 0 0 0 0
518 4 0 0 4 0 0 0 0 0
519 4 0 0 4 2 0 0 0 0
521 4 1 1 0 0 0 0 0 0
522 4 0 0 4 0 0 0 0 0
523 4 0 0 4 0 0 0 0 0
525 4 0 0 0 0 0 0 0 0
527 4 0 0 0 0 0 0 0 0
529 8 0 0 0 0 0 0 0 0
535 172 0 0 172 32 0 0 0 0
536 172 0 0 172 42 0 0 0 0
537 172 0 0 172 34 0 0 0 0
538 172 0 0 172 42 0 0 0 0
539 172 0 0 0 0 0 0 0 0
540 172 0 0 0 0 0 172 79 79
541 172 1 1 0 0 0 172 94 94
542 172 0 0 0 0 0 172 78 78
543 172 0 0 0 0 0 172 94 94
544 172 0 0 0 0 0 0 0 0
545 172 0 0 0 0 0 0 0 0
546 172 0 0 0 0 0 0 0 0
548 4 0 0 0 0 0 4 2 2
549 4 0 0 0 0 0 4 2 2
550 4 0 0 0 0 0 4 0 0
551 4 0 0 0 0 0 4 0 0
553 4 0 0 0 0 0 4 0 0
554 8 0 0 4 0 0 0 0 0
563 8 1 1 8 5 0 0 0 0
570 8 0 0 0 0 0 0 0 0
571 8 0 0 0 0 0 0 0 0
577 5 0 0 0 0 0 0 0 0
580 5 0 0 0 0 0 0 0 0
582 5 0 0 0 0 0 0 0 0
585 5 0 0 0 0 0 0 0 0
586 5 0 0 0 0 0 0 0 0
588 5 0 0 0 0 0 0 0 0
590 261893 0 0 261888 4019 1580 261888 4094 3067
592 5 0 0 0 0 0 5 3 0
594 5 0 0 0 0 0 5 3 0
596 10 0 0 5 3 0 0 0 0
601 8 1 1 0 0 0 0 0 0
602 8 0 0 0 0 0 0 0 0
606 8 0 0 0 0 0 0 0 0
608 8 0 0 0 0 0 0 0 0
611 8 0 0 0 0 0 0 0 0
615 8 0 0 8 7 1 0 0 0
616 8 0 0 0 0 0 0 0 0
620 8 0 0 8 0 0 0 0 0
624 8 0 0 0 0 0 0 0 0
648 3 0 0 0 0 0 0 0 0
650 3 0 0 0 0 0 0 0 0
652 3 0 0 0 0 0 0 0 0
654 3 1 1 0 0 0 0 0 0
657 3 0 0 0 0 0 0 0 0
658 3 0 0 0 0 0 0 0 0
660 229283 0 0 229280 3521 1428 229280 3583 3070
663 3 0 0 0 0 0 3 3 0
665 3 0 0 0 0 0 3 2 0
667 6 0 0 3 3 1 0 0 0
fl=./string/../sysdeps/x86_64/multiarch/memset-vec-unaligned-erms.S
fn=__memset_avx2_unaligned_erms
158 4 1 1 0 0 0 0 0 0
159 8 0 0 0 0 0 0 0 0
164 4 0 0 0 0 0 0 0 0
165 4 0 0 0 0 0 0 0 0
166 4 0 0 0 0 0 0 0 0
167 4 0 0 0 0 0 0 0 0
168 4 0 0 0 0 0 0 0 0
237 4 1 1 4 4 0 0 0 0
238 4 0 0 0 0 0 0 0 0
244 3 0 0 0 0 0 3 0 0
245 3 0 0 0 0 0 3 1 0
257 3 0 0 0 0 0 0 0 0
260 3 0 0 0 0 0 0 0 0
261 3 0 0 0 0 0 0 0 0
273 3 0 0 0 0 0 3 2 0
274 3 0 0 0 0 0 3 1 0
287 3 0 0 0 0 0 0 0 0
288 3 0 0 0 0 0 0 0 0
290 3 0 0 0 0 0 0 0 0
293 3 0 0 0 0 0 0 0 0
296 3 0 0 0 0 0 0 0 0
299 23 1 1 0 0 0 23 2 0
300 23 0 0 0 0 0 23 21 0
301 23 0 0 0 0 0 23 2 0
302 23 0 0 0 0 0 23 20 0
303 23 0 0 0 0 0 0 0 0
304 23 0 0 0 0 0 0 0 0
305 26 0 0 0 0 0 0 0 0
308 3 0 0 0 0 0 3 1 0
309 3 0 0 0 0 0 3 1 0
310 3 0 0 0 0 0 3 1 0
311 3 0 0 0 0 0 3 1 0
314 6 0 0 3 0 0 0 0 0
325 1 1 1 0 0 0 0 0 0
326 1 0 0 0 0 0 0 0 0
327 1 0 0 0 0 0 0 0 0
328 4097 0 0 0 0 0 4096 63 0
329 1 0 0 0 0 0 0 0 0
330 2 0 0 1 0 0 0 0 0
fl=/home/wang/sources/cxx/book/include/lob/events.hpp
fn=lob::v18::BookT<lob::ChecksumSink, 16u>::modify(unsigned long, long, unsigned int)
0 41028 1 1 41028 0 0 0 0 0
92 41028 0 0 41028 0 0 0 0 0
93 328224 0 0 41028 0 0 0 0 0
fn=void lob::replay<lob::v18::BookT<lob::ChecksumSink, 16u> >(lob::v18::BookT<lob::ChecksumSink, 16u>&, std::__1::span<lob::Op const, 18446744073709551615ul>)
0 4884384 1 1 0 0 0 2442192 0 0
92 2442192 0 0 2442192 9 2 0 0 0
93 21979728 2 2 4884384 0 0 0 0 0
fl=/home/wang/sources/cxx/book/include/lob/replay.hpp
fn=void lob::replay<lob::v18::BookT<lob::ChecksumSink, 16u> >(lob::v18::BookT<lob::ChecksumSink, 16u>&, std::__1::span<lob::Op const, 18446744073709551615ul>)
0 14 2 2 0 0 0 5 1 1
52 7 1 1 0 0 0 6 1 1
53 2483221 0 0 0 0 0 0 0 0
57 9 1 1 7 1 1 0 0 0
fl=/home/wang/sources/cxx/book/include/lob/v11/exact_div.hpp
fn=void lob::replay<lob::v18::BookT<lob::ChecksumSink, 16u> >(lob::v18::BookT<lob::ChecksumSink, 16u>&, std::__1::span<lob::Op const, 18446744073709551615ul>)
37 3663288 0 0 2442192 0 0 0 0 0
fl=/home/wang/sources/cxx/book/include/lob/v16/order_index.hpp
fn=lob::v16::OrderIndex::alloc(unsigned long)
0 8 0 0 4 0 0 0 0 0
178 20 1 1 0 0 0 12 4 0
179 4 0 0 0 0 0 4 0 0
180 16 0 0 0 0 0 4 0 0
181 8 0 0 0 0 0 4 0 0
182 8 0 0 0 0 0 4 0 0
183 16 0 0 0 0 0 4 0 0
184 4 0 0 0 0 0 4 0 0
186 3888 1 1 0 0 0 0 0 0
187 7680 1 1 0 0 0 7680 7680 7680
188 7680 1 1 0 0 0 7680 0 0
190 20 1 1 16 6 0 0 0 0
fn=lob::v16::OrderIndex::grow()
0 24976 2 2 13440 0 0 0 0 0
144 53760 1 1 13440 3 0 0 0 0
168 13440 2 2 13440 116 0 0 0 0
169 67200 6 6 0 0 0 0 0 0
171 53760 2 2 0 0 0 13440 0 0
172 40320 4 2 13440 0 0 13440 6045 0
191 32 1 1 0 0 0 28 2 0
193 4 0 0 4 0 0 0 0 0
194 8 0 0 0 0 0 4 0 0
195 11528 0 0 0 0 0 0 0 0
197 80640 1 1 26880 3802 0 0 0 0
199 26880 0 0 13440 0 0 13440 0 0
214 40 1 1 24 7 0 0 0 0
fn=lob::v18::BookT<lob::ChecksumSink, 16u>::modify(unsigned long, long, unsigned int)
0 123156 0 0 41052 0 0 0 0 0
72 82056 0 0 0 0 0 0 0 0
76 48 0 0 0 0 0 0 0 0
77 82104 0 0 0 0 0 0 0 0
78 48 0 0 24 0 0 0 0 0
80 123084 0 0 0 0 0 0 0 0
144 164112 0 0 41028 0 0 0 0 0
147 82056 0 0 0 0 0 0 0 0
152 205236 2 2 0 0 0 0 0 0
154 123132 0 0 41052 1125 0 0 0 0
fn=void lob::replay<lob::v18::BookT<lob::ChecksumSink, 16u> >(lob::v18::BookT<lob::ChecksumSink, 16u>&, std::__1::span<lob::Op const, 18446744073709551615ul>)
0 8593312 1 1 3675175 0 0 2442192 0 0
72 3663288 0 0 0 0 0 0 0 0
76 1832 0 0 0 0 0 0 0 0
77 2444024 0 0 0 0 0 0 0 0
78 1832 0 0 916 0 0 0 0 0
80 3663288 0 0 0 0 0 0 0 0
87 3663288 0 0 1221096 5 2 0 0 0
88 2427620 1 1 0 0 0 1213810 0 0
89 3641430 0 0 2427620 0 0 0 0 0
94 1213810 0 0 1213810 0 0 0 0 0
95 1213810 0 0 0 0 0 1213810 0 0
98 14572 1 1 0 0 0 0 0 0
100 21858 1 1 14572 0 0 0 0 0
101 8 0 0 0 0 0 4 0 0
104 94 0 0 0 0 0 0 0 0
105 14666 0 0 0 0 0 0 0 0
109 14666 0 0 7333 0 0 0 0 0
112 14572 1 1 7286 0 0 0 0 0
113 7286 0 0 0 0 0 7286 4 0
119 6105480 1 1 1221096 0 0 0 0 0
123 8547672 1 1 1221096 0 0 0 0 0
124 3663288 0 0 0 0 0 1221096 0 0
125 4884384 0 0 1221096 1222 1 0 0 0
126 2448604 1 1 916 0 0 0 0 0
127 2442192 0 0 1221096 0 0 0 0 0
144 9768768 0 0 2442192 0 0 0 0 0
147 8554958 2 2 7286 0 0 0 0 0
152 6138476 2 2 0 0 0 0 0 0
154 3687072 1 1 1229345 101357 0 0 0 0
167 2146 0 0 0 0 0 0 0 0
168 1222169 0 0 1222169 9902 5 0 0 0
169 7330868 3 3 0 0 0 0 0 0
171 4884384 0 0 0 0 0 1221096 0 0
172 4884384 0 0 1221096 0 0 1221096 1076088 256
175 3219 0 0 1073 767 0 0 0 0
fl=/home/wang/sources/cxx/book/include/lob/v18/book.hpp
fn=auto lob::v18::BookT<lob::ChecksumSink, 16u>::unlink_off_grid(lob::v18::BookT<lob::ChecksumSink, 16u>::Loc const&)::{lambda(auto:1&)#1}::operator()<std::__1::map<long, lob::v18::BookT<lob::ChecksumSink, 16u>::Level, std::__1::greater<void>, std::__1::allocator<std::__1::pair<long const, lob::v18::BookT<lob::ChecksumSink, 16u>::Level> > > >(std::__1::map<long, lob::v18::BookT<lob::ChecksumSink, 16u>::Level, std::__1::greater<void>, std::__1::allocator<std::__1::pair<long const, lob::v18::BookT<lob::ChecksumSink, 16u>::Level> > >&) const
0 5 0 0 5 0 0 0 0 0
419 6 0 0 0 0 0 3 0 0
420 8 0 0 2 0 0 3 0 0
451 10 1 1 5 0 0 5 0 0
452 5 0 0 0 0 0 5 0 0
473 10 0 0 5 0 0 0 0 0
474 10 0 0 5 0 0 0 0 0
477 25 1 1 0 0 0 0 0 0
478 25 0 0 0 0 0 0 0 0
479 5 0 0 0 0 0 5 1 0
480 5 0 0 0 0 0 5 0 0
618 15 1 1 0 0 0 15 0 0
619 5 0 0 5 0 0 0 0 0
620 5 0 0 0 0 0 0 0 0
621 5 0 0 5 0 0 0 0 0
622 5 0 0 5 0 0 0 0 0
623 10 0 0 5 0 0 0 0 0
627 20 0 0 20 0 0 0 0 0
fn=auto lob::v18::BookT<lob::ChecksumSink, 16u>::unlink_off_grid(lob::v18::BookT<lob::ChecksumSink, 16u>::Loc const&)::{lambda(auto:1&)#1}::operator()<std::__1::map<long, lob::v18::BookT<lob::ChecksumSink, 16u>::Level, std::__1::less<void>, std::__1::allocator<std::__1::pair<long const, lob::v18::BookT<lob::ChecksumSink, 16u>::Level> > > >(std::__1::map<long, lob::v18::BookT<lob::ChecksumSink, 16u>::Level, std::__1::less<void>, std::__1::allocator<std::__1::pair<long const, lob::v18::BookT<lob::ChecksumSink, 16u>::Level> > >&) const
0 11 0 0 11 0 0 0 0 0
419 25 1 1 7 0 0 9 0 0
420 26 0 0 8 1 1 9 0 0
451 22 0 0 11 0 0 11 0 0
452 11 1 1 0 0 0 11 0 0
473 22 0 0 11 0 0 0 0 0
474 22 0 0 11 0 0 0 0 0
477 55 1 1 0 0 0 0 0 0
478 55 0 0 0 0 0 0 0 0
479 11 0 0 0 0 0 11 0 0
480 11 0 0 0 0 0 11 1 0
618 33 1 1 0 0 0 33 0 0
619 11 0 0 11 0 0 0 0 0
620 11 0 0 0 0 0 0 0 0
621 11 0 0 11 0 0 0 0 0
622 11 0 0 11 0 0 0 0 0
623 22 0 0 11 0 0 0 0 0
627 44 0 0 44 0 0 0 0 0
fn=lob::v18::BookT<lob::ChecksumSink, 16u>::anchor_if_on_tick(long)
410 3 0 0 0 0 0 1 0 0
411 1 0 0 0 0 0 1 0 0
635 10 2 2 1 0 0 0 0 0
636 1 0 0 1 0 0 0 0 0
fn=lob::v18::BookT<lob::ChecksumSink, 16u>::modify(unsigned long, long, unsigned int)
0 123084 1 1 0 0 0 82056 231 0
211 369252 2 2 0 0 0 246168 237 1
214 82056 0 0 0 0 0 0 0 0
215 82056 1 1 0 0 0 0 0 0
217 41028 0 0 41028 0 0 0 0 0
219 164112 0 0 41028 0 0 0 0 0
220 41028 0 0 0 0 0 41028 0 0
221 41028 0 0 41028 0 0 0 0 0
225 41028 0 0 41028 0 0 0 0 0
229 369252 0 0 287196 0 0 0 0 0
367 82056 0 0 0 0 0 0 0 0
388 41028 0 0 41028 211 2 0 0 0
389 82056 0 0 0 0 0 0 0 0
407 82056 1 1 41028 0 0 0 0 0
fn=lob::v18::BookT<lob::ChecksumSink, 16u>::off_grid_level(lob::Side, long)
0 16 0 0 0 0 0 0 0 0
419 48 0 0 16 2 0 16 0 0
420 46 0 0 14 0 0 16 0 0
610 144 1 1 0 0 0 112 1 0
611 72 1 1 12 0 0 0 0 0
613 144 0 0 112 0 0 0 0 0
fn=lob::v18::BookT<lob::ChecksumSink, 16u>::unlink_off_grid(lob::v18::BookT<lob::ChecksumSink, 16u>::Loc const&)
617 32 1 1 0 0 0 0 0 0
618 32 0 0 0 0 0 32 2 0
628 32 0 0 16 0 0 0 0 0
629 20 0 0 0 0 0 5 0 0
631 44 0 0 0 0 0 11 0 0
632 32 0 0 16 0 0 0 0 0
fn=void lob::replay<lob::v18::BookT<lob::ChecksumSink, 16u> >(lob::v18::BookT<lob::ChecksumSink, 16u>&, std::__1::span<lob::Op const, 18446744073709551615ul>)
0 25682770 3 3 12251961 310408 310403 4884384 1 1
183 12334044 1 1 2483220 463721 463714 0 0 0
185 4884384 1 1 3663288 151956 151956 0 0 0
189 246168 0 0 82056 5136 5136 41028 0 0
195 1221096 0 0 0 0 0 0 0 0
196 4884384 1 1 0 0 0 0 0 0
197 1221096 0 0 0 0 0 1221096 0 0
199 14572 0 0 0 0 0 0 0 0
206 2442192 0 0 2442192 32408 282 0 0 0
208 1221096 0 0 1221096 0 0 0 0 0
345 7326480 1 1 0 0 0 0 0 0
365 9768828 0 0 30 0 0 0 0 0
367 2442192 0 0 0 0 0 0 0 0
368 16 0 0 0 0 0 0 0 0
389 16 0 0 16 14 0 0 0 0
391 32 0 0 0 0 0 0 0 0
399 2 0 0 1 0 0 0 0 0
404 2442192 1 1 1221096 0 0 0 0 0
405 3663288 0 0 0 0 0 0 0 0
407 2442190 0 0 2442190 0 0 0 0 0
436 3663288 1 1 1221096 5 1 0 0 0
437 1221096 0 0 0 0 0 0 0 0
438 3636747 0 0 1212249 9905 209 1212249 0 0
439 1212249 0 0 0 0 0 0 0 0
440 26541 1 1 0 0 0 0 0 0
445 6114327 0 0 1221096 0 0 1221096 4 0
446 2442192 0 0 0 0 0 2442192 98693 688
451 2442160 0 0 1221080 0 0 1221080 0 0
452 1221080 0 0 0 0 0 1221080 0 0
462 3663288 1 1 1221096 8124 1819 0 0 0
464 6105480 0 0 1221096 0 0 0 0 0
465 1221096 0 0 0 0 0 1221096 17604 265
466 1221096 0 0 0 0 0 1221096 0 0
467 1221096 0 0 0 0 0 1221096 0 0
468 1221096 0 0 0 0 0 1221096 0 0
477 6105400 0 0 0 0 0 0 0 0
478 7326480 0 0 1221080 0 0 0 0 0
479 1221080 0 0 0 0 0 1221080 43511 927
480 1221080 0 0 0 0 0 1221080 20467 137
489 3663288 0 0 0 0 0 0 0 0
490 3663285 1 1 0 0 0 0 0 0
491 7326528 1 1 0 0 0 0 0 0
492 1221096 0 0 1221096 13 2 0 0 0
494 4884380 0 0 0 0 0 0 0 0
495 2442192 1 1 0 0 0 0 0 0
500 1221096 0 0 0 0 0 0 0 0
568 2442198 0 0 1221096 0 0 1 0 0
572 1221096 0 0 0 0 0 0 0 0
573 3663240 0 0 1221080 4 1 0 0 0
574 1221080 0 0 0 0 0 0 0 0
576 96 0 0 0 0 0 16 0 0
579 1221096 0 0 0 0 0 1221096 4 0
580 1221096 0 0 1221096 9 2 0 0 0
595 1221096 0 0 1221096 0 0 0 0 0
597 2442192 0 0 0 0 0 0 0 0
600 12210800 2 2 2442160 0 0 0 0 0
601 3663240 0 0 1221080 0 0 1221080 0 0
603 4884320 0 0 0 0 0 0 0 0
605 96 0 0 0 0 0 48 0 0
fl=/home/wang/sources/cxx/book/include/lob/v3/hier_bitmap.hpp
fn=void lob::replay<lob::v18::BookT<lob::ChecksumSink, 16u> >(lob::v18::BookT<lob::ChecksumSink, 16u>&, std::__1::span<lob::Op const, 18446744073709551615ul>)
0 1222504 0 0 0 0 0 0 0 0
48 3663288 0 0 2442192 37 4 0 0 0
57 2443533 0 0 0 0 0 0 0 0
58 3668592 0 0 1222418 614 119 0 0 0
59 3667359 1 1 2444871 1 1 2444836 12 1
78 3663240 0 0 1221080 0 0 0 0 0
79 3663240 0 0 1221080 1349 48 0 0 0
80 1221080 0 0 0 0 0 0 0 0
83 1373 0 0 0 0 0 0 0 0
84 4154 0 0 1373 5 0 0 0 0
95 6105475 0 0 0 0 0 0 0 0
fl=/home/wang/sources/cxx/book/source/main.cxx
fn=auto lob::for_each_type<std::__1::tuple<lob::v0::Book<lob::ChecksumSink>, lob::v1::Book<lob::ChecksumSink>, lob::v2::Book<lob::ChecksumSink>, lob::v3::BookT<lob::ChecksumSink, 16u>, lob::v4::BookT<lob::ChecksumSink, 16u>, lob::v5::BookT<lob::ChecksumSink, 16u>, lob::v7::BookT<lob::ChecksumSink, 16u>, lob::v8::BookT<lob::ChecksumSink, 16u>, lob::v9::BookT<lob::ChecksumSink, 16u>, lob::v10::BookT<lob::ChecksumSink, 16u>, lob::v11::BookT<lob::ChecksumSink, 16u>, lob::v12::BookT<lob::ChecksumSink, 16u>, lob::v13::BookT<lob::ChecksumSink, 16u>, lob::v14::BookT<lob::ChecksumSink, 16u>, lob::v15::BookT<lob::ChecksumSink, 16u>, lob::v16::BookT<lob::ChecksumSink, 16u>, lob::v17::BookT<lob::ChecksumSink, 16u>, lob::v18::BookT<lob::ChecksumSink, 16u> >, (anonymous namespace)::with_version<(anonymous namespace)::cmd_replay((anonymous namespace)::Args const&)::$_0>(std::__1::basic_string_view<char, std::__1::char_traits<char> >, (anonymous namespace)::cmd_replay((anonymous namespace)::Args const&)::$_0&&)::{lambda<typename $T0>()#1}>((anonymous namespace)::with_version<(anonymous namespace)::cmd_replay((anonymous namespace)::Args const&)::$_0>(std::__1::basic_string_view<char, std::__1::char_traits<char> >, (anonymous namespace)::cmd_replay((anonymous namespace)::Args const&)::$_0&&)::{lambda<typename $T0>()#1}&&)::{lambda<unsigned long... $N0>(std::__1::integer_sequence<unsigned long, ($N0)...>)#1}::operator()<0ul, 1ul, 2ul, 3ul, 4ul, 5ul, 6ul, 7ul, 8ul, 9ul, 10ul, 11ul, 12ul, 13ul, 14ul, 15ul, 16ul, 17ul>(std::__1::integer_sequence<unsigned long, 0ul, 1ul, 2ul, 3ul, 4ul, 5ul, 6ul, 7ul, 8ul, 9ul, 10ul, 11ul, 12ul, 13ul, 14ul, 15ul, 16ul, 17ul>) const
294 2 1 1 0 0 0 1 1 1
295 3 0 0 1 1 1 1 1 1
296 9 1 1 0 0 0 6 1 1
fl=/usr/include/c++/v1/__bit/countr.h
fn=lob::v16::OrderIndex::alloc(unsigned long)
28 12 3 1 0 0 0 0 0 0
fn=lob::v16::OrderIndex::grow()
28 26880 0 0 0 0 0 0 0 0
fn=lob::v18::BookT<lob::ChecksumSink, 16u>::modify(unsigned long, long, unsigned int)
28 82056 0 0 0 0 0 0 0 0
fn=void lob::replay<lob::v18::BookT<lob::ChecksumSink, 16u> >(lob::v18::BookT<lob::ChecksumSink, 16u>&, std::__1::span<lob::Op const, 18446744073709551615ul>)
28 9768764 0 0 2442190 37 3 0 0 0
fl=/usr/include/c++/v1/__functional/operations.h
fn=auto lob::v18::BookT<lob::ChecksumSink, 16u>::unlink_off_grid(lob::v18::BookT<lob::ChecksumSink, 16u>::Loc const&)::{lambda(auto:1&)#1}::operator()<std::__1::map<long, lob::v18::BookT<lob::ChecksumSink, 16u>::Level, std::__1::greater<void>, std::__1::allocator<std::__1::pair<long const, lob::v18::BookT<lob::ChecksumSink, 16u>::Level> > > >(std::__1::map<long, lob::v18::BookT<lob::ChecksumSink, 16u>::Level, std::__1::greater<void>, std::__1::allocator<std::__1::pair<long const, lob::v18::BookT<lob::ChecksumSink, 16u>::Level> > >&) const
462 23 1 1 11 1 0 0 0 0
fn=auto lob::v18::BookT<lob::ChecksumSink, 16u>::unlink_off_grid(lob::v18::BookT<lob::ChecksumSink, 16u>::Loc const&)::{lambda(auto:1&)#1}::operator()<std::__1::map<long, lob::v18::BookT<lob::ChecksumSink, 16u>::Level, std::__1::less<void>, std::__1::allocator<std::__1::pair<long const, lob::v18::BookT<lob::ChecksumSink, 16u>::Level> > > >(std::__1::map<long, lob::v18::BookT<lob::ChecksumSink, 16u>::Level, std::__1::less<void>, std::__1::allocator<std::__1::pair<long const, lob::v18::BookT<lob::ChecksumSink, 16u>::Level> > >&) const
375 83 0 0 35 5 3 0 0 0
fn=lob::v18::BookT<lob::ChecksumSink, 16u>::off_grid_level(lob::Side, long)
375 42 0 0 21 2 0 0 0 0
462 12 0 0 6 1 0 0 0 0
fl=/usr/include/c++/v1/__iterator/wrap_iter.h
fn=void lob::replay<lob::v18::BookT<lob::ChecksumSink, 16u> >(lob::v18::BookT<lob::ChecksumSink, 16u>&, std::__1::span<lob::Op const, 18446744073709551615ul>)
65 2483220 0 0 0 0 0 0 0 0
125 2483221 0 0 0 0 0 0 0 0
fl=/usr/include/c++/v1/__memory/allocator.h
fn=void lob::replay<lob::v18::BookT<lob::ChecksumSink, 16u> >(lob::v18::BookT<lob::ChecksumSink, 16u>&, std::__1::span<lob::Op const, 18446744073709551615ul>)
100 75 1 1 0 0 0 15 0 0
fl=/usr/include/c++/v1/__memory/construct_at.h
fn=void lob::replay<lob::v18::BookT<lob::ChecksumSink, 16u> >(lob::v18::BookT<lob::ChecksumSink, 16u>&, std::__1::span<lob::Op const, 18446744073709551615ul>)
38 35388 0 0 0 0 0 17694 4454 2938
fl=/usr/include/c++/v1/__memory/uninitialized_algorithms.h
fn=void lob::replay<lob::v18::BookT<lob::ChecksumSink, 16u> >(lob::v18::BookT<lob::ChecksumSink, 16u>&, std::__1::span<lob::Op const, 18446744073709551615ul>)
0 30 0 0 30 6 0 0 0 0
638 90 1 1 0 0 0 30 0 0
fl=/usr/include/c++/v1/__memory/unique_ptr.h
fn=lob::v16::OrderIndex::alloc(unsigned long)
91 4 0 0 0 0 0 4 0 0
287 4 0 0 4 0 0 0 0 0
288 4 0 0 0 0 0 4 0 0
289 8 0 0 0 0 0 0 0 0
606 4 0 0 4 0 0 0 0 0
607 4 0 0 0 0 0 4 0 0
609 8 0 0 0 0 0 0 0 0
765 28 1 1 0 0 0 8 0 0
fn=lob::v16::OrderIndex::grow()
281 4 1 1 4 0 0 0 0 0
282 4 0 0 0 0 0 4 0 0
fn=void lob::replay<lob::v18::BookT<lob::ChecksumSink, 16u> >(lob::v18::BookT<lob::ChecksumSink, 16u>&, std::__1::span<lob::Op const, 18446744073709551615ul>)
583 1221096 0 0 1221096 0 0 0 0 0
fl=/usr/include/c++/v1/__new/allocate.h
fn=auto lob::v18::BookT<lob::ChecksumSink, 16u>::unlink_off_grid(lob::v18::BookT<lob::ChecksumSink, 16u>::Loc const&)::{lambda(auto:1&)#1}::operator()<std::__1::map<long, lob::v18::BookT<lob::ChecksumSink, 16u>::Level, std::__1::greater<void>, std::__1::allocator<std::__1::pair<long const, lob::v18::BookT<lob::ChecksumSink, 16u>::Level> > > >(std::__1::map<long, lob::v18::BookT<lob::ChecksumSink, 16u>::Level, std::__1::greater<void>, std::__1::allocator<std::__1::pair<long const, lob::v18::BookT<lob::ChecksumSink, 16u>::Level> > >&) const
63 9 0 0 0 0 0 3 0 0
fn=auto lob::v18::BookT<lob::ChecksumSink, 16u>::unlink_off_grid(lob::v18::BookT<lob::ChecksumSink, 16u>::Loc const&)::{lambda(auto:1&)#1}::operator()<std::__1::map<long, lob::v18::BookT<lob::ChecksumSink, 16u>::Level, std::__1::less<void>, std::__1::allocator<std::__1::pair<long const, lob::v18::BookT<lob::ChecksumSink, 16u>::Level> > > >(std::__1::map<long, lob::v18::BookT<lob::ChecksumSink, 16u>::Level, std::__1::less<void>, std::__1::allocator<std::__1::pair<long const, lob::v18::BookT<lob::ChecksumSink, 16u>::Level> > >&) const
63 27 0 0 0 0 0 9 0 0
fn=lob::v18::BookT<lob::ChecksumSink, 16u>::off_grid_level(lob::Side, long)
43 36 2 2 0 0 0 12 0 0
fn=void lob::replay<lob::v18::BookT<lob::ChecksumSink, 16u> >(lob::v18::BookT<lob::ChecksumSink, 16u>&, std::__1::span<lob::Op const, 18446744073709551615ul>)
0 165 1 1 165 3 0 0 0 0
37 30 0 0 0 0 0 0 0 0
43 90 0 0 0 0 0 30 0 0
63 56 0 0 14 0 0 28 0 0
fl=/usr/include/c++/v1/__split_buffer
fn=void lob::replay<lob::v18::BookT<lob::ChecksumSink, 16u> >(lob::v18::BookT<lob::ChecksumSink, 16u>&, std::__1::span<lob::Op const, 18446744073709551615ul>)
0 14 0 0 14 0 0 0 0 0
334 30 0 0 0 0 0 0 0 0
335 30 0 0 0 0 0 0 0 0
341 60 0 0 0 0 0 0 0 0
fl=/usr/include/c++/v1/__tree
fn=auto lob::v18::BookT<lob::ChecksumSink, 16u>::unlink_off_grid(lob::v18::BookT<lob::ChecksumSink, 16u>::Loc const&)::{lambda(auto:1&)#1}::operator()<std::__1::map<long, lob::v18::BookT<lob::ChecksumSink, 16u>::Level, std::__1::greater<void>, std::__1::allocator<std::__1::pair<long const, lob::v18::BookT<lob::ChecksumSink, 16u>::Level> > > >(std::__1::map<long, lob::v18::BookT<lob::ChecksumSink, 16u>::Level, std::__1::greater<void>, std::__1::allocator<std::__1::pair<long const, lob::v18::BookT<lob::ChecksumSink, 16u>::Level> > >&) const
0 35 1 1 11 2 0 0 0 0
105 4 0 0 4 0 0 0 0 0
163 4 0 0 1 1 0 0 0 0
191 9 0 0 3 0 0 0 0 0
193 2 0 0 0 0 0 0 0 0
680 5 0 0 0 0 0 0 0 0
862 5 0 0 0 0 0 0 0 0
884 5 0 0 5 1 0 0 0 0
915 4 0 0 2 0 0 0 0 0
1824 6 0 0 3 0 0 0 0 0
1825 3 0 0 0 0 0 3 0 0
1826 3 0 0 3 0 0 0 0 0
1827 6 0 0 0 0 0 3 0 0
1994 10 0 0 0 0 0 0 0 0
2049 22 0 0 0 0 0 0 0 0
2050 6 0 0 0 0 0 0 0 0
fn=auto lob::v18::BookT<lob::ChecksumSink, 16u>::unlink_off_grid(lob::v18::BookT<lob::ChecksumSink, 16u>::Loc const&)::{lambda(auto:1&)#1}::operator()<std::__1::map<long, lob::v18::BookT<lob::ChecksumSink, 16u>::Level, std::__1::less<void>, std::__1::allocator<std::__1::pair<long const, lob::v18::BookT<lob::ChecksumSink, 16u>::Level> > > >(std::__1::map<long, lob::v18::BookT<lob::ChecksumSink, 16u>::Level, std::__1::less<void>, std::__1::allocator<std::__1::pair<long const, lob::v18::BookT<lob::ChecksumSink, 16u>::Level> > >&) const
0 95 1 1 35 3 3 0 0 0
105 12 0 0 12 0 0 0 0 0
163 12 0 0 3 0 0 0 0 0
191 27 0 0 9 0 0 0 0 0
193 6 0 0 0 0 0 0 0 0
680 11 0 0 0 0 0 0 0 0
862 11 0 0 0 0 0 0 0 0
884 11 0 0 11 0 0 0 0 0
915 23 0 0 15 0 0 0 0 0
1824 18 1 1 9 0 0 0 0 0
1825 9 0 0 0 0 0 9 0 0
1826 9 0 0 9 0 0 0 0 0
1827 18 0 0 0 0 0 9 0 0
1994 22 0 0 0 0 0 0 0 0
2049 70 0 0 0 0 0 0 0 0
2050 24 0 0 0 0 0 0 0 0
fn=lob::v18::BookT<lob::ChecksumSink, 16u>::off_grid_level(lob::Side, long)
0 167 0 0 0 0 0 0 0 0
862 16 0 0 0 0 0 0 0 0
884 16 0 0 16 0 0 0 0 0
915 44 1 1 30 0 0 0 0 0
1593 27 0 0 0 0 0 0 0 0
1594 36 0 0 18 0 0 0 0 0
1601 9 0 0 0 0 0 0 0 0
1602 15 0 0 5 0 0 0 0 0
1673 24 0 0 0 0 0 12 0 0
1674 12 0 0 0 0 0 12 0 0
1676 12 0 0 0 0 0 12 0 0
1677 48 0 0 24 0 0 0 0 0
1678 8 1 1 0 0 0 8 0 0
1679 36 0 0 12 0 0 12 0 0
fn=void std::__1::__tree_balance_after_insert[abi:ne210105]<std::__1::__tree_node_base<void*>*>(std::__1::__tree_node_base<void*>*, std::__1::__tree_node_base<void*>*)
0 3 1 1 0 0 0 0 0 0
105 16 1 1 12 0 0 0 0 0
235 1 0 0 1 0 0 0 0 0
236 2 0 0 1 0 0 1 0 0
237 2 0 0 0 0 0 0 0 0
239 1 0 0 0 0 0 1 0 0
241 1 0 0 0 0 0 1 0 0
244 1 0 0 0 0 0 1 0 0
254 1 0 0 1 0 0 0 0 0
255 4 0 0 2 0 0 2 0 0
256 4 0 0 0 0 0 0 0 0
258 4 0 0 2 0 0 2 0 0
259 2 0 0 0 0 0 0 0 0
260 2 0 0 0 0 0 2 0 0
263 2 0 0 0 0 0 2 0 0
278 24 1 1 0 0 0 12 0 0
279 36 0 0 10 0 0 0 0 0
281 4 0 0 0 0 0 0 0 0
282 4 1 1 4 0 0 0 0 0
283 12 0 0 2 0 0 0 0 0
285 2 0 0 0 0 0 2 0 0
287 4 0 0 0 0 0 2 0 0
288 4 0 0 0 0 0 2 0 0
290 3 0 0 0 0 0 0 0 0
295 2 0 0 0 0 0 2 0 0
297 2 1 1 0 0 0 2 0 0
323 12 0 0 12 0 0 0 0 0
569 11 0 0 11 0 0 0 0 0
571 3 0 0 0 0 0 3 0 0
fn=void std::__1::__tree_remove[abi:ne210105]<std::__1::__tree_node_base<void*>*>(std::__1::__tree_node_base<void*>*, std::__1::__tree_node_base<void*>*)
0 29 1 1 3 0 0 3 0 0
105 59 2 2 28 1 1 0 0 0
235 1 0 0 1 0 0 0 0 0
236 2 0 0 1 0 0 1 0 0
237 2 0 0 0 0 0 0 0 0
239 2 0 0 1 0 0 1 0 0
240 1 0 0 0 0 0 0 0 0
241 1 0 0 0 0 0 1 0 0
244 1 0 0 0 0 0 1 0 0
255 2 1 1 1 0 0 1 0 0
256 2 0 0 0 0 0 0 0 0
258 2 0 0 1 0 0 1 0 0
259 1 0 0 0 0 0 0 0 0
262 2 0 0 0 0 0 1 0 0
263 1 1 1 0 0 0 1 0 0
339 48 1 1 12 0 0 0 0 0
341 12 0 0 12 0 0 0 0 0
345 24 0 0 0 0 0 0 0 0
346 12 0 0 4 0 0 4 0 0
347 12 0 0 0 0 0 0 0 0
348 12 0 0 0 0 0 12 0 0
349 24 0 0 0 0 0 0 0 0
350 7 0 0 7 0 0 0 0 0
358 12 0 0 12 0 0 0 0 0
361 31 0 0 0 0 0 0 0 0
379 30 1 1 0 0 0 0 0 0
392 14 0 0 0 0 0 0 0 0
393 4 0 0 0 0 0 4 0 0
401 3 0 0 0 0 0 0 0 0
403 6 0 0 0 0 0 0 0 0
415 11 1 1 4 1 1 0 0 0
416 6 0 0 2 0 0 0 0 0
417 2 0 0 0 0 0 2 0 0
420 7 0 0 1 0 0 0 0 0
429 3 1 1 1 0 0 0 0 0
431 1 0 0 0 0 0 1 0 0
432 1 0 0 0 0 0 1 0 0
439 2 0 0 1 0 0 1 0 0
440 1 1 1 0 0 0 1 0 0
441 1 0 0 0 0 0 1 0 0
492 12 0 0 12 0 0 0 0 0
569 3 1 1 3 0 0 0 0 0
571 1 0 0 0 0 0 1 0 0
fl=/usr/include/c++/v1/__utility/pair.h
fn=lob::v18::BookT<lob::ChecksumSink, 16u>::off_grid_level(lob::Side, long)
445 12 0 0 0 0 0 12 0 0
446 12 0 0 0 0 0 12 0 0
fl=/usr/include/c++/v1/__utility/swap.h
fn=void lob::replay<lob::v18::BookT<lob::ChecksumSink, 16u> >(lob::v18::BookT<lob::ChecksumSink, 16u>&, std::__1::span<lob::Op const, 18446744073709551615ul>)
0 15 1 1 15 3 1 0 0 0
44 90 0 0 0 0 0 90 6 1
fl=/usr/include/c++/v1/__vector/vector.h
fn=auto lob::for_each_type<std::__1::tuple<lob::v0::Book<lob::ChecksumSink>, lob::v1::Book<lob::ChecksumSink>, lob::v2::Book<lob::ChecksumSink>, lob::v3::BookT<lob::ChecksumSink, 16u>, lob::v4::BookT<lob::ChecksumSink, 16u>, lob::v5::BookT<lob::ChecksumSink, 16u>, lob::v7::BookT<lob::ChecksumSink, 16u>, lob::v8::BookT<lob::ChecksumSink, 16u>, lob::v9::BookT<lob::ChecksumSink, 16u>, lob::v10::BookT<lob::ChecksumSink, 16u>, lob::v11::BookT<lob::ChecksumSink, 16u>, lob::v12::BookT<lob::ChecksumSink, 16u>, lob::v13::BookT<lob::ChecksumSink, 16u>, lob::v14::BookT<lob::ChecksumSink, 16u>, lob::v15::BookT<lob::ChecksumSink, 16u>, lob::v16::BookT<lob::ChecksumSink, 16u>, lob::v17::BookT<lob::ChecksumSink, 16u>, lob::v18::BookT<lob::ChecksumSink, 16u> >, (anonymous namespace)::with_version<(anonymous namespace)::cmd_replay((anonymous namespace)::Args const&)::$_0>(std::__1::basic_string_view<char, std::__1::char_traits<char> >, (anonymous namespace)::cmd_replay((anonymous namespace)::Args const&)::$_0&&)::{lambda<typename $T0>()#1}>((anonymous namespace)::with_version<(anonymous namespace)::cmd_replay((anonymous namespace)::Args const&)::$_0>(std::__1::basic_string_view<char, std::__1::char_traits<char> >, (anonymous namespace)::cmd_replay((anonymous namespace)::Args const&)::$_0&&)::{lambda<typename $T0>()#1}&&)::{lambda<unsigned long... $N0>(std::__1::integer_sequence<unsigned long, ($N0)...>)#1}::operator()<0ul, 1ul, 2ul, 3ul, 4ul, 5ul, 6ul, 7ul, 8ul, 9ul, 10ul, 11ul, 12ul, 13ul, 14ul, 15ul, 16ul, 17ul>(std::__1::integer_sequence<unsigned long, 0ul, 1ul, 2ul, 3ul, 4ul, 5ul, 6ul, 7ul, 8ul, 9ul, 10ul, 11ul, 12ul, 13ul, 14ul, 15ul, 16ul, 17ul>) const
388 5 1 1 1 0 0 0 0 0
449 1 0 0 1 1 1 0 0 0
fn=auto lob::v18::BookT<lob::ChecksumSink, 16u>::unlink_off_grid(lob::v18::BookT<lob::ChecksumSink, 16u>::Loc const&)::{lambda(auto:1&)#1}::operator()<std::__1::map<long, lob::v18::BookT<lob::ChecksumSink, 16u>::Level, std::__1::greater<void>, std::__1::allocator<std::__1::pair<long const, lob::v18::BookT<lob::ChecksumSink, 16u>::Level> > > >(std::__1::map<long, lob::v18::BookT<lob::ChecksumSink, 16u>::Level, std::__1::greater<void>, std::__1::allocator<std::__1::pair<long const, lob::v18::BookT<lob::ChecksumSink, 16u>::Level> > >&) const
407 20 0 0 5 0 0 0 0 0
fn=auto lob::v18::BookT<lob::ChecksumSink, 16u>::unlink_off_grid(lob::v18::BookT<lob::ChecksumSink, 16u>::Loc const&)::{lambda(auto:1&)#1}::operator()<std::__1::map<long, lob::v18::BookT<lob::ChecksumSink, 16u>::Level, std::__1::less<void>, std::__1::allocator<std::__1::pair<long const, lob::v18::BookT<lob::ChecksumSink, 16u>::Level> > > >(std::__1::map<long, lob::v18::BookT<lob::ChecksumSink, 16u>::Level, std::__1::less<void>, std::__1::allocator<std::__1::pair<long const, lob::v18::BookT<lob::ChecksumSink, 16u>::Level> > >&) const
407 44 0 0 11 0 0 0 0 0
fn=lob::v18::BookT<lob::ChecksumSink, 16u>::modify(unsigned long, long, unsigned int)
411 164112 0 0 41028 0 0 0 0 0
fn=void lob::replay<lob::v18::BookT<lob::ChecksumSink, 16u> >(lob::v18::BookT<lob::ChecksumSink, 16u>&, std::__1::span<lob::Op const, 18446744073709551615ul>)
0 44400 2 2 8892 0 0 17769 0 0
388 26601 1 1 8862 0 0 0 0 0
391 30 0 0 0 0 0 0 0 0
407 8538825 1 1 2451039 0 0 0 0 0
411 16 0 0 16 0 0 0 0 0
475 17664 0 0 0 0 0 0 0 0
844 60 0 0 0 0 0 0 0 0
902 60 0 0 0 0 0 0 0 0
905 195 0 0 0 0 0 0 0 0
1128 30 1 1 0 0 0 0 0 0
1131 60 1 1 0 0 0 0 0 0
1145 8847 1 1 8847 0 0 0 0 0
1146 79623 0 0 17694 0 0 26541 0 0
1149 17664 0 0 0 0 0 0 0 0
1152 17694 0 0 0 0 0 17694 0 0
fl=/usr/include/c++/v1/map
fn=auto lob::v18::BookT<lob::ChecksumSink, 16u>::unlink_off_grid(lob::v18::BookT<lob::ChecksumSink, 16u>::Loc const&)::{lambda(auto:1&)#1}::operator()<std::__1::map<long, lob::v18::BookT<lob::ChecksumSink, 16u>::Level, std::__1::greater<void>, std::__1::allocator<std::__1::pair<long const, lob::v18::BookT<lob::ChecksumSink, 16u>::Level> > > >(std::__1::map<long, lob::v18::BookT<lob::ChecksumSink, 16u>::Level, std::__1::greater<void>, std::__1::allocator<std::__1::pair<long const, lob::v18::BookT<lob::ChecksumSink, 16u>::Level> > >&) const
1031 9 1 1 6 0 0 0 0 0
fn=auto lob::v18::BookT<lob::ChecksumSink, 16u>::unlink_off_grid(lob::v18::BookT<lob::ChecksumSink, 16u>::Loc const&)::{lambda(auto:1&)#1}::operator()<std::__1::map<long, lob::v18::BookT<lob::ChecksumSink, 16u>::Level, std::__1::less<void>, std::__1::allocator<std::__1::pair<long const, lob::v18::BookT<lob::ChecksumSink, 16u>::Level> > > >(std::__1::map<long, lob::v18::BookT<lob::ChecksumSink, 16u>::Level, std::__1::less<void>, std::__1::allocator<std::__1::pair<long const, lob::v18::BookT<lob::ChecksumSink, 16u>::Level> > >&) const
1031 27 0 0 18 0 0 0 0 0
fn=lob::v18::BookT<lob::ChecksumSink, 16u>::off_grid_level(lob::Side, long)
1031 48 0 0 32 0 0 0 0 0
fl=???
fn=???
0 432 12 12 282 114 15 4 0 0
fn=operator delete(void*)
0 220 0 0 44 0 0 44 0 0
fn=operator delete(void*, std::align_val_t)
0 20 1 1 4 0 0 4 0 0
fn=operator delete(void*, unsigned long)
0 200 1 1 40 0 0 40 0 0
fn=operator delete[](void*)
0 20 0 0 4 0 0 4 0 0
fn=operator new(unsigned long)
0 782 2 2 138 0 0 184 7 1
fn=operator new(unsigned long, std::align_val_t)
0 108 3 3 16 0 0 16 0 0
fn=operator new[](unsigned long)
0 20 0 0 4 0 0 4 0 0
summary: 393508285 354 345 89585208 1110854 936894 37665375 1283527 19535
