desc: I1 cache:         32768 B, 64 B, 8-way associative
desc: D1 cache:         49152 B, 64 B, 12-way associative
desc: LL cache:         6291456 B, 64 B, 12-way associative
cmd: /home/wang/sources/cxx/book/build/profile/book replay --workload data/syn_deep_s42.ops --version v17
events: Ir I1mr ILmr Dr D1mr DLmr Dw D1mw DLmw 
fl=./elf/../sysdeps/generic/dl-new-hash.h
fn=_dl_lookup_symbol_x
69 5 0 0 0 0 0 0 0 0
70 10 0 0 0 0 0 0 0 0
74 26 0 0 26 5 4 0 0 0
77 52 0 0 0 0 0 0 0 0
80 23 0 0 23 0 0 0 0 0
81 46 0 0 0 0 0 0 0 0
87 2 1 1 0 0 0 0 0 0
88 2 0 0 0 0 0 0 0 0
89 4 0 0 0 0 0 0 0 0
90 2 0 0 0 0 0 0 0 0
99 21 0 0 0 0 0 0 0 0
101 21 0 0 0 0 0 0 0 0
102 42 0 0 0 0 0 0 0 0
104 21 1 1 0 0 0 0 0 0
105 21 0 0 0 0 0 0 0 0
fl=./elf/../sysdeps/generic/dl-protected.h
fn=do_lookup_x
29 20 0 0 0 0 0 0 0 0
fl=./elf/../sysdeps/generic/ldsodefs.h
fn=do_lookup_x
139 10 0 0 5 0 0 0 0 0
140 15 0 0 0 0 0 0 0 0
fl=./elf/../sysdeps/x86_64/dl-machine.h
fn=_dl_fixup
234 5 0 0 0 0 0 5 0 0
fl=./elf/../sysdeps/x86_64/dl-runtime.h
fn=_dl_fixup
28 5 0 0 0 0 0 0 0 0
fl=./elf/../sysdeps/x86_64/dl-trampoline.h
fn=_dl_runtime_resolve_xsave
71 5 1 1 0 0 0 0 0 0
76 5 0 0 0 0 0 5 0 0
79 5 0 0 0 0 0 0 0 0
81 5 0 0 0 0 0 0 0 0
91 5 0 0 5 3 1 0 0 0
97 5 0 0 0 0 0 5 3 1
98 5 0 0 0 0 0 5 0 0
99 5 1 1 0 0 0 5 0 0
100 5 0 0 0 0 0 5 0 0
101 5 0 0 0 0 0 5 0 0
102 5 0 0 0 0 0 5 0 0
103 5 0 0 0 0 0 5 0 0
107 5 0 0 0 0 0 0 0 0
108 5 0 0 0 0 0 0 0 0
111 5 0 0 0 0 0 5 2 1
112 5 0 0 0 0 0 5 0 0
114 5 0 0 0 0 0 5 0 0
115 5 0 0 0 0 0 5 0 0
116 5 1 1 0 0 0 5 0 0
117 5 0 0 0 0 0 5 0 0
118 5 0 0 0 0 0 5 0 0
119 5 0 0 0 0 0 5 0 0
121 5 0 0 5 0 0 165 22 7
128 5 0 0 5 0 0 0 0 0
129 5 0 0 5 0 0 0 0 0
130 5 0 0 0 0 0 5 3 1
131 5 0 0 0 0 0 0 0 0
136 5 0 0 0 0 0 0 0 0
137 5 0 0 0 0 0 0 0 0
138 5 0 0 180 0 0 0 0 0
140 5 1 1 5 0 0 0 0 0
141 5 0 0 5 0 0 0 0 0
142 5 0 0 5 0 0 0 0 0
143 5 0 0 5 0 0 0 0 0
144 5 0 0 5 0 0 0 0 0
145 5 0 0 5 0 0 0 0 0
146 5 0 0 5 0 0 0 0 0
148 5 0 0 0 0 0 0 0 0
150 5 0 0 5 0 0 0 0 0
154 5 0 0 0 0 0 0 0 0
156 5 0 0 0 0 0 0 0 0
fl=./elf/./elf/dl-lookup.c
fn=_dl_lookup_symbol_x
772 65 2 2 0 0 0 45 9 3
774 10 0 0 0 0 0 5 0 0
775 20 0 0 0 0 0 5 0 0
778 5 0 0 5 3 1 0 0 0
782 12 0 0 1 0 0 0 0 0
785 10 1 1 5 0 0 0 0 0
787 10 0 0 10 0 0 0 0 0
791 70 0 0 0 0 0 15 0 0
792 85 2 2 35 0 0 35 3 1
797 25 0 0 10 0 0 0 0 0
816 5 0 0 0 0 0 5 0 0
820 10 0 0 5 0 0 0 0 0
821 35 0 0 5 0 0 0 0 0
828 5 0 0 5 0 0 0 0 0
856 20 1 1 5 0 0 0 0 0
870 15 0 0 5 4 2 0 0 0
873 10 0 0 5 0 0 0 0 0
890 20 0 0 5 0 0 0 0 0
892 45 1 1 35 0 0 0 0 0
fn=check_match
70 75 1 1 10 4 4 30 3 2
73 40 1 1 10 0 0 0 0 0
86 25 0 0 0 0 0 0 0 0
89 34 1 1 8 0 0 4 0 0
93 5 0 0 5 4 2 0 0 0
94 10 0 0 0 0 0 0 0 0
96 2 0 0 0 0 0 0 0 0
115 2 0 0 2 1 1 0 0 0
116 8 0 0 3 1 1 0 0 0
117 5 1 1 2 0 0 1 0 0
144 8 1 1 0 0 0 0 0 0
146 24 0 0 8 3 3 0 0 0
147 16 1 1 0 0 0 0 0 0
161 5 0 0 0 0 0 0 0 0
162 40 0 0 35 0 0 0 0 0
fn=do_lookup_x
347 70 2 2 10 0 0 50 6 2
348 5 0 0 5 3 1 0 0 0
353 5 0 0 0 0 0 0 0 0
354 5 0 0 5 0 0 0 0 0
358 46 1 1 46 21 9 0 0 0
361 46 0 0 0 0 0 0 0 0
365 56 0 0 5 0 0 0 0 0
386 46 1 1 23 12 6 0 0 0
390 46 0 0 23 3 1 0 0 0
396 69 0 0 23 12 6 0 0 0
400 23 0 0 0 0 0 23 0 0
401 23 0 0 0 0 0 23 0 0
404 115 0 0 69 24 12 0 0 0
405 69 1 1 46 9 5 0 0 0
408 23 0 0 23 0 0 0 0 0
409 46 0 0 0 0 0 0 0 0
411 23 0 0 23 17 11 0 0 0
412 15 0 0 0 0 0 5 0 0
413 46 0 0 46 0 0 0 0 0
415 35 1 1 5 0 0 10 0 0
416 92 0 0 46 0 0 0 0 0
419 161 0 0 23 0 0 0 0 0
422 10 0 0 10 5 5 0 0 0
423 15 1 1 5 0 0 0 0 0
424 10 0 0 0 0 0 0 0 0
426 10 0 0 5 0 0 0 0 0
429 40 1 1 8 5 5 0 0 0
431 15 0 0 5 0 0 0 0 0
432 125 2 2 35 0 0 65 6 2
433 10 0 0 0 0 0 0 0 0
436 15 0 0 0 0 0 0 0 0
439 9 0 0 0 0 0 0 0 0
461 40 1 1 30 0 0 0 0 0
476 10 1 1 0 0 0 0 0 0
483 24 0 0 5 0 0 0 0 0
487 12 2 1 4 3 1 0 0 0
499 10 0 0 5 0 0 5 0 0
500 5 0 0 0 0 0 5 0 0
501 5 0 0 0 0 0 0 0 0
518 54 0 0 0 0 0 0 0 0
522 40 0 0 35 0 0 0 0 0
fl=./elf/./elf/dl-runtime.c
fn=_dl_fixup
46 55 3 2 0 0 0 30 0 0
48 25 0 0 20 12 4 0 0 0
49 15 1 1 10 3 1 0 0 0
54 5 0 0 5 4 2 0 0 0
55 20 0 0 5 4 2 0 0 0
56 35 0 0 5 5 5 5 3 1
58 10 0 0 5 2 2 0 0 0
63 10 0 0 0 0 0 0 0 0
67 10 0 0 5 5 5 0 0 0
69 9 0 0 0 0 0 0 0 0
71 15 1 1 5 4 2 0 0 0
75 15 0 0 10 9 7 0 0 0
76 20 0 0 5 0 0 0 0 0
77 15 0 0 5 4 2 0 0 0
84 5 1 1 0 0 0 0 0 0
85 15 0 0 5 1 0 0 0 0
95 55 0 0 10 4 2 15 0 0
99 25 1 1 15 0 0 0 0 0
109 50 0 0 20 0 0 5 0 0
124 20 1 1 5 0 0 0 0 0
133 15 0 0 5 3 1 0 0 0
159 15 0 0 5 0 0 0 0 0
163 40 1 1 35 0 0 0 0 0
fl=./malloc/./malloc/arena.c
fn=_mid_memalign.isra.0
153 10 0 0 0 0 0 0 0 0
fn=free
153 63 0 0 0 0 0 0 0 0
fn=malloc
153 38 0 0 0 0 0 0 0 0
fl=./malloc/./malloc/malloc.c
fn=_int_free
1792 12 0 0 12 6 0 0 0 0
3163 18 1 1 9 0 0 9 0 0
3165 36 0 0 9 8 5 9 0 0
3166 9 0 0 0 0 0 9 0 0
3167 18 0 0 0 0 0 9 0 0
4495 147 1 1 0 0 0 84 5 0
4499 63 1 1 21 0 0 0 0 0
4505 84 0 0 0 0 0 0 0 0
4506 42 0 0 0 0 0 0 0 0
4510 105 0 0 0 0 0 0 0 0
4517 42 0 0 0 0 0 0 0 0
4518 126 1 1 63 6 0 0 0 0
4521 9 0 0 0 0 0 0 0 0
4527 27 0 0 18 4 1 0 0 0
4547 45 1 1 18 3 0 0 0 0
4550 9 0 0 0 0 0 0 0 0
4561 24 0 0 0 0 0 0 0 0
4637 24 0 0 12 0 0 0 0 0
4640 24 0 0 12 6 0 0 0 0
4643 24 1 1 0 0 0 0 0 0
4646 24 0 0 0 0 0 0 0 0
4658 114 1 1 93 0 0 0 0 0
fn=_int_free_maybe_consolidate
4770 198 3 1 18 5 0 126 0 0
4776 36 0 0 0 0 0 0 0 0
4778 20 0 0 5 0 0 0 0 0
4781 15 0 0 0 0 0 0 0 0
4784 25 2 2 15 5 0 0 0 0
4785 5 0 0 3 0 0 0 0 0
4798 194 1 1 159 0 0 0 0 0
fn=_int_free_merge_chunk
1992 45 0 0 15 0 0 0 0 0
4665 120 1 1 0 0 0 90 0 0
4666 15 0 0 0 0 0 0 0 0
4670 90 0 0 15 6 0 0 0 0
4673 60 1 1 15 6 0 0 0 0
4675 45 1 1 15 7 0 0 0 0
4678 45 0 0 15 2 0 0 0 0
4681 30 0 0 0 0 0 0 0 0
4682 30 0 0 0 0 0 0 0 0
4683 30 0 0 15 6 0 0 0 0
4689 30 1 1 15 0 0 0 0 0
4691 9 0 0 9 0 0 0 0 0
4692 9 0 0 0 0 0 0 0 0
4693 9 0 0 0 0 0 0 0 0
4694 36 0 0 9 3 0 0 0 0
4696 18 0 0 0 0 0 9 0 0
4701 45 0 0 0 0 0 0 0 0
4702 105 0 0 90 0 0 0 0 0
4714 30 0 0 15 0 0 0 0 0
4720 26 0 0 13 3 0 0 0 0
4721 4 1 1 0 0 0 2 0 0
4722 4 0 0 0 0 0 0 0 0
4724 11 0 0 11 0 0 0 0 0
4732 13 0 0 0 0 0 0 0 0
4733 52 1 1 13 0 0 0 0 0
4734 26 0 0 13 1 0 0 0 0
4736 13 0 0 0 0 0 13 1 0
4738 26 0 0 0 0 0 0 0 0
4740 30 1 1 0 0 0 10 0 0
4743 13 0 0 0 0 0 13 0 0
4744 13 0 0 0 0 0 13 0 0
4746 39 0 0 0 0 0 13 0 0
4747 13 0 0 0 0 0 13 0 0
4756 2 0 0 0 0 0 0 0 0
4757 6 0 0 0 0 0 2 0 0
4758 4 0 0 0 0 0 2 0 0
fn=_int_malloc
1326 48 0 0 0 0 0 0 0 0
1345 144 0 0 0 0 0 0 0 0
1794 24 1 1 24 0 0 0 0 0
1985 9 0 0 3 0 0 0 0 0
2008 4 0 0 1 0 0 0 0 0
2552 42 1 1 14 13 1 14 0 0
2553 1 1 1 0 0 0 1 0 0
2564 14 1 1 7 6 1 0 0 0
2565 18 0 0 12 0 0 0 0 0
2568 24 0 0 6 0 0 0 0 0
2576 36 0 0 6 0 0 12 0 0
2577 12 0 0 0 0 0 0 0 0
2589 4 0 0 1 0 0 1 0 0
2590 2 0 0 0 0 0 1 0 0
2599 12 1 1 3 0 0 0 0 0
2605 3 0 0 2 0 0 0 0 0
2608 3 1 1 0 0 0 0 0 0
2669 3 1 1 1 0 0 1 0 0
2677 2 0 0 1 0 0 0 0 0
2678 3 0 0 1 0 0 1 0 0
2691 3 1 1 1 0 0 0 0 0
2693 1 0 0 1 0 0 0 0 0
2699 5 0 0 1 0 0 1 0 0
2707 2 0 0 0 0 0 0 0 0
2709 4 2 2 0 0 0 2 0 0
2710 3 0 0 1 0 0 0 0 0
2711 1 0 0 0 0 0 0 0 0
2712 1 0 0 0 0 0 0 0 0
2715 2 0 0 0 0 0 0 0 0
2744 7 1 1 3 0 0 0 0 0
2746 2 1 1 0 0 0 1 0 0
2752 8 0 0 1 0 0 0 0 0
2753 6 0 0 1 0 0 1 0 0
2921 3 1 1 2 0 0 0 0 0
2922 1 0 0 0 0 0 1 0 0
2926 1 0 0 1 0 0 0 0 0
2930 5 1 1 2 0 0 0 0 0
2932 1 0 0 0 0 0 0 0 0
2933 1 0 0 0 0 0 0 0 0
2934 1 0 0 0 0 0 1 0 0
2935 7 0 0 0 0 0 1 0 0
2936 2 0 0 0 0 0 1 1 1
2938 1 0 0 0 0 0 0 0 0
3846 264 2 2 24 8 1 168 7 1
3887 48 0 0 0 0 0 0 0 0
3914 48 0 0 0 0 0 0 0 0
3916 8 0 0 0 0 0 0 0 0
3919 2 0 0 2 1 1 0 0 0
3921 4 0 0 0 0 0 0 0 0
3930 6 2 2 0 0 0 0 0 0
3977 44 1 1 0 0 0 0 0 0
3979 22 0 0 0 0 0 0 0 0
3980 10 1 1 0 0 0 0 0 0
3982 15 0 0 5 4 4 0 0 0
4039 315 1 1 0 0 0 0 0 0
4040 57 0 0 19 7 0 0 0 0
4058 72 1 1 24 0 0 0 0 0
4059 72 0 0 0 0 0 24 0 0
4060 72 1 1 48 8 0 0 0 0
4069 24 0 0 0 0 0 12 0 0
4070 174 1 1 41 8 1 24 0 0
4072 17 0 0 17 0 0 0 0 0
4073 34 0 0 17 3 0 0 0 0
4074 17 0 0 0 0 0 0 0 0
4076 34 0 0 0 0 0 0 0 0
4077 51 1 1 17 5 0 0 0 0
4079 17 0 0 17 7 0 0 0 0
4080 68 0 0 0 0 0 0 0 0
4082 68 0 0 17 0 0 0 0 0
4084 34 1 1 17 2 0 0 0 0
4085 34 0 0 17 0 0 0 0 0
4087 34 0 0 0 0 0 0 0 0
4098 68 0 0 0 0 0 0 0 0
4127 17 0 0 0 0 0 17 0 0
4128 17 0 0 0 0 0 17 0 0
4132 34 0 0 0 0 0 0 0 0
4161 37 2 2 0 0 0 0 0 0
4163 6 0 0 0 0 0 3 0 0
4164 12 0 0 0 0 0 0 0 0
4165 3 0 0 3 3 0 0 0 0
4169 222 4 4 0 0 0 14 0 0
4170 42 1 1 0 0 0 0 0 0
4171 14 0 0 14 11 2 0 0 0
4174 28 0 0 0 0 0 0 0 0
4218 56 0 0 0 0 0 14 1 0
4221 119 2 2 34 8 0 0 0 0
4222 17 0 0 0 0 0 17 0 0
4223 17 0 0 0 0 0 17 0 0
4224 17 0 0 0 0 0 17 0 0
4225 17 0 0 0 0 0 17 0 0
4230 34 0 0 34 0 0 0 0 0
4231 34 0 0 0 0 0 0 0 0
4240 68 1 1 34 0 0 0 0 0
4246 24 0 0 0 0 0 0 0 0
4257 72 1 1 0 0 0 0 0 0
4259 76 0 0 0 0 0 0 0 0
4262 57 0 0 19 15 7 0 0 0
4263 25 1 1 1 0 0 0 0 0
4266 1 0 0 1 0 0 0 0 0
4267 6 0 0 1 0 0 0 0 0
4273 2 1 1 1 0 0 0 0 0
4278 3 0 0 0 0 0 1 0 0
4279 3 0 0 0 0 0 2 0 0
4282 4 0 0 2 0 0 0 0 0
4291 1 0 0 0 0 0 0 0 0
4295 4 1 1 1 0 0 0 0 0
4296 2 0 0 1 0 0 0 0 0
4299 1 0 0 0 0 0 1 1 0
4300 1 0 0 0 0 0 1 0 0
4301 1 0 0 0 0 0 1 0 0
4302 2 0 0 0 0 0 0 0 0
4304 2 0 0 0 0 0 1 0 0
4307 8 1 1 0 0 0 1 0 0
4309 3 0 0 0 0 0 1 0 0
4310 1 0 0 0 0 0 1 0 0
4313 1 0 0 0 0 0 0 0 0
4330 23 0 0 0 0 0 0 0 0
4331 46 0 0 0 0 0 0 0 0
4332 46 0 0 0 0 0 0 0 0
4333 46 0 0 23 2 1 0 0 0
4334 138 0 0 0 0 0 0 0 0
4339 98 1 1 0 0 0 0 0 0
4343 108 2 2 0 0 0 0 0 0
4346 68 1 1 17 0 0 0 0 0
4348 4 0 0 0 0 0 0 0 0
4349 2 0 0 0 0 0 0 0 0
4353 72 0 0 0 0 0 0 0 0
4355 31 0 0 0 0 0 0 0 0
4357 62 0 0 0 0 0 0 0 0
4361 5 0 0 5 4 0 0 0 0
4364 10 0 0 0 0 0 0 0 0
4366 10 0 0 0 0 0 2 0 0
4367 2 0 0 0 0 0 0 0 0
4368 2 0 0 0 0 0 0 0 0
4373 12 0 0 3 2 0 0 0 0
4376 6 0 0 0 0 0 0 0 0
4378 9 1 1 0 0 0 3 0 0
4381 9 0 0 0 0 0 6 0 0
4384 12 0 0 6 0 0 0 0 0
4394 3 0 0 0 0 0 0 0 0
4399 12 0 0 3 0 0 0 0 0
4400 6 1 1 3 0 0 0 0 0
4403 3 0 0 0 0 0 3 3 0
4404 3 0 0 0 0 0 3 0 0
4405 3 0 0 0 0 0 3 0 0
4408 6 0 0 0 0 0 0 0 0
4410 6 0 0 0 0 0 0 0 0
4412 6 0 0 0 0 0 3 1 0
4415 24 1 1 0 0 0 3 0 0
4417 9 0 0 0 0 0 3 0 0
4418 3 0 0 0 0 0 3 0 0
4421 3 0 0 0 0 0 0 0 0
4443 20 1 1 20 0 0 0 0 0
4444 40 0 0 20 8 1 0 0 0
4446 40 0 0 20 3 1 0 0 0
4449 60 0 0 0 0 0 0 0 0
4451 13 0 0 0 0 0 0 0 0
4452 26 1 1 0 0 0 0 0 0
4453 13 0 0 0 0 0 13 0 0
4454 104 1 1 0 0 0 13 0 0
4456 26 0 0 0 0 0 13 13 13
4459 28 0 0 0 0 0 0 0 0
4460 63 0 0 0 0 0 21 3 2
4461 21 0 0 0 0 0 0 0 0
4466 28 0 0 7 0 0 7 0 0
4482 13 0 0 0 0 0 0 0 0
4487 288 5 2 216 0 0 0 0 0
fn=_int_memalign
1326 10 0 0 0 0 0 0 0 0
1345 40 1 1 0 0 0 0 0 0
4714 6 0 0 0 0 0 0 0 0
4720 2 0 0 1 0 0 0 0 0
4721 1 0 0 0 0 0 1 0 0
4722 2 0 0 0 0 0 0 0 0
4732 1 0 0 0 0 0 0 0 0
4733 4 0 0 1 0 0 0 0 0
4734 2 0 0 1 0 0 0 0 0
4736 1 0 0 0 0 0 1 1 0
4738 2 0 0 0 0 0 0 0 0
4740 3 0 0 0 0 0 1 0 0
4743 1 0 0 0 0 0 1 0 0
4744 1 0 0 0 0 0 1 0 0
4746 3 0 0 0 0 0 1 0 0
4747 1 0 0 0 0 0 1 0 0
4756 2 1 1 0 0 0 0 0 0
4757 6 0 0 0 0 0 2 1 1
4758 4 0 0 0 0 0 2 0 0
5039 40 1 1 0 0 0 30 2 0
5069 20 0 0 0 0 0 10 0 0
5071 15 0 0 5 0 0 0 0 0
5074 5 0 0 0 0 0 0 0 0
5076 20 0 0 0 0 0 0 0 0
5083 25 1 1 0 0 0 0 0 0
5085 20 0 0 0 0 0 0 0 0
5086 1 0 0 0 0 0 0 0 0
5089 2 0 0 0 0 0 0 0 0
5090 20 0 0 5 0 0 0 0 0
5093 10 0 0 0 0 0 0 0 0
5095 4 0 0 2 0 0 2 0 0
5096 4 0 0 0 0 0 2 0 0
5097 2 0 0 0 0 0 0 0 0
5101 30 1 1 0 0 0 6 1 1
5103 3 0 0 3 0 0 0 0 0
5104 15 0 0 3 0 0 3 0 0
5105 6 0 0 0 0 0 3 0 0
5106 3 0 0 0 0 0 0 0 0
5108 27 1 1 3 0 0 0 0 0
5113 9 0 0 3 0 0 0 0 0
5115 6 0 0 0 0 0 0 0 0
5116 3 0 0 0 0 0 0 0 0
5117 6 0 0 3 0 0 0 0 0
5118 6 0 0 0 0 0 0 0 0
5120 3 0 0 0 0 0 0 0 0
5121 6 0 0 0 0 0 0 0 0
5122 3 1 1 3 0 0 0 0 0
5123 1 0 0 0 0 0 0 0 0
5129 3 0 0 0 0 0 0 0 0
5130 9 2 2 0 0 0 3 0 0
5134 9 1 1 0 0 0 3 0 0
5140 3 0 0 0 0 0 0 0 0
5141 45 0 0 35 0 0 0 0 0
fn=_mid_memalign.isra.0
1326 10 0 0 0 0 0 0 0 0
1345 25 0 0 0 0 0 0 0 0
3575 35 1 1 0 0 0 20 0 0
3581 10 1 1 0 0 0 0 0 0
3585 10 0 0 0 0 0 0 0 0
3590 15 4 2 0 0 0 0 0 0
3598 15 0 0 0 0 0 0 0 0
3615 15 0 0 0 0 0 0 0 0
3617 10 1 1 5 5 0 0 0 0
3638 10 0 0 5 4 0 0 0 0
3640 25 1 1 0 0 0 5 0 0
3641 25 1 1 5 0 0 0 0 0
3643 10 1 1 0 0 0 0 0 0
3662 30 0 0 25 0 0 0 0 0
fn=aligned_alloc
3556 35 1 1 0 0 0 15 2 0
3557 10 0 0 5 4 0 0 0 0
3564 25 0 0 0 0 0 0 0 0
3571 15 0 0 0 0 0 0 0 0
3572 15 1 1 15 0 0 0 0 0
fn=alloc_perturb
1985 63 1 1 21 0 0 0 0 0
1987 21 0 0 21 0 0 0 0 0
fn=free
3359 175 2 2 0 0 0 100 5 0
3363 50 0 0 0 0 0 0 0 0
3371 50 0 0 50 32 2 0 0 0
3373 25 0 0 0 0 0 0 0 0
3375 75 0 0 25 10 0 0 0 0
3379 12 1 1 4 4 0 0 0 0
3381 16 0 0 4 4 0 0 0 0
3383 6 0 0 0 0 0 3 0 0
3384 6 0 0 0 0 0 3 0 0
3385 3 0 0 0 0 0 0 0 0
3388 8 0 0 0 0 0 4 0 0
3392 63 0 0 42 12 0 0 0 0
3398 63 1 1 0 0 0 21 0 0
3401 25 0 0 0 0 0 25 0 0
3402 150 1 1 125 0 0 0 0 0
fn=malloc
1326 42 0 0 0 0 0 0 0 0
1345 105 1 1 0 0 0 0 0 0
3178 4 0 0 2 2 0 0 0 0
3182 4 0 0 0 0 0 0 0 0
3186 8 0 0 2 2 0 2 0 0
3190 4 0 0 0 0 0 2 0 0
3191 2 0 0 0 0 0 2 0 0
3294 168 1 1 0 0 0 84 0 0
3301 42 0 0 21 4 1 0 0 0
3311 42 0 0 0 0 0 0 0 0
3313 84 0 0 42 8 2 0 0 0
3316 42 0 0 21 4 1 0 0 0
3318 24 1 1 8 4 2 0 0 0
3326 38 1 1 19 5 1 0 0 0
3328 76 1 1 0 0 0 19 1 1
3329 95 1 1 19 0 0 0 0 0
3354 126 1 1 105 0 0 0 0 0
fn=munmap_chunk
3024 8 1 1 0 0 0 4 0 0
3025 8 0 0 8 8 0 0 0 0
3026 12 0 0 4 0 0 0 0 0
3028 8 0 0 0 0 0 0 0 0
3030 4 0 0 0 0 0 0 0 0
3031 12 0 0 4 0 0 0 0 0
3032 4 0 0 0 0 0 0 0 0
3038 16 0 0 0 0 0 0 0 0
3039 20 1 1 0 0 0 0 0 0
3042 4 0 0 8 0 0 0 0 0
3043 12 0 0 8 0 0 0 0 0
3048 8 0 0 0 0 0 0 0 0
3049 4 0 0 4 0 0 0 0 0
fn=sysmalloc_mmap.isra.0
2008 24 0 0 6 0 0 0 0 0
2400 36 1 1 0 0 0 24 0 0
2413 18 0 0 0 0 0 0 0 0
2418 12 0 0 0 0 0 0 0 0
2421 60 1 1 0 0 0 6 2 0
2424 12 1 1 0 0 0 0 0 0
2428 12 0 0 0 0 0 0 0 0
2432 24 0 0 0 0 0 6 0 0
2448 18 0 0 0 0 0 0 0 0
2466 6 0 0 0 0 0 6 6 6
2467 18 1 1 0 0 0 6 0 0
2471 18 0 0 12 0 0 0 0 0
2472 24 0 0 9 0 0 0 0 0
2475 18 1 1 12 0 0 0 0 0
2476 30 0 0 12 0 0 0 0 0
2481 42 0 0 30 0 0 0 0 0
fn=systrim.constprop.0
2957 6 1 1 0 0 0 4 0 0
2966 3 0 0 2 0 0 0 0 0
2968 1 0 0 0 0 0 0 0 0
2969 2 0 0 0 0 0 0 0 0
2974 3 0 0 1 0 0 0 0 0
2975 1 0 0 0 0 0 0 0 0
2978 5 1 1 2 2 0 0 0 0
2980 2 0 0 0 0 0 0 0 0
2987 3 0 0 0 0 0 1 0 0
2988 4 0 0 1 0 0 0 0 0
3000 3 1 1 0 0 0 1 0 0
3001 2 0 0 0 0 0 1 0 0
3003 1 0 0 0 0 0 0 0 0
3005 2 0 0 0 0 0 0 0 0
3009 2 0 0 0 0 0 0 0 0
3012 1 0 0 1 0 0 0 0 0
3013 4 0 0 1 0 0 1 0 0
3015 2 0 0 0 0 0 0 0 0
3020 6 0 0 5 0 0 0 0 0
fn=unlink_chunk.isra.0
1608 32 3 1 0 0 0 16 0 0
1610 80 0 0 32 3 0 0 0 0
1613 32 0 0 32 2 0 0 0 0
1614 32 0 0 16 0 0 0 0 0
1616 64 4 1 32 8 0 0 0 0
1619 16 0 0 0 0 0 16 0 0
1620 16 0 0 0 0 0 16 0 0
1621 71 0 0 13 0 0 0 0 0
1623 24 0 0 12 0 0 0 0 0
1624 36 0 0 24 0 0 0 0 0
1627 24 0 0 12 5 0 0 0 0
1641 12 0 0 0 0 0 12 0 0
1642 12 1 1 0 0 0 12 0 0
1645 32 0 0 32 0 0 0 0 0
fl=./malloc/./malloc/morecore.c
fn=__glibc_morecore
25 12 1 1 0 0 0 4 0 0
26 8 0 0 4 0 0 0 0 0
29 4 0 0 0 0 0 4 0 0
30 8 0 0 0 0 0 0 0 0
34 8 0 0 8 0 0 0 0 0
fl=./misc/../sysdeps/unix/syscall-template.S
fn=munmap
117 20 2 2 0 0 0 0 0 0
122 4 0 0 4 0 0 0 0 0
fl=./misc/../sysdeps/unix/sysv/linux/brk.c
fn=brk
36 2 1 1 0 0 0 0 0 0
37 4 0 0 2 0 0 2 0 0
38 4 0 0 0 0 0 0 0 0
44 2 0 0 0 0 0 0 0 0
45 2 0 0 2 0 0 0 0 0
fl=./misc/../sysdeps/unix/sysv/linux/brk_call.h
fn=brk
24 4 0 0 0 0 0 0 0 0
fl=./misc/../sysdeps/unix/sysv/linux/mmap64.c
fn=mmap
47 42 1 1 0 0 0 18 0 0
50 12 0 0 0 0 0 0 0 0
53 42 1 1 0 0 0 0 0 0
58 36 1 1 0 0 0 0 0 0
60 24 0 0 24 0 0 0 0 0
fl=./misc/../sysdeps/unix/sysv/linux/setvmaname.c
fn=__set_vma_name
33 42 2 2 0 0 0 24 0 0
35 30 0 0 12 6 1 6 4 0
49 54 0 0 42 0 0 0 0 0
fl=./misc/./misc/sbrk.c
fn=sbrk
37 32 2 1 0 0 0 16 1 0
40 8 0 0 8 4 2 0 0 0
43 8 2 1 4 2 1 0 0 0
58 8 0 0 0 0 0 0 0 0
62 8 0 0 0 0 0 0 0 0
66 8 1 1 0 0 0 0 0 0
68 2 0 0 0 0 0 0 0 0
74 6 1 1 0 0 0 2 0 0
78 28 0 0 20 0 0 0 0 0
fl=./string/../sysdeps/x86_64/multiarch/../multiarch/strcmp-sse2.S
fn=strcmp
98 5 1 1 0 0 0 0 0 0
131 5 0 0 0 0 0 0 0 0
132 5 0 0 0 0 0 0 0 0
134 5 0 0 0 0 0 0 0 0
135 5 0 0 0 0 0 0 0 0
156 5 0 0 0 0 0 0 0 0
157 5 0 0 0 0 0 0 0 0
158 5 0 0 0 0 0 0 0 0
159 5 0 0 0 0 0 0 0 0
160 4 0 0 4 4 4 0 0 0
161 4 1 1 4 1 1 0 0 0
162 4 0 0 4 0 0 0 0 0
163 4 0 0 4 0 0 0 0 0
180 4 0 0 0 0 0 0 0 0
181 4 0 0 0 0 0 0 0 0
182 4 0 0 0 0 0 0 0 0
183 4 0 0 0 0 0 0 0 0
184 4 0 0 0 0 0 0 0 0
185 4 0 0 0 0 0 0 0 0
186 4 0 0 0 0 0 0 0 0
191 1 0 0 0 0 0 0 0 0
192 3 0 0 0 0 0 0 0 0
201 2 1 1 0 0 0 0 0 0
202 2 0 0 0 0 0 0 0 0
203 2 0 0 0 0 0 0 0 0
204 2 0 0 0 0 0 0 0 0
205 2 0 0 0 0 0 0 0 0
206 2 0 0 0 0 0 0 0 0
207 2 0 0 0 0 0 0 0 0
208 2 0 0 0 0 0 0 0 0
209 2 0 0 0 0 0 0 0 0
210 1 0 0 0 0 0 0 0 0
211 1 0 0 0 0 0 0 0 0
212 1 0 0 0 0 0 0 0 0
214 2 0 0 0 0 0 0 0 0
215 2 0 0 0 0 0 0 0 0
216 2 0 0 0 0 0 0 0 0
217 2 0 0 2 2 1 0 0 0
218 2 0 0 0 0 0 0 0 0
219 2 0 0 0 0 0 0 0 0
1137 1 1 1 0 0 0 0 0 0
1138 1 0 0 1 0 0 0 0 0
1139 1 0 0 1 1 1 0 0 0
1140 1 0 0 0 0 0 0 0 0
1141 1 0 0 0 0 0 0 0 0
1143 1 0 0 0 0 0 0 0 0
1144 1 0 0 0 0 0 0 0 0
1145 1 1 1 0 0 0 0 0 0
1146 1 0 0 0 0 0 0 0 0
1147 1 0 0 0 0 0 0 0 0
1148 1 0 0 0 0 0 0 0 0
1149 1 0 0 0 0 0 0 0 0
1150 1 0 0 1 0 0 0 0 0
1154 1 0 0 0 0 0 0 0 0
1155 1 0 0 0 0 0 0 0 0
1156 1 0 0 0 0 0 0 0 0
1162 1 0 0 0 0 0 0 0 0
1163 1 0 0 0 0 0 0 0 0
1164 2 0 0 0 0 0 0 0 0
1168 1 1 1 0 0 0 0 0 0
1169 1 0 0 0 0 0 0 0 0
1172 1 0 0 1 1 1 0 0 0
1173 1 0 0 1 0 0 0 0 0
1174 1 0 0 0 0 0 0 0 0
1176 1 0 0 0 0 0 0 0 0
1177 1 0 0 0 0 0 0 0 0
1178 1 0 0 0 0 0 0 0 0
1182 1 0 0 0 0 0 0 0 0
1183 1 0 0 0 0 0 0 0 0
1184 1 0 0 0 0 0 0 0 0
1185 1 0 0 0 0 0 0 0 0
1186 1 0 0 0 0 0 0 0 0
1187 1 1 1 0 0 0 0 0 0
1375 1 1 1 0 0 0 0 0 0
1376 1 0 0 1 0 0 0 0 0
1377 1 0 0 1 0 0 0 0 0
1378 1 0 0 0 0 0 0 0 0
1379 1 0 0 0 0 0 0 0 0
1381 1 0 0 0 0 0 0 0 0
1382 1 0 0 0 0 0 0 0 0
1383 1 1 1 0 0 0 0 0 0
1384 1 0 0 0 0 0 0 0 0
1385 1 0 0 0 0 0 0 0 0
1386 1 0 0 0 0 0 0 0 0
1387 1 0 0 0 0 0 0 0 0
1388 1 0 0 1 0 0 0 0 0
1392 1 0 0 0 0 0 0 0 0
1393 1 0 0 0 0 0 0 0 0
1394 1 0 0 0 0 0 0 0 0
1400 1 0 0 0 0 0 0 0 0
1401 1 0 0 0 0 0 0 0 0
1402 2 0 0 0 0 0 0 0 0
1406 1 1 1 0 0 0 0 0 0
1407 1 0 0 0 0 0 0 0 0
1410 1 0 0 1 0 0 0 0 0
1411 1 0 0 1 0 0 0 0 0
1412 1 0 0 0 0 0 0 0 0
1414 1 0 0 0 0 0 0 0 0
1415 1 0 0 0 0 0 0 0 0
1416 1 0 0 0 0 0 0 0 0
1420 1 0 0 0 0 0 0 0 0
1421 1 0 0 0 0 0 0 0 0
1422 1 0 0 0 0 0 0 0 0
1423 1 0 0 0 0 0 0 0 0
1424 1 0 0 0 0 0 0 0 0
1425 1 1 1 0 0 0 0 0 0
2093 2 1 1 0 0 0 0 0 0
2095 2 0 0 0 0 0 0 0 0
2096 2 0 0 0 0 0 0 0 0
2097 2 0 0 0 0 0 0 0 0
2098 2 0 0 0 0 0 0 0 0
2099 2 0 0 0 0 0 0 0 0
2104 5 1 1 0 0 0 0 0 0
2110 5 0 0 5 0 0 0 0 0
2111 5 0 0 5 0 0 0 0 0
2119 5 0 0 0 0 0 0 0 0
2120 5 0 0 5 0 0 0 0 0
fl=./string/../sysdeps/x86_64/multiarch/memmove-vec-unaligned-erms.S
fn=__memcpy_avx_unaligned_erms
255 16 1 1 0 0 0 0 0 0
256 16 0 0 0 0 0 0 0 0
262 16 0 0 0 0 0 0 0 0
263 16 0 0 0 0 0 0 0 0
265 15 0 0 15 4 0 0 0 0
266 15 0 0 0 0 0 0 0 0
267 15 0 0 0 0 0 0 0 0
270 2 0 0 2 0 0 0 0 0
271 2 0 0 0 0 0 2 0 0
272 2 0 0 0 0 0 2 0 0
275 4 0 0 2 0 0 0 0 0
305 1 0 0 0 0 0 0 0 0
306 1 0 0 0 0 0 0 0 0
308 1 0 0 0 0 0 0 0 0
309 1 0 0 0 0 0 0 0 0
311 1 0 0 0 0 0 0 0 0
315 1 0 0 0 0 0 0 0 0
316 1 1 1 0 0 0 0 0 0
317 1 0 0 0 0 0 0 0 0
325 1 0 0 1 0 0 0 0 0
375 1 1 1 1 0 0 0 0 0
376 1 0 0 1 0 0 0 0 0
377 1 0 0 0 0 0 1 1 1
378 1 0 0 0 0 0 1 0 0
379 1 0 0 0 0 0 1 0 0
380 1 0 0 0 0 0 1 0 0
381 2 0 0 1 0 0 0 0 0
386 13 6 1 13 7 1 0 0 0
387 13 0 0 0 0 0 0 0 0
392 7 0 0 0 0 0 0 0 0
393 7 0 0 0 0 0 0 0 0
395 2 0 0 2 0 0 0 0 0
396 2 0 0 0 0 0 0 0 0
397 2 0 0 0 0 0 0 0 0
399 1 0 0 1 0 0 0 0 0
400 1 0 0 1 0 0 0 0 0
401 1 0 0 1 0 0 0 0 0
402 1 0 0 1 0 0 0 0 0
403 1 0 0 1 0 0 0 0 0
404 1 1 1 1 0 0 0 0 0
405 1 0 0 0 0 0 1 1 1
406 1 0 0 0 0 0 1 0 0
407 1 0 0 0 0 0 1 1 1
408 1 0 0 0 0 0 1 0 0
409 1 0 0 0 0 0 1 1 1
410 1 0 0 0 0 0 1 0 0
411 1 0 0 0 0 0 1 1 1
412 1 0 0 0 0 0 1 0 0
413 2 0 0 1 0 0 0 0 0
417 5 0 0 0 0 0 0 0 0
418 5 0 0 0 0 0 0 0 0
422 5 0 0 0 0 0 0 0 0
424 5 1 1 0 0 0 0 0 0
428 5 0 0 5 1 1 0 0 0
429 5 0 0 0 0 0 0 0 0
440 5 0 0 0 0 0 0 0 0
443 5 0 0 0 0 0 0 0 0
445 5 0 0 0 0 0 0 0 0
447 5 0 0 0 0 0 0 0 0
451 5 0 0 0 0 0 0 0 0
452 5 0 0 0 0 0 0 0 0
461 3 0 0 3 0 0 0 0 0
462 3 0 0 3 0 0 0 0 0
464 3 0 0 0 0 0 0 0 0
466 3 0 0 0 0 0 0 0 0
467 3 1 1 3 0 0 0 0 0
468 3 0 0 3 0 0 0 0 0
471 3 0 0 0 0 0 0 0 0
473 3 0 0 0 0 0 0 0 0
475 3 0 0 0 0 0 0 0 0
477 6 0 0 0 0 0 0 0 0
483 25 0 0 25 0 0 0 0 0
484 25 0 0 25 0 0 0 0 0
485 25 0 0 25 0 0 0 0 0
486 25 0 0 25 0 0 0 0 0
487 25 0 0 0 0 0 0 0 0
488 25 0 0 0 0 0 25 22 22
489 25 0 0 0 0 0 25 3 3
490 25 1 1 0 0 0 25 22 22
491 25 0 0 0 0 0 25 3 3
492 25 0 0 0 0 0 0 0 0
493 25 0 0 0 0 0 0 0 0
494 25 0 0 0 0 0 0 0 0
496 3 0 0 0 0 0 3 1 1
497 3 0 0 0 0 0 3 2 2
498 3 0 0 0 0 0 3 0 0
499 3 0 0 0 0 0 3 0 0
501 3 0 0 0 0 0 3 0 0
505 6 0 0 3 0 0 0 0 0
518 2 0 0 2 0 0 0 0 0
519 2 0 0 2 0 0 0 0 0
521 2 1 1 0 0 0 0 0 0
522 2 0 0 2 0 0 0 0 0
523 2 0 0 2 0 0 0 0 0
525 2 0 0 0 0 0 0 0 0
527 2 0 0 0 0 0 0 0 0
529 4 0 0 0 0 0 0 0 0
535 94 0 0 94 0 0 0 0 0
536 94 0 0 94 0 0 0 0 0
537 94 0 0 94 0 0 0 0 0
538 94 0 0 94 0 0 0 0 0
539 94 0 0 0 0 0 0 0 0
540 94 0 0 0 0 0 94 64 64
541 94 1 1 0 0 0 94 31 31
542 94 0 0 0 0 0 94 63 63
543 94 0 0 0 0 0 94 31 31
544 94 0 0 0 0 0 0 0 0
545 94 0 0 0 0 0 0 0 0
546 94 0 0 0 0 0 0 0 0
548 2 0 0 0 0 0 2 1 1
549 2 0 0 0 0 0 2 1 1
550 2 0 0 0 0 0 2 0 0
551 2 0 0 0 0 0 2 0 0
553 2 0 0 0 0 0 2 0 0
554 4 0 0 2 0 0 0 0 0
563 6 1 1 6 5 0 0 0 0
570 6 0 0 0 0 0 0 0 0
571 6 0 0 0 0 0 0 0 0
577 5 0 0 0 0 0 0 0 0
580 5 0 0 0 0 0 0 0 0
582 5 0 0 0 0 0 0 0 0
585 5 0 0 0 0 0 0 0 0
586 5 0 0 0 0 0 0 0 0
588 5 0 0 0 0 0 0 0 0
590 966437 0 0 966432 14844 0 966432 15103 15099
592 5 0 0 0 0 0 5 4 0
594 5 0 0 0 0 0 5 4 0
596 10 0 0 5 4 0 0 0 0
601 6 1 1 0 0 0 0 0 0
602 6 0 0 0 0 0 0 0 0
606 6 0 0 0 0 0 0 0 0
608 6 0 0 0 0 0 0 0 0
611 6 0 0 0 0 0 0 0 0
615 6 0 0 6 6 0 0 0 0
616 6 0 0 0 0 0 0 0 0
620 6 0 0 6 0 0 0 0 0
624 6 0 0 0 0 0 0 0 0
648 1 0 0 0 0 0 0 0 0
650 1 0 0 0 0 0 0 0 0
652 1 0 0 0 0 0 0 0 0
654 1 1 1 0 0 0 0 0 0
657 1 0 0 0 0 0 0 0 0
658 1 0 0 0 0 0 0 0 0
660 65489 0 0 65488 1012 0 65488 1024 1023
663 1 0 0 0 0 0 1 1 0
665 1 0 0 0 0 0 1 1 0
667 2 0 0 1 1 0 0 0 0
fl=./string/../sysdeps/x86_64/multiarch/memset-vec-unaligned-erms.S
fn=__memset_avx2_unaligned_erms
158 5 1 1 0 0 0 0 0 0
159 10 0 0 0 0 0 0 0 0
164 5 0 0 0 0 0 0 0 0
165 5 0 0 0 0 0 0 0 0
166 5 0 0 0 0 0 0 0 0
167 5 0 0 0 0 0 0 0 0
168 5 0 0 0 0 0 0 0 0
237 5 1 1 5 5 0 0 0 0
238 5 0 0 0 0 0 0 0 0
244 3 0 0 0 0 0 3 0 0
245 3 0 0 0 0 0 3 1 0
257 3 0 0 0 0 0 0 0 0
260 3 0 0 0 0 0 0 0 0
261 3 0 0 0 0 0 0 0 0
273 3 0 0 0 0 0 3 2 0
274 3 0 0 0 0 0 3 1 0
287 3 0 0 0 0 0 0 0 0
288 3 0 0 0 0 0 0 0 0
290 3 0 0 0 0 0 0 0 0
293 3 0 0 0 0 0 0 0 0
296 3 0 0 0 0 0 0 0 0
299 23 1 1 0 0 0 23 22 0
300 23 0 0 0 0 0 23 0 0
301 23 0 0 0 0 0 23 23 0
302 23 0 0 0 0 0 23 0 0
303 23 0 0 0 0 0 0 0 0
304 23 0 0 0 0 0 0 0 0
305 26 0 0 0 0 0 0 0 0
308 3 0 0 0 0 0 3 2 0
309 3 0 0 0 0 0 3 0 0
310 3 0 0 0 0 0 3 2 0
311 3 0 0 0 0 0 3 0 0
314 6 0 0 3 0 0 0 0 0
325 2 1 1 0 0 0 0 0 0
326 2 0 0 0 0 0 0 0 0
327 2 0 0 0 0 0 0 0 0
328 12290 0 0 0 0 0 12288 190 0
329 2 0 0 0 0 0 0 0 0
330 4 0 0 2 0 0 0 0 0
fl=/home/wang/git-repositories/vcpkg/installed/x64-linux-clang-libcxx/include/boost/unordered/detail/foa/core.hpp
fn=unsigned int lob::v17::BookT<lob::ChecksumSink, 16u>::match<(lob::Side)0>(unsigned long, long, unsigned int)
0 31732 1 1 15866 0 0 0 0 0
fn=unsigned int lob::v17::BookT<lob::ChecksumSink, 16u>::match<(lob::Side)1>(unsigned long, long, unsigned int)
0 31170 1 1 15585 0 0 0 0 0
fl=/home/wang/sources/cxx/book/include/lob/events.hpp
fn=lob::v17::BookT<lob::ChecksumSink, 16u>::modify(unsigned long, long, unsigned int)
0 101398 1 1 0 0 0 44880 0 0
92 73196 0 0 73196 0 0 0 0 0
93 618202 2 2 73196 0 0 22440 0 0
fn=unsigned int lob::v17::BookT<lob::ChecksumSink, 16u>::match<(lob::Side)0>(unsigned long, long, unsigned int)
92 97188 0 0 32396 0 0 32396 0 0
93 421148 1 1 32396 0 0 32396 0 0
fn=unsigned int lob::v17::BookT<lob::ChecksumSink, 16u>::match<(lob::Side)1>(unsigned long, long, unsigned int)
92 96123 0 0 32041 0 0 32041 0 0
93 416533 1 1 32041 0 0 32041 0 0
fn=void lob::replay<lob::v17::BookT<lob::ChecksumSink, 16u> >(lob::v17::BookT<lob::ChecksumSink, 16u>&, std::__1::span<lob::Op const, 18446744073709551615ul>)
92 917793 0 0 917793 11 1 0 0 0
93 6050799 0 0 917793 0 0 0 0 0
fl=/home/wang/sources/cxx/book/include/lob/replay.hpp
fn=void lob::replay<lob::v17::BookT<lob::ChecksumSink, 16u> >(lob::v17::BookT<lob::ChecksumSink, 16u>&, std::__1::span<lob::Op const, 18446744073709551615ul>)
0 7 1 1 0 0 0 1 0 0
52 7 1 1 0 0 0 6 1 1
53 1000001 0 0 0 0 0 0 0 0
57 9 1 1 7 1 1 0 0 0
fl=/home/wang/sources/cxx/book/include/lob/v11/exact_div.hpp
fn=lob::v17::BookT<lob::ChecksumSink, 16u>::modify(unsigned long, long, unsigned int)
37 50034 0 0 33356 0 0 0 0 0
fn=lob::v17::BookT<lob::ChecksumSink, 16u>::remove_from_level(lob::v17::BookT<lob::ChecksumSink, 16u>::Loc const&)
37 67320 0 0 44880 0 0 0 0 0
fn=void lob::replay<lob::v17::BookT<lob::ChecksumSink, 16u> >(lob::v17::BookT<lob::ChecksumSink, 16u>&, std::__1::span<lob::Op const, 18446744073709551615ul>)
37 2753379 1 1 1835586 0 0 0 0 0
fl=/home/wang/sources/cxx/book/include/lob/v16/order_index.hpp
fn=lob::v16::OrderIndex::alloc(unsigned long)
0 10 0 0 5 0 0 0 0 0
178 25 3 1 0 0 0 15 1 0
179 5 0 0 0 0 0 5 0 0
180 20 0 0 0 0 0 5 0 0
181 10 0 0 0 0 0 5 0 0
182 10 0 0 0 0 0 5 0 0
183 20 0 0 0 0 0 5 0 0
184 5 0 0 0 0 0 5 0 0
186 7996 1 1 0 0 0 0 0 0
187 15872 1 1 0 0 0 15872 15872 13824
188 15872 1 1 0 0 0 15872 0 0
190 25 1 1 20 8 0 0 0 0
fn=lob::v16::OrderIndex::grow()
0 51604 2 2 27776 4 0 0 0 0
144 111104 1 1 27776 4 0 0 0 0
168 27776 2 2 27776 248 0 0 0 0
169 138880 8 6 0 0 0 0 0 0
171 111104 1 1 0 0 0 27776 0 0
172 83328 1 1 27776 0 0 27776 14534 0
191 40 1 1 0 0 0 35 1 0
193 5 0 0 5 0 0 0 0 0
194 10 0 0 0 0 0 5 0 0
195 23818 0 0 0 0 0 0 0 0
197 166656 7 3 55552 7910 0 0 0 0
199 55552 0 0 27776 0 0 27776 0 0
214 50 1 1 30 10 0 0 0 0
fn=lob::v17::BookT<lob::ChecksumSink, 16u>::modify(unsigned long, long, unsigned int)
0 169560 1 1 56520 0 0 0 0 0
72 113036 0 0 0 0 0 0 0 0
76 4 0 0 0 0 0 0 0 0
77 113040 0 0 0 0 0 0 0 0
78 4 0 0 2 0 0 0 0 0
80 169554 1 1 0 0 0 0 0 0
119 23048 2 2 0 0 0 0 0 0
123 51858 0 0 11524 0 0 0 0 0
124 17286 0 0 0 0 0 5762 0 0
125 17286 0 0 5762 754 0 0 0 0
126 11524 0 0 0 0 0 0 0 0
127 5762 0 0 5762 0 0 0 0 0
128 5762 0 0 0 0 0 0 0 0
144 226072 0 0 56518 0 0 0 0 0
147 113036 0 0 0 0 0 0 0 0
152 282598 1 1 0 0 0 0 0 0
154 169558 0 0 56520 54795 0 0 0 0
fn=unsigned int lob::v17::BookT<lob::ChecksumSink, 16u>::match<(lob::Side)0>(unsigned long, long, unsigned int)
0 67160 0 0 16790 0 0 0 0 0
72 33580 0 0 0 0 0 0 0 0
77 33580 0 0 0 0 0 0 0 0
80 16790 0 0 0 0 0 0 0 0
119 50370 0 0 0 0 0 0 0 0
123 117530 0 0 16790 0 0 0 0 0
124 50370 0 0 0 0 0 16790 0 0
125 67160 2 1 16790 2186 0 0 0 0
126 33580 0 0 0 0 0 0 0 0
127 16790 1 1 16790 0 0 0 0 0
144 67160 1 1 16790 0 0 0 0 0
147 33580 0 0 0 0 0 0 0 0
152 83950 1 1 0 0 0 0 0 0
154 50370 0 0 16790 16484 0 0 0 0
fn=unsigned int lob::v17::BookT<lob::ChecksumSink, 16u>::match<(lob::Side)1>(unsigned long, long, unsigned int)
0 66584 0 0 16646 0 0 0 0 0
72 33292 0 0 0 0 0 0 0 0
77 33292 0 0 0 0 0 0 0 0
80 16646 0 0 0 0 0 0 0 0
119 49938 0 0 0 0 0 0 0 0
123 116522 1 1 16646 0 0 0 0 0
124 49938 0 0 0 0 0 16646 0 0
125 66584 1 1 16646 2139 0 0 0 0
126 33292 0 0 0 0 0 0 0 0
127 16646 0 0 16646 0 0 0 0 0
144 66584 0 0 16646 0 0 0 0 0
147 33292 0 0 0 0 0 0 0 0
152 83230 2 2 0 0 0 0 0 0
154 49938 0 0 16646 16349 0 0 0 0
fn=void lob::replay<lob::v17::BookT<lob::ChecksumSink, 16u> >(lob::v17::BookT<lob::ChecksumSink, 16u>&, std::__1::span<lob::Op const, 18446744073709551615ul>)
0 3774091 1 1 1456524 0 0 1456449 0 0
72 1291545 0 0 0 0 0 0 0 0
76 24 0 0 0 0 0 0 0 0
77 861054 0 0 0 0 0 0 0 0
78 24 0 0 12 0 0 0 0 0
80 1291545 0 0 0 0 0 0 0 0
87 1538901 1 1 512967 6 1 0 0 0
88 1025934 0 0 0 0 0 512967 0 0
89 1538901 0 0 1025934 0 0 0 0 0
90 20 1 1 0 0 0 5 0 0
94 512967 0 0 512967 0 0 0 0 0
95 512967 1 1 0 0 0 512967 5 0
119 2255331 2 2 430515 0 0 0 0 0
123 3219117 0 0 481893 0 0 0 0 0
124 1368612 2 2 0 0 0 456204 0 0
125 1824816 0 0 456204 59065 0 0 0 0
126 938188 0 0 13 0 0 0 0 0
127 886719 2 2 456204 0 0 0 0 0
128 25689 0 0 0 0 0 0 0 0
144 3773928 0 0 943482 6 1 0 0 0
147 3425865 0 0 0 0 0 0 0 0
152 2152623 2 2 0 0 0 0 0 0
154 1291569 0 0 430527 418891 0 0 0 0
167 32 0 0 0 0 0 0 0 0
168 512983 0 0 512983 171046 4 0 0 0
169 3077866 1 1 0 0 0 0 0 0
171 2051868 0 0 0 0 0 512967 0 0
172 2051868 0 0 512967 0 0 512967 506910 256
175 48 0 0 16 16 0 0 0 0
fl=/home/wang/sources/cxx/book/include/lob/v17/book.hpp
fn=lob::v17::BookT<lob::ChecksumSink, 16u>::anchor_if_on_tick(long)
377 3 0 0 0 0 0 1 0 0
378 1 0 0 0 0 0 1 0 0
608 10 2 2 1 0 0 0 0 0
609 1 0 0 1 0 0 0 0 0
fn=lob::v17::BookT<lob::ChecksumSink, 16u>::modify(unsigned long, long, unsigned int)
0 379615 2 2 173872 0 0 62280 0 0
198 565180 1 1 0 0 0 339108 1 1
201 113036 0 0 0 0 0 0 0 0
202 113036 0 0 0 0 0 0 0 0
204 169554 0 0 56518 0 0 113036 0 0
206 226072 0 0 0 0 0 0 0 0
207 34078 0 0 0 0 0 34078 0 0
208 34078 0 0 34078 0 0 0 0 0
213 134640 1 1 0 0 0 67320 485 0
214 22440 0 0 22440 0 0 0 0 0
216 508662 1 1 395626 0 0 0 0 0
329 16678 1 1 0 0 0 0 0 0
358 339108 1 1 113036 81276 0 56518 5 1
371 33356 1 1 16678 0 0 0 0 0
372 33356 0 0 0 0 0 0 0 0
374 44880 0 0 44880 0 0 0 0 0
403 33356 0 0 16678 0 0 0 0 0
404 16678 0 0 0 0 0 0 0 0
405 50034 0 0 16678 0 0 16678 0 0
406 16678 0 0 0 0 0 0 0 0
411 100068 0 0 16678 0 0 83390 0 0
427 33356 0 0 16678 155 0 0 0 0
429 100068 1 1 16678 0 0 0 0 0
430 16678 0 0 0 0 0 16678 1751 0
431 16678 0 0 0 0 0 16678 0 0
432 16678 0 0 0 0 0 16678 0 0
433 16678 0 0 0 0 0 16678 0 0
453 56518 0 0 0 0 0 0 0 0
454 67320 0 0 0 0 0 0 0 0
455 67320 0 0 0 0 0 0 0 0
456 123116 0 0 44880 0 0 0 0 0
457 22440 0 0 22440 0 0 0 0 0
458 22440 0 0 0 0 0 0 0 0
459 89760 0 0 0 0 0 0 0 0
460 67320 1 1 22440 0 0 0 0 0
465 22440 0 0 0 0 0 0 0 0
466 5762 0 0 0 0 0 0 0 0
467 8787 0 0 0 0 0 2929 0 0
469 8499 0 0 0 0 0 2833 0 0
470 11524 0 0 0 0 0 0 0 0
533 33356 0 0 16678 0 0 0 0 0
537 33356 0 0 16678 0 0 0 0 0
538 16678 0 0 0 0 0 0 0 0
543 16678 0 0 0 0 0 16678 0 0
544 16678 0 0 16678 0 0 0 0 0
fn=lob::v17::BookT<lob::ChecksumSink, 16u>::remove_from_level(lob::v17::BookT<lob::ChecksumSink, 16u>::Loc const&)
0 67320 0 0 0 0 0 44880 0 0
329 22440 0 0 0 0 0 0 0 0
366 44880 1 1 22440 0 0 0 0 0
371 22440 0 0 22440 0 0 0 0 0
372 22440 0 0 0 0 0 0 0 0
416 44880 0 0 22440 0 0 22440 0 0
417 44880 1 1 0 0 0 22440 0 0
442 112200 1 1 0 0 0 0 0 0
443 112200 0 0 0 0 0 0 0 0
444 22440 0 0 0 0 0 22440 21370 0
445 22440 0 0 0 0 0 22440 21442 0
568 22440 0 0 22440 0 0 0 0 0
569 44880 1 1 22440 0 0 0 0 0
572 22440 0 0 22440 0 0 0 0 0
573 201960 0 0 44880 0 0 0 0 0
575 22440 0 0 22440 0 0 0 0 0
576 112200 0 0 22440 0 0 0 0 0
580 67320 0 0 67320 0 0 0 0 0
fn=unsigned int lob::v17::BookT<lob::ChecksumSink, 16u>::match<(lob::Side)0>(unsigned long, long, unsigned int)
0 351044 2 2 64792 0 0 79330 967 0
374 31732 0 0 15866 0 0 0 0 0
416 33580 0 0 16790 0 0 16790 0 0
417 16790 0 0 0 0 0 16790 0 0
438 33580 0 0 16790 0 0 0 0 0
439 33580 0 0 16790 0 0 0 0 0
442 67160 0 0 16790 0 0 0 0 0
443 67160 0 0 16790 0 0 0 0 0
444 16790 0 0 0 0 0 16790 0 0
445 16790 0 0 0 0 0 16790 16125 0
480 111062 1 1 0 0 0 95196 0 0
490 31732 1 1 0 0 0 0 0 0
493 47598 0 0 0 0 0 0 0 0
496 15866 0 0 0 0 0 0 0 0
501 15866 0 0 0 0 0 0 0 0
503 31732 0 0 0 0 0 0 0 0
504 142794 1 1 31732 0 0 31732 0 0
505 129584 0 0 32396 0 0 0 0 0
508 129584 0 0 0 0 0 0 0 0
509 64792 0 0 64792 8481 0 0 0 0
511 97188 0 0 0 0 0 32396 0 0
512 32396 0 0 0 0 0 0 0 0
518 31732 0 0 15866 0 0 0 0 0
526 158660 2 2 111062 0 0 0 0 0
fn=unsigned int lob::v17::BookT<lob::ChecksumSink, 16u>::match<(lob::Side)1>(unsigned long, long, unsigned int)
0 361068 4 4 79667 0 0 77925 950 0
374 31170 0 0 15585 0 0 0 0 0
416 33292 0 0 16646 0 0 16646 0 0
417 16646 0 0 0 0 0 16646 0 0
438 33292 0 0 16646 0 0 0 0 0
439 33292 0 0 16646 0 0 0 0 0
442 66584 0 0 16646 0 0 0 0 0
443 66584 0 0 16646 0 0 0 0 0
444 16646 0 0 0 0 0 16646 0 0
445 16646 0 0 0 0 0 16646 15957 0
480 109095 0 0 0 0 0 93510 2 1
490 31170 0 0 0 0 0 0 0 0
493 46755 0 0 0 0 0 0 0 0
496 15585 1 1 0 0 0 0 0 0
497 15585 0 0 0 0 0 0 0 0
501 15585 0 0 0 0 0 0 0 0
503 31170 0 0 0 0 0 0 0 0
504 140265 1 1 31170 0 0 31170 0 0
505 128164 0 0 32041 0 0 0 0 0
508 128164 0 0 0 0 0 0 0 0
509 64082 0 0 64082 8432 0 0 0 0
511 96123 1 1 0 0 0 32041 0 0
512 32041 0 0 0 0 0 0 0 0
518 31170 0 0 15585 0 0 0 0 0
526 155850 0 0 109095 0 0 0 0 0
fn=void lob::replay<lob::v17::BookT<lob::ChecksumSink, 16u> >(lob::v17::BookT<lob::ChecksumSink, 16u>&, std::__1::span<lob::Op const, 18446744073709551615ul>)
0 9648692 2 2 4297421 125000 125000 2374242 1 1
170 4886964 1 1 1000000 178574 178566 0 0 0
172 2564835 1 1 1538901 64348 64348 0 0 0
176 339108 0 0 113036 7087 7087 56518 0 0
182 512967 0 0 0 0 0 0 0 0
183 1025934 0 0 0 0 0 0 0 0
184 512967 0 0 0 0 0 512967 0 0
193 861030 0 0 861030 413335 0 0 0 0
195 430515 0 0 430515 0 0 0 0 0
196 917793 0 0 0 0 0 0 0 0
329 2753379 0 0 0 0 0 0 0 0
358 2152575 0 0 861030 206927 1 0 0 0
366 861032 0 0 430516 0 0 0 0 0
371 1405071 0 0 917793 0 0 0 0 0
372 1835586 0 0 0 0 0 0 0 0
374 1025932 0 0 1025932 5 0 0 0 0
403 1461834 1 1 487278 0 0 0 0 0
404 487278 0 0 0 0 0 0 0 0
405 1877348 0 0 469337 32901 0 938674 0 0
406 469337 0 0 0 0 0 0 0 0
407 53823 0 0 0 0 0 0 0 0
411 2959550 1 1 487278 0 0 2436390 16427 0
416 861030 0 0 430515 0 0 430515 0 0
417 430515 0 0 0 0 0 430515 0 0
427 1461834 0 0 487278 2535 10 0 0 0
429 2436390 0 0 487278 0 0 0 0 0
430 487278 0 0 0 0 0 487278 23483 0
431 487278 1 1 0 0 0 487278 0 0
432 487278 0 0 0 0 0 487278 0 0
433 974556 0 0 487278 0 0 487278 0 0
442 2152575 1 1 0 0 0 0 0 0
443 2152575 0 0 0 0 0 0 0 0
444 430515 0 0 0 0 0 430515 412020 0
445 430515 0 0 0 0 0 430515 412158 0
454 1538901 0 0 0 0 0 0 0 0
455 1538898 0 0 0 0 0 0 0 0
456 3052113 2 2 0 0 0 25689 0 0
457 512967 1 1 512967 6 1 0 0 0
459 2051864 0 0 0 0 0 0 0 0
460 2051868 1 1 0 0 0 1025934 0 0
465 512967 0 0 0 0 0 0 0 0
466 25689 0 0 0 0 0 0 0 0
467 25874 1 1 0 0 0 12937 0 0
469 25504 0 0 0 0 0 12752 0 0
470 77067 1 1 25689 0 0 0 0 0
533 974561 1 1 487278 6 1 1 0 0
537 974556 0 0 487278 5 0 0 0 0
538 487278 0 0 0 0 0 0 0 0
543 487278 0 0 0 0 0 487278 5 0
544 487278 0 0 487278 0 0 0 0 0
548 861030 0 0 0 0 0 861030 0 0
550 861030 0 0 430515 0 0 0 0 0
554 3874635 0 0 861030 0 0 0 0 0
556 430515 0 0 430515 0 0 0 0 0
557 1722060 0 0 0 0 0 0 0 0
fl=/home/wang/sources/cxx/book/include/lob/v3/hier_bitmap.hpp
fn=lob::v17::BookT<lob::ChecksumSink, 16u>::modify(unsigned long, long, unsigned int)
48 67320 0 0 44880 1 0 0 0 0
57 33356 0 0 0 0 0 0 0 0
58 50034 0 0 16678 0 0 0 0 0
59 50034 0 0 33356 0 0 33356 1135 0
95 112200 0 0 0 0 0 0 0 0
fn=lob::v17::BookT<lob::ChecksumSink, 16u>::remove_from_level(lob::v17::BookT<lob::ChecksumSink, 16u>::Loc const&)
78 67320 0 0 22440 0 0 0 0 0
79 67320 0 0 22440 1 0 0 0 0
80 22440 0 0 0 0 0 0 0 0
fn=unsigned int lob::v17::BookT<lob::ChecksumSink, 16u>::match<(lob::Side)0>(unsigned long, long, unsigned int)
0 15866 0 0 15866 0 0 0 0 0
48 47598 1 1 31732 0 0 0 0 0
95 79330 0 0 0 0 0 0 0 0
fn=unsigned int lob::v17::BookT<lob::ChecksumSink, 16u>::match<(lob::Side)1>(unsigned long, long, unsigned int)
48 46755 0 0 31170 0 0 0 0 0
95 77925 0 0 0 0 0 0 0 0
fn=void lob::replay<lob::v17::BookT<lob::ChecksumSink, 16u> >(lob::v17::BookT<lob::ChecksumSink, 16u>&, std::__1::span<lob::Op const, 18446744073709551615ul>)
0 1461834 0 0 974556 0 0 0 0 0
48 2051868 0 0 1025934 26 2 0 0 0
57 974559 0 0 0 0 0 0 0 0
58 1461843 0 0 487281 58 6 0 0 0
59 1461852 1 1 974565 1 1 974562 10 1
78 1291545 0 0 430515 0 0 0 0 0
79 1291545 0 0 430515 31 0 0 0 0
80 430515 1 1 0 0 0 0 0 0
95 2564830 0 0 0 0 0 0 0 0
fl=/home/wang/sources/cxx/book/source/main.cxx
fn=auto lob::for_each_type<std::__1::tuple<lob::v0::Book<lob::ChecksumSink>, lob::v1::Book<lob::ChecksumSink>, lob::v2::Book<lob::ChecksumSink>, lob::v3::BookT<lob::ChecksumSink, 16u>, lob::v4::BookT<lob::ChecksumSink, 16u>, lob::v5::BookT<lob::ChecksumSink, 16u>, lob::v7::BookT<lob::ChecksumSink, 16u>, lob::v8::BookT<lob::ChecksumSink, 16u>, lob::v9::BookT<lob::ChecksumSink, 16u>, lob::v10::BookT<lob::ChecksumSink, 16u>, lob::v11::BookT<lob::ChecksumSink, 16u>, lob::v12::BookT<lob::ChecksumSink, 16u>, lob::v13::BookT<lob::ChecksumSink, 16u>, lob::v14::BookT<lob::ChecksumSink, 16u>, lob::v15::BookT<lob::ChecksumSink, 16u>, lob::v16::BookT<lob::ChecksumSink, 16u>, lob::v17::BookT<lob::ChecksumSink, 16u>, lob::v18::BookT<lob::ChecksumSink, 16u> >, (anonymous namespace)::with_version<(anonymous namespace)::cmd_replay((anonymous namespace)::Args const&)::$_0>(std::__1::basic_string_view<char, std::__1::char_traits<char> >, (anonymous namespace)::cmd_replay((anonymous namespace)::Args const&)::$_0&&)::{lambda<typename $T0>()#1}>((anonymous namespace)::with_version<(anonymous namespace)::cmd_replay((anonymous namespace)::Args const&)::$_0>(std::__1::basic_string_view<char, std::__1::char_traits<char> >, (anonymous namespace)::cmd_replay((anonymous namespace)::Args const&)::$_0&&)::{lambda<typename $T0>()#1}&&)::{lambda<unsigned long... $N0>(std::__1::integer_sequence<unsigned long, ($N0)...>)#1}::operator()<0ul, 1ul, 2ul, 3ul, 4ul, 5ul, 6ul, 7ul, 8ul, 9ul, 10ul, 11ul, 12ul, 13ul, 14ul, 15ul, 16ul, 17ul>(std::__1::integer_sequence<unsigned long, 0ul, 1ul, 2ul, 3ul, 4ul, 5ul, 6ul, 7ul, 8ul, 9ul, 10ul, 11ul, 12ul, 13ul, 14ul, 15ul, 16ul, 17ul>) const
294 2 1 1 0 0 0 1 1 1
295 3 1 1 1 1 1 1 1 1
296 9 1 1 0 0 0 6 1 1
fl=/usr/include/c++/v1/__algorithm/comp.h
fn=unsigned int lob::v17::BookT<lob::ChecksumSink, 16u>::match<(lob::Side)0>(unsigned long, long, unsigned int)
41 32396 0 0 32396 955 0 0 0 0
fn=unsigned int lob::v17::BookT<lob::ChecksumSink, 16u>::match<(lob::Side)1>(unsigned long, long, unsigned int)
41 32041 0 0 32041 1024 0 0 0 0
fl=/usr/include/c++/v1/__bit/countr.h
fn=lob::v16::OrderIndex::alloc(unsigned long)
28 15 5 1 0 0 0 0 0 0
fn=lob::v16::OrderIndex::grow()
28 55552 0 0 0 0 0 0 0 0
fn=lob::v17::BookT<lob::ChecksumSink, 16u>::modify(unsigned long, long, unsigned int)
28 202796 1 1 44880 1 0 0 0 0
fn=unsigned int lob::v17::BookT<lob::ChecksumSink, 16u>::match<(lob::Side)0>(unsigned long, long, unsigned int)
28 112910 3 2 31732 0 0 0 0 0
fn=unsigned int lob::v17::BookT<lob::ChecksumSink, 16u>::match<(lob::Side)1>(unsigned long, long, unsigned int)
28 111217 0 0 31170 0 0 0 0 0
fn=void lob::replay<lob::v17::BookT<lob::ChecksumSink, 16u> >(lob::v17::BookT<lob::ChecksumSink, 16u>&, std::__1::span<lob::Op const, 18446744073709551615ul>)
28 3938828 0 0 1025932 25 0 0 0 0
fl=/usr/include/c++/v1/__iterator/wrap_iter.h
fn=void lob::replay<lob::v17::BookT<lob::ChecksumSink, 16u> >(lob::v17::BookT<lob::ChecksumSink, 16u>&, std::__1::span<lob::Op const, 18446744073709551615ul>)
65 1000000 0 0 0 0 0 0 0 0
125 1000001 0 0 0 0 0 0 0 0
fl=/usr/include/c++/v1/__memory/allocator.h
fn=void lob::replay<lob::v17::BookT<lob::ChecksumSink, 16u> >(lob::v17::BookT<lob::ChecksumSink, 16u>&, std::__1::span<lob::Op const, 18446744073709551615ul>)
100 32 0 0 0 0 0 0 0 0
fl=/usr/include/c++/v1/__memory/construct_at.h
fn=void lob::replay<lob::v17::BookT<lob::ChecksumSink, 16u> >(lob::v17::BookT<lob::ChecksumSink, 16u>&, std::__1::span<lob::Op const, 18446744073709551615ul>)
38 35882 0 0 0 0 0 17941 9006 8971
fl=/usr/include/c++/v1/__memory/uninitialized_algorithms.h
fn=void lob::replay<lob::v17::BookT<lob::ChecksumSink, 16u> >(lob::v17::BookT<lob::ChecksumSink, 16u>&, std::__1::span<lob::Op const, 18446744073709551615ul>)
0 16 0 0 16 5 0 0 0 0
638 64 0 0 0 0 0 16 0 0
fl=/usr/include/c++/v1/__memory/unique_ptr.h
fn=lob::v16::OrderIndex::alloc(unsigned long)
91 5 0 0 0 0 0 5 0 0
287 5 0 0 5 0 0 0 0 0
288 5 0 0 0 0 0 5 0 0
289 10 0 0 0 0 0 0 0 0
606 5 0 0 5 0 0 0 0 0
607 5 0 0 0 0 0 5 0 0
609 10 0 0 0 0 0 0 0 0
765 35 1 1 0 0 0 10 0 0
fn=lob::v16::OrderIndex::grow()
281 5 1 1 5 0 0 0 0 0
282 5 0 0 0 0 0 5 0 0
fn=lob::v17::BookT<lob::ChecksumSink, 16u>::modify(unsigned long, long, unsigned int)
583 5762 1 1 5762 0 0 0 0 0
fn=unsigned int lob::v17::BookT<lob::ChecksumSink, 16u>::match<(lob::Side)0>(unsigned long, long, unsigned int)
583 16790 0 0 16790 0 0 0 0 0
fn=unsigned int lob::v17::BookT<lob::ChecksumSink, 16u>::match<(lob::Side)1>(unsigned long, long, unsigned int)
583 16646 0 0 16646 0 0 0 0 0
fn=void lob::replay<lob::v17::BookT<lob::ChecksumSink, 16u> >(lob::v17::BookT<lob::ChecksumSink, 16u>&, std::__1::span<lob::Op const, 18446744073709551615ul>)
583 456204 0 0 456204 0 0 0 0 0
fl=/usr/include/c++/v1/__new/allocate.h
fn=void lob::replay<lob::v17::BookT<lob::ChecksumSink, 16u> >(lob::v17::BookT<lob::ChecksumSink, 16u>&, std::__1::span<lob::Op const, 18446744073709551615ul>)
0 64 0 0 64 0 0 0 0 0
37 16 0 0 0 0 0 0 0 0
43 48 0 0 0 0 0 16 0 0
63 45 0 0 15 0 0 15 0 0
fl=/usr/include/c++/v1/__split_buffer
fn=void lob::replay<lob::v17::BookT<lob::ChecksumSink, 16u> >(lob::v17::BookT<lob::ChecksumSink, 16u>&, std::__1::span<lob::Op const, 18446744073709551615ul>)
334 16 0 0 0 0 0 0 0 0
335 16 6 1 0 0 0 0 0 0
341 32 0 0 0 0 0 0 0 0
fl=/usr/include/c++/v1/__utility/swap.h
fn=void lob::replay<lob::v17::BookT<lob::ChecksumSink, 16u> >(lob::v17::BookT<lob::ChecksumSink, 16u>&, std::__1::span<lob::Op const, 18446744073709551615ul>)
44 48 1 1 0 0 0 48 5 0
fl=/usr/include/c++/v1/__vector/vector.h
fn=auto lob::for_each_type<std::__1::tuple<lob::v0::Book<lob::ChecksumSink>, lob::v1::Book<lob::ChecksumSink>, lob::v2::Book<lob::ChecksumSink>, lob::v3::BookT<lob::ChecksumSink, 16u>, lob::v4::BookT<lob::ChecksumSink, 16u>, lob::v5::BookT<lob::ChecksumSink, 16u>, lob::v7::BookT<lob::ChecksumSink, 16u>, lob::v8::BookT<lob::ChecksumSink, 16u>, lob::v9::BookT<lob::ChecksumSink, 16u>, lob::v10::BookT<lob::ChecksumSink, 16u>, lob::v11::BookT<lob::ChecksumSink, 16u>, lob::v12::BookT<lob::ChecksumSink, 16u>, lob::v13::BookT<lob::ChecksumSink, 16u>, lob::v14::BookT<lob::ChecksumSink, 16u>, lob::v15::BookT<lob::ChecksumSink, 16u>, lob::v16::BookT<lob::ChecksumSink, 16u>, lob::v17::BookT<lob::ChecksumSink, 16u>, lob::v18::BookT<lob::ChecksumSink, 16u> >, (anonymous namespace)::with_version<(anonymous namespace)::cmd_replay((anonymous namespace)::Args const&)::$_0>(std::__1::basic_string_view<char, std::__1::char_traits<char> >, (anonymous namespace)::cmd_replay((anonymous namespace)::Args const&)::$_0&&)::{lambda<typename $T0>()#1}>((anonymous namespace)::with_version<(anonymous namespace)::cmd_replay((anonymous namespace)::Args const&)::$_0>(std::__1::basic_string_view<char, std::__1::char_traits<char> >, (anonymous namespace)::cmd_replay((anonymous namespace)::Args const&)::$_0&&)::{lambda<typename $T0>()#1}&&)::{lambda<unsigned long... $N0>(std::__1::integer_sequence<unsigned long, ($N0)...>)#1}::operator()<0ul, 1ul, 2ul, 3ul, 4ul, 5ul, 6ul, 7ul, 8ul, 9ul, 10ul, 11ul, 12ul, 13ul, 14ul, 15ul, 16ul, 17ul>(std::__1::integer_sequence<unsigned long, 0ul, 1ul, 2ul, 3ul, 4ul, 5ul, 6ul, 7ul, 8ul, 9ul, 10ul, 11ul, 12ul, 13ul, 14ul, 15ul, 16ul, 17ul>) const
388 5 0 0 1 0 0 0 0 0
449 1 0 0 1 1 1 0 0 0
fn=lob::v17::BookT<lob::ChecksumSink, 16u>::modify(unsigned long, long, unsigned int)
407 66712 1 1 16678 0 0 0 0 0
411 169554 0 0 56518 0 0 0 0 0
fn=lob::v17::BookT<lob::ChecksumSink, 16u>::remove_from_level(lob::v17::BookT<lob::ChecksumSink, 16u>::Loc const&)
407 89760 0 0 22440 0 0 0 0 0
fn=unsigned int lob::v17::BookT<lob::ChecksumSink, 16u>::match<(lob::Side)0>(unsigned long, long, unsigned int)
407 113978 1 1 49186 0 0 0 0 0
fn=unsigned int lob::v17::BookT<lob::ChecksumSink, 16u>::match<(lob::Side)1>(unsigned long, long, unsigned int)
407 112769 0 0 48687 0 0 0 0 0
fn=void lob::replay<lob::v17::BookT<lob::ChecksumSink, 16u> >(lob::v17::BookT<lob::ChecksumSink, 16u>&, std::__1::span<lob::Op const, 18446744073709551615ul>)
0 35946 0 0 16 0 0 48 0 0
388 53823 1 1 17941 0 0 0 0 0
391 16 0 0 0 0 0 0 0 0
407 3596468 2 2 448456 0 0 0 0 0
475 17925 0 0 0 0 0 0 0 0
844 32 0 0 0 0 0 0 0 0
902 48 0 0 0 0 0 0 0 0
905 128 2 1 0 0 0 0 0 0
1128 16 1 1 0 0 0 0 0 0
1131 32 0 0 0 0 0 0 0 0
1146 71764 0 0 17941 0 0 17941 0 0
1149 17925 0 0 0 0 0 0 0 0
1152 17941 0 0 0 0 0 17941 0 0
fl=/usr/include/c++/v1/map
fn=unsigned int lob::v17::BookT<lob::ChecksumSink, 16u>::match<(lob::Side)0>(unsigned long, long, unsigned int)
1031 31732 0 0 15866 0 0 0 0 0
fn=unsigned int lob::v17::BookT<lob::ChecksumSink, 16u>::match<(lob::Side)1>(unsigned long, long, unsigned int)
1031 31170 0 0 15585 0 0 0 0 0
fl=???
fn=???
0 246 15 15 158 89 12 10 0 0
fn=operator delete(void*)
0 100 0 0 20 0 0 20 0 0
fn=operator delete(void*, std::align_val_t)
0 25 1 1 5 0 0 5 0 0
fn=operator delete(void*, unsigned long)
0 75 1 1 15 0 0 15 0 0
fn=operator delete[](void*)
0 25 0 0 5 0 0 5 0 0
fn=operator new(unsigned long)
0 357 3 2 63 0 0 84 1 1
fn=operator new(unsigned long, std::align_val_t)
0 135 3 3 20 0 0 20 0 0
fn=operator new[](unsigned long)
0 25 0 0 5 0 0 5 0 0
summary: 166645197 391 349 41116711 1897674 375211 20443014 1507384 39479
