==81094== Cachegrind, a high-precision tracing profiler
==81094== Copyright (C) 2002-2017, and GNU GPL'd, by Nicholas Nethercote et al.
==81094== Using Valgrind-3.22.0 and LibVEX; rerun with -h for copyright info
==81094== Command: /home/wang/sources/cxx/book/build/profile/book replay --workload data/itch12302019_SPY.ops --version v13
==81094== 
==81094== 
==81094== I refs:        408,487,812
==81094== I1  misses:            232
==81094== LLi misses:            232
==81094== I1  miss rate:        0.00%
==81094== LLi miss rate:        0.00%
==81094== 
==81094== D refs:        148,751,014  (109,394,067 rd   + 39,356,947 wr)
==81094== D1  misses:      1,589,873  (  1,060,730 rd   +    529,143 wr)
==81094== LLd misses:        855,861  (    846,463 rd   +      9,398 wr)
==81094== D1  miss rate:         1.1% (        1.0%     +        1.3%  )
==81094== LLd miss rate:         0.6% (        0.8%     +        0.0%  )
==81094== 
==81094== LL refs:         1,590,105  (  1,060,962 rd   +    529,143 wr)
==81094== LL misses:         856,093  (    846,695 rd   +      9,398 wr)
==81094== LL miss rate:          0.2% (        0.2%     +        0.0%  )
