desc: I1 cache:         32768 B, 64 B, 8-way associative
desc: D1 cache:         49152 B, 64 B, 12-way associative
desc: LL cache:         6291456 B, 64 B, 12-way associative
cmd: /home/wang/sources/cxx/book/build/profile/book replay --workload data/syn_deep_s42.ops --version v19
events: Ir I1mr ILmr Dr D1mr DLmr Dw D1mw DLmw 
fl=./elf/../sysdeps/generic/dl-new-hash.h
fn=_dl_lookup_symbol_x
69 5 0 0 0 0 0 0 0 0
70 10 0 0 0 0 0 0 0 0
74 26 0 0 26 4 4 0 0 0
77 52 0 0 0 0 0 0 0 0
80 23 0 0 23 0 0 0 0 0
81 46 0 0 0 0 0 0 0 0
87 2 1 1 0 0 0 0 0 0
88 2 0 0 0 0 0 0 0 0
89 4 0 0 0 0 0 0 0 0
90 2 0 0 0 0 0 0 0 0
99 21 0 0 0 0 0 0 0 0
101 21 0 0 0 0 0 0 0 0
102 42 0 0 0 0 0 0 0 0
104 21 1 1 0 0 0 0 0 0
105 21 0 0 0 0 0 0 0 0
fl=./elf/../sysdeps/generic/dl-protected.h
fn=do_lookup_x
29 20 0 0 0 0 0 0 0 0
fl=./elf/../sysdeps/generic/ldsodefs.h
fn=do_lookup_x
139 10 0 0 5 0 0 0 0 0
140 15 0 0 0 0 0 0 0 0
fl=./elf/../sysdeps/x86_64/dl-machine.h
fn=_dl_fixup
234 5 0 0 0 0 0 5 0 0
fl=./elf/../sysdeps/x86_64/dl-runtime.h
fn=_dl_fixup
28 5 0 0 0 0 0 0 0 0
fl=./elf/../sysdeps/x86_64/dl-trampoline.h
fn=_dl_runtime_resolve_xsave
71 5 1 1 0 0 0 0 0 0
76 5 0 0 0 0 0 5 0 0
79 5 0 0 0 0 0 0 0 0
81 5 0 0 0 0 0 0 0 0
91 5 0 0 5 2 1 0 0 0
97 5 0 0 0 0 0 5 2 1
98 5 0 0 0 0 0 5 0 0
99 5 1 1 0 0 0 5 0 0
100 5 0 0 0 0 0 5 0 0
101 5 0 0 0 0 0 5 0 0
102 5 0 0 0 0 0 5 0 0
103 5 0 0 0 0 0 5 0 0
107 5 0 0 0 0 0 0 0 0
108 5 0 0 0 0 0 0 0 0
111 5 0 0 0 0 0 5 2 0
112 5 0 0 0 0 0 5 0 0
114 5 0 0 0 0 0 5 0 0
115 5 0 0 0 0 0 5 0 0
116 5 1 1 0 0 0 5 0 0
117 5 0 0 0 0 0 5 0 0
118 5 0 0 0 0 0 5 0 0
119 5 0 0 0 0 0 5 0 0
121 5 0 0 5 0 0 165 16 8
128 5 0 0 5 0 0 0 0 0
129 5 0 0 5 0 0 0 0 0
130 5 0 0 0 0 0 5 2 1
131 5 0 0 0 0 0 0 0 0
136 5 0 0 0 0 0 0 0 0
137 5 0 0 0 0 0 0 0 0
138 5 0 0 180 0 0 0 0 0
140 5 1 1 5 0 0 0 0 0
141 5 0 0 5 0 0 0 0 0
142 5 0 0 5 0 0 0 0 0
143 5 0 0 5 0 0 0 0 0
144 5 0 0 5 0 0 0 0 0
145 5 0 0 5 0 0 0 0 0
146 5 0 0 5 0 0 0 0 0
148 5 0 0 0 0 0 0 0 0
150 5 0 0 5 0 0 0 0 0
154 5 0 0 0 0 0 0 0 0
156 5 0 0 0 0 0 0 0 0
fl=./elf/./elf/dl-lookup.c
fn=_dl_lookup_symbol_x
772 65 2 2 0 0 0 45 6 3
774 10 0 0 0 0 0 5 0 0
775 20 0 0 0 0 0 5 0 0
778 5 0 0 5 2 1 0 0 0
782 12 0 0 1 0 0 0 0 0
785 10 1 1 5 0 0 0 0 0
787 10 0 0 10 0 0 0 0 0
791 70 0 0 0 0 0 15 0 0
792 85 2 2 35 0 0 35 2 1
797 25 0 0 10 0 0 0 0 0
816 5 0 0 0 0 0 5 0 0
820 10 0 0 5 0 0 0 0 0
821 35 0 0 5 0 0 0 0 0
828 5 0 0 5 0 0 0 0 0
856 20 1 1 5 0 0 0 0 0
870 15 0 0 5 3 2 0 0 0
873 10 0 0 5 0 0 0 0 0
890 20 0 0 5 0 0 0 0 0
892 45 1 1 35 0 0 0 0 0
fn=check_match
70 75 1 1 10 4 4 30 2 2
73 40 1 1 10 0 0 0 0 0
86 25 0 0 0 0 0 0 0 0
89 34 1 1 8 0 0 4 0 0
93 5 0 0 5 3 2 0 0 0
94 10 0 0 0 0 0 0 0 0
96 2 0 0 0 0 0 0 0 0
115 2 0 0 2 1 1 0 0 0
116 8 0 0 3 1 1 0 0 0
117 5 1 1 2 0 0 1 0 0
144 8 1 1 0 0 0 0 0 0
146 24 0 0 8 3 3 0 0 0
147 16 1 1 0 0 0 0 0 0
161 5 0 0 0 0 0 0 0 0
162 40 0 0 35 0 0 0 0 0
fn=do_lookup_x
347 70 2 2 10 0 0 50 4 2
348 5 0 0 5 2 1 0 0 0
353 5 0 0 0 0 0 0 0 0
354 5 0 0 5 0 0 0 0 0
358 46 1 1 46 15 9 0 0 0
361 46 0 0 0 0 0 0 0 0
365 56 0 0 5 0 0 0 0 0
386 46 1 1 23 9 6 0 0 0
390 46 0 0 23 2 1 0 0 0
396 69 0 0 23 9 6 0 0 0
400 23 0 0 0 0 0 23 0 0
401 23 0 0 0 0 0 23 0 0
404 115 0 0 69 18 12 0 0 0
405 69 1 1 46 7 5 0 0 0
408 23 0 0 23 0 0 0 0 0
409 46 0 0 0 0 0 0 0 0
411 23 0 0 23 15 11 0 0 0
412 15 0 0 0 0 0 5 0 0
413 46 0 0 46 0 0 0 0 0
415 35 1 1 5 0 0 10 0 0
416 92 0 0 46 0 0 0 0 0
419 161 0 0 23 0 0 0 0 0
422 10 0 0 10 5 5 0 0 0
423 15 1 1 5 0 0 0 0 0
424 10 0 0 0 0 0 0 0 0
426 10 0 0 5 0 0 0 0 0
429 40 1 1 8 5 5 0 0 0
431 15 0 0 5 0 0 0 0 0
432 125 2 2 35 0 0 65 4 2
433 10 0 0 0 0 0 0 0 0
436 15 0 0 0 0 0 0 0 0
439 9 0 0 0 0 0 0 0 0
461 40 1 1 30 0 0 0 0 0
476 10 1 1 0 0 0 0 0 0
483 24 0 0 5 0 0 0 0 0
487 12 1 1 4 2 1 0 0 0
499 10 0 0 5 0 0 5 0 0
500 5 0 0 0 0 0 5 0 0
501 5 0 0 0 0 0 0 0 0
518 54 0 0 0 0 0 0 0 0
522 40 0 0 35 0 0 0 0 0
fl=./elf/./elf/dl-runtime.c
fn=_dl_fixup
46 55 2 2 0 0 0 30 0 0
48 25 0 0 20 8 4 0 0 0
49 15 1 1 10 2 1 0 0 0
54 5 0 0 5 3 2 0 0 0
55 20 0 0 5 3 2 0 0 0
56 35 0 0 5 5 5 5 2 1
58 10 0 0 5 2 2 0 0 0
63 10 0 0 0 0 0 0 0 0
67 10 0 0 5 5 5 0 0 0
69 9 0 0 0 0 0 0 0 0
71 15 1 1 5 3 2 0 0 0
75 15 0 0 10 8 7 0 0 0
76 20 0 0 5 0 0 0 0 0
77 15 0 0 5 3 2 0 0 0
84 5 1 1 0 0 0 0 0 0
85 15 0 0 5 0 0 0 0 0
95 55 0 0 10 3 2 15 0 0
99 25 1 1 15 0 0 0 0 0
109 50 0 0 20 0 0 5 0 0
124 20 1 1 5 0 0 0 0 0
133 15 0 0 5 2 1 0 0 0
159 15 0 0 5 0 0 0 0 0
163 40 1 1 35 0 0 0 0 0
fl=./malloc/./malloc/arena.c
fn=_mid_memalign.isra.0
153 14 0 0 0 0 0 0 0 0
fn=free
153 48 0 0 0 0 0 0 0 0
fn=malloc
153 28 0 0 0 0 0 0 0 0
fl=./malloc/./malloc/malloc.c
fn=_int_free
1792 13 0 0 13 6 0 0 0 0
3163 6 1 1 3 0 0 3 0 0
3165 12 0 0 3 3 3 3 0 0
3166 3 0 0 0 0 0 3 0 0
3167 6 0 0 0 0 0 3 0 0
4495 112 1 1 0 0 0 64 0 0
4499 48 1 1 16 0 0 0 0 0
4505 64 0 0 0 0 0 0 0 0
4506 32 0 0 0 0 0 0 0 0
4510 80 0 0 0 0 0 0 0 0
4517 32 0 0 0 0 0 0 0 0
4518 96 1 1 48 7 0 0 0 0
4521 3 0 0 0 0 0 0 0 0
4527 9 0 0 6 3 1 0 0 0
4547 15 1 1 6 3 1 0 0 0
4550 3 0 0 0 0 0 0 0 0
4561 26 0 0 0 0 0 0 0 0
4637 26 0 0 13 0 0 0 0 0
4640 26 0 0 13 7 0 0 0 0
4643 26 1 1 0 0 0 0 0 0
4646 26 0 0 0 0 0 0 0 0
4658 83 1 1 67 0 0 0 0 0
fn=_int_free_maybe_consolidate
4770 187 1 1 17 6 0 119 2 0
4776 34 0 0 0 0 0 0 0 0
4778 20 0 0 5 0 0 0 0 0
4781 15 0 0 0 0 0 0 0 0
4784 25 2 2 15 5 1 0 0 0
4798 187 1 1 153 0 0 0 0 0
fn=_int_free_merge_chunk
1992 45 0 0 15 0 0 0 0 0
4665 120 1 1 0 0 0 90 0 0
4666 15 0 0 0 0 0 0 0 0
4670 90 0 0 15 7 0 0 0 0
4673 60 1 1 15 7 0 0 0 0
4675 45 1 1 15 11 0 0 0 0
4678 45 0 0 15 6 0 0 0 0
4681 30 0 0 0 0 0 0 0 0
4682 30 0 0 0 0 0 0 0 0
4683 30 0 0 15 11 0 0 0 0
4689 30 1 1 15 0 0 0 0 0
4691 4 0 0 4 0 0 0 0 0
4692 4 0 0 0 0 0 0 0 0
4693 4 0 0 0 0 0 0 0 0
4694 16 0 0 4 2 1 0 0 0
4696 8 0 0 0 0 0 4 1 0
4701 45 0 0 0 0 0 0 0 0
4702 105 0 0 90 0 0 0 0 0
4714 30 0 0 15 0 0 0 0 0
4720 24 0 0 12 6 0 0 0 0
4721 12 1 1 0 0 0 6 1 0
4722 12 0 0 0 0 0 0 0 0
4724 6 0 0 6 0 0 0 0 0
4732 12 0 0 0 0 0 0 0 0
4733 48 1 1 12 0 0 0 0 0
4734 24 0 0 12 1 0 0 0 0
4736 12 0 0 0 0 0 12 2 0
4738 24 0 0 0 0 0 0 0 0
4740 30 0 0 0 0 0 10 0 0
4743 12 0 0 0 0 0 12 0 0
4744 12 0 0 0 0 0 12 0 0
4746 36 0 0 0 0 0 12 0 0
4747 12 1 1 0 0 0 12 0 0
4756 3 0 0 0 0 0 0 0 0
4757 9 0 0 0 0 0 3 0 0
4758 6 0 0 0 0 0 3 0 0
fn=_int_malloc
1326 42 0 0 0 0 0 0 0 0
1345 126 0 0 0 0 0 0 0 0
1794 21 1 1 21 0 0 0 0 0
1985 21 0 0 7 0 0 0 0 0
2008 8 0 0 2 0 0 0 0 0
2552 42 1 1 14 14 1 14 2 0
2553 2 1 1 0 0 0 2 0 0
2564 14 1 1 7 5 0 0 0 0
2565 15 0 0 10 0 0 0 0 0
2568 20 0 0 5 0 0 0 0 0
2576 30 0 0 5 0 0 10 1 0
2577 10 0 0 0 0 0 0 0 0
2589 8 0 0 2 0 0 2 0 0
2590 4 0 0 0 0 0 2 0 0
2599 24 1 1 6 0 0 0 0 0
2605 6 0 0 4 0 0 0 0 0
2608 6 1 1 0 0 0 0 0 0
2669 6 1 1 2 0 0 2 0 0
2677 4 0 0 2 0 0 0 0 0
2678 6 0 0 2 0 0 2 0 0
2691 6 1 1 2 0 0 0 0 0
2693 2 0 0 2 0 0 0 0 0
2699 10 0 0 2 0 0 2 0 0
2707 4 0 0 0 0 0 0 0 0
2709 8 2 2 0 0 0 4 0 0
2710 6 0 0 2 0 0 0 0 0
2711 2 0 0 0 0 0 0 0 0
2712 2 0 0 0 0 0 0 0 0
2715 4 0 0 0 0 0 0 0 0
2744 14 1 1 6 0 0 0 0 0
2746 4 1 1 0 0 0 2 0 0
2752 16 0 0 2 0 0 0 0 0
2753 12 0 0 2 0 0 2 0 0
2921 6 1 1 4 0 0 0 0 0
2922 2 0 0 0 0 0 2 0 0
2926 2 0 0 2 0 0 0 0 0
2930 10 1 1 4 0 0 0 0 0
2932 2 0 0 0 0 0 0 0 0
2933 2 0 0 0 0 0 0 0 0
2934 2 0 0 0 0 0 2 0 0
2935 14 0 0 0 0 0 2 0 0
2936 4 0 0 0 0 0 2 2 2
2938 2 0 0 0 0 0 0 0 0
3846 231 2 2 21 12 1 147 6 0
3887 42 0 0 0 0 0 0 0 0
3914 42 0 0 0 0 0 0 0 0
3977 42 1 1 0 0 0 0 0 0
3979 6 0 0 0 0 0 0 0 0
3980 2 1 1 0 0 0 0 0 0
3982 3 0 0 1 1 1 0 0 0
4039 340 1 1 0 0 0 0 0 0
4040 60 1 1 20 12 1 0 0 0
4058 63 1 1 21 0 0 0 0 0
4059 63 0 0 0 0 0 21 12 1
4060 63 0 0 42 13 2 0 0 0
4069 28 0 0 0 0 0 14 0 0
4070 163 1 1 40 12 1 21 0 0
4072 19 0 0 19 2 0 0 0 0
4073 38 0 0 19 6 0 0 0 0
4074 19 0 0 0 0 0 0 0 0
4076 38 0 0 0 0 0 0 0 0
4077 57 1 1 19 6 0 0 0 0
4079 19 0 0 19 7 0 0 0 0
4080 76 0 0 0 0 0 0 0 0
4082 76 0 0 19 0 0 0 0 0
4084 38 1 1 19 1 0 0 0 0
4085 38 0 0 19 0 0 0 0 0
4087 38 0 0 0 0 0 0 0 0
4098 76 0 0 0 0 0 0 0 0
4099 2 1 1 1 0 0 0 0 0
4127 19 0 0 0 0 0 19 0 0
4128 19 0 0 0 0 0 19 0 0
4132 38 0 0 0 0 0 0 0 0
4161 40 2 2 0 0 0 0 0 0
4163 6 1 1 0 0 0 3 0 0
4164 12 0 0 0 0 0 0 0 0
4165 3 0 0 3 3 1 0 0 0
4169 259 4 4 0 0 0 16 0 0
4170 48 1 1 0 0 0 0 0 0
4171 16 0 0 16 13 4 0 0 0
4174 32 0 0 0 0 0 0 0 0
4218 64 0 0 0 0 0 16 1 0
4221 133 1 1 38 7 0 0 0 0
4222 19 0 0 0 0 0 19 0 0
4223 19 0 0 0 0 0 19 0 0
4224 19 0 0 0 0 0 19 0 0
4225 19 0 0 0 0 0 19 0 0
4230 38 0 0 38 0 0 0 0 0
4231 38 0 0 0 0 0 0 0 0
4240 76 1 1 38 0 0 0 0 0
4246 28 0 0 0 0 0 0 0 0
4257 63 1 1 0 0 0 0 0 0
4259 80 0 0 0 0 0 0 0 0
4262 60 0 0 20 14 6 0 0 0
4263 22 1 1 1 0 0 0 0 0
4266 1 0 0 1 0 0 0 0 0
4267 6 0 0 1 0 0 0 0 0
4273 2 1 1 1 0 0 0 0 0
4278 3 0 0 0 0 0 1 0 0
4279 3 0 0 0 0 0 2 1 0
4282 4 0 0 2 0 0 0 0 0
4291 1 0 0 0 0 0 0 0 0
4295 4 1 1 1 0 0 0 0 0
4296 2 0 0 1 0 0 0 0 0
4299 1 0 0 0 0 0 1 1 0
4300 1 0 0 0 0 0 1 0 0
4301 1 0 0 0 0 0 1 0 0
4302 2 0 0 0 0 0 0 0 0
4307 8 1 1 0 0 0 1 0 0
4309 3 0 0 0 0 0 1 0 0
4310 1 0 0 0 0 0 1 0 0
4313 1 0 0 0 0 0 0 0 0
4330 20 0 0 0 0 0 0 0 0
4331 40 0 0 0 0 0 0 0 0
4332 40 0 0 0 0 0 0 0 0
4333 40 0 0 20 6 1 0 0 0
4334 120 0 0 0 0 0 0 0 0
4339 79 1 1 0 0 0 0 0 0
4343 53 2 2 0 0 0 0 0 0
4346 16 1 1 4 0 0 0 0 0
4348 8 0 0 0 0 0 0 0 0
4349 4 0 0 0 0 0 0 0 0
4353 112 0 0 0 0 0 0 0 0
4355 48 0 0 0 0 0 0 0 0
4357 96 0 0 0 0 0 0 0 0
4361 8 0 0 8 7 0 0 0 0
4364 16 0 0 0 0 0 0 0 0
4366 5 0 0 0 0 0 1 0 0
4367 1 0 0 0 0 0 0 0 0
4368 1 0 0 0 0 0 0 0 0
4373 28 0 0 7 6 0 0 0 0
4376 14 0 0 0 0 0 0 0 0
4378 21 1 1 0 0 0 7 0 0
4381 21 0 0 0 0 0 14 1 0
4384 28 0 0 14 0 0 0 0 0
4394 7 0 0 0 0 0 0 0 0
4399 28 0 0 7 0 0 0 0 0
4400 14 1 1 7 0 0 0 0 0
4403 7 0 0 0 0 0 7 7 0
4404 7 0 0 0 0 0 7 0 0
4405 7 0 0 0 0 0 7 0 0
4408 14 0 0 0 0 0 0 0 0
4410 14 0 0 0 0 0 0 0 0
4412 14 0 0 0 0 0 7 3 0
4415 56 1 1 0 0 0 7 0 0
4417 21 0 0 0 0 0 7 1 0
4418 7 0 0 0 0 0 7 0 0
4421 7 0 0 0 0 0 0 0 0
4443 13 1 1 13 0 0 0 0 0
4444 26 0 0 13 5 0 0 0 0
4446 26 0 0 13 2 1 0 0 0
4449 39 0 0 0 0 0 0 0 0
4451 6 0 0 0 0 0 0 0 0
4452 12 1 1 0 0 0 0 0 0
4453 6 0 0 0 0 0 6 0 0
4454 48 1 1 0 0 0 6 0 0
4456 12 0 0 0 0 0 6 6 5
4459 14 0 0 0 0 0 0 0 0
4460 42 0 0 0 0 0 14 3 1
4461 14 0 0 0 0 0 0 0 0
4466 28 0 0 7 0 0 7 0 0
4482 12 0 0 0 0 0 0 0 0
4487 252 2 2 189 0 0 0 0 0
fn=_int_memalign
1326 14 0 0 0 0 0 0 0 0
1345 56 1 1 0 0 0 0 0 0
4714 4 0 0 0 0 0 0 0 0
4756 2 1 1 0 0 0 0 0 0
4757 6 0 0 0 0 0 2 1 1
4758 4 0 0 0 0 0 2 0 0
5039 56 1 1 0 0 0 42 3 1
5069 28 0 0 0 0 0 14 0 0
5071 21 0 0 7 0 0 0 0 0
5074 7 0 0 0 0 0 0 0 0
5076 28 0 0 0 0 0 0 0 0
5083 35 1 1 0 0 0 0 0 0
5085 28 0 0 0 0 0 0 0 0
5086 1 0 0 0 0 0 0 0 0
5089 2 0 0 0 0 0 0 0 0
5090 28 0 0 7 0 0 0 0 0
5093 14 0 0 0 0 0 0 0 0
5095 10 0 0 5 0 0 5 0 0
5096 10 0 0 0 0 0 5 0 0
5097 5 0 0 0 0 0 0 0 0
5101 20 1 1 0 0 0 4 1 1
5103 2 0 0 2 0 0 0 0 0
5104 10 0 0 2 0 0 2 0 0
5105 4 0 0 0 0 0 2 0 0
5106 2 0 0 0 0 0 0 0 0
5108 18 1 1 2 0 0 0 0 0
5113 6 0 0 2 0 0 0 0 0
5115 4 0 0 0 0 0 0 0 0
5116 2 0 0 0 0 0 0 0 0
5117 4 0 0 2 0 0 0 0 0
5118 4 0 0 0 0 0 0 0 0
5120 2 0 0 0 0 0 0 0 0
5121 4 0 0 0 0 0 0 0 0
5122 2 1 1 2 0 0 0 0 0
5129 2 0 0 0 0 0 0 0 0
5130 6 2 2 0 0 0 2 0 0
5134 6 1 1 0 0 0 2 0 0
5140 2 0 0 0 0 0 0 0 0
5141 63 0 0 49 0 0 0 0 0
fn=_mid_memalign.isra.0
1326 14 0 0 0 0 0 0 0 0
1345 35 0 0 0 0 0 0 0 0
3575 49 1 1 0 0 0 28 2 1
3581 14 1 1 0 0 0 0 0 0
3585 14 0 0 0 0 0 0 0 0
3590 21 2 2 0 0 0 0 0 0
3598 21 0 0 0 0 0 0 0 0
3615 21 0 0 0 0 0 0 0 0
3617 14 1 1 7 7 1 0 0 0
3638 14 0 0 7 7 1 0 0 0
3640 35 1 1 0 0 0 7 0 0
3641 35 1 1 7 0 0 0 0 0
3643 14 1 1 0 0 0 0 0 0
3662 42 0 0 35 0 0 0 0 0
fn=aligned_alloc
3556 49 1 1 0 0 0 21 0 0
3557 14 0 0 7 6 1 0 0 0
3564 35 0 0 0 0 0 0 0 0
3571 21 0 0 0 0 0 0 0 0
3572 21 1 1 21 0 0 0 0 0
fn=alloc_perturb
1985 42 1 1 14 0 0 0 0 0
1987 14 0 0 14 0 0 0 0 0
fn=free
3359 140 2 2 0 0 0 80 0 0
3363 40 0 0 0 0 0 0 0 0
3371 40 0 0 40 26 2 0 0 0
3373 20 0 0 0 0 0 0 0 0
3375 60 0 0 20 19 1 0 0 0
3379 12 1 1 4 0 0 0 0 0
3381 16 0 0 4 3 0 0 0 0
3383 8 0 0 0 0 0 4 0 0
3384 8 0 0 0 0 0 4 0 0
3385 4 0 0 0 0 0 0 0 0
3388 8 0 0 0 0 0 4 0 0
3392 48 0 0 32 14 0 0 0 0
3398 48 1 1 0 0 0 16 6 0
3401 20 0 0 0 0 0 20 0 0
3402 120 1 1 100 0 0 0 0 0
fn=malloc
1326 28 0 0 0 0 0 0 0 0
1345 70 1 1 0 0 0 0 0 0
3294 112 1 1 0 0 0 56 6 0
3301 28 0 0 14 6 0 0 0 0
3311 28 0 0 0 0 0 0 0 0
3313 56 0 0 28 12 0 0 0 0
3316 28 0 0 14 6 0 0 0 0
3318 6 1 1 2 2 2 0 0 0
3326 28 1 1 14 6 0 0 0 0
3328 56 1 1 0 0 0 14 0 0
3329 70 1 1 14 0 0 0 0 0
3354 84 1 1 70 0 0 0 0 0
fn=munmap_chunk
3024 8 1 1 0 0 0 4 0 0
3025 8 0 0 8 8 0 0 0 0
3026 12 0 0 4 0 0 0 0 0
3028 8 0 0 0 0 0 0 0 0
3030 4 0 0 0 0 0 0 0 0
3031 12 0 0 4 0 0 0 0 0
3032 4 0 0 0 0 0 0 0 0
3038 16 0 0 0 0 0 0 0 0
3039 20 1 1 0 0 0 0 0 0
3042 4 0 0 8 0 0 0 0 0
3043 12 0 0 8 0 0 0 0 0
3048 8 0 0 0 0 0 0 0 0
3049 4 0 0 4 0 0 0 0 0
fn=sysmalloc_mmap.isra.0
2008 20 0 0 5 0 0 0 0 0
2400 30 1 1 0 0 0 20 0 0
2413 15 0 0 0 0 0 0 0 0
2418 10 0 0 0 0 0 0 0 0
2421 50 1 1 0 0 0 5 0 0
2424 10 1 1 0 0 0 0 0 0
2428 10 0 0 0 0 0 0 0 0
2432 20 0 0 0 0 0 5 0 0
2448 15 0 0 0 0 0 0 0 0
2466 5 0 0 0 0 0 5 5 5
2467 15 1 1 0 0 0 5 0 0
2471 15 0 0 10 0 0 0 0 0
2472 19 0 0 7 0 0 0 0 0
2475 15 1 1 10 0 0 0 0 0
2476 25 0 0 10 0 0 0 0 0
2481 35 0 0 25 0 0 0 0 0
fn=unlink_chunk.isra.0
1608 36 1 1 0 0 0 18 0 0
1610 90 0 0 36 6 0 0 0 0
1613 36 0 0 36 2 0 0 0 0
1614 36 0 0 18 0 0 0 0 0
1616 72 2 2 36 7 0 0 0 0
1619 18 0 0 0 0 0 18 0 0
1620 18 0 0 0 0 0 18 0 0
1621 78 0 0 14 4 0 0 0 0
1623 28 0 0 14 0 0 0 0 0
1624 42 0 0 28 0 0 0 0 0
1627 28 0 0 14 3 1 0 0 0
1641 14 0 0 0 0 0 14 0 0
1642 14 0 0 0 0 0 14 0 0
1645 36 1 1 36 0 0 0 0 0
fl=./malloc/./malloc/morecore.c
fn=__glibc_morecore
25 6 1 1 0 0 0 2 0 0
26 4 0 0 2 0 0 0 0 0
29 2 0 0 0 0 0 2 0 0
30 4 0 0 0 0 0 0 0 0
34 4 0 0 4 0 0 0 0 0
fl=./misc/../sysdeps/unix/syscall-template.S
fn=munmap
117 20 2 2 0 0 0 0 0 0
122 4 0 0 4 0 0 0 0 0
fl=./misc/../sysdeps/unix/sysv/linux/brk.c
fn=brk
36 2 1 1 0 0 0 0 0 0
37 4 0 0 2 0 0 2 0 0
38 4 0 0 0 0 0 0 0 0
44 2 0 0 0 0 0 0 0 0
45 2 0 0 2 0 0 0 0 0
fl=./misc/../sysdeps/unix/sysv/linux/brk_call.h
fn=brk
24 4 0 0 0 0 0 0 0 0
fl=./misc/../sysdeps/unix/sysv/linux/mmap64.c
fn=mmap
47 35 1 1 0 0 0 15 5 0
50 10 0 0 0 0 0 0 0 0
53 35 1 1 0 0 0 0 0 0
58 30 1 1 0 0 0 0 0 0
60 20 0 0 20 0 0 0 0 0
fl=./misc/../sysdeps/unix/sysv/linux/setvmaname.c
fn=__set_vma_name
33 35 2 2 0 0 0 20 0 0
35 25 0 0 10 5 1 5 0 0
49 45 0 0 35 0 0 0 0 0
fl=./misc/./misc/sbrk.c
fn=sbrk
37 16 1 1 0 0 0 8 2 0
40 4 0 0 4 4 2 0 0 0
43 4 2 1 2 2 1 0 0 0
58 4 0 0 0 0 0 0 0 0
62 4 0 0 0 0 0 0 0 0
66 8 1 1 0 0 0 0 0 0
74 6 1 1 0 0 0 2 0 0
78 14 0 0 10 0 0 0 0 0
fl=./string/../sysdeps/x86_64/multiarch/../multiarch/strcmp-sse2.S
fn=strcmp
98 5 1 1 0 0 0 0 0 0
131 5 0 0 0 0 0 0 0 0
132 5 0 0 0 0 0 0 0 0
134 5 0 0 0 0 0 0 0 0
135 5 0 0 0 0 0 0 0 0
156 5 0 0 0 0 0 0 0 0
157 5 0 0 0 0 0 0 0 0
158 5 0 0 0 0 0 0 0 0
159 5 0 0 0 0 0 0 0 0
160 4 0 0 4 4 4 0 0 0
161 4 1 1 4 1 1 0 0 0
162 4 0 0 4 0 0 0 0 0
163 4 0 0 4 0 0 0 0 0
180 4 0 0 0 0 0 0 0 0
181 4 0 0 0 0 0 0 0 0
182 4 0 0 0 0 0 0 0 0
183 4 0 0 0 0 0 0 0 0
184 4 0 0 0 0 0 0 0 0
185 4 0 0 0 0 0 0 0 0
186 4 0 0 0 0 0 0 0 0
191 1 0 0 0 0 0 0 0 0
192 3 0 0 0 0 0 0 0 0
201 2 1 1 0 0 0 0 0 0
202 2 0 0 0 0 0 0 0 0
203 2 0 0 0 0 0 0 0 0
204 2 0 0 0 0 0 0 0 0
205 2 0 0 0 0 0 0 0 0
206 2 0 0 0 0 0 0 0 0
207 2 0 0 0 0 0 0 0 0
208 2 0 0 0 0 0 0 0 0
209 1 0 0 0 0 0 0 0 0
214 1 0 0 0 0 0 0 0 0
215 1 0 0 0 0 0 0 0 0
216 1 0 0 0 0 0 0 0 0
217 1 0 0 1 1 1 0 0 0
218 1 0 0 0 0 0 0 0 0
219 1 0 0 0 0 0 0 0 0
229 1 1 1 1 0 0 0 0 0
230 1 0 0 0 0 0 0 0 0
231 1 0 0 0 0 0 0 0 0
233 1 0 0 1 1 1 0 0 0
239 1 0 0 0 0 0 0 0 0
240 1 0 0 0 0 0 0 0 0
241 1 0 0 0 0 0 0 0 0
242 1 0 0 0 0 0 0 0 0
243 1 0 0 0 0 0 0 0 0
248 1 0 0 0 0 0 0 0 0
250 1 0 0 0 0 0 0 0 0
251 1 0 0 0 0 0 0 0 0
252 2 0 0 0 0 0 0 0 0
260 1 1 1 1 0 0 0 0 0
261 1 0 0 1 1 1 0 0 0
264 1 0 0 0 0 0 0 0 0
265 1 0 0 0 0 0 0 0 0
266 1 0 0 0 0 0 0 0 0
267 1 0 0 0 0 0 0 0 0
268 1 0 0 0 0 0 0 0 0
269 1 0 0 0 0 0 0 0 0
1613 1 1 1 0 0 0 0 0 0
1614 1 0 0 1 0 0 0 0 0
1615 1 0 0 1 0 0 0 0 0
1616 1 0 0 0 0 0 0 0 0
1617 1 0 0 0 0 0 0 0 0
1619 1 0 0 0 0 0 0 0 0
1620 1 0 0 0 0 0 0 0 0
1621 1 1 1 0 0 0 0 0 0
1622 1 0 0 0 0 0 0 0 0
1623 1 0 0 0 0 0 0 0 0
1624 1 0 0 0 0 0 0 0 0
1625 1 0 0 0 0 0 0 0 0
2093 1 0 0 0 0 0 0 0 0
2095 2 1 1 0 0 0 0 0 0
2096 2 0 0 0 0 0 0 0 0
2097 2 0 0 0 0 0 0 0 0
2098 2 0 0 0 0 0 0 0 0
2104 5 1 1 0 0 0 0 0 0
2110 5 0 0 5 0 0 0 0 0
2111 5 0 0 5 0 0 0 0 0
2119 5 0 0 0 0 0 0 0 0
2120 5 0 0 5 0 0 0 0 0
fl=./string/../sysdeps/x86_64/multiarch/memset-vec-unaligned-erms.S
fn=__memset_avx2_unaligned_erms
158 7 1 1 0 0 0 0 0 0
159 14 0 0 0 0 0 0 0 0
164 7 0 0 0 0 0 0 0 0
165 7 0 0 0 0 0 0 0 0
166 7 0 0 0 0 0 0 0 0
167 7 0 0 0 0 0 0 0 0
168 7 0 0 0 0 0 0 0 0
237 7 1 1 7 7 1 0 0 0
238 7 0 0 0 0 0 0 0 0
244 3 0 0 0 0 0 3 0 0
245 3 0 0 0 0 0 3 1 0
257 3 0 0 0 0 0 0 0 0
260 3 0 0 0 0 0 0 0 0
261 3 0 0 0 0 0 0 0 0
273 3 0 0 0 0 0 3 1 0
274 3 0 0 0 0 0 3 2 1
287 3 0 0 0 0 0 0 0 0
288 3 0 0 0 0 0 0 0 0
290 3 0 0 0 0 0 0 0 0
293 3 0 0 0 0 0 0 0 0
296 3 0 0 0 0 0 0 0 0
299 24 1 1 0 0 0 24 2 2
300 24 0 0 0 0 0 24 21 1
301 24 0 0 0 0 0 24 3 3
302 24 0 0 0 0 0 24 20 0
303 24 0 0 0 0 0 0 0 0
304 24 0 0 0 0 0 0 0 0
305 27 0 0 0 0 0 0 0 0
308 3 0 0 0 0 0 3 0 0
309 3 0 0 0 0 0 3 1 0
310 3 0 0 0 0 0 3 0 0
311 3 0 0 0 0 0 3 0 0
314 6 0 0 3 0 0 0 0 0
325 4 1 1 0 0 0 0 0 0
326 4 0 0 0 0 0 0 0 0
327 4 0 0 0 0 0 0 0 0
328 61444 0 0 0 0 0 61440 956 519
329 4 0 0 0 0 0 0 0 0
330 8 0 0 4 0 0 0 0 0
fl=/home/wang/git-repositories/vcpkg/installed/x64-linux-clang-libcxx/include/boost/unordered/detail/foa/core.hpp
fn=lob::v19::OrderTable::grow()
1033 7 1 1 7 7 1 0 0 0
fl=/home/wang/git-repositories/vcpkg/installed/x64-linux-clang-libcxx/include/boost/unordered/detail/foa/table.hpp
fn=lob::v19::OrderTable::grow()
390 14 0 0 0 0 0 0 0 0
fl=/home/wang/sources/cxx/book/include/lob/events.hpp
fn=lob::v19::BookT<lob::ChecksumSink, 16u>::modify(unsigned long, long, unsigned int)
0 22440 1 1 0 0 0 22440 0 0
92 73196 0 0 73196 0 0 0 0 0
93 600802 2 2 95636 0 0 22440 0 0
fn=unsigned int lob::v19::BookT<lob::ChecksumSink, 16u>::match<(lob::Side)0>(unsigned long, long, unsigned int)
92 97188 0 0 32396 0 0 32396 0 0
93 421148 1 1 64792 0 0 32396 0 0
fn=unsigned int lob::v19::BookT<lob::ChecksumSink, 16u>::match<(lob::Side)1>(unsigned long, long, unsigned int)
92 96123 0 0 32041 0 0 32041 0 0
93 416533 1 1 64082 0 0 32041 0 0
fn=void lob::replay<lob::v19::BookT<lob::ChecksumSink, 16u> >(lob::v19::BookT<lob::ChecksumSink, 16u>&, std::__1::span<lob::Op const, 18446744073709551615ul>)
0 1835586 1 1 487278 0 0 430515 0 0
92 917793 0 0 917793 8 1 0 0 0
93 9348219 1 1 1348308 0 0 487278 0 0
fl=/home/wang/sources/cxx/book/include/lob/replay.hpp
fn=void lob::replay<lob::v19::BookT<lob::ChecksumSink, 16u> >(lob::v19::BookT<lob::ChecksumSink, 16u>&, std::__1::span<lob::Op const, 18446744073709551615ul>)
0 18 1 1 0 0 0 8 1 1
53 1000001 0 0 0 0 0 0 0 0
57 1 0 0 1 0 0 0 0 0
fl=/home/wang/sources/cxx/book/include/lob/v11/exact_div.hpp
fn=lob::v19::BookT<lob::ChecksumSink, 16u>::modify(unsigned long, long, unsigned int)
37 50034 1 1 33356 0 0 0 0 0
fn=void lob::replay<lob::v19::BookT<lob::ChecksumSink, 16u> >(lob::v19::BookT<lob::ChecksumSink, 16u>&, std::__1::span<lob::Op const, 18446744073709551615ul>)
37 1461834 0 0 974556 0 0 0 0 0
fl=/home/wang/sources/cxx/book/include/lob/v19/book.hpp
fn=lob::v19::BookT<lob::ChecksumSink, 16u>::anchor_if_on_tick(long)
405 3 0 0 0 0 0 1 0 0
406 1 0 0 0 0 0 1 0 0
623 10 1 1 1 0 0 0 0 0
624 1 0 0 1 0 0 0 0 0
fn=lob::v19::BookT<lob::ChecksumSink, 16u>::loc_of(unsigned int, unsigned long) const
365 113036 0 0 0 0 0 0 0 0
366 56518 0 0 0 0 0 0 0 0
382 282590 1 1 0 0 0 282590 0 0
383 56518 0 0 56518 0 0 0 0 0
384 169554 1 1 0 0 0 0 0 0
386 508662 0 0 282590 0 0 0 0 0
402 113036 1 1 113036 0 0 0 0 0
fn=lob::v19::BookT<lob::ChecksumSink, 16u>::modify(unsigned long, long, unsigned int)
0 714291 5 5 315832 0 0 163678 1 0
224 508662 2 2 0 0 0 339108 0 0
225 56518 0 0 0 0 0 0 0 0
226 113036 0 0 0 0 0 0 0 0
227 113036 0 0 0 0 0 0 0 0
228 113036 0 0 0 0 0 0 0 0
230 339108 0 0 0 0 0 169554 7 2
232 226072 0 0 0 0 0 0 0 0
233 34078 0 0 0 0 0 34078 0 0
234 34078 0 0 34078 0 0 0 0 0
237 22440 0 0 0 0 0 0 0 0
238 56518 0 0 56518 0 0 0 0 0
240 22440 1 1 22440 0 0 0 0 0
242 452144 0 0 395626 0 0 0 0 0
356 39118 0 0 0 0 0 0 0 0
363 150102 0 0 0 0 0 0 0 0
365 44880 0 0 0 0 0 0 0 0
399 33356 0 0 16678 0 0 0 0 0
400 50034 0 0 0 0 0 0 0 0
402 44880 0 0 44880 0 0 0 0 0
452 16678 1 1 16678 137 0 0 0 0
453 33356 0 0 0 0 0 0 0 0
456 33356 0 0 0 0 0 0 0 0
457 16678 0 0 0 0 0 0 0 0
458 16678 1 1 0 0 0 16678 1516 0
459 16678 0 0 0 0 0 16678 0 0
460 16678 0 0 0 0 0 16678 0 0
461 16678 0 0 0 0 0 16678 0 0
468 22440 0 0 0 0 0 0 0 0
469 22440 0 0 0 0 0 0 0 0
470 224400 0 0 0 0 0 0 0 0
471 201960 1 1 0 0 0 0 0 0
472 22440 0 0 0 0 0 22440 21828 0
473 44880 0 0 22440 0 0 22440 21799 0
481 22440 0 0 0 0 0 0 0 0
482 89760 1 1 0 0 0 0 0 0
483 44880 0 0 0 0 0 0 0 0
484 139794 1 1 0 0 0 0 0 0
485 44880 0 0 22440 0 0 0 0 0
486 22440 0 0 0 0 0 0 0 0
487 89760 0 0 0 0 0 0 0 0
488 44880 1 1 0 0 0 0 0 0
494 22440 0 0 0 0 0 0 0 0
495 5762 0 0 0 0 0 0 0 0
496 11716 0 0 5858 0 0 2929 0 0
498 11332 0 0 5666 0 0 2833 0 0
499 11524 1 1 5762 0 0 0 0 0
561 33356 0 0 16678 0 0 0 0 0
563 50034 0 0 0 0 0 50034 0 0
565 16678 0 0 0 0 0 0 0 0
566 50034 0 0 16678 0 0 0 0 0
567 16678 0 0 0 0 0 0 0 0
572 16678 0 0 16678 0 0 0 0 0
585 44880 0 0 0 0 0 0 0 0
588 112200 1 1 0 0 0 0 0 0
589 22440 0 0 22440 0 0 0 0 0
590 134640 1 1 0 0 0 0 0 0
fn=lob::v19::BookT<lob::ChecksumSink, 16u>::relink_after_grow()
431 28 1 1 14 7 0 0 0 0
433 651 0 0 217 36 0 217 0 0
434 651 0 0 217 0 0 217 0 0
438 109 0 0 0 0 0 0 0 0
440 7 0 0 0 0 0 0 0 0
441 7 0 0 0 0 0 0 0 0
443 7 0 0 7 0 0 0 0 0
fn=unsigned int lob::v19::BookT<lob::ChecksumSink, 16u>::match<(lob::Side)0>(unsigned long, long, unsigned int)
0 319312 3 3 80658 215 1 63464 0 0
402 31732 0 0 15866 0 0 0 0 0
468 16790 0 0 0 0 0 0 0 0
469 16790 1 1 0 0 0 0 0 0
470 151110 0 0 33580 0 0 0 0 0
471 117530 0 0 16790 0 0 0 0 0
472 16790 0 0 0 0 0 16790 0 0
473 16790 0 0 0 0 0 16790 16358 0
509 142794 3 1 0 0 0 126928 785 0
519 31732 0 0 0 0 0 0 0 0
522 47598 1 1 0 0 0 0 0 0
525 15866 0 0 0 0 0 0 0 0
530 15866 0 0 0 0 0 0 0 0
532 31732 0 0 15866 0 0 0 0 0
533 126928 1 1 31732 0 0 15866 0 0
534 129584 0 0 32396 0 0 0 0 0
537 97188 0 0 0 0 0 0 0 0
539 32396 1 1 32396 0 0 0 0 0
541 32396 0 0 0 0 0 32396 0 0
542 64792 0 0 0 0 0 0 0 0
544 33580 0 0 0 0 0 0 0 0
548 31732 0 0 15866 0 0 0 0 0
556 142794 1 1 111062 0 0 0 0 0
fn=unsigned int lob::v19::BookT<lob::ChecksumSink, 16u>::match<(lob::Side)1>(unsigned long, long, unsigned int)
0 345483 3 3 95252 206 0 77925 0 0
402 31170 0 0 15585 0 0 0 0 0
468 16646 0 0 0 0 0 0 0 0
469 16646 0 0 0 0 0 0 0 0
470 149814 0 0 33292 0 0 0 0 0
471 116522 1 1 16646 0 0 0 0 0
472 16646 0 0 0 0 0 16646 0 0
473 16646 0 0 0 0 0 16646 16179 0
509 140265 1 1 0 0 0 124680 769 0
519 31170 0 0 0 0 0 0 0 0
522 46755 0 0 0 0 0 0 0 0
525 15585 0 0 0 0 0 0 0 0
526 15585 0 0 0 0 0 0 0 0
530 15585 0 0 0 0 0 0 0 0
532 31170 0 0 15585 0 0 0 0 0
533 109095 1 1 46755 0 0 0 0 0
534 128164 0 0 32041 0 0 0 0 0
537 96123 1 1 0 0 0 0 0 0
539 32041 1 1 32041 0 0 0 0 0
541 32041 0 0 0 0 0 32041 0 0
542 64082 0 0 0 0 0 0 0 0
544 33292 0 0 0 0 0 0 0 0
548 31170 1 1 15585 0 0 0 0 0
556 140265 1 1 109095 0 0 0 0 0
fn=void lob::replay<lob::v19::BookT<lob::ChecksumSink, 16u> >(lob::v19::BookT<lob::ChecksumSink, 16u>&, std::__1::span<lob::Op const, 18446744073709551615ul>)
0 4033573 3 3 2405086 125000 125000 0 0 0
193 4886964 1 1 1000000 178572 178566 0 0 0
195 2051868 1 1 1538901 64348 64348 0 0 0
199 282590 0 0 113036 7087 7087 56518 3 2
205 512967 0 0 0 0 0 0 0 0
206 1456449 0 0 0 0 0 0 0 0
207 512967 0 0 0 0 0 512967 0 0
209 512967 0 0 0 0 0 0 0 0
210 28 1 1 0 0 0 21 0 0
211 1025934 1 1 512967 0 0 0 0 0
217 861030 1 1 0 0 0 0 0 0
218 1291545 0 0 861030 0 0 430515 0 0
221 430515 0 0 430515 0 0 0 0 0
356 2753379 1 1 0 0 0 0 0 0
363 4872780 0 0 0 0 0 0 0 0
365 861030 0 0 0 0 0 0 0 0
394 2 0 0 1 0 0 0 0 0
399 974556 0 0 487278 0 0 0 0 0
400 1461834 1 1 0 0 0 0 0 0
402 1025932 0 0 1025932 0 0 0 0 0
452 487278 0 0 487278 2154 10 0 0 0
453 974556 0 0 0 0 0 0 0 0
456 1461834 0 0 0 0 0 0 0 0
457 487278 0 0 0 0 0 0 0 0
458 487278 0 0 0 0 0 487278 20890 0
459 487278 0 0 0 0 0 487278 0 0
460 487278 0 0 0 0 0 487278 0 0
461 487278 1 1 0 0 0 487278 0 0
468 430515 0 0 0 0 0 0 0 0
469 861030 0 0 0 0 0 0 0 0
470 4735665 1 1 0 0 0 0 0 0
471 3874635 0 0 430515 0 0 0 0 0
472 430515 0 0 0 0 0 430515 419139 0
473 861030 1 1 0 0 0 430515 418731 0
482 1538901 0 0 0 0 0 0 0 0
483 1538898 0 0 0 0 0 0 0 0
484 3052113 0 0 0 0 0 25689 0 0
485 512967 1 1 512967 0 0 0 0 0
486 512967 0 0 0 0 0 0 0 0
487 2051864 0 0 0 0 0 0 0 0
488 1025934 1 1 0 0 0 0 0 0
494 512967 0 0 0 0 0 0 0 0
495 25689 0 0 0 0 0 0 0 0
496 12937 1 1 0 0 0 12937 0 0
498 12752 0 0 0 0 0 12752 0 0
499 77067 1 1 0 0 0 0 0 0
561 974561 1 1 487278 1 1 2 1 1
563 2436390 0 0 0 0 0 487278 0 0
565 487278 0 0 0 0 0 0 0 0
566 1461834 0 0 487278 0 0 0 0 0
567 487278 0 0 0 0 0 0 0 0
572 487278 0 0 487278 0 0 0 0 0
585 861030 1 1 0 0 0 0 0 0
588 2152575 0 0 861030 0 0 0 0 0
589 430515 0 0 430515 0 0 0 0 0
590 1722060 0 0 0 0 0 0 0 0
fl=/home/wang/sources/cxx/book/include/lob/v19/order_table.hpp
fn=lob::v19::BookT<lob::ChecksumSink, 16u>::loc_of(unsigned int, unsigned long) const
74 282590 0 0 56518 0 0 0 0 0
75 169554 0 0 0 0 0 0 0 0
fn=lob::v19::BookT<lob::ChecksumSink, 16u>::modify(unsigned long, long, unsigned int)
0 135498 1 1 22444 0 0 0 0 0
74 488488 3 3 163070 2 1 0 0 0
75 259428 0 0 0 0 0 0 0 0
88 169554 0 0 0 0 0 0 0 0
92 113052 0 0 0 0 0 0 0 0
93 16 0 0 8 0 0 0 0 0
129 5762 0 0 0 0 0 0 0 0
131 11524 0 0 0 0 0 0 0 0
132 5762 0 0 0 0 0 0 0 0
133 23048 0 0 11524 0 0 0 0 0
134 5762 0 0 0 0 0 5762 0 0
135 17286 0 0 5762 3392 0 0 0 0
136 11534 0 0 2 0 0 0 0 0
137 5762 0 0 5762 0 0 0 0 0
138 5762 0 0 0 0 0 0 0 0
163 305638 1 1 124560 0 0 0 0 0
165 30 0 0 0 0 0 0 0 0
167 56518 0 0 0 0 0 0 0 0
172 113068 1 1 0 0 0 0 0 0
174 113052 0 0 56526 54999 0 0 0 0
fn=lob::v19::BookT<lob::ChecksumSink, 16u>::relink_after_grow()
0 245 0 0 14 0 0 0 0 0
143 434 0 0 0 0 0 0 0 0
144 434 0 0 434 199 0 0 0 0
fn=lob::v19::OrderTable::grow()
0 292664 3 3 162574 3 0 0 0 0
144 64590 0 0 64590 47730 0 0 0 0
163 130048 0 0 32512 0 0 0 0 0
167 65024 0 0 0 0 0 0 0 0
184 32512 1 1 32512 989 0 0 0 0
185 162560 4 4 0 0 0 0 0 0
187 177342 1 1 0 0 0 32512 0 0
188 162560 0 0 32512 0 0 32512 31076 0
195 7 0 0 0 0 0 7 0 0
196 7 0 0 0 0 0 7 0 0
197 28 1 1 0 0 0 7 2 1
198 7 0 0 0 0 0 7 0 0
200 14 0 0 0 0 0 7 0 0
201 32589 1 1 0 0 0 0 0 0
202 65024 1 1 0 0 0 65024 65024 65024
203 65024 1 1 0 0 0 65024 0 0
207 56 2 1 0 0 0 49 0 0
210 7 0 0 7 0 0 0 0 0
211 7 0 0 0 0 0 0 0 0
212 28 0 0 0 0 0 7 0 0
213 97550 0 0 0 0 0 0 0 0
215 259623 0 0 64428 511 0 0 0 0
216 32512 1 1 32512 25555 0 0 0 0
218 227584 2 2 32512 0 0 32512 0 0
219 32512 0 0 0 0 0 32512 7858 0
222 260110 0 0 0 0 0 0 0 0
224 487680 0 0 97536 1009 0 0 0 0
226 130048 1 1 32512 30951 0 32512 0 0
227 130048 0 0 32512 0 0 32512 0 0
267 70 0 0 42 7 0 0 0 0
fn=unsigned int lob::v19::BookT<lob::ChecksumSink, 16u>::match<(lob::Side)0>(unsigned long, long, unsigned int)
0 113318 2 2 32658 0 0 0 0 0
74 197928 1 1 65976 0 0 0 0 0
75 113978 0 0 0 0 0 0 0 0
83 226772 1 1 64792 0 0 0 0 0
129 16790 0 0 0 0 0 0 0 0
131 33580 0 0 0 0 0 0 0 0
132 16790 1 1 0 0 0 0 0 0
133 67160 0 0 16790 0 0 0 0 0
134 16790 0 0 0 0 0 16790 0 0
135 67160 0 0 16790 9967 0 0 0 0
136 33592 1 1 2 1 0 0 0 0
137 16790 0 0 16790 0 0 0 0 0
163 67160 0 0 33580 0 0 0 0 0
165 8 0 0 0 0 0 0 0 0
fn=unsigned int lob::v19::BookT<lob::ChecksumSink, 16u>::match<(lob::Side)1>(unsigned long, long, unsigned int)
0 111898 1 1 32231 0 0 0 0 0
74 195999 2 2 65333 0 0 0 0 0
75 112769 0 0 0 0 0 0 0 0
83 224287 0 0 64082 0 0 0 0 0
129 16646 0 0 0 0 0 0 0 0
131 33292 1 1 0 0 0 0 0 0
132 16646 0 0 0 0 0 0 0 0
133 66584 0 0 16646 0 0 0 0 0
134 16646 0 0 0 0 0 16646 0 0
135 66584 0 0 16646 9973 0 0 0 0
136 33292 0 0 0 0 0 0 0 0
137 16646 0 0 16646 0 0 0 0 0
163 66584 1 1 33292 0 0 0 0 0
fn=void lob::replay<lob::v19::BookT<lob::ChecksumSink, 16u> >(lob::v19::BookT<lob::ChecksumSink, 16u>&, std::__1::span<lob::Op const, 18446744073709551615ul>)
0 3178721 2 2 943584 9 2 487285 0 0
74 12905865 3 3 2753379 3 0 0 0 0
75 2866905 0 0 0 0 0 0 0 0
88 861030 0 0 430515 0 0 0 0 0
92 861112 0 0 0 0 0 0 0 0
93 82 0 0 41 0 0 0 0 0
100 1538901 0 0 512967 1 1 0 0 0
101 1025934 1 1 0 0 0 512967 0 0
102 1538901 0 0 1025934 0 0 0 0 0
103 21 1 1 0 0 0 7 1 0
105 512967 0 0 0 0 0 512967 0 0
106 1025948 0 0 7 0 0 512967 0 0
129 481893 1 1 0 0 0 0 0 0
131 912408 1 1 0 0 0 0 0 0
132 456204 0 0 0 0 0 0 0 0
133 1368612 1 1 456204 0 0 0 0 0
134 456204 0 0 0 0 0 456204 0 0
135 1824816 0 0 456204 261841 0 0 0 0
136 912618 1 1 42 0 0 0 0 0
137 481893 1 1 456204 0 0 0 0 0
163 6972741 2 2 2286405 0 0 0 0 0
165 520 0 0 0 0 0 0 0 0
167 1456449 0 0 0 0 0 0 0 0
172 861235 1 1 0 0 0 0 0 0
174 861112 0 0 430556 419322 0 0 0 0
184 513014 0 0 513014 400884 5 0 0 0
185 2565023 1 1 0 0 0 0 0 0
187 2051868 0 0 0 0 0 512967 0 0
188 2051868 1 1 512967 0 0 512967 510474 222
191 141 0 0 47 46 0 0 0 0
fl=/home/wang/sources/cxx/book/include/lob/v3/hier_bitmap.hpp
fn=lob::v19::BookT<lob::ChecksumSink, 16u>::modify(unsigned long, long, unsigned int)
48 67320 0 0 44880 0 0 0 0 0
57 33356 0 0 0 0 0 0 0 0
58 50034 0 0 16678 1 0 0 0 0
59 50034 0 0 33356 0 0 33356 556 0
78 67320 0 0 22440 0 0 0 0 0
79 89760 0 0 44880 0 0 0 0 0
80 22440 0 0 0 0 0 0 0 0
95 112200 0 0 0 0 0 0 0 0
fn=lob::v19::BookT<lob::ChecksumSink, 16u>::relink_after_grow()
0 77 0 0 21 0 0 0 0 0
112 43008 0 0 0 0 0 0 0 0
113 43456 2 2 14336 1799 253 0 0 0
115 109 0 0 0 0 0 0 0 0
fn=unsigned int lob::v19::BookT<lob::ChecksumSink, 16u>::match<(lob::Side)0>(unsigned long, long, unsigned int)
0 15866 0 0 15866 0 0 0 0 0
48 47598 0 0 31732 0 0 0 0 0
95 79330 0 0 0 0 0 0 0 0
fn=unsigned int lob::v19::BookT<lob::ChecksumSink, 16u>::match<(lob::Side)1>(unsigned long, long, unsigned int)
48 46755 1 1 31170 0 0 0 0 0
95 77925 0 0 0 0 0 0 0 0
fn=void lob::replay<lob::v19::BookT<lob::ChecksumSink, 16u> >(lob::v19::BookT<lob::ChecksumSink, 16u>&, std::__1::span<lob::Op const, 18446744073709551615ul>)
0 3 0 0 0 0 0 0 0 0
48 1538901 0 0 1025934 9 2 0 0 0
57 974562 0 0 0 0 0 0 0 0
58 1461843 0 0 487281 38 6 0 0 0
59 1461852 1 1 974565 1 1 974562 7 1
78 1291545 0 0 430515 0 0 0 0 0
79 1291545 0 0 430515 25 0 0 0 0
80 430515 0 0 0 0 0 0 0 0
95 2564830 0 0 0 0 0 0 0 0
fl=/home/wang/sources/cxx/book/source/main.cxx
fn=auto lob::for_each_type<std::__1::tuple<lob::v0::Book<lob::ChecksumSink>, lob::v1::Book<lob::ChecksumSink>, lob::v2::Book<lob::ChecksumSink>, lob::v3::BookT<lob::ChecksumSink, 16u>, lob::v4::BookT<lob::ChecksumSink, 16u>, lob::v5::BookT<lob::ChecksumSink, 16u>, lob::v7::BookT<lob::ChecksumSink, 16u>, lob::v8::BookT<lob::ChecksumSink, 16u>, lob::v9::BookT<lob::ChecksumSink, 16u>, lob::v10::BookT<lob::ChecksumSink, 16u>, lob::v11::BookT<lob::ChecksumSink, 16u>, lob::v12::BookT<lob::ChecksumSink, 16u>, lob::v13::BookT<lob::ChecksumSink, 16u>, lob::v14::BookT<lob::ChecksumSink, 16u>, lob::v15::BookT<lob::ChecksumSink, 16u>, lob::v16::BookT<lob::ChecksumSink, 16u>, lob::v17::BookT<lob::ChecksumSink, 16u>, lob::v18::BookT<lob::ChecksumSink, 16u>, lob::v19::BookT<lob::ChecksumSink, 16u> >, (anonymous namespace)::with_version<(anonymous namespace)::cmd_replay((anonymous namespace)::Args const&)::$_0>(std::__1::basic_string_view<char, std::__1::char_traits<char> >, (anonymous namespace)::cmd_replay((anonymous namespace)::Args const&)::$_0&&)::{lambda<typename $T0>()#1}>((anonymous namespace)::with_version<(anonymous namespace)::cmd_replay((anonymous namespace)::Args const&)::$_0>(std::__1::basic_string_view<char, std::__1::char_traits<char> >, (anonymous namespace)::cmd_replay((anonymous namespace)::Args const&)::$_0&&)::{lambda<typename $T0>()#1}&&)::{lambda<unsigned long... $N0>(std::__1::integer_sequence<unsigned long, ($N0)...>)#1}::operator()<0ul, 1ul, 2ul, 3ul, 4ul, 5ul, 6ul, 7ul, 8ul, 9ul, 10ul, 11ul, 12ul, 13ul, 14ul, 15ul, 16ul, 17ul, 18ul>(std::__1::integer_sequence<unsigned long, 0ul, 1ul, 2ul, 3ul, 4ul, 5ul, 6ul, 7ul, 8ul, 9ul, 10ul, 11ul, 12ul, 13ul, 14ul, 15ul, 16ul, 17ul, 18ul>) const
294 2 1 1 0 0 0 1 1 1
295 3 1 1 1 1 1 1 1 1
296 9 1 1 0 0 0 6 1 1
fl=/usr/include/c++/v1/__algorithm/comp.h
fn=unsigned int lob::v19::BookT<lob::ChecksumSink, 16u>::match<(lob::Side)0>(unsigned long, long, unsigned int)
41 32396 0 0 32396 703 0 0 0 0
fn=unsigned int lob::v19::BookT<lob::ChecksumSink, 16u>::match<(lob::Side)1>(unsigned long, long, unsigned int)
41 32041 0 0 32041 727 0 0 0 0
fl=/usr/include/c++/v1/__algorithm/fill_n.h
fn=std::__1::vector<unsigned int, std::__1::allocator<unsigned int> >::assign(unsigned long, unsigned int const&)
0 70 2 2 0 0 0 0 0 0
fl=/usr/include/c++/v1/__bit/countr.h
fn=lob::v19::BookT<lob::ChecksumSink, 16u>::modify(unsigned long, long, unsigned int)
28 202796 2 2 44880 0 0 0 0 0
fn=lob::v19::BookT<lob::ChecksumSink, 16u>::relink_after_grow()
28 434 2 2 0 0 0 0 0 0
fn=lob::v19::OrderTable::grow()
28 65024 0 0 0 0 0 0 0 0
fn=unsigned int lob::v19::BookT<lob::ChecksumSink, 16u>::match<(lob::Side)0>(unsigned long, long, unsigned int)
28 79330 0 0 31732 0 0 0 0 0
fn=unsigned int lob::v19::BookT<lob::ChecksumSink, 16u>::match<(lob::Side)1>(unsigned long, long, unsigned int)
28 77925 0 0 31170 0 0 0 0 0
fn=void lob::replay<lob::v19::BookT<lob::ChecksumSink, 16u> >(lob::v19::BookT<lob::ChecksumSink, 16u>&, std::__1::span<lob::Op const, 18446744073709551615ul>)
28 3425862 0 0 1025932 14 0 0 0 0
fl=/usr/include/c++/v1/__iterator/wrap_iter.h
fn=void lob::replay<lob::v19::BookT<lob::ChecksumSink, 16u> >(lob::v19::BookT<lob::ChecksumSink, 16u>&, std::__1::span<lob::Op const, 18446744073709551615ul>)
65 1000000 0 0 0 0 0 0 0 0
125 1000001 1 1 0 0 0 0 0 0
fl=/usr/include/c++/v1/__memory/construct_at.h
fn=std::__1::vector<unsigned int, std::__1::allocator<unsigned int> >::assign(unsigned long, unsigned int const&)
38 20327 1 1 7 7 1 16256 8122 5135
fl=/usr/include/c++/v1/__memory/unique_ptr.h
fn=lob::v19::BookT<lob::ChecksumSink, 16u>::modify(unsigned long, long, unsigned int)
583 11524 0 0 5762 0 0 0 0 0
fn=lob::v19::OrderTable::grow()
91 14 1 1 0 0 0 7 6 0
281 7 0 0 7 0 0 0 0 0
282 7 0 0 0 0 0 7 0 0
287 7 0 0 7 0 0 0 0 0
288 7 0 0 0 0 0 7 0 0
289 28 0 0 0 0 0 0 0 0
597 7 0 0 7 0 0 0 0 0
598 7 0 0 0 0 0 7 0 0
606 7 1 1 7 6 0 0 0 0
607 7 0 0 0 0 0 7 0 0
609 14 0 0 0 0 0 0 0 0
617 14 1 1 0 0 0 0 0 0
765 49 1 1 0 0 0 14 6 0
fn=unsigned int lob::v19::BookT<lob::ChecksumSink, 16u>::match<(lob::Side)0>(unsigned long, long, unsigned int)
583 16790 0 0 16790 0 0 0 0 0
fn=unsigned int lob::v19::BookT<lob::ChecksumSink, 16u>::match<(lob::Side)1>(unsigned long, long, unsigned int)
583 16646 0 0 16646 0 0 0 0 0
fn=void lob::replay<lob::v19::BookT<lob::ChecksumSink, 16u> >(lob::v19::BookT<lob::ChecksumSink, 16u>&, std::__1::span<lob::Op const, 18446744073709551615ul>)
583 456204 0 0 456204 0 0 0 0 0
fl=/usr/include/c++/v1/__new/allocate.h
fn=std::__1::vector<unsigned int, std::__1::allocator<unsigned int> >::assign(unsigned long, unsigned int const&)
37 7 0 0 0 0 0 0 0 0
43 7 0 0 0 0 0 7 0 0
63 6 0 0 0 0 0 6 0 0
fl=/usr/include/c++/v1/__tree
fn=lob::v19::BookT<lob::ChecksumSink, 16u>::relink_after_grow()
680 14 0 0 0 0 0 0 0 0
859 14 0 0 0 0 0 0 0 0
915 14 1 1 14 7 0 0 0 0
fl=/usr/include/c++/v1/__vector/vector.h
fn=auto lob::for_each_type<std::__1::tuple<lob::v0::Book<lob::ChecksumSink>, lob::v1::Book<lob::ChecksumSink>, lob::v2::Book<lob::ChecksumSink>, lob::v3::BookT<lob::ChecksumSink, 16u>, lob::v4::BookT<lob::ChecksumSink, 16u>, lob::v5::BookT<lob::ChecksumSink, 16u>, lob::v7::BookT<lob::ChecksumSink, 16u>, lob::v8::BookT<lob::ChecksumSink, 16u>, lob::v9::BookT<lob::ChecksumSink, 16u>, lob::v10::BookT<lob::ChecksumSink, 16u>, lob::v11::BookT<lob::ChecksumSink, 16u>, lob::v12::BookT<lob::ChecksumSink, 16u>, lob::v13::BookT<lob::ChecksumSink, 16u>, lob::v14::BookT<lob::ChecksumSink, 16u>, lob::v15::BookT<lob::ChecksumSink, 16u>, lob::v16::BookT<lob::ChecksumSink, 16u>, lob::v17::BookT<lob::ChecksumSink, 16u>, lob::v18::BookT<lob::ChecksumSink, 16u>, lob::v19::BookT<lob::ChecksumSink, 16u> >, (anonymous namespace)::with_version<(anonymous namespace)::cmd_replay((anonymous namespace)::Args const&)::$_0>(std::__1::basic_string_view<char, std::__1::char_traits<char> >, (anonymous namespace)::cmd_replay((anonymous namespace)::Args const&)::$_0&&)::{lambda<typename $T0>()#1}>((anonymous namespace)::with_version<(anonymous namespace)::cmd_replay((anonymous namespace)::Args const&)::$_0>(std::__1::basic_string_view<char, std::__1::char_traits<char> >, (anonymous namespace)::cmd_replay((anonymous namespace)::Args const&)::$_0&&)::{lambda<typename $T0>()#1}&&)::{lambda<unsigned long... $N0>(std::__1::integer_sequence<unsigned long, ($N0)...>)#1}::operator()<0ul, 1ul, 2ul, 3ul, 4ul, 5ul, 6ul, 7ul, 8ul, 9ul, 10ul, 11ul, 12ul, 13ul, 14ul, 15ul, 16ul, 17ul, 18ul>(std::__1::integer_sequence<unsigned long, 0ul, 1ul, 2ul, 3ul, 4ul, 5ul, 6ul, 7ul, 8ul, 9ul, 10ul, 11ul, 12ul, 13ul, 14ul, 15ul, 16ul, 17ul, 18ul>) const
388 4 0 0 1 0 0 0 0 0
449 1 0 0 1 1 1 0 0 0
fn=lob::v19::BookT<lob::ChecksumSink, 16u>::relink_after_grow()
388 7 0 0 7 0 0 0 0 0
764 7 1 1 0 0 0 7 0 0
fn=lob::v19::OrderTable::grow()
407 32512 0 0 32512 0 0 0 0 0
fn=std::__1::vector<unsigned int, std::__1::allocator<unsigned int> >::assign(unsigned long, unsigned int const&)
0 14 0 0 0 0 0 0 0 0
391 42 0 0 14 6 0 0 0 0
572 14 0 0 0 0 0 0 0 0
575 7 0 0 0 0 0 7 0 0
577 14 0 0 0 0 0 7 0 0
741 7 0 0 0 0 0 0 0 0
746 14 1 1 0 0 0 7 3 0
764 6 0 0 0 0 0 6 0 0
889 14 0 0 0 0 0 0 0 0
893 24 0 0 0 0 0 12 0 0
902 21 1 1 0 0 0 0 0 0
905 42 1 1 0 0 0 0 0 0
935 8177 0 0 0 0 0 0 0 0
1080 56 1 1 0 0 0 35 0 0
1081 14 0 0 0 0 0 0 0 0
1093 49 1 1 42 3 0 0 0 0
fn=void lob::replay<lob::v19::BookT<lob::ChecksumSink, 16u> >(lob::v19::BookT<lob::ChecksumSink, 16u>&, std::__1::span<lob::Op const, 18446744073709551615ul>)
394 1025934 0 0 1025934 0 0 0 0 0
fl=/usr/include/c++/v1/map
fn=unsigned int lob::v19::BookT<lob::ChecksumSink, 16u>::match<(lob::Side)0>(unsigned long, long, unsigned int)
1031 31732 0 0 15866 0 0 0 0 0
fn=unsigned int lob::v19::BookT<lob::ChecksumSink, 16u>::match<(lob::Side)1>(unsigned long, long, unsigned int)
1031 31170 1 1 15585 0 0 0 0 0
fl=???
fn=???
0 192 15 15 119 92 12 10 0 0
fn=operator delete(void*)
0 65 0 0 13 0 0 13 0 0
fn=operator delete(void*, std::align_val_t)
0 35 1 1 7 0 0 7 0 0
fn=operator delete(void*, unsigned long)
0 30 0 0 6 0 0 6 0 0
fn=operator delete[](void*)
0 35 1 1 7 0 0 7 0 0
fn=operator new(unsigned long)
0 238 2 2 42 0 0 56 0 0
fn=operator new(unsigned long, std::align_val_t)
0 189 3 3 28 0 0 28 0 0
fn=operator new[](unsigned long)
0 35 0 0 7 0 0 7 0 0
summary: 171873809 355 351 37695847 1649186 375466 12098192 1562278 70957
