desc: I1 cache:         32768 B, 64 B, 8-way associative
desc: D1 cache:         49152 B, 64 B, 12-way associative
desc: LL cache:         6291456 B, 64 B, 12-way associative
cmd: /home/wang/sources/cxx/book/build/profile/book replay --workload data/itch12302019_SPY.ops --version v18
events: Ir I1mr ILmr Dr D1mr DLmr Dw D1mw DLmw 
fl=./elf/../sysdeps/generic/dl-new-hash.h
fn=_dl_lookup_symbol_x
69 2 0 0 0 0 0 0 0 0
70 4 0 0 0 0 0 0 0 0
74 15 0 0 15 2 1 0 0 0
77 30 0 0 0 0 0 0 0 0
80 14 0 0 14 0 0 0 0 0
81 28 0 0 0 0 0 0 0 0
87 1 1 1 0 0 0 0 0 0
88 1 0 0 0 0 0 0 0 0
89 2 0 0 0 0 0 0 0 0
90 1 0 0 0 0 0 0 0 0
99 13 0 0 0 0 0 0 0 0
101 13 0 0 0 0 0 0 0 0
102 26 0 0 0 0 0 0 0 0
104 13 1 1 0 0 0 0 0 0
105 13 0 0 0 0 0 0 0 0
fl=./elf/../sysdeps/generic/dl-protected.h
fn=do_lookup_x
29 8 0 0 0 0 0 0 0 0
fl=./elf/../sysdeps/generic/ldsodefs.h
fn=do_lookup_x
139 4 0 0 2 0 0 0 0 0
140 6 0 0 0 0 0 0 0 0
fl=./elf/../sysdeps/x86_64/dl-machine.h
fn=_dl_fixup
234 2 0 0 0 0 0 2 0 0
fl=./elf/../sysdeps/x86_64/dl-runtime.h
fn=_dl_fixup
28 2 0 0 0 0 0 0 0 0
fl=./elf/../sysdeps/x86_64/dl-trampoline.h
fn=_dl_runtime_resolve_xsave
71 2 1 1 0 0 0 0 0 0
76 2 0 0 0 0 0 2 0 0
79 2 0 0 0 0 0 0 0 0
81 2 0 0 0 0 0 0 0 0
91 2 0 0 2 2 1 0 0 0
97 2 0 0 0 0 0 2 2 1
98 2 0 0 0 0 0 2 0 0
99 2 1 1 0 0 0 2 0 0
100 2 0 0 0 0 0 2 0 0
101 2 0 0 0 0 0 2 0 0
102 2 0 0 0 0 0 2 0 0
103 2 0 0 0 0 0 2 0 0
107 2 0 0 0 0 0 0 0 0
108 2 0 0 0 0 0 0 0 0
111 2 0 0 0 0 0 2 1 0
112 2 0 0 0 0 0 2 0 0
114 2 0 0 0 0 0 2 0 0
115 2 0 0 0 0 0 2 0 0
116 2 1 1 0 0 0 2 0 0
117 2 0 0 0 0 0 2 0 0
118 2 0 0 0 0 0 2 0 0
119 2 0 0 0 0 0 2 0 0
121 2 0 0 2 0 0 66 16 8
128 2 0 0 2 0 0 0 0 0
129 2 0 0 2 0 0 0 0 0
130 2 0 0 0 0 0 2 2 1
131 2 0 0 0 0 0 0 0 0
136 2 0 0 0 0 0 0 0 0
137 2 0 0 0 0 0 0 0 0
138 2 0 0 72 0 0 0 0 0
140 2 1 1 2 0 0 0 0 0
141 2 0 0 2 0 0 0 0 0
142 2 0 0 2 0 0 0 0 0
143 2 0 0 2 0 0 0 0 0
144 2 0 0 2 0 0 0 0 0
145 2 0 0 2 0 0 0 0 0
146 2 0 0 2 0 0 0 0 0
148 2 0 0 0 0 0 0 0 0
150 2 0 0 2 0 0 0 0 0
154 2 0 0 0 0 0 0 0 0
156 2 0 0 0 0 0 0 0 0
fl=./elf/./elf/dl-lookup.c
fn=_dl_lookup_symbol_x
772 26 2 2 0 0 0 18 6 3
774 4 0 0 0 0 0 2 0 0
775 8 0 0 0 0 0 2 0 0
778 2 0 0 2 2 1 0 0 0
782 4 0 0 0 0 0 0 0 0
785 4 1 1 2 0 0 0 0 0
787 4 0 0 4 0 0 0 0 0
791 28 0 0 0 0 0 6 0 0
792 34 2 2 14 0 0 14 2 1
797 10 0 0 4 0 0 0 0 0
816 2 0 0 0 0 0 2 0 0
820 4 0 0 2 0 0 0 0 0
821 14 0 0 2 0 0 0 0 0
828 2 0 0 2 0 0 0 0 0
856 8 1 1 2 0 0 0 0 0
870 6 0 0 2 2 1 0 0 0
873 4 0 0 2 0 0 0 0 0
890 8 0 0 2 0 0 0 0 0
892 18 1 1 14 0 0 0 0 0
fn=check_match
70 30 1 1 4 2 2 12 2 1
73 16 1 1 4 0 0 0 0 0
86 10 0 0 0 0 0 0 0 0
89 16 1 1 4 0 0 2 0 0
93 2 0 0 2 2 1 0 0 0
94 4 0 0 0 0 0 0 0 0
144 4 1 1 0 0 0 0 0 0
146 12 0 0 4 2 2 0 0 0
147 8 1 1 0 0 0 0 0 0
161 2 0 0 0 0 0 0 0 0
162 16 0 0 14 0 0 0 0 0
fn=do_lookup_x
347 28 2 2 4 0 0 20 4 2
348 2 0 0 2 2 1 0 0 0
353 2 0 0 0 0 0 0 0 0
354 2 0 0 2 0 0 0 0 0
358 16 1 1 16 12 6 0 0 0
361 16 0 0 0 0 0 0 0 0
365 20 0 0 2 0 0 0 0 0
386 16 1 1 8 6 3 0 0 0
390 16 0 0 8 2 1 0 0 0
396 24 0 0 8 6 3 0 0 0
400 8 0 0 0 0 0 8 0 0
401 8 0 0 0 0 0 8 0 0
404 40 0 0 24 12 6 0 0 0
405 24 1 1 16 4 2 0 0 0
408 8 0 0 8 0 0 0 0 0
409 16 0 0 0 0 0 0 0 0
411 8 0 0 8 8 6 0 0 0
412 6 0 0 0 0 0 2 0 0
413 16 0 0 16 0 0 0 0 0
415 14 1 1 2 0 0 4 0 0
416 32 0 0 16 0 0 0 0 0
419 56 0 0 8 0 0 0 0 0
422 4 0 0 4 2 2 0 0 0
423 6 1 1 2 0 0 0 0 0
424 4 0 0 0 0 0 0 0 0
426 4 0 0 2 0 0 0 0 0
429 15 1 1 3 2 2 0 0 0
431 6 0 0 2 0 0 0 0 0
432 50 2 2 14 0 0 26 4 2
433 4 0 0 0 0 0 0 0 0
436 6 0 0 0 0 0 0 0 0
439 3 0 0 0 0 0 0 0 0
461 16 1 1 12 0 0 0 0 0
476 4 1 1 0 0 0 0 0 0
483 8 0 0 2 0 0 0 0 0
487 6 1 1 2 2 1 0 0 0
499 4 0 0 2 0 0 2 0 0
500 2 0 0 0 0 0 2 0 0
501 2 0 0 0 0 0 0 0 0
518 18 0 0 0 0 0 0 0 0
522 16 0 0 14 0 0 0 0 0
fl=./elf/./elf/dl-runtime.c
fn=_dl_fixup
46 22 2 2 0 0 0 12 0 0
48 10 0 0 8 8 4 0 0 0
49 6 1 1 4 2 1 0 0 0
54 2 0 0 2 2 1 0 0 0
55 8 0 0 2 2 1 0 0 0
56 14 0 0 2 2 2 2 2 1
58 4 0 0 2 0 0 0 0 0
63 4 0 0 0 0 0 0 0 0
67 4 0 0 2 2 2 0 0 0
69 4 0 0 0 0 0 0 0 0
71 6 1 1 2 2 1 0 0 0
75 6 0 0 4 4 3 0 0 0
76 8 0 0 2 0 0 0 0 0
77 6 0 0 2 2 1 0 0 0
84 2 1 1 0 0 0 0 0 0
85 6 0 0 2 1 0 0 0 0
95 22 0 0 4 2 1 6 0 0
99 10 1 1 6 0 0 0 0 0
109 20 0 0 8 0 0 2 0 0
124 8 1 1 2 0 0 0 0 0
133 6 0 0 2 2 1 0 0 0
159 6 0 0 2 0 0 0 0 0
163 16 1 1 14 0 0 0 0 0
fl=./malloc/./malloc/arena.c
fn=_mid_memalign.isra.0
153 4 0 0 0 0 0 0 0 0
fn=free
153 120 0 0 0 0 0 0 0 0
fn=malloc
153 64 0 0 0 0 0 0 0 0
fl=./malloc/./malloc/malloc.c
fn=_int_free
1792 13 0 0 13 3 1 0 0 0
1992 9 1 1 3 0 0 0 0 0
3163 54 1 1 27 0 0 27 0 0
3165 108 0 0 27 9 6 27 0 0
3166 27 0 0 0 0 0 27 0 0
3167 54 0 0 0 0 0 27 0 0
4495 280 1 1 0 0 0 160 1 0
4499 120 1 1 40 0 0 0 0 0
4505 160 0 0 0 0 0 0 0 0
4506 80 0 0 0 0 0 0 0 0
4510 200 0 0 0 0 0 0 0 0
4517 80 0 0 0 0 0 0 0 0
4518 240 1 1 120 4 1 0 0 0
4521 30 0 0 0 0 0 0 0 0
4527 90 0 0 60 8 3 0 0 0
4547 150 1 1 60 6 2 0 0 0
4550 27 0 0 0 0 0 0 0 0
4561 26 0 0 0 0 0 0 0 0
4572 12 0 0 3 0 0 0 0 0
4574 9 0 0 3 1 1 0 0 0
4593 3 0 0 0 0 0 0 0 0
4595 3 0 0 0 0 0 3 1 1
4596 3 0 0 0 0 0 0 0 0
4600 9 0 0 3 0 0 0 0 0
4602 6 0 0 3 1 1 0 0 0
4606 6 0 0 0 0 0 0 0 0
4608 9 0 0 0 0 0 3 0 0
4609 3 0 0 0 0 0 3 0 0
4628 12 0 0 0 0 0 0 0 0
4637 20 0 0 10 0 0 0 0 0
4640 20 0 0 10 2 0 0 0 0
4643 20 1 1 0 0 0 0 0 0
4646 20 0 0 0 0 0 0 0 0
4658 230 1 1 190 0 0 0 0 0
fn=_int_free_maybe_consolidate
4770 154 1 1 14 1 0 98 0 0
4776 28 0 0 0 0 0 0 0 0
4778 8 0 0 2 0 0 0 0 0
4781 6 0 0 0 0 0 0 0 0
4784 10 2 2 6 2 1 0 0 0
4798 154 1 1 126 0 0 0 0 0
fn=_int_free_merge_chunk
1992 36 0 0 12 0 0 0 0 0
4665 96 1 1 0 0 0 72 0 0
4666 12 0 0 0 0 0 0 0 0
4670 72 0 0 12 2 0 0 0 0
4673 48 1 1 12 2 0 0 0 0
4675 36 1 1 12 2 0 0 0 0
4678 36 0 0 12 2 0 0 0 0
4681 24 0 0 0 0 0 0 0 0
4682 24 0 0 0 0 0 0 0 0
4683 24 0 0 12 2 0 0 0 0
4689 24 1 1 12 0 0 0 0 0
4691 7 0 0 7 0 0 0 0 0
4692 7 0 0 0 0 0 0 0 0
4693 7 0 0 0 0 0 0 0 0
4694 28 0 0 7 1 0 0 0 0
4696 14 0 0 0 0 0 7 0 0
4701 36 0 0 0 0 0 0 0 0
4702 84 0 0 72 0 0 0 0 0
4714 24 0 0 12 0 0 0 0 0
4720 24 0 0 12 2 1 0 0 0
4721 4 1 1 0 0 0 2 0 0
4722 4 0 0 0 0 0 0 0 0
4724 10 0 0 10 0 0 0 0 0
4732 12 0 0 0 0 0 0 0 0
4733 48 1 1 12 0 0 0 0 0
4734 24 0 0 12 2 0 0 0 0
4736 12 0 0 0 0 0 12 1 0
4738 24 0 0 0 0 0 0 0 0
4740 30 1 1 0 0 0 10 0 0
4743 12 0 0 0 0 0 12 0 0
4744 12 0 0 0 0 0 12 0 0
4746 36 0 0 0 0 0 12 0 0
4747 12 0 0 0 0 0 12 0 0
fn=_int_malloc
1326 68 0 0 0 0 0 0 0 0
1345 204 0 0 0 0 0 0 0 0
1794 34 1 1 34 0 0 0 0 0
1985 3 0 0 1 0 0 0 0 0
2008 4 0 0 1 0 0 0 0 0
2552 6 0 0 2 2 1 2 0 0
2553 1 1 1 0 0 0 1 0 0
2564 2 1 1 1 1 1 0 0 0
2589 4 0 0 1 0 0 1 0 0
2590 2 0 0 0 0 0 1 0 0
2599 12 1 1 3 0 0 0 0 0
2605 3 0 0 2 0 0 0 0 0
2608 3 1 1 0 0 0 0 0 0
2669 3 1 1 1 0 0 1 0 0
2677 2 0 0 1 0 0 0 0 0
2678 3 0 0 1 0 0 1 0 0
2691 3 1 1 1 0 0 0 0 0
2693 1 0 0 1 0 0 0 0 0
2699 5 0 0 1 0 0 1 0 0
2707 2 0 0 0 0 0 0 0 0
2709 4 2 2 0 0 0 2 0 0
2710 3 0 0 1 0 0 0 0 0
2711 1 0 0 0 0 0 0 0 0
2712 1 0 0 0 0 0 0 0 0
2715 2 0 0 0 0 0 0 0 0
2744 7 1 1 3 0 0 0 0 0
2746 2 1 1 0 0 0 1 0 0
2752 8 0 0 1 0 0 0 0 0
2753 6 0 0 1 0 0 1 0 0
2921 3 1 1 2 0 0 0 0 0
2922 1 0 0 0 0 0 1 0 0
2926 1 0 0 1 0 0 0 0 0
2930 5 1 1 2 0 0 0 0 0
2932 1 0 0 0 0 0 0 0 0
2933 1 0 0 0 0 0 0 0 0
2934 1 0 0 0 0 0 1 0 0
2935 7 0 0 0 0 0 1 0 0
2936 2 0 0 0 0 0 1 1 1
2938 1 0 0 0 0 0 0 0 0
3846 374 2 2 34 9 2 238 5 3
3887 68 0 0 0 0 0 0 0 0
3914 68 0 0 0 0 0 0 0 0
3916 56 0 0 0 0 0 0 0 0
3919 14 0 0 14 3 1 0 0 0
3921 28 0 0 0 0 0 0 0 0
3930 42 2 2 0 0 0 0 0 0
3977 40 1 1 0 0 0 0 0 0
3979 64 0 0 0 0 0 0 0 0
3980 40 1 1 0 0 0 0 0 0
3982 60 0 0 20 7 4 0 0 0
4039 155 1 1 0 0 0 0 0 0
4040 42 0 0 14 6 1 0 0 0
4058 102 1 1 34 0 0 0 0 0
4059 102 0 0 0 0 0 34 0 0
4060 102 1 1 68 4 2 0 0 0
4069 36 0 0 0 0 0 18 0 0
4070 209 1 1 45 9 2 34 0 0
4072 19 0 0 19 1 0 0 0 0
4073 38 0 0 19 4 1 0 0 0
4074 19 0 0 0 0 0 0 0 0
4076 38 0 0 0 0 0 0 0 0
4077 57 1 1 19 5 1 0 0 0
4079 19 0 0 19 4 1 0 0 0
4080 76 0 0 0 0 0 0 0 0
4082 76 0 0 19 0 0 0 0 0
4084 38 1 1 19 0 0 0 0 0
4085 38 0 0 19 0 0 0 0 0
4087 38 0 0 0 0 0 0 0 0
4098 76 0 0 0 0 0 0 0 0
4099 18 1 1 9 0 0 0 0 0
4100 16 0 0 0 0 0 0 0 0
4101 8 0 0 0 0 0 0 0 0
4104 8 0 0 0 0 0 0 0 0
4105 8 1 1 0 0 0 0 0 0
4106 8 0 0 0 0 0 8 0 0
4107 24 0 0 0 0 0 8 0 0
4108 24 1 1 0 0 0 8 2 0
4109 16 0 0 0 0 0 0 0 0
4111 16 0 0 0 0 0 8 7 0
4115 64 0 0 0 0 0 8 0 0
4117 24 1 1 0 0 0 8 0 0
4118 8 0 0 0 0 0 8 0 0
4121 8 0 0 0 0 0 0 0 0
4122 24 0 0 0 0 0 8 0 0
4123 8 0 0 0 0 0 0 0 0
4127 11 0 0 0 0 0 11 0 0
4128 11 0 0 0 0 0 11 0 0
4132 22 0 0 0 0 0 0 0 0
4161 23 2 2 0 0 0 0 0 0
4163 2 0 0 0 0 0 1 0 0
4164 4 0 0 0 0 0 0 0 0
4165 1 0 0 1 1 0 0 0 0
4169 156 2 2 0 0 0 10 0 0
4170 30 1 1 0 0 0 0 0 0
4171 10 0 0 10 5 2 0 0 0
4174 20 0 0 0 0 0 0 0 0
4218 40 0 0 0 0 0 10 2 1
4221 77 2 2 22 4 1 0 0 0
4222 11 0 0 0 0 0 11 0 0
4223 11 0 0 0 0 0 11 0 0
4224 11 0 0 0 0 0 11 0 0
4225 11 0 0 0 0 0 11 0 0
4230 22 0 0 22 0 0 0 0 0
4231 22 0 0 0 0 0 0 0 0
4240 44 1 1 22 0 0 0 0 0
4246 20 0 0 0 0 0 0 0 0
4257 78 1 1 0 0 0 0 0 0
4259 56 0 0 0 0 0 0 0 0
4262 42 0 0 14 7 6 0 0 0
4263 27 1 1 1 0 0 0 0 0
4266 1 0 0 1 0 0 0 0 0
4267 6 0 0 1 0 0 0 0 0
4273 2 1 1 1 0 0 0 0 0
4278 3 0 0 0 0 0 1 0 0
4279 3 0 0 0 0 0 2 0 0
4282 4 0 0 2 0 0 0 0 0
4291 1 0 0 0 0 0 0 0 0
4295 4 1 1 1 0 0 0 0 0
4296 2 0 0 1 0 0 0 0 0
4299 1 0 0 0 0 0 1 0 0
4300 1 0 0 0 0 0 1 0 0
4301 1 0 0 0 0 0 1 0 0
4302 2 0 0 0 0 0 0 0 0
4304 2 0 0 0 0 0 1 0 0
4307 8 1 1 0 0 0 1 0 0
4309 3 0 0 0 0 0 1 0 0
4310 1 0 0 0 0 0 1 0 0
4313 1 0 0 0 0 0 0 0 0
4330 25 0 0 0 0 0 0 0 0
4331 50 0 0 0 0 0 0 0 0
4332 50 0 0 0 0 0 0 0 0
4333 50 0 0 25 4 1 0 0 0
4334 150 0 0 0 0 0 0 0 0
4339 105 1 1 0 0 0 0 0 0
4343 179 2 2 0 0 0 0 0 0
4346 152 1 1 38 0 0 0 0 0
4348 8 0 0 0 0 0 0 0 0
4349 4 0 0 0 0 0 0 0 0
4353 42 0 0 0 0 0 0 0 0
4355 19 0 0 0 0 0 0 0 0
4357 38 0 0 0 0 0 0 0 0
4361 2 0 0 2 0 0 0 0 0
4364 4 0 0 0 0 0 0 0 0
4366 5 0 0 0 0 0 1 0 0
4367 1 0 0 0 0 0 0 0 0
4368 1 0 0 0 0 0 0 0 0
4373 4 0 0 1 0 0 0 0 0
4376 2 0 0 0 0 0 0 0 0
4378 3 1 1 0 0 0 1 0 0
4381 3 0 0 0 0 0 2 0 0
4384 4 0 0 2 0 0 0 0 0
4394 1 0 0 0 0 0 0 0 0
4399 4 0 0 1 0 0 0 0 0
4400 2 1 1 1 0 0 0 0 0
4403 1 0 0 0 0 0 1 0 0
4404 1 0 0 0 0 0 1 0 0
4405 1 0 0 0 0 0 1 0 0
4408 2 0 0 0 0 0 0 0 0
4409 1 0 0 0 0 0 1 0 0
4410 2 0 0 0 0 0 0 0 0
4412 2 0 0 0 0 0 1 0 0
4415 8 1 1 0 0 0 1 0 0
4417 3 0 0 0 0 0 1 0 0
4418 1 0 0 0 0 0 1 0 0
4421 1 0 0 0 0 0 0 0 0
4443 24 1 1 24 0 0 0 0 0
4444 48 0 0 24 6 2 0 0 0
4446 48 0 0 24 4 1 0 0 0
4449 72 0 0 0 0 0 0 0 0
4451 23 0 0 0 0 0 0 0 0
4452 46 1 1 0 0 0 0 0 0
4453 23 0 0 0 0 0 23 0 0
4454 184 1 1 0 0 0 23 0 0
4456 46 0 0 0 0 0 23 22 22
4459 48 0 0 0 0 0 0 0 0
4460 75 0 0 0 0 0 25 7 3
4461 25 0 0 0 0 0 0 0 0
4466 4 0 0 1 0 0 1 0 0
4482 1 0 0 0 0 0 0 0 0
4487 408 2 2 306 0 0 0 0 0
fn=_int_memalign
1326 4 0 0 0 0 0 0 0 0
1345 16 1 1 0 0 0 0 0 0
4714 4 0 0 0 0 0 0 0 0
4756 2 1 1 0 0 0 0 0 0
4757 6 0 0 0 0 0 2 1 1
4758 4 0 0 0 0 0 2 0 0
5039 16 1 1 0 0 0 12 2 1
5069 8 0 0 0 0 0 4 0 0
5071 6 0 0 2 0 0 0 0 0
5074 2 0 0 0 0 0 0 0 0
5076 8 0 0 0 0 0 0 0 0
5083 10 1 1 0 0 0 0 0 0
5085 8 0 0 0 0 0 0 0 0
5086 1 0 0 0 0 0 0 0 0
5089 2 0 0 0 0 0 0 0 0
5090 8 0 0 2 0 0 0 0 0
5093 4 0 0 0 0 0 0 0 0
5101 20 1 1 0 0 0 4 1 1
5103 2 0 0 2 0 0 0 0 0
5104 10 0 0 2 0 0 2 0 0
5105 4 0 0 0 0 0 2 0 0
5106 2 0 0 0 0 0 0 0 0
5108 18 1 1 2 0 0 0 0 0
5113 6 0 0 2 0 0 0 0 0
5115 4 0 0 0 0 0 0 0 0
5116 2 0 0 0 0 0 0 0 0
5117 4 0 0 2 0 0 0 0 0
5118 4 0 0 0 0 0 0 0 0
5120 2 0 0 0 0 0 0 0 0
5121 4 0 0 0 0 0 0 0 0
5122 2 1 1 2 0 0 0 0 0
5129 2 0 0 0 0 0 0 0 0
5130 6 2 2 0 0 0 2 0 0
5134 6 2 2 0 0 0 2 0 0
5140 2 0 0 0 0 0 0 0 0
5141 18 0 0 14 0 0 0 0 0
fn=_mid_memalign.isra.0
1326 4 0 0 0 0 0 0 0 0
1345 10 0 0 0 0 0 0 0 0
3575 14 1 1 0 0 0 8 0 0
3581 4 1 1 0 0 0 0 0 0
3585 4 0 0 0 0 0 0 0 0
3590 6 2 2 0 0 0 0 0 0
3598 6 0 0 0 0 0 0 0 0
3615 6 0 0 0 0 0 0 0 0
3617 4 1 1 2 2 1 0 0 0
3638 4 0 0 2 2 1 0 0 0
3640 10 1 1 0 0 0 2 0 0
3641 10 1 1 2 0 0 0 0 0
3643 4 1 1 0 0 0 0 0 0
3662 12 0 0 10 0 0 0 0 0
fn=aligned_alloc
3556 14 1 1 0 0 0 6 0 0
3557 4 0 0 2 2 1 0 0 0
3564 10 0 0 0 0 0 0 0 0
3571 6 0 0 0 0 0 0 0 0
3572 6 1 1 6 0 0 0 0 0
fn=alloc_perturb
1985 99 1 1 33 0 0 0 0 0
1987 33 0 0 33 0 0 0 0 0
fn=free
3359 280 2 2 0 0 0 160 2 1
3363 80 0 0 0 0 0 0 0 0
3371 80 0 0 80 25 6 0 0 0
3373 40 0 0 0 0 0 0 0 0
3375 120 0 0 40 4 3 0 0 0
3392 120 0 0 80 8 2 0 0 0
3398 120 1 1 0 0 0 40 0 0
3401 40 0 0 0 0 0 40 0 0
3402 240 0 0 200 0 0 0 0 0
fn=malloc
1326 80 0 0 0 0 0 0 0 0
1345 200 1 1 0 0 0 0 0 0
3178 16 0 0 8 4 2 0 0 0
3182 16 0 0 0 0 0 0 0 0
3186 32 0 0 8 4 3 8 0 0
3190 16 0 0 0 0 0 8 0 0
3191 8 0 0 0 0 0 8 0 0
3294 320 1 1 0 0 0 160 0 0
3301 80 0 0 40 7 1 0 0 0
3311 80 0 0 0 0 0 0 0 0
3313 160 0 0 80 14 2 0 0 0
3316 80 0 0 40 7 1 0 0 0
3318 90 1 1 30 8 3 0 0 0
3326 64 1 1 32 7 1 0 0 0
3328 128 1 1 0 0 0 32 5 1
3329 160 1 1 32 0 0 0 0 0
3354 240 1 1 200 0 0 0 0 0
fn=unlink_chunk.isra.0
1608 22 1 1 0 0 0 11 0 0
1610 55 0 0 22 0 0 0 0 0
1613 22 0 0 22 1 0 0 0 0
1614 22 0 0 11 0 0 0 0 0
1616 44 2 1 22 2 0 0 0 0
1619 11 0 0 0 0 0 11 0 0
1620 11 0 0 0 0 0 11 0 0
1621 52 0 0 10 1 0 0 0 0
1623 18 0 0 9 0 0 0 0 0
1624 27 0 0 18 0 0 0 0 0
1627 18 0 0 9 0 0 0 0 0
1641 9 0 0 0 0 0 9 0 0
1642 9 1 1 0 0 0 9 0 0
1645 22 0 0 22 0 0 0 0 0
fl=./malloc/./malloc/morecore.c
fn=__glibc_morecore
25 3 1 1 0 0 0 1 0 0
26 2 0 0 1 0 0 0 0 0
29 1 0 0 0 0 0 1 0 0
30 2 0 0 0 0 0 0 0 0
34 2 0 0 2 0 0 0 0 0
fl=./misc/../sysdeps/unix/sysv/linux/brk.c
fn=brk
36 1 1 1 0 0 0 0 0 0
37 2 0 0 1 0 0 1 0 0
38 2 0 0 0 0 0 0 0 0
44 1 0 0 0 0 0 0 0 0
45 1 0 0 1 0 0 0 0 0
fl=./misc/../sysdeps/unix/sysv/linux/brk_call.h
fn=brk
24 2 0 0 0 0 0 0 0 0
fl=./misc/./misc/sbrk.c
fn=sbrk
37 8 1 1 0 0 0 4 0 0
40 2 0 0 2 2 2 0 0 0
43 2 1 1 1 1 1 0 0 0
58 2 0 0 0 0 0 0 0 0
62 2 0 0 0 0 0 0 0 0
66 4 1 1 0 0 0 0 0 0
74 3 1 1 0 0 0 1 0 0
78 7 0 0 5 0 0 0 0 0
fl=./string/../sysdeps/x86_64/multiarch/../multiarch/strcmp-sse2.S
fn=strcmp
98 2 1 1 0 0 0 0 0 0
131 2 0 0 0 0 0 0 0 0
132 2 0 0 0 0 0 0 0 0
134 2 0 0 0 0 0 0 0 0
135 2 0 0 0 0 0 0 0 0
156 2 0 0 0 0 0 0 0 0
157 2 0 0 0 0 0 0 0 0
158 2 0 0 0 0 0 0 0 0
159 2 0 0 0 0 0 0 0 0
160 2 0 0 2 2 2 0 0 0
161 2 1 1 2 0 0 0 0 0
162 2 0 0 2 0 0 0 0 0
163 2 0 0 2 0 0 0 0 0
180 2 0 0 0 0 0 0 0 0
181 2 0 0 0 0 0 0 0 0
182 2 0 0 0 0 0 0 0 0
183 2 0 0 0 0 0 0 0 0
184 2 0 0 0 0 0 0 0 0
185 2 0 0 0 0 0 0 0 0
186 2 0 0 0 0 0 0 0 0
191 1 0 0 0 0 0 0 0 0
192 3 0 0 0 0 0 0 0 0
201 1 1 1 0 0 0 0 0 0
202 1 0 0 0 0 0 0 0 0
203 1 0 0 0 0 0 0 0 0
204 1 0 0 0 0 0 0 0 0
205 1 0 0 0 0 0 0 0 0
206 1 0 0 0 0 0 0 0 0
207 1 0 0 0 0 0 0 0 0
208 1 0 0 0 0 0 0 0 0
209 1 0 0 0 0 0 0 0 0
214 1 0 0 0 0 0 0 0 0
215 1 0 0 0 0 0 0 0 0
216 1 0 0 0 0 0 0 0 0
217 1 0 0 1 1 1 0 0 0
218 1 0 0 0 0 0 0 0 0
219 1 0 0 0 0 0 0 0 0
1613 1 1 1 0 0 0 0 0 0
1614 1 0 0 1 0 0 0 0 0
1615 1 0 0 1 0 0 0 0 0
1616 1 0 0 0 0 0 0 0 0
1617 1 0 0 0 0 0 0 0 0
1619 1 0 0 0 0 0 0 0 0
1620 1 0 0 0 0 0 0 0 0
1621 1 1 1 0 0 0 0 0 0
1622 1 0 0 0 0 0 0 0 0
1623 1 0 0 0 0 0 0 0 0
1624 1 0 0 0 0 0 0 0 0
1625 1 0 0 0 0 0 0 0 0
2095 1 1 1 0 0 0 0 0 0
2096 1 0 0 0 0 0 0 0 0
2097 1 0 0 0 0 0 0 0 0
2098 1 0 0 0 0 0 0 0 0
2104 2 1 1 0 0 0 0 0 0
2110 2 0 0 2 0 0 0 0 0
2111 2 0 0 2 0 0 0 0 0
2119 2 0 0 0 0 0 0 0 0
2120 2 0 0 2 0 0 0 0 0
fl=./string/../sysdeps/x86_64/multiarch/memmove-vec-unaligned-erms.S
fn=__memcpy_avx_unaligned_erms
255 24 1 1 0 0 0 0 0 0
256 24 0 0 0 0 0 0 0 0
262 24 0 0 0 0 0 0 0 0
263 24 0 0 0 0 0 0 0 0
265 20 0 0 20 5 0 0 0 0
266 20 0 0 0 0 0 0 0 0
267 20 0 0 0 0 0 0 0 0
270 4 0 0 4 0 0 0 0 0
271 4 0 0 0 0 0 4 1 1
272 4 0 0 0 0 0 4 0 0
275 8 0 0 4 0 0 0 0 0
305 4 0 0 0 0 0 0 0 0
306 4 0 0 0 0 0 0 0 0
308 2 0 0 0 0 0 0 0 0
309 2 0 0 0 0 0 0 0 0
311 2 0 0 0 0 0 0 0 0
315 2 0 0 0 0 0 0 0 0
316 2 1 1 0 0 0 0 0 0
317 2 0 0 0 0 0 0 0 0
325 2 0 0 2 0 0 0 0 0
342 2 0 0 2 0 0 0 0 0
343 2 0 0 2 0 0 0 0 0
344 2 0 0 0 0 0 2 0 0
345 2 0 0 0 0 0 2 0 0
347 2 0 0 2 0 0 0 0 0
375 2 1 1 2 0 0 0 0 0
376 2 0 0 2 0 0 0 0 0
377 2 0 0 0 0 0 2 0 0
378 2 0 0 0 0 0 2 2 2
379 2 0 0 0 0 0 2 0 0
380 2 0 0 0 0 0 2 0 0
381 4 0 0 2 0 0 0 0 0
386 16 2 1 16 6 1 0 0 0
387 16 0 0 0 0 0 0 0 0
392 14 0 0 0 0 0 0 0 0
393 14 0 0 0 0 0 0 0 0
395 4 0 0 4 0 0 0 0 0
396 4 0 0 0 0 0 0 0 0
397 4 0 0 0 0 0 0 0 0
399 2 0 0 2 0 0 0 0 0
400 2 0 0 2 0 0 0 0 0
401 2 0 0 2 0 0 0 0 0
402 2 0 0 2 0 0 0 0 0
403 2 0 0 2 0 0 0 0 0
404 2 1 1 2 0 0 0 0 0
405 2 0 0 0 0 0 2 2 2
406 2 0 0 0 0 0 2 0 0
407 2 0 0 0 0 0 2 2 2
408 2 0 0 0 0 0 2 0 0
409 2 0 0 0 0 0 2 1 1
410 2 0 0 0 0 0 2 1 1
411 2 0 0 0 0 0 2 1 1
412 2 0 0 0 0 0 2 0 0
413 4 0 0 2 0 0 0 0 0
417 10 0 0 0 0 0 0 0 0
418 10 0 0 0 0 0 0 0 0
422 10 0 0 0 0 0 0 0 0
424 10 1 1 0 0 0 0 0 0
428 10 0 0 10 4 1 0 0 0
429 10 0 0 0 0 0 0 0 0
440 10 0 0 0 0 0 0 0 0
443 10 0 0 0 0 0 0 0 0
445 10 0 0 0 0 0 0 0 0
447 10 0 0 0 0 0 0 0 0
451 10 0 0 0 0 0 0 0 0
452 10 0 0 0 0 0 0 0 0
461 5 0 0 5 0 0 0 0 0
462 5 0 0 5 0 0 0 0 0
464 5 0 0 0 0 0 0 0 0
466 5 0 0 0 0 0 0 0 0
467 5 1 1 5 0 0 0 0 0
468 5 0 0 5 0 0 0 0 0
471 5 0 0 0 0 0 0 0 0
473 5 0 0 0 0 0 0 0 0
475 5 0 0 0 0 0 0 0 0
477 10 0 0 0 0 0 0 0 0
483 35 0 0 35 0 0 0 0 0
484 35 0 0 35 3 0 0 0 0
485 35 0 0 35 1 0 0 0 0
486 35 0 0 35 4 0 0 0 0
487 35 0 0 0 0 0 0 0 0
488 35 0 0 0 0 0 35 26 26
489 35 0 0 0 0 0 35 10 10
490 35 1 1 0 0 0 35 25 25
491 35 0 0 0 0 0 35 10 10
492 35 0 0 0 0 0 0 0 0
493 35 0 0 0 0 0 0 0 0
494 35 0 0 0 0 0 0 0 0
496 5 0 0 0 0 0 5 2 2
497 5 0 0 0 0 0 5 3 3
498 5 0 0 0 0 0 5 0 0
499 5 0 0 0 0 0 5 0 0
501 5 0 0 0 0 0 5 0 0
505 10 0 0 5 0 0 0 0 0
518 5 0 0 5 0 0 0 0 0
519 5 0 0 5 0 0 0 0 0
521 5 1 1 0 0 0 0 0 0
522 5 0 0 5 0 0 0 0 0
523 5 0 0 5 0 0 0 0 0
525 5 0 0 0 0 0 0 0 0
527 5 0 0 0 0 0 0 0 0
529 10 0 0 0 0 0 0 0 0
535 203 0 0 203 0 0 0 0 0
536 203 0 0 203 83 0 0 0 0
537 203 0 0 203 0 0 0 0 0
538 203 0 0 203 83 0 0 0 0
539 203 0 0 0 0 0 0 0 0
540 203 0 0 0 0 0 203 79 79
541 203 1 1 0 0 0 203 125 62
542 203 0 0 0 0 0 203 78 78
543 203 0 0 0 0 0 203 125 62
544 203 0 0 0 0 0 0 0 0
545 203 0 0 0 0 0 0 0 0
546 203 0 0 0 0 0 0 0 0
548 5 0 0 0 0 0 5 2 2
549 5 0 0 0 0 0 5 2 2
550 5 0 0 0 0 0 5 0 0
551 5 0 0 0 0 0 5 0 0
553 5 0 0 0 0 0 5 0 0
554 10 0 0 5 0 0 0 0 0
563 2 1 1 2 1 0 0 0 0
570 2 0 0 0 0 0 0 0 0
571 2 0 0 0 0 0 0 0 0
577 1 0 0 0 0 0 0 0 0
580 1 0 0 0 0 0 0 0 0
582 1 0 0 0 0 0 0 0 0
585 1 0 0 0 0 0 0 0 0
586 1 0 0 0 0 0 0 0 0
588 1 0 0 0 0 0 0 0 0
590 16337 0 0 16336 204 0 16336 255 254
592 1 0 0 0 0 0 1 0 0
594 1 0 0 0 0 0 1 0 0
596 2 0 0 1 0 0 0 0 0
601 2 1 1 0 0 0 0 0 0
602 2 0 0 0 0 0 0 0 0
606 2 0 0 0 0 0 0 0 0
608 2 0 0 0 0 0 0 0 0
611 2 0 0 0 0 0 0 0 0
615 2 0 0 2 1 0 0 0 0
616 2 0 0 0 0 0 0 0 0
620 2 0 0 2 0 0 0 0 0
624 2 0 0 0 0 0 0 0 0
648 1 0 0 0 0 0 0 0 0
650 1 0 0 0 0 0 0 0 0
652 1 0 0 0 0 0 0 0 0
654 1 1 1 0 0 0 0 0 0
657 1 0 0 0 0 0 0 0 0
658 1 0 0 0 0 0 0 0 0
660 16353 0 0 16352 254 0 16352 255 255
663 1 0 0 0 0 0 1 0 0
665 1 0 0 0 0 0 1 0 0
667 2 0 0 1 0 0 0 0 0
fl=./string/../sysdeps/x86_64/multiarch/memset-vec-unaligned-erms.S
fn=__memset_avx2_unaligned_erms
158 2 1 1 0 0 0 0 0 0
159 4 0 0 0 0 0 0 0 0
164 2 0 0 0 0 0 0 0 0
165 2 0 0 0 0 0 0 0 0
166 2 0 0 0 0 0 0 0 0
167 2 0 0 0 0 0 0 0 0
168 2 0 0 0 0 0 0 0 0
237 2 2 2 2 2 1 0 0 0
238 2 0 0 0 0 0 0 0 0
244 2 0 0 0 0 0 2 0 0
245 2 0 0 0 0 0 2 1 1
257 2 0 0 0 0 0 0 0 0
260 2 0 0 0 0 0 0 0 0
261 2 0 0 0 0 0 0 0 0
273 2 0 0 0 0 0 2 1 0
274 2 0 0 0 0 0 2 1 1
287 2 0 0 0 0 0 0 0 0
288 2 0 0 0 0 0 0 0 0
290 2 0 0 0 0 0 0 0 0
293 2 0 0 0 0 0 0 0 0
296 2 0 0 0 0 0 0 0 0
299 8 1 1 0 0 0 8 2 0
300 8 0 0 0 0 0 8 6 6
301 8 0 0 0 0 0 8 2 0
302 8 0 0 0 0 0 8 6 6
303 8 0 0 0 0 0 0 0 0
304 8 0 0 0 0 0 0 0 0
305 10 0 0 0 0 0 0 0 0
308 2 0 0 0 0 0 2 1 0
309 2 0 0 0 0 0 2 1 1
310 2 0 0 0 0 0 2 1 0
311 2 0 0 0 0 0 2 1 1
314 4 0 0 2 0 0 0 0 0
fl=/home/wang/sources/cxx/book/include/lob/events.hpp
fn=lob::v18::BookT<lob::ChecksumSink, 16u>::modify(unsigned long, long, unsigned int)
0 31166 1 1 31166 0 0 0 0 0
92 31166 0 0 31166 0 0 0 0 0
93 249328 0 0 31166 0 0 0 0 0
fn=void lob::replay<lob::v18::BookT<lob::ChecksumSink, 16u> >(lob::v18::BookT<lob::ChecksumSink, 16u>&, std::__1::span<lob::Op const, 18446744073709551615ul>)
0 4436584 1 1 0 0 0 2218292 0 0
92 2218292 0 0 2218292 4 2 0 0 0
93 19964628 2 2 4436584 0 0 0 0 0
fl=/home/wang/sources/cxx/book/include/lob/replay.hpp
fn=void lob::replay<lob::v18::BookT<lob::ChecksumSink, 16u> >(lob::v18::BookT<lob::ChecksumSink, 16u>&, std::__1::span<lob::Op const, 18446744073709551615ul>)
0 14 1 1 0 0 0 5 1 1
52 7 1 1 0 0 0 6 1 1
53 2249459 0 0 0 0 0 0 0 0
57 9 1 1 7 1 1 0 0 0
fl=/home/wang/sources/cxx/book/include/lob/v11/exact_div.hpp
fn=void lob::replay<lob::v18::BookT<lob::ChecksumSink, 16u> >(lob::v18::BookT<lob::ChecksumSink, 16u>&, std::__1::span<lob::Op const, 18446744073709551615ul>)
37 3327438 1 1 2218292 0 0 0 0 0
fl=/home/wang/sources/cxx/book/include/lob/v16/order_index.hpp
fn=lob::v16::OrderIndex::alloc(unsigned long)
0 4 0 0 2 0 0 0 0 0
178 10 1 1 0 0 0 6 2 1
179 2 0 0 0 0 0 2 0 0
180 8 0 0 0 0 0 2 0 0
181 4 0 0 0 0 0 2 0 0
182 4 0 0 0 0 0 2 0 0
183 8 1 1 0 0 0 2 0 0
184 2 0 0 0 0 0 2 0 0
186 792 1 1 0 0 0 0 0 0
187 1536 0 0 0 0 0 1536 1536 1536
188 1536 2 2 0 0 0 1536 0 0
190 10 1 1 8 2 0 0 0 0
fn=lob::v16::OrderIndex::grow()
0 5003 1 1 2690 0 0 0 0 0
144 10752 2 2 2688 1 1 0 0 0
167 2 0 0 0 0 0 0 0 0
168 2689 1 1 2689 20 0 0 0 0
169 13444 7 7 0 0 0 0 0 0
171 10752 2 2 0 0 0 2688 0 0
172 8064 1 1 2688 0 0 2688 865 0
175 3 0 0 1 0 0 0 0 0
191 16 1 1 0 0 0 14 1 0
193 2 0 0 2 0 0 0 0 0
194 4 1 1 0 0 0 2 0 0
195 2308 0 0 0 0 0 0 0 0
197 16128 3 3 5376 748 0 0 0 0
199 5376 0 0 2688 0 0 2688 0 0
214 20 1 1 12 3 1 0 0 0
fn=lob::v18::BookT<lob::ChecksumSink, 16u>::modify(unsigned long, long, unsigned int)
0 93966 0 0 31322 0 0 0 0 0
72 62332 1 1 0 0 0 0 0 0
76 348 0 0 0 0 0 0 0 0
77 62680 1 1 0 0 0 0 0 0
78 348 0 0 174 0 0 0 0 0
80 93498 0 0 0 0 0 0 0 0
144 124664 0 0 31166 0 0 0 0 0
147 62332 0 0 0 0 0 0 0 0
152 156526 1 1 0 0 0 0 0 0
154 93846 0 0 31340 804 0 0 0 0
fn=void lob::replay<lob::v18::BookT<lob::ChecksumSink, 16u> >(lob::v18::BookT<lob::ChecksumSink, 16u>&, std::__1::span<lob::Op const, 18446744073709551615ul>)
0 7815052 2 2 3352890 0 0 2218292 0 0
72 3327438 1 1 0 0 0 0 0 0
76 10884 0 0 0 0 0 0 0 0
77 2229176 1 1 0 0 0 0 0 0
78 10884 0 0 5442 0 0 0 0 0
80 3327438 0 0 0 0 0 0 0 0
87 3327438 0 0 1109146 2 1 0 0 0
88 2218212 0 0 0 0 0 1109106 0 0
89 3327318 1 1 2218212 0 0 0 0 0
90 4 0 0 0 0 0 2 0 0
94 1109106 0 0 1109106 0 0 0 0 0
95 1109106 0 0 0 0 0 1109106 2 1
98 80 1 1 0 0 0 0 0 0
100 120 0 0 80 0 0 0 0 0
105 80 0 0 0 0 0 0 0 0
109 80 0 0 40 0 0 0 0 0
112 80 0 0 40 0 0 0 0 0
113 40 0 0 0 0 0 40 0 0
119 5545730 0 0 1109146 0 0 0 0 0
123 7764022 1 1 1109146 0 0 0 0 0
124 3327438 0 0 0 0 0 1109146 0 0
125 4436584 0 0 1109146 8 0 0 0 0
126 2256386 0 0 5442 0 0 0 0 0
127 2218292 1 1 1109146 0 0 0 0 0
144 8873168 1 1 2218292 0 0 0 0 0
147 7764062 2 2 40 0 0 0 0 0
152 5567658 1 1 0 0 0 0 0 0
154 3338442 0 0 1114628 81410 0 0 0 0
167 10940 0 0 0 0 0 0 0 0
168 1114616 0 0 1114616 33 8 0 0 0
169 6676756 2 2 0 0 0 0 0 0
171 4436584 1 1 0 0 0 1109146 0 0
172 4436584 0 0 1109146 0 0 1109146 727702 256
175 16410 0 0 5470 1973 0 0 0 0
fl=/home/wang/sources/cxx/book/include/lob/v18/book.hpp
fn=auto lob::v18::BookT<lob::ChecksumSink, 16u>::unlink_off_grid(lob::v18::BookT<lob::ChecksumSink, 16u>::Loc const&)::{lambda(auto:1&)#1}::operator()<std::__1::map<long, lob::v18::BookT<lob::ChecksumSink, 16u>::Level, std::__1::greater<void>, std::__1::allocator<std::__1::pair<long const, lob::v18::BookT<lob::ChecksumSink, 16u>::Level> > > >(std::__1::map<long, lob::v18::BookT<lob::ChecksumSink, 16u>::Level, std::__1::greater<void>, std::__1::allocator<std::__1::pair<long const, lob::v18::BookT<lob::ChecksumSink, 16u>::Level> > >&) const
0 7 0 0 7 0 0 0 0 0
419 8 0 0 0 0 0 4 0 0
420 11 0 0 3 0 0 4 0 0
451 14 0 0 7 0 0 7 0 0
452 7 1 1 0 0 0 7 0 0
473 14 0 0 7 0 0 0 0 0
474 14 0 0 7 0 0 0 0 0
477 35 1 1 0 0 0 0 0 0
478 35 0 0 0 0 0 0 0 0
479 7 0 0 0 0 0 7 3 1
480 7 0 0 0 0 0 7 0 0
618 21 1 1 0 0 0 21 0 0
619 7 0 0 7 0 0 0 0 0
620 7 0 0 0 0 0 0 0 0
621 7 0 0 7 0 0 0 0 0
622 7 0 0 7 0 0 0 0 0
623 14 0 0 7 0 0 0 0 0
627 28 0 0 28 0 0 0 0 0
fn=auto lob::v18::BookT<lob::ChecksumSink, 16u>::unlink_off_grid(lob::v18::BookT<lob::ChecksumSink, 16u>::Loc const&)::{lambda(auto:1&)#1}::operator()<std::__1::map<long, lob::v18::BookT<lob::ChecksumSink, 16u>::Level, std::__1::less<void>, std::__1::allocator<std::__1::pair<long const, lob::v18::BookT<lob::ChecksumSink, 16u>::Level> > > >(std::__1::map<long, lob::v18::BookT<lob::ChecksumSink, 16u>::Level, std::__1::less<void>, std::__1::allocator<std::__1::pair<long const, lob::v18::BookT<lob::ChecksumSink, 16u>::Level> > >&) const
0 10 0 0 10 0 0 0 0 0
419 29 0 0 9 0 0 10 0 0
420 30 0 0 10 0 0 10 0 0
451 20 0 0 10 0 0 10 0 0
452 10 0 0 0 0 0 10 0 0
473 20 0 0 10 0 0 0 0 0
474 20 0 0 10 0 0 0 0 0
477 50 0 0 0 0 0 0 0 0
478 50 1 1 0 0 0 0 0 0
479 10 0 0 0 0 0 10 0 0
480 10 0 0 0 0 0 10 0 0
618 30 1 1 0 0 0 30 0 0
619 10 0 0 10 0 0 0 0 0
620 10 0 0 0 0 0 0 0 0
621 10 0 0 10 0 0 0 0 0
622 10 0 0 10 0 0 0 0 0
623 20 0 0 10 0 0 0 0 0
627 40 0 0 40 0 0 0 0 0
fn=lob::v18::BookT<lob::ChecksumSink, 16u>::anchor_if_on_tick(long)
410 3 0 0 0 0 0 1 0 0
411 1 0 0 0 0 0 1 0 0
635 10 2 2 1 0 0 0 0 0
636 1 0 0 1 0 0 0 0 0
fn=lob::v18::BookT<lob::ChecksumSink, 16u>::modify(unsigned long, long, unsigned int)
0 93498 1 1 0 0 0 62332 204 0
211 280494 1 1 0 0 0 186996 326 0
214 62332 0 0 0 0 0 0 0 0
215 62332 0 0 0 0 0 0 0 0
217 31166 0 0 31166 0 0 0 0 0
219 124664 0 0 31166 0 0 0 0 0
220 31166 1 1 0 0 0 31166 0 0
221 31166 0 0 31166 0 0 0 0 0
225 31166 0 0 31166 0 0 0 0 0
229 280494 0 0 218162 0 0 0 0 0
367 62332 0 0 0 0 0 0 0 0
388 31166 0 0 31166 160 0 0 0 0
389 62332 0 0 0 0 0 0 0 0
407 62332 0 0 31166 0 0 0 0 0
fn=lob::v18::BookT<lob::ChecksumSink, 16u>::off_grid_level(lob::Side, long)
0 17 0 0 0 0 0 0 0 0
419 44 0 0 10 0 0 17 0 0
420 51 0 0 17 2 0 17 0 0
610 153 0 0 0 0 0 119 0 0
611 79 0 0 14 0 0 0 0 0
613 153 0 0 119 0 0 0 0 0
fn=lob::v18::BookT<lob::ChecksumSink, 16u>::unlink_off_grid(lob::v18::BookT<lob::ChecksumSink, 16u>::Loc const&)
617 34 1 1 0 0 0 0 0 0
618 34 1 1 0 0 0 34 0 0
628 34 0 0 17 0 0 0 0 0
629 28 0 0 0 0 0 7 0 0
631 40 0 0 0 0 0 10 0 0
632 34 0 0 17 0 0 0 0 0
fn=void lob::replay<lob::v18::BookT<lob::ChecksumSink, 16u> >(lob::v18::BookT<lob::ChecksumSink, 16u>&, std::__1::span<lob::Op const, 18446744073709551615ul>)
0 23310112 2 2 11122595 281184 281183 4436584 1 1
183 11184958 1 1 2249458 420513 420512 0 0 0
185 4436584 2 2 3327438 137943 137943 0 0 0
189 186996 0 0 62332 3910 3910 31166 0 0
195 1109146 0 0 0 0 0 0 0 0
196 4436584 0 0 0 0 0 0 0 0
197 1109146 0 0 0 0 0 1109146 0 0
199 80 0 0 0 0 0 0 0 0
206 2218292 0 0 2218292 25743 128 0 0 0
208 1109146 0 0 1109146 0 0 0 0 0
345 6654774 0 0 0 0 0 0 0 0
365 8873216 0 0 24 0 0 0 0 0
367 2218292 0 0 0 0 0 0 0 0
368 17 0 0 0 0 0 0 0 0
389 17 0 0 17 7 6 0 0 0
391 34 0 0 0 0 0 0 0 0
399 2 0 0 1 0 0 0 0 0
404 2218292 0 0 1109146 0 0 0 0 0
405 3327438 0 0 0 0 0 0 0 0
407 2218280 0 0 2218280 0 0 0 0 0
436 3327438 0 0 1109146 3 2 0 0 0
437 1109146 1 1 0 0 0 0 0 0
438 3321591 0 0 1107197 6269 1 1107197 0 0
439 1107197 0 0 0 0 0 0 0 0
440 5847 1 1 0 0 0 0 0 0
445 5547679 1 1 1109146 0 0 1109146 0 0
446 2218292 0 0 0 0 0 2218292 101077 219
451 2218258 0 0 1109129 0 0 1109129 0 0
452 1109129 0 0 0 0 0 1109129 0 0
462 3327438 0 0 1109146 5446 848 0 0 0
464 5545730 1 1 1109146 0 0 0 0 0
465 1109146 0 0 0 0 0 1109146 11820 72
466 1109146 0 0 0 0 0 1109146 0 0
467 1109146 0 0 0 0 0 1109146 0 0
468 1109146 0 0 0 0 0 1109146 0 0
477 5545645 1 1 0 0 0 0 0 0
478 6654774 1 1 1109129 0 0 0 0 0
479 1109129 0 0 0 0 0 1109129 39813 542
480 1109129 0 0 0 0 0 1109129 15137 197
489 3327438 1 1 0 0 0 0 0 0
490 3327420 0 0 0 0 0 0 0 0
491 6654825 1 1 0 0 0 0 0 0
492 1109146 0 0 1109146 4 2 0 0 0
494 4436560 0 0 0 0 0 0 0 0
495 2218292 1 1 0 0 0 0 0 0
500 1109146 0 0 0 0 0 0 0 0
568 2218298 1 1 1109146 0 0 1 0 0
572 1109146 0 0 0 0 0 0 0 0
573 3327387 0 0 1109129 1 0 0 0 0
574 1109129 0 0 0 0 0 0 0 0
576 102 0 0 0 0 0 17 0 0
579 1109146 0 0 0 0 0 1109146 1 0
580 1109146 0 0 1109146 4 2 0 0 0
595 1109146 0 0 1109146 0 0 0 0 0
597 2218292 0 0 0 0 0 0 0 0
600 11091290 0 0 2218258 0 0 0 0 0
601 3327387 0 0 1109129 0 0 1109129 0 0
603 4436516 0 0 0 0 0 0 0 0
605 102 0 0 0 0 0 51 0 0
fl=/home/wang/sources/cxx/book/include/lob/v3/hier_bitmap.hpp
fn=void lob::replay<lob::v18::BookT<lob::ChecksumSink, 16u> >(lob::v18::BookT<lob::ChecksumSink, 16u>&, std::__1::span<lob::Op const, 18446744073709551615ul>)
0 1122479 0 0 0 0 0 0 0 0
48 3327438 0 0 2218292 12 7 0 0 0
57 2231515 0 0 0 0 0 0 0 0
58 3380111 1 1 1122310 384 81 0 0 0
59 3367158 0 0 2244696 1 1 2244620 3 3
78 3327387 1 1 1109129 0 0 0 0 0
79 3327387 0 0 1109129 815 44 0 0 0
80 1109129 0 0 0 0 0 0 0 0
83 13257 0 0 0 0 0 0 0 0
84 39847 1 1 13257 0 0 0 0 0
95 5545700 0 0 0 0 0 0 0 0
fl=/home/wang/sources/cxx/book/source/main.cxx
fn=auto lob::for_each_type<std::__1::tuple<lob::v0::Book<lob::ChecksumSink>, lob::v1::Book<lob::ChecksumSink>, lob::v2::Book<lob::ChecksumSink>, lob::v3::BookT<lob::ChecksumSink, 16u>, lob::v4::BookT<lob::ChecksumSink, 16u>, lob::v5::BookT<lob::ChecksumSink, 16u>, lob::v7::BookT<lob::ChecksumSink, 16u>, lob::v8::BookT<lob::ChecksumSink, 16u>, lob::v9::BookT<lob::ChecksumSink, 16u>, lob::v10::BookT<lob::ChecksumSink, 16u>, lob::v11::BookT<lob::ChecksumSink, 16u>, lob::v12::BookT<lob::ChecksumSink, 16u>, lob::v13::BookT<lob::ChecksumSink, 16u>, lob::v14::BookT<lob::ChecksumSink, 16u>, lob::v15::BookT<lob::ChecksumSink, 16u>, lob::v16::BookT<lob::ChecksumSink, 16u>, lob::v17::BookT<lob::ChecksumSink, 16u>, lob::v18::BookT<lob::ChecksumSink, 16u>, lob::v19::BookT<lob::ChecksumSink, 16u> >, (anonymous namespace)::with_version<(anonymous namespace)::cmd_replay((anonymous namespace)::Args const&)::$_0>(std::__1::basic_string_view<char, std::__1::char_traits<char> >, (anonymous namespace)::cmd_replay((anonymous namespace)::Args const&)::$_0&&)::{lambda<typename $T0>()#1}>((anonymous namespace)::with_version<(anonymous namespace)::cmd_replay((anonymous namespace)::Args const&)::$_0>(std::__1::basic_string_view<char, std::__1::char_traits<char> >, (anonymous namespace)::cmd_replay((anonymous namespace)::Args const&)::$_0&&)::{lambda<typename $T0>()#1}&&)::{lambda<unsigned long... $N0>(std::__1::integer_sequence<unsigned long, ($N0)...>)#1}::operator()<0ul, 1ul, 2ul, 3ul, 4ul, 5ul, 6ul, 7ul, 8ul, 9ul, 10ul, 11ul, 12ul, 13ul, 14ul, 15ul, 16ul, 17ul, 18ul>(std::__1::integer_sequence<unsigned long, 0ul, 1ul, 2ul, 3ul, 4ul, 5ul, 6ul, 7ul, 8ul, 9ul, 10ul, 11ul, 12ul, 13ul, 14ul, 15ul, 16ul, 17ul, 18ul>) const
294 2 1 1 0 0 0 1 1 1
295 3 0 0 1 1 1 1 1 1
296 9 2 2 0 0 0 6 1 1
fl=/usr/include/c++/v1/__bit/countr.h
fn=lob::v16::OrderIndex::alloc(unsigned long)
28 6 0 0 0 0 0 0 0 0
fn=lob::v16::OrderIndex::grow()
28 5376 0 0 0 0 0 0 0 0
fn=lob::v18::BookT<lob::ChecksumSink, 16u>::modify(unsigned long, long, unsigned int)
28 62332 0 0 0 0 0 0 0 0
fn=void lob::replay<lob::v18::BookT<lob::ChecksumSink, 16u> >(lob::v18::BookT<lob::ChecksumSink, 16u>&, std::__1::span<lob::Op const, 18446744073709551615ul>)
28 8873144 0 0 2218280 9 2 0 0 0
fl=/usr/include/c++/v1/__functional/operations.h
fn=auto lob::v18::BookT<lob::ChecksumSink, 16u>::unlink_off_grid(lob::v18::BookT<lob::ChecksumSink, 16u>::Loc const&)::{lambda(auto:1&)#1}::operator()<std::__1::map<long, lob::v18::BookT<lob::ChecksumSink, 16u>::Level, std::__1::greater<void>, std::__1::allocator<std::__1::pair<long const, lob::v18::BookT<lob::ChecksumSink, 16u>::Level> > > >(std::__1::map<long, lob::v18::BookT<lob::ChecksumSink, 16u>::Level, std::__1::greater<void>, std::__1::allocator<std::__1::pair<long const, lob::v18::BookT<lob::ChecksumSink, 16u>::Level> > >&) const
462 49 0 0 21 7 3 0 0 0
fn=auto lob::v18::BookT<lob::ChecksumSink, 16u>::unlink_off_grid(lob::v18::BookT<lob::ChecksumSink, 16u>::Loc const&)::{lambda(auto:1&)#1}::operator()<std::__1::map<long, lob::v18::BookT<lob::ChecksumSink, 16u>::Level, std::__1::less<void>, std::__1::allocator<std::__1::pair<long const, lob::v18::BookT<lob::ChecksumSink, 16u>::Level> > > >(std::__1::map<long, lob::v18::BookT<lob::ChecksumSink, 16u>::Level, std::__1::less<void>, std::__1::allocator<std::__1::pair<long const, lob::v18::BookT<lob::ChecksumSink, 16u>::Level> > >&) const
375 70 1 1 30 3 3 0 0 0
fn=lob::v18::BookT<lob::ChecksumSink, 16u>::off_grid_level(lob::Side, long)
375 38 0 0 19 1 0 0 0 0
462 20 0 0 10 2 0 0 0 0
fl=/usr/include/c++/v1/__iterator/wrap_iter.h
fn=void lob::replay<lob::v18::BookT<lob::ChecksumSink, 16u> >(lob::v18::BookT<lob::ChecksumSink, 16u>&, std::__1::span<lob::Op const, 18446744073709551615ul>)
65 2249458 0 0 0 0 0 0 0 0
125 2249459 0 0 0 0 0 0 0 0
fl=/usr/include/c++/v1/__memory/allocator.h
fn=void lob::replay<lob::v18::BookT<lob::ChecksumSink, 16u> >(lob::v18::BookT<lob::ChecksumSink, 16u>&, std::__1::span<lob::Op const, 18446744073709551615ul>)
100 60 1 1 0 0 0 12 0 0
fl=/usr/include/c++/v1/__memory/construct_at.h
fn=void lob::replay<lob::v18::BookT<lob::ChecksumSink, 16u> >(lob::v18::BookT<lob::ChecksumSink, 16u>&, std::__1::span<lob::Op const, 18446744073709551615ul>)
38 7796 0 0 0 0 0 3898 1006 846
fl=/usr/include/c++/v1/__memory/uninitialized_algorithms.h
fn=void lob::replay<lob::v18::BookT<lob::ChecksumSink, 16u> >(lob::v18::BookT<lob::ChecksumSink, 16u>&, std::__1::span<lob::Op const, 18446744073709551615ul>)
0 24 1 1 24 0 0 0 0 0
638 72 0 0 0 0 0 24 0 0
fl=/usr/include/c++/v1/__memory/unique_ptr.h
fn=lob::v16::OrderIndex::alloc(unsigned long)
91 2 0 0 0 0 0 2 0 0
287 2 0 0 2 0 0 0 0 0
288 2 0 0 0 0 0 2 0 0
289 4 0 0 0 0 0 0 0 0
606 2 1 1 2 0 0 0 0 0
607 2 0 0 0 0 0 2 0 0
609 4 0 0 0 0 0 0 0 0
765 14 0 0 0 0 0 4 0 0
fn=lob::v16::OrderIndex::grow()
281 2 0 0 2 0 0 0 0 0
282 2 0 0 0 0 0 2 0 0
fn=void lob::replay<lob::v18::BookT<lob::ChecksumSink, 16u> >(lob::v18::BookT<lob::ChecksumSink, 16u>&, std::__1::span<lob::Op const, 18446744073709551615ul>)
583 1109146 0 0 1109146 0 0 0 0 0
fl=/usr/include/c++/v1/__new/allocate.h
fn=auto lob::v18::BookT<lob::ChecksumSink, 16u>::unlink_off_grid(lob::v18::BookT<lob::ChecksumSink, 16u>::Loc const&)::{lambda(auto:1&)#1}::operator()<std::__1::map<long, lob::v18::BookT<lob::ChecksumSink, 16u>::Level, std::__1::greater<void>, std::__1::allocator<std::__1::pair<long const, lob::v18::BookT<lob::ChecksumSink, 16u>::Level> > > >(std::__1::map<long, lob::v18::BookT<lob::ChecksumSink, 16u>::Level, std::__1::greater<void>, std::__1::allocator<std::__1::pair<long const, lob::v18::BookT<lob::ChecksumSink, 16u>::Level> > >&) const
63 12 0 0 0 0 0 4 0 0
fn=auto lob::v18::BookT<lob::ChecksumSink, 16u>::unlink_off_grid(lob::v18::BookT<lob::ChecksumSink, 16u>::Loc const&)::{lambda(auto:1&)#1}::operator()<std::__1::map<long, lob::v18::BookT<lob::ChecksumSink, 16u>::Level, std::__1::less<void>, std::__1::allocator<std::__1::pair<long const, lob::v18::BookT<lob::ChecksumSink, 16u>::Level> > > >(std::__1::map<long, lob::v18::BookT<lob::ChecksumSink, 16u>::Level, std::__1::less<void>, std::__1::allocator<std::__1::pair<long const, lob::v18::BookT<lob::ChecksumSink, 16u>::Level> > >&) const
63 30 0 0 0 0 0 10 0 0
fn=lob::v18::BookT<lob::ChecksumSink, 16u>::off_grid_level(lob::Side, long)
43 42 2 2 0 0 0 14 0 0
fn=void lob::replay<lob::v18::BookT<lob::ChecksumSink, 16u> >(lob::v18::BookT<lob::ChecksumSink, 16u>&, std::__1::span<lob::Op const, 18446744073709551615ul>)
0 132 2 2 132 0 0 0 0 0
37 24 0 0 0 0 0 0 0 0
43 72 1 1 0 0 0 24 0 0
63 44 0 0 11 0 0 22 0 0
fl=/usr/include/c++/v1/__split_buffer
fn=void lob::replay<lob::v18::BookT<lob::ChecksumSink, 16u> >(lob::v18::BookT<lob::ChecksumSink, 16u>&, std::__1::span<lob::Op const, 18446744073709551615ul>)
0 11 0 0 11 0 0 0 0 0
334 24 0 0 0 0 0 0 0 0
335 24 0 0 0 0 0 0 0 0
341 48 0 0 0 0 0 0 0 0
fl=/usr/include/c++/v1/__tree
fn=auto lob::v18::BookT<lob::ChecksumSink, 16u>::unlink_off_grid(lob::v18::BookT<lob::ChecksumSink, 16u>::Loc const&)::{lambda(auto:1&)#1}::operator()<std::__1::map<long, lob::v18::BookT<lob::ChecksumSink, 16u>::Level, std::__1::greater<void>, std::__1::allocator<std::__1::pair<long const, lob::v18::BookT<lob::ChecksumSink, 16u>::Level> > > >(std::__1::map<long, lob::v18::BookT<lob::ChecksumSink, 16u>::Level, std::__1::greater<void>, std::__1::allocator<std::__1::pair<long const, lob::v18::BookT<lob::ChecksumSink, 16u>::Level> > >&) const
0 55 1 1 21 1 1 0 0 0
105 10 0 0 10 0 0 0 0 0
191 12 0 0 4 0 0 0 0 0
193 5 0 0 0 0 0 0 0 0
680 7 0 0 0 0 0 0 0 0
862 7 0 0 0 0 0 0 0 0
884 7 0 0 7 0 0 0 0 0
915 6 0 0 3 0 0 0 0 0
1824 8 1 1 4 0 0 0 0 0
1825 2 0 0 0 0 0 2 0 0
1826 4 0 0 4 0 0 0 0 0
1827 8 0 0 0 0 0 4 0 0
1994 14 0 0 0 0 0 0 0 0
2049 42 0 0 0 0 0 0 0 0
2050 14 0 0 0 0 0 0 0 0
fn=auto lob::v18::BookT<lob::ChecksumSink, 16u>::unlink_off_grid(lob::v18::BookT<lob::ChecksumSink, 16u>::Loc const&)::{lambda(auto:1&)#1}::operator()<std::__1::map<long, lob::v18::BookT<lob::ChecksumSink, 16u>::Level, std::__1::less<void>, std::__1::allocator<std::__1::pair<long const, lob::v18::BookT<lob::ChecksumSink, 16u>::Level> > > >(std::__1::map<long, lob::v18::BookT<lob::ChecksumSink, 16u>::Level, std::__1::less<void>, std::__1::allocator<std::__1::pair<long const, lob::v18::BookT<lob::ChecksumSink, 16u>::Level> > >&) const
0 90 0 0 30 2 2 0 0 0
105 12 0 0 12 0 0 0 0 0
163 16 0 0 4 0 0 0 0 0
191 30 1 1 10 0 0 0 0 0
193 6 0 0 0 0 0 0 0 0
680 10 0 0 0 0 0 0 0 0
862 10 0 0 0 0 0 0 0 0
884 10 1 1 10 0 0 0 0 0
915 29 1 1 19 0 0 0 0 0
1824 20 0 0 10 0 0 0 0 0
1825 9 0 0 0 0 0 9 0 0
1826 10 1 1 10 0 0 0 0 0
1827 20 0 0 0 0 0 10 0 0
1994 20 0 0 0 0 0 0 0 0
2049 60 0 0 0 0 0 0 0 0
2050 20 0 0 0 0 0 0 0 0
fn=lob::v18::BookT<lob::ChecksumSink, 16u>::off_grid_level(lob::Side, long)
0 179 0 0 0 0 0 0 0 0
862 17 1 1 0 0 0 0 0 0
884 17 1 1 17 0 0 0 0 0
915 44 0 0 27 0 0 0 0 0
1593 29 0 0 0 0 0 0 0 0
1594 38 0 0 19 1 0 0 0 0
1601 10 0 0 0 0 0 0 0 0
1602 21 0 0 7 1 0 0 0 0
1673 28 0 0 0 0 0 14 0 0
1674 14 0 0 0 0 0 14 0 0
1676 14 0 0 0 0 0 14 0 0
1677 56 0 0 28 0 0 0 0 0
1678 9 0 0 0 0 0 9 0 0
1679 42 1 1 14 0 0 14 0 0
fn=void std::__1::__tree_balance_after_insert[abi:ne210105]<std::__1::__tree_node_base<void*>*>(std::__1::__tree_node_base<void*>*, std::__1::__tree_node_base<void*>*)
0 8 1 1 0 0 0 0 0 0
105 38 1 1 28 0 0 0 0 0
235 2 1 1 2 0 0 0 0 0
236 4 0 0 2 0 0 2 0 0
237 4 0 0 0 0 0 0 0 0
239 3 0 0 1 0 0 2 0 0
240 1 0 0 0 0 0 0 0 0
241 2 0 0 0 0 0 2 0 0
244 2 0 0 0 0 0 2 0 0
254 1 0 0 1 0 0 0 0 0
255 8 0 0 4 0 0 4 0 0
256 8 0 0 0 0 0 0 0 0
258 8 1 1 4 0 0 4 0 0
259 4 0 0 0 0 0 0 0 0
260 4 0 0 0 0 0 4 0 0
263 4 0 0 0 0 0 4 0 0
278 28 1 1 0 0 0 14 0 0
279 48 0 0 13 0 0 0 0 0
281 9 0 0 0 0 0 0 0 0
282 6 1 1 6 0 0 0 0 0
283 16 0 0 2 0 0 0 0 0
285 2 0 0 0 0 0 2 0 0
287 4 0 0 0 0 0 2 0 0
288 4 0 0 0 0 0 2 0 0
290 7 0 0 0 0 0 0 0 0
295 4 0 0 0 0 0 4 0 0
297 4 0 0 0 0 0 4 0 0
303 10 0 0 2 0 0 0 0 0
305 2 0 0 0 0 0 2 0 0
307 4 0 0 0 0 0 2 0 0
308 4 0 0 0 0 0 2 0 0
310 2 0 0 0 0 0 0 0 0
315 1 0 0 0 0 0 1 0 0
317 1 0 0 0 0 0 1 0 0
323 14 0 0 14 0 0 0 0 0
569 14 0 0 14 0 0 0 0 0
571 6 0 0 0 0 0 6 0 0
fn=void std::__1::__tree_remove[abi:ne210105]<std::__1::__tree_node_base<void*>*>(std::__1::__tree_node_base<void*>*, std::__1::__tree_node_base<void*>*)
0 41 1 1 7 0 0 7 0 0
105 88 1 1 45 0 0 0 0 0
163 3 0 0 1 0 0 0 0 0
235 2 0 0 2 0 0 0 0 0
236 4 0 0 2 0 0 2 0 0
237 4 0 0 0 0 0 0 0 0
239 4 0 0 2 0 0 2 0 0
240 2 0 0 0 0 0 0 0 0
241 2 0 0 0 0 0 2 0 0
244 2 0 0 0 0 0 2 0 0
254 1 0 0 1 0 0 0 0 0
255 6 0 0 3 0 0 3 0 0
256 6 0 0 0 0 0 0 0 0
258 6 1 1 3 0 0 3 0 0
259 3 0 0 0 0 0 0 0 0
260 1 1 1 0 0 0 1 0 0
262 4 0 0 0 0 0 2 0 0
263 3 0 0 0 0 0 3 0 0
339 60 2 2 15 0 0 0 0 0
341 14 0 0 14 0 0 0 0 0
345 28 0 0 0 0 0 0 0 0
346 9 0 0 3 0 0 3 0 0
347 14 0 0 0 0 0 0 0 0
348 12 0 0 0 0 0 12 0 0
349 24 0 0 0 0 0 0 0 0
350 8 0 0 8 0 0 0 0 0
354 2 0 0 0 0 0 2 0 0
358 14 0 0 14 0 0 0 0 0
361 36 0 0 0 0 0 0 0 0
363 2 1 1 1 0 0 1 0 0
364 1 0 0 0 0 0 0 0 0
365 1 0 0 0 0 0 1 0 0
368 2 0 0 1 0 0 1 0 0
370 2 0 0 1 0 0 1 0 0
371 2 0 0 0 0 0 0 0 0
373 2 0 0 1 0 0 1 0 0
374 2 1 1 0 0 0 0 0 0
379 38 0 0 0 0 0 0 0 0
392 20 0 0 0 0 0 0 0 0
393 3 0 0 0 0 0 3 0 0
401 7 0 0 0 0 0 0 0 0
403 12 1 1 0 0 0 0 0 0
415 22 1 1 8 1 1 0 0 0
416 12 0 0 4 0 0 0 0 0
417 4 0 0 0 0 0 4 0 0
420 11 0 0 1 0 0 0 0 0
429 6 1 1 2 0 0 0 0 0
431 2 0 0 0 0 0 2 0 0
432 2 0 0 0 0 0 2 0 0
439 4 0 0 2 0 0 2 0 0
440 2 0 0 0 0 0 2 0 0
441 2 0 0 0 0 0 2 0 0
446 2 1 1 0 0 0 0 0 0
458 5 1 1 2 0 0 0 0 0
472 1 0 0 0 0 0 0 0 0
482 2 0 0 1 0 0 1 0 0
483 1 0 0 0 0 0 1 0 0
484 1 0 0 0 0 0 1 0 0
492 14 0 0 14 0 0 0 0 0
569 7 1 1 7 0 0 0 0 0
571 4 0 0 0 0 0 4 0 0
fl=/usr/include/c++/v1/__utility/pair.h
fn=lob::v18::BookT<lob::ChecksumSink, 16u>::off_grid_level(lob::Side, long)
445 14 0 0 0 0 0 14 0 0
446 14 0 0 0 0 0 14 0 0
fl=/usr/include/c++/v1/__utility/swap.h
fn=void lob::replay<lob::v18::BookT<lob::ChecksumSink, 16u> >(lob::v18::BookT<lob::ChecksumSink, 16u>&, std::__1::span<lob::Op const, 18446744073709551615ul>)
0 12 0 0 12 0 0 0 0 0
44 72 0 0 0 0 0 72 0 0
fl=/usr/include/c++/v1/__vector/vector.h
fn=auto lob::for_each_type<std::__1::tuple<lob::v0::Book<lob::ChecksumSink>, lob::v1::Book<lob::ChecksumSink>, lob::v2::Book<lob::ChecksumSink>, lob::v3::BookT<lob::ChecksumSink, 16u>, lob::v4::BookT<lob::ChecksumSink, 16u>, lob::v5::BookT<lob::ChecksumSink, 16u>, lob::v7::BookT<lob::ChecksumSink, 16u>, lob::v8::BookT<lob::ChecksumSink, 16u>, lob::v9::BookT<lob::ChecksumSink, 16u>, lob::v10::BookT<lob::ChecksumSink, 16u>, lob::v11::BookT<lob::ChecksumSink, 16u>, lob::v12::BookT<lob::ChecksumSink, 16u>, lob::v13::BookT<lob::ChecksumSink, 16u>, lob::v14::BookT<lob::ChecksumSink, 16u>, lob::v15::BookT<lob::ChecksumSink, 16u>, lob::v16::BookT<lob::ChecksumSink, 16u>, lob::v17::BookT<lob::ChecksumSink, 16u>, lob::v18::BookT<lob::ChecksumSink, 16u>, lob::v19::BookT<lob::ChecksumSink, 16u> >, (anonymous namespace)::with_version<(anonymous namespace)::cmd_replay((anonymous namespace)::Args const&)::$_0>(std::__1::basic_string_view<char, std::__1::char_traits<char> >, (anonymous namespace)::cmd_replay((anonymous namespace)::Args const&)::$_0&&)::{lambda<typename $T0>()#1}>((anonymous namespace)::with_version<(anonymous namespace)::cmd_replay((anonymous namespace)::Args const&)::$_0>(std::__1::basic_string_view<char, std::__1::char_traits<char> >, (anonymous namespace)::cmd_replay((anonymous namespace)::Args const&)::$_0&&)::{lambda<typename $T0>()#1}&&)::{lambda<unsigned long... $N0>(std::__1::integer_sequence<unsigned long, ($N0)...>)#1}::operator()<0ul, 1ul, 2ul, 3ul, 4ul, 5ul, 6ul, 7ul, 8ul, 9ul, 10ul, 11ul, 12ul, 13ul, 14ul, 15ul, 16ul, 17ul, 18ul>(std::__1::integer_sequence<unsigned long, 0ul, 1ul, 2ul, 3ul, 4ul, 5ul, 6ul, 7ul, 8ul, 9ul, 10ul, 11ul, 12ul, 13ul, 14ul, 15ul, 16ul, 17ul, 18ul>) const
388 5 0 0 1 0 0 0 0 0
449 1 0 0 1 1 1 0 0 0
fn=auto lob::v18::BookT<lob::ChecksumSink, 16u>::unlink_off_grid(lob::v18::BookT<lob::ChecksumSink, 16u>::Loc const&)::{lambda(auto:1&)#1}::operator()<std::__1::map<long, lob::v18::BookT<lob::ChecksumSink, 16u>::Level, std::__1::greater<void>, std::__1::allocator<std::__1::pair<long const, lob::v18::BookT<lob::ChecksumSink, 16u>::Level> > > >(std::__1::map<long, lob::v18::BookT<lob::ChecksumSink, 16u>::Level, std::__1::greater<void>, std::__1::allocator<std::__1::pair<long const, lob::v18::BookT<lob::ChecksumSink, 16u>::Level> > >&) const
407 28 0 0 7 0 0 0 0 0
fn=auto lob::v18::BookT<lob::ChecksumSink, 16u>::unlink_off_grid(lob::v18::BookT<lob::ChecksumSink, 16u>::Loc const&)::{lambda(auto:1&)#1}::operator()<std::__1::map<long, lob::v18::BookT<lob::ChecksumSink, 16u>::Level, std::__1::less<void>, std::__1::allocator<std::__1::pair<long const, lob::v18::BookT<lob::ChecksumSink, 16u>::Level> > > >(std::__1::map<long, lob::v18::BookT<lob::ChecksumSink, 16u>::Level, std::__1::less<void>, std::__1::allocator<std::__1::pair<long const, lob::v18::BookT<lob::ChecksumSink, 16u>::Level> > >&) const
407 40 0 0 10 0 0 0 0 0
fn=lob::v18::BookT<lob::ChecksumSink, 16u>::modify(unsigned long, long, unsigned int)
411 124664 1 1 31166 0 0 0 0 0
fn=void lob::replay<lob::v18::BookT<lob::ChecksumSink, 16u> >(lob::v18::BookT<lob::ChecksumSink, 16u>&, std::__1::span<lob::Op const, 18446744073709551615ul>)
0 9877 3 3 1985 0 0 3958 1 0
388 5895 1 1 1961 0 0 0 0 0
391 24 0 0 0 0 0 0 0 0
407 7762073 0 0 2220241 0 0 0 0 0
411 17 0 0 17 0 0 0 0 0
475 3874 0 0 0 0 0 0 0 0
844 48 0 0 0 0 0 0 0 0
902 48 0 0 0 0 0 0 0 0
905 156 0 0 0 0 0 0 0 0
1128 24 1 1 0 0 0 0 0 0
1131 48 0 0 0 0 0 0 0 0
1145 1949 0 0 1949 0 0 0 0 0
1146 17541 0 0 3898 0 0 5847 0 0
1149 3874 0 0 0 0 0 0 0 0
1152 3898 0 0 0 0 0 3898 0 0
fl=/usr/include/c++/v1/map
fn=auto lob::v18::BookT<lob::ChecksumSink, 16u>::unlink_off_grid(lob::v18::BookT<lob::ChecksumSink, 16u>::Loc const&)::{lambda(auto:1&)#1}::operator()<std::__1::map<long, lob::v18::BookT<lob::ChecksumSink, 16u>::Level, std::__1::greater<void>, std::__1::allocator<std::__1::pair<long const, lob::v18::BookT<lob::ChecksumSink, 16u>::Level> > > >(std::__1::map<long, lob::v18::BookT<lob::ChecksumSink, 16u>::Level, std::__1::greater<void>, std::__1::allocator<std::__1::pair<long const, lob::v18::BookT<lob::ChecksumSink, 16u>::Level> > >&) const
1031 12 0 0 8 0 0 0 0 0
fn=auto lob::v18::BookT<lob::ChecksumSink, 16u>::unlink_off_grid(lob::v18::BookT<lob::ChecksumSink, 16u>::Loc const&)::{lambda(auto:1&)#1}::operator()<std::__1::map<long, lob::v18::BookT<lob::ChecksumSink, 16u>::Level, std::__1::less<void>, std::__1::allocator<std::__1::pair<long const, lob::v18::BookT<lob::ChecksumSink, 16u>::Level> > > >(std::__1::map<long, lob::v18::BookT<lob::ChecksumSink, 16u>::Level, std::__1::less<void>, std::__1::allocator<std::__1::pair<long const, lob::v18::BookT<lob::ChecksumSink, 16u>::Level> > >&) const
1031 30 0 0 20 0 0 0 0 0
fn=lob::v18::BookT<lob::ChecksumSink, 16u>::off_grid_level(lob::Side, long)
1031 51 1 1 34 0 0 0 0 0
fl=???
fn=???
0 360 14 14 234 57 23 4 0 0
fn=operator delete(void*)
0 190 0 0 38 0 0 38 0 0
fn=operator delete(void*, std::align_val_t)
0 10 1 1 2 0 0 2 0 0
fn=operator delete(void*, unsigned long)
0 180 1 1 36 0 0 36 0 0
fn=operator delete[](void*)
0 10 0 0 2 0 0 2 0 0
fn=operator new(unsigned long)
0 680 2 2 120 0 0 160 3 1
fn=operator new(unsigned long, std::align_val_t)
0 54 3 3 8 0 0 8 0 0
fn=operator new[](unsigned long)
0 10 0 0 2 0 0 2 0 0
summary: 356171143 330 328 80780299 968493 844864 33675940 900639 4633
