==73463== Cachegrind, a high-precision tracing profiler
==73463== Copyright (C) 2002-2017, and GNU GPL'd, by Nicholas Nethercote et al.
==73463== Using Valgrind-3.22.0 and LibVEX; rerun with -h for copyright info
==73463== Command: /home/wang/sources/cxx/book/build/profile/book replay --workload data/syn_aggressive_s42.ops --version v11
==73463== 
==73463== 
==73463== I refs:        227,908,181
==73463== I1  misses:            240
==73463== LLi misses:            240
==73463== I1  miss rate:        0.00%
==73463== LLi miss rate:        0.00%
==73463== 
==73463== D refs:         94,041,146  (61,519,350 rd   + 32,521,796 wr)
==73463== D1  misses:      2,070,952  ( 1,063,717 rd   +  1,007,235 wr)
==73463== LLd misses:        378,759  (   375,131 rd   +      3,628 wr)
==73463== D1  miss rate:         2.2% (       1.7%     +        3.1%  )
==73463== LLd miss rate:         0.4% (       0.6%     +        0.0%  )
==73463== 
==73463== LL refs:         2,071,192  ( 1,063,957 rd   +  1,007,235 wr)
==73463== LL misses:         378,999  (   375,371 rd   +      3,628 wr)
==73463== LL miss rate:          0.1% (       0.1%     +        0.0%  )
