==64030== Cachegrind, a high-precision tracing profiler
==64030== Copyright (C) 2002-2017, and GNU GPL'd, by Nicholas Nethercote et al.
==64030== Using Valgrind-3.22.0 and LibVEX; rerun with -h for copyright info
==64030== Command: /home/wang/sources/cxx/book/build/profile/book replay --workload data/syn_aggressive_s42.ops --version v10
==64030== 
==64030== 
==64030== I refs:        234,356,114
==64030== I1  misses:            241
==64030== LLi misses:            241
==64030== I1  miss rate:        0.00%
==64030== LLi miss rate:        0.00%
==64030== 
==64030== D refs:         93,874,041  (60,676,405 rd   + 33,197,636 wr)
==64030== D1  misses:      2,064,849  ( 1,058,849 rd   +  1,006,000 wr)
==64030== LLd misses:        378,756  (   375,124 rd   +      3,632 wr)
==64030== D1  miss rate:         2.2% (       1.7%     +        3.0%  )
==64030== LLd miss rate:         0.4% (       0.6%     +        0.0%  )
==64030== 
==64030== LL refs:         2,065,090  ( 1,059,090 rd   +  1,006,000 wr)
==64030== LL misses:         378,997  (   375,365 rd   +      3,632 wr)
==64030== LL miss rate:          0.1% (       0.1%     +        0.0%  )
