==23098== Cachegrind, a high-precision tracing profiler
==23098== Copyright (C) 2002-2017, and GNU GPL'd, by Nicholas Nethercote et al.
==23098== Using Valgrind-3.22.0 and LibVEX; rerun with -h for copyright info
==23098== Command: /home/wang/sources/cxx/book/build/profile/book replay --workload data/syn_aggressive_s42.ops --version v3
==23098== 
==23098== 
==23098== I refs:        225,886,696
==23098== I1  misses:            239
==23098== LLi misses:            239
==23098== I1  miss rate:        0.00%
==23098== LLi miss rate:        0.00%
==23098== 
==23098== D refs:         90,401,991  (60,268,777 rd   + 30,133,214 wr)
==23098== D1  misses:      1,771,536  ( 1,023,537 rd   +    747,999 wr)
==23098== LLd misses:        379,494  (   375,152 rd   +      4,342 wr)
==23098== D1  miss rate:         2.0% (       1.7%     +        2.5%  )
==23098== LLd miss rate:         0.4% (       0.6%     +        0.0%  )
==23098== 
==23098== LL refs:         1,771,775  ( 1,023,776 rd   +    747,999 wr)
==23098== LL misses:         379,733  (   375,391 rd   +      4,342 wr)
==23098== LL miss rate:          0.1% (       0.1%     +        0.0%  )
