==96399== Cachegrind, a high-precision tracing profiler
==96399== Copyright (C) 2002-2017, and GNU GPL'd, by Nicholas Nethercote et al.
==96399== Using Valgrind-3.22.0 and LibVEX; rerun with -h for copyright info
==96399== Command: /home/wang/sources/cxx/book/build/profile/book replay --workload data/itch12302019_SPY.ops --version v15
==96399== 
==96399== 
==96399== I refs:        352,433,536
==96399== I1  misses:            305
==96399== LLi misses:            302
==96399== I1  miss rate:        0.00%
==96399== LLi miss rate:        0.00%
==96399== 
==96399== D refs:        122,404,326  (87,558,193 rd   + 34,846,133 wr)
==96399== D1  misses:      1,821,758  ( 1,739,686 rd   +     82,072 wr)
==96399== LLd misses:        850,882  (   846,746 rd   +      4,136 wr)
==96399== D1  miss rate:         1.5% (       2.0%     +        0.2%  )
==96399== LLd miss rate:         0.7% (       1.0%     +        0.0%  )
==96399== 
==96399== LL refs:         1,822,063  ( 1,739,991 rd   +     82,072 wr)
==96399== LL misses:         851,184  (   847,048 rd   +      4,136 wr)
==96399== LL miss rate:          0.2% (       0.2%     +        0.0%  )
