==19264== Cachegrind, a high-precision tracing profiler
==19264== Copyright (C) 2002-2017, and GNU GPL'd, by Nicholas Nethercote et al.
==19264== Using Valgrind-3.22.0 and LibVEX; rerun with -h for copyright info
==19264== Command: /home/wang/sources/cxx/book/build/profile/book replay --workload data/syn_aggressive_s42.ops --version v1
==19264== 
==19264== 
==19264== I refs:        304,579,752
==19264== I1  misses:            253
==19264== LLi misses:            253
==19264== I1  miss rate:        0.00%
==19264== LLi miss rate:        0.00%
==19264== 
==19264== D refs:        131,667,648  (85,115,813 rd   + 46,551,835 wr)
==19264== D1  misses:      2,230,587  ( 1,322,587 rd   +    908,000 wr)
==19264== LLd misses:        379,310  (   375,097 rd   +      4,213 wr)
==19264== D1  miss rate:         1.7% (       1.6%     +        2.0%  )
==19264== LLd miss rate:         0.3% (       0.4%     +        0.0%  )
==19264== 
==19264== LL refs:         2,230,840  ( 1,322,840 rd   +    908,000 wr)
==19264== LL misses:         379,563  (   375,350 rd   +      4,213 wr)
==19264== LL miss rate:          0.1% (       0.1%     +        0.0%  )
