==100744== Cachegrind, a high-precision tracing profiler
==100744== Copyright (C) 2002-2017, and GNU GPL'd, by Nicholas Nethercote et al.
==100744== Using Valgrind-3.22.0 and LibVEX; rerun with -h for copyright info
==100744== Command: /home/wang/sources/cxx/book/build/profile/book replay --workload data/itch12302019_AAPL.ops --version v16
==100744== 
==100744== 
==100744== I refs:        259,647,018
==100744== I1  misses:            349
==100744== LLi misses:            345
==100744== I1  miss rate:        0.00%
==100744== LLi miss rate:        0.00%
==100744== 
==100744== D refs:         97,228,140  (67,195,616 rd   + 30,032,524 wr)
==100744== D1  misses:      2,083,970  ( 1,125,031 rd   +    958,939 wr)
==100744== LLd misses:        672,536  (   618,878 rd   +     53,658 wr)
==100744== D1  miss rate:         2.1% (       1.7%     +        3.2%  )
==100744== LLd miss rate:         0.7% (       0.9%     +        0.2%  )
==100744== 
==100744== LL refs:         2,084,319  ( 1,125,380 rd   +    958,939 wr)
==100744== LL misses:         672,881  (   619,223 rd   +     53,658 wr)
==100744== LL miss rate:          0.2% (       0.2%     +        0.2%  )
