desc: I1 cache:         32768 B, 64 B, 8-way associative
desc: D1 cache:         49152 B, 64 B, 12-way associative
desc: LL cache:         6291456 B, 64 B, 12-way associative
cmd: /home/wang/sources/cxx/book/build/profile/book replay --workload data/itch12302019_QQQ.ops --version v5
events: Ir I1mr ILmr Dr D1mr DLmr Dw D1mw DLmw 
fl=./malloc/./malloc/arena.c
fn=free
153 372 0 0 0 0 0 0 0 0
fn=malloc
153 200 0 0 0 0 0 0 0 0
fl=./malloc/./malloc/malloc.c
fn=_int_free
1792 81 0 0 81 8 0 0 0 0
1992 12 1 1 4 0 0 0 0 0
3163 86 1 1 43 0 0 43 0 0
3165 172 0 0 43 7 5 43 0 0
3166 43 0 0 0 0 0 43 0 0
3167 86 0 0 0 0 0 43 0 0
4495 868 1 1 0 0 0 496 4 0
4499 372 1 1 124 0 0 0 0 0
4505 496 0 0 0 0 0 0 0 0
4506 248 0 0 0 0 0 0 0 0
4510 620 0 0 0 0 0 0 0 0
4517 248 0 0 0 0 0 0 0 0
4518 744 1 1 372 8 0 0 0 0
4521 47 0 0 0 0 0 0 0 0
4527 141 0 0 94 5 2 0 0 0
4547 235 1 1 94 3 1 0 0 0
4550 43 0 0 0 0 0 0 0 0
4561 162 0 0 0 0 0 0 0 0
4572 16 0 0 4 0 0 0 0 0
4574 12 0 0 4 2 0 0 0 0
4593 4 0 0 0 0 0 0 0 0
4595 4 0 0 0 0 0 4 2 0
4596 4 0 0 0 0 0 0 0 0
4600 12 0 0 4 0 0 0 0 0
4602 8 0 0 4 2 0 0 0 0
4606 8 0 0 0 0 0 0 0 0
4608 12 0 0 0 0 0 4 0 0
4609 4 0 0 0 0 0 4 0 0
4628 16 0 0 0 0 0 0 0 0
4637 154 0 0 77 0 0 0 0 0
4640 154 0 0 77 6 0 0 0 0
4643 154 1 1 0 0 0 0 0 0
4646 154 0 0 0 0 0 0 0 0
4658 667 1 1 543 0 0 0 0 0
fn=_int_free_maybe_consolidate
4770 847 2 1 77 5 0 539 0 0
4776 154 0 0 0 0 0 0 0 0
4778 16 0 0 4 0 0 0 0 0
4781 12 0 0 0 0 0 0 0 0
4784 20 2 2 12 4 0 0 0 0
4785 15 0 0 9 0 0 0 0 0
4798 835 1 1 684 0 0 0 0 0
fn=_int_free_merge_chunk
1992 231 0 0 77 0 0 0 0 0
4665 616 1 1 0 0 0 462 3 0
4666 77 0 0 0 0 0 0 0 0
4670 462 0 0 77 5 0 0 0 0
4673 308 1 1 77 5 0 0 0 0
4675 231 1 1 77 25 0 0 0 0
4678 231 0 0 77 1 0 0 0 0
4681 154 0 0 0 0 0 0 0 0
4682 154 0 0 0 0 0 0 0 0
4683 154 0 0 77 6 0 0 0 0
4689 154 1 1 77 0 0 0 0 0
4691 14 0 0 14 0 0 0 0 0
4692 14 0 0 0 0 0 0 0 0
4693 14 0 0 0 0 0 0 0 0
4694 56 0 0 14 6 0 0 0 0
4696 28 0 0 0 0 0 14 0 0
4701 231 0 0 0 0 0 0 0 0
4702 539 0 0 462 0 0 0 0 0
4714 154 0 0 77 0 0 0 0 0
4720 150 0 0 75 0 0 0 0 0
4721 50 1 1 0 0 0 25 0 0
4722 50 0 0 0 0 0 0 0 0
4724 50 0 0 50 0 0 0 0 0
4732 75 0 0 0 0 0 0 0 0
4733 300 1 1 75 0 0 0 0 0
4734 150 0 0 75 1 0 0 0 0
4736 75 0 0 0 0 0 75 0 0
4738 150 0 0 0 0 0 0 0 0
4740 225 1 1 0 0 0 75 0 0
4743 75 0 0 0 0 0 75 0 0
4744 75 0 0 0 0 0 75 0 0
4746 225 0 0 0 0 0 75 0 0
4747 75 0 0 0 0 0 75 0 0
4756 2 0 0 0 0 0 0 0 0
4757 6 0 0 0 0 0 2 0 0
4758 4 0 0 0 0 0 2 0 0
fn=_int_malloc
1326 200 0 0 0 0 0 0 0 0
1345 600 0 0 0 0 0 0 0 0
1794 100 1 1 100 0 0 0 0 0
1985 204 0 0 68 0 0 0 0 0
2008 8 0 0 2 0 0 0 0 0
2552 36 0 0 12 12 6 12 0 0
2553 2 1 1 0 0 0 2 0 0
2564 12 1 1 6 6 3 0 0 0
2565 12 0 0 8 0 0 0 0 0
2568 16 0 0 4 0 0 0 0 0
2576 24 0 0 4 0 0 8 4 1
2577 8 0 0 0 0 0 0 0 0
2589 8 0 0 2 0 0 2 0 0
2590 4 0 0 0 0 0 2 0 0
2599 24 1 1 6 0 0 0 0 0
2605 6 0 0 4 0 0 0 0 0
2608 6 1 1 0 0 0 0 0 0
2669 6 1 1 2 0 0 2 0 0
2677 4 0 0 2 0 0 0 0 0
2678 6 0 0 2 0 0 2 0 0
2691 6 1 1 2 0 0 0 0 0
2693 2 0 0 2 0 0 0 0 0
2699 10 0 0 2 0 0 2 0 0
2707 4 0 0 0 0 0 0 0 0
2709 8 2 2 0 0 0 4 2 1
2710 6 0 0 2 0 0 0 0 0
2711 2 0 0 0 0 0 0 0 0
2712 2 0 0 0 0 0 0 0 0
2715 4 0 0 0 0 0 0 0 0
2744 14 1 1 6 0 0 0 0 0
2746 4 1 1 0 0 0 2 0 0
2752 16 0 0 2 0 0 0 0 0
2753 12 0 0 2 0 0 2 0 0
2921 6 1 1 4 0 0 0 0 0
2922 1 0 0 0 0 0 1 0 0
2926 2 0 0 2 0 0 0 0 0
2930 10 1 1 4 0 0 0 0 0
2932 2 0 0 0 0 0 0 0 0
2933 2 0 0 0 0 0 0 0 0
2934 2 0 0 0 0 0 2 0 0
2935 14 0 0 0 0 0 2 0 0
2936 4 0 0 0 0 0 2 2 2
2938 2 0 0 0 0 0 0 0 0
3846 1100 2 2 100 31 3 700 31 3
3887 200 0 0 0 0 0 0 0 0
3914 200 0 0 0 0 0 0 0 0
3916 44 0 0 0 0 0 0 0 0
3919 11 0 0 11 2 1 0 0 0
3921 22 0 0 0 0 0 0 0 0
3930 33 2 2 0 0 0 0 0 0
3977 178 1 1 0 0 0 0 0 0
3979 58 0 0 0 0 0 0 0 0
3980 34 1 1 0 0 0 0 0 0
3982 51 0 0 17 9 6 0 0 0
4039 649 1 1 0 0 0 0 0 0
4040 249 0 0 83 30 2 0 0 0
4058 300 1 1 100 0 0 0 0 0
4059 300 0 0 0 0 0 100 0 0
4060 300 1 1 200 0 0 0 0 0
4069 170 0 0 0 0 0 85 0 0
4070 722 1 1 172 31 3 100 0 0
4072 113 0 0 113 12 1 0 0 0
4073 226 0 0 113 6 1 0 0 0
4074 113 0 0 0 0 0 0 0 0
4076 226 0 0 0 0 0 0 0 0
4077 339 1 1 113 27 1 0 0 0
4079 113 0 0 113 32 1 0 0 0
4080 452 0 0 0 0 0 0 0 0
4082 452 0 0 113 0 0 0 0 0
4084 226 1 1 113 11 0 0 0 0
4085 226 0 0 113 0 0 0 0 0
4087 226 0 0 0 0 0 0 0 0
4098 452 0 0 0 0 0 0 0 0
4099 18 1 1 9 0 0 0 0 0
4100 14 0 0 0 0 0 0 0 0
4101 7 0 0 0 0 0 0 0 0
4104 7 0 0 0 0 0 0 0 0
4105 7 1 1 0 0 0 0 0 0
4106 7 0 0 0 0 0 7 0 0
4107 21 0 0 0 0 0 7 0 0
4108 21 1 1 0 0 0 7 7 0
4109 14 0 0 0 0 0 0 0 0
4111 14 0 0 0 0 0 7 1 0
4115 56 0 0 0 0 0 7 0 0
4117 21 1 1 0 0 0 7 0 0
4118 7 0 0 0 0 0 7 0 0
4121 41 0 0 0 0 0 0 0 0
4122 21 0 0 0 0 0 7 0 0
4123 7 0 0 0 0 0 0 0 0
4127 106 0 0 0 0 0 106 0 0
4128 106 0 0 0 0 0 106 0 0
4132 212 0 0 0 0 0 0 0 0
4134 68 0 0 0 0 0 34 0 0
4135 102 0 0 0 0 0 0 0 0
4140 68 0 0 0 0 0 0 0 0
4161 154 2 2 0 0 0 0 0 0
4169 973 4 4 0 0 0 72 0 0
4170 216 1 1 0 0 0 0 0 0
4171 72 0 0 72 38 5 0 0 0
4174 144 0 0 0 0 0 0 0 0
4218 288 0 0 0 0 0 72 9 0
4221 504 2 2 144 28 1 0 0 0
4222 72 0 0 0 0 0 72 0 0
4223 72 0 0 0 0 0 72 0 0
4224 72 0 0 0 0 0 72 0 0
4225 72 0 0 0 0 0 72 0 0
4230 144 0 0 144 0 0 0 0 0
4231 144 0 0 0 0 0 0 0 0
4240 288 1 1 144 0 0 0 0 0
4246 88 0 0 0 0 0 0 0 0
4257 177 1 1 0 0 0 0 0 0
4259 196 0 0 0 0 0 0 0 0
4262 147 0 0 49 40 9 0 0 0
4263 60 1 1 1 0 0 0 0 0
4266 1 0 0 1 0 0 0 0 0
4267 6 0 0 1 0 0 0 0 0
4273 2 1 1 1 0 0 0 0 0
4278 3 0 0 0 0 0 1 0 0
4279 3 0 0 0 0 0 2 0 0
4282 4 0 0 2 0 0 0 0 0
4284 1 1 1 1 0 0 0 0 0
4285 3 1 1 0 0 0 0 0 0
4330 58 0 0 0 0 0 0 0 0
4331 116 0 0 0 0 0 0 0 0
4332 116 0 0 0 0 0 0 0 0
4333 116 0 0 58 6 2 0 0 0
4334 348 0 0 0 0 0 0 0 0
4339 338 1 1 0 0 0 0 0 0
4343 242 2 2 0 0 0 0 0 0
4346 200 1 1 50 0 0 0 0 0
4348 96 0 0 0 0 0 0 0 0
4349 48 0 0 0 0 0 0 0 0
4353 560 0 0 0 0 0 0 0 0
4355 217 0 0 0 0 0 0 0 0
4357 434 0 0 0 0 0 0 0 0
4361 63 0 0 63 15 0 0 0 0
4364 126 0 0 0 0 0 0 0 0
4366 145 0 0 0 0 0 29 0 0
4367 29 0 0 0 0 0 0 0 0
4368 29 0 0 0 0 0 0 0 0
4373 136 0 0 34 2 0 0 0 0
4376 68 0 0 0 0 0 0 0 0
4378 102 1 1 0 0 0 34 0 0
4381 102 0 0 0 0 0 68 21 0
4384 136 0 0 68 0 0 0 0 0
4394 34 0 0 0 0 0 0 0 0
4399 136 0 0 34 0 0 0 0 0
4400 68 1 1 34 0 0 0 0 0
4403 34 0 0 0 0 0 34 19 0
4404 34 0 0 0 0 0 34 0 0
4405 34 0 0 0 0 0 34 0 0
4408 68 0 0 0 0 0 0 0 0
4409 3 0 0 0 0 0 3 0 0
4410 68 0 0 0 0 0 0 0 0
4412 68 0 0 0 0 0 34 5 0
4415 272 1 1 0 0 0 34 0 0
4417 102 0 0 0 0 0 34 10 0
4418 34 0 0 0 0 0 34 0 0
4421 34 0 0 0 0 0 0 0 0
4443 24 1 1 24 0 0 0 0 0
4444 48 0 0 24 2 2 0 0 0
4446 48 0 0 24 6 2 0 0 0
4449 72 0 0 0 0 0 0 0 0
4451 18 0 0 0 0 0 0 0 0
4452 36 1 1 0 0 0 0 0 0
4453 18 0 0 0 0 0 18 0 0
4454 144 1 1 0 0 0 18 0 0
4456 36 0 0 0 0 0 18 18 18
4459 38 0 0 0 0 0 0 0 0
4460 75 0 0 0 0 0 25 7 1
4461 25 0 0 0 0 0 0 0 0
4466 24 0 0 6 0 0 6 0 0
4482 10 0 0 0 0 0 0 0 0
4487 1200 3 2 900 0 0 0 0 0
fn=alloc_perturb
1985 96 1 1 32 0 0 0 0 0
1987 32 0 0 32 0 0 0 0 0
fn=free
3359 889 2 2 0 0 0 508 0 0
3363 254 0 0 0 0 0 0 0 0
3371 254 0 0 254 69 6 0 0 0
3373 127 0 0 0 0 0 0 0 0
3375 381 0 0 127 10 1 0 0 0
3379 9 1 1 3 3 0 0 0 0
3381 12 0 0 3 3 0 0 0 0
3383 6 0 0 0 0 0 3 0 0
3384 6 0 0 0 0 0 3 0 0
3385 3 0 0 0 0 0 0 0 0
3388 6 0 0 0 0 0 3 1 0
3392 372 0 0 248 15 0 0 0 0
3398 372 1 1 0 0 0 124 4 0
3401 127 0 0 0 0 0 127 0 0
3402 762 1 1 635 0 0 0 0 0
fn=malloc
1326 258 0 0 0 0 0 0 0 0
1345 645 1 1 0 0 0 0 0 0
3178 58 0 0 29 3 1 0 0 0
3182 58 0 0 0 0 0 0 0 0
3186 116 1 1 29 3 1 29 0 0
3190 58 0 0 0 0 0 29 0 0
3191 29 0 0 0 0 0 29 0 0
3294 1032 1 1 0 0 0 516 6 1
3301 258 0 0 129 35 3 0 0 0
3311 258 0 0 0 0 0 0 0 0
3313 516 0 0 258 63 6 0 0 0
3316 258 0 0 129 34 3 0 0 0
3318 141 1 1 47 9 2 0 0 0
3326 200 1 1 100 39 3 0 0 0
3328 400 0 0 0 0 0 100 26 3
3329 500 1 1 100 0 0 0 0 0
3354 774 1 1 645 0 0 0 0 0
fn=munmap_chunk
3024 6 1 1 0 0 0 3 0 0
3025 6 0 0 6 6 0 0 0 0
3026 9 0 0 3 0 0 0 0 0
3028 6 0 0 0 0 0 0 0 0
3030 3 0 0 0 0 0 0 0 0
3031 9 0 0 3 0 0 0 0 0
3032 3 0 0 0 0 0 0 0 0
3038 12 0 0 0 0 0 0 0 0
3039 15 1 1 0 0 0 0 0 0
3042 3 0 0 6 0 0 0 0 0
3043 9 0 0 6 0 0 0 0 0
3048 6 0 0 0 0 0 0 0 0
3049 3 0 0 3 0 0 0 0 0
fn=sysmalloc_mmap.isra.0
2008 16 0 0 4 0 0 0 0 0
2400 24 1 1 0 0 0 16 0 0
2413 12 0 0 0 0 0 0 0 0
2418 8 0 0 0 0 0 0 0 0
2421 40 1 1 0 0 0 4 2 2
2424 8 1 1 0 0 0 0 0 0
2428 8 0 0 0 0 0 0 0 0
2432 16 0 0 0 0 0 4 0 0
2448 12 0 0 0 0 0 0 0 0
2466 4 0 0 0 0 0 4 4 4
2467 12 1 1 0 0 0 4 0 0
2471 12 0 0 8 0 0 0 0 0
2472 18 0 0 7 0 0 0 0 0
2475 12 1 1 8 0 0 0 0 0
2476 20 0 0 8 0 0 0 0 0
2481 28 0 0 20 0 0 0 0 0
fn=systrim.constprop.0
2957 18 1 1 0 0 0 12 0 0
2966 9 0 0 6 0 0 0 0 0
2968 3 0 0 0 0 0 0 0 0
2969 6 0 0 0 0 0 0 0 0
2970 1 0 0 0 0 0 0 0 0
2974 9 0 0 3 0 0 0 0 0
2975 3 0 0 0 0 0 0 0 0
2978 15 1 1 6 6 0 0 0 0
2980 6 0 0 0 0 0 0 0 0
2987 6 0 0 0 0 0 2 0 0
2988 8 0 0 2 0 0 0 0 0
3000 6 1 1 0 0 0 2 0 0
3001 4 0 0 0 0 0 2 0 0
3003 2 0 0 0 0 0 0 0 0
3005 4 0 0 0 0 0 0 0 0
3009 4 0 0 0 0 0 0 0 0
3012 2 0 0 2 0 0 0 0 0
3013 8 0 0 2 0 0 2 0 0
3015 4 0 0 0 0 0 0 0 0
3020 18 0 0 15 0 0 0 0 0
fn=unlink_chunk.isra.0
1608 148 1 1 0 0 0 74 0 0
1610 370 0 0 148 5 0 0 0 0
1613 148 0 0 148 3 0 0 0 0
1614 148 0 0 74 0 0 0 0 0
1616 296 2 1 148 6 0 0 0 0
1619 74 0 0 0 0 0 74 0 0
1620 74 0 0 0 0 0 74 0 0
1621 370 0 0 74 3 0 0 0 0
1623 142 0 0 71 0 0 0 0 0
1624 213 0 0 142 0 0 0 0 0
1627 142 0 0 71 7 2 0 0 0
1641 71 0 0 0 0 0 71 0 0
1642 71 1 1 0 0 0 71 0 0
1645 148 0 0 148 0 0 0 0 0
fl=./malloc/./malloc/morecore.c
fn=__glibc_morecore
25 24 1 1 0 0 0 8 0 0
26 16 0 0 8 0 0 0 0 0
29 8 0 0 0 0 0 8 0 0
30 16 0 0 0 0 0 0 0 0
34 16 0 0 16 0 0 0 0 0
fl=./misc/../sysdeps/unix/syscall-template.S
fn=munmap
117 15 2 2 0 0 0 0 0 0
122 3 0 0 3 0 0 0 0 0
fl=./misc/../sysdeps/unix/sysv/linux/brk.c
fn=brk
36 4 1 1 0 0 0 0 0 0
37 8 0 0 4 0 0 4 0 0
38 8 0 0 0 0 0 0 0 0
44 4 0 0 0 0 0 0 0 0
45 4 0 0 4 0 0 0 0 0
fl=./misc/../sysdeps/unix/sysv/linux/brk_call.h
fn=brk
24 8 0 0 0 0 0 0 0 0
fl=./misc/../sysdeps/unix/sysv/linux/mmap64.c
fn=mmap
47 28 1 1 0 0 0 12 2 0
50 8 0 0 0 0 0 0 0 0
53 28 1 1 0 0 0 0 0 0
58 24 1 1 0 0 0 0 0 0
60 16 0 0 16 0 0 0 0 0
fl=./misc/../sysdeps/unix/sysv/linux/setvmaname.c
fn=__set_vma_name
33 28 2 2 0 0 0 16 0 0
35 20 0 0 8 4 3 4 0 0
49 36 0 0 28 0 0 0 0 0
fl=./misc/./misc/sbrk.c
fn=sbrk
37 64 1 1 0 0 0 32 2 1
40 16 0 0 16 8 4 0 0 0
43 16 2 1 8 4 2 0 0 0
58 16 0 0 0 0 0 0 0 0
62 16 0 0 0 0 0 0 0 0
66 16 1 1 0 0 0 0 0 0
68 4 0 0 0 0 0 0 0 0
74 12 1 1 0 0 0 4 2 0
78 56 0 0 40 0 0 0 0 0
fl=./string/../sysdeps/x86_64/multiarch/memmove-vec-unaligned-erms.S
fn=__memcpy_avx_unaligned_erms
255 15 1 1 0 0 0 0 0 0
256 15 0 0 0 0 0 0 0 0
262 15 0 0 0 0 0 0 0 0
263 15 0 0 0 0 0 0 0 0
265 14 0 0 14 5 1 0 0 0
266 14 0 0 0 0 0 0 0 0
267 14 0 0 0 0 0 0 0 0
270 2 0 0 2 0 0 0 0 0
271 2 0 0 0 0 0 2 0 0
272 2 0 0 0 0 0 2 0 0
275 4 0 0 2 0 0 0 0 0
305 1 0 0 0 0 0 0 0 0
306 1 0 0 0 0 0 0 0 0
308 1 0 0 0 0 0 0 0 0
309 1 0 0 0 0 0 0 0 0
311 1 0 0 0 0 0 0 0 0
315 1 0 0 0 0 0 0 0 0
316 1 1 1 0 0 0 0 0 0
317 1 0 0 0 0 0 0 0 0
325 1 0 0 1 0 0 0 0 0
375 1 1 1 1 0 0 0 0 0
376 1 0 0 1 0 0 0 0 0
377 1 0 0 0 0 0 1 1 1
378 1 0 0 0 0 0 1 0 0
379 1 0 0 0 0 0 1 1 1
380 1 0 0 0 0 0 1 0 0
381 2 0 0 1 0 0 0 0 0
386 12 3 2 12 7 1 0 0 0
387 12 0 0 0 0 0 0 0 0
392 7 0 0 0 0 0 0 0 0
393 7 0 0 0 0 0 0 0 0
395 2 0 0 2 0 0 0 0 0
396 2 0 0 0 0 0 0 0 0
397 2 0 0 0 0 0 0 0 0
399 1 0 0 1 0 0 0 0 0
400 1 0 0 1 0 0 0 0 0
401 1 0 0 1 0 0 0 0 0
402 1 0 0 1 0 0 0 0 0
403 1 0 0 1 0 0 0 0 0
404 1 1 1 1 0 0 0 0 0
405 1 0 0 0 0 0 1 0 0
406 1 0 0 0 0 0 1 1 1
407 1 0 0 0 0 0 1 0 0
408 1 0 0 0 0 0 1 1 1
409 1 0 0 0 0 0 1 1 1
410 1 0 0 0 0 0 1 0 0
411 1 0 0 0 0 0 1 0 0
412 1 0 0 0 0 0 1 0 0
413 2 0 0 1 0 0 0 0 0
417 5 0 0 0 0 0 0 0 0
418 5 0 0 0 0 0 0 0 0
422 5 0 0 0 0 0 0 0 0
424 5 1 1 0 0 0 0 0 0
428 5 0 0 5 4 1 0 0 0
429 5 0 0 0 0 0 0 0 0
440 5 0 0 0 0 0 0 0 0
443 5 0 0 0 0 0 0 0 0
445 5 0 0 0 0 0 0 0 0
447 5 0 0 0 0 0 0 0 0
451 5 0 0 0 0 0 0 0 0
452 5 0 0 0 0 0 0 0 0
461 4 0 0 4 0 0 0 0 0
462 4 0 0 4 0 0 0 0 0
464 4 0 0 0 0 0 0 0 0
466 4 0 0 0 0 0 0 0 0
467 4 1 1 4 0 0 0 0 0
468 4 0 0 4 0 0 0 0 0
471 4 0 0 0 0 0 0 0 0
473 4 0 0 0 0 0 0 0 0
475 4 0 0 0 0 0 0 0 0
477 8 0 0 0 0 0 0 0 0
483 56 0 0 56 2 0 0 0 0
484 56 0 0 56 3 0 0 0 0
485 56 0 0 56 2 0 0 0 0
486 56 0 0 56 4 0 0 0 0
487 56 0 0 0 0 0 0 0 0
488 56 0 0 0 0 0 56 42 42
489 56 0 0 0 0 0 56 15 15
490 56 1 1 0 0 0 56 41 41
491 56 0 0 0 0 0 56 15 15
492 56 0 0 0 0 0 0 0 0
493 56 0 0 0 0 0 0 0 0
494 56 0 0 0 0 0 0 0 0
496 4 0 0 0 0 0 4 1 1
497 4 0 0 0 0 0 4 3 3
498 4 0 0 0 0 0 4 0 0
499 4 0 0 0 0 0 4 0 0
501 4 0 0 0 0 0 4 0 0
505 8 0 0 4 0 0 0 0 0
518 1 0 0 1 0 0 0 0 0
519 1 0 0 1 0 0 0 0 0
521 1 1 1 0 0 0 0 0 0
522 1 0 0 1 0 0 0 0 0
523 1 0 0 1 0 0 0 0 0
525 1 0 0 0 0 0 0 0 0
527 1 0 0 0 0 0 0 0 0
529 2 0 0 0 0 0 0 0 0
535 63 0 0 63 29 0 0 0 0
536 63 0 0 63 0 0 0 0 0
537 63 0 0 63 21 0 0 0 0
538 63 0 0 63 0 0 0 0 0
539 63 0 0 0 0 0 0 0 0
540 63 0 0 0 0 0 63 0 0
541 63 1 1 0 0 0 63 63 63
542 63 0 0 0 0 0 63 0 0
543 63 0 0 0 0 0 63 63 63
544 63 0 0 0 0 0 0 0 0
545 63 0 0 0 0 0 0 0 0
546 63 0 0 0 0 0 0 0 0
548 1 0 0 0 0 0 1 1 1
549 1 0 0 0 0 0 1 0 0
550 1 0 0 0 0 0 1 0 0
551 1 0 0 0 0 0 1 0 0
553 1 0 0 0 0 0 1 0 0
554 2 0 0 1 0 0 0 0 0
563 5 1 1 5 2 1 0 0 0
570 5 0 0 0 0 0 0 0 0
571 5 0 0 0 0 0 0 0 0
577 3 0 0 0 0 0 0 0 0
580 3 0 0 0 0 0 0 0 0
582 3 0 0 0 0 0 0 0 0
585 3 0 0 0 0 0 0 0 0
586 3 0 0 0 0 0 0 0 0
588 3 0 0 0 0 0 0 0 0
590 343971 0 0 343968 5263 3105 343968 5376 3580
592 3 0 0 0 0 0 3 2 0
594 3 0 0 0 0 0 3 1 0
596 6 0 0 3 2 0 0 0 0
601 5 1 1 0 0 0 0 0 0
602 5 0 0 0 0 0 0 0 0
606 5 0 0 0 0 0 0 0 0
608 5 0 0 0 0 0 0 0 0
611 5 0 0 0 0 0 0 0 0
615 5 0 0 5 5 1 0 0 0
616 5 0 0 0 0 0 0 0 0
620 5 0 0 5 0 0 0 0 0
624 5 0 0 0 0 0 0 0 0
648 2 0 0 0 0 0 0 0 0
650 2 0 0 0 0 0 0 0 0
652 2 0 0 0 0 0 0 0 0
654 2 1 1 0 0 0 0 0 0
657 2 0 0 0 0 0 0 0 0
658 2 0 0 0 0 0 0 0 0
660 163762 0 0 163760 2519 0 163760 2560 2558
663 2 0 0 0 0 0 2 2 0
665 2 0 0 0 0 0 2 2 0
667 4 0 0 2 2 0 0 0 0
fl=./string/../sysdeps/x86_64/multiarch/memset-vec-unaligned-erms.S
fn=__memset_avx2_unaligned_erms
158 102 1 1 0 0 0 0 0 0
159 204 0 0 0 0 0 0 0 0
164 102 0 0 0 0 0 0 0 0
165 102 0 0 0 0 0 0 0 0
166 102 0 0 0 0 0 0 0 0
167 102 0 0 0 0 0 0 0 0
168 102 0 0 0 0 0 0 0 0
170 29 0 0 0 0 0 29 4 3
171 29 0 0 0 0 0 29 1 0
172 58 0 0 29 0 0 0 0 0
181 15 0 0 0 0 0 15 0 0
182 15 0 0 0 0 0 15 0 0
184 30 0 0 15 0 0 0 0 0
237 73 1 1 73 26 2 0 0 0
238 73 0 0 0 0 0 0 0 0
244 68 0 0 0 0 0 68 27 4
245 68 0 0 0 0 0 68 11 3
257 68 0 0 0 0 0 0 0 0
260 68 0 0 0 0 0 0 0 0
261 68 0 0 0 0 0 0 0 0
273 53 0 0 0 0 0 53 11 0
274 53 0 0 0 0 0 53 10 2
287 53 0 0 0 0 0 0 0 0
288 53 0 0 0 0 0 0 0 0
290 53 0 0 0 0 0 0 0 0
293 11 0 0 0 0 0 0 0 0
296 11 0 0 0 0 0 0 0 0
299 48 0 0 0 0 0 48 24 14
300 48 0 0 0 0 0 48 22 0
301 48 0 0 0 0 0 48 26 15
302 48 0 0 0 0 0 48 18 0
303 48 0 0 0 0 0 0 0 0
304 48 0 0 0 0 0 0 0 0
305 59 0 0 0 0 0 0 0 0
308 53 1 1 0 0 0 53 7 0
309 53 0 0 0 0 0 53 8 1
310 53 0 0 0 0 0 53 2 0
311 53 0 0 0 0 0 53 0 0
314 106 0 0 53 0 0 0 0 0
325 5 1 1 0 0 0 0 0 0
326 5 0 0 0 0 0 0 0 0
327 5 0 0 0 0 0 0 0 0
328 61445 0 0 0 0 0 61440 962 770
329 5 0 0 0 0 0 0 0 0
330 10 0 0 5 0 0 0 0 0
fl=/home/wang/git-repositories/vcpkg/installed/x64-linux-clang-libcxx/include/boost/container_hash/hash.hpp
fn=_ZN5boost9unordered6detail3foa10table_coreINS2_14flat_map_typesIjjEENS2_7group15INS2_14plain_integralEEENS2_12table_arraysENS2_18plain_size_controlENS_4hashIjEENSt3__18equal_toIjEENSD_9allocatorINSD_4pairIKjjEEEEE22for_all_elements_whileIZNSL_22for_all_elements_whileIZNSL_16for_all_elementsIZNSL_16unchecked_rehashERNS9_ISJ_S8_NS2_16pow2_size_policyESK_EEEUlPSJ_E_EEDTcmclfL1p0_LDnEEcvv_EERKSQ_T_EUlSS_E_EESU_SW_SX_EUlPS8_jSS_E_EEDTcmclfp0_LDnELi0ELDnEEcvv_EESW_SX_
538 41091 0 0 41091 5112 147 0 0 0
fl=/home/wang/git-repositories/vcpkg/installed/x64-linux-clang-libcxx/include/boost/unordered/detail/foa/core.hpp
fn=_ZN5boost9unordered6detail3foa10table_coreINS2_14flat_map_typesIjjEENS2_7group15INS2_14plain_integralEEENS2_12table_arraysENS2_18plain_size_controlENS_4hashIjEENSt3__18equal_toIjEENSD_9allocatorINSD_4pairIKjjEEEEE22for_all_elements_whileIZNSL_22for_all_elements_whileIZNSL_16for_all_elementsIZNSL_16unchecked_rehashERNS9_ISJ_S8_NS2_16pow2_size_policyESK_EEEUlPSJ_E_EEDTcmclfL1p0_LDnEEcvv_EERKSQ_T_EUlSS_E_EESU_SW_SX_EUlPS8_jSS_E_EEDTcmclfp0_LDnELi0ELDnEEcvv_EESW_SX_
0 41163 1 1 34459 0 0 663 0 0
296 91286 1 1 45643 1389 0 0 0 0
297 41409 0 0 0 0 0 0 0 0
313 4234 0 0 0 0 0 0 0 0
389 82182 0 0 41091 1 0 0 0 0
849 41091 0 0 0 0 0 0 0 0
882 636 0 0 318 0 0 0 0 0
927 123273 0 0 0 0 0 0 0 0
1033 102 0 0 102 0 0 0 0 0
1034 101 1 1 101 0 0 0 0 0
1955 41091 0 0 41091 0 0 0 0 0
1961 29638 0 0 0 0 0 4234 0 0
2061 714 1 1 0 0 0 714 1 0
2063 204 0 0 0 0 0 0 0 0
2064 4537 0 0 101 0 0 0 0 0
2065 8468 0 0 0 0 0 0 0 0
2067 94882 0 0 0 0 0 0 0 0
2075 816 2 2 714 0 0 0 0 0
2350 86414 0 0 4232 0 0 41091 0 0
2373 165636 1 1 0 0 0 0 0 0
2375 42082 0 0 0 0 0 0 0 0
2377 82182 0 0 0 0 0 0 0 0
fn=auto lob::for_each_type<std::__1::tuple<lob::v0::Book<lob::ChecksumSink>, lob::v1::Book<lob::ChecksumSink>, lob::v2::Book<lob::ChecksumSink>, lob::v3::BookT<lob::ChecksumSink, 16u>, lob::v4::BookT<lob::ChecksumSink, 16u>, lob::v5::BookT<lob::ChecksumSink, 16u> >, (anonymous namespace)::with_version<(anonymous namespace)::cmd_replay((anonymous namespace)::Args const&)::$_0>(std::__1::basic_string_view<char, std::__1::char_traits<char> >, (anonymous namespace)::cmd_replay((anonymous namespace)::Args const&)::$_0&&)::{lambda<typename $T0>()#1}>((anonymous namespace)::with_version<(anonymous namespace)::cmd_replay((anonymous namespace)::Args const&)::$_0>(std::__1::basic_string_view<char, std::__1::char_traits<char> >, (anonymous namespace)::cmd_replay((anonymous namespace)::Args const&)::$_0&&)::{lambda<typename $T0>()#1}&&)::{lambda<unsigned long... $N0>(std::__1::integer_sequence<unsigned long, ($N0)...>)#1}::operator()<0ul, 1ul, 2ul, 3ul, 4ul, 5ul>(std::__1::integer_sequence<unsigned long, 0ul, 1ul, 2ul, 3ul, 4ul, 5ul>) const
0 4963387 4 4 1242938 0 0 1221095 0 0
271 2485876 0 0 0 0 0 0 0 0
272 1278258 0 0 0 0 0 0 0 0
279 2485876 1 1 1242938 1 1 0 0 0
336 1242938 0 0 1242938 387286 1 0 0 0
849 8547672 1 1 3663288 166 42 0 0 0
881 21842 0 0 0 0 0 0 0 0
882 65526 0 0 0 0 0 0 0 0
883 21842 0 0 0 0 0 0 0 0
927 71528 0 0 0 0 0 0 0 0
1727 2485876 0 0 0 0 0 0 0 0
1729 1242938 0 0 0 0 0 0 0 0
1732 70640 0 0 0 0 0 0 0 0
1733 35320 0 0 0 0 0 0 0 0
1737 35764 0 0 0 0 0 0 0 0
1743 71528 0 0 0 0 0 0 0 0
1745 1242938 0 0 0 0 0 0 0 0
1750 21842 0 0 0 0 0 0 0 0
1955 1221096 0 0 1221096 1 1 0 0 0
fn=boost::unordered::detail::foa::table_core<boost::unordered::detail::foa::flat_map_types<unsigned int, unsigned int>, boost::unordered::detail::foa::group15<boost::unordered::detail::foa::plain_integral>, boost::unordered::detail::foa::table_arrays, boost::unordered::detail::foa::plain_size_control, boost::hash<unsigned int>, std::__1::equal_to<unsigned int>, std::__1::allocator<std::__1::pair<unsigned int const, unsigned int> > >::unchecked_rehash(boost::unordered::detail::foa::table_arrays<std::__1::pair<unsigned int const, unsigned int>, boost::unordered::detail::foa::group15<boost::unordered::detail::foa::plain_integral>, boost::unordered::detail::foa::pow2_size_policy, std::__1::allocator<std::__1::pair<unsigned int const, unsigned int> > >&)
0 408 0 0 0 0 0 102 0 0
1033 204 0 0 204 5 2 0 0 0
1096 204 1 1 0 0 0 0 0 0
1098 101 0 0 101 0 0 0 0 0
1108 202 0 0 0 0 0 0 0 0
1113 202 0 0 0 0 0 0 0 0
1563 1224 2 2 204 6 0 0 0 0
1811 510 0 0 102 0 0 0 0 0
2025 510 0 0 0 0 0 306 0 0
2054 102 0 0 0 0 0 102 0 0
2288 510 1 1 0 0 0 204 0 0
2289 102 0 0 0 0 0 102 0 0
2320 204 0 0 102 0 0 102 0 0
2321 102 0 0 0 0 0 102 0 0
2322 510 0 0 306 0 0 0 0 0
fn=boost::unordered::detail::foa::table_locator<boost::unordered::detail::foa::group15<boost::unordered::detail::foa::plain_integral>, std::__1::pair<unsigned int const, unsigned int> > boost::unordered::detail::foa::table_core<boost::unordered::detail::foa::flat_map_types<unsigned int, unsigned int>, boost::unordered::detail::foa::group15<boost::unordered::detail::foa::plain_integral>, boost::unordered::detail::foa::table_arrays, boost::unordered::detail::foa::plain_size_control, boost::hash<unsigned int>, std::__1::equal_to<unsigned int>, std::__1::allocator<std::__1::pair<unsigned int const, unsigned int> > >::unchecked_emplace_with_rehash<boost::unordered::detail::foa::try_emplace_args_t, unsigned int&, unsigned int&>(unsigned long, boost::unordered::detail::foa::try_emplace_args_t&&, unsigned int&, unsigned int&)
0 2244 2 2 306 0 0 408 0 0
296 204 0 0 102 0 0 0 0 0
297 204 1 1 0 0 0 0 0 0
389 306 0 0 102 0 0 0 0 0
837 408 1 1 0 0 0 0 0 0
842 204 0 0 0 0 0 0 0 0
849 102 0 0 0 0 0 0 0 0
859 204 0 0 0 0 0 0 0 0
927 204 0 0 0 0 0 0 0 0
1031 408 0 0 0 0 0 408 25 3
1051 204 1 1 0 0 0 102 0 0
1057 408 0 0 0 0 0 0 0 0
1058 306 0 0 0 0 0 0 0 0
1059 102 0 0 0 0 0 0 0 0
1066 102 0 0 0 0 0 0 0 0
1073 204 0 0 0 0 0 0 0 0
1085 102 0 0 0 0 0 0 0 0
1108 102 0 0 0 0 0 0 0 0
1113 102 0 0 0 0 0 0 0 0
1125 306 0 0 0 0 0 102 0 0
1126 102 0 0 0 0 0 0 0 0
1689 102 0 0 102 0 0 0 0 0
1983 1020 1 1 0 0 0 612 24 2
1988 408 0 0 0 0 0 306 0 0
1999 204 0 0 0 0 0 102 0 0
2000 102 0 0 102 0 0 0 0 0
2002 918 0 0 714 4 2 0 0 0
2132 1836 2 2 204 28 3 0 0 0
2373 204 0 0 0 0 0 0 0 0
2375 102 0 0 0 0 0 0 0 0
2377 408 0 0 0 0 0 0 0 0
fn=lob::v5::BookT<lob::ChecksumSink, 16u>::index_insert(unsigned long, unsigned int)
0 17117594 2 2 4906226 4 1 1221096 0 0
271 2485876 0 0 0 0 0 0 0 0
272 1278258 0 0 0 0 0 0 0 0
279 1242938 0 0 1242938 4 1 0 0 0
296 2461008 0 0 1230504 52 0 0 0 0
297 2451498 0 0 0 0 0 0 0 0
336 1242938 0 0 1242938 4 0 0 0 0
849 1221096 0 0 0 0 0 0 0 0
881 21842 0 0 0 0 0 0 0 0
882 84546 0 0 9510 0 0 0 0 0
883 21842 0 0 0 0 0 0 0 0
927 2513516 0 0 0 0 0 0 0 0
1727 2485876 0 0 0 0 0 0 0 0
1729 1242938 0 0 0 0 0 0 0 0
1732 70640 0 0 0 0 0 0 0 0
1733 35320 0 0 0 0 0 0 0 0
1737 35764 0 0 0 0 0 0 0 0
1743 71528 0 0 0 0 0 0 0 0
1745 1242938 0 0 0 0 0 0 0 0
1750 21842 0 0 0 0 0 0 0 0
1955 1221096 0 0 1221096 4 0 0 0 0
1970 2441988 0 0 0 0 0 1220994 0 0
2373 4922016 0 0 0 0 0 0 0 0
2375 1250609 0 0 0 0 0 0 0 0
2377 2441988 0 0 0 0 0 0 0 0
fn=void lob::v5::BookT<lob::ChecksumSink, 16u>::cancel_in<boost::unordered::unordered_flat_map<unsigned int, unsigned int, boost::hash<unsigned int>, std::__1::equal_to<unsigned int>, std::__1::allocator<std::__1::pair<unsigned int const, unsigned int> > >, unsigned int>(boost::unordered::unordered_flat_map<unsigned int, unsigned int, boost::hash<unsigned int>, std::__1::equal_to<unsigned int>, std::__1::allocator<std::__1::pair<unsigned int const, unsigned int> > >&, unsigned int, unsigned long)
0 9777913 1 1 3663288 25 3 0 0 0
271 2458442 0 0 0 0 0 0 0 0
272 2450827 0 0 0 0 0 0 0 0
279 6121730 0 0 2450317 0 0 0 0 0
336 1229221 0 0 1229221 41314 0 0 0 0
404 1221096 0 0 0 0 0 0 0 0
849 2442192 0 0 1221096 0 0 0 0 0
881 8125 0 0 0 0 0 0 0 0
882 24375 0 0 0 0 0 0 0 0
883 8125 0 0 0 0 0 0 0 0
927 2499198 0 0 0 0 0 0 0 0
1727 2458442 0 0 0 0 0 0 0 0
1729 1229221 0 0 0 0 0 0 0 0
1732 2443212 0 0 0 0 0 0 0 0
1733 1221606 1 1 0 0 0 0 0 0
1737 1249599 0 0 0 0 0 0 0 0
1743 57006 0 0 0 0 0 0 0 0
1745 8125 0 0 0 0 0 0 0 0
1750 8125 0 0 0 0 0 0 0 0
1955 1221096 0 0 1221096 0 0 0 0 0
2266 8547672 1 1 2442192 15 3 1221096 0 0
fn=void lob::v5::BookT<lob::ChecksumSink, 16u>::modify_in<boost::unordered::unordered_flat_map<unsigned int, unsigned int, boost::hash<unsigned int>, std::__1::equal_to<unsigned int>, std::__1::allocator<std::__1::pair<unsigned int const, unsigned int> > >, unsigned int>(boost::unordered::unordered_flat_map<unsigned int, unsigned int, boost::hash<unsigned int>, std::__1::equal_to<unsigned int>, std::__1::allocator<std::__1::pair<unsigned int const, unsigned int> > >&, unsigned int, unsigned long, long, unsigned int)
0 123251 1 1 41028 0 0 0 0 0
271 82374 0 0 0 0 0 0 0 0
272 82219 0 0 0 0 0 0 0 0
279 318 0 0 159 0 0 0 0 0
336 41187 0 0 41187 484 0 0 0 0
849 287196 0 0 123084 1 0 0 0 0
881 159 0 0 0 0 0 0 0 0
882 477 0 0 0 0 0 0 0 0
883 159 0 0 0 0 0 0 0 0
927 83928 0 0 0 0 0 0 0 0
1727 82374 0 0 0 0 0 0 0 0
1729 41187 0 0 0 0 0 0 0 0
1732 82064 0 0 0 0 0 0 0 0
1733 41032 0 0 0 0 0 0 0 0
1737 41964 0 0 0 0 0 0 0 0
1743 1872 1 1 0 0 0 0 0 0
1745 159 0 0 0 0 0 0 0 0
1750 159 0 0 0 0 0 0 0 0
1955 41028 0 0 41028 0 0 0 0 0
fl=/home/wang/git-repositories/vcpkg/installed/x64-linux-clang-libcxx/include/boost/unordered/detail/foa/table.hpp
fn=_ZN5boost9unordered6detail3foa10table_coreINS2_14flat_map_typesIjjEENS2_7group15INS2_14plain_integralEEENS2_12table_arraysENS2_18plain_size_controlENS_4hashIjEENSt3__18equal_toIjEENSD_9allocatorINSD_4pairIKjjEEEEE22for_all_elements_whileIZNSL_22for_all_elements_whileIZNSL_16for_all_elementsIZNSL_16unchecked_rehashERNS9_ISJ_S8_NS2_16pow2_size_policyESK_EEEUlPSJ_E_EEDTcmclfL1p0_LDnEEcvv_EERKSQ_T_EUlSS_E_EESU_SW_SX_EUlPS8_jSS_E_EEDTcmclfp0_LDnELi0ELDnEEcvv_EESW_SX_
0 318 0 0 0 0 0 0 0 0
40 41091 1 1 0 0 0 41091 0 0
46 318 0 0 318 0 0 0 0 0
fn=boost::unordered::detail::foa::table_locator<boost::unordered::detail::foa::group15<boost::unordered::detail::foa::plain_integral>, std::__1::pair<unsigned int const, unsigned int> > boost::unordered::detail::foa::table_core<boost::unordered::detail::foa::flat_map_types<unsigned int, unsigned int>, boost::unordered::detail::foa::group15<boost::unordered::detail::foa::plain_integral>, boost::unordered::detail::foa::table_arrays, boost::unordered::detail::foa::plain_size_control, boost::hash<unsigned int>, std::__1::equal_to<unsigned int>, std::__1::allocator<std::__1::pair<unsigned int const, unsigned int> > >::unchecked_emplace_with_rehash<boost::unordered::detail::foa::try_emplace_args_t, unsigned int&, unsigned int&>(unsigned long, boost::unordered::detail::foa::try_emplace_args_t&&, unsigned int&, unsigned int&)
0 306 0 0 102 0 0 102 0 0
40 204 1 1 0 0 0 204 0 0
fn=lob::v5::BookT<lob::ChecksumSink, 16u>::index_insert(unsigned long, unsigned int)
0 2497836 4 3 0 0 0 0 0 0
40 1220994 0 0 0 0 0 1220994 0 0
46 9510 0 0 9510 0 0 0 0 0
640 3663288 1 1 2442192 0 0 0 0 0
650 306 0 0 0 0 0 102 0 0
fn=void lob::v5::BookT<lob::ChecksumSink, 16u>::cancel_in<boost::unordered::unordered_flat_map<unsigned int, unsigned int, boost::hash<unsigned int>, std::__1::equal_to<unsigned int>, std::__1::allocator<std::__1::pair<unsigned int const, unsigned int> > >, unsigned int>(boost::unordered::unordered_flat_map<unsigned int, unsigned int, boost::hash<unsigned int>, std::__1::equal_to<unsigned int>, std::__1::allocator<std::__1::pair<unsigned int const, unsigned int> > >&, unsigned int, unsigned long)
40 1221096 0 0 0 0 0 1221096 0 0
140 1221096 1 1 0 0 0 0 0 0
fl=/home/wang/git-repositories/vcpkg/installed/x64-linux-clang-libcxx/include/boost/unordered/detail/mulx.hpp
fn=_ZN5boost9unordered6detail3foa10table_coreINS2_14flat_map_typesIjjEENS2_7group15INS2_14plain_integralEEENS2_12table_arraysENS2_18plain_size_controlENS_4hashIjEENSt3__18equal_toIjEENSD_9allocatorINSD_4pairIKjjEEEEE22for_all_elements_whileIZNSL_22for_all_elements_whileIZNSL_16for_all_elementsIZNSL_16unchecked_rehashERNS9_ISJ_S8_NS2_16pow2_size_policyESK_EEEUlPSJ_E_EEDTcmclfL1p0_LDnEEcvv_EERKSQ_T_EUlSS_E_EESU_SW_SX_EUlPS8_jSS_E_EEDTcmclfp0_LDnELi0ELDnEEcvv_EESW_SX_
45 41091 0 0 0 0 0 0 0 0
46 41091 0 0 0 0 0 0 0 0
fn=auto lob::for_each_type<std::__1::tuple<lob::v0::Book<lob::ChecksumSink>, lob::v1::Book<lob::ChecksumSink>, lob::v2::Book<lob::ChecksumSink>, lob::v3::BookT<lob::ChecksumSink, 16u>, lob::v4::BookT<lob::ChecksumSink, 16u>, lob::v5::BookT<lob::ChecksumSink, 16u> >, (anonymous namespace)::with_version<(anonymous namespace)::cmd_replay((anonymous namespace)::Args const&)::$_0>(std::__1::basic_string_view<char, std::__1::char_traits<char> >, (anonymous namespace)::cmd_replay((anonymous namespace)::Args const&)::$_0&&)::{lambda<typename $T0>()#1}>((anonymous namespace)::with_version<(anonymous namespace)::cmd_replay((anonymous namespace)::Args const&)::$_0>(std::__1::basic_string_view<char, std::__1::char_traits<char> >, (anonymous namespace)::cmd_replay((anonymous namespace)::Args const&)::$_0&&)::{lambda<typename $T0>()#1}&&)::{lambda<unsigned long... $N0>(std::__1::integer_sequence<unsigned long, ($N0)...>)#1}::operator()<0ul, 1ul, 2ul, 3ul, 4ul, 5ul>(std::__1::integer_sequence<unsigned long, 0ul, 1ul, 2ul, 3ul, 4ul, 5ul>) const
45 2442193 2 2 0 0 0 0 0 0
46 1221096 0 0 0 0 0 0 0 0
fn=lob::v5::BookT<lob::ChecksumSink, 16u>::index_insert(unsigned long, unsigned int)
45 1221096 0 0 0 0 0 0 0 0
46 1221096 1 1 0 0 0 0 0 0
fn=void lob::v5::BookT<lob::ChecksumSink, 16u>::cancel_in<boost::unordered::unordered_flat_map<unsigned int, unsigned int, boost::hash<unsigned int>, std::__1::equal_to<unsigned int>, std::__1::allocator<std::__1::pair<unsigned int const, unsigned int> > >, unsigned int>(boost::unordered::unordered_flat_map<unsigned int, unsigned int, boost::hash<unsigned int>, std::__1::equal_to<unsigned int>, std::__1::allocator<std::__1::pair<unsigned int const, unsigned int> > >&, unsigned int, unsigned long)
45 2442192 0 0 0 0 0 0 0 0
46 1221096 0 0 0 0 0 0 0 0
fn=void lob::v5::BookT<lob::ChecksumSink, 16u>::modify_in<boost::unordered::unordered_flat_map<unsigned int, unsigned int, boost::hash<unsigned int>, std::__1::equal_to<unsigned int>, std::__1::allocator<std::__1::pair<unsigned int const, unsigned int> > >, unsigned int>(boost::unordered::unordered_flat_map<unsigned int, unsigned int, boost::hash<unsigned int>, std::__1::equal_to<unsigned int>, std::__1::allocator<std::__1::pair<unsigned int const, unsigned int> > >&, unsigned int, unsigned long, long, unsigned int)
0 41028 0 0 0 0 0 0 0 0
45 82056 0 0 0 0 0 0 0 0
46 41028 0 0 0 0 0 0 0 0
fl=/home/wang/sources/cxx/book/include/lob/events.hpp
fn=lob::v5::BookT<lob::ChecksumSink, 16u>::rest(unsigned long, lob::Side, long, unsigned int)
81 1221096 0 0 0 0 0 0 0 0
92 1221096 0 0 1221096 9 2 0 0 0
93 15874248 1 1 1221096 0 0 1221096 0 0
fn=void lob::v5::BookT<lob::ChecksumSink, 16u>::cancel_in<boost::unordered::unordered_flat_map<unsigned int, unsigned int, boost::hash<unsigned int>, std::__1::equal_to<unsigned int>, std::__1::allocator<std::__1::pair<unsigned int const, unsigned int> > >, unsigned int>(boost::unordered::unordered_flat_map<unsigned int, unsigned int, boost::hash<unsigned int>, std::__1::equal_to<unsigned int>, std::__1::allocator<std::__1::pair<unsigned int const, unsigned int> > >&, unsigned int, unsigned long)
92 1221096 0 0 1221096 0 0 0 0 0
93 7326576 1 1 2442192 0 0 0 0 0
fn=void lob::v5::BookT<lob::ChecksumSink, 16u>::modify_in<boost::unordered::unordered_flat_map<unsigned int, unsigned int, boost::hash<unsigned int>, std::__1::equal_to<unsigned int>, std::__1::allocator<std::__1::pair<unsigned int const, unsigned int> > >, unsigned int>(boost::unordered::unordered_flat_map<unsigned int, unsigned int, boost::hash<unsigned int>, std::__1::equal_to<unsigned int>, std::__1::allocator<std::__1::pair<unsigned int const, unsigned int> > >&, unsigned int, unsigned long, long, unsigned int)
92 41028 0 0 41028 0 0 0 0 0
93 369252 0 0 41028 0 0 41028 0 0
fl=/home/wang/sources/cxx/book/include/lob/replay.hpp
fn=auto lob::for_each_type<std::__1::tuple<lob::v0::Book<lob::ChecksumSink>, lob::v1::Book<lob::ChecksumSink>, lob::v2::Book<lob::ChecksumSink>, lob::v3::BookT<lob::ChecksumSink, 16u>, lob::v4::BookT<lob::ChecksumSink, 16u>, lob::v5::BookT<lob::ChecksumSink, 16u> >, (anonymous namespace)::with_version<(anonymous namespace)::cmd_replay((anonymous namespace)::Args const&)::$_0>(std::__1::basic_string_view<char, std::__1::char_traits<char> >, (anonymous namespace)::cmd_replay((anonymous namespace)::Args const&)::$_0&&)::{lambda<typename $T0>()#1}>((anonymous namespace)::with_version<(anonymous namespace)::cmd_replay((anonymous namespace)::Args const&)::$_0>(std::__1::basic_string_view<char, std::__1::char_traits<char> >, (anonymous namespace)::cmd_replay((anonymous namespace)::Args const&)::$_0&&)::{lambda<typename $T0>()#1}&&)::{lambda<unsigned long... $N0>(std::__1::integer_sequence<unsigned long, ($N0)...>)#1}::operator()<0ul, 1ul, 2ul, 3ul, 4ul, 5ul>(std::__1::integer_sequence<unsigned long, 0ul, 1ul, 2ul, 3ul, 4ul, 5ul>) const
0 2483222 0 0 2483221 310403 310403 0 0 0
21 12334044 1 1 2483220 463720 463714 0 0 0
23 3663288 1 1 3663288 151956 151956 0 0 0
29 82056 1 1 82056 5136 5136 0 0 0
37 2483221 0 0 0 0 0 0 0 0
fl=/home/wang/sources/cxx/book/include/lob/v3/hier_bitmap.hpp
fn=lob::v5::BookT<lob::ChecksumSink, 16u>::remove_node(unsigned int)
0 149894 0 0 0 0 0 0 0 0
67 298380 0 0 0 0 0 0 0 0
68 746724 1 1 149894 1561 45 0 0 0
fn=lob::v5::BookT<lob::ChecksumSink, 16u>::rest(unsigned long, lob::Side, long, unsigned int)
0 70 0 0 0 0 0 0 0 0
57 298380 0 0 0 0 0 0 0 0
58 449577 0 0 149859 1038 104 0 0 0
59 449647 1 1 299753 1 1 299718 84 2
fn=unsigned int lob::v5::BookT<lob::ChecksumSink, 16u>::match<(lob::Side)0>(unsigned long, long, unsigned int)
0 648115 0 0 648115 0 0 0 0 0
48 1944347 4 2 1296232 19 4 0 0 0
79 3240575 0 0 0 0 0 0 0 0
fn=unsigned int lob::v5::BookT<lob::ChecksumSink, 16u>::match<(lob::Side)1>(unsigned long, long, unsigned int)
0 572980 0 0 572980 0 0 0 0 0
48 1718940 2 2 1145960 22 2 0 0 0
89 5729800 0 0 0 0 0 0 0 0
fl=/home/wang/sources/cxx/book/include/lob/v5/book.hpp
fn=auto lob::for_each_type<std::__1::tuple<lob::v0::Book<lob::ChecksumSink>, lob::v1::Book<lob::ChecksumSink>, lob::v2::Book<lob::ChecksumSink>, lob::v3::BookT<lob::ChecksumSink, 16u>, lob::v4::BookT<lob::ChecksumSink, 16u>, lob::v5::BookT<lob::ChecksumSink, 16u> >, (anonymous namespace)::with_version<(anonymous namespace)::cmd_replay((anonymous namespace)::Args const&)::$_0>(std::__1::basic_string_view<char, std::__1::char_traits<char> >, (anonymous namespace)::cmd_replay((anonymous namespace)::Args const&)::$_0&&)::{lambda<typename $T0>()#1}>((anonymous namespace)::with_version<(anonymous namespace)::cmd_replay((anonymous namespace)::Args const&)::$_0>(std::__1::basic_string_view<char, std::__1::char_traits<char> >, (anonymous namespace)::cmd_replay((anonymous namespace)::Args const&)::$_0&&)::{lambda<typename $T0>()#1}&&)::{lambda<unsigned long... $N0>(std::__1::integer_sequence<unsigned long, ($N0)...>)#1}::operator()<0ul, 1ul, 2ul, 3ul, 4ul, 5ul>(std::__1::integer_sequence<unsigned long, 0ul, 1ul, 2ul, 3ul, 4ul, 5ul>) const
0 572980 0 0 0 0 0 0 0 0
82 2442192 0 0 0 0 0 0 0 0
83 2442192 0 0 0 0 0 0 0 0
91 6105480 2 2 0 0 0 1221096 0 0
99 205140 0 0 0 0 0 41028 0 0
248 19865754 2 2 4966439 5 3 0 0 0
390 2442192 0 0 0 0 0 0 0 0
391 2592464 1 1 0 0 0 648116 0 0
393 2291920 0 0 0 0 0 572980 0 0
394 2442192 0 0 0 0 0 0 0 0
395 8547672 0 0 0 0 0 1221096 0 0
fn=auto lob::v5::BookT<lob::ChecksumSink, 16u>::remove_node(unsigned int)::{lambda(auto:1&)#1}::operator()<std::__1::map<long, lob::v5::BookT<lob::ChecksumSink, 16u>::Level, std::__1::greater<void>, std::__1::allocator<std::__1::pair<long const, lob::v5::BookT<lob::ChecksumSink, 16u>::Level> > > >(std::__1::map<long, lob::v5::BookT<lob::ChecksumSink, 16u>::Level, std::__1::greater<void>, std::__1::allocator<std::__1::pair<long const, lob::v5::BookT<lob::ChecksumSink, 16u>::Level> > >&) const
0 15 0 0 10 0 0 0 0 0
360 10 0 0 5 0 0 5 0 0
361 5 0 0 0 0 0 5 0 0
378 15 0 0 5 0 0 0 0 0
379 1 0 0 0 0 0 1 1 0
381 4 1 1 0 0 0 4 0 0
382 10 0 0 0 0 0 0 0 0
383 2 0 0 0 0 0 1 0 0
385 4 0 0 0 0 0 4 0 0
386 5 0 0 5 0 0 0 0 0
478 10 0 0 0 0 0 5 0 0
479 5 0 0 5 0 0 0 0 0
481 10 0 0 10 0 0 0 0 0
482 10 0 0 10 0 0 0 0 0
483 5 0 0 5 0 0 0 0 0
484 10 1 1 5 0 0 0 0 0
485 4 0 0 4 0 0 0 0 0
fn=auto lob::v5::BookT<lob::ChecksumSink, 16u>::remove_node(unsigned int)::{lambda(auto:1&)#1}::operator()<std::__1::map<long, lob::v5::BookT<lob::ChecksumSink, 16u>::Level, std::__1::less<void>, std::__1::allocator<std::__1::pair<long const, lob::v5::BookT<lob::ChecksumSink, 16u>::Level> > > >(std::__1::map<long, lob::v5::BookT<lob::ChecksumSink, 16u>::Level, std::__1::less<void>, std::__1::allocator<std::__1::pair<long const, lob::v5::BookT<lob::ChecksumSink, 16u>::Level> > >&) const
0 33 1 1 22 0 0 0 0 0
360 22 0 0 11 0 0 11 0 0
361 11 0 0 0 0 0 11 0 0
378 33 0 0 11 0 0 0 0 0
381 11 0 0 0 0 0 11 0 0
382 22 0 0 0 0 0 0 0 0
383 4 0 0 0 0 0 2 2 0
385 9 0 0 0 0 0 9 0 0
386 11 1 1 11 0 0 0 0 0
478 22 1 1 0 0 0 11 0 0
479 11 0 0 11 0 0 0 0 0
481 22 0 0 22 1 1 0 0 0
482 22 0 0 22 0 0 0 0 0
483 11 0 0 11 0 0 0 0 0
484 22 0 0 11 0 0 0 0 0
485 4 0 0 4 0 0 0 0 0
fn=lob::v5::BookT<lob::ChecksumSink, 16u>::alloc_node(unsigned long, lob::Side, long, unsigned int)
0 1221096 0 0 0 0 0 0 0 0
346 8547672 1 1 0 0 0 7326576 1 1
347 2442192 1 1 1221096 0 0 0 0 0
348 1221096 0 0 0 0 0 0 0 0
349 3636747 0 0 1212249 12947 261 1212249 0 0
350 1212249 0 0 0 0 0 0 0 0
351 17694 0 0 0 0 0 0 0 0
355 6114327 1 1 0 0 0 6105480 6429 117
356 10989864 0 0 8547672 4 0 0 0 0
fn=lob::v5::BookT<lob::ChecksumSink, 16u>::index_insert(unsigned long, unsigned int)
0 2 0 0 0 0 0 0 0 0
248 7326576 1 1 1221096 0 0 0 0 0
249 1221096 0 0 0 0 0 1221096 0 0
268 12210960 1 1 0 0 0 9768768 3 0
269 2442192 0 0 1221096 4 0 0 0 0
270 4 0 0 0 0 0 1 0 0
271 1 0 0 0 0 0 1 0 0
275 1221096 0 0 0 0 0 0 0 0
278 9768768 1 1 8547672 8 4 0 0 0
fn=lob::v5::BookT<lob::ChecksumSink, 16u>::remove_node(unsigned int)
0 1369617 0 0 1369601 0 0 0 0 0
324 2442192 0 0 1221096 2 2 0 0 0
326 2442192 0 0 1221096 0 0 0 0 0
328 1221096 0 0 1221096 0 0 0 0 0
329 9768768 1 1 0 0 0 0 0 0
331 2442192 0 0 0 0 0 0 0 0
360 2442160 0 0 1221080 0 0 1221080 0 0
361 1221080 0 0 0 0 0 1221080 0 0
378 4884320 0 0 1221080 0 0 0 0 0
379 999330 0 0 0 0 0 999330 51458 92
381 221750 1 1 0 0 0 221750 805 186
382 2442160 0 0 0 0 0 0 0 0
383 1085608 0 0 0 0 0 542804 25064 161
385 678276 0 0 0 0 0 678276 396 4
386 1221080 0 0 1221080 1096 138 0 0 0
468 4884384 1 1 0 0 0 2442192 0 0
469 1221096 0 0 0 0 0 0 0 0
470 1221096 0 0 1221096 50694 213 0 0 0
471 3663240 0 0 1221080 0 0 0 0 0
472 2442160 0 0 2442160 10696 1512 0 0 0
473 1221080 0 0 1221080 0 0 0 0 0
476 2887723 1 1 1221080 171 14 0 0 0
478 64 0 0 0 0 0 48 0 0
486 32 0 0 16 0 0 0 0 0
487 15 0 0 0 0 0 5 0 0
489 33 0 0 0 0 0 11 0 0
491 3663288 0 0 2442192 0 0 0 0 0
fn=lob::v5::BookT<lob::ChecksumSink, 16u>::rest(unsigned long, lob::Side, long, unsigned int)
0 148521 0 0 148521 0 0 0 0 0
230 12 0 0 0 0 0 12 0 0
232 24 0 0 0 0 0 12 0 0
326 3663288 0 0 1221096 0 0 0 0 0
328 1221096 1 1 1221096 0 0 0 0 0
329 9768768 0 0 0 0 0 0 0 0
331 2442192 0 0 0 0 0 0 0 0
336 4 0 0 0 0 0 1 0 0
337 1 0 0 0 0 0 1 0 0
366 4884384 1 1 1221096 0 0 1221096 0 0
367 2442192 1 1 0 0 0 1221096 0 0
368 1221096 0 0 0 0 0 0 0 0
369 2145126 0 0 0 0 0 1072563 23032 351
371 148533 0 0 0 0 0 148533 0 0
372 1221096 0 0 0 0 0 1221096 0 0
373 1221096 0 0 1221096 4193 603 0 0 0
449 14653152 1 1 0 0 0 7326576 0 0
450 2442192 0 0 0 0 0 1221096 0 0
451 2442202 1 1 1221097 4 0 0 0 0
455 3663240 0 0 1221080 0 0 0 0 0
456 2887723 1 1 1221080 13896 2866 0 0 0
458 64 0 0 0 0 0 16 0 0
461 2442192 0 0 1221096 0 0 0 0 0
462 4884384 0 0 0 0 0 1221096 0 0
463 1221096 0 0 1221096 9 3 0 0 0
464 9768768 1 1 8547672 8 2 0 0 0
fn=unsigned int lob::v5::BookT<lob::ChecksumSink, 16u>::match<(lob::Side)0>(unsigned long, long, unsigned int)
0 2610325 1 1 0 0 0 648116 0 0
333 1296230 0 0 648115 0 0 0 0 0
401 5833044 1 1 0 0 0 5184928 1 1
410 1296232 0 0 0 0 0 0 0 0
413 1944348 0 0 0 0 0 0 0 0
416 648115 0 0 0 0 0 0 0 0
421 2538877 1 1 630254 13 2 0 0 0
422 630254 0 0 0 0 0 0 0 0
423 1944345 0 0 648115 0 0 0 0 0
446 5833044 1 1 4536812 0 0 0 0 0
fn=unsigned int lob::v5::BookT<lob::ChecksumSink, 16u>::match<(lob::Side)1>(unsigned long, long, unsigned int)
0 2320601 1 1 0 0 0 572980 0 0
333 1145960 1 1 572980 0 0 0 0 0
401 5156820 1 1 0 0 0 4583840 0 0
410 1145960 0 0 0 0 0 0 0 0
413 1718940 0 0 0 0 0 0 0 0
416 572980 0 0 0 0 0 0 0 0
421 2205877 0 0 544299 20 2 0 0 0
422 544299 0 0 0 0 0 0 0 0
423 1718940 0 0 572980 0 0 0 0 0
446 5156820 1 1 4010860 0 0 0 0 0
fn=void lob::v5::BookT<lob::ChecksumSink, 16u>::cancel_in<boost::unordered::unordered_flat_map<unsigned int, unsigned int, boost::hash<unsigned int>, std::__1::equal_to<unsigned int>, std::__1::allocator<std::__1::pair<unsigned int const, unsigned int> > >, unsigned int>(boost::unordered::unordered_flat_map<unsigned int, unsigned int, boost::hash<unsigned int>, std::__1::equal_to<unsigned int>, std::__1::allocator<std::__1::pair<unsigned int const, unsigned int> > >&, unsigned int, unsigned long)
0 6105480 0 0 1221096 0 0 2442192 0 0
289 12210960 1 1 0 0 0 8547672 0 0
292 1221096 0 0 1221096 0 0 0 0 0
293 1221096 0 0 1221096 43082 330 0 0 0
294 1221096 0 0 0 0 0 1221096 0 0
296 1221096 0 0 1221096 0 0 0 0 0
297 9768768 0 0 8547672 0 0 0 0 0
fn=void lob::v5::BookT<lob::ChecksumSink, 16u>::modify_in<boost::unordered::unordered_flat_map<unsigned int, unsigned int, boost::hash<unsigned int>, std::__1::equal_to<unsigned int>, std::__1::allocator<std::__1::pair<unsigned int const, unsigned int> > >, unsigned int>(boost::unordered::unordered_flat_map<unsigned int, unsigned int, boost::hash<unsigned int>, std::__1::equal_to<unsigned int>, std::__1::allocator<std::__1::pair<unsigned int const, unsigned int> > >&, unsigned int, unsigned long, long, unsigned int)
0 410280 1 1 123084 143 2 0 0 0
300 369252 2 2 0 0 0 287196 0 0
303 82056 1 1 0 0 0 0 0 0
304 82056 0 0 0 0 0 0 0 0
306 41028 1 1 41028 0 0 0 0 0
308 164112 0 0 41028 754 4 0 0 0
309 82056 2 2 41028 28 0 0 0 0
310 41028 0 0 0 0 0 41028 0 0
311 41028 1 1 41028 0 0 0 0 0
312 41028 0 0 0 0 0 0 0 0
320 328224 0 0 287196 0 0 0 0 0
324 82056 0 0 41028 0 0 0 0 0
326 123084 1 1 41028 0 0 0 0 0
328 41028 0 0 41028 0 0 0 0 0
329 328224 1 1 0 0 0 0 0 0
331 123084 0 0 0 0 0 0 0 0
341 82056 0 0 0 0 0 0 0 0
fl=/home/wang/sources/cxx/book/source/main.cxx
fn=auto lob::for_each_type<std::__1::tuple<lob::v0::Book<lob::ChecksumSink>, lob::v1::Book<lob::ChecksumSink>, lob::v2::Book<lob::ChecksumSink>, lob::v3::BookT<lob::ChecksumSink, 16u>, lob::v4::BookT<lob::ChecksumSink, 16u>, lob::v5::BookT<lob::ChecksumSink, 16u> >, (anonymous namespace)::with_version<(anonymous namespace)::cmd_replay((anonymous namespace)::Args const&)::$_0>(std::__1::basic_string_view<char, std::__1::char_traits<char> >, (anonymous namespace)::cmd_replay((anonymous namespace)::Args const&)::$_0&&)::{lambda<typename $T0>()#1}>((anonymous namespace)::with_version<(anonymous namespace)::cmd_replay((anonymous namespace)::Args const&)::$_0>(std::__1::basic_string_view<char, std::__1::char_traits<char> >, (anonymous namespace)::cmd_replay((anonymous namespace)::Args const&)::$_0&&)::{lambda<typename $T0>()#1}&&)::{lambda<unsigned long... $N0>(std::__1::integer_sequence<unsigned long, ($N0)...>)#1}::operator()<0ul, 1ul, 2ul, 3ul, 4ul, 5ul>(std::__1::integer_sequence<unsigned long, 0ul, 1ul, 2ul, 3ul, 4ul, 5ul>) const
0 1 0 0 0 0 0 0 0 0
293 2 2 2 0 0 0 1 1 1
294 1 0 0 1 1 1 0 0 0
295 9 3 3 0 0 0 6 1 1
fl=/usr/include/c++/v1/__bit/countl.h
fn=unsigned int lob::v5::BookT<lob::ChecksumSink, 16u>::match<(lob::Side)1>(unsigned long, long, unsigned int)
28 2291920 0 0 1145960 31 5 0 0 0
fl=/usr/include/c++/v1/__bit/countr.h
fn=unsigned int lob::v5::BookT<lob::ChecksumSink, 16u>::match<(lob::Side)0>(unsigned long, long, unsigned int)
28 3240575 0 0 1296230 29 4 0 0 0
fl=/usr/include/c++/v1/__functional/operations.h
fn=auto lob::for_each_type<std::__1::tuple<lob::v0::Book<lob::ChecksumSink>, lob::v1::Book<lob::ChecksumSink>, lob::v2::Book<lob::ChecksumSink>, lob::v3::BookT<lob::ChecksumSink, 16u>, lob::v4::BookT<lob::ChecksumSink, 16u>, lob::v5::BookT<lob::ChecksumSink, 16u> >, (anonymous namespace)::with_version<(anonymous namespace)::cmd_replay((anonymous namespace)::Args const&)::$_0>(std::__1::basic_string_view<char, std::__1::char_traits<char> >, (anonymous namespace)::cmd_replay((anonymous namespace)::Args const&)::$_0&&)::{lambda<typename $T0>()#1}>((anonymous namespace)::with_version<(anonymous namespace)::cmd_replay((anonymous namespace)::Args const&)::$_0>(std::__1::basic_string_view<char, std::__1::char_traits<char> >, (anonymous namespace)::cmd_replay((anonymous namespace)::Args const&)::$_0&&)::{lambda<typename $T0>()#1}&&)::{lambda<unsigned long... $N0>(std::__1::integer_sequence<unsigned long, ($N0)...>)#1}::operator()<0ul, 1ul, 2ul, 3ul, 4ul, 5ul>(std::__1::integer_sequence<unsigned long, 0ul, 1ul, 2ul, 3ul, 4ul, 5ul>) const
300 35764 0 0 35764 29103 681 0 0 0
fn=auto lob::v5::BookT<lob::ChecksumSink, 16u>::remove_node(unsigned int)::{lambda(auto:1&)#1}::operator()<std::__1::map<long, lob::v5::BookT<lob::ChecksumSink, 16u>::Level, std::__1::greater<void>, std::__1::allocator<std::__1::pair<long const, lob::v5::BookT<lob::ChecksumSink, 16u>::Level> > > >(std::__1::map<long, lob::v5::BookT<lob::ChecksumSink, 16u>::Level, std::__1::greater<void>, std::__1::allocator<std::__1::pair<long const, lob::v5::BookT<lob::ChecksumSink, 16u>::Level> > >&) const
462 23 1 1 11 2 1 0 0 0
fn=auto lob::v5::BookT<lob::ChecksumSink, 16u>::remove_node(unsigned int)::{lambda(auto:1&)#1}::operator()<std::__1::map<long, lob::v5::BookT<lob::ChecksumSink, 16u>::Level, std::__1::less<void>, std::__1::allocator<std::__1::pair<long const, lob::v5::BookT<lob::ChecksumSink, 16u>::Level> > > >(std::__1::map<long, lob::v5::BookT<lob::ChecksumSink, 16u>::Level, std::__1::less<void>, std::__1::allocator<std::__1::pair<long const, lob::v5::BookT<lob::ChecksumSink, 16u>::Level> > >&) const
375 83 1 1 35 4 4 0 0 0
fn=lob::v5::BookT<lob::ChecksumSink, 16u>::index_insert(unsigned long, unsigned int)
300 35764 0 0 35764 0 0 0 0 0
fn=lob::v5::BookT<lob::ChecksumSink, 16u>::rest(unsigned long, lob::Side, long, unsigned int)
375 42 0 0 21 1 0 0 0 0
462 12 0 0 6 0 0 0 0 0
fn=void lob::v5::BookT<lob::ChecksumSink, 16u>::cancel_in<boost::unordered::unordered_flat_map<unsigned int, unsigned int, boost::hash<unsigned int>, std::__1::equal_to<unsigned int>, std::__1::allocator<std::__1::pair<unsigned int const, unsigned int> > >, unsigned int>(boost::unordered::unordered_flat_map<unsigned int, unsigned int, boost::hash<unsigned int>, std::__1::equal_to<unsigned int>, std::__1::allocator<std::__1::pair<unsigned int const, unsigned int> > >&, unsigned int, unsigned long)
300 1249599 0 0 1249599 101044 81 0 0 0
fn=void lob::v5::BookT<lob::ChecksumSink, 16u>::modify_in<boost::unordered::unordered_flat_map<unsigned int, unsigned int, boost::hash<unsigned int>, std::__1::equal_to<unsigned int>, std::__1::allocator<std::__1::pair<unsigned int const, unsigned int> > >, unsigned int>(boost::unordered::unordered_flat_map<unsigned int, unsigned int, boost::hash<unsigned int>, std::__1::equal_to<unsigned int>, std::__1::allocator<std::__1::pair<unsigned int const, unsigned int> > >&, unsigned int, unsigned long, long, unsigned int)
300 41964 0 0 41964 1213 0 0 0 0
fl=/usr/include/c++/v1/__iterator/wrap_iter.h
fn=auto lob::for_each_type<std::__1::tuple<lob::v0::Book<lob::ChecksumSink>, lob::v1::Book<lob::ChecksumSink>, lob::v2::Book<lob::ChecksumSink>, lob::v3::BookT<lob::ChecksumSink, 16u>, lob::v4::BookT<lob::ChecksumSink, 16u>, lob::v5::BookT<lob::ChecksumSink, 16u> >, (anonymous namespace)::with_version<(anonymous namespace)::cmd_replay((anonymous namespace)::Args const&)::$_0>(std::__1::basic_string_view<char, std::__1::char_traits<char> >, (anonymous namespace)::cmd_replay((anonymous namespace)::Args const&)::$_0&&)::{lambda<typename $T0>()#1}>((anonymous namespace)::with_version<(anonymous namespace)::cmd_replay((anonymous namespace)::Args const&)::$_0>(std::__1::basic_string_view<char, std::__1::char_traits<char> >, (anonymous namespace)::cmd_replay((anonymous namespace)::Args const&)::$_0&&)::{lambda<typename $T0>()#1}&&)::{lambda<unsigned long... $N0>(std::__1::integer_sequence<unsigned long, ($N0)...>)#1}::operator()<0ul, 1ul, 2ul, 3ul, 4ul, 5ul>(std::__1::integer_sequence<unsigned long, 0ul, 1ul, 2ul, 3ul, 4ul, 5ul>) const
65 2483220 0 0 0 0 0 0 0 0
125 2483221 0 0 2483220 9 2 0 0 0
fl=/usr/include/c++/v1/__math/rounding_functions.h
fn=boost::unordered::detail::foa::table_locator<boost::unordered::detail::foa::group15<boost::unordered::detail::foa::plain_integral>, std::__1::pair<unsigned int const, unsigned int> > boost::unordered::detail::foa::table_core<boost::unordered::detail::foa::flat_map_types<unsigned int, unsigned int>, boost::unordered::detail::foa::group15<boost::unordered::detail::foa::plain_integral>, boost::unordered::detail::foa::table_arrays, boost::unordered::detail::foa::plain_size_control, boost::hash<unsigned int>, std::__1::equal_to<unsigned int>, std::__1::allocator<std::__1::pair<unsigned int const, unsigned int> > >::unchecked_emplace_with_rehash<boost::unordered::detail::foa::try_emplace_args_t, unsigned int&, unsigned int&>(unsigned long, boost::unordered::detail::foa::try_emplace_args_t&&, unsigned int&, unsigned int&)
29 102 0 0 0 0 0 0 0 0
fl=/usr/include/c++/v1/__memory/allocator.h
fn=lob::v5::BookT<lob::ChecksumSink, 16u>::alloc_node(unsigned long, lob::Side, long, unsigned int)
100 30 0 0 0 0 0 0 0 0
fl=/usr/include/c++/v1/__memory/construct_at.h
fn=lob::v5::BookT<lob::ChecksumSink, 16u>::alloc_node(unsigned long, lob::Side, long, unsigned int)
38 17694 0 0 0 0 0 8847 4442 4148
fl=/usr/include/c++/v1/__memory/uninitialized_algorithms.h
fn=lob::v5::BookT<lob::ChecksumSink, 16u>::alloc_node(unsigned long, lob::Side, long, unsigned int)
0 15 0 0 15 4 0 0 0 0
638 75 0 0 0 0 0 15 0 0
fl=/usr/include/c++/v1/__new/allocate.h
fn=auto lob::v5::BookT<lob::ChecksumSink, 16u>::remove_node(unsigned int)::{lambda(auto:1&)#1}::operator()<std::__1::map<long, lob::v5::BookT<lob::ChecksumSink, 16u>::Level, std::__1::greater<void>, std::__1::allocator<std::__1::pair<long const, lob::v5::BookT<lob::ChecksumSink, 16u>::Level> > > >(std::__1::map<long, lob::v5::BookT<lob::ChecksumSink, 16u>::Level, std::__1::greater<void>, std::__1::allocator<std::__1::pair<long const, lob::v5::BookT<lob::ChecksumSink, 16u>::Level> > >&) const
63 12 0 0 3 0 0 0 0 0
fn=auto lob::v5::BookT<lob::ChecksumSink, 16u>::remove_node(unsigned int)::{lambda(auto:1&)#1}::operator()<std::__1::map<long, lob::v5::BookT<lob::ChecksumSink, 16u>::Level, std::__1::less<void>, std::__1::allocator<std::__1::pair<long const, lob::v5::BookT<lob::ChecksumSink, 16u>::Level> > > >(std::__1::map<long, lob::v5::BookT<lob::ChecksumSink, 16u>::Level, std::__1::less<void>, std::__1::allocator<std::__1::pair<long const, lob::v5::BookT<lob::ChecksumSink, 16u>::Level> > >&) const
63 36 0 0 9 0 0 0 0 0
fn=boost::unordered::detail::foa::table_core<boost::unordered::detail::foa::flat_map_types<unsigned int, unsigned int>, boost::unordered::detail::foa::group15<boost::unordered::detail::foa::plain_integral>, boost::unordered::detail::foa::table_arrays, boost::unordered::detail::foa::plain_size_control, boost::hash<unsigned int>, std::__1::equal_to<unsigned int>, std::__1::allocator<std::__1::pair<unsigned int const, unsigned int> > >::unchecked_rehash(boost::unordered::detail::foa::table_arrays<std::__1::pair<unsigned int const, unsigned int>, boost::unordered::detail::foa::group15<boost::unordered::detail::foa::plain_integral>, boost::unordered::detail::foa::pow2_size_policy, std::__1::allocator<std::__1::pair<unsigned int const, unsigned int> > >&)
63 101 0 0 0 0 0 101 0 0
fn=boost::unordered::detail::foa::table_locator<boost::unordered::detail::foa::group15<boost::unordered::detail::foa::plain_integral>, std::__1::pair<unsigned int const, unsigned int> > boost::unordered::detail::foa::table_core<boost::unordered::detail::foa::flat_map_types<unsigned int, unsigned int>, boost::unordered::detail::foa::group15<boost::unordered::detail::foa::plain_integral>, boost::unordered::detail::foa::table_arrays, boost::unordered::detail::foa::plain_size_control, boost::hash<unsigned int>, std::__1::equal_to<unsigned int>, std::__1::allocator<std::__1::pair<unsigned int const, unsigned int> > >::unchecked_emplace_with_rehash<boost::unordered::detail::foa::try_emplace_args_t, unsigned int&, unsigned int&>(unsigned long, boost::unordered::detail::foa::try_emplace_args_t&&, unsigned int&, unsigned int&)
43 204 0 0 0 0 0 102 0 0
fn=lob::v5::BookT<lob::ChecksumSink, 16u>::alloc_node(unsigned long, lob::Side, long, unsigned int)
0 89 1 1 89 0 0 0 0 0
37 15 0 0 0 0 0 0 0 0
43 30 0 0 0 0 0 15 0 0
63 42 0 0 0 0 0 14 0 0
fn=lob::v5::BookT<lob::ChecksumSink, 16u>::rest(unsigned long, lob::Side, long, unsigned int)
43 36 1 1 0 0 0 12 0 0
fl=/usr/include/c++/v1/__split_buffer
fn=lob::v5::BookT<lob::ChecksumSink, 16u>::alloc_node(unsigned long, lob::Side, long, unsigned int)
334 15 0 0 0 0 0 0 0 0
335 15 0 0 0 0 0 0 0 0
341 30 0 0 0 0 0 0 0 0
fl=/usr/include/c++/v1/__tree
fn=auto lob::v5::BookT<lob::ChecksumSink, 16u>::remove_node(unsigned int)::{lambda(auto:1&)#1}::operator()<std::__1::map<long, lob::v5::BookT<lob::ChecksumSink, 16u>::Level, std::__1::greater<void>, std::__1::allocator<std::__1::pair<long const, lob::v5::BookT<lob::ChecksumSink, 16u>::Level> > > >(std::__1::map<long, lob::v5::BookT<lob::ChecksumSink, 16u>::Level, std::__1::greater<void>, std::__1::allocator<std::__1::pair<long const, lob::v5::BookT<lob::ChecksumSink, 16u>::Level> > >&) const
0 32 0 0 11 2 0 0 0 0
105 4 0 0 4 0 0 0 0 0
163 4 0 0 1 1 1 0 0 0
191 9 0 0 3 0 0 0 0 0
193 2 0 0 0 0 0 0 0 0
680 5 0 0 0 0 0 0 0 0
862 5 0 0 0 0 0 0 0 0
884 5 1 1 5 0 0 0 0 0
1824 6 0 0 3 0 0 0 0 0
1825 3 0 0 0 0 0 3 0 0
1826 3 0 0 3 0 0 0 0 0
1827 6 0 0 0 0 0 3 0 0
1994 10 0 0 0 0 0 0 0 0
2049 22 0 0 0 0 0 0 0 0
2050 6 0 0 0 0 0 0 0 0
fn=auto lob::v5::BookT<lob::ChecksumSink, 16u>::remove_node(unsigned int)::{lambda(auto:1&)#1}::operator()<std::__1::map<long, lob::v5::BookT<lob::ChecksumSink, 16u>::Level, std::__1::less<void>, std::__1::allocator<std::__1::pair<long const, lob::v5::BookT<lob::ChecksumSink, 16u>::Level> > > >(std::__1::map<long, lob::v5::BookT<lob::ChecksumSink, 16u>::Level, std::__1::less<void>, std::__1::allocator<std::__1::pair<long const, lob::v5::BookT<lob::ChecksumSink, 16u>::Level> > >&) const
0 86 0 0 35 3 2 0 0 0
105 12 0 0 12 0 0 0 0 0
163 12 0 0 3 0 0 0 0 0
191 27 0 0 9 0 0 0 0 0
193 6 0 0 0 0 0 0 0 0
680 11 0 0 0 0 0 0 0 0
862 11 0 0 0 0 0 0 0 0
884 11 0 0 11 0 0 0 0 0
1824 18 0 0 9 0 0 0 0 0
1825 9 0 0 0 0 0 9 0 0
1826 9 0 0 9 0 0 0 0 0
1827 18 0 0 0 0 0 9 0 0
1994 22 0 0 0 0 0 0 0 0
2049 70 0 0 0 0 0 0 0 0
2050 24 0 0 0 0 0 0 0 0
fn=lob::v5::BookT<lob::ChecksumSink, 16u>::rest(unsigned long, lob::Side, long, unsigned int)
0 151 2 2 40 0 0 24 0 0
884 16 0 0 16 0 0 0 0 0
1591 35 1 1 0 0 0 0 0 0
1593 27 0 0 0 0 0 0 0 0
1594 72 0 0 18 3 0 0 0 0
1601 9 0 0 0 0 0 0 0 0
1602 15 0 0 5 0 0 0 0 0
1673 12 0 0 0 0 0 12 0 0
1674 12 0 0 0 0 0 12 0 0
1676 12 0 0 0 0 0 12 0 0
1677 48 1 1 24 0 0 0 0 0
1678 8 0 0 0 0 0 8 0 0
1679 36 0 0 12 0 0 12 0 0
1680 12 0 0 12 0 0 0 0 0
fn=unsigned int lob::v5::BookT<lob::ChecksumSink, 16u>::match<(lob::Side)0>(unsigned long, long, unsigned int)
915 630254 0 0 630254 0 0 0 0 0
fn=unsigned int lob::v5::BookT<lob::ChecksumSink, 16u>::match<(lob::Side)1>(unsigned long, long, unsigned int)
915 544299 0 0 544299 0 0 0 0 0
fn=void std::__1::__tree_balance_after_insert[abi:ne210105]<std::__1::__tree_node_base<void*>*>(std::__1::__tree_node_base<void*>*, std::__1::__tree_node_base<void*>*)
0 3 1 1 0 0 0 0 0 0
105 16 1 1 12 0 0 0 0 0
235 1 0 0 1 0 0 0 0 0
236 2 0 0 1 0 0 1 0 0
237 2 0 0 0 0 0 0 0 0
239 1 0 0 0 0 0 1 0 0
241 1 0 0 0 0 0 1 0 0
244 1 0 0 0 0 0 1 0 0
254 1 0 0 1 0 0 0 0 0
255 4 0 0 2 0 0 2 0 0
256 4 0 0 0 0 0 0 0 0
258 4 1 1 2 0 0 2 0 0
259 2 0 0 0 0 0 0 0 0
260 2 0 0 0 0 0 2 0 0
263 2 0 0 0 0 0 2 0 0
278 24 1 1 0 0 0 12 0 0
279 36 0 0 10 0 0 0 0 0
281 4 0 0 0 0 0 0 0 0
282 4 1 1 4 0 0 0 0 0
283 12 0 0 2 0 0 0 0 0
285 2 0 0 0 0 0 2 0 0
287 4 0 0 0 0 0 2 0 0
288 4 0 0 0 0 0 2 0 0
290 3 0 0 0 0 0 0 0 0
295 2 0 0 0 0 0 2 0 0
297 2 0 0 0 0 0 2 0 0
323 12 0 0 12 0 0 0 0 0
569 11 0 0 11 0 0 0 0 0
571 3 0 0 0 0 0 3 0 0
fn=void std::__1::__tree_remove[abi:ne210105]<std::__1::__tree_node_base<void*>*>(std::__1::__tree_node_base<void*>*, std::__1::__tree_node_base<void*>*)
0 29 0 0 3 0 0 3 0 0
105 59 1 1 28 2 2 0 0 0
235 1 0 0 1 0 0 0 0 0
236 2 1 1 1 0 0 1 0 0
237 2 0 0 0 0 0 0 0 0
239 2 0 0 1 0 0 1 0 0
240 1 0 0 0 0 0 0 0 0
241 1 0 0 0 0 0 1 0 0
244 1 0 0 0 0 0 1 0 0
255 2 0 0 1 0 0 1 0 0
256 2 0 0 0 0 0 0 0 0
258 2 1 1 1 0 0 1 0 0
259 1 0 0 0 0 0 0 0 0
262 2 0 0 0 0 0 1 0 0
263 1 1 1 0 0 0 1 0 0
339 48 1 1 12 0 0 0 0 0
341 12 1 1 12 0 0 0 0 0
345 24 0 0 0 0 0 0 0 0
346 12 0 0 4 0 0 4 0 0
347 12 0 0 0 0 0 0 0 0
348 12 0 0 0 0 0 12 0 0
349 24 0 0 0 0 0 0 0 0
350 7 0 0 7 0 0 0 0 0
358 12 0 0 12 0 0 0 0 0
361 31 1 1 0 0 0 0 0 0
379 30 1 1 0 0 0 0 0 0
392 14 0 0 0 0 0 0 0 0
393 4 0 0 0 0 0 4 0 0
401 3 0 0 0 0 0 0 0 0
403 6 1 1 0 0 0 0 0 0
415 11 1 1 4 1 1 0 0 0
416 6 0 0 2 0 0 0 0 0
417 2 0 0 0 0 0 2 0 0
420 7 1 1 1 0 0 0 0 0
429 3 1 1 1 0 0 0 0 0
431 1 0 0 0 0 0 1 0 0
432 1 0 0 0 0 0 1 0 0
439 2 0 0 1 0 0 1 0 0
440 1 0 0 0 0 0 1 0 0
441 1 0 0 0 0 0 1 0 0
492 12 0 0 12 0 0 0 0 0
569 3 0 0 3 0 0 0 0 0
571 1 0 0 0 0 0 1 0 0
fl=/usr/include/c++/v1/__utility/pair.h
fn=_ZN5boost9unordered6detail3foa10table_coreINS2_14flat_map_typesIjjEENS2_7group15INS2_14plain_integralEEENS2_12table_arraysENS2_18plain_size_controlENS_4hashIjEENSt3__18equal_toIjEENSD_9allocatorINSD_4pairIKjjEEEEE22for_all_elements_whileIZNSL_22for_all_elements_whileIZNSL_16for_all_elementsIZNSL_16unchecked_rehashERNS9_ISJ_S8_NS2_16pow2_size_policyESK_EEEUlPSJ_E_EEDTcmclfL1p0_LDnEEcvv_EERKSQ_T_EUlSS_E_EESU_SW_SX_EUlPS8_jSS_E_EEDTcmclfp0_LDnELi0ELDnEEcvv_EESW_SX_
196 123273 0 0 41091 0 0 82182 7537 5429
fn=boost::unordered::detail::foa::table_locator<boost::unordered::detail::foa::group15<boost::unordered::detail::foa::plain_integral>, std::__1::pair<unsigned int const, unsigned int> > boost::unordered::detail::foa::table_core<boost::unordered::detail::foa::flat_map_types<unsigned int, unsigned int>, boost::unordered::detail::foa::group15<boost::unordered::detail::foa::plain_integral>, boost::unordered::detail::foa::table_arrays, boost::unordered::detail::foa::plain_size_control, boost::hash<unsigned int>, std::__1::equal_to<unsigned int>, std::__1::allocator<std::__1::pair<unsigned int const, unsigned int> > >::unchecked_emplace_with_rehash<boost::unordered::detail::foa::try_emplace_args_t, unsigned int&, unsigned int&>(unsigned long, boost::unordered::detail::foa::try_emplace_args_t&&, unsigned int&, unsigned int&)
445 204 0 0 102 0 0 102 30 9
446 204 0 0 102 0 0 102 0 0
fn=lob::v5::BookT<lob::ChecksumSink, 16u>::index_insert(unsigned long, unsigned int)
445 1220994 0 0 0 0 0 1220994 883292 701
446 2441988 0 0 1220994 0 0 1220994 0 0
fn=lob::v5::BookT<lob::ChecksumSink, 16u>::rest(unsigned long, lob::Side, long, unsigned int)
445 12 0 0 0 0 0 12 1 0
fl=/usr/include/c++/v1/__utility/swap.h
fn=lob::v5::BookT<lob::ChecksumSink, 16u>::alloc_node(unsigned long, lob::Side, long, unsigned int)
44 45 0 0 0 0 0 45 4 0
fl=/usr/include/c++/v1/__vector/vector.h
fn=auto lob::for_each_type<std::__1::tuple<lob::v0::Book<lob::ChecksumSink>, lob::v1::Book<lob::ChecksumSink>, lob::v2::Book<lob::ChecksumSink>, lob::v3::BookT<lob::ChecksumSink, 16u>, lob::v4::BookT<lob::ChecksumSink, 16u>, lob::v5::BookT<lob::ChecksumSink, 16u> >, (anonymous namespace)::with_version<(anonymous namespace)::cmd_replay((anonymous namespace)::Args const&)::$_0>(std::__1::basic_string_view<char, std::__1::char_traits<char> >, (anonymous namespace)::cmd_replay((anonymous namespace)::Args const&)::$_0&&)::{lambda<typename $T0>()#1}>((anonymous namespace)::with_version<(anonymous namespace)::cmd_replay((anonymous namespace)::Args const&)::$_0>(std::__1::basic_string_view<char, std::__1::char_traits<char> >, (anonymous namespace)::cmd_replay((anonymous namespace)::Args const&)::$_0&&)::{lambda<typename $T0>()#1}&&)::{lambda<unsigned long... $N0>(std::__1::integer_sequence<unsigned long, ($N0)...>)#1}::operator()<0ul, 1ul, 2ul, 3ul, 4ul, 5ul>(std::__1::integer_sequence<unsigned long, 0ul, 1ul, 2ul, 3ul, 4ul, 5ul>) const
0 1 0 0 0 0 0 1 1 1
388 1 0 0 1 0 0 0 0 0
449 1 0 0 1 1 1 0 0 0
fn=auto lob::v5::BookT<lob::ChecksumSink, 16u>::remove_node(unsigned int)::{lambda(auto:1&)#1}::operator()<std::__1::map<long, lob::v5::BookT<lob::ChecksumSink, 16u>::Level, std::__1::greater<void>, std::__1::allocator<std::__1::pair<long const, lob::v5::BookT<lob::ChecksumSink, 16u>::Level> > > >(std::__1::map<long, lob::v5::BookT<lob::ChecksumSink, 16u>::Level, std::__1::greater<void>, std::__1::allocator<std::__1::pair<long const, lob::v5::BookT<lob::ChecksumSink, 16u>::Level> > >&) const
407 23 0 0 5 0 0 0 0 0
fn=auto lob::v5::BookT<lob::ChecksumSink, 16u>::remove_node(unsigned int)::{lambda(auto:1&)#1}::operator()<std::__1::map<long, lob::v5::BookT<lob::ChecksumSink, 16u>::Level, std::__1::less<void>, std::__1::allocator<std::__1::pair<long const, lob::v5::BookT<lob::ChecksumSink, 16u>::Level> > > >(std::__1::map<long, lob::v5::BookT<lob::ChecksumSink, 16u>::Level, std::__1::less<void>, std::__1::allocator<std::__1::pair<long const, lob::v5::BookT<lob::ChecksumSink, 16u>::Level> > >&) const
407 46 0 0 11 0 0 0 0 0
fn=lob::v5::BookT<lob::ChecksumSink, 16u>::alloc_node(unsigned long, lob::Side, long, unsigned int)
0 17814 0 0 15 0 0 90 1 1
388 44235 1 1 17694 0 0 0 0 0
391 15 0 0 0 0 0 0 0 0
407 4866690 0 0 1221096 0 0 0 0 0
475 8832 0 0 0 0 0 0 0 0
844 30 0 0 0 0 0 0 0 0
902 45 1 1 0 0 0 0 0 0
905 105 1 1 0 0 0 0 0 0
1128 15 0 0 0 0 0 0 0 0
1131 30 1 1 0 0 0 0 0 0
1146 26541 0 0 8847 0 0 0 0 0
1149 8832 0 0 0 0 0 0 0 0
1152 8847 0 0 0 0 0 8847 0 0
fn=lob::v5::BookT<lob::ChecksumSink, 16u>::remove_node(unsigned int)
407 6204752 2 2 1221096 0 0 0 0 0
fn=lob::v5::BookT<lob::ChecksumSink, 16u>::rest(unsigned long, lob::Side, long, unsigned int)
407 3514755 0 0 1221096 0 0 0 0 0
fn=void lob::v5::BookT<lob::ChecksumSink, 16u>::cancel_in<boost::unordered::unordered_flat_map<unsigned int, unsigned int, boost::hash<unsigned int>, std::__1::equal_to<unsigned int>, std::__1::allocator<std::__1::pair<unsigned int const, unsigned int> > >, unsigned int>(boost::unordered::unordered_flat_map<unsigned int, unsigned int, boost::hash<unsigned int>, std::__1::equal_to<unsigned int>, std::__1::allocator<std::__1::pair<unsigned int const, unsigned int> > >&, unsigned int, unsigned long)
407 4884384 1 1 1221096 2 2 0 0 0
fn=void lob::v5::BookT<lob::ChecksumSink, 16u>::modify_in<boost::unordered::unordered_flat_map<unsigned int, unsigned int, boost::hash<unsigned int>, std::__1::equal_to<unsigned int>, std::__1::allocator<std::__1::pair<unsigned int const, unsigned int> > >, unsigned int>(boost::unordered::unordered_flat_map<unsigned int, unsigned int, boost::hash<unsigned int>, std::__1::equal_to<unsigned int>, std::__1::allocator<std::__1::pair<unsigned int const, unsigned int> > >&, unsigned int, unsigned long, long, unsigned int)
407 164112 0 0 41028 0 0 0 0 0
fl=/usr/include/c++/v1/map
fn=unsigned int lob::v5::BookT<lob::ChecksumSink, 16u>::match<(lob::Side)0>(unsigned long, long, unsigned int)
1031 1296231 0 0 648116 4 1 0 0 0
fn=unsigned int lob::v5::BookT<lob::ChecksumSink, 16u>::match<(lob::Side)1>(unsigned long, long, unsigned int)
1031 1145960 0 0 572980 0 0 0 0 0
fl=???
fn=???
0 1139 5 5 756 203 15 0 0 0
fn=operator delete(void*)
0 635 0 0 127 0 0 127 0 0
fn=operator delete(void*, unsigned long)
0 635 1 1 127 0 0 127 0 0
fn=operator new(unsigned long)
0 2193 2 2 387 0 0 516 0 0
summary: 582375274 285 277 159568596 1647891 941546 86947098 1012155 18447
