==23321== Cachegrind, a high-precision tracing profiler
==23321== Copyright (C) 2002-2017, and GNU GPL'd, by Nicholas Nethercote et al.
==23321== Using Valgrind-3.22.0 and LibVEX; rerun with -h for copyright info
==23321== Command: /home/wang/sources/cxx/book/build/profile/book replay --workload data/itch12302019_QQQ.ops --version v2
==23321== 
==23321== 
==23321== I refs:        705,439,610
==23321== I1  misses:            283
==23321== LLi misses:            283
==23321== I1  miss rate:        0.00%
==23321== LLi miss rate:        0.00%
==23321== 
==23321== D refs:        287,747,882  (202,159,331 rd   + 85,588,551 wr)
==23321== D1  misses:      3,678,882  (  2,068,897 rd   +  1,609,985 wr)
==23321== LLd misses:        987,617  (    950,438 rd   +     37,179 wr)
==23321== D1  miss rate:         1.3% (        1.0%     +        1.9%  )
==23321== LLd miss rate:         0.3% (        0.5%     +        0.0%  )
==23321== 
==23321== LL refs:         3,679,165  (  2,069,180 rd   +  1,609,985 wr)
==23321== LL misses:         987,900  (    950,721 rd   +     37,179 wr)
==23321== LL miss rate:          0.1% (        0.1%     +        0.0%  )
