==19470== Cachegrind, a high-precision tracing profiler
==19470== Copyright (C) 2002-2017, and GNU GPL'd, by Nicholas Nethercote et al.
==19470== Using Valgrind-3.22.0 and LibVEX; rerun with -h for copyright info
==19470== Command: /home/wang/sources/cxx/book/build/profile/book replay --workload data/itch12302019_SPY.ops --version v0
==19470== 
==19470== 
==19470== I refs:        1,137,663,040
==19470== I1  misses:              282
==19470== LLi misses:              282
==19470== I1  miss rate:          0.00%
==19470== LLi miss rate:          0.00%
==19470== 
==19470== D refs:          449,970,113  (287,955,961 rd   + 162,014,152 wr)
==19470== D1  misses:        4,172,596  (  3,883,187 rd   +     289,409 wr)
==19470== LLd misses:          851,199  (    845,840 rd   +       5,359 wr)
==19470== D1  miss rate:           0.9% (        1.3%     +         0.2%  )
==19470== LLd miss rate:           0.2% (        0.3%     +         0.0%  )
==19470== 
==19470== LL refs:           4,172,878  (  3,883,469 rd   +     289,409 wr)
==19470== LL misses:           851,481  (    846,122 rd   +       5,359 wr)
==19470== LL miss rate:            0.1% (        0.1%     +         0.0%  )
