==19332== Cachegrind, a high-precision tracing profiler
==19332== Copyright (C) 2002-2017, and GNU GPL'd, by Nicholas Nethercote et al.
==19332== Using Valgrind-3.22.0 and LibVEX; rerun with -h for copyright info
==19332== Command: /home/wang/sources/cxx/book/build/profile/book replay --workload data/syn_deep_s42.ops --version v1
==19332== 
==19332== 
==19332== I refs:        296,909,089
==19332== I1  misses:            321
==19332== LLi misses:            321
==19332== I1  miss rate:        0.00%
==19332== LLi miss rate:        0.00%
==19332== 
==19332== D refs:        127,187,766  (83,157,436 rd   + 44,030,330 wr)
==19332== D1  misses:      4,552,409  ( 2,839,047 rd   +  1,713,362 wr)
==19332== LLd misses:        418,222  (   375,248 rd   +     42,974 wr)
==19332== D1  miss rate:         3.6% (       3.4%     +        3.9%  )
==19332== LLd miss rate:         0.3% (       0.5%     +        0.1%  )
==19332== 
==19332== LL refs:         4,552,730  ( 2,839,368 rd   +  1,713,362 wr)
==19332== LL misses:         418,543  (   375,569 rd   +     42,974 wr)
==19332== LL miss rate:          0.1% (       0.1%     +        0.1%  )
