==78390== Cachegrind, a high-precision tracing profiler
==78390== Copyright (C) 2002-2017, and GNU GPL'd, by Nicholas Nethercote et al.
==78390== Using Valgrind-3.22.0 and LibVEX; rerun with -h for copyright info
==78390== Command: /home/wang/sources/cxx/book/build/profile/book replay --workload data/syn_default_s42.ops --version v11
==78390== 
==78390== 
==78390== I refs:        197,213,741
==78390== I1  misses:            236
==78390== LLi misses:            236
==78390== I1  miss rate:        0.00%
==78390== LLi miss rate:        0.00%
==78390== 
==78390== D refs:         82,009,861  (54,646,855 rd   + 27,363,006 wr)
==78390== D1  misses:      2,316,478  ( 1,254,339 rd   +  1,062,139 wr)
==78390== LLd misses:        380,199  (   375,171 rd   +      5,028 wr)
==78390== D1  miss rate:         2.8% (       2.3%     +        3.9%  )
==78390== LLd miss rate:         0.5% (       0.7%     +        0.0%  )
==78390== 
==78390== LL refs:         2,316,714  ( 1,254,575 rd   +  1,062,139 wr)
==78390== LL misses:         380,435  (   375,407 rd   +      5,028 wr)
==78390== LL miss rate:          0.1% (       0.1%     +        0.0%  )
