==73401== Cachegrind, a high-precision tracing profiler
==73401== Copyright (C) 2002-2017, and GNU GPL'd, by Nicholas Nethercote et al.
==73401== Using Valgrind-3.22.0 and LibVEX; rerun with -h for copyright info
==73401== Command: /home/wang/sources/cxx/book/build/profile/book replay --workload data/syn_default_s42.ops --version v10
==73401== 
==73401== 
==73401== I refs:        203,030,899
==73401== I1  misses:            236
==73401== LLi misses:            236
==73401== I1  miss rate:        0.00%
==73401== LLi miss rate:        0.00%
==73401== 
==73401== D refs:         79,887,501  (53,076,212 rd   + 26,811,289 wr)
==73401== D1  misses:      2,311,232  ( 1,251,318 rd   +  1,059,914 wr)
==73401== LLd misses:        380,193  (   375,170 rd   +      5,023 wr)
==73401== D1  miss rate:         2.9% (       2.4%     +        4.0%  )
==73401== LLd miss rate:         0.5% (       0.7%     +        0.0%  )
==73401== 
==73401== LL refs:         2,311,468  ( 1,251,554 rd   +  1,059,914 wr)
==73401== LL misses:         380,429  (   375,406 rd   +      5,023 wr)
==73401== LL miss rate:          0.1% (       0.1%     +        0.0%  )
