==34503== Cachegrind, a high-precision tracing profiler
==34503== Copyright (C) 2002-2017, and GNU GPL'd, by Nicholas Nethercote et al.
==34503== Using Valgrind-3.22.0 and LibVEX; rerun with -h for copyright info
==34503== Command: /home/wang/sources/cxx/book/build/profile/book replay --workload data/syn_aggressive_s42.ops --version v5
==34503== 
==34503== 
==34503== I refs:        253,068,270
==34503== I1  misses:            239
==34503== LLi misses:            234
==34503== I1  miss rate:        0.00%
==34503== LLi miss rate:        0.00%
==34503== 
==34503== D refs:        104,986,934  (68,195,573 rd   + 36,791,361 wr)
==34503== D1  misses:      1,727,624  ( 1,004,389 rd   +    723,235 wr)
==34503== LLd misses:        377,253  (   375,150 rd   +      2,103 wr)
==34503== D1  miss rate:         1.6% (       1.5%     +        2.0%  )
==34503== LLd miss rate:         0.4% (       0.6%     +        0.0%  )
==34503== 
==34503== LL refs:         1,727,863  ( 1,004,628 rd   +    723,235 wr)
==34503== LL misses:         377,487  (   375,384 rd   +      2,103 wr)
==34503== LL miss rate:          0.1% (       0.1%     +        0.0%  )
