==73409== Cachegrind, a high-precision tracing profiler
==73409== Copyright (C) 2002-2017, and GNU GPL'd, by Nicholas Nethercote et al.
==73409== Using Valgrind-3.22.0 and LibVEX; rerun with -h for copyright info
==73409== Command: /home/wang/sources/cxx/book/build/profile/book replay --workload data/syn_default_s42.ops --version v11
==73409== 
==73409== 
==73409== I refs:        197,213,741
==73409== I1  misses:            236
==73409== LLi misses:            236
==73409== I1  miss rate:        0.00%
==73409== LLi miss rate:        0.00%
==73409== 
==73409== D refs:         82,009,861  (54,646,855 rd   + 27,363,006 wr)
==73409== D1  misses:      2,316,443  ( 1,254,382 rd   +  1,062,061 wr)
==73409== LLd misses:        380,193  (   375,165 rd   +      5,028 wr)
==73409== D1  miss rate:         2.8% (       2.3%     +        3.9%  )
==73409== LLd miss rate:         0.5% (       0.7%     +        0.0%  )
==73409== 
==73409== LL refs:         2,316,679  ( 1,254,618 rd   +  1,062,061 wr)
==73409== LL misses:         380,429  (   375,401 rd   +      5,028 wr)
==73409== LL miss rate:          0.1% (       0.1%     +        0.0%  )
