desc: I1 cache:         32768 B, 64 B, 8-way associative
desc: D1 cache:         49152 B, 64 B, 12-way associative
desc: LL cache:         6291456 B, 64 B, 12-way associative
cmd: /home/wang/sources/cxx/book/build/profile/book replay --workload data/syn_aggressive_s42.ops --version v8
events: Ir I1mr ILmr Dr D1mr DLmr Dw D1mw DLmw 
fl=./malloc/./malloc/arena.c
fn=free
153 54 0 0 0 0 0 0 0 0
fn=malloc
153 38 0 0 0 0 0 0 0 0
fl=./malloc/./malloc/malloc.c
fn=_int_free
1792 11 0 0 11 3 0 0 0 0
3163 14 1 1 7 0 0 7 0 0
3165 28 0 0 7 4 4 7 0 0
3166 7 0 0 0 0 0 7 0 0
3167 14 0 0 0 0 0 7 0 0
4495 126 1 1 0 0 0 72 2 0
4499 54 1 1 18 0 0 0 0 0
4505 72 0 0 0 0 0 0 0 0
4506 36 0 0 0 0 0 0 0 0
4510 90 0 0 0 0 0 0 0 0
4517 36 0 0 0 0 0 0 0 0
4518 108 1 1 54 3 0 0 0 0
4521 7 0 0 0 0 0 0 0 0
4527 21 0 0 14 1 1 0 0 0
4547 35 1 1 14 0 0 0 0 0
4550 7 0 0 0 0 0 0 0 0
4561 22 0 0 0 0 0 0 0 0
4637 22 0 0 11 0 0 0 0 0
4640 22 0 0 11 3 0 0 0 0
4643 22 1 1 0 0 0 0 0 0
4646 22 0 0 0 0 0 0 0 0
4658 97 1 1 79 0 0 0 0 0
fn=_int_free_maybe_consolidate
4770 121 1 1 11 3 0 77 0 0
4776 22 0 0 0 0 0 0 0 0
4778 4 0 0 1 0 0 0 0 0
4781 3 0 0 0 0 0 0 0 0
4784 5 2 2 3 1 0 0 0 0
4785 5 0 0 3 0 0 0 0 0
4798 117 1 1 96 0 0 0 0 0
fn=_int_free_merge_chunk
1992 33 0 0 11 0 0 0 0 0
4665 88 1 1 0 0 0 66 1 0
4666 11 0 0 0 0 0 0 0 0
4670 66 0 0 11 3 0 0 0 0
4673 44 1 1 11 3 0 0 0 0
4675 33 1 1 11 2 0 0 0 0
4678 33 0 0 11 0 0 0 0 0
4681 22 0 0 0 0 0 0 0 0
4682 22 0 0 0 0 0 0 0 0
4683 22 0 0 11 3 0 0 0 0
4689 22 1 1 11 0 0 0 0 0
4691 9 0 0 9 0 0 0 0 0
4692 9 0 0 0 0 0 0 0 0
4693 9 0 0 0 0 0 0 0 0
4694 36 0 0 9 3 0 0 0 0
4696 18 0 0 0 0 0 9 0 0
4701 33 0 0 0 0 0 0 0 0
4702 77 0 0 66 0 0 0 0 0
4714 22 0 0 11 0 0 0 0 0
4720 22 0 0 11 1 0 0 0 0
4721 2 1 1 0 0 0 1 0 0
4722 2 0 0 0 0 0 0 0 0
4724 10 0 0 10 0 0 0 0 0
4732 11 0 0 0 0 0 0 0 0
4733 44 1 1 11 0 0 0 0 0
4734 22 0 0 11 0 0 0 0 0
4736 11 0 0 0 0 0 11 0 0
4738 22 0 0 0 0 0 0 0 0
4740 33 1 1 0 0 0 11 0 0
4743 11 0 0 0 0 0 11 0 0
4744 11 0 0 0 0 0 11 0 0
4746 33 0 0 0 0 0 11 0 0
4747 11 0 0 0 0 0 11 0 0
fn=_int_malloc
1326 38 0 0 0 0 0 0 0 0
1345 114 0 0 0 0 0 0 0 0
1794 19 1 1 19 0 0 0 0 0
2008 4 0 0 1 0 0 0 0 0
2552 6 1 1 2 2 2 2 1 0
2553 1 1 1 0 0 0 1 0 0
2564 2 1 1 1 1 1 0 0 0
2589 4 0 0 1 0 0 1 0 0
2590 2 0 0 0 0 0 1 0 0
2599 12 1 1 3 0 0 0 0 0
2605 3 0 0 2 0 0 0 0 0
2608 3 1 1 0 0 0 0 0 0
2669 3 1 1 1 0 0 1 0 0
2677 2 0 0 1 0 0 0 0 0
2678 3 0 0 1 0 0 1 0 0
2691 3 1 1 1 0 0 0 0 0
2693 1 0 0 1 0 0 0 0 0
2699 5 0 0 1 0 0 1 0 0
2707 2 0 0 0 0 0 0 0 0
2709 4 2 2 0 0 0 2 0 0
2710 3 0 0 1 0 0 0 0 0
2711 1 0 0 0 0 0 0 0 0
2712 1 0 0 0 0 0 0 0 0
2715 2 0 0 0 0 0 0 0 0
2744 7 1 1 3 0 0 0 0 0
2746 2 1 1 0 0 0 1 0 0
2752 8 0 0 1 0 0 0 0 0
2753 6 0 0 1 0 0 1 0 0
2921 3 1 1 2 0 0 0 0 0
2922 1 0 0 0 0 0 1 0 0
2926 1 0 0 1 0 0 0 0 0
2930 5 1 1 2 0 0 0 0 0
2932 1 0 0 0 0 0 0 0 0
2933 1 0 0 0 0 0 0 0 0
2934 1 0 0 0 0 0 1 0 0
2935 7 0 0 0 0 0 1 0 0
2936 2 0 0 0 0 0 1 1 1
2938 1 0 0 0 0 0 0 0 0
3846 209 2 2 19 2 1 133 1 1
3887 38 0 0 0 0 0 0 0 0
3914 38 0 0 0 0 0 0 0 0
3916 8 0 0 0 0 0 0 0 0
3919 2 0 0 2 1 1 0 0 0
3921 4 0 0 0 0 0 0 0 0
3930 6 2 2 0 0 0 0 0 0
3977 34 1 1 0 0 0 0 0 0
3979 28 0 0 0 0 0 0 0 0
3980 12 1 1 0 0 0 0 0 0
3982 18 0 0 6 5 5 0 0 0
4039 160 1 1 0 0 0 0 0 0
4040 39 0 0 13 1 0 0 0 0
4058 57 1 1 19 0 0 0 0 0
4059 57 0 0 0 0 0 19 1 1
4060 57 1 1 38 0 0 0 0 0
4069 20 0 0 0 0 0 10 0 0
4070 129 1 1 29 2 1 19 0 0
4072 10 0 0 10 1 0 0 0 0
4073 20 0 0 10 1 0 0 0 0
4074 10 0 0 0 0 0 0 0 0
4076 20 0 0 0 0 0 0 0 0
4077 30 1 1 10 1 0 0 0 0
4079 10 0 0 10 1 0 0 0 0
4080 40 0 0 0 0 0 0 0 0
4082 40 0 0 10 0 0 0 0 0
4084 20 1 1 10 0 0 0 0 0
4085 20 0 0 10 0 0 0 0 0
4087 20 0 0 0 0 0 0 0 0
4098 40 0 0 0 0 0 0 0 0
4127 10 0 0 0 0 0 10 0 0
4128 10 0 0 0 0 0 10 0 0
4132 20 0 0 0 0 0 0 0 0
4161 22 2 2 0 0 0 0 0 0
4169 151 4 4 0 0 0 10 0 0
4170 30 1 1 0 0 0 0 0 0
4171 10 0 0 10 4 2 0 0 0
4174 20 0 0 0 0 0 0 0 0
4218 40 0 0 0 0 0 10 0 0
4221 70 2 2 20 3 0 0 0 0
4222 10 0 0 0 0 0 10 0 0
4223 10 0 0 0 0 0 10 0 0
4224 10 0 0 0 0 0 10 0 0
4225 10 0 0 0 0 0 10 0 0
4230 20 0 0 20 0 0 0 0 0
4231 20 0 0 0 0 0 0 0 0
4240 40 1 1 20 0 0 0 0 0
4246 20 0 0 0 0 0 0 0 0
4257 57 1 1 0 0 0 0 0 0
4259 52 0 0 0 0 0 0 0 0
4262 39 0 0 13 4 4 0 0 0
4263 21 1 1 2 0 0 0 0 0
4266 2 0 0 2 0 0 0 0 0
4267 12 0 0 2 0 0 0 0 0
4273 4 1 1 2 0 0 0 0 0
4278 6 0 0 0 0 0 2 0 0
4279 6 0 0 0 0 0 4 1 0
4282 8 0 0 4 0 0 0 0 0
4291 2 0 0 0 0 0 0 0 0
4295 8 1 1 2 0 0 0 0 0
4296 4 0 0 2 0 0 0 0 0
4299 2 0 0 0 0 0 2 1 0
4300 2 0 0 0 0 0 2 0 0
4301 2 0 0 0 0 0 2 0 0
4302 4 0 0 0 0 0 0 0 0
4304 4 0 0 0 0 0 2 0 0
4307 16 1 1 0 0 0 2 0 0
4309 6 0 0 0 0 0 2 0 0
4310 2 0 0 0 0 0 2 0 0
4313 2 0 0 0 0 0 0 0 0
4330 17 0 0 0 0 0 0 0 0
4331 34 0 0 0 0 0 0 0 0
4332 34 0 0 0 0 0 0 0 0
4333 34 0 0 17 1 1 0 0 0
4334 102 0 0 0 0 0 0 0 0
4339 68 1 1 0 0 0 0 0 0
4343 101 1 1 0 0 0 0 0 0
4346 72 1 1 18 0 0 0 0 0
4443 17 1 1 17 0 0 0 0 0
4444 34 0 0 17 0 0 0 0 0
4446 34 0 0 17 1 1 0 0 0
4449 51 0 0 0 0 0 0 0 0
4451 16 0 0 0 0 0 0 0 0
4452 32 1 1 0 0 0 0 0 0
4453 16 0 0 0 0 0 16 0 0
4454 128 1 1 0 0 0 16 0 0
4456 32 0 0 0 0 0 16 16 16
4459 36 0 0 0 0 0 0 0 0
4460 57 0 0 0 0 0 19 2 1
4461 19 0 0 0 0 0 0 0 0
4466 4 0 0 1 0 0 1 0 0
4482 1 0 0 0 0 0 0 0 0
4487 228 3 2 171 0 0 0 0 0
fn=alloc_perturb
1985 57 1 1 19 0 0 0 0 0
1987 19 0 0 19 0 0 0 0 0
fn=free
3359 126 2 2 0 0 0 72 0 0
3363 36 0 0 0 0 0 0 0 0
3371 36 0 0 36 8 2 0 0 0
3373 18 0 0 0 0 0 0 0 0
3375 54 0 0 18 4 1 0 0 0
3392 54 0 0 36 6 0 0 0 0
3398 54 1 1 0 0 0 18 1 0
3401 18 0 0 0 0 0 18 0 0
3402 108 0 0 90 0 0 0 0 0
fn=malloc
1326 40 0 0 0 0 0 0 0 0
1345 100 1 1 0 0 0 0 0 0
3178 2 0 0 1 1 1 0 0 0
3182 2 0 0 0 0 0 0 0 0
3186 4 0 0 1 1 1 1 0 0
3190 2 0 0 0 0 0 1 0 0
3191 1 0 0 0 0 0 1 0 0
3294 160 1 1 0 0 0 80 1 1
3301 40 0 0 20 2 1 0 0 0
3311 40 0 0 0 0 0 0 0 0
3313 80 0 0 40 4 2 0 0 0
3316 40 0 0 20 2 1 0 0 0
3318 21 1 1 7 2 2 0 0 0
3326 38 1 1 19 2 1 0 0 0
3328 76 1 1 0 0 0 19 1 0
3329 95 1 1 19 0 0 0 0 0
3354 120 1 1 100 0 0 0 0 0
fn=systrim.constprop.0
2957 6 1 1 0 0 0 4 0 0
2966 3 0 0 2 0 0 0 0 0
2968 1 0 0 0 0 0 0 0 0
2969 2 0 0 0 0 0 0 0 0
2970 1 0 0 0 0 0 0 0 0
2974 3 0 0 1 0 0 0 0 0
2975 1 0 0 0 0 0 0 0 0
2978 5 1 1 2 2 0 0 0 0
2980 2 0 0 0 0 0 0 0 0
3020 6 0 0 5 0 0 0 0 0
fn=unlink_chunk.isra.0
1608 24 1 1 0 0 0 12 0 0
1610 60 0 0 24 0 0 0 0 0
1613 24 0 0 24 2 0 0 0 0
1614 24 0 0 12 0 0 0 0 0
1616 48 1 1 24 2 0 0 0 0
1619 12 0 0 0 0 0 12 0 0
1620 12 0 0 0 0 0 12 0 0
1621 60 0 0 12 1 0 0 0 0
1623 20 0 0 10 0 0 0 0 0
1624 30 0 0 20 0 0 0 0 0
1627 20 0 0 10 1 1 0 0 0
1641 10 0 0 0 0 0 10 0 0
1642 10 1 1 0 0 0 10 0 0
1645 24 0 0 24 0 0 0 0 0
fl=./malloc/./malloc/morecore.c
fn=__glibc_morecore
25 3 1 1 0 0 0 1 0 0
26 2 0 0 1 0 0 0 0 0
29 1 0 0 0 0 0 1 0 0
30 2 0 0 0 0 0 0 0 0
34 2 0 0 2 0 0 0 0 0
fl=./misc/../sysdeps/unix/sysv/linux/brk.c
fn=brk
36 1 1 1 0 0 0 0 0 0
37 2 0 0 1 0 0 1 0 0
38 2 0 0 0 0 0 0 0 0
44 1 0 0 0 0 0 0 0 0
45 1 0 0 1 0 0 0 0 0
fl=./misc/../sysdeps/unix/sysv/linux/brk_call.h
fn=brk
24 2 0 0 0 0 0 0 0 0
fl=./misc/./misc/sbrk.c
fn=sbrk
37 8 1 1 0 0 0 4 1 1
40 2 0 0 2 2 2 0 0 0
43 2 1 1 1 1 1 0 0 0
58 2 0 0 0 0 0 0 0 0
62 2 0 0 0 0 0 0 0 0
66 4 1 1 0 0 0 0 0 0
74 3 1 1 0 0 0 1 0 0
78 7 0 0 5 0 0 0 0 0
fl=./string/../sysdeps/x86_64/multiarch/memmove-vec-unaligned-erms.S
fn=__memcpy_avx_unaligned_erms
255 12 1 1 0 0 0 0 0 0
256 12 0 0 0 0 0 0 0 0
262 12 0 0 0 0 0 0 0 0
263 12 0 0 0 0 0 0 0 0
265 10 0 0 10 2 0 0 0 0
266 10 0 0 0 0 0 0 0 0
267 10 0 0 0 0 0 0 0 0
270 1 0 0 1 0 0 0 0 0
271 1 0 0 0 0 0 1 0 0
272 1 0 0 0 0 0 1 0 0
275 2 0 0 1 0 0 0 0 0
305 2 0 0 0 0 0 0 0 0
306 2 0 0 0 0 0 0 0 0
308 1 0 0 0 0 0 0 0 0
309 1 0 0 0 0 0 0 0 0
311 1 0 0 0 0 0 0 0 0
315 1 0 0 0 0 0 0 0 0
316 1 1 1 0 0 0 0 0 0
317 1 0 0 0 0 0 0 0 0
325 1 0 0 1 0 0 0 0 0
342 1 0 0 1 0 0 0 0 0
343 1 0 0 1 0 0 0 0 0
344 1 0 0 0 0 0 1 0 0
345 1 0 0 0 0 0 1 0 0
347 1 0 0 1 0 0 0 0 0
375 1 1 1 1 0 0 0 0 0
376 1 0 0 1 0 0 0 0 0
377 1 0 0 0 0 0 1 1 1
378 1 0 0 0 0 0 1 0 0
379 1 0 0 0 0 0 1 0 0
380 1 0 0 0 0 0 1 0 0
381 2 0 0 1 0 0 0 0 0
386 9 1 1 9 2 1 0 0 0
387 9 0 0 0 0 0 0 0 0
392 7 0 0 0 0 0 0 0 0
393 7 0 0 0 0 0 0 0 0
395 2 0 0 2 0 0 0 0 0
396 2 0 0 0 0 0 0 0 0
397 2 0 0 0 0 0 0 0 0
399 1 0 0 1 0 0 0 0 0
400 1 0 0 1 0 0 0 0 0
401 1 0 0 1 0 0 0 0 0
402 1 0 0 1 0 0 0 0 0
403 1 0 0 1 0 0 0 0 0
404 1 1 1 1 0 0 0 0 0
405 1 0 0 0 0 0 1 0 0
406 1 0 0 0 0 0 1 1 1
407 1 0 0 0 0 0 1 0 0
408 1 0 0 0 0 0 1 1 1
409 1 0 0 0 0 0 1 0 0
410 1 0 0 0 0 0 1 0 0
411 1 0 0 0 0 0 1 0 0
412 1 0 0 0 0 0 1 0 0
413 2 0 0 1 0 0 0 0 0
417 5 0 0 0 0 0 0 0 0
418 5 0 0 0 0 0 0 0 0
422 5 0 0 0 0 0 0 0 0
424 5 1 1 0 0 0 0 0 0
428 5 0 0 5 1 1 0 0 0
429 5 0 0 0 0 0 0 0 0
440 5 0 0 0 0 0 0 0 0
443 5 0 0 0 0 0 0 0 0
445 5 0 0 0 0 0 0 0 0
447 5 0 0 0 0 0 0 0 0
451 5 0 0 0 0 0 0 0 0
452 5 0 0 0 0 0 0 0 0
461 5 0 0 5 0 0 0 0 0
462 5 0 0 5 0 0 0 0 0
464 5 0 0 0 0 0 0 0 0
466 5 0 0 0 0 0 0 0 0
467 5 1 1 5 0 0 0 0 0
468 5 0 0 5 0 0 0 0 0
471 5 0 0 0 0 0 0 0 0
473 5 0 0 0 0 0 0 0 0
475 5 0 0 0 0 0 0 0 0
477 10 0 0 0 0 0 0 0 0
483 88 0 0 88 0 0 0 0 0
484 88 0 0 88 0 0 0 0 0
485 88 0 0 88 0 0 0 0 0
486 88 0 0 88 0 0 0 0 0
487 88 0 0 0 0 0 0 0 0
488 88 0 0 0 0 0 88 21 19
489 88 0 0 0 0 0 88 23 23
490 88 1 1 0 0 0 88 24 18
491 88 0 0 0 0 0 88 23 23
492 88 0 0 0 0 0 0 0 0
493 88 0 0 0 0 0 0 0 0
494 88 0 0 0 0 0 0 0 0
496 5 0 0 0 0 0 5 1 1
497 5 0 0 0 0 0 5 3 3
498 5 0 0 0 0 0 5 0 0
499 5 0 0 0 0 0 5 0 0
501 5 0 0 0 0 0 5 0 0
505 10 0 0 5 0 0 0 0 0
563 2 1 1 2 0 0 0 0 0
570 2 0 0 0 0 0 0 0 0
571 2 0 0 0 0 0 0 0 0
577 1 0 0 0 0 0 0 0 0
580 1 0 0 0 0 0 0 0 0
582 1 0 0 0 0 0 0 0 0
585 1 0 0 0 0 0 0 0 0
586 1 0 0 0 0 0 0 0 0
588 1 0 0 0 0 0 0 0 0
590 12273 0 0 12272 144 0 12272 191 191
592 1 0 0 0 0 0 1 0 0
594 1 0 0 0 0 0 1 0 0
596 2 0 0 1 0 0 0 0 0
601 2 1 1 0 0 0 0 0 0
602 2 0 0 0 0 0 0 0 0
606 2 0 0 0 0 0 0 0 0
608 2 0 0 0 0 0 0 0 0
611 2 0 0 0 0 0 0 0 0
615 2 0 0 2 2 0 0 0 0
616 2 0 0 0 0 0 0 0 0
620 2 0 0 2 0 0 0 0 0
624 2 0 0 0 0 0 0 0 0
648 1 0 0 0 0 0 0 0 0
650 1 0 0 0 0 0 0 0 0
652 1 0 0 0 0 0 0 0 0
654 1 1 1 0 0 0 0 0 0
657 1 0 0 0 0 0 0 0 0
658 1 0 0 0 0 0 0 0 0
660 24561 0 0 24560 360 0 24560 382 1
663 1 0 0 0 0 0 1 1 0
665 1 0 0 0 0 0 1 0 0
667 2 0 0 1 1 0 0 0 0
fl=./string/../sysdeps/x86_64/multiarch/memset-vec-unaligned-erms.S
fn=__memset_avx2_unaligned_erms
158 8 1 1 0 0 0 0 0 0
159 16 0 0 0 0 0 0 0 0
164 8 0 0 0 0 0 0 0 0
165 8 0 0 0 0 0 0 0 0
166 8 0 0 0 0 0 0 0 0
167 8 0 0 0 0 0 0 0 0
168 8 0 0 0 0 0 0 0 0
170 2 0 0 0 0 0 2 2 2
171 2 0 0 0 0 0 2 0 0
172 4 0 0 2 0 0 0 0 0
181 1 0 0 0 0 0 1 0 0
182 1 0 0 0 0 0 1 0 0
184 2 0 0 1 0 0 0 0 0
237 6 1 1 6 2 0 0 0 0
238 6 0 0 0 0 0 0 0 0
244 5 0 0 0 0 0 5 5 5
245 5 0 0 0 0 0 5 3 3
257 5 0 0 0 0 0 0 0 0
260 5 0 0 0 0 0 0 0 0
261 5 0 0 0 0 0 0 0 0
273 4 0 0 0 0 0 4 2 2
274 4 0 0 0 0 0 4 2 2
287 4 0 0 0 0 0 0 0 0
288 4 0 0 0 0 0 0 0 0
290 4 0 0 0 0 0 0 0 0
293 3 0 0 0 0 0 0 0 0
296 3 0 0 0 0 0 0 0 0
299 25 0 0 0 0 0 25 8 8
300 25 0 0 0 0 0 25 15 15
301 25 0 0 0 0 0 25 10 10
302 25 0 0 0 0 0 25 14 14
303 25 0 0 0 0 0 0 0 0
304 25 0 0 0 0 0 0 0 0
305 28 0 0 0 0 0 0 0 0
308 4 1 1 0 0 0 4 1 1
309 4 0 0 0 0 0 4 0 0
310 4 0 0 0 0 0 4 1 1
311 4 0 0 0 0 0 4 0 0
314 8 0 0 4 0 0 0 0 0
325 1 1 1 0 0 0 0 0 0
326 1 0 0 0 0 0 0 0 0
327 1 0 0 0 0 0 0 0 0
328 4097 0 0 0 0 0 4096 65 65
329 1 0 0 0 0 0 0 0 0
330 2 0 0 1 0 0 0 0 0
fl=/home/wang/git-repositories/vcpkg/installed/x64-linux-clang-libcxx/include/boost/container_hash/hash.hpp
fn=unsigned int lob::v8::BookT<lob::ChecksumSink, 16u>::match<(lob::Side)0>(unsigned long, long, unsigned int)
0 82521 0 0 0 0 0 82521 0 0
538 82521 0 0 82521 0 0 0 0 0
fn=unsigned int lob::v8::BookT<lob::ChecksumSink, 16u>::match<(lob::Side)1>(unsigned long, long, unsigned int)
0 81679 0 0 0 0 0 81679 0 0
538 81679 0 0 81679 0 0 0 0 0
fl=/home/wang/git-repositories/vcpkg/installed/x64-linux-clang-libcxx/include/boost/unordered/detail/foa/core.hpp
fn=_ZN5boost9unordered6detail3foa10table_coreINS2_14flat_map_typesImN3lob2v85BookTINS5_12ChecksumSinkELj16EE3LocEEENS2_7group15INS2_14plain_integralEEENS2_12table_arraysENS2_18plain_size_controlENS_4hashImEENSt3__18equal_toImEENSJ_9allocatorINSJ_4pairIKmSA_EEEEE22for_all_elements_whileIZNSR_22for_all_elements_whileIZNSR_16for_all_elementsIZNSR_16unchecked_rehashERNSF_ISP_SE_NS2_16pow2_size_policyESQ_EEEUlPSP_E_EEDTcmclfL1p0_LDnEEcvv_EERKSW_T_EUlSY_E_EES10_S12_S13_EUlPSE_jSY_E_EEDTcmclfp0_LDnELi0ELDnEEcvv_EES12_S13_
0 3442 0 0 3372 2 0 42 0 0
296 7168 1 1 3584 55 0 0 0 0
297 3330 0 0 0 0 0 0 0 0
313 254 0 0 0 0 0 0 0 0
389 6660 0 0 3330 0 0 0 0 0
849 3330 0 0 0 0 0 0 0 0
927 9990 1 1 0 0 0 0 0 0
1033 8 1 1 8 0 0 0 0 0
1034 7 0 0 7 0 0 0 0 0
1955 3330 0 0 3330 0 0 0 0 0
1961 1524 0 0 0 0 0 0 0 0
2032 3330 0 0 3330 0 0 0 0 0
2063 16 0 0 0 0 0 0 0 0
2064 275 0 0 7 0 0 0 0 0
2065 508 0 0 0 0 0 0 0 0
2067 7422 0 0 0 0 0 0 0 0
2069 6660 0 0 0 0 0 0 0 0
2075 16 1 1 8 0 0 0 0 0
2292 6660 0 0 6660 0 0 0 0 0
2350 3330 0 0 3330 0 0 0 0 0
2373 13320 1 1 0 0 0 0 0 0
2375 3330 0 0 0 0 0 0 0 0
2377 9990 0 0 3330 0 0 0 0 0
fn=auto lob::for_each_type<std::__1::tuple<lob::v0::Book<lob::ChecksumSink>, lob::v1::Book<lob::ChecksumSink>, lob::v2::Book<lob::ChecksumSink>, lob::v3::BookT<lob::ChecksumSink, 16u>, lob::v4::BookT<lob::ChecksumSink, 16u>, lob::v5::BookT<lob::ChecksumSink, 16u>, lob::v7::BookT<lob::ChecksumSink, 16u>, lob::v8::BookT<lob::ChecksumSink, 16u> >, (anonymous namespace)::with_version<(anonymous namespace)::cmd_replay((anonymous namespace)::Args const&)::$_0>(std::__1::basic_string_view<char, std::__1::char_traits<char> >, (anonymous namespace)::cmd_replay((anonymous namespace)::Args const&)::$_0&&)::{lambda<typename $T0>()#1}>((anonymous namespace)::with_version<(anonymous namespace)::cmd_replay((anonymous namespace)::Args const&)::$_0>(std::__1::basic_string_view<char, std::__1::char_traits<char> >, (anonymous namespace)::cmd_replay((anonymous namespace)::Args const&)::$_0&&)::{lambda<typename $T0>()#1}&&)::{lambda<unsigned long... $N0>(std::__1::integer_sequence<unsigned long, ($N0)...>)#1}::operator()<0ul, 1ul, 2ul, 3ul, 4ul, 5ul, 6ul, 7ul>(std::__1::integer_sequence<unsigned long, 0ul, 1ul, 2ul, 3ul, 4ul, 5ul, 6ul, 7ul>) const
0 2798069 2 2 930506 0 0 0 0 0
271 1862120 0 0 0 0 0 0 0 0
272 1239095 0 0 0 0 0 0 0 0
279 2466196 1 1 1233098 3 1 0 0 0
336 931060 0 0 931060 4542 11 0 0 0
404 604076 0 0 0 0 0 0 0 0
849 6513542 0 0 2791518 33 18 0 0 0
881 554 0 0 0 0 0 0 0 0
882 1662 0 0 0 0 0 0 0 0
883 554 0 0 0 0 0 0 0 0
927 618938 1 1 0 0 0 0 0 0
1727 1862120 1 1 0 0 0 0 0 0
1729 931060 0 0 0 0 0 0 0 0
1732 616070 0 0 0 0 0 0 0 0
1733 308035 0 0 0 0 0 0 0 0
1737 922408 0 0 0 0 0 0 0 0
1743 14862 0 0 0 0 0 0 0 0
1745 629022 0 0 0 0 0 0 0 0
1750 554 0 0 0 0 0 0 0 0
1955 930506 0 0 930506 1 1 0 0 0
2266 2114266 0 0 604076 0 0 302038 0 0
fn=boost::unordered::detail::foa::table_core<boost::unordered::detail::foa::flat_map_types<unsigned long, lob::v8::BookT<lob::ChecksumSink, 16u>::Loc>, boost::unordered::detail::foa::group15<boost::unordered::detail::foa::plain_integral>, boost::unordered::detail::foa::table_arrays, boost::unordered::detail::foa::plain_size_control, boost::hash<unsigned long>, std::__1::equal_to<unsigned long>, std::__1::allocator<std::__1::pair<unsigned long const, lob::v8::BookT<lob::ChecksumSink, 16u>::Loc> > >::unchecked_rehash(boost::unordered::detail::foa::table_arrays<std::__1::pair<unsigned long const, lob::v8::BookT<lob::ChecksumSink, 16u>::Loc>, boost::unordered::detail::foa::group15<boost::unordered::detail::foa::plain_integral>, boost::unordered::detail::foa::pow2_size_policy, std::__1::allocator<std::__1::pair<unsigned long const, lob::v8::BookT<lob::ChecksumSink, 16u>::Loc> > >&)
0 32 0 0 0 0 0 8 0 0
1033 16 0 0 16 2 0 0 0 0
1096 16 0 0 0 0 0 0 0 0
1108 7 0 0 7 0 0 0 0 0
1113 14 0 0 0 0 0 0 0 0
1563 96 1 1 16 2 0 0 0 0
1811 40 1 1 8 0 0 0 0 0
2025 40 0 0 0 0 0 24 0 0
2054 8 0 0 0 0 0 8 0 0
2288 40 1 1 0 0 0 16 0 0
2289 8 1 1 0 0 0 8 0 0
2320 16 1 1 8 0 0 8 0 0
2321 8 0 0 0 0 0 8 0 0
2322 40 0 0 24 0 0 0 0 0
fn=boost::unordered::detail::foa::table_locator<boost::unordered::detail::foa::group15<boost::unordered::detail::foa::plain_integral>, std::__1::pair<unsigned long const, lob::v8::BookT<lob::ChecksumSink, 16u>::Loc> > boost::unordered::detail::foa::table_core<boost::unordered::detail::foa::flat_map_types<unsigned long, lob::v8::BookT<lob::ChecksumSink, 16u>::Loc>, boost::unordered::detail::foa::group15<boost::unordered::detail::foa::plain_integral>, boost::unordered::detail::foa::table_arrays, boost::unordered::detail::foa::plain_size_control, boost::hash<unsigned long>, std::__1::equal_to<unsigned long>, std::__1::allocator<std::__1::pair<unsigned long const, lob::v8::BookT<lob::ChecksumSink, 16u>::Loc> > >::unchecked_emplace_with_rehash<boost::unordered::detail::foa::try_emplace_args_t, unsigned long&, lob::v8::BookT<lob::ChecksumSink, 16u>::Loc>(unsigned long, boost::unordered::detail::foa::try_emplace_args_t&&, unsigned long&, lob::v8::BookT<lob::ChecksumSink, 16u>::Loc&&)
0 144 1 1 24 0 0 0 0 0
296 16 0 0 8 0 0 0 0 0
297 16 0 0 0 0 0 0 0 0
389 24 0 0 8 0 0 0 0 0
837 32 0 0 0 0 0 0 0 0
842 16 0 0 0 0 0 0 0 0
849 8 0 0 0 0 0 0 0 0
859 16 1 1 0 0 0 0 0 0
927 16 0 0 0 0 0 0 0 0
1031 32 1 1 0 0 0 32 1 0
1051 16 0 0 0 0 0 8 0 0
1057 32 0 0 0 0 0 0 0 0
1058 24 1 1 0 0 0 0 0 0
1059 8 0 0 0 0 0 0 0 0
1066 8 0 0 0 0 0 0 0 0
1073 16 0 0 0 0 0 0 0 0
1085 8 0 0 0 0 0 0 0 0
1108 8 0 0 0 0 0 0 0 0
1113 8 0 0 0 0 0 0 0 0
1125 24 0 0 0 0 0 8 0 0
1126 8 0 0 0 0 0 0 0 0
1689 8 0 0 8 0 0 0 0 0
1983 80 1 1 0 0 0 48 0 0
1988 32 1 1 0 0 0 24 0 0
1999 16 0 0 0 0 0 8 0 0
2000 8 0 0 8 0 0 0 0 0
2002 72 0 0 56 2 0 0 0 0
2132 144 1 1 16 4 1 0 0 0
2373 16 0 0 0 0 0 0 0 0
2375 8 0 0 0 0 0 0 0 0
2377 32 1 1 0 0 0 0 0 0
fn=lob::v8::BookT<lob::ChecksumSink, 16u>::erase(boost::unordered::detail::foa::table_iterator<boost::unordered::detail::foa::flat_map_types<unsigned long, lob::v8::BookT<lob::ChecksumSink, 16u>::Loc>, boost::unordered::detail::foa::group15<boost::unordered::detail::foa::plain_integral>*, false>)
279 110860 1 1 55430 0 0 0 0 0
404 55430 0 0 0 0 0 0 0 0
2266 194005 0 0 55430 0 0 27715 0 0
fn=lob::v8::BookT<lob::ChecksumSink, 16u>::modify(unsigned long, long, unsigned int)
0 488043 0 0 139305 0 0 0 0 0
271 138988 1 1 0 0 0 0 0 0
272 138988 0 0 0 0 0 0 0 0
336 69494 0 0 69494 128 0 0 0 0
849 486458 1 1 208482 0 0 0 0 0
927 139622 0 0 0 0 0 0 0 0
1727 138988 0 0 0 0 0 0 0 0
1729 69494 0 0 0 0 0 0 0 0
1732 138988 0 0 0 0 0 0 0 0
1733 69494 0 0 0 0 0 0 0 0
1737 209433 0 0 0 0 0 0 0 0
1743 634 0 0 0 0 0 0 0 0
1955 69494 0 0 69494 0 0 0 0 0
fn=lob::v8::BookT<lob::ChecksumSink, 16u>::rest(unsigned long, lob::Side, long, unsigned int)
0 7985298 3 3 2975949 1 0 495206 0 0
271 991238 0 0 0 0 0 0 0 0
272 500354 0 0 0 0 0 0 0 0
279 991238 0 0 495619 1 0 0 0 0
296 990404 0 0 495202 0 0 0 0 0
297 990400 0 0 0 0 0 0 0 0
336 495619 0 0 495619 1 0 0 0 0
849 495206 0 0 0 0 0 0 0 0
881 413 0 0 0 0 0 0 0 0
882 1247 0 0 0 0 0 0 0 0
883 413 0 0 0 0 0 0 0 0
927 999870 0 0 0 0 0 0 0 0
1727 991238 0 0 0 0 0 0 0 0
1729 495619 1 1 0 0 0 0 0 0
1732 9470 0 0 0 0 0 0 0 0
1733 4735 0 0 0 0 0 0 0 0
1737 9474 0 0 0 0 0 0 0 0
1743 9474 0 0 0 0 0 0 0 0
1745 495619 0 0 0 0 0 0 0 0
1750 413 0 0 0 0 0 0 0 0
1955 495206 0 0 495206 1 0 0 0 0
1970 495198 0 0 495198 0 0 0 0 0
2373 1980808 0 0 0 0 0 0 0 0
2375 495210 0 0 0 0 0 0 0 0
2377 1485594 0 0 0 0 0 0 0 0
fn=unsigned int lob::v8::BookT<lob::ChecksumSink, 16u>::match<(lob::Side)0>(unsigned long, long, unsigned int)
0 577640 2 2 249421 0 0 0 0 0
271 165044 0 0 0 0 0 0 0 0
272 165043 0 0 0 0 0 0 0 0
279 330086 0 0 165043 0 0 0 0 0
336 82522 0 0 82522 155 1 0 0 0
404 82521 0 0 0 0 0 0 0 0
849 742689 1 1 247563 0 0 165042 0 0
881 1 0 0 0 0 0 0 0 0
882 3 0 0 0 0 0 0 0 0
883 1 0 0 0 0 0 0 0 0
927 165970 1 1 0 0 0 0 0 0
1727 165044 0 0 0 0 0 0 0 0
1729 82522 0 0 0 0 0 0 0 0
1732 247563 0 0 82521 0 0 0 0 0
1733 82521 0 0 0 0 0 0 0 0
1737 248955 0 0 0 0 0 0 0 0
1743 928 0 0 0 0 0 0 0 0
1745 1 0 0 0 0 0 0 0 0
1750 1 0 0 0 0 0 0 0 0
2266 577647 1 1 82521 0 0 82521 0 0
fn=unsigned int lob::v8::BookT<lob::ChecksumSink, 16u>::match<(lob::Side)1>(unsigned long, long, unsigned int)
0 572172 1 1 246813 0 0 0 0 0
271 163358 0 0 0 0 0 0 0 0
272 163358 0 0 0 0 0 0 0 0
279 326716 1 1 163358 0 0 0 0 0
336 81679 1 1 81679 125 0 0 0 0
404 81679 0 0 0 0 0 0 0 0
849 735111 0 0 245037 0 0 163358 0 0
927 164246 0 0 0 0 0 0 0 0
1727 163358 0 0 0 0 0 0 0 0
1729 81679 0 0 0 0 0 0 0 0
1732 245037 0 0 81679 0 0 0 0 0
1733 81679 0 0 0 0 0 0 0 0
1737 246369 1 1 0 0 0 0 0 0
1743 888 0 0 0 0 0 0 0 0
2266 571753 0 0 81679 0 0 81679 0 0
fl=/home/wang/git-repositories/vcpkg/installed/x64-linux-clang-libcxx/include/boost/unordered/detail/foa/table.hpp
fn=_ZN5boost9unordered6detail3foa10table_coreINS2_14flat_map_typesImN3lob2v85BookTINS5_12ChecksumSinkELj16EE3LocEEENS2_7group15INS2_14plain_integralEEENS2_12table_arraysENS2_18plain_size_controlENS_4hashImEENSt3__18equal_toImEENSJ_9allocatorINSJ_4pairIKmSA_EEEEE22for_all_elements_whileIZNSR_22for_all_elements_whileIZNSR_16for_all_elementsIZNSR_16unchecked_rehashERNSF_ISP_SE_NS2_16pow2_size_policyESQ_EEEUlPSP_E_EEDTcmclfL1p0_LDnEEcvv_EERKSW_T_EUlSY_E_EES10_S12_S13_EUlPSE_jSY_E_EEDTcmclfp0_LDnELi0ELDnEEcvv_EES12_S13_
40 3330 0 0 0 0 0 3330 0 0
fn=auto lob::for_each_type<std::__1::tuple<lob::v0::Book<lob::ChecksumSink>, lob::v1::Book<lob::ChecksumSink>, lob::v2::Book<lob::ChecksumSink>, lob::v3::BookT<lob::ChecksumSink, 16u>, lob::v4::BookT<lob::ChecksumSink, 16u>, lob::v5::BookT<lob::ChecksumSink, 16u>, lob::v7::BookT<lob::ChecksumSink, 16u>, lob::v8::BookT<lob::ChecksumSink, 16u> >, (anonymous namespace)::with_version<(anonymous namespace)::cmd_replay((anonymous namespace)::Args const&)::$_0>(std::__1::basic_string_view<char, std::__1::char_traits<char> >, (anonymous namespace)::cmd_replay((anonymous namespace)::Args const&)::$_0&&)::{lambda<typename $T0>()#1}>((anonymous namespace)::with_version<(anonymous namespace)::cmd_replay((anonymous namespace)::Args const&)::$_0>(std::__1::basic_string_view<char, std::__1::char_traits<char> >, (anonymous namespace)::cmd_replay((anonymous namespace)::Args const&)::$_0&&)::{lambda<typename $T0>()#1}&&)::{lambda<unsigned long... $N0>(std::__1::integer_sequence<unsigned long, ($N0)...>)#1}::operator()<0ul, 1ul, 2ul, 3ul, 4ul, 5ul, 6ul, 7ul>(std::__1::integer_sequence<unsigned long, 0ul, 1ul, 2ul, 3ul, 4ul, 5ul, 6ul, 7ul>) const
40 302038 0 0 0 0 0 302038 0 0
fn=boost::unordered::detail::foa::table_locator<boost::unordered::detail::foa::group15<boost::unordered::detail::foa::plain_integral>, std::__1::pair<unsigned long const, lob::v8::BookT<lob::ChecksumSink, 16u>::Loc> > boost::unordered::detail::foa::table_core<boost::unordered::detail::foa::flat_map_types<unsigned long, lob::v8::BookT<lob::ChecksumSink, 16u>::Loc>, boost::unordered::detail::foa::group15<boost::unordered::detail::foa::plain_integral>, boost::unordered::detail::foa::table_arrays, boost::unordered::detail::foa::plain_size_control, boost::hash<unsigned long>, std::__1::equal_to<unsigned long>, std::__1::allocator<std::__1::pair<unsigned long const, lob::v8::BookT<lob::ChecksumSink, 16u>::Loc> > >::unchecked_emplace_with_rehash<boost::unordered::detail::foa::try_emplace_args_t, unsigned long&, lob::v8::BookT<lob::ChecksumSink, 16u>::Loc>(unsigned long, boost::unordered::detail::foa::try_emplace_args_t&&, unsigned long&, lob::v8::BookT<lob::ChecksumSink, 16u>::Loc&&)
0 24 1 1 8 0 0 8 0 0
40 16 0 0 0 0 0 16 0 0
fn=lob::v8::BookT<lob::ChecksumSink, 16u>::erase(boost::unordered::detail::foa::table_iterator<boost::unordered::detail::foa::flat_map_types<unsigned long, lob::v8::BookT<lob::ChecksumSink, 16u>::Loc>, boost::unordered::detail::foa::group15<boost::unordered::detail::foa::plain_integral>*, false>)
40 27715 0 0 0 0 0 27715 0 0
fn=lob::v8::BookT<lob::ChecksumSink, 16u>::rest(unsigned long, lob::Side, long, unsigned int)
0 16 0 0 8 0 0 0 0 0
40 495198 0 0 0 0 0 495198 0 0
46 4 0 0 4 0 0 0 0 0
640 1485618 1 1 990412 0 0 0 0 0
650 24 0 0 0 0 0 8 0 0
fn=unsigned int lob::v8::BookT<lob::ChecksumSink, 16u>::match<(lob::Side)0>(unsigned long, long, unsigned int)
0 82521 0 0 82521 0 0 0 0 0
40 82521 0 0 0 0 0 82521 0 0
140 82521 1 1 0 0 0 0 0 0
fn=unsigned int lob::v8::BookT<lob::ChecksumSink, 16u>::match<(lob::Side)1>(unsigned long, long, unsigned int)
0 81679 0 0 81679 0 0 0 0 0
40 81679 0 0 0 0 0 81679 0 0
140 81679 1 1 0 0 0 0 0 0
fl=/home/wang/git-repositories/vcpkg/installed/x64-linux-clang-libcxx/include/boost/unordered/detail/mulx.hpp
fn=_ZN5boost9unordered6detail3foa10table_coreINS2_14flat_map_typesImN3lob2v85BookTINS5_12ChecksumSinkELj16EE3LocEEENS2_7group15INS2_14plain_integralEEENS2_12table_arraysENS2_18plain_size_controlENS_4hashImEENSt3__18equal_toImEENSJ_9allocatorINSJ_4pairIKmSA_EEEEE22for_all_elements_whileIZNSR_22for_all_elements_whileIZNSR_16for_all_elementsIZNSR_16unchecked_rehashERNSF_ISP_SE_NS2_16pow2_size_policyESQ_EEEUlPSP_E_EEDTcmclfL1p0_LDnEEcvv_EERKSW_T_EUlSY_E_EES10_S12_S13_EUlPSE_jSY_E_EEDTcmclfp0_LDnELi0ELDnEEcvv_EES12_S13_
45 3330 0 0 3330 397 0 0 0 0
46 3330 0 0 0 0 0 0 0 0
fn=auto lob::for_each_type<std::__1::tuple<lob::v0::Book<lob::ChecksumSink>, lob::v1::Book<lob::ChecksumSink>, lob::v2::Book<lob::ChecksumSink>, lob::v3::BookT<lob::ChecksumSink, 16u>, lob::v4::BookT<lob::ChecksumSink, 16u>, lob::v5::BookT<lob::ChecksumSink, 16u>, lob::v7::BookT<lob::ChecksumSink, 16u>, lob::v8::BookT<lob::ChecksumSink, 16u> >, (anonymous namespace)::with_version<(anonymous namespace)::cmd_replay((anonymous namespace)::Args const&)::$_0>(std::__1::basic_string_view<char, std::__1::char_traits<char> >, (anonymous namespace)::cmd_replay((anonymous namespace)::Args const&)::$_0&&)::{lambda<typename $T0>()#1}>((anonymous namespace)::with_version<(anonymous namespace)::cmd_replay((anonymous namespace)::Args const&)::$_0>(std::__1::basic_string_view<char, std::__1::char_traits<char> >, (anonymous namespace)::cmd_replay((anonymous namespace)::Args const&)::$_0&&)::{lambda<typename $T0>()#1}&&)::{lambda<unsigned long... $N0>(std::__1::integer_sequence<unsigned long, ($N0)...>)#1}::operator()<0ul, 1ul, 2ul, 3ul, 4ul, 5ul, 6ul, 7ul>(std::__1::integer_sequence<unsigned long, 0ul, 1ul, 2ul, 3ul, 4ul, 5ul, 6ul, 7ul>) const
45 2791518 1 1 0 0 0 0 0 0
46 930506 1 1 0 0 0 0 0 0
fn=lob::v8::BookT<lob::ChecksumSink, 16u>::modify(unsigned long, long, unsigned int)
45 69494 0 0 0 0 0 0 0 0
46 69494 0 0 0 0 0 0 0 0
fn=lob::v8::BookT<lob::ChecksumSink, 16u>::rest(unsigned long, lob::Side, long, unsigned int)
45 990412 0 0 0 0 0 0 0 0
46 495206 0 0 0 0 0 0 0 0
fn=unsigned int lob::v8::BookT<lob::ChecksumSink, 16u>::match<(lob::Side)0>(unsigned long, long, unsigned int)
0 82521 0 0 82521 0 0 0 0 0
45 82521 0 0 0 0 0 0 0 0
46 82521 0 0 0 0 0 0 0 0
fn=unsigned int lob::v8::BookT<lob::ChecksumSink, 16u>::match<(lob::Side)1>(unsigned long, long, unsigned int)
0 81679 0 0 81679 0 0 0 0 0
45 81679 0 0 0 0 0 0 0 0
46 81679 0 0 0 0 0 0 0 0
fl=/home/wang/sources/cxx/book/include/lob/events.hpp
fn=auto lob::for_each_type<std::__1::tuple<lob::v0::Book<lob::ChecksumSink>, lob::v1::Book<lob::ChecksumSink>, lob::v2::Book<lob::ChecksumSink>, lob::v3::BookT<lob::ChecksumSink, 16u>, lob::v4::BookT<lob::ChecksumSink, 16u>, lob::v5::BookT<lob::ChecksumSink, 16u>, lob::v7::BookT<lob::ChecksumSink, 16u>, lob::v8::BookT<lob::ChecksumSink, 16u> >, (anonymous namespace)::with_version<(anonymous namespace)::cmd_replay((anonymous namespace)::Args const&)::$_0>(std::__1::basic_string_view<char, std::__1::char_traits<char> >, (anonymous namespace)::cmd_replay((anonymous namespace)::Args const&)::$_0&&)::{lambda<typename $T0>()#1}>((anonymous namespace)::with_version<(anonymous namespace)::cmd_replay((anonymous namespace)::Args const&)::$_0>(std::__1::basic_string_view<char, std::__1::char_traits<char> >, (anonymous namespace)::cmd_replay((anonymous namespace)::Args const&)::$_0&&)::{lambda<typename $T0>()#1}&&)::{lambda<unsigned long... $N0>(std::__1::integer_sequence<unsigned long, ($N0)...>)#1}::operator()<0ul, 1ul, 2ul, 3ul, 4ul, 5ul, 6ul, 7ul>(std::__1::integer_sequence<unsigned long, 0ul, 1ul, 2ul, 3ul, 4ul, 5ul, 6ul, 7ul>) const
0 2114266 0 0 0 0 0 302038 0 0
92 302038 0 0 302038 0 0 0 0 0
93 604076 0 0 302038 0 0 0 0 0
fn=lob::v8::BookT<lob::ChecksumSink, 16u>::modify(unsigned long, long, unsigned int)
0 69494 1 1 69494 0 0 0 0 0
92 69494 0 0 69494 0 0 0 0 0
93 625446 1 1 111273 0 0 69494 0 0
fn=lob::v8::BookT<lob::ChecksumSink, 16u>::rest(unsigned long, lob::Side, long, unsigned int)
81 495206 0 0 0 0 0 0 0 0
92 495206 0 0 495206 0 0 0 0 0
93 6437678 1 1 1980824 6 1 495206 0 0
fn=unsigned int lob::v8::BookT<lob::ChecksumSink, 16u>::match<(lob::Side)0>(unsigned long, long, unsigned int)
92 449529 0 0 149843 0 0 149843 0 0
93 1798116 1 1 299686 4275 0 149843 0 0
fn=unsigned int lob::v8::BookT<lob::ChecksumSink, 16u>::match<(lob::Side)1>(unsigned long, long, unsigned int)
92 446100 0 0 148700 0 0 148700 0 0
93 1784400 0 0 297400 4099 0 148700 0 0
fl=/home/wang/sources/cxx/book/include/lob/replay.hpp
fn=auto lob::for_each_type<std::__1::tuple<lob::v0::Book<lob::ChecksumSink>, lob::v1::Book<lob::ChecksumSink>, lob::v2::Book<lob::ChecksumSink>, lob::v3::BookT<lob::ChecksumSink, 16u>, lob::v4::BookT<lob::ChecksumSink, 16u>, lob::v5::BookT<lob::ChecksumSink, 16u>, lob::v7::BookT<lob::ChecksumSink, 16u>, lob::v8::BookT<lob::ChecksumSink, 16u> >, (anonymous namespace)::with_version<(anonymous namespace)::cmd_replay((anonymous namespace)::Args const&)::$_0>(std::__1::basic_string_view<char, std::__1::char_traits<char> >, (anonymous namespace)::cmd_replay((anonymous namespace)::Args const&)::$_0&&)::{lambda<typename $T0>()#1}>((anonymous namespace)::with_version<(anonymous namespace)::cmd_replay((anonymous namespace)::Args const&)::$_0>(std::__1::basic_string_view<char, std::__1::char_traits<char> >, (anonymous namespace)::cmd_replay((anonymous namespace)::Args const&)::$_0&&)::{lambda<typename $T0>()#1}&&)::{lambda<unsigned long... $N0>(std::__1::integer_sequence<unsigned long, ($N0)...>)#1}::operator()<0ul, 1ul, 2ul, 3ul, 4ul, 5ul, 6ul, 7ul>(std::__1::integer_sequence<unsigned long, 0ul, 1ul, 2ul, 3ul, 4ul, 5ul, 6ul, 7ul>) const
0 1000002 0 0 1000001 125001 125001 0 0 0
21 4861012 1 1 1000000 162964 162961 0 0 0
23 1885404 1 1 1885404 78501 78501 0 0 0
27 302038 0 0 0 0 0 0 0 0
29 347470 0 0 138988 8539 8539 69494 0 0
37 1000001 0 0 0 0 0 0 0 0
fl=/home/wang/sources/cxx/book/include/lob/v3/hier_bitmap.hpp
fn=auto lob::for_each_type<std::__1::tuple<lob::v0::Book<lob::ChecksumSink>, lob::v1::Book<lob::ChecksumSink>, lob::v2::Book<lob::ChecksumSink>, lob::v3::BookT<lob::ChecksumSink, 16u>, lob::v4::BookT<lob::ChecksumSink, 16u>, lob::v5::BookT<lob::ChecksumSink, 16u>, lob::v7::BookT<lob::ChecksumSink, 16u>, lob::v8::BookT<lob::ChecksumSink, 16u> >, (anonymous namespace)::with_version<(anonymous namespace)::cmd_replay((anonymous namespace)::Args const&)::$_0>(std::__1::basic_string_view<char, std::__1::char_traits<char> >, (anonymous namespace)::cmd_replay((anonymous namespace)::Args const&)::$_0&&)::{lambda<typename $T0>()#1}>((anonymous namespace)::with_version<(anonymous namespace)::cmd_replay((anonymous namespace)::Args const&)::$_0>(std::__1::basic_string_view<char, std::__1::char_traits<char> >, (anonymous namespace)::cmd_replay((anonymous namespace)::Args const&)::$_0&&)::{lambda<typename $T0>()#1}&&)::{lambda<unsigned long... $N0>(std::__1::integer_sequence<unsigned long, ($N0)...>)#1}::operator()<0ul, 1ul, 2ul, 3ul, 4ul, 5ul, 6ul, 7ul>(std::__1::integer_sequence<unsigned long, 0ul, 1ul, 2ul, 3ul, 4ul, 5ul, 6ul, 7ul>) const
78 906114 0 0 302038 0 0 0 0 0
79 906114 1 1 302038 191 1 0 0 0
80 302038 0 0 0 0 0 0 0 0
fn=lob::v8::BookT<lob::ChecksumSink, 16u>::erase(boost::unordered::detail::foa::table_iterator<boost::unordered::detail::foa::flat_map_types<unsigned long, lob::v8::BookT<lob::ChecksumSink, 16u>::Loc>, boost::unordered::detail::foa::group15<boost::unordered::detail::foa::plain_integral>*, false>)
78 83145 1 1 27715 0 0 0 0 0
79 83145 0 0 27715 19 0 0 0 0
80 27715 0 0 0 0 0 0 0 0
fn=lob::v8::BookT<lob::ChecksumSink, 16u>::rest(unsigned long, lob::Side, long, unsigned int)
0 6 0 0 0 0 0 0 0 0
57 990415 0 0 0 0 0 0 0 0
58 1485627 1 1 495209 229 6 0 0 0
59 1485633 0 0 990421 1 1 990418 1 0
fn=unsigned int lob::v8::BookT<lob::ChecksumSink, 16u>::match<(lob::Side)0>(unsigned long, long, unsigned int)
0 332430 0 0 330449 0 0 0 0 0
48 987314 1 1 658210 7 2 0 0 0
67 2690 0 0 0 0 0 0 0 0
68 5380 1 1 1345 0 0 0 0 0
95 1645520 0 0 0 0 0 0 0 0
fn=unsigned int lob::v8::BookT<lob::ChecksumSink, 16u>::match<(lob::Side)1>(unsigned long, long, unsigned int)
0 331753 0 0 329830 0 0 0 0 0
48 985524 2 2 657016 3 0 0 0 0
67 2644 0 0 0 0 0 0 0 0
68 5288 0 0 1322 0 0 0 0 0
105 3285080 1 1 0 0 0 0 0 0
fl=/home/wang/sources/cxx/book/include/lob/v8/book.hpp
fn=auto lob::for_each_type<std::__1::tuple<lob::v0::Book<lob::ChecksumSink>, lob::v1::Book<lob::ChecksumSink>, lob::v2::Book<lob::ChecksumSink>, lob::v3::BookT<lob::ChecksumSink, 16u>, lob::v4::BookT<lob::ChecksumSink, 16u>, lob::v5::BookT<lob::ChecksumSink, 16u>, lob::v7::BookT<lob::ChecksumSink, 16u>, lob::v8::BookT<lob::ChecksumSink, 16u> >, (anonymous namespace)::with_version<(anonymous namespace)::cmd_replay((anonymous namespace)::Args const&)::$_0>(std::__1::basic_string_view<char, std::__1::char_traits<char> >, (anonymous namespace)::cmd_replay((anonymous namespace)::Args const&)::$_0&&)::{lambda<typename $T0>()#1}>((anonymous namespace)::with_version<(anonymous namespace)::cmd_replay((anonymous namespace)::Args const&)::$_0>(std::__1::basic_string_view<char, std::__1::char_traits<char> >, (anonymous namespace)::cmd_replay((anonymous namespace)::Args const&)::$_0&&)::{lambda<typename $T0>()#1}&&)::{lambda<unsigned long... $N0>(std::__1::integer_sequence<unsigned long, ($N0)...>)#1}::operator()<0ul, 1ul, 2ul, 3ul, 4ul, 5ul, 6ul, 7ul>(std::__1::integer_sequence<unsigned long, 0ul, 1ul, 2ul, 3ul, 4ul, 5ul, 6ul, 7ul>) const
0 1824109 1 1 302038 0 0 302038 0 0
85 1256936 0 0 0 0 0 0 0 0
86 1256936 0 0 0 0 0 0 0 0
94 604076 0 0 604076 216558 0 0 0 0
96 302038 0 0 302038 0 0 0 0 0
260 604076 0 0 302038 0 0 0 0 0
262 604076 1 1 302038 0 0 0 0 0
264 302038 0 0 302038 0 0 0 0 0
265 3020380 1 1 0 0 0 0 0 0
296 604076 1 1 302038 0 0 302038 0 0
297 302038 0 0 0 0 0 302038 0 0
319 604076 1 1 302038 22643 0 0 0 0
320 604076 0 0 302038 0 0 0 0 0
323 906114 0 0 0 0 0 0 0 0
324 1208152 0 0 0 0 0 0 0 0
325 302038 0 0 0 0 0 302038 166461 0
326 302038 0 0 0 0 0 302038 163571 0
327 302038 0 0 302038 309 0 0 0 0
331 1256936 0 0 0 0 0 0 0 0
332 1258196 2 2 0 0 0 314549 0 0
334 1255676 1 1 0 0 0 313919 0 0
335 1256936 0 0 0 0 0 0 0 0
336 3301207 0 0 0 0 0 471601 0 0
408 302038 0 0 0 0 0 0 0 0
409 302038 0 0 302038 0 0 0 0 0
410 906114 0 0 302038 0 0 0 0 0
411 302038 0 0 302038 2518 4 0 0 0
413 302038 0 0 302038 0 0 0 0 0
416 1812228 0 0 604076 58 0 0 0 0
fn=lob::v8::BookT<lob::ChecksumSink, 16u>::alloc_node(unsigned long, unsigned int)
0 495206 0 0 0 0 0 0 0 0
282 3466442 1 1 0 0 0 2971236 1 1
283 990412 0 0 495206 0 0 0 0 0
284 495206 0 0 0 0 0 0 0 0
285 1479615 0 0 493205 20130 3 493205 0 0
286 493205 0 0 0 0 0 0 0 0
287 4002 0 0 0 0 0 0 0 0
291 1487619 0 0 0 0 0 1485618 27016 0
292 3961648 0 0 3466442 1 0 0 0 0
fn=lob::v8::BookT<lob::ChecksumSink, 16u>::erase(boost::unordered::detail::foa::table_iterator<boost::unordered::detail::foa::flat_map_types<unsigned long, lob::v8::BookT<lob::ChecksumSink, 16u>::Loc>, boost::unordered::detail::foa::group15<boost::unordered::detail::foa::plain_integral>*, false>)
0 110860 1 1 27715 0 0 0 0 0
260 55430 0 0 27715 0 0 0 0 0
262 55430 0 0 27715 0 0 0 0 0
264 27715 0 0 27715 0 0 0 0 0
265 277150 1 1 0 0 0 0 0 0
296 55430 0 0 27715 0 0 27715 0 0
297 27715 0 0 0 0 0 27715 0 0
319 55430 0 0 27715 2017 0 0 0 0
320 55430 0 0 27715 0 0 0 0 0
323 83145 0 0 0 0 0 0 0 0
324 110860 1 1 0 0 0 0 0 0
325 27715 0 0 0 0 0 27715 15301 0
326 27715 0 0 0 0 0 27715 14943 0
327 27715 0 0 27715 24 0 0 0 0
407 166290 1 1 0 0 0 83145 0 0
408 27715 0 0 0 0 0 0 0 0
409 27715 0 0 27715 0 0 0 0 0
410 83145 0 0 27715 0 0 0 0 0
411 83145 0 0 83145 231 0 0 0 0
413 27715 0 0 27715 0 0 0 0 0
416 166290 0 0 55430 7 0 0 0 0
432 138575 0 0 110860 0 0 0 0 0
fn=lob::v8::BookT<lob::ChecksumSink, 16u>::modify(unsigned long, long, unsigned int)
0 694940 3 3 166703 38952 0 0 0 0
99 833928 1 1 0 0 0 555952 0 0
102 138988 1 1 0 0 0 0 0 0
103 138988 0 0 0 0 0 0 0 0
106 69494 0 0 69494 10956 0 0 0 0
107 277976 0 0 69494 0 0 0 0 0
108 83558 1 1 41779 348 0 0 0 0
109 41779 0 0 0 0 0 41779 0 0
110 41779 0 0 41779 0 0 0 0 0
111 41779 0 0 0 0 0 0 0 0
113 27715 0 0 27715 0 0 0 0 0
115 27715 0 0 0 0 0 27715 0 0
116 27715 0 0 27715 0 0 0 0 0
118 367112 1 1 321223 0 0 0 0 0
260 83558 0 0 41779 0 0 0 0 0
262 125337 0 0 41779 0 0 0 0 0
264 41779 0 0 41779 0 0 0 0 0
265 376011 0 0 0 0 0 0 0 0
267 125337 0 0 0 0 0 0 0 0
277 83558 0 0 0 0 0 0 0 0
331 55430 0 0 0 0 0 0 0 0
332 13847 0 0 0 0 0 13847 0 0
334 13868 0 0 0 0 0 13868 0 0
335 57515 0 0 0 0 0 0 0 0
336 306865 1 1 141630 0 0 0 0 0
fn=lob::v8::BookT<lob::ChecksumSink, 16u>::rest(unsigned long, lob::Side, long, unsigned int)
0 2476058 1 1 495214 0 0 990412 0 0
262 1485618 0 0 495206 0 0 0 0 0
264 495206 0 0 495206 0 0 0 0 0
265 4952060 1 1 0 0 0 0 0 0
272 4 1 1 0 0 0 1 0 0
273 1 0 0 0 0 0 1 0 0
307 990412 1 1 495206 2781 21 0 0 0
309 1980824 1 1 495206 0 0 0 0 0
310 495206 0 0 0 0 0 495206 11905 0
311 990412 0 0 0 0 0 495206 0 0
312 495206 0 0 0 0 0 495206 0 0
313 495206 0 0 0 0 0 495206 0 0
314 495206 0 0 495206 759 7 0 0 0
390 6437678 1 1 0 0 0 3466442 0 0
391 1485618 0 0 0 0 0 495206 0 0
392 1485628 1 1 495207 1 0 495206 0 0
396 1485618 0 0 495206 0 0 0 0 0
397 1485618 0 0 0 0 0 0 0 0
402 990412 0 0 495206 0 0 0 0 0
403 1980824 0 0 0 0 0 1485618 1 0
404 495206 1 1 495206 4 1 0 0 0
405 3961648 0 0 3466442 3 0 0 0 0
fn=unsigned int lob::v8::BookT<lob::ChecksumSink, 16u>::match<(lob::Side)0>(unsigned long, long, unsigned int)
0 4660757 4 4 817737 3 1 1064770 49 0
269 658208 0 0 329104 0 0 0 0 0
296 165042 0 0 82521 0 0 82521 0 0
297 165042 0 0 0 0 0 82521 0 0
319 165042 0 0 82521 22 0 0 0 0
320 165042 0 0 82521 0 0 0 0 0
323 247563 0 0 0 0 0 0 0 0
324 330084 0 0 0 0 0 0 0 0
325 82521 0 0 0 0 0 82521 0 0
326 82521 0 0 0 0 0 82521 32799 0
327 82521 0 0 82521 0 0 0 0 0
342 2627168 2 2 0 0 0 2298772 2 2
351 656792 0 0 0 0 0 0 0 0
354 987315 0 0 0 0 0 0 0 0
357 329104 0 0 0 0 0 0 0 0
362 329104 0 0 0 0 0 0 0 0
364 905948 0 0 329104 0 0 0 0 0
365 813640 0 0 162728 0 0 162728 0 0
366 601499 2 2 150552 0 0 0 0 0
369 599372 0 0 0 0 0 0 0 0
372 449529 0 0 0 0 0 149843 0 0
373 149843 0 0 149843 0 0 0 0 0
374 149843 0 0 0 0 0 0 0 0
380 161310 0 0 80655 0 0 0 0 0
381 2690 0 0 1345 0 0 0 0 0
387 2955564 1 1 2298772 0 0 0 0 0
fn=unsigned int lob::v8::BookT<lob::ChecksumSink, 16u>::match<(lob::Side)1>(unsigned long, long, unsigned int)
0 4646116 4 4 814681 1 0 1061425 55 0
269 657016 0 0 328508 0 0 0 0 0
296 163358 0 0 81679 0 0 81679 0 0
297 163358 0 0 0 0 0 81679 0 0
319 163358 0 0 81679 23 0 0 0 0
320 163358 1 1 81679 0 0 0 0 0
323 245037 0 0 0 0 0 0 0 0
324 326716 0 0 0 0 0 0 0 0
325 81679 0 0 0 0 0 81679 0 0
326 81679 0 0 0 0 0 81679 31569 0
327 81679 0 0 81679 0 0 0 0 0
342 2622296 0 0 0 0 0 2294509 0 0
351 655574 0 0 0 0 0 0 0 0
354 985524 0 0 0 0 0 0 0 0
357 328508 0 0 0 0 0 0 0 0
362 328508 0 0 0 0 0 0 0 0
364 904481 0 0 328508 0 0 0 0 0
365 810430 0 0 162086 0 0 162086 0 0
366 596963 1 1 149421 0 0 0 0 0
369 594800 1 1 0 0 0 0 0 0
372 446100 1 1 0 0 0 148700 0 0
373 148700 0 0 148700 0 0 0 0 0
374 148700 0 0 0 0 0 0 0 0
380 160644 0 0 80322 0 0 0 0 0
381 2644 1 1 1322 0 0 0 0 0
387 2950083 1 1 2294509 0 0 0 0 0
fl=/home/wang/sources/cxx/book/source/main.cxx
fn=auto lob::for_each_type<std::__1::tuple<lob::v0::Book<lob::ChecksumSink>, lob::v1::Book<lob::ChecksumSink>, lob::v2::Book<lob::ChecksumSink>, lob::v3::BookT<lob::ChecksumSink, 16u>, lob::v4::BookT<lob::ChecksumSink, 16u>, lob::v5::BookT<lob::ChecksumSink, 16u>, lob::v7::BookT<lob::ChecksumSink, 16u>, lob::v8::BookT<lob::ChecksumSink, 16u> >, (anonymous namespace)::with_version<(anonymous namespace)::cmd_replay((anonymous namespace)::Args const&)::$_0>(std::__1::basic_string_view<char, std::__1::char_traits<char> >, (anonymous namespace)::cmd_replay((anonymous namespace)::Args const&)::$_0&&)::{lambda<typename $T0>()#1}>((anonymous namespace)::with_version<(anonymous namespace)::cmd_replay((anonymous namespace)::Args const&)::$_0>(std::__1::basic_string_view<char, std::__1::char_traits<char> >, (anonymous namespace)::cmd_replay((anonymous namespace)::Args const&)::$_0&&)::{lambda<typename $T0>()#1}&&)::{lambda<unsigned long... $N0>(std::__1::integer_sequence<unsigned long, ($N0)...>)#1}::operator()<0ul, 1ul, 2ul, 3ul, 4ul, 5ul, 6ul, 7ul>(std::__1::integer_sequence<unsigned long, 0ul, 1ul, 2ul, 3ul, 4ul, 5ul, 6ul, 7ul>) const
0 1 0 0 0 0 0 0 0 0
293 2 1 1 0 0 0 1 1 1
294 1 0 0 1 1 1 0 0 0
295 9 2 2 0 0 0 6 1 1
fl=/usr/include/c++/v1/__algorithm/comp.h
fn=unsigned int lob::v8::BookT<lob::ChecksumSink, 16u>::match<(lob::Side)0>(unsigned long, long, unsigned int)
41 149843 0 0 149843 4819 0 0 0 0
fn=unsigned int lob::v8::BookT<lob::ChecksumSink, 16u>::match<(lob::Side)1>(unsigned long, long, unsigned int)
41 148700 0 0 148700 4752 0 0 0 0
fl=/usr/include/c++/v1/__bit/countl.h
fn=unsigned int lob::v8::BookT<lob::ChecksumSink, 16u>::match<(lob::Side)1>(unsigned long, long, unsigned int)
28 1642540 0 0 657016 4 0 0 0 0
fl=/usr/include/c++/v1/__bit/countr.h
fn=unsigned int lob::v8::BookT<lob::ChecksumSink, 16u>::match<(lob::Side)0>(unsigned long, long, unsigned int)
28 1645520 1 1 658208 5 0 0 0 0
fl=/usr/include/c++/v1/__functional/operations.h
fn=auto lob::for_each_type<std::__1::tuple<lob::v0::Book<lob::ChecksumSink>, lob::v1::Book<lob::ChecksumSink>, lob::v2::Book<lob::ChecksumSink>, lob::v3::BookT<lob::ChecksumSink, 16u>, lob::v4::BookT<lob::ChecksumSink, 16u>, lob::v5::BookT<lob::ChecksumSink, 16u>, lob::v7::BookT<lob::ChecksumSink, 16u>, lob::v8::BookT<lob::ChecksumSink, 16u> >, (anonymous namespace)::with_version<(anonymous namespace)::cmd_replay((anonymous namespace)::Args const&)::$_0>(std::__1::basic_string_view<char, std::__1::char_traits<char> >, (anonymous namespace)::cmd_replay((anonymous namespace)::Args const&)::$_0&&)::{lambda<typename $T0>()#1}>((anonymous namespace)::with_version<(anonymous namespace)::cmd_replay((anonymous namespace)::Args const&)::$_0>(std::__1::basic_string_view<char, std::__1::char_traits<char> >, (anonymous namespace)::cmd_replay((anonymous namespace)::Args const&)::$_0&&)::{lambda<typename $T0>()#1}&&)::{lambda<unsigned long... $N0>(std::__1::integer_sequence<unsigned long, ($N0)...>)#1}::operator()<0ul, 1ul, 2ul, 3ul, 4ul, 5ul, 6ul, 7ul>(std::__1::integer_sequence<unsigned long, 0ul, 1ul, 2ul, 3ul, 4ul, 5ul, 6ul, 7ul>) const
300 309469 0 0 309469 208202 0 0 0 0
fn=lob::v8::BookT<lob::ChecksumSink, 16u>::modify(unsigned long, long, unsigned int)
300 69811 1 1 69811 46886 0 0 0 0
fn=lob::v8::BookT<lob::ChecksumSink, 16u>::rest(unsigned long, lob::Side, long, unsigned int)
300 9474 0 0 9474 42 0 0 0 0
fn=unsigned int lob::v8::BookT<lob::ChecksumSink, 16u>::match<(lob::Side)0>(unsigned long, long, unsigned int)
300 82985 0 0 82985 41008 0 0 0 0
fn=unsigned int lob::v8::BookT<lob::ChecksumSink, 16u>::match<(lob::Side)1>(unsigned long, long, unsigned int)
300 82123 0 0 82123 39502 0 0 0 0
fl=/usr/include/c++/v1/__iterator/wrap_iter.h
fn=auto lob::for_each_type<std::__1::tuple<lob::v0::Book<lob::ChecksumSink>, lob::v1::Book<lob::ChecksumSink>, lob::v2::Book<lob::ChecksumSink>, lob::v3::BookT<lob::ChecksumSink, 16u>, lob::v4::BookT<lob::ChecksumSink, 16u>, lob::v5::BookT<lob::ChecksumSink, 16u>, lob::v7::BookT<lob::ChecksumSink, 16u>, lob::v8::BookT<lob::ChecksumSink, 16u> >, (anonymous namespace)::with_version<(anonymous namespace)::cmd_replay((anonymous namespace)::Args const&)::$_0>(std::__1::basic_string_view<char, std::__1::char_traits<char> >, (anonymous namespace)::cmd_replay((anonymous namespace)::Args const&)::$_0&&)::{lambda<typename $T0>()#1}>((anonymous namespace)::with_version<(anonymous namespace)::cmd_replay((anonymous namespace)::Args const&)::$_0>(std::__1::basic_string_view<char, std::__1::char_traits<char> >, (anonymous namespace)::cmd_replay((anonymous namespace)::Args const&)::$_0&&)::{lambda<typename $T0>()#1}&&)::{lambda<unsigned long... $N0>(std::__1::integer_sequence<unsigned long, ($N0)...>)#1}::operator()<0ul, 1ul, 2ul, 3ul, 4ul, 5ul, 6ul, 7ul>(std::__1::integer_sequence<unsigned long, 0ul, 1ul, 2ul, 3ul, 4ul, 5ul, 6ul, 7ul>) const
65 1000000 0 0 0 0 0 0 0 0
125 1000001 0 0 1000000 3 0 0 0 0
fl=/usr/include/c++/v1/__math/rounding_functions.h
fn=boost::unordered::detail::foa::table_locator<boost::unordered::detail::foa::group15<boost::unordered::detail::foa::plain_integral>, std::__1::pair<unsigned long const, lob::v8::BookT<lob::ChecksumSink, 16u>::Loc> > boost::unordered::detail::foa::table_core<boost::unordered::detail::foa::flat_map_types<unsigned long, lob::v8::BookT<lob::ChecksumSink, 16u>::Loc>, boost::unordered::detail::foa::group15<boost::unordered::detail::foa::plain_integral>, boost::unordered::detail::foa::table_arrays, boost::unordered::detail::foa::plain_size_control, boost::hash<unsigned long>, std::__1::equal_to<unsigned long>, std::__1::allocator<std::__1::pair<unsigned long const, lob::v8::BookT<lob::ChecksumSink, 16u>::Loc> > >::unchecked_emplace_with_rehash<boost::unordered::detail::foa::try_emplace_args_t, unsigned long&, lob::v8::BookT<lob::ChecksumSink, 16u>::Loc>(unsigned long, boost::unordered::detail::foa::try_emplace_args_t&&, unsigned long&, lob::v8::BookT<lob::ChecksumSink, 16u>::Loc&&)
29 8 0 0 0 0 0 0 0 0
fl=/usr/include/c++/v1/__memory/allocator.h
fn=lob::v8::BookT<lob::ChecksumSink, 16u>::alloc_node(unsigned long, unsigned int)
100 24 0 0 0 0 0 0 0 0
fl=/usr/include/c++/v1/__memory/construct_at.h
fn=lob::v8::BookT<lob::ChecksumSink, 16u>::alloc_node(unsigned long, unsigned int)
38 6003 0 0 0 0 0 4002 698 291
fl=/usr/include/c++/v1/__memory/uninitialized_algorithms.h
fn=lob::v8::BookT<lob::ChecksumSink, 16u>::alloc_node(unsigned long, unsigned int)
0 12 0 0 12 1 0 0 0 0
638 48 1 1 0 0 0 12 0 0
fl=/usr/include/c++/v1/__new/allocate.h
fn=auto lob::for_each_type<std::__1::tuple<lob::v0::Book<lob::ChecksumSink>, lob::v1::Book<lob::ChecksumSink>, lob::v2::Book<lob::ChecksumSink>, lob::v3::BookT<lob::ChecksumSink, 16u>, lob::v4::BookT<lob::ChecksumSink, 16u>, lob::v5::BookT<lob::ChecksumSink, 16u>, lob::v7::BookT<lob::ChecksumSink, 16u>, lob::v8::BookT<lob::ChecksumSink, 16u> >, (anonymous namespace)::with_version<(anonymous namespace)::cmd_replay((anonymous namespace)::Args const&)::$_0>(std::__1::basic_string_view<char, std::__1::char_traits<char> >, (anonymous namespace)::cmd_replay((anonymous namespace)::Args const&)::$_0&&)::{lambda<typename $T0>()#1}>((anonymous namespace)::with_version<(anonymous namespace)::cmd_replay((anonymous namespace)::Args const&)::$_0>(std::__1::basic_string_view<char, std::__1::char_traits<char> >, (anonymous namespace)::cmd_replay((anonymous namespace)::Args const&)::$_0&&)::{lambda<typename $T0>()#1}&&)::{lambda<unsigned long... $N0>(std::__1::integer_sequence<unsigned long, ($N0)...>)#1}::operator()<0ul, 1ul, 2ul, 3ul, 4ul, 5ul, 6ul, 7ul>(std::__1::integer_sequence<unsigned long, 0ul, 1ul, 2ul, 3ul, 4ul, 5ul, 6ul, 7ul>) const
0 604076 1 1 302038 0 0 0 0 0
fn=boost::unordered::detail::foa::table_core<boost::unordered::detail::foa::flat_map_types<unsigned long, lob::v8::BookT<lob::ChecksumSink, 16u>::Loc>, boost::unordered::detail::foa::group15<boost::unordered::detail::foa::plain_integral>, boost::unordered::detail::foa::table_arrays, boost::unordered::detail::foa::plain_size_control, boost::hash<unsigned long>, std::__1::equal_to<unsigned long>, std::__1::allocator<std::__1::pair<unsigned long const, lob::v8::BookT<lob::ChecksumSink, 16u>::Loc> > >::unchecked_rehash(boost::unordered::detail::foa::table_arrays<std::__1::pair<unsigned long const, lob::v8::BookT<lob::ChecksumSink, 16u>::Loc>, boost::unordered::detail::foa::group15<boost::unordered::detail::foa::plain_integral>, boost::unordered::detail::foa::pow2_size_policy, std::__1::allocator<std::__1::pair<unsigned long const, lob::v8::BookT<lob::ChecksumSink, 16u>::Loc> > >&)
57 28 0 0 0 0 0 0 0 0
63 7 0 0 0 0 0 7 0 0
fn=boost::unordered::detail::foa::table_locator<boost::unordered::detail::foa::group15<boost::unordered::detail::foa::plain_integral>, std::__1::pair<unsigned long const, lob::v8::BookT<lob::ChecksumSink, 16u>::Loc> > boost::unordered::detail::foa::table_core<boost::unordered::detail::foa::flat_map_types<unsigned long, lob::v8::BookT<lob::ChecksumSink, 16u>::Loc>, boost::unordered::detail::foa::group15<boost::unordered::detail::foa::plain_integral>, boost::unordered::detail::foa::table_arrays, boost::unordered::detail::foa::plain_size_control, boost::hash<unsigned long>, std::__1::equal_to<unsigned long>, std::__1::allocator<std::__1::pair<unsigned long const, lob::v8::BookT<lob::ChecksumSink, 16u>::Loc> > >::unchecked_emplace_with_rehash<boost::unordered::detail::foa::try_emplace_args_t, unsigned long&, lob::v8::BookT<lob::ChecksumSink, 16u>::Loc>(unsigned long, boost::unordered::detail::foa::try_emplace_args_t&&, unsigned long&, lob::v8::BookT<lob::ChecksumSink, 16u>::Loc&&)
0 32 0 0 0 0 0 24 0 0
37 40 1 1 0 0 0 8 0 0
43 16 0 0 0 0 0 8 0 0
fn=lob::v8::BookT<lob::ChecksumSink, 16u>::alloc_node(unsigned long, unsigned int)
0 47 1 1 47 0 0 0 0 0
37 24 0 0 0 0 0 0 0 0
43 36 0 0 0 0 0 12 0 0
63 33 0 0 0 0 0 11 0 0
fn=unsigned int lob::v8::BookT<lob::ChecksumSink, 16u>::match<(lob::Side)0>(unsigned long, long, unsigned int)
0 2690 1 1 0 0 0 0 0 0
fn=unsigned int lob::v8::BookT<lob::ChecksumSink, 16u>::match<(lob::Side)1>(unsigned long, long, unsigned int)
0 2644 0 0 0 0 0 0 0 0
fl=/usr/include/c++/v1/__split_buffer
fn=lob::v8::BookT<lob::ChecksumSink, 16u>::alloc_node(unsigned long, unsigned int)
335 12 0 0 0 0 0 0 0 0
341 24 0 0 0 0 0 0 0 0
fl=/usr/include/c++/v1/__tree
fn=unsigned int lob::v8::BookT<lob::ChecksumSink, 16u>::match<(lob::Side)0>(unsigned long, long, unsigned int)
0 1345 1 1 1345 0 0 0 0 0
fn=unsigned int lob::v8::BookT<lob::ChecksumSink, 16u>::match<(lob::Side)1>(unsigned long, long, unsigned int)
0 1322 1 1 1322 0 0 0 0 0
fl=/usr/include/c++/v1/__utility/pair.h
fn=_ZN5boost9unordered6detail3foa10table_coreINS2_14flat_map_typesImN3lob2v85BookTINS5_12ChecksumSinkELj16EE3LocEEENS2_7group15INS2_14plain_integralEEENS2_12table_arraysENS2_18plain_size_controlENS_4hashImEENSt3__18equal_toImEENSJ_9allocatorINSJ_4pairIKmSA_EEEEE22for_all_elements_whileIZNSR_22for_all_elements_whileIZNSR_16for_all_elementsIZNSR_16unchecked_rehashERNSF_ISP_SE_NS2_16pow2_size_policyESQ_EEEUlPSP_E_EEDTcmclfL1p0_LDnEEcvv_EERKSW_T_EUlSY_E_EES10_S12_S13_EUlPSE_jSY_E_EEDTcmclfp0_LDnELi0ELDnEEcvv_EES12_S13_
196 13320 0 0 6660 510 0 6660 1683 1683
fn=boost::unordered::detail::foa::table_locator<boost::unordered::detail::foa::group15<boost::unordered::detail::foa::plain_integral>, std::__1::pair<unsigned long const, lob::v8::BookT<lob::ChecksumSink, 16u>::Loc> > boost::unordered::detail::foa::table_core<boost::unordered::detail::foa::flat_map_types<unsigned long, lob::v8::BookT<lob::ChecksumSink, 16u>::Loc>, boost::unordered::detail::foa::group15<boost::unordered::detail::foa::plain_integral>, boost::unordered::detail::foa::table_arrays, boost::unordered::detail::foa::plain_size_control, boost::hash<unsigned long>, std::__1::equal_to<unsigned long>, std::__1::allocator<std::__1::pair<unsigned long const, lob::v8::BookT<lob::ChecksumSink, 16u>::Loc> > >::unchecked_emplace_with_rehash<boost::unordered::detail::foa::try_emplace_args_t, unsigned long&, lob::v8::BookT<lob::ChecksumSink, 16u>::Loc>(unsigned long, boost::unordered::detail::foa::try_emplace_args_t&&, unsigned long&, lob::v8::BookT<lob::ChecksumSink, 16u>::Loc&&)
445 16 0 0 8 0 0 8 8 8
446 16 0 0 8 0 0 8 2 2
fn=lob::v8::BookT<lob::ChecksumSink, 16u>::rest(unsigned long, lob::Side, long, unsigned int)
445 495198 0 0 0 0 0 495198 296977 409
446 990396 0 0 495198 0 0 495198 84597 800
fl=/usr/include/c++/v1/__utility/swap.h
fn=lob::v8::BookT<lob::ChecksumSink, 16u>::alloc_node(unsigned long, unsigned int)
44 36 0 0 0 0 0 36 1 0
fl=/usr/include/c++/v1/__vector/vector.h
fn=auto lob::for_each_type<std::__1::tuple<lob::v0::Book<lob::ChecksumSink>, lob::v1::Book<lob::ChecksumSink>, lob::v2::Book<lob::ChecksumSink>, lob::v3::BookT<lob::ChecksumSink, 16u>, lob::v4::BookT<lob::ChecksumSink, 16u>, lob::v5::BookT<lob::ChecksumSink, 16u>, lob::v7::BookT<lob::ChecksumSink, 16u>, lob::v8::BookT<lob::ChecksumSink, 16u> >, (anonymous namespace)::with_version<(anonymous namespace)::cmd_replay((anonymous namespace)::Args const&)::$_0>(std::__1::basic_string_view<char, std::__1::char_traits<char> >, (anonymous namespace)::cmd_replay((anonymous namespace)::Args const&)::$_0&&)::{lambda<typename $T0>()#1}>((anonymous namespace)::with_version<(anonymous namespace)::cmd_replay((anonymous namespace)::Args const&)::$_0>(std::__1::basic_string_view<char, std::__1::char_traits<char> >, (anonymous namespace)::cmd_replay((anonymous namespace)::Args const&)::$_0&&)::{lambda<typename $T0>()#1}&&)::{lambda<unsigned long... $N0>(std::__1::integer_sequence<unsigned long, ($N0)...>)#1}::operator()<0ul, 1ul, 2ul, 3ul, 4ul, 5ul, 6ul, 7ul>(std::__1::integer_sequence<unsigned long, 0ul, 1ul, 2ul, 3ul, 4ul, 5ul, 6ul, 7ul>) const
0 1 0 0 0 0 0 1 0 0
388 1 0 0 1 0 0 0 0 0
407 1208152 0 0 302038 0 0 0 0 0
449 1 0 0 1 1 1 0 0 0
fn=lob::v8::BookT<lob::ChecksumSink, 16u>::alloc_node(unsigned long, unsigned int)
0 72 0 0 0 0 0 48 1 1
388 18009 2 2 4002 0 0 0 0 0
391 48 0 0 0 0 0 0 0 0
407 1483617 0 0 495206 0 0 0 0 0
475 1989 0 0 0 0 0 0 0 0
902 24 1 1 0 0 0 0 0 0
905 60 1 1 0 0 0 0 0 0
1128 12 0 0 0 0 0 0 0 0
1131 24 0 0 0 0 0 0 0 0
1146 6003 0 0 2001 0 0 0 0 0
1149 1989 0 0 0 0 0 0 0 0
1152 2001 0 0 0 0 0 2001 0 0
fn=lob::v8::BookT<lob::ChecksumSink, 16u>::erase(boost::unordered::detail::foa::table_iterator<boost::unordered::detail::foa::flat_map_types<unsigned long, lob::v8::BookT<lob::ChecksumSink, 16u>::Loc>, boost::unordered::detail::foa::group15<boost::unordered::detail::foa::plain_integral>*, false>)
407 83145 1 1 27715 0 0 0 0 0
fn=lob::v8::BookT<lob::ChecksumSink, 16u>::modify(unsigned long, long, unsigned int)
407 138988 0 0 69494 0 0 0 0 0
fn=lob::v8::BookT<lob::ChecksumSink, 16u>::rest(unsigned long, lob::Side, long, unsigned int)
407 495206 0 0 0 0 0 0 0 0
fn=unsigned int lob::v8::BookT<lob::ChecksumSink, 16u>::match<(lob::Side)0>(unsigned long, long, unsigned int)
407 149843 0 0 0 0 0 0 0 0
fn=unsigned int lob::v8::BookT<lob::ChecksumSink, 16u>::match<(lob::Side)1>(unsigned long, long, unsigned int)
407 148700 0 0 0 0 0 0 0 0
fl=/usr/include/c++/v1/map
fn=unsigned int lob::v8::BookT<lob::ChecksumSink, 16u>::match<(lob::Side)0>(unsigned long, long, unsigned int)
1031 658209 0 0 329105 3 1 0 0 0
fn=unsigned int lob::v8::BookT<lob::ChecksumSink, 16u>::match<(lob::Side)1>(unsigned long, long, unsigned int)
1031 657016 0 0 328508 0 0 0 0 0
fl=???
fn=???
0 170 5 5 114 22 5 0 0 0
fn=operator delete(void*)
0 90 0 0 18 0 0 18 0 0
fn=operator delete(void*, unsigned long)
0 90 1 1 18 0 0 18 0 0
fn=operator new(unsigned long)
0 340 2 2 60 0 0 80 1 0
summary: 236060225 237 236 63623070 1054021 375133 31364877 848476 3631
