==103555== Cachegrind, a high-precision tracing profiler
==103555== Copyright (C) 2002-2017, and GNU GPL'd, by Nicholas Nethercote et al.
==103555== Using Valgrind-3.22.0 and LibVEX; rerun with -h for copyright info
==103555== Command: /home/wang/sources/cxx/book/build/profile/book replay --workload data/itch12302019_SPY.ops --version v18
==103555== 
==103555== 
==103555== I refs:        356,171,166
==103555== I1  misses:            337
==103555== LLi misses:            335
==103555== I1  miss rate:        0.00%
==103555== LLi miss rate:        0.00%
==103555== 
==103555== D refs:        114,456,242  (80,780,302 rd   + 33,675,940 wr)
==103555== D1  misses:      1,869,132  (   968,494 rd   +    900,638 wr)
==103555== LLd misses:        849,497  (   844,864 rd   +      4,633 wr)
==103555== D1  miss rate:         1.6% (       1.2%     +        2.7%  )
==103555== LLd miss rate:         0.7% (       1.0%     +        0.0%  )
==103555== 
==103555== LL refs:         1,869,469  (   968,831 rd   +    900,638 wr)
==103555== LL misses:         849,832  (   845,199 rd   +      4,633 wr)
==103555== LL miss rate:          0.2% (       0.2%     +        0.0%  )
