==80927== Cachegrind, a high-precision tracing profiler
==80927== Copyright (C) 2002-2017, and GNU GPL'd, by Nicholas Nethercote et al.
==80927== Using Valgrind-3.22.0 and LibVEX; rerun with -h for copyright info
==80927== Command: /home/wang/sources/cxx/book/build/profile/book replay --workload data/syn_aggressive_s42.ops --version v13
==80927== 
==80927== 
==80927== I refs:        220,583,728
==80927== I1  misses:            255
==80927== LLi misses:            255
==80927== I1  miss rate:        0.00%
==80927== LLi miss rate:        0.00%
==80927== 
==80927== D refs:         81,549,379  (57,684,199 rd   + 23,865,180 wr)
==80927== D1  misses:      2,074,101  ( 1,064,274 rd   +  1,009,827 wr)
==80927== LLd misses:        378,772  (   375,143 rd   +      3,629 wr)
==80927== D1  miss rate:         2.5% (       1.8%     +        4.2%  )
==80927== LLd miss rate:         0.5% (       0.7%     +        0.0%  )
==80927== 
==80927== LL refs:         2,074,356  ( 1,064,529 rd   +  1,009,827 wr)
==80927== LL misses:         379,027  (   375,398 rd   +      3,629 wr)
==80927== LL miss rate:          0.1% (       0.1%     +        0.0%  )
