==54813== Cachegrind, a high-precision tracing profiler
==54813== Copyright (C) 2002-2017, and GNU GPL'd, by Nicholas Nethercote et al.
==54813== Using Valgrind-3.22.0 and LibVEX; rerun with -h for copyright info
==54813== Command: /home/wang/sources/cxx/book/build/profile/book replay --workload data/syn_aggressive_s42.ops --version v9
==54813== 
==54813== 
==54813== I refs:        238,441,712
==54813== I1  misses:            236
==54813== LLi misses:            236
==54813== I1  miss rate:        0.00%
==54813== LLi miss rate:        0.00%
==54813== 
==54813== D refs:         95,799,333  (65,877,724 rd   + 29,921,609 wr)
==54813== D1  misses:      1,898,724  ( 1,049,397 rd   +    849,327 wr)
==54813== LLd misses:        378,748  (   375,136 rd   +      3,612 wr)
==54813== D1  miss rate:         2.0% (       1.6%     +        2.8%  )
==54813== LLd miss rate:         0.4% (       0.6%     +        0.0%  )
==54813== 
==54813== LL refs:         1,898,960  ( 1,049,633 rd   +    849,327 wr)
==54813== LL misses:         378,984  (   375,372 rd   +      3,612 wr)
==54813== LL miss rate:          0.1% (       0.1%     +        0.0%  )
