==96139== Cachegrind, a high-precision tracing profiler
==96139== Copyright (C) 2002-2017, and GNU GPL'd, by Nicholas Nethercote et al.
==96139== Using Valgrind-3.22.0 and LibVEX; rerun with -h for copyright info
==96139== Command: /home/wang/sources/cxx/book/build/profile/book replay --workload data/syn_default_s42.ops --version v15
==96139== 
==96139== 
==96139== I refs:        164,939,847
==96139== I1  misses:            307
==96139== LLi misses:            306
==96139== I1  miss rate:        0.00%
==96139== LLi miss rate:        0.00%
==96139== 
==96139== D refs:         57,510,592  (40,849,025 rd   + 16,661,567 wr)
==96139== D1  misses:      2,317,851  ( 1,719,017 rd   +    598,834 wr)
==96139== LLd misses:        379,001  (   375,406 rd   +      3,595 wr)
==96139== D1  miss rate:         4.0% (       4.2%     +        3.6%  )
==96139== LLd miss rate:         0.7% (       0.9%     +        0.0%  )
==96139== 
==96139== LL refs:         2,318,158  ( 1,719,324 rd   +    598,834 wr)
==96139== LL misses:         379,307  (   375,712 rd   +      3,595 wr)
==96139== LL miss rate:          0.2% (       0.2%     +        0.0%  )
