==45844== Cachegrind, a high-precision tracing profiler
==45844== Copyright (C) 2002-2017, and GNU GPL'd, by Nicholas Nethercote et al.
==45844== Using Valgrind-3.22.0 and LibVEX; rerun with -h for copyright info
==45844== Command: /home/wang/sources/cxx/book/build/profile/book replay --workload data/itch12302019_QQQ.ops --version v7
==45844== 
==45844== 
==45844== I refs:        500,948,222
==45844== I1  misses:            261
==45844== LLi misses:            261
==45844== I1  miss rate:        0.00%
==45844== LLi miss rate:        0.00%
==45844== 
==45844== D refs:        208,711,248  (132,835,398 rd   + 75,875,850 wr)
==45844== D1  misses:      3,018,834  (  1,707,844 rd   +  1,310,990 wr)
==45844== LLd misses:        975,522  (    947,134 rd   +     28,388 wr)
==45844== D1  miss rate:         1.4% (        1.3%     +        1.7%  )
==45844== LLd miss rate:         0.5% (        0.7%     +        0.0%  )
==45844== 
==45844== LL refs:         3,019,095  (  1,708,105 rd   +  1,310,990 wr)
==45844== LL misses:         975,783  (    947,395 rd   +     28,388 wr)
==45844== LL miss rate:          0.1% (        0.1%     +        0.0%  )
