==108806== Cachegrind, a high-precision tracing profiler
==108806== Copyright (C) 2002-2017, and GNU GPL'd, by Nicholas Nethercote et al.
==108806== Using Valgrind-3.22.0 and LibVEX; rerun with -h for copyright info
==108806== Command: /home/wang/sources/cxx/book/build/profile/book replay --workload data/itch12302019_AAPL.ops --version v18
==108806== 
==108806== 
==108806== I refs:        258,073,639
==108806== I1  misses:            352
==108806== LLi misses:            350
==108806== I1  miss rate:        0.00%
==108806== LLi miss rate:        0.00%
==108806== 
==108806== D refs:         84,632,244  (59,234,785 rd   + 25,397,459 wr)
==108806== D1  misses:      2,119,687  ( 1,022,628 rd   +  1,097,059 wr)
==108806== LLd misses:        651,765  (   609,741 rd   +     42,024 wr)
==108806== D1  miss rate:         2.5% (       1.7%     +        4.3%  )
==108806== LLd miss rate:         0.8% (       1.0%     +        0.2%  )
==108806== 
==108806== LL refs:         2,120,039  ( 1,022,980 rd   +  1,097,059 wr)
==108806== LL misses:         652,115  (   610,091 rd   +     42,024 wr)
==108806== LL miss rate:          0.2% (       0.2%     +        0.2%  )
