==93177== Cachegrind, a high-precision tracing profiler
==93177== Copyright (C) 2002-2017, and GNU GPL'd, by Nicholas Nethercote et al.
==93177== Using Valgrind-3.22.0 and LibVEX; rerun with -h for copyright info
==93177== Command: /home/wang/sources/cxx/book/build/profile/book replay --workload data/syn_deep_s42.ops --version v15
==93177== 
==93177== 
==93177== I refs:        167,502,377
==93177== I1  misses:            353
==93177== LLi misses:            342
==93177== I1  miss rate:        0.00%
==93177== LLi miss rate:        0.00%
==93177== 
==93177== D refs:         59,991,929  (42,140,159 rd   + 17,851,770 wr)
==93177== D1  misses:      3,149,013  ( 2,176,647 rd   +    972,366 wr)
==93177== LLd misses:        414,690  (   375,471 rd   +     39,219 wr)
==93177== D1  miss rate:         5.2% (       5.2%     +        5.4%  )
==93177== LLd miss rate:         0.7% (       0.9%     +        0.2%  )
==93177== 
==93177== LL refs:         3,149,366  ( 2,177,000 rd   +    972,366 wr)
==93177== LL misses:         415,032  (   375,813 rd   +     39,219 wr)
==93177== LL miss rate:          0.2% (       0.2%     +        0.2%  )
