==83762== Cachegrind, a high-precision tracing profiler
==83762== Copyright (C) 2002-2017, and GNU GPL'd, by Nicholas Nethercote et al.
==83762== Using Valgrind-3.22.0 and LibVEX; rerun with -h for copyright info
==83762== Command: /home/wang/sources/cxx/book/build/profile/book replay --workload data/syn_deep_s42.ops --version v12
==83762== 
==83762== 
==83762== I refs:        172,418,010
==83762== I1  misses:            310
==83762== LLi misses:            310
==83762== I1  miss rate:        0.00%
==83762== LLi miss rate:        0.00%
==83762== 
==83762== D refs:         68,286,942  (49,366,408 rd   + 18,920,534 wr)
==83762== D1  misses:      4,045,106  ( 2,402,582 rd   +  1,642,524 wr)
==83762== LLd misses:        415,155  (   375,246 rd   +     39,909 wr)
==83762== D1  miss rate:         5.9% (       4.9%     +        8.7%  )
==83762== LLd miss rate:         0.6% (       0.8%     +        0.2%  )
==83762== 
==83762== LL refs:         4,045,416  ( 2,402,892 rd   +  1,642,524 wr)
==83762== LL misses:         415,465  (   375,556 rd   +     39,909 wr)
==83762== LL miss rate:          0.2% (       0.2%     +        0.2%  )
