==23196== Cachegrind, a high-precision tracing profiler
==23196== Copyright (C) 2002-2017, and GNU GPL'd, by Nicholas Nethercote et al.
==23196== Using Valgrind-3.22.0 and LibVEX; rerun with -h for copyright info
==23196== Command: /home/wang/sources/cxx/book/build/profile/book replay --workload data/itch12302019_AAPL.ops --version v2
==23196== 
==23196== 
==23196== I refs:        516,816,842
==23196== I1  misses:            285
==23196== LLi misses:            285
==23196== I1  miss rate:        0.00%
==23196== LLi miss rate:        0.00%
==23196== 
==23196== D refs:        208,711,303  (147,140,944 rd   + 61,570,359 wr)
==23196== D1  misses:      3,821,809  (  2,418,551 rd   +  1,403,258 wr)
==23196== LLd misses:        836,700  (    654,716 rd   +    181,984 wr)
==23196== D1  miss rate:         1.8% (        1.6%     +        2.3%  )
==23196== LLd miss rate:         0.4% (        0.4%     +        0.3%  )
==23196== 
==23196== LL refs:         3,822,094  (  2,418,836 rd   +  1,403,258 wr)
==23196== LL misses:         836,985  (    655,001 rd   +    181,984 wr)
==23196== LL miss rate:          0.1% (        0.1%     +        0.3%  )
