==26191== Cachegrind, a high-precision tracing profiler
==26191== Copyright (C) 2002-2017, and GNU GPL'd, by Nicholas Nethercote et al.
==26191== Using Valgrind-3.22.0 and LibVEX; rerun with -h for copyright info
==26191== Command: /home/wang/sources/cxx/book/build/profile/book replay --workload data/syn_deep_s42.ops --version v3
==26191== 
==26191== 
==26191== I refs:        209,778,600
==26191== I1  misses:            311
==26191== LLi misses:            303
==26191== I1  miss rate:        0.00%
==26191== LLi miss rate:        0.00%
==26191== 
==26191== D refs:         85,075,132  (57,026,963 rd   + 28,048,169 wr)
==26191== D1  misses:      4,281,235  ( 2,541,999 rd   +  1,739,236 wr)
==26191== LLd misses:        418,102  (   375,267 rd   +     42,835 wr)
==26191== D1  miss rate:         5.0% (       4.5%     +        6.2%  )
==26191== LLd miss rate:         0.5% (       0.7%     +        0.2%  )
==26191== 
==26191== LL refs:         4,281,546  ( 2,542,310 rd   +  1,739,236 wr)
==26191== LL misses:         418,405  (   375,570 rd   +     42,835 wr)
==26191== LL miss rate:          0.1% (       0.1%     +        0.2%  )
