==108923== Cachegrind, a high-precision tracing profiler
==108923== Copyright (C) 2002-2017, and GNU GPL'd, by Nicholas Nethercote et al.
==108923== Using Valgrind-3.22.0 and LibVEX; rerun with -h for copyright info
==108923== Command: /home/wang/sources/cxx/book/build/profile/book replay --workload data/itch12302019_QQQ.ops --version v18
==108923== 
==108923== 
==108923== I refs:        393,508,262
==108923== I1  misses:            350
==108923== LLi misses:            348
==108923== I1  miss rate:        0.00%
==108923== LLi miss rate:        0.00%
==108923== 
==108923== D refs:        127,250,580  (89,585,205 rd   + 37,665,375 wr)
==108923== D1  misses:      2,394,380  ( 1,110,853 rd   +  1,283,527 wr)
==108923== LLd misses:        956,429  (   936,894 rd   +     19,535 wr)
==108923== D1  miss rate:         1.9% (       1.2%     +        3.4%  )
==108923== LLd miss rate:         0.8% (       1.0%     +        0.1%  )
==108923== 
==108923== LL refs:         2,394,730  ( 1,111,203 rd   +  1,283,527 wr)
==108923== LL misses:         956,777  (   937,242 rd   +     19,535 wr)
==108923== LL miss rate:          0.2% (       0.2%     +        0.1%  )
