desc: I1 cache:         32768 B, 64 B, 8-way associative
desc: D1 cache:         49152 B, 64 B, 12-way associative
desc: LL cache:         6291456 B, 64 B, 12-way associative
cmd: /home/wang/sources/cxx/book/build/profile/book replay --workload data/itch12302019_QQQ.ops --version v15
events: Ir I1mr ILmr Dr D1mr DLmr Dw D1mw DLmw 
fl=./elf/../sysdeps/generic/dl-new-hash.h
fn=_dl_lookup_symbol_x
69 1 0 0 0 0 0 0 0 0
70 2 0 0 0 0 0 0 0 0
74 11 0 0 11 1 1 0 0 0
77 22 0 0 0 0 0 0 0 0
80 11 0 0 11 0 0 0 0 0
81 22 0 0 0 0 0 0 0 0
87 1 1 1 0 0 0 0 0 0
88 1 0 0 0 0 0 0 0 0
89 2 0 0 0 0 0 0 0 0
90 1 0 0 0 0 0 0 0 0
99 10 0 0 0 0 0 0 0 0
101 10 0 0 0 0 0 0 0 0
102 20 0 0 0 0 0 0 0 0
104 10 1 1 0 0 0 0 0 0
105 10 0 0 0 0 0 0 0 0
fl=./elf/../sysdeps/generic/dl-protected.h
fn=do_lookup_x
29 4 0 0 0 0 0 0 0 0
fl=./elf/../sysdeps/generic/ldsodefs.h
fn=do_lookup_x
139 2 0 0 1 0 0 0 0 0
140 3 0 0 0 0 0 0 0 0
fl=./elf/../sysdeps/x86_64/dl-machine.h
fn=_dl_fixup
234 1 0 0 0 0 0 1 0 0
fl=./elf/../sysdeps/x86_64/dl-runtime.h
fn=_dl_fixup
28 1 0 0 0 0 0 0 0 0
fl=./elf/../sysdeps/x86_64/dl-trampoline.h
fn=_dl_runtime_resolve_xsave
71 1 1 1 0 0 0 0 0 0
76 1 0 0 0 0 0 1 0 0
79 1 0 0 0 0 0 0 0 0
81 1 0 0 0 0 0 0 0 0
91 1 0 0 1 1 1 0 0 0
97 1 0 0 0 0 0 1 1 1
98 1 0 0 0 0 0 1 0 0
99 1 1 1 0 0 0 1 0 0
100 1 0 0 0 0 0 1 0 0
101 1 0 0 0 0 0 1 0 0
102 1 0 0 0 0 0 1 0 0
103 1 0 0 0 0 0 1 0 0
107 1 0 0 0 0 0 0 0 0
108 1 0 0 0 0 0 0 0 0
111 1 0 0 0 0 0 1 1 0
112 1 0 0 0 0 0 1 0 0
114 1 0 0 0 0 0 1 0 0
115 1 0 0 0 0 0 1 0 0
116 1 1 1 0 0 0 1 0 0
117 1 0 0 0 0 0 1 0 0
118 1 0 0 0 0 0 1 0 0
119 1 0 0 0 0 0 1 0 0
121 1 0 0 1 0 0 33 10 6
128 1 0 0 1 0 0 0 0 0
129 1 0 0 1 0 0 0 0 0
130 1 0 0 0 0 0 1 1 1
131 1 0 0 0 0 0 0 0 0
136 1 0 0 0 0 0 0 0 0
137 1 0 0 0 0 0 0 0 0
138 1 0 0 36 0 0 0 0 0
140 1 1 1 1 0 0 0 0 0
141 1 0 0 1 0 0 0 0 0
142 1 0 0 1 0 0 0 0 0
143 1 0 0 1 0 0 0 0 0
144 1 0 0 1 0 0 0 0 0
145 1 0 0 1 0 0 0 0 0
146 1 0 0 1 0 0 0 0 0
148 1 0 0 0 0 0 0 0 0
150 1 0 0 1 0 0 0 0 0
154 1 0 0 0 0 0 0 0 0
156 1 0 0 0 0 0 0 0 0
fl=./elf/./elf/dl-lookup.c
fn=_dl_lookup_symbol_x
772 13 2 2 0 0 0 9 3 3
774 2 0 0 0 0 0 1 0 0
775 4 0 0 0 0 0 1 0 0
778 1 0 0 1 1 1 0 0 0
782 2 0 0 0 0 0 0 0 0
785 2 1 1 1 0 0 0 0 0
787 2 0 0 2 0 0 0 0 0
791 14 0 0 0 0 0 3 0 0
792 17 2 2 7 0 0 7 1 1
797 5 0 0 2 0 0 0 0 0
816 1 0 0 0 0 0 1 0 0
820 2 0 0 1 0 0 0 0 0
821 7 0 0 1 0 0 0 0 0
828 1 0 0 1 0 0 0 0 0
856 4 1 1 1 0 0 0 0 0
870 3 0 0 1 1 1 0 0 0
873 2 0 0 1 0 0 0 0 0
890 4 0 0 1 0 0 0 0 0
892 9 1 1 7 0 0 0 0 0
fn=check_match
70 15 1 1 2 1 1 6 1 1
73 8 1 1 2 0 0 0 0 0
86 5 0 0 0 0 0 0 0 0
89 8 1 1 2 0 0 1 0 0
93 1 0 0 1 1 1 0 0 0
94 2 0 0 0 0 0 0 0 0
144 2 1 1 0 0 0 0 0 0
146 6 0 0 2 1 1 0 0 0
147 4 1 1 0 0 0 0 0 0
161 1 0 0 0 0 0 0 0 0
162 8 0 0 7 0 0 0 0 0
fn=do_lookup_x
347 14 2 2 2 0 0 10 2 2
348 1 0 0 1 1 1 0 0 0
353 1 0 0 0 0 0 0 0 0
354 1 0 0 1 0 0 0 0 0
358 8 1 1 8 6 6 0 0 0
361 8 0 0 0 0 0 0 0 0
365 10 0 0 1 0 0 0 0 0
386 8 1 1 4 3 3 0 0 0
390 8 0 0 4 1 1 0 0 0
396 12 0 0 4 3 3 0 0 0
400 4 0 0 0 0 0 4 0 0
401 4 0 0 0 0 0 4 0 0
404 20 0 0 12 6 6 0 0 0
405 12 1 1 8 2 2 0 0 0
408 4 0 0 4 0 0 0 0 0
409 8 0 0 0 0 0 0 0 0
411 4 0 0 4 4 4 0 0 0
412 3 0 0 0 0 0 1 0 0
413 8 0 0 8 0 0 0 0 0
415 7 1 1 1 0 0 2 0 0
416 16 0 0 8 0 0 0 0 0
419 28 0 0 4 0 0 0 0 0
422 2 0 0 2 1 1 0 0 0
423 3 1 1 1 0 0 0 0 0
424 2 0 0 0 0 0 0 0 0
426 2 0 0 1 0 0 0 0 0
429 5 1 1 1 1 1 0 0 0
431 3 0 0 1 0 0 0 0 0
432 25 2 2 7 0 0 13 2 2
433 2 0 0 0 0 0 0 0 0
436 3 0 0 0 0 0 0 0 0
461 8 1 1 6 0 0 0 0 0
476 2 1 1 0 0 0 0 0 0
483 4 0 0 1 0 0 0 0 0
487 3 1 1 1 1 1 0 0 0
499 2 0 0 1 0 0 1 0 0
500 1 0 0 0 0 0 1 0 0
501 1 0 0 0 0 0 0 0 0
518 9 0 0 0 0 0 0 0 0
522 8 0 0 7 0 0 0 0 0
fl=./elf/./elf/dl-runtime.c
fn=_dl_fixup
46 11 2 2 0 0 0 6 0 0
48 5 0 0 4 4 4 0 0 0
49 3 1 1 2 1 1 0 0 0
54 1 0 0 1 1 1 0 0 0
55 4 0 0 1 1 1 0 0 0
56 7 0 0 1 1 1 1 1 1
58 2 0 0 1 0 0 0 0 0
63 2 0 0 0 0 0 0 0 0
67 2 0 0 1 1 1 0 0 0
69 2 0 0 0 0 0 0 0 0
71 3 1 1 1 1 1 0 0 0
75 3 0 0 2 2 2 0 0 0
76 4 0 0 1 0 0 0 0 0
77 3 0 0 1 1 1 0 0 0
84 1 1 1 0 0 0 0 0 0
85 3 0 0 1 1 0 0 0 0
95 11 0 0 2 1 1 3 0 0
99 5 1 1 3 0 0 0 0 0
109 10 0 0 4 0 0 1 0 0
124 4 1 1 1 0 0 0 0 0
133 3 0 0 1 1 1 0 0 0
159 3 0 0 1 0 0 0 0 0
163 8 1 1 7 0 0 0 0 0
fl=./malloc/./malloc/arena.c
fn=_mid_memalign.isra.0
153 8 0 0 0 0 0 0 0 0
fn=free
153 84 0 0 0 0 0 0 0 0
fn=malloc
153 48 0 0 0 0 0 0 0 0
fl=./malloc/./malloc/malloc.c
fn=_int_free
1792 14 0 0 14 8 0 0 0 0
1992 12 1 1 4 0 0 0 0 0
3163 28 1 1 14 0 0 14 0 0
3165 56 0 0 14 6 5 14 0 0
3166 14 0 0 0 0 0 14 0 0
3167 28 0 0 0 0 0 14 0 0
4495 196 1 1 0 0 0 112 0 0
4499 84 1 1 28 0 0 0 0 0
4505 112 0 0 0 0 0 0 0 0
4506 56 0 0 0 0 0 0 0 0
4510 140 0 0 0 0 0 0 0 0
4517 56 0 0 0 0 0 0 0 0
4518 168 1 1 84 9 0 0 0 0
4521 18 0 0 0 0 0 0 0 0
4527 54 0 0 36 4 2 0 0 0
4547 90 1 1 36 3 1 0 0 0
4550 14 0 0 0 0 0 0 0 0
4561 28 0 0 0 0 0 0 0 0
4572 16 0 0 4 0 0 0 0 0
4574 12 0 0 4 2 0 0 0 0
4593 4 0 0 0 0 0 0 0 0
4595 4 0 0 0 0 0 4 2 0
4596 4 0 0 0 0 0 0 0 0
4600 12 0 0 4 0 0 0 0 0
4602 8 0 0 4 2 0 0 0 0
4606 8 0 0 0 0 0 0 0 0
4608 12 0 0 0 0 0 4 0 0
4609 4 0 0 0 0 0 4 0 0
4628 16 0 0 0 0 0 0 0 0
4637 20 0 0 10 0 0 0 0 0
4640 20 0 0 10 6 0 0 0 0
4643 20 1 1 0 0 0 0 0 0
4646 20 0 0 0 0 0 0 0 0
4658 158 1 1 130 0 0 0 0 0
fn=_int_free_maybe_consolidate
4770 176 1 1 16 5 0 112 0 0
4776 32 0 0 0 0 0 0 0 0
4778 20 0 0 5 0 0 0 0 0
4781 15 0 0 0 0 0 0 0 0
4784 25 2 2 15 5 0 0 0 0
4785 5 0 0 3 0 0 0 0 0
4798 172 1 1 141 0 0 0 0 0
fn=_int_free_merge_chunk
1992 39 0 0 13 0 0 0 0 0
4665 104 1 1 0 0 0 78 0 0
4666 13 0 0 0 0 0 0 0 0
4670 78 0 0 13 6 0 0 0 0
4673 52 1 1 13 6 0 0 0 0
4675 39 1 1 13 7 0 0 0 0
4678 39 0 0 13 2 0 0 0 0
4681 26 0 0 0 0 0 0 0 0
4682 26 0 0 0 0 0 0 0 0
4683 26 0 0 13 6 0 0 0 0
4689 26 1 1 13 0 0 0 0 0
4691 9 0 0 9 0 0 0 0 0
4692 9 0 0 0 0 0 0 0 0
4693 9 0 0 0 0 0 0 0 0
4694 36 0 0 9 4 0 0 0 0
4696 18 0 0 0 0 0 9 5 0
4701 39 0 0 0 0 0 0 0 0
4702 91 0 0 78 0 0 0 0 0
4714 26 0 0 13 0 0 0 0 0
4720 22 0 0 11 3 0 0 0 0
4721 4 1 1 0 0 0 2 0 0
4722 4 0 0 0 0 0 0 0 0
4724 9 0 0 9 0 0 0 0 0
4732 11 0 0 0 0 0 0 0 0
4733 44 1 1 11 0 0 0 0 0
4734 22 0 0 11 1 0 0 0 0
4736 11 0 0 0 0 0 11 0 0
4738 22 0 0 0 0 0 0 0 0
4740 24 1 1 0 0 0 8 0 0
4743 11 0 0 0 0 0 11 0 0
4744 11 0 0 0 0 0 11 0 0
4746 33 0 0 0 0 0 11 0 0
4747 11 0 0 0 0 0 11 0 0
4756 2 0 0 0 0 0 0 0 0
4757 6 0 0 0 0 0 2 0 0
4758 4 0 0 0 0 0 2 0 0
fn=_int_malloc
1326 56 0 0 0 0 0 0 0 0
1345 168 0 0 0 0 0 0 0 0
1794 28 1 1 28 0 0 0 0 0
1985 6 0 0 2 0 0 0 0 0
2008 4 0 0 1 0 0 0 0 0
2552 30 0 0 10 10 3 10 0 0
2553 1 1 1 0 0 0 1 0 0
2564 10 1 1 5 5 2 0 0 0
2565 12 0 0 8 0 0 0 0 0
2568 16 0 0 4 0 0 0 0 0
2576 24 0 0 4 0 0 8 0 0
2577 8 0 0 0 0 0 0 0 0
2589 4 0 0 1 0 0 1 0 0
2590 2 0 0 0 0 0 1 0 0
2599 12 1 1 3 0 0 0 0 0
2605 3 0 0 2 0 0 0 0 0
2608 3 1 1 0 0 0 0 0 0
2669 3 1 1 1 0 0 1 0 0
2677 2 0 0 1 0 0 0 0 0
2678 3 0 0 1 0 0 1 0 0
2691 3 1 1 1 0 0 0 0 0
2693 1 0 0 1 0 0 0 0 0
2699 5 0 0 1 0 0 1 0 0
2707 2 0 0 0 0 0 0 0 0
2709 4 2 2 0 0 0 2 0 0
2710 3 0 0 1 0 0 0 0 0
2711 1 0 0 0 0 0 0 0 0
2712 1 0 0 0 0 0 0 0 0
2715 2 0 0 0 0 0 0 0 0
2744 7 1 1 3 0 0 0 0 0
2746 2 1 1 0 0 0 1 0 0
2752 8 0 0 1 0 0 0 0 0
2753 6 0 0 1 0 0 1 0 0
2921 3 1 1 2 0 0 0 0 0
2922 1 0 0 0 0 0 1 0 0
2926 1 0 0 1 0 0 0 0 0
2930 5 1 1 2 0 0 0 0 0
2932 1 0 0 0 0 0 0 0 0
2933 1 0 0 0 0 0 0 0 0
2934 1 0 0 0 0 0 1 0 0
2935 7 0 0 0 0 0 1 0 0
2936 2 0 0 0 0 0 1 1 1
2938 1 0 0 0 0 0 0 0 0
3846 308 2 2 28 15 2 196 7 1
3887 56 0 0 0 0 0 0 0 0
3914 56 0 0 0 0 0 0 0 0
3916 44 0 0 0 0 0 0 0 0
3919 11 0 0 11 3 1 0 0 0
3921 22 0 0 0 0 0 0 0 0
3930 33 2 2 0 0 0 0 0 0
3977 34 1 1 0 0 0 0 0 0
3979 40 0 0 0 0 0 0 0 0
3980 28 1 1 0 0 0 0 0 0
3982 42 0 0 14 7 4 0 0 0
4039 236 1 1 0 0 0 0 0 0
4040 42 0 0 14 12 1 0 0 0
4058 84 1 1 28 0 0 0 0 0
4059 84 0 0 0 0 0 28 13 3
4060 84 1 1 56 8 0 0 0 0
4069 40 0 0 0 0 0 20 0 0
4070 185 2 2 42 15 2 28 0 0
4072 22 0 0 22 1 0 0 0 0
4073 44 0 0 22 10 2 0 0 0
4074 22 0 0 0 0 0 0 0 0
4076 44 0 0 0 0 0 0 0 0
4077 66 1 1 22 13 2 0 0 0
4079 22 0 0 22 10 1 0 0 0
4080 88 0 0 0 0 0 0 0 0
4082 88 0 0 22 0 0 0 0 0
4084 44 1 1 22 2 0 0 0 0
4085 44 0 0 22 0 0 0 0 0
4087 44 0 0 0 0 0 0 0 0
4098 88 0 0 0 0 0 0 0 0
4099 20 1 1 10 0 0 0 0 0
4100 16 0 0 0 0 0 0 0 0
4101 8 0 0 0 0 0 0 0 0
4104 8 0 0 0 0 0 0 0 0
4105 8 1 1 0 0 0 0 0 0
4106 8 0 0 0 0 0 8 0 0
4107 24 0 0 0 0 0 8 0 0
4108 24 1 1 0 0 0 8 8 0
4109 16 0 0 0 0 0 0 0 0
4111 16 0 0 0 0 0 8 2 0
4115 64 0 0 0 0 0 8 0 0
4117 24 1 1 0 0 0 8 0 0
4118 8 0 0 0 0 0 8 0 0
4121 8 0 0 0 0 0 0 0 0
4122 24 0 0 0 0 0 8 0 0
4123 8 0 0 0 0 0 0 0 0
4127 14 0 0 0 0 0 14 0 0
4128 14 0 0 0 0 0 14 0 0
4132 28 0 0 0 0 0 0 0 0
4161 29 2 2 0 0 0 0 0 0
4163 8 1 1 0 0 0 4 0 0
4164 16 0 0 0 0 0 0 0 0
4165 4 0 0 4 3 0 0 0 0
4169 178 4 4 0 0 0 10 0 0
4170 30 1 1 0 0 0 0 0 0
4171 10 0 0 10 10 3 0 0 0
4174 20 0 0 0 0 0 0 0 0
4218 40 0 0 0 0 0 10 1 1
4221 98 1 1 28 12 2 0 0 0
4222 14 0 0 0 0 0 14 0 0
4223 14 0 0 0 0 0 14 0 0
4224 14 0 0 0 0 0 14 0 0
4225 14 0 0 0 0 0 14 0 0
4230 28 0 0 28 0 0 0 0 0
4231 28 0 0 0 0 0 0 0 0
4240 56 1 1 28 0 0 0 0 0
4246 24 0 0 0 0 0 0 0 0
4257 60 0 0 0 0 0 0 0 0
4259 56 0 0 0 0 0 0 0 0
4262 42 0 0 14 11 7 0 0 0
4263 21 1 1 1 0 0 0 0 0
4266 1 0 0 1 0 0 0 0 0
4267 6 0 0 1 0 0 0 0 0
4273 2 1 1 1 0 0 0 0 0
4278 3 0 0 0 0 0 1 0 0
4279 3 0 0 0 0 0 2 0 0
4282 4 0 0 2 0 0 0 0 0
4291 1 0 0 0 0 0 0 0 0
4295 4 1 1 1 0 0 0 0 0
4296 2 0 0 1 0 0 0 0 0
4299 1 0 0 0 0 0 1 1 0
4300 1 0 0 0 0 0 1 0 0
4301 1 0 0 0 0 0 1 0 0
4302 2 0 0 0 0 0 0 0 0
4304 2 0 0 0 0 0 1 0 0
4307 8 1 1 0 0 0 1 0 0
4309 3 0 0 0 0 0 1 0 0
4310 1 0 0 0 0 0 1 0 0
4313 1 0 0 0 0 0 0 0 0
4330 19 0 0 0 0 0 0 0 0
4331 38 0 0 0 0 0 0 0 0
4332 38 0 0 0 0 0 0 0 0
4333 38 0 0 19 3 0 0 0 0
4334 114 0 0 0 0 0 0 0 0
4339 89 1 1 0 0 0 0 0 0
4343 108 2 2 0 0 0 0 0 0
4346 76 1 1 19 0 0 0 0 0
4348 12 0 0 0 0 0 0 0 0
4349 6 0 0 0 0 0 0 0 0
4353 108 0 0 0 0 0 0 0 0
4355 49 0 0 0 0 0 0 0 0
4357 98 0 0 0 0 0 0 0 0
4361 5 0 0 5 4 0 0 0 0
4364 10 0 0 0 0 0 0 0 0
4366 15 0 0 0 0 0 3 0 0
4367 3 0 0 0 0 0 0 0 0
4368 3 0 0 0 0 0 0 0 0
4373 8 0 0 2 1 0 0 0 0
4376 4 0 0 0 0 0 0 0 0
4378 6 1 1 0 0 0 2 0 0
4381 6 0 0 0 0 0 4 0 0
4384 8 0 0 4 0 0 0 0 0
4394 2 0 0 0 0 0 0 0 0
4399 8 0 0 2 0 0 0 0 0
4400 4 1 1 2 0 0 0 0 0
4403 2 0 0 0 0 0 2 2 0
4404 2 0 0 0 0 0 2 0 0
4405 2 0 0 0 0 0 2 0 0
4408 4 0 0 0 0 0 0 0 0
4409 2 0 0 0 0 0 2 0 0
4410 4 0 0 0 0 0 0 0 0
4412 4 0 0 0 0 0 2 1 0
4415 16 1 1 0 0 0 2 0 0
4417 6 0 0 0 0 0 2 0 0
4418 2 0 0 0 0 0 2 0 0
4421 2 0 0 0 0 0 0 0 0
4443 17 1 1 17 0 0 0 0 0
4444 34 0 0 17 9 2 0 0 0
4446 34 0 0 17 2 0 0 0 0
4449 51 0 0 0 0 0 0 0 0
4451 12 0 0 0 0 0 0 0 0
4452 24 1 1 0 0 0 0 0 0
4453 12 0 0 0 0 0 12 0 0
4454 96 1 1 0 0 0 12 0 0
4456 24 0 0 0 0 0 12 12 12
4459 26 0 0 0 0 0 0 0 0
4460 54 0 0 0 0 0 18 0 0
4461 18 0 0 0 0 0 0 0 0
4466 20 0 0 5 0 0 5 0 0
4482 9 0 0 0 0 0 0 0 0
4487 336 3 2 252 0 0 0 0 0
fn=_int_memalign
1326 8 0 0 0 0 0 0 0 0
1345 32 1 1 0 0 0 0 0 0
4714 6 0 0 0 0 0 0 0 0
4720 2 0 0 1 0 0 0 0 0
4721 1 0 0 0 0 0 1 0 0
4722 2 0 0 0 0 0 0 0 0
4732 1 0 0 0 0 0 0 0 0
4733 4 0 0 1 0 0 0 0 0
4734 2 0 0 1 0 0 0 0 0
4736 1 0 0 0 0 0 1 1 0
4738 2 0 0 0 0 0 0 0 0
4740 3 0 0 0 0 0 1 0 0
4743 1 0 0 0 0 0 1 0 0
4744 1 0 0 0 0 0 1 0 0
4746 3 0 0 0 0 0 1 0 0
4747 1 0 0 0 0 0 1 0 0
4756 2 1 1 0 0 0 0 0 0
4757 6 0 0 0 0 0 2 1 1
4758 4 0 0 0 0 0 2 0 0
5039 32 1 1 0 0 0 24 4 0
5069 16 0 0 0 0 0 8 0 0
5071 12 0 0 4 0 0 0 0 0
5074 4 0 0 0 0 0 0 0 0
5076 16 0 0 0 0 0 0 0 0
5083 20 1 1 0 0 0 0 0 0
5085 16 0 0 0 0 0 0 0 0
5086 1 0 0 0 0 0 0 0 0
5089 2 0 0 0 0 0 0 0 0
5090 16 0 0 4 0 0 0 0 0
5093 8 0 0 0 0 0 0 0 0
5095 2 0 0 1 0 0 1 0 0
5096 2 0 0 0 0 0 1 0 0
5097 1 0 0 0 0 0 0 0 0
5101 30 1 1 0 0 0 6 1 1
5103 3 0 0 3 0 0 0 0 0
5104 15 0 0 3 0 0 3 0 0
5105 6 0 0 0 0 0 3 0 0
5106 3 0 0 0 0 0 0 0 0
5108 27 1 1 3 0 0 0 0 0
5113 9 0 0 3 0 0 0 0 0
5115 6 0 0 0 0 0 0 0 0
5116 3 0 0 0 0 0 0 0 0
5117 6 0 0 3 0 0 0 0 0
5118 6 0 0 0 0 0 0 0 0
5120 3 0 0 0 0 0 0 0 0
5121 6 0 0 0 0 0 0 0 0
5122 3 1 1 3 0 0 0 0 0
5123 1 0 0 0 0 0 0 0 0
5129 3 0 0 0 0 0 0 0 0
5130 9 2 2 0 0 0 3 0 0
5134 9 1 1 0 0 0 3 0 0
5140 3 0 0 0 0 0 0 0 0
5141 36 0 0 28 0 0 0 0 0
fn=_mid_memalign.isra.0
1326 8 0 0 0 0 0 0 0 0
1345 20 0 0 0 0 0 0 0 0
3575 28 1 1 0 0 0 16 0 0
3581 8 1 1 0 0 0 0 0 0
3585 8 0 0 0 0 0 0 0 0
3590 12 2 2 0 0 0 0 0 0
3598 12 0 0 0 0 0 0 0 0
3615 12 0 0 0 0 0 0 0 0
3617 8 1 1 4 4 0 0 0 0
3638 8 0 0 4 4 0 0 0 0
3640 20 1 1 0 0 0 4 2 0
3641 20 1 1 4 0 0 0 0 0
3643 8 1 1 0 0 0 0 0 0
3662 24 0 0 20 0 0 0 0 0
fn=aligned_alloc
3556 28 1 1 0 0 0 12 0 0
3557 8 0 0 4 4 0 0 0 0
3564 20 0 0 0 0 0 0 0 0
3571 12 0 0 0 0 0 0 0 0
3572 12 1 1 12 0 0 0 0 0
fn=alloc_perturb
1985 78 1 1 26 0 0 0 0 0
1987 26 0 0 26 0 0 0 0 0
fn=free
3359 210 2 2 0 0 0 120 0 0
3363 60 0 0 0 0 0 0 0 0
3371 60 0 0 60 32 4 0 0 0
3373 30 0 0 0 0 0 0 0 0
3375 90 0 0 30 9 1 0 0 0
3379 6 1 1 2 2 0 0 0 0
3381 8 0 0 2 2 0 0 0 0
3383 4 0 0 0 0 0 2 0 0
3384 4 0 0 0 0 0 2 0 0
3385 2 0 0 0 0 0 0 0 0
3388 4 0 0 0 0 0 2 2 0
3392 84 0 0 56 18 0 0 0 0
3398 84 1 1 0 0 0 28 7 0
3401 30 0 0 0 0 0 30 0 0
3402 180 1 1 150 0 0 0 0 0
fn=malloc
1326 54 0 0 0 0 0 0 0 0
1345 135 1 1 0 0 0 0 0 0
3178 6 0 0 3 2 1 0 0 0
3182 6 0 0 0 0 0 0 0 0
3186 12 1 1 3 2 1 3 0 0
3190 6 0 0 0 0 0 3 0 0
3191 3 0 0 0 0 0 3 0 0
3294 216 1 1 0 0 0 108 4 1
3301 54 0 0 27 13 2 0 0 0
3311 54 0 0 0 0 0 0 0 0
3313 108 0 0 54 25 4 0 0 0
3316 54 0 0 27 12 2 0 0 0
3318 54 1 1 18 6 2 0 0 0
3326 48 1 1 24 12 2 0 0 0
3328 96 0 0 0 0 0 24 0 0
3329 120 1 1 24 0 0 0 0 0
3354 162 1 1 135 0 0 0 0 0
fn=munmap_chunk
3024 4 1 1 0 0 0 2 0 0
3025 4 0 0 4 4 0 0 0 0
3026 6 0 0 2 0 0 0 0 0
3028 4 0 0 0 0 0 0 0 0
3030 2 0 0 0 0 0 0 0 0
3031 6 0 0 2 0 0 0 0 0
3032 2 0 0 0 0 0 0 0 0
3038 8 0 0 0 0 0 0 0 0
3039 10 1 1 0 0 0 0 0 0
3042 2 0 0 4 0 0 0 0 0
3043 6 0 0 4 0 0 0 0 0
3048 4 0 0 0 0 0 0 0 0
3049 2 0 0 2 0 0 0 0 0
fn=sysmalloc_mmap.isra.0
2008 16 0 0 4 0 0 0 0 0
2400 24 1 1 0 0 0 16 1 1
2413 12 0 0 0 0 0 0 0 0
2418 8 0 0 0 0 0 0 0 0
2421 40 1 1 0 0 0 4 0 0
2424 8 1 1 0 0 0 0 0 0
2428 8 0 0 0 0 0 0 0 0
2432 16 0 0 0 0 0 4 0 0
2448 12 0 0 0 0 0 0 0 0
2466 4 0 0 0 0 0 4 4 4
2467 12 1 1 0 0 0 4 0 0
2471 12 0 0 8 0 0 0 0 0
2472 18 0 0 7 0 0 0 0 0
2475 12 1 1 8 0 0 0 0 0
2476 20 0 0 8 0 0 0 0 0
2481 28 0 0 20 0 0 0 0 0
fn=systrim.constprop.0
2957 6 1 1 0 0 0 4 0 0
2966 3 0 0 2 0 0 0 0 0
2968 1 0 0 0 0 0 0 0 0
2969 2 0 0 0 0 0 0 0 0
2974 3 0 0 1 0 0 0 0 0
2975 1 0 0 0 0 0 0 0 0
2978 5 1 1 2 2 0 0 0 0
2980 2 0 0 0 0 0 0 0 0
2987 3 0 0 0 0 0 1 0 0
2988 4 0 0 1 0 0 0 0 0
3000 3 1 1 0 0 0 1 0 0
3001 2 0 0 0 0 0 1 0 0
3003 1 0 0 0 0 0 0 0 0
3005 2 0 0 0 0 0 0 0 0
3009 2 0 0 0 0 0 0 0 0
3012 1 0 0 1 0 0 0 0 0
3013 4 0 0 1 0 0 1 0 0
3015 2 0 0 0 0 0 0 0 0
3020 6 0 0 5 0 0 0 0 0
fn=unlink_chunk.isra.0
1608 30 1 1 0 0 0 15 0 0
1610 75 0 0 30 1 0 0 0 0
1613 30 0 0 30 0 0 0 0 0
1614 30 0 0 15 0 0 0 0 0
1616 60 1 1 30 8 0 0 0 0
1619 15 0 0 0 0 0 15 0 0
1620 15 0 0 0 0 0 15 0 0
1621 63 0 0 11 0 0 0 0 0
1623 18 0 0 9 0 0 0 0 0
1624 27 0 0 18 0 0 0 0 0
1627 18 0 0 9 4 0 0 0 0
1641 9 0 0 0 0 0 9 0 0
1642 9 1 1 0 0 0 9 0 0
1645 30 0 0 30 0 0 0 0 0
fl=./malloc/./malloc/morecore.c
fn=__glibc_morecore
25 12 1 1 0 0 0 4 0 0
26 8 0 0 4 0 0 0 0 0
29 4 0 0 0 0 0 4 0 0
30 8 0 0 0 0 0 0 0 0
34 8 0 0 8 0 0 0 0 0
fl=./misc/../sysdeps/unix/syscall-template.S
fn=munmap
117 10 2 2 0 0 0 0 0 0
122 2 0 0 2 0 0 0 0 0
fl=./misc/../sysdeps/unix/sysv/linux/brk.c
fn=brk
36 2 1 1 0 0 0 0 0 0
37 4 0 0 2 0 0 2 0 0
38 4 0 0 0 0 0 0 0 0
44 2 0 0 0 0 0 0 0 0
45 2 0 0 2 0 0 0 0 0
fl=./misc/../sysdeps/unix/sysv/linux/brk_call.h
fn=brk
24 4 0 0 0 0 0 0 0 0
fl=./misc/../sysdeps/unix/sysv/linux/mmap64.c
fn=mmap
47 28 1 1 0 0 0 12 0 0
50 8 0 0 0 0 0 0 0 0
53 28 1 1 0 0 0 0 0 0
58 24 1 1 0 0 0 0 0 0
60 16 0 0 16 0 0 0 0 0
fl=./misc/../sysdeps/unix/sysv/linux/setvmaname.c
fn=__set_vma_name
33 28 2 2 0 0 0 16 4 1
35 20 0 0 8 4 2 4 0 0
49 36 0 0 28 0 0 0 0 0
fl=./misc/./misc/sbrk.c
fn=sbrk
37 32 1 1 0 0 0 16 0 0
40 8 0 0 8 4 2 0 0 0
43 8 1 1 4 2 1 0 0 0
58 8 0 0 0 0 0 0 0 0
62 8 0 0 0 0 0 0 0 0
66 8 1 1 0 0 0 0 0 0
68 2 0 0 0 0 0 0 0 0
74 6 1 1 0 0 0 2 0 0
78 28 0 0 20 0 0 0 0 0
fl=./string/../sysdeps/x86_64/multiarch/../multiarch/strcmp-sse2.S
fn=strcmp
98 1 1 1 0 0 0 0 0 0
131 1 0 0 0 0 0 0 0 0
132 1 0 0 0 0 0 0 0 0
134 1 0 0 0 0 0 0 0 0
135 1 0 0 0 0 0 0 0 0
156 1 0 0 0 0 0 0 0 0
157 1 0 0 0 0 0 0 0 0
158 1 0 0 0 0 0 0 0 0
159 1 0 0 0 0 0 0 0 0
160 1 0 0 1 1 1 0 0 0
161 1 1 1 1 0 0 0 0 0
162 1 0 0 1 0 0 0 0 0
163 1 0 0 1 0 0 0 0 0
180 1 0 0 0 0 0 0 0 0
181 1 0 0 0 0 0 0 0 0
182 1 0 0 0 0 0 0 0 0
183 1 0 0 0 0 0 0 0 0
184 1 0 0 0 0 0 0 0 0
185 1 0 0 0 0 0 0 0 0
186 1 0 0 0 0 0 0 0 0
191 1 0 0 0 0 0 0 0 0
192 3 0 0 0 0 0 0 0 0
201 1 1 1 0 0 0 0 0 0
202 1 0 0 0 0 0 0 0 0
203 1 0 0 0 0 0 0 0 0
204 1 0 0 0 0 0 0 0 0
205 1 0 0 0 0 0 0 0 0
206 1 0 0 0 0 0 0 0 0
207 1 0 0 0 0 0 0 0 0
208 1 0 0 0 0 0 0 0 0
209 1 0 0 0 0 0 0 0 0
210 1 0 0 0 0 0 0 0 0
211 1 0 0 0 0 0 0 0 0
212 1 0 0 0 0 0 0 0 0
214 1 0 0 0 0 0 0 0 0
215 1 0 0 0 0 0 0 0 0
216 1 0 0 0 0 0 0 0 0
217 1 0 0 1 1 1 0 0 0
218 1 0 0 0 0 0 0 0 0
219 1 0 0 0 0 0 0 0 0
1851 1 1 1 0 0 0 0 0 0
1852 1 0 0 1 0 0 0 0 0
1853 1 0 0 1 0 0 0 0 0
1854 1 0 0 0 0 0 0 0 0
1855 1 0 0 0 0 0 0 0 0
1857 1 0 0 0 0 0 0 0 0
1858 1 0 0 0 0 0 0 0 0
1859 1 1 1 0 0 0 0 0 0
1860 1 0 0 0 0 0 0 0 0
1861 1 0 0 0 0 0 0 0 0
1862 1 0 0 0 0 0 0 0 0
1863 1 0 0 0 0 0 0 0 0
2095 1 1 1 0 0 0 0 0 0
2096 1 0 0 0 0 0 0 0 0
2097 1 0 0 0 0 0 0 0 0
2098 1 0 0 0 0 0 0 0 0
2099 2 0 0 0 0 0 0 0 0
2104 1 1 1 0 0 0 0 0 0
2110 1 0 0 1 0 0 0 0 0
2111 1 0 0 1 0 0 0 0 0
2119 1 0 0 0 0 0 0 0 0
2120 1 0 0 1 0 0 0 0 0
fl=./string/../sysdeps/x86_64/multiarch/memmove-vec-unaligned-erms.S
fn=__memcpy_avx_unaligned_erms
255 15 1 1 0 0 0 0 0 0
256 15 0 0 0 0 0 0 0 0
262 15 0 0 0 0 0 0 0 0
263 15 0 0 0 0 0 0 0 0
265 14 0 0 14 5 1 0 0 0
266 14 0 0 0 0 0 0 0 0
267 14 0 0 0 0 0 0 0 0
270 2 0 0 2 0 0 0 0 0
271 2 0 0 0 0 0 2 0 0
272 2 0 0 0 0 0 2 0 0
275 4 0 0 2 0 0 0 0 0
305 1 0 0 0 0 0 0 0 0
306 1 0 0 0 0 0 0 0 0
308 1 0 0 0 0 0 0 0 0
309 1 0 0 0 0 0 0 0 0
311 1 0 0 0 0 0 0 0 0
315 1 0 0 0 0 0 0 0 0
316 1 1 1 0 0 0 0 0 0
317 1 0 0 0 0 0 0 0 0
325 1 0 0 1 0 0 0 0 0
375 1 1 1 1 0 0 0 0 0
376 1 0 0 1 0 0 0 0 0
377 1 0 0 0 0 0 1 1 1
378 1 0 0 0 0 0 1 0 0
379 1 0 0 0 0 0 1 0 0
380 1 0 0 0 0 0 1 0 0
381 2 0 0 1 0 0 0 0 0
386 12 2 1 12 9 2 0 0 0
387 12 0 0 0 0 0 0 0 0
392 7 0 0 0 0 0 0 0 0
393 7 0 0 0 0 0 0 0 0
395 2 0 0 2 0 0 0 0 0
396 2 0 0 0 0 0 0 0 0
397 2 0 0 0 0 0 0 0 0
399 1 0 0 1 0 0 0 0 0
400 1 0 0 1 0 0 0 0 0
401 1 0 0 1 0 0 0 0 0
402 1 0 0 1 0 0 0 0 0
403 1 0 0 1 0 0 0 0 0
404 1 1 1 1 0 0 0 0 0
405 1 0 0 0 0 0 1 1 1
406 1 0 0 0 0 0 1 0 0
407 1 0 0 0 0 0 1 1 1
408 1 0 0 0 0 0 1 0 0
409 1 0 0 0 0 0 1 1 1
410 1 0 0 0 0 0 1 0 0
411 1 0 0 0 0 0 1 1 1
412 1 0 0 0 0 0 1 0 0
413 2 0 0 1 0 0 0 0 0
417 5 0 0 0 0 0 0 0 0
418 5 0 0 0 0 0 0 0 0
422 5 0 0 0 0 0 0 0 0
424 5 1 1 0 0 0 0 0 0
428 5 0 0 5 4 1 0 0 0
429 5 0 0 0 0 0 0 0 0
440 5 0 0 0 0 0 0 0 0
443 5 0 0 0 0 0 0 0 0
445 5 0 0 0 0 0 0 0 0
447 5 0 0 0 0 0 0 0 0
451 5 0 0 0 0 0 0 0 0
452 5 0 0 0 0 0 0 0 0
461 3 0 0 3 0 0 0 0 0
462 3 0 0 3 0 0 0 0 0
464 3 0 0 0 0 0 0 0 0
466 3 0 0 0 0 0 0 0 0
467 3 1 1 3 0 0 0 0 0
468 3 0 0 3 0 0 0 0 0
471 3 0 0 0 0 0 0 0 0
473 3 0 0 0 0 0 0 0 0
475 3 0 0 0 0 0 0 0 0
477 6 0 0 0 0 0 0 0 0
483 25 0 0 25 2 0 0 0 0
484 25 0 0 25 0 0 0 0 0
485 25 0 0 25 2 0 0 0 0
486 25 0 0 25 0 0 0 0 0
487 25 0 0 0 0 0 0 0 0
488 25 0 0 0 0 0 25 22 22
489 25 0 0 0 0 0 25 3 3
490 25 1 1 0 0 0 25 22 22
491 25 0 0 0 0 0 25 3 3
492 25 0 0 0 0 0 0 0 0
493 25 0 0 0 0 0 0 0 0
494 25 0 0 0 0 0 0 0 0
496 3 0 0 0 0 0 3 1 1
497 3 0 0 0 0 0 3 2 2
498 3 0 0 0 0 0 3 0 0
499 3 0 0 0 0 0 3 0 0
501 3 0 0 0 0 0 3 0 0
505 6 0 0 3 0 0 0 0 0
518 2 0 0 2 0 0 0 0 0
519 2 0 0 2 0 0 0 0 0
521 2 1 1 0 0 0 0 0 0
522 2 0 0 2 0 0 0 0 0
523 2 0 0 2 0 0 0 0 0
525 2 0 0 0 0 0 0 0 0
527 2 0 0 0 0 0 0 0 0
529 4 0 0 0 0 0 0 0 0
535 94 0 0 94 3 0 0 0 0
536 94 0 0 94 29 0 0 0 0
537 94 0 0 94 1 0 0 0 0
538 94 0 0 94 29 0 0 0 0
539 94 0 0 0 0 0 0 0 0
540 94 0 0 0 0 0 94 64 64
541 94 1 1 0 0 0 94 31 31
542 94 0 0 0 0 0 94 63 63
543 94 0 0 0 0 0 94 31 31
544 94 0 0 0 0 0 0 0 0
545 94 0 0 0 0 0 0 0 0
546 94 0 0 0 0 0 0 0 0
548 2 0 0 0 0 0 2 1 1
549 2 0 0 0 0 0 2 1 1
550 2 0 0 0 0 0 2 0 0
551 2 0 0 0 0 0 2 0 0
553 2 0 0 0 0 0 2 0 0
554 4 0 0 2 0 0 0 0 0
563 5 1 1 5 4 1 0 0 0
570 5 0 0 0 0 0 0 0 0
571 5 0 0 0 0 0 0 0 0
577 4 0 0 0 0 0 0 0 0
580 4 0 0 0 0 0 0 0 0
582 4 0 0 0 0 0 0 0 0
585 4 0 0 0 0 0 0 0 0
586 4 0 0 0 0 0 0 0 0
588 4 0 0 0 0 0 0 0 0
590 442196 0 0 442192 6766 3091 442192 6911 6908
592 4 0 0 0 0 0 4 3 0
594 4 0 0 0 0 0 4 3 0
596 8 0 0 4 3 0 0 0 0
601 5 1 1 0 0 0 0 0 0
602 5 0 0 0 0 0 0 0 0
606 5 0 0 0 0 0 0 0 0
608 5 0 0 0 0 0 0 0 0
611 5 0 0 0 0 0 0 0 0
615 5 0 0 5 5 1 0 0 0
616 5 0 0 0 0 0 0 0 0
620 5 0 0 5 0 0 0 0 0
624 5 0 0 0 0 0 0 0 0
648 1 0 0 0 0 0 0 0 0
650 1 0 0 0 0 0 0 0 0
652 1 0 0 0 0 0 0 0 0
654 1 1 1 0 0 0 0 0 0
657 1 0 0 0 0 0 0 0 0
658 1 0 0 0 0 0 0 0 0
660 65489 0 0 65488 1002 0 65488 1024 1023
663 1 0 0 0 0 0 1 1 0
665 1 0 0 0 0 0 1 1 0
667 2 0 0 1 1 0 0 0 0
fl=/home/wang/sources/cxx/book/include/lob/events.hpp
fn=lob::v15::BookT<lob::ChecksumSink, 16u>::modify(unsigned long, long, unsigned int)
92 41028 0 0 41028 0 0 0 0 0
93 369252 0 0 41028 0 0 41028 0 0
fn=void lob::replay<lob::v15::BookT<lob::ChecksumSink, 16u> >(lob::v15::BookT<lob::ChecksumSink, 16u>&, std::__1::span<lob::Op const, 18446744073709551615ul>)
0 4884384 0 0 0 0 0 2442192 0 0
92 2442192 0 0 2442192 9 2 0 0 0
93 24421920 1 1 3663288 0 0 0 0 0
fl=/home/wang/sources/cxx/book/include/lob/replay.hpp
fn=void lob::replay<lob::v15::BookT<lob::ChecksumSink, 16u> >(lob::v15::BookT<lob::ChecksumSink, 16u>&, std::__1::span<lob::Op const, 18446744073709551615ul>)
0 8 1 1 0 0 0 1 1 1
52 7 1 1 0 0 0 6 1 1
53 2483221 0 0 0 0 0 0 0 0
57 9 2 2 7 1 1 0 0 0
fl=/home/wang/sources/cxx/book/include/lob/v11/exact_div.hpp
fn=lob::v15::BookT<lob::ChecksumSink, 16u>::modify(unsigned long, long, unsigned int)
37 123084 0 0 82056 0 0 0 0 0
fn=void lob::replay<lob::v15::BookT<lob::ChecksumSink, 16u> >(lob::v15::BookT<lob::ChecksumSink, 16u>&, std::__1::span<lob::Op const, 18446744073709551615ul>)
37 7326576 1 1 4884384 0 0 0 0 0
fl=/home/wang/sources/cxx/book/include/lob/v15/book.hpp
fn=auto lob::v15::BookT<lob::ChecksumSink, 16u>::unlink_off_grid(lob::v15::BookT<lob::ChecksumSink, 16u>::Loc const&)::{lambda(auto:1&)#1}::operator()<std::__1::map<long, lob::v15::BookT<lob::ChecksumSink, 16u>::Level, std::__1::greater<void>, std::__1::allocator<std::__1::pair<long const, lob::v15::BookT<lob::ChecksumSink, 16u>::Level> > > >(std::__1::map<long, lob::v15::BookT<lob::ChecksumSink, 16u>::Level, std::__1::greater<void>, std::__1::allocator<std::__1::pair<long const, lob::v15::BookT<lob::ChecksumSink, 16u>::Level> > >&) const
0 5 0 0 5 0 0 0 0 0
374 6 0 0 0 0 0 3 0 0
375 8 0 0 2 1 0 3 0 0
398 10 0 0 5 0 0 5 0 0
399 5 0 0 0 0 0 5 0 0
421 10 0 0 5 0 0 0 0 0
422 10 0 0 5 0 0 0 0 0
425 25 0 0 0 0 0 0 0 0
426 25 0 0 0 0 0 0 0 0
427 5 0 0 0 0 0 5 1 0
428 5 0 0 0 0 0 5 0 0
429 5 1 1 5 0 0 0 0 0
575 15 1 1 0 0 0 15 0 0
576 5 0 0 5 0 0 0 0 0
577 5 1 1 0 0 0 0 0 0
578 15 0 0 15 0 0 0 0 0
580 5 0 0 5 0 0 0 0 0
581 10 0 0 5 0 0 0 0 0
585 20 0 0 20 0 0 0 0 0
fn=auto lob::v15::BookT<lob::ChecksumSink, 16u>::unlink_off_grid(lob::v15::BookT<lob::ChecksumSink, 16u>::Loc const&)::{lambda(auto:1&)#1}::operator()<std::__1::map<long, lob::v15::BookT<lob::ChecksumSink, 16u>::Level, std::__1::less<void>, std::__1::allocator<std::__1::pair<long const, lob::v15::BookT<lob::ChecksumSink, 16u>::Level> > > >(std::__1::map<long, lob::v15::BookT<lob::ChecksumSink, 16u>::Level, std::__1::less<void>, std::__1::allocator<std::__1::pair<long const, lob::v15::BookT<lob::ChecksumSink, 16u>::Level> > >&) const
0 11 0 0 11 0 0 0 0 0
374 25 0 0 7 0 0 9 0 0
375 26 0 0 8 1 1 9 0 0
398 22 0 0 11 0 0 11 0 0
399 11 0 0 0 0 0 11 0 0
421 22 0 0 11 0 0 0 0 0
422 22 0 0 11 0 0 0 0 0
425 55 0 0 0 0 0 0 0 0
426 55 0 0 0 0 0 0 0 0
427 11 0 0 0 0 0 11 0 0
428 11 0 0 0 0 0 11 2 0
429 11 1 1 11 0 0 0 0 0
575 33 1 1 0 0 0 33 0 0
576 11 0 0 11 0 0 0 0 0
577 11 1 1 0 0 0 0 0 0
578 33 0 0 33 3 1 0 0 0
580 11 0 0 11 0 0 0 0 0
581 22 0 0 11 0 0 0 0 0
585 44 1 1 44 0 0 0 0 0
fn=lob::v15::BookT<lob::ChecksumSink, 16u>::anchor_if_on_tick(long)
365 3 0 0 0 0 0 1 0 0
366 1 0 0 0 0 0 1 0 0
593 10 2 2 1 0 0 0 0 0
594 1 0 0 1 0 0 0 0 0
fn=lob::v15::BookT<lob::ChecksumSink, 16u>::modify(unsigned long, long, unsigned int)
0 246168 0 0 82056 0 0 0 0 0
178 451308 2 2 0 0 0 246168 0 0
181 82056 0 0 0 0 0 0 0 0
182 82056 0 0 0 0 0 0 0 0
184 123084 0 0 41028 0 0 82056 145 0
186 164112 0 0 0 0 0 0 0 0
187 82056 1 1 41028 20 0 0 0 0
188 41028 0 0 0 0 0 41028 0 0
189 41028 0 0 41028 0 0 0 0 0
190 41028 0 0 0 0 0 0 0 0
197 369252 1 1 287196 0 0 0 0 0
346 246168 1 1 82056 671 5 41028 219 0
354 82056 0 0 41028 0 0 0 0 0
359 82056 0 0 41028 0 0 0 0 0
360 123084 1 1 0 0 0 0 0 0
379 82056 0 0 0 0 0 0 0 0
437 41028 0 0 0 0 0 0 0 0
fn=lob::v15::BookT<lob::ChecksumSink, 16u>::off_grid_level(lob::Side, long)
0 16 0 0 0 0 0 0 0 0
331 12 0 0 0 0 0 12 0 0
333 24 0 0 0 0 0 12 1 0
374 48 1 1 16 2 0 16 0 0
375 46 0 0 14 0 0 16 0 0
567 144 0 0 0 0 0 112 0 0
568 72 1 1 12 0 0 0 0 0
570 144 0 0 112 0 0 0 0 0
fn=lob::v15::BookT<lob::ChecksumSink, 16u>::unlink_off_grid(lob::v15::BookT<lob::ChecksumSink, 16u>::Loc const&)
574 32 1 1 0 0 0 0 0 0
575 32 0 0 0 0 0 32 0 0
586 32 0 0 16 0 0 0 0 0
587 20 0 0 0 0 0 5 0 0
589 44 0 0 0 0 0 11 0 0
590 32 0 0 16 0 0 0 0 0
fn=void lob::replay<lob::v15::BookT<lob::ChecksumSink, 16u> >(lob::v15::BookT<lob::ChecksumSink, 16u>&, std::__1::span<lob::Op const, 18446744073709551615ul>)
0 9889228 0 0 8586026 310402 310402 1221096 0 0
150 12334044 1 1 2483220 463721 463714 0 0 0
152 6105480 2 2 3663288 151956 151956 0 0 0
156 246168 0 0 82056 5136 5136 41028 112 1
162 1221096 0 0 0 0 0 0 0 0
163 2442192 0 0 0 0 0 0 0 0
164 1221096 0 0 0 0 0 1221096 0 0
166 2442192 0 0 0 0 0 0 0 0
173 2442192 0 0 2442192 31366 328 0 0 0
175 1221096 0 0 1221096 0 0 0 0 0
316 7326480 0 0 0 0 0 0 0 0
346 6105480 0 0 2442192 38109 214 0 0 0
354 2442194 0 0 1221097 0 0 0 0 0
359 3663288 0 0 2442192 0 0 0 0 0
360 4884384 0 0 0 0 0 0 0 0
362 2442190 0 0 2442190 0 0 0 0 0
385 3663288 1 1 1221096 0 0 0 0 0
386 1221096 0 0 0 0 0 0 0 0
387 4848996 0 0 1212249 9423 257 2424498 0 0
388 1212249 0 0 0 0 0 0 0 0
389 26541 0 0 0 0 0 0 0 0
393 7335423 0 0 1221096 0 0 6105480 4554 117
398 2442160 0 0 1221080 0 0 1221080 0 0
399 1221080 0 0 0 0 0 1221080 0 0
409 3663288 0 0 1221096 12090 2885 0 0 0
411 6105480 1 1 1221096 0 0 0 0 0
412 1221096 0 0 0 0 0 1221096 16483 338
413 1221096 0 0 0 0 0 1221096 0 0
414 1221096 0 0 0 0 0 1221096 0 0
415 1221096 0 0 0 0 0 1221096 0 0
416 1221096 0 0 1221096 3605 610 0 0 0
421 2442160 0 0 1221080 0 0 0 0 0
422 2442160 0 0 1221080 0 0 0 0 0
425 6105400 1 1 0 0 0 0 0 0
426 6105400 0 0 0 0 0 0 0 0
427 1221080 0 0 0 0 0 1221080 37120 277
428 2442160 0 0 1221080 0 0 1221080 19244 160
429 1221080 0 0 1221080 881 139 0 0 0
438 3663288 1 1 0 0 0 0 0 0
439 3663285 0 0 0 0 0 0 0 0
440 7326528 0 0 0 0 0 0 0 0
441 1221096 0 0 1221096 13 2 0 0 0
442 1221096 0 0 0 0 0 0 0 0
443 4884380 0 0 0 0 0 0 0 0
444 3663288 1 1 0 0 0 1221096 0 0
449 1221096 0 0 0 0 0 0 0 0
518 2442198 1 1 1221096 4 1 1 0 0
522 3663240 1 1 1221080 0 0 0 0 0
523 1221080 0 0 0 0 0 0 0 0
525 96 0 0 0 0 0 16 1 0
528 1221096 0 0 1221096 0 0 0 0 0
529 1221096 0 0 0 0 0 1221096 4 0
530 1221096 0 0 1221096 9 2 0 0 0
534 2442192 0 0 0 0 0 2442192 0 0
536 3663240 0 0 1221080 0 0 0 0 0
537 2442160 0 0 2442160 8690 1539 0 0 0
539 1221080 0 0 1221080 0 0 0 0 0
542 8547560 0 0 1221080 147 17 0 0 0
544 64 0 0 0 0 0 16 2 0
fl=/home/wang/sources/cxx/book/include/lob/v15/order_index.hpp
fn=lob::v15::BookT<lob::ChecksumSink, 16u>::modify(unsigned long, long, unsigned int)
0 123156 0 0 41052 0 0 0 0 0
59 82056 0 0 0 0 0 0 0 0
63 48 0 0 0 0 0 0 0 0
64 82104 0 0 0 0 0 0 0 0
65 48 0 0 24 0 0 0 0 0
67 123084 1 1 0 0 0 0 0 0
118 164112 0 0 41028 0 0 0 0 0
121 82056 0 0 0 0 0 0 0 0
126 205236 2 2 0 0 0 0 0 0
128 123132 0 0 41052 994 0 0 0 0
fn=lob::v15::OrderIndex::grow()
0 42264 1 1 3840 3 0 0 0 0
118 53760 3 3 13440 0 0 0 0 0
126 53760 6 6 0 0 0 0 0 0
128 26880 1 1 13440 6042 0 0 0 0
141 13440 0 0 0 0 0 0 0 0
143 13440 1 1 0 0 0 13440 0 0
150 4 1 1 0 0 0 4 0 0
151 20 0 0 0 0 0 4 0 0
152 8 0 0 0 0 0 4 0 0
153 8 0 0 0 0 0 4 0 0
154 16 0 0 0 0 0 4 0 0
155 4 0 0 0 0 0 4 0 0
156 3884 1 1 0 0 0 0 0 0
157 7680 0 0 0 0 0 7680 7680 5632
158 7680 2 2 0 0 0 7680 0 0
161 24 1 1 0 0 0 20 0 0
163 4 0 0 4 0 0 0 0 0
164 4 0 0 0 0 0 0 0 0
165 11528 1 1 0 0 0 0 0 0
167 80640 1 1 26880 3779 0 0 0 0
169 26880 0 0 13440 0 0 13440 0 0
184 36 1 1 16 4 0 0 0 0
fn=void lob::replay<lob::v15::BookT<lob::ChecksumSink, 16u> >(lob::v15::BookT<lob::ChecksumSink, 16u>&, std::__1::span<lob::Op const, 18446744073709551615ul>)
0 12216609 1 1 3665126 8 0 1221096 0 0
59 4884384 1 1 0 0 0 1221096 0 0
63 1832 0 0 0 0 0 0 0 0
64 2444024 0 0 0 0 0 0 0 0
65 1832 0 0 916 0 0 0 0 0
67 3663288 0 0 0 0 0 0 0 0
74 4884384 0 0 0 0 0 1221096 0 0
76 3663288 0 0 2442192 6 3 0 0 0
77 16 1 1 0 0 0 8 2 0
80 722 0 0 0 0 0 0 0 0
81 2442914 1 1 0 0 0 0 0 0
85 2442914 0 0 1221457 0 0 0 0 0
88 1221096 0 0 1221096 0 0 0 0 0
89 1221096 0 0 0 0 0 1221096 4 0
95 4884384 1 1 0 0 0 0 0 0
99 2442192 0 0 1221096 0 0 1221096 0 0
100 2448604 0 0 916 0 0 0 0 0
101 2442192 1 1 2442192 0 0 0 0 0
118 9768768 1 1 2442192 0 0 0 0 0
121 10989864 1 1 0 0 0 0 0 0
126 15883648 2 2 1221096 1070062 256 0 0 0
128 10994564 2 2 1223446 86600 0 0 0 0
140 2146 0 0 0 0 0 0 0 0
141 2444338 0 0 0 0 0 0 0 0
143 1221096 0 0 0 0 0 1221096 0 0
146 1073 0 0 1073 0 0 0 0 0
fl=/home/wang/sources/cxx/book/include/lob/v3/hier_bitmap.hpp
fn=void lob::replay<lob::v15::BookT<lob::ChecksumSink, 16u> >(lob::v15::BookT<lob::ChecksumSink, 16u>&, std::__1::span<lob::Op const, 18446744073709551615ul>)
0 3663275 1 1 1221080 0 0 0 0 0
48 3663288 0 0 2442192 38 4 0 0 0
57 2443498 1 1 0 0 0 0 0 0
58 3671268 2 2 1225094 571 117 0 0 0
59 3667359 0 0 2444871 1 1 2444836 14 2
78 3663240 0 0 1221080 0 0 0 0 0
79 3663240 1 1 1221080 1181 46 0 0 0
80 1221080 0 0 0 0 0 0 0 0
83 1338 0 0 0 0 0 0 0 0
84 4154 0 0 1373 6 0 0 0 0
95 7326570 0 0 1221095 0 0 0 0 0
fl=/home/wang/sources/cxx/book/source/main.cxx
fn=auto lob::for_each_type<std::__1::tuple<lob::v0::Book<lob::ChecksumSink>, lob::v1::Book<lob::ChecksumSink>, lob::v2::Book<lob::ChecksumSink>, lob::v3::BookT<lob::ChecksumSink, 16u>, lob::v4::BookT<lob::ChecksumSink, 16u>, lob::v5::BookT<lob::ChecksumSink, 16u>, lob::v7::BookT<lob::ChecksumSink, 16u>, lob::v8::BookT<lob::ChecksumSink, 16u>, lob::v9::BookT<lob::ChecksumSink, 16u>, lob::v10::BookT<lob::ChecksumSink, 16u>, lob::v11::BookT<lob::ChecksumSink, 16u>, lob::v12::BookT<lob::ChecksumSink, 16u>, lob::v13::BookT<lob::ChecksumSink, 16u>, lob::v14::BookT<lob::ChecksumSink, 16u>, lob::v15::BookT<lob::ChecksumSink, 16u>, lob::v16::BookT<lob::ChecksumSink, 16u> >, (anonymous namespace)::with_version<(anonymous namespace)::cmd_replay((anonymous namespace)::Args const&)::$_0>(std::__1::basic_string_view<char, std::__1::char_traits<char> >, (anonymous namespace)::cmd_replay((anonymous namespace)::Args const&)::$_0&&)::{lambda<typename $T0>()#1}>((anonymous namespace)::with_version<(anonymous namespace)::cmd_replay((anonymous namespace)::Args const&)::$_0>(std::__1::basic_string_view<char, std::__1::char_traits<char> >, (anonymous namespace)::cmd_replay((anonymous namespace)::Args const&)::$_0&&)::{lambda<typename $T0>()#1}&&)::{lambda<unsigned long... $N0>(std::__1::integer_sequence<unsigned long, ($N0)...>)#1}::operator()<0ul, 1ul, 2ul, 3ul, 4ul, 5ul, 6ul, 7ul, 8ul, 9ul, 10ul, 11ul, 12ul, 13ul, 14ul, 15ul>(std::__1::integer_sequence<unsigned long, 0ul, 1ul, 2ul, 3ul, 4ul, 5ul, 6ul, 7ul, 8ul, 9ul, 10ul, 11ul, 12ul, 13ul, 14ul, 15ul>) const
293 2 1 1 0 0 0 1 1 1
294 2 0 0 1 1 1 1 0 0
295 9 2 2 0 0 0 6 1 1
fl=/usr/include/c++/v1/__bit/countr.h
fn=lob::v15::BookT<lob::ChecksumSink, 16u>::modify(unsigned long, long, unsigned int)
28 82056 0 0 0 0 0 0 0 0
fn=lob::v15::OrderIndex::grow()
28 26892 0 0 0 0 0 0 0 0
fn=void lob::replay<lob::v15::BookT<lob::ChecksumSink, 16u> >(lob::v15::BookT<lob::ChecksumSink, 16u>&, std::__1::span<lob::Op const, 18446744073709551615ul>)
28 9768764 0 0 2442190 43 3 0 0 0
fl=/usr/include/c++/v1/__functional/operations.h
fn=auto lob::v15::BookT<lob::ChecksumSink, 16u>::unlink_off_grid(lob::v15::BookT<lob::ChecksumSink, 16u>::Loc const&)::{lambda(auto:1&)#1}::operator()<std::__1::map<long, lob::v15::BookT<lob::ChecksumSink, 16u>::Level, std::__1::greater<void>, std::__1::allocator<std::__1::pair<long const, lob::v15::BookT<lob::ChecksumSink, 16u>::Level> > > >(std::__1::map<long, lob::v15::BookT<lob::ChecksumSink, 16u>::Level, std::__1::greater<void>, std::__1::allocator<std::__1::pair<long const, lob::v15::BookT<lob::ChecksumSink, 16u>::Level> > >&) const
462 23 1 1 11 2 0 0 0 0
fn=auto lob::v15::BookT<lob::ChecksumSink, 16u>::unlink_off_grid(lob::v15::BookT<lob::ChecksumSink, 16u>::Loc const&)::{lambda(auto:1&)#1}::operator()<std::__1::map<long, lob::v15::BookT<lob::ChecksumSink, 16u>::Level, std::__1::less<void>, std::__1::allocator<std::__1::pair<long const, lob::v15::BookT<lob::ChecksumSink, 16u>::Level> > > >(std::__1::map<long, lob::v15::BookT<lob::ChecksumSink, 16u>::Level, std::__1::less<void>, std::__1::allocator<std::__1::pair<long const, lob::v15::BookT<lob::ChecksumSink, 16u>::Level> > >&) const
375 83 1 1 35 5 4 0 0 0
fn=lob::v15::BookT<lob::ChecksumSink, 16u>::off_grid_level(lob::Side, long)
375 42 0 0 21 1 0 0 0 0
462 12 0 0 6 1 0 0 0 0
fl=/usr/include/c++/v1/__iterator/wrap_iter.h
fn=void lob::replay<lob::v15::BookT<lob::ChecksumSink, 16u> >(lob::v15::BookT<lob::ChecksumSink, 16u>&, std::__1::span<lob::Op const, 18446744073709551615ul>)
65 2483220 0 0 0 0 0 0 0 0
125 2483221 0 0 0 0 0 0 0 0
fl=/usr/include/c++/v1/__memory/allocator.h
fn=void lob::replay<lob::v15::BookT<lob::ChecksumSink, 16u> >(lob::v15::BookT<lob::ChecksumSink, 16u>&, std::__1::span<lob::Op const, 18446744073709551615ul>)
100 30 0 0 0 0 0 0 0 0
fl=/usr/include/c++/v1/__memory/construct_at.h
fn=void lob::replay<lob::v15::BookT<lob::ChecksumSink, 16u> >(lob::v15::BookT<lob::ChecksumSink, 16u>&, std::__1::span<lob::Op const, 18446744073709551615ul>)
38 17694 0 0 0 0 0 8847 4445 4423
fl=/usr/include/c++/v1/__memory/uninitialized_algorithms.h
fn=void lob::replay<lob::v15::BookT<lob::ChecksumSink, 16u> >(lob::v15::BookT<lob::ChecksumSink, 16u>&, std::__1::span<lob::Op const, 18446744073709551615ul>)
0 30 0 0 30 4 1 0 0 0
638 60 0 0 0 0 0 15 0 0
fl=/usr/include/c++/v1/__memory/unique_ptr.h
fn=auto lob::for_each_type<std::__1::tuple<lob::v0::Book<lob::ChecksumSink>, lob::v1::Book<lob::ChecksumSink>, lob::v2::Book<lob::ChecksumSink>, lob::v3::BookT<lob::ChecksumSink, 16u>, lob::v4::BookT<lob::ChecksumSink, 16u>, lob::v5::BookT<lob::ChecksumSink, 16u>, lob::v7::BookT<lob::ChecksumSink, 16u>, lob::v8::BookT<lob::ChecksumSink, 16u>, lob::v9::BookT<lob::ChecksumSink, 16u>, lob::v10::BookT<lob::ChecksumSink, 16u>, lob::v11::BookT<lob::ChecksumSink, 16u>, lob::v12::BookT<lob::ChecksumSink, 16u>, lob::v13::BookT<lob::ChecksumSink, 16u>, lob::v14::BookT<lob::ChecksumSink, 16u>, lob::v15::BookT<lob::ChecksumSink, 16u>, lob::v16::BookT<lob::ChecksumSink, 16u> >, (anonymous namespace)::with_version<(anonymous namespace)::cmd_replay((anonymous namespace)::Args const&)::$_0>(std::__1::basic_string_view<char, std::__1::char_traits<char> >, (anonymous namespace)::cmd_replay((anonymous namespace)::Args const&)::$_0&&)::{lambda<typename $T0>()#1}>((anonymous namespace)::with_version<(anonymous namespace)::cmd_replay((anonymous namespace)::Args const&)::$_0>(std::__1::basic_string_view<char, std::__1::char_traits<char> >, (anonymous namespace)::cmd_replay((anonymous namespace)::Args const&)::$_0&&)::{lambda<typename $T0>()#1}&&)::{lambda<unsigned long... $N0>(std::__1::integer_sequence<unsigned long, ($N0)...>)#1}::operator()<0ul, 1ul, 2ul, 3ul, 4ul, 5ul, 6ul, 7ul, 8ul, 9ul, 10ul, 11ul, 12ul, 13ul, 14ul, 15ul>(std::__1::integer_sequence<unsigned long, 0ul, 1ul, 2ul, 3ul, 4ul, 5ul, 6ul, 7ul, 8ul, 9ul, 10ul, 11ul, 12ul, 13ul, 14ul, 15ul>) const
268 1 0 0 1 1 1 0 0 0
fn=lob::v15::OrderIndex::grow()
281 4 0 0 4 0 0 0 0 0
282 4 0 0 0 0 0 4 0 0
287 4 1 1 4 0 0 0 0 0
288 4 0 0 0 0 0 4 0 0
289 8 0 0 0 0 0 0 0 0
fl=/usr/include/c++/v1/__new/allocate.h
fn=auto lob::v15::BookT<lob::ChecksumSink, 16u>::unlink_off_grid(lob::v15::BookT<lob::ChecksumSink, 16u>::Loc const&)::{lambda(auto:1&)#1}::operator()<std::__1::map<long, lob::v15::BookT<lob::ChecksumSink, 16u>::Level, std::__1::greater<void>, std::__1::allocator<std::__1::pair<long const, lob::v15::BookT<lob::ChecksumSink, 16u>::Level> > > >(std::__1::map<long, lob::v15::BookT<lob::ChecksumSink, 16u>::Level, std::__1::greater<void>, std::__1::allocator<std::__1::pair<long const, lob::v15::BookT<lob::ChecksumSink, 16u>::Level> > >&) const
63 9 1 1 0 0 0 3 0 0
fn=auto lob::v15::BookT<lob::ChecksumSink, 16u>::unlink_off_grid(lob::v15::BookT<lob::ChecksumSink, 16u>::Loc const&)::{lambda(auto:1&)#1}::operator()<std::__1::map<long, lob::v15::BookT<lob::ChecksumSink, 16u>::Level, std::__1::less<void>, std::__1::allocator<std::__1::pair<long const, lob::v15::BookT<lob::ChecksumSink, 16u>::Level> > > >(std::__1::map<long, lob::v15::BookT<lob::ChecksumSink, 16u>::Level, std::__1::less<void>, std::__1::allocator<std::__1::pair<long const, lob::v15::BookT<lob::ChecksumSink, 16u>::Level> > >&) const
63 27 1 1 0 0 0 9 0 0
fn=lob::v15::BookT<lob::ChecksumSink, 16u>::off_grid_level(lob::Side, long)
43 36 2 2 0 0 0 12 1 0
fn=void lob::replay<lob::v15::BookT<lob::ChecksumSink, 16u> >(lob::v15::BookT<lob::ChecksumSink, 16u>&, std::__1::span<lob::Op const, 18446744073709551615ul>)
0 89 0 0 75 4 1 0 0 0
37 15 0 0 0 0 0 0 0 0
43 45 0 0 0 0 0 15 3 1
63 56 0 0 14 0 0 14 0 0
fl=/usr/include/c++/v1/__split_buffer
fn=void lob::replay<lob::v15::BookT<lob::ChecksumSink, 16u> >(lob::v15::BookT<lob::ChecksumSink, 16u>&, std::__1::span<lob::Op const, 18446744073709551615ul>)
334 15 0 0 0 0 0 0 0 0
335 15 0 0 0 0 0 0 0 0
341 30 0 0 0 0 0 0 0 0
fl=/usr/include/c++/v1/__tree
fn=auto lob::v15::BookT<lob::ChecksumSink, 16u>::unlink_off_grid(lob::v15::BookT<lob::ChecksumSink, 16u>::Loc const&)::{lambda(auto:1&)#1}::operator()<std::__1::map<long, lob::v15::BookT<lob::ChecksumSink, 16u>::Level, std::__1::greater<void>, std::__1::allocator<std::__1::pair<long const, lob::v15::BookT<lob::ChecksumSink, 16u>::Level> > > >(std::__1::map<long, lob::v15::BookT<lob::ChecksumSink, 16u>::Level, std::__1::greater<void>, std::__1::allocator<std::__1::pair<long const, lob::v15::BookT<lob::ChecksumSink, 16u>::Level> > >&) const
0 35 1 1 11 1 1 0 0 0
105 4 0 0 4 0 0 0 0 0
163 4 0 0 1 1 1 0 0 0
191 9 0 0 3 0 0 0 0 0
193 2 0 0 0 0 0 0 0 0
680 5 0 0 0 0 0 0 0 0
862 5 0 0 0 0 0 0 0 0
884 5 0 0 5 1 0 0 0 0
915 4 0 0 2 0 0 0 0 0
1824 6 0 0 3 0 0 0 0 0
1825 3 0 0 0 0 0 3 0 0
1826 3 0 0 3 0 0 0 0 0
1827 6 0 0 0 0 0 3 1 0
1994 10 0 0 0 0 0 0 0 0
2049 22 0 0 0 0 0 0 0 0
2050 6 0 0 0 0 0 0 0 0
fn=auto lob::v15::BookT<lob::ChecksumSink, 16u>::unlink_off_grid(lob::v15::BookT<lob::ChecksumSink, 16u>::Loc const&)::{lambda(auto:1&)#1}::operator()<std::__1::map<long, lob::v15::BookT<lob::ChecksumSink, 16u>::Level, std::__1::less<void>, std::__1::allocator<std::__1::pair<long const, lob::v15::BookT<lob::ChecksumSink, 16u>::Level> > > >(std::__1::map<long, lob::v15::BookT<lob::ChecksumSink, 16u>::Level, std::__1::less<void>, std::__1::allocator<std::__1::pair<long const, lob::v15::BookT<lob::ChecksumSink, 16u>::Level> > >&) const
0 95 1 1 35 2 2 0 0 0
105 12 0 0 12 0 0 0 0 0
163 12 0 0 3 0 0 0 0 0
191 27 0 0 9 0 0 0 0 0
193 6 0 0 0 0 0 0 0 0
680 11 0 0 0 0 0 0 0 0
862 11 0 0 0 0 0 0 0 0
884 11 0 0 11 0 0 0 0 0
915 23 0 0 15 0 0 0 0 0
1824 18 0 0 9 0 0 0 0 0
1825 9 0 0 0 0 0 9 0 0
1826 9 0 0 9 0 0 0 0 0
1827 18 0 0 0 0 0 9 1 0
1994 22 0 0 0 0 0 0 0 0
2049 70 0 0 0 0 0 0 0 0
2050 24 0 0 0 0 0 0 0 0
fn=lob::v15::BookT<lob::ChecksumSink, 16u>::off_grid_level(lob::Side, long)
0 167 0 0 0 0 0 0 0 0
862 16 0 0 0 0 0 0 0 0
884 16 1 1 16 0 0 0 0 0
915 44 0 0 30 0 0 0 0 0
1593 27 0 0 0 0 0 0 0 0
1594 36 0 0 18 2 0 0 0 0
1601 9 0 0 0 0 0 0 0 0
1602 15 0 0 5 0 0 0 0 0
1673 12 0 0 0 0 0 12 0 0
1674 12 0 0 0 0 0 12 0 0
1676 12 0 0 0 0 0 12 0 0
1677 48 0 0 24 0 0 0 0 0
1678 8 0 0 0 0 0 8 0 0
1679 36 1 1 12 0 0 12 0 0
fn=void std::__1::__tree_balance_after_insert[abi:ne210105]<std::__1::__tree_node_base<void*>*>(std::__1::__tree_node_base<void*>*, std::__1::__tree_node_base<void*>*)
0 3 1 1 0 0 0 0 0 0
105 16 1 1 12 0 0 0 0 0
235 1 0 0 1 0 0 0 0 0
236 2 0 0 1 0 0 1 0 0
237 2 0 0 0 0 0 0 0 0
239 1 0 0 0 0 0 1 0 0
241 1 0 0 0 0 0 1 0 0
244 1 0 0 0 0 0 1 0 0
254 1 0 0 1 0 0 0 0 0
255 4 0 0 2 0 0 2 0 0
256 4 0 0 0 0 0 0 0 0
258 4 0 0 2 0 0 2 0 0
259 2 0 0 0 0 0 0 0 0
260 2 0 0 0 0 0 2 0 0
263 2 1 1 0 0 0 2 0 0
278 24 1 1 0 0 0 12 0 0
279 36 1 1 10 0 0 0 0 0
281 4 0 0 0 0 0 0 0 0
282 4 0 0 4 0 0 0 0 0
283 12 0 0 2 0 0 0 0 0
285 2 0 0 0 0 0 2 0 0
287 4 0 0 0 0 0 2 0 0
288 4 0 0 0 0 0 2 0 0
290 3 0 0 0 0 0 0 0 0
295 2 1 1 0 0 0 2 0 0
297 2 0 0 0 0 0 2 0 0
323 12 0 0 12 0 0 0 0 0
569 11 0 0 11 0 0 0 0 0
571 3 0 0 0 0 0 3 0 0
fn=void std::__1::__tree_remove[abi:ne210105]<std::__1::__tree_node_base<void*>*>(std::__1::__tree_node_base<void*>*, std::__1::__tree_node_base<void*>*)
0 29 0 0 3 0 0 3 0 0
105 59 1 1 28 2 1 0 0 0
235 1 0 0 1 0 0 0 0 0
236 2 0 0 1 0 0 1 0 0
237 2 0 0 0 0 0 0 0 0
239 2 0 0 1 0 0 1 0 0
240 1 0 0 0 0 0 0 0 0
241 1 1 1 0 0 0 1 0 0
244 1 0 0 0 0 0 1 0 0
255 2 0 0 1 0 0 1 0 0
256 2 0 0 0 0 0 0 0 0
258 2 0 0 1 0 0 1 0 0
259 1 0 0 0 0 0 0 0 0
262 2 0 0 0 0 0 1 0 0
263 1 1 1 0 0 0 1 0 0
339 48 1 1 12 0 0 0 0 0
341 12 0 0 12 0 0 0 0 0
345 24 1 1 0 0 0 0 0 0
346 12 0 0 4 0 0 4 0 0
347 12 0 0 0 0 0 0 0 0
348 12 0 0 0 0 0 12 0 0
349 24 1 1 0 0 0 0 0 0
350 7 0 0 7 0 0 0 0 0
358 12 0 0 12 0 0 0 0 0
361 31 0 0 0 0 0 0 0 0
379 30 1 1 0 0 0 0 0 0
392 14 0 0 0 0 0 0 0 0
393 4 0 0 0 0 0 4 0 0
401 3 0 0 0 0 0 0 0 0
403 6 0 0 0 0 0 0 0 0
415 11 1 1 4 1 1 0 0 0
416 6 1 1 2 0 0 0 0 0
417 2 0 0 0 0 0 2 0 0
420 7 0 0 1 0 0 0 0 0
429 3 2 2 1 0 0 0 0 0
431 1 0 0 0 0 0 1 0 0
432 1 0 0 0 0 0 1 0 0
439 2 0 0 1 0 0 1 0 0
440 1 0 0 0 0 0 1 0 0
441 1 0 0 0 0 0 1 0 0
492 12 0 0 12 0 0 0 0 0
569 3 0 0 3 0 0 0 0 0
571 1 1 1 0 0 0 1 0 0
fl=/usr/include/c++/v1/__utility/pair.h
fn=lob::v15::BookT<lob::ChecksumSink, 16u>::off_grid_level(lob::Side, long)
445 12 0 0 0 0 0 12 0 0
fl=/usr/include/c++/v1/__utility/swap.h
fn=void lob::replay<lob::v15::BookT<lob::ChecksumSink, 16u> >(lob::v15::BookT<lob::ChecksumSink, 16u>&, std::__1::span<lob::Op const, 18446744073709551615ul>)
44 45 1 1 0 0 0 45 4 1
fl=/usr/include/c++/v1/__vector/vector.h
fn=auto lob::for_each_type<std::__1::tuple<lob::v0::Book<lob::ChecksumSink>, lob::v1::Book<lob::ChecksumSink>, lob::v2::Book<lob::ChecksumSink>, lob::v3::BookT<lob::ChecksumSink, 16u>, lob::v4::BookT<lob::ChecksumSink, 16u>, lob::v5::BookT<lob::ChecksumSink, 16u>, lob::v7::BookT<lob::ChecksumSink, 16u>, lob::v8::BookT<lob::ChecksumSink, 16u>, lob::v9::BookT<lob::ChecksumSink, 16u>, lob::v10::BookT<lob::ChecksumSink, 16u>, lob::v11::BookT<lob::ChecksumSink, 16u>, lob::v12::BookT<lob::ChecksumSink, 16u>, lob::v13::BookT<lob::ChecksumSink, 16u>, lob::v14::BookT<lob::ChecksumSink, 16u>, lob::v15::BookT<lob::ChecksumSink, 16u>, lob::v16::BookT<lob::ChecksumSink, 16u> >, (anonymous namespace)::with_version<(anonymous namespace)::cmd_replay((anonymous namespace)::Args const&)::$_0>(std::__1::basic_string_view<char, std::__1::char_traits<char> >, (anonymous namespace)::cmd_replay((anonymous namespace)::Args const&)::$_0&&)::{lambda<typename $T0>()#1}>((anonymous namespace)::with_version<(anonymous namespace)::cmd_replay((anonymous namespace)::Args const&)::$_0>(std::__1::basic_string_view<char, std::__1::char_traits<char> >, (anonymous namespace)::cmd_replay((anonymous namespace)::Args const&)::$_0&&)::{lambda<typename $T0>()#1}&&)::{lambda<unsigned long... $N0>(std::__1::integer_sequence<unsigned long, ($N0)...>)#1}::operator()<0ul, 1ul, 2ul, 3ul, 4ul, 5ul, 6ul, 7ul, 8ul, 9ul, 10ul, 11ul, 12ul, 13ul, 14ul, 15ul>(std::__1::integer_sequence<unsigned long, 0ul, 1ul, 2ul, 3ul, 4ul, 5ul, 6ul, 7ul, 8ul, 9ul, 10ul, 11ul, 12ul, 13ul, 14ul, 15ul>) const
388 5 0 0 1 0 0 0 0 0
449 1 0 0 1 1 1 0 0 0
fn=auto lob::v15::BookT<lob::ChecksumSink, 16u>::unlink_off_grid(lob::v15::BookT<lob::ChecksumSink, 16u>::Loc const&)::{lambda(auto:1&)#1}::operator()<std::__1::map<long, lob::v15::BookT<lob::ChecksumSink, 16u>::Level, std::__1::greater<void>, std::__1::allocator<std::__1::pair<long const, lob::v15::BookT<lob::ChecksumSink, 16u>::Level> > > >(std::__1::map<long, lob::v15::BookT<lob::ChecksumSink, 16u>::Level, std::__1::greater<void>, std::__1::allocator<std::__1::pair<long const, lob::v15::BookT<lob::ChecksumSink, 16u>::Level> > >&) const
407 20 0 0 5 0 0 0 0 0
fn=auto lob::v15::BookT<lob::ChecksumSink, 16u>::unlink_off_grid(lob::v15::BookT<lob::ChecksumSink, 16u>::Loc const&)::{lambda(auto:1&)#1}::operator()<std::__1::map<long, lob::v15::BookT<lob::ChecksumSink, 16u>::Level, std::__1::less<void>, std::__1::allocator<std::__1::pair<long const, lob::v15::BookT<lob::ChecksumSink, 16u>::Level> > > >(std::__1::map<long, lob::v15::BookT<lob::ChecksumSink, 16u>::Level, std::__1::less<void>, std::__1::allocator<std::__1::pair<long const, lob::v15::BookT<lob::ChecksumSink, 16u>::Level> > >&) const
407 44 0 0 11 0 0 0 0 0
fn=lob::v15::BookT<lob::ChecksumSink, 16u>::modify(unsigned long, long, unsigned int)
411 123084 0 0 41028 0 0 0 0 0
fn=void lob::replay<lob::v15::BookT<lob::ChecksumSink, 16u> >(lob::v15::BookT<lob::ChecksumSink, 16u>&, std::__1::span<lob::Op const, 18446744073709551615ul>)
0 17799 2 2 15 0 0 90 0 0
388 26541 1 1 8847 0 0 0 0 0
391 15 0 0 0 0 0 0 0 0
407 9759889 3 3 1229943 0 0 0 0 0
475 8832 0 0 0 0 0 0 0 0
844 30 0 0 0 0 0 0 0 0
902 45 0 0 0 0 0 0 0 0
905 120 0 0 0 0 0 0 0 0
1128 15 0 0 0 0 0 0 0 0
1131 30 1 1 0 0 0 0 0 0
1146 35388 0 0 8847 0 0 8847 0 0
1149 8832 0 0 0 0 0 0 0 0
1152 8847 0 0 0 0 0 8847 0 0
fl=/usr/include/c++/v1/map
fn=auto lob::v15::BookT<lob::ChecksumSink, 16u>::unlink_off_grid(lob::v15::BookT<lob::ChecksumSink, 16u>::Loc const&)::{lambda(auto:1&)#1}::operator()<std::__1::map<long, lob::v15::BookT<lob::ChecksumSink, 16u>::Level, std::__1::greater<void>, std::__1::allocator<std::__1::pair<long const, lob::v15::BookT<lob::ChecksumSink, 16u>::Level> > > >(std::__1::map<long, lob::v15::BookT<lob::ChecksumSink, 16u>::Level, std::__1::greater<void>, std::__1::allocator<std::__1::pair<long const, lob::v15::BookT<lob::ChecksumSink, 16u>::Level> > >&) const
1031 9 0 0 6 0 0 0 0 0
fn=auto lob::v15::BookT<lob::ChecksumSink, 16u>::unlink_off_grid(lob::v15::BookT<lob::ChecksumSink, 16u>::Loc const&)::{lambda(auto:1&)#1}::operator()<std::__1::map<long, lob::v15::BookT<lob::ChecksumSink, 16u>::Level, std::__1::less<void>, std::__1::allocator<std::__1::pair<long const, lob::v15::BookT<lob::ChecksumSink, 16u>::Level> > > >(std::__1::map<long, lob::v15::BookT<lob::ChecksumSink, 16u>::Level, std::__1::less<void>, std::__1::allocator<std::__1::pair<long const, lob::v15::BookT<lob::ChecksumSink, 16u>::Level> > >&) const
1031 27 0 0 18 0 0 0 0 0
fn=lob::v15::BookT<lob::ChecksumSink, 16u>::off_grid_level(lob::Side, long)
1031 48 0 0 32 0 0 0 0 0
fl=???
fn=???
0 254 8 8 165 79 12 2 0 0
fn=operator delete(void*)
0 130 0 0 26 0 0 26 0 0
fn=operator delete(void*, std::align_val_t)
0 20 1 1 4 0 0 4 0 0
fn=operator delete(void*, unsigned long)
0 130 1 1 26 0 0 26 0 0
fn=operator new(unsigned long)
0 459 2 2 81 0 0 108 0 0
fn=operator new(unsigned long, std::align_val_t)
0 108 3 3 16 0 0 16 2 0
summary: 389200404 324 322 97008562 2214053 940885 38910931 98350 19181
