==50900== Cachegrind, a high-precision tracing profiler
==50900== Copyright (C) 2002-2017, and GNU GPL'd, by Nicholas Nethercote et al.
==50900== Using Valgrind-3.22.0 and LibVEX; rerun with -h for copyright info
==50900== Command: /home/wang/sources/cxx/book/build/profile/book replay --workload data/syn_default_s42.ops --version v8
==50900== 
==50900== 
==50900== I refs:        218,631,891
==50900== I1  misses:            231
==50900== LLi misses:            230
==50900== I1  miss rate:        0.00%
==50900== LLi miss rate:        0.00%
==50900== 
==50900== D refs:         87,593,011  (59,388,868 rd   + 28,204,143 wr)
==50900== D1  misses:      2,281,363  ( 1,250,679 rd   +  1,030,684 wr)
==50900== LLd misses:        380,167  (   375,164 rd   +      5,003 wr)
==50900== D1  miss rate:         2.6% (       2.1%     +        3.7%  )
==50900== LLd miss rate:         0.4% (       0.6%     +        0.0%  )
==50900== 
==50900== LL refs:         2,281,594  ( 1,250,910 rd   +  1,030,684 wr)
==50900== LL misses:         380,397  (   375,394 rd   +      5,003 wr)
==50900== LL miss rate:          0.1% (       0.1%     +        0.0%  )
