==73570== Cachegrind, a high-precision tracing profiler
==73570== Copyright (C) 2002-2017, and GNU GPL'd, by Nicholas Nethercote et al.
==73570== Using Valgrind-3.22.0 and LibVEX; rerun with -h for copyright info
==73570== Command: /home/wang/sources/cxx/book/build/profile/book replay --workload data/itch12302019_AAPL.ops --version v11
==73570== 
==73570== 
==73570== I refs:        319,458,248
==73570== I1  misses:            252
==73570== LLi misses:            252
==73570== I1  miss rate:        0.00%
==73570== LLi miss rate:        0.00%
==73570== 
==73570== D refs:        132,317,414  (88,814,245 rd   + 43,503,169 wr)
==73570== D1  misses:      3,054,326  ( 1,841,943 rd   +  1,212,383 wr)
==73570== LLd misses:        770,919  (   638,624 rd   +    132,295 wr)
==73570== D1  miss rate:         2.3% (       2.1%     +        2.8%  )
==73570== LLd miss rate:         0.6% (       0.7%     +        0.3%  )
==73570== 
==73570== LL refs:         3,054,578  ( 1,842,195 rd   +  1,212,383 wr)
==73570== LL misses:         771,171  (   638,876 rd   +    132,295 wr)
==73570== LL miss rate:          0.2% (       0.2%     +        0.3%  )
