==90632== Cachegrind, a high-precision tracing profiler
==90632== Copyright (C) 2002-2017, and GNU GPL'd, by Nicholas Nethercote et al.
==90632== Using Valgrind-3.22.0 and LibVEX; rerun with -h for copyright info
==90632== Command: /home/wang/sources/cxx/book/build/profile/book replay --workload data/syn_aggressive_s42.ops --version v15
==90632== 
==90632== 
==90632== I refs:        195,169,417
==90632== I1  misses:            329
==90632== LLi misses:            325
==90632== I1  miss rate:        0.00%
==90632== LLi miss rate:        0.00%
==90632== 
==90632== D refs:         73,377,187  (48,381,616 rd   + 24,995,571 wr)
==90632== D1  misses:      2,171,597  ( 1,687,672 rd   +    483,925 wr)
==90632== LLd misses:        379,009  (   375,415 rd   +      3,594 wr)
==90632== D1  miss rate:         3.0% (       3.5%     +        1.9%  )
==90632== LLd miss rate:         0.5% (       0.8%     +        0.0%  )
==90632== 
==90632== LL refs:         2,171,926  ( 1,688,001 rd   +    483,925 wr)
==90632== LL misses:         379,334  (   375,740 rd   +      3,594 wr)
==90632== LL miss rate:          0.1% (       0.2%     +        0.0%  )
