==83822== Cachegrind, a high-precision tracing profiler
==83822== Copyright (C) 2002-2017, and GNU GPL'd, by Nicholas Nethercote et al.
==83822== Using Valgrind-3.22.0 and LibVEX; rerun with -h for copyright info
==83822== Command: /home/wang/sources/cxx/book/build/profile/book replay --workload data/itch12302019_AAPL.ops --version v12
==83822== 
==83822== 
==83822== I refs:        275,686,669
==83822== I1  misses:            251
==83822== LLi misses:            251
==83822== I1  miss rate:        0.00%
==83822== LLi miss rate:        0.00%
==83822== 
==83822== D refs:        106,685,271  (78,317,954 rd   + 28,367,317 wr)
==83822== D1  misses:      3,050,340  ( 1,837,688 rd   +  1,212,652 wr)
==83822== LLd misses:        770,913  (   638,617 rd   +    132,296 wr)
==83822== D1  miss rate:         2.9% (       2.3%     +        4.3%  )
==83822== LLd miss rate:         0.7% (       0.8%     +        0.5%  )
==83822== 
==83822== LL refs:         3,050,591  ( 1,837,939 rd   +  1,212,652 wr)
==83822== LL misses:         771,164  (   638,868 rd   +    132,296 wr)
==83822== LL miss rate:          0.2% (       0.2%     +        0.5%  )
