==19568== Cachegrind, a high-precision tracing profiler
==19568== Copyright (C) 2002-2017, and GNU GPL'd, by Nicholas Nethercote et al.
==19568== Using Valgrind-3.22.0 and LibVEX; rerun with -h for copyright info
==19568== Command: /home/wang/sources/cxx/book/build/profile/book replay --workload data/itch12302019_QQQ.ops --version v1
==19568== 
==19568== 
==19568== I refs:        863,907,681
==19568== I1  misses:            263
==19568== LLi misses:            263
==19568== I1  miss rate:        0.00%
==19568== LLi miss rate:        0.00%
==19568== 
==19568== D refs:        352,859,568  (241,811,563 rd   + 111,048,005 wr)
==19568== D1  misses:      4,056,861  (  2,347,636 rd   +   1,709,225 wr)
==19568== LLd misses:        989,009  (    951,407 rd   +      37,602 wr)
==19568== D1  miss rate:         1.1% (        1.0%     +         1.5%  )
==19568== LLd miss rate:         0.3% (        0.4%     +         0.0%  )
==19568== 
==19568== LL refs:         4,057,124  (  2,347,899 rd   +   1,709,225 wr)
==19568== LL misses:         989,272  (    951,670 rd   +      37,602 wr)
==19568== LL miss rate:          0.1% (        0.1%     +         0.0%  )
