desc: I1 cache:         32768 B, 64 B, 8-way associative
desc: D1 cache:         49152 B, 64 B, 12-way associative
desc: LL cache:         6291456 B, 64 B, 12-way associative
cmd: /home/wang/sources/cxx/book/build/profile/book replay --workload data/syn_default_s42.ops --version v18
events: Ir I1mr ILmr Dr D1mr DLmr Dw D1mw DLmw 
fl=./elf/../sysdeps/generic/dl-new-hash.h
fn=_dl_lookup_symbol_x
69 2 0 0 0 0 0 0 0 0
70 4 0 0 0 0 0 0 0 0
74 15 0 0 15 2 1 0 0 0
77 30 0 0 0 0 0 0 0 0
80 14 0 0 14 0 0 0 0 0
81 28 0 0 0 0 0 0 0 0
87 1 1 1 0 0 0 0 0 0
88 1 0 0 0 0 0 0 0 0
89 2 0 0 0 0 0 0 0 0
90 1 0 0 0 0 0 0 0 0
99 13 0 0 0 0 0 0 0 0
101 13 0 0 0 0 0 0 0 0
102 26 0 0 0 0 0 0 0 0
104 13 1 1 0 0 0 0 0 0
105 13 0 0 0 0 0 0 0 0
fl=./elf/../sysdeps/generic/dl-protected.h
fn=do_lookup_x
29 8 0 0 0 0 0 0 0 0
fl=./elf/../sysdeps/generic/ldsodefs.h
fn=do_lookup_x
139 4 0 0 2 0 0 0 0 0
140 6 0 0 0 0 0 0 0 0
fl=./elf/../sysdeps/x86_64/dl-machine.h
fn=_dl_fixup
234 2 0 0 0 0 0 2 0 0
fl=./elf/../sysdeps/x86_64/dl-runtime.h
fn=_dl_fixup
28 2 0 0 0 0 0 0 0 0
fl=./elf/../sysdeps/x86_64/dl-trampoline.h
fn=_dl_runtime_resolve_xsave
71 2 1 1 0 0 0 0 0 0
76 2 0 0 0 0 0 2 0 0
79 2 0 0 0 0 0 0 0 0
81 2 0 0 0 0 0 0 0 0
91 2 0 0 2 2 1 0 0 0
97 2 0 0 0 0 0 2 2 1
98 2 0 0 0 0 0 2 0 0
99 2 1 1 0 0 0 2 0 0
100 2 0 0 0 0 0 2 0 0
101 2 0 0 0 0 0 2 0 0
102 2 0 0 0 0 0 2 0 0
103 2 0 0 0 0 0 2 0 0
107 2 0 0 0 0 0 0 0 0
108 2 0 0 0 0 0 0 0 0
111 2 0 0 0 0 0 2 1 0
112 2 0 0 0 0 0 2 0 0
114 2 0 0 0 0 0 2 0 0
115 2 0 0 0 0 0 2 0 0
116 2 1 1 0 0 0 2 0 0
117 2 0 0 0 0 0 2 0 0
118 2 0 0 0 0 0 2 0 0
119 2 0 0 0 0 0 2 0 0
121 2 0 0 2 0 0 66 16 8
128 2 0 0 2 0 0 0 0 0
129 2 0 0 2 0 0 0 0 0
130 2 0 0 0 0 0 2 2 1
131 2 0 0 0 0 0 0 0 0
136 2 0 0 0 0 0 0 0 0
137 2 0 0 0 0 0 0 0 0
138 2 0 0 72 0 0 0 0 0
140 2 1 1 2 0 0 0 0 0
141 2 0 0 2 0 0 0 0 0
142 2 0 0 2 0 0 0 0 0
143 2 0 0 2 0 0 0 0 0
144 2 0 0 2 0 0 0 0 0
145 2 0 0 2 0 0 0 0 0
146 2 0 0 2 0 0 0 0 0
148 2 0 0 0 0 0 0 0 0
150 2 0 0 2 0 0 0 0 0
154 2 0 0 0 0 0 0 0 0
156 2 0 0 0 0 0 0 0 0
fl=./elf/./elf/dl-lookup.c
fn=_dl_lookup_symbol_x
772 26 2 2 0 0 0 18 6 3
774 4 0 0 0 0 0 2 0 0
775 8 0 0 0 0 0 2 0 0
778 2 0 0 2 2 1 0 0 0
782 4 0 0 0 0 0 0 0 0
785 4 1 1 2 0 0 0 0 0
787 4 0 0 4 0 0 0 0 0
791 28 0 0 0 0 0 6 0 0
792 34 2 2 14 0 0 14 2 1
797 10 0 0 4 0 0 0 0 0
816 2 0 0 0 0 0 2 0 0
820 4 0 0 2 0 0 0 0 0
821 14 0 0 2 0 0 0 0 0
828 2 0 0 2 0 0 0 0 0
856 8 1 1 2 0 0 0 0 0
870 6 0 0 2 2 1 0 0 0
873 4 0 0 2 0 0 0 0 0
890 8 0 0 2 0 0 0 0 0
892 18 1 1 14 0 0 0 0 0
fn=check_match
70 30 1 1 4 2 2 12 2 1
73 16 1 1 4 0 0 0 0 0
86 10 0 0 0 0 0 0 0 0
89 16 1 1 4 0 0 2 0 0
93 2 0 0 2 2 1 0 0 0
94 4 0 0 0 0 0 0 0 0
144 4 1 1 0 0 0 0 0 0
146 12 0 0 4 2 2 0 0 0
147 8 1 1 0 0 0 0 0 0
161 2 0 0 0 0 0 0 0 0
162 16 0 0 14 0 0 0 0 0
fn=do_lookup_x
347 28 2 2 4 0 0 20 4 2
348 2 0 0 2 2 1 0 0 0
353 2 0 0 0 0 0 0 0 0
354 2 0 0 2 0 0 0 0 0
358 16 1 1 16 12 6 0 0 0
361 16 0 0 0 0 0 0 0 0
365 20 0 0 2 0 0 0 0 0
386 16 1 1 8 6 3 0 0 0
390 16 0 0 8 2 1 0 0 0
396 24 0 0 8 6 3 0 0 0
400 8 0 0 0 0 0 8 0 0
401 8 0 0 0 0 0 8 0 0
404 40 0 0 24 12 6 0 0 0
405 24 1 1 16 4 2 0 0 0
408 8 0 0 8 0 0 0 0 0
409 16 0 0 0 0 0 0 0 0
411 8 0 0 8 8 6 0 0 0
412 6 0 0 0 0 0 2 0 0
413 16 0 0 16 0 0 0 0 0
415 14 1 1 2 0 0 4 0 0
416 32 0 0 16 0 0 0 0 0
419 56 0 0 8 0 0 0 0 0
422 4 0 0 4 2 2 0 0 0
423 6 1 1 2 0 0 0 0 0
424 4 0 0 0 0 0 0 0 0
426 4 0 0 2 0 0 0 0 0
429 15 1 1 3 2 2 0 0 0
431 6 0 0 2 0 0 0 0 0
432 50 2 2 14 0 0 26 4 2
433 4 0 0 0 0 0 0 0 0
436 6 0 0 0 0 0 0 0 0
439 3 0 0 0 0 0 0 0 0
461 16 1 1 12 0 0 0 0 0
476 4 1 1 0 0 0 0 0 0
483 8 0 0 2 0 0 0 0 0
487 6 1 1 2 2 1 0 0 0
499 4 0 0 2 0 0 2 0 0
500 2 0 0 0 0 0 2 0 0
501 2 0 0 0 0 0 0 0 0
518 18 0 0 0 0 0 0 0 0
522 16 0 0 14 0 0 0 0 0
fl=./elf/./elf/dl-runtime.c
fn=_dl_fixup
46 22 2 2 0 0 0 12 0 0
48 10 0 0 8 8 4 0 0 0
49 6 1 1 4 2 1 0 0 0
54 2 0 0 2 2 1 0 0 0
55 8 0 0 2 2 1 0 0 0
56 14 0 0 2 2 2 2 2 1
58 4 0 0 2 0 0 0 0 0
63 4 0 0 0 0 0 0 0 0
67 4 0 0 2 2 2 0 0 0
69 4 0 0 0 0 0 0 0 0
71 6 1 1 2 2 1 0 0 0
75 6 0 0 4 4 3 0 0 0
76 8 0 0 2 0 0 0 0 0
77 6 0 0 2 2 1 0 0 0
84 2 1 1 0 0 0 0 0 0
85 6 0 0 2 1 0 0 0 0
95 22 0 0 4 2 1 6 0 0
99 10 1 1 6 0 0 0 0 0
109 20 0 0 8 0 0 2 0 0
124 8 1 1 2 0 0 0 0 0
133 6 0 0 2 2 1 0 0 0
159 6 0 0 2 0 0 0 0 0
163 16 1 1 14 0 0 0 0 0
fl=./malloc/./malloc/arena.c
fn=_mid_memalign.isra.0
153 4 0 0 0 0 0 0 0 0
fn=free
153 78 0 0 0 0 0 0 0 0
fn=malloc
153 46 0 0 0 0 0 0 0 0
fl=./malloc/./malloc/malloc.c
fn=_int_free
1792 10 0 0 10 2 0 0 0 0
3163 32 1 1 16 0 0 16 0 0
3165 64 0 0 16 6 4 16 0 0
3166 16 0 0 0 0 0 16 0 0
3167 32 0 0 0 0 0 16 0 0
4495 182 1 1 0 0 0 104 1 0
4499 78 1 1 26 0 0 0 0 0
4505 104 0 0 0 0 0 0 0 0
4506 52 0 0 0 0 0 0 0 0
4510 130 0 0 0 0 0 0 0 0
4517 52 0 0 0 0 0 0 0 0
4518 156 1 1 78 2 0 0 0 0
4521 16 0 0 0 0 0 0 0 0
4527 48 0 0 32 3 1 0 0 0
4547 80 1 1 32 2 0 0 0 0
4550 16 0 0 0 0 0 0 0 0
4561 20 0 0 0 0 0 0 0 0
4637 20 0 0 10 0 0 0 0 0
4640 20 0 0 10 2 0 0 0 0
4643 20 1 1 0 0 0 0 0 0
4646 20 0 0 0 0 0 0 0 0
4658 146 1 1 120 0 0 0 0 0
fn=_int_free_maybe_consolidate
4770 154 1 1 14 1 0 98 0 0
4776 28 0 0 0 0 0 0 0 0
4778 4 0 0 1 0 0 0 0 0
4781 3 0 0 0 0 0 0 0 0
4784 5 2 2 3 1 0 0 0 0
4798 154 1 1 126 0 0 0 0 0
fn=_int_free_merge_chunk
1992 36 0 0 12 0 0 0 0 0
4665 96 1 1 0 0 0 72 0 0
4666 12 0 0 0 0 0 0 0 0
4670 72 0 0 12 2 0 0 0 0
4673 48 1 1 12 2 0 0 0 0
4675 36 1 1 12 2 0 0 0 0
4678 36 0 0 12 3 0 0 0 0
4681 24 0 0 0 0 0 0 0 0
4682 24 0 0 0 0 0 0 0 0
4683 24 0 0 12 2 0 0 0 0
4689 24 1 1 12 0 0 0 0 0
4691 7 0 0 7 0 0 0 0 0
4692 7 0 0 0 0 0 0 0 0
4693 7 0 0 0 0 0 0 0 0
4694 28 0 0 7 2 0 0 0 0
4696 14 0 0 0 0 0 7 0 0
4701 36 0 0 0 0 0 0 0 0
4702 84 0 0 72 0 0 0 0 0
4714 24 0 0 12 0 0 0 0 0
4720 24 0 0 12 2 0 0 0 0
4721 4 1 1 0 0 0 2 0 0
4722 4 0 0 0 0 0 0 0 0
4724 10 0 0 10 0 0 0 0 0
4732 12 0 0 0 0 0 0 0 0
4733 48 1 1 12 0 0 0 0 0
4734 24 0 0 12 1 0 0 0 0
4736 12 0 0 0 0 0 12 1 0
4738 24 0 0 0 0 0 0 0 0
4740 30 1 1 0 0 0 10 0 0
4743 12 0 0 0 0 0 12 0 0
4744 12 0 0 0 0 0 12 0 0
4746 36 0 0 0 0 0 12 0 0
4747 12 0 0 0 0 0 12 0 0
fn=_int_malloc
1326 50 0 0 0 0 0 0 0 0
1345 150 0 0 0 0 0 0 0 0
1794 25 1 1 25 0 0 0 0 0
1985 3 0 0 1 0 0 0 0 0
2008 4 0 0 1 0 0 0 0 0
2552 6 1 1 2 1 1 2 0 0
2553 1 1 1 0 0 0 1 0 0
2564 2 1 1 1 1 1 0 0 0
2589 4 0 0 1 0 0 1 0 0
2590 2 0 0 0 0 0 1 0 0
2599 12 1 1 3 0 0 0 0 0
2605 3 0 0 2 0 0 0 0 0
2608 3 1 1 0 0 0 0 0 0
2669 3 1 1 1 0 0 1 0 0
2677 2 0 0 1 0 0 0 0 0
2678 3 0 0 1 0 0 1 0 0
2691 3 1 1 1 0 0 0 0 0
2693 1 0 0 1 0 0 0 0 0
2699 5 0 0 1 0 0 1 0 0
2707 2 0 0 0 0 0 0 0 0
2709 4 2 2 0 0 0 2 0 0
2710 3 0 0 1 0 0 0 0 0
2711 1 0 0 0 0 0 0 0 0
2712 1 0 0 0 0 0 0 0 0
2715 2 0 0 0 0 0 0 0 0
2744 7 1 1 3 0 0 0 0 0
2746 2 1 1 0 0 0 1 0 0
2752 8 0 0 1 0 0 0 0 0
2753 6 0 0 1 0 0 1 0 0
2921 3 1 1 2 0 0 0 0 0
2922 1 0 0 0 0 0 1 0 0
2926 1 0 0 1 0 0 0 0 0
2930 5 1 1 2 0 0 0 0 0
2932 1 0 0 0 0 0 0 0 0
2933 1 0 0 0 0 0 0 0 0
2934 1 0 0 0 0 0 1 0 0
2935 7 0 0 0 0 0 1 0 0
2936 2 0 0 0 0 0 1 1 1
2938 1 0 0 0 0 0 0 0 0
3846 275 2 2 25 2 1 175 3 2
3887 50 0 0 0 0 0 0 0 0
3914 50 0 0 0 0 0 0 0 0
3916 20 0 0 0 0 0 0 0 0
3919 5 0 0 5 1 1 0 0 0
3921 10 0 0 0 0 0 0 0 0
3930 15 2 2 0 0 0 0 0 0
3977 40 1 1 0 0 0 0 0 0
3979 46 0 0 0 0 0 0 0 0
3980 22 1 1 0 0 0 0 0 0
3982 33 0 0 11 4 4 0 0 0
4039 155 1 1 0 0 0 0 0 0
4040 42 0 0 14 1 0 0 0 0
4058 75 1 1 25 0 0 0 0 0
4059 75 0 0 0 0 0 25 0 0
4060 75 1 1 50 2 0 0 0 0
4069 18 0 0 0 0 0 9 0 0
4070 161 1 1 35 2 1 25 0 0
4072 10 0 0 10 1 0 0 0 0
4073 20 0 0 10 1 0 0 0 0
4074 10 0 0 0 0 0 0 0 0
4076 20 0 0 0 0 0 0 0 0
4077 30 1 1 10 1 0 0 0 0
4079 10 0 0 10 1 0 0 0 0
4080 40 0 0 0 0 0 0 0 0
4082 40 0 0 10 0 0 0 0 0
4084 20 1 1 10 0 0 0 0 0
4085 20 0 0 10 0 0 0 0 0
4087 20 0 0 0 0 0 0 0 0
4098 40 0 0 0 0 0 0 0 0
4127 10 0 0 0 0 0 10 0 0
4128 10 0 0 0 0 0 10 0 0
4132 20 0 0 0 0 0 0 0 0
4161 21 2 2 0 0 0 0 0 0
4163 2 0 0 0 0 0 1 0 0
4164 4 0 0 0 0 0 0 0 0
4165 1 0 0 1 1 0 0 0 0
4169 138 2 2 0 0 0 9 0 0
4170 27 1 1 0 0 0 0 0 0
4171 9 0 0 9 3 1 0 0 0
4174 18 0 0 0 0 0 0 0 0
4218 36 0 0 0 0 0 9 0 0
4221 70 2 2 20 3 0 0 0 0
4222 10 0 0 0 0 0 10 0 0
4223 10 0 0 0 0 0 10 0 0
4224 10 0 0 0 0 0 10 0 0
4225 10 0 0 0 0 0 10 0 0
4230 20 0 0 20 0 0 0 0 0
4231 20 0 0 0 0 0 0 0 0
4240 40 1 1 20 0 0 0 0 0
4246 18 0 0 0 0 0 0 0 0
4257 75 1 1 0 0 0 0 0 0
4259 56 0 0 0 0 0 0 0 0
4262 42 0 0 14 8 6 0 0 0
4263 26 1 1 1 0 0 0 0 0
4266 1 0 0 1 0 0 0 0 0
4267 6 0 0 1 0 0 0 0 0
4273 2 1 1 1 0 0 0 0 0
4278 3 0 0 0 0 0 1 0 0
4279 3 0 0 0 0 0 2 0 0
4282 4 0 0 2 0 0 0 0 0
4291 1 0 0 0 0 0 0 0 0
4295 4 1 1 1 0 0 0 0 0
4296 2 0 0 1 0 0 0 0 0
4299 1 0 0 0 0 0 1 0 0
4300 1 0 0 0 0 0 1 0 0
4301 1 0 0 0 0 0 1 0 0
4302 2 0 0 0 0 0 0 0 0
4307 8 1 1 0 0 0 1 0 0
4309 3 0 0 0 0 0 1 0 0
4310 1 0 0 0 0 0 1 0 0
4313 1 0 0 0 0 0 0 0 0
4330 24 0 0 0 0 0 0 0 0
4331 48 0 0 0 0 0 0 0 0
4332 48 0 0 0 0 0 0 0 0
4333 48 0 0 24 1 1 0 0 0
4334 144 0 0 0 0 0 0 0 0
4339 95 1 1 0 0 0 0 0 0
4343 165 1 1 0 0 0 0 0 0
4346 140 1 1 35 0 0 0 0 0
4353 2 0 0 0 0 0 0 0 0
4361 1 0 0 1 0 0 0 0 0
4364 2 0 0 0 0 0 0 0 0
4373 4 1 1 1 0 0 0 0 0
4376 2 0 0 0 0 0 0 0 0
4378 3 1 1 0 0 0 1 0 0
4381 3 0 0 0 0 0 2 0 0
4384 4 0 0 2 0 0 0 0 0
4394 1 0 0 0 0 0 0 0 0
4399 4 0 0 1 0 0 0 0 0
4400 2 1 1 1 0 0 0 0 0
4403 1 0 0 0 0 0 1 0 0
4404 1 0 0 0 0 0 1 0 0
4405 1 0 0 0 0 0 1 0 0
4408 2 0 0 0 0 0 0 0 0
4410 2 0 0 0 0 0 0 0 0
4412 2 0 0 0 0 0 1 0 0
4415 8 1 1 0 0 0 1 0 0
4417 3 0 0 0 0 0 1 0 0
4418 1 0 0 0 0 0 1 0 0
4421 1 0 0 0 0 0 0 0 0
4443 23 1 1 23 0 0 0 0 0
4444 46 0 0 23 2 1 0 0 0
4446 46 0 0 23 1 1 0 0 0
4449 69 0 0 0 0 0 0 0 0
4451 22 0 0 0 0 0 0 0 0
4452 44 1 1 0 0 0 0 0 0
4453 22 0 0 0 0 0 22 0 0
4454 176 1 1 0 0 0 22 0 0
4456 44 0 0 0 0 0 22 21 21
4459 46 0 0 0 0 0 0 0 0
4460 72 0 0 0 0 0 24 3 2
4461 24 0 0 0 0 0 0 0 0
4466 4 0 0 1 0 0 1 0 0
4482 1 0 0 0 0 0 0 0 0
4487 300 2 2 225 0 0 0 0 0
fn=_int_memalign
1326 4 0 0 0 0 0 0 0 0
1345 16 1 1 0 0 0 0 0 0
4714 4 0 0 0 0 0 0 0 0
4756 2 1 1 0 0 0 0 0 0
4757 6 0 0 0 0 0 2 2 2
4758 4 0 0 0 0 0 2 0 0
5039 16 1 1 0 0 0 12 2 0
5069 8 0 0 0 0 0 4 0 0
5071 6 0 0 2 0 0 0 0 0
5074 2 0 0 0 0 0 0 0 0
5076 8 0 0 0 0 0 0 0 0
5083 10 1 1 0 0 0 0 0 0
5085 8 0 0 0 0 0 0 0 0
5090 8 0 0 2 0 0 0 0 0
5093 4 0 0 0 0 0 0 0 0
5101 20 1 1 0 0 0 4 0 0
5103 2 0 0 2 0 0 0 0 0
5104 10 0 0 2 0 0 2 0 0
5105 4 0 0 0 0 0 2 0 0
5106 2 0 0 0 0 0 0 0 0
5108 18 1 1 2 0 0 0 0 0
5113 6 0 0 2 0 0 0 0 0
5115 4 0 0 0 0 0 0 0 0
5116 2 0 0 0 0 0 0 0 0
5117 4 0 0 2 0 0 0 0 0
5118 4 0 0 0 0 0 0 0 0
5120 2 0 0 0 0 0 0 0 0
5121 4 0 0 0 0 0 0 0 0
5122 2 1 1 2 0 0 0 0 0
5129 2 0 0 0 0 0 0 0 0
5130 6 2 2 0 0 0 2 0 0
5134 6 1 1 0 0 0 2 0 0
5140 2 0 0 0 0 0 0 0 0
5141 18 0 0 14 0 0 0 0 0
fn=_mid_memalign.isra.0
1326 4 0 0 0 0 0 0 0 0
1345 10 0 0 0 0 0 0 0 0
3575 14 1 1 0 0 0 8 0 0
3581 4 1 1 0 0 0 0 0 0
3585 4 0 0 0 0 0 0 0 0
3590 6 2 2 0 0 0 0 0 0
3598 6 0 0 0 0 0 0 0 0
3615 6 0 0 0 0 0 0 0 0
3617 4 1 1 2 1 0 0 0 0
3638 4 0 0 2 2 0 0 0 0
3640 10 1 1 0 0 0 2 0 0
3641 10 1 1 2 0 0 0 0 0
3643 4 1 1 0 0 0 0 0 0
3662 12 0 0 10 0 0 0 0 0
fn=aligned_alloc
3556 14 1 1 0 0 0 6 2 0
3557 4 0 0 2 1 0 0 0 0
3564 10 0 0 0 0 0 0 0 0
3571 6 0 0 0 0 0 0 0 0
3572 6 1 1 6 0 0 0 0 0
fn=alloc_perturb
1985 72 1 1 24 0 0 0 0 0
1987 24 0 0 24 0 0 0 0 0
fn=free
3359 182 2 2 0 0 0 104 0 0
3363 52 0 0 0 0 0 0 0 0
3371 52 0 0 52 10 2 0 0 0
3373 26 0 0 0 0 0 0 0 0
3375 78 0 0 26 4 1 0 0 0
3392 78 0 0 52 4 0 0 0 0
3398 78 1 1 0 0 0 26 0 0
3401 26 0 0 0 0 0 26 0 0
3402 156 0 0 130 0 0 0 0 0
fn=malloc
1326 52 0 0 0 0 0 0 0 0
1345 130 1 1 0 0 0 0 0 0
3178 6 0 0 3 3 1 0 0 0
3182 6 0 0 0 0 0 0 0 0
3186 12 0 0 3 3 1 3 0 0
3190 6 0 0 0 0 0 3 0 0
3191 3 0 0 0 0 0 3 0 0
3294 208 1 1 0 0 0 104 0 0
3301 52 0 0 26 1 1 0 0 0
3311 52 0 0 0 0 0 0 0 0
3313 104 0 0 52 2 2 0 0 0
3316 52 0 0 26 1 1 0 0 0
3318 48 1 1 16 4 2 0 0 0
3326 46 1 1 23 1 1 0 0 0
3328 92 1 1 0 0 0 23 1 1
3329 115 1 1 23 0 0 0 0 0
3354 156 1 1 130 0 0 0 0 0
fn=unlink_chunk.isra.0
1608 22 1 1 0 0 0 11 0 0
1610 55 0 0 22 0 0 0 0 0
1613 22 0 0 22 1 0 0 0 0
1614 22 0 0 11 0 0 0 0 0
1616 44 2 1 22 2 0 0 0 0
1619 11 0 0 0 0 0 11 0 0
1620 11 0 0 0 0 0 11 0 0
1621 49 0 0 9 1 0 0 0 0
1623 16 0 0 8 0 0 0 0 0
1624 24 0 0 16 0 0 0 0 0
1627 16 0 0 8 0 0 0 0 0
1641 8 0 0 0 0 0 8 0 0
1642 8 1 1 0 0 0 8 0 0
1645 22 0 0 22 0 0 0 0 0
fl=./malloc/./malloc/morecore.c
fn=__glibc_morecore
25 3 1 1 0 0 0 1 0 0
26 2 0 0 1 0 0 0 0 0
29 1 0 0 0 0 0 1 0 0
30 2 0 0 0 0 0 0 0 0
34 2 0 0 2 0 0 0 0 0
fl=./misc/../sysdeps/unix/sysv/linux/brk.c
fn=brk
36 1 1 1 0 0 0 0 0 0
37 2 0 0 1 0 0 1 0 0
38 2 0 0 0 0 0 0 0 0
44 1 0 0 0 0 0 0 0 0
45 1 0 0 1 0 0 0 0 0
fl=./misc/../sysdeps/unix/sysv/linux/brk_call.h
fn=brk
24 2 0 0 0 0 0 0 0 0
fl=./misc/./misc/sbrk.c
fn=sbrk
37 8 1 1 0 0 0 4 0 0
40 2 0 0 2 2 2 0 0 0
43 2 1 1 1 1 1 0 0 0
58 2 0 0 0 0 0 0 0 0
62 2 0 0 0 0 0 0 0 0
66 4 1 1 0 0 0 0 0 0
74 3 1 1 0 0 0 1 0 0
78 7 0 0 5 0 0 0 0 0
fl=./string/../sysdeps/x86_64/multiarch/../multiarch/strcmp-sse2.S
fn=strcmp
98 2 1 1 0 0 0 0 0 0
131 2 0 0 0 0 0 0 0 0
132 2 0 0 0 0 0 0 0 0
134 2 0 0 0 0 0 0 0 0
135 2 0 0 0 0 0 0 0 0
156 2 0 0 0 0 0 0 0 0
157 2 0 0 0 0 0 0 0 0
158 2 0 0 0 0 0 0 0 0
159 2 0 0 0 0 0 0 0 0
160 2 0 0 2 2 2 0 0 0
161 2 1 1 2 0 0 0 0 0
162 2 0 0 2 0 0 0 0 0
163 2 0 0 2 0 0 0 0 0
180 2 0 0 0 0 0 0 0 0
181 2 0 0 0 0 0 0 0 0
182 2 0 0 0 0 0 0 0 0
183 2 0 0 0 0 0 0 0 0
184 2 0 0 0 0 0 0 0 0
185 2 0 0 0 0 0 0 0 0
186 2 0 0 0 0 0 0 0 0
191 1 0 0 0 0 0 0 0 0
192 3 0 0 0 0 0 0 0 0
201 1 1 1 0 0 0 0 0 0
202 1 0 0 0 0 0 0 0 0
203 1 0 0 0 0 0 0 0 0
204 1 0 0 0 0 0 0 0 0
205 1 0 0 0 0 0 0 0 0
206 1 0 0 0 0 0 0 0 0
207 1 0 0 0 0 0 0 0 0
208 1 0 0 0 0 0 0 0 0
209 1 0 0 0 0 0 0 0 0
214 1 0 0 0 0 0 0 0 0
215 1 0 0 0 0 0 0 0 0
216 1 0 0 0 0 0 0 0 0
217 1 0 0 1 1 1 0 0 0
218 1 0 0 0 0 0 0 0 0
219 1 0 0 0 0 0 0 0 0
1613 1 1 1 0 0 0 0 0 0
1614 1 0 0 1 0 0 0 0 0
1615 1 0 0 1 0 0 0 0 0
1616 1 0 0 0 0 0 0 0 0
1617 1 0 0 0 0 0 0 0 0
1619 1 0 0 0 0 0 0 0 0
1620 1 0 0 0 0 0 0 0 0
1621 1 1 1 0 0 0 0 0 0
1622 1 0 0 0 0 0 0 0 0
1623 1 0 0 0 0 0 0 0 0
1624 1 0 0 0 0 0 0 0 0
1625 1 0 0 0 0 0 0 0 0
2095 1 1 1 0 0 0 0 0 0
2096 1 0 0 0 0 0 0 0 0
2097 1 0 0 0 0 0 0 0 0
2098 1 0 0 0 0 0 0 0 0
2104 2 1 1 0 0 0 0 0 0
2110 2 0 0 2 0 0 0 0 0
2111 2 0 0 2 0 0 0 0 0
2119 2 0 0 0 0 0 0 0 0
2120 2 0 0 2 0 0 0 0 0
fl=./string/../sysdeps/x86_64/multiarch/memmove-vec-unaligned-erms.S
fn=__memcpy_avx_unaligned_erms
255 24 1 1 0 0 0 0 0 0
256 24 0 0 0 0 0 0 0 0
262 24 0 0 0 0 0 0 0 0
263 24 0 0 0 0 0 0 0 0
265 20 0 0 20 2 0 0 0 0
266 20 0 0 0 0 0 0 0 0
267 20 0 0 0 0 0 0 0 0
270 4 0 0 4 0 0 0 0 0
271 4 0 0 0 0 0 4 1 1
272 4 0 0 0 0 0 4 0 0
275 8 0 0 4 0 0 0 0 0
305 4 0 0 0 0 0 0 0 0
306 4 0 0 0 0 0 0 0 0
308 2 0 0 0 0 0 0 0 0
309 2 0 0 0 0 0 0 0 0
311 2 0 0 0 0 0 0 0 0
315 2 0 0 0 0 0 0 0 0
316 2 1 1 0 0 0 0 0 0
317 2 0 0 0 0 0 0 0 0
325 2 0 0 2 0 0 0 0 0
342 2 0 0 2 0 0 0 0 0
343 2 0 0 2 0 0 0 0 0
344 2 0 0 0 0 0 2 0 0
345 2 0 0 0 0 0 2 0 0
347 2 0 0 2 0 0 0 0 0
375 2 1 1 2 0 0 0 0 0
376 2 0 0 2 0 0 0 0 0
377 2 0 0 0 0 0 2 0 0
378 2 0 0 0 0 0 2 2 2
379 2 0 0 0 0 0 2 0 0
380 2 0 0 0 0 0 2 0 0
381 4 0 0 2 0 0 0 0 0
386 16 2 1 16 2 1 0 0 0
387 16 0 0 0 0 0 0 0 0
392 14 0 0 0 0 0 0 0 0
393 14 0 0 0 0 0 0 0 0
395 4 0 0 4 0 0 0 0 0
396 4 0 0 0 0 0 0 0 0
397 4 0 0 0 0 0 0 0 0
399 2 0 0 2 0 0 0 0 0
400 2 0 0 2 0 0 0 0 0
401 2 0 0 2 0 0 0 0 0
402 2 0 0 2 0 0 0 0 0
403 2 0 0 2 0 0 0 0 0
404 2 1 1 2 0 0 0 0 0
405 2 0 0 0 0 0 2 2 2
406 2 0 0 0 0 0 2 0 0
407 2 0 0 0 0 0 2 2 2
408 2 0 0 0 0 0 2 0 0
409 2 0 0 0 0 0 2 1 1
410 2 0 0 0 0 0 2 1 1
411 2 0 0 0 0 0 2 1 1
412 2 0 0 0 0 0 2 0 0
413 4 0 0 2 0 0 0 0 0
417 10 0 0 0 0 0 0 0 0
418 10 0 0 0 0 0 0 0 0
422 10 0 0 0 0 0 0 0 0
424 10 1 1 0 0 0 0 0 0
428 10 0 0 10 1 1 0 0 0
429 10 0 0 0 0 0 0 0 0
440 10 0 0 0 0 0 0 0 0
443 10 0 0 0 0 0 0 0 0
445 10 0 0 0 0 0 0 0 0
447 10 0 0 0 0 0 0 0 0
451 10 0 0 0 0 0 0 0 0
452 10 0 0 0 0 0 0 0 0
461 6 0 0 6 0 0 0 0 0
462 6 0 0 6 0 0 0 0 0
464 6 0 0 0 0 0 0 0 0
466 6 0 0 0 0 0 0 0 0
467 6 1 1 6 0 0 0 0 0
468 6 0 0 6 0 0 0 0 0
471 6 0 0 0 0 0 0 0 0
473 6 0 0 0 0 0 0 0 0
475 6 0 0 0 0 0 0 0 0
477 12 0 0 0 0 0 0 0 0
483 66 0 0 66 0 0 0 0 0
484 66 0 0 66 0 0 0 0 0
485 66 0 0 66 0 0 0 0 0
486 66 0 0 66 0 0 0 0 0
487 66 0 0 0 0 0 0 0 0
488 66 0 0 0 0 0 66 26 26
489 66 0 0 0 0 0 66 10 10
490 66 1 1 0 0 0 66 25 25
491 66 0 0 0 0 0 66 10 10
492 66 0 0 0 0 0 0 0 0
493 66 0 0 0 0 0 0 0 0
494 66 0 0 0 0 0 0 0 0
496 6 0 0 0 0 0 6 2 2
497 6 0 0 0 0 0 6 3 3
498 6 0 0 0 0 0 6 0 0
499 6 0 0 0 0 0 6 0 0
501 6 0 0 0 0 0 6 0 0
505 12 0 0 6 0 0 0 0 0
518 4 0 0 4 0 0 0 0 0
519 4 0 0 4 1 0 0 0 0
521 4 1 1 0 0 0 0 0 0
522 4 0 0 4 0 0 0 0 0
523 4 0 0 4 0 0 0 0 0
525 4 0 0 0 0 0 0 0 0
527 4 0 0 0 0 0 0 0 0
529 8 0 0 0 0 0 0 0 0
535 172 0 0 172 5 0 0 0 0
536 172 0 0 172 19 0 0 0 0
537 172 0 0 172 5 0 0 0 0
538 172 0 0 172 21 0 0 0 0
539 172 0 0 0 0 0 0 0 0
540 172 0 0 0 0 0 172 79 79
541 172 1 1 0 0 0 172 94 94
542 172 0 0 0 0 0 172 78 78
543 172 0 0 0 0 0 172 94 94
544 172 0 0 0 0 0 0 0 0
545 172 0 0 0 0 0 0 0 0
546 172 0 0 0 0 0 0 0 0
548 4 0 0 0 0 0 4 2 2
549 4 0 0 0 0 0 4 2 2
550 4 0 0 0 0 0 4 0 0
551 4 0 0 0 0 0 4 0 0
553 4 0 0 0 0 0 4 0 0
554 8 0 0 4 0 0 0 0 0
563 2 1 1 2 1 0 0 0 0
570 2 0 0 0 0 0 0 0 0
571 2 0 0 0 0 0 0 0 0
577 1 0 0 0 0 0 0 0 0
580 1 0 0 0 0 0 0 0 0
582 1 0 0 0 0 0 0 0 0
585 1 0 0 0 0 0 0 0 0
586 1 0 0 0 0 0 0 0 0
588 1 0 0 0 0 0 0 0 0
590 16321 0 0 16320 212 0 16320 255 254
592 1 0 0 0 0 0 1 0 0
594 1 0 0 0 0 0 1 0 0
596 2 0 0 1 0 0 0 0 0
601 2 1 1 0 0 0 0 0 0
602 2 0 0 0 0 0 0 0 0
606 2 0 0 0 0 0 0 0 0
608 2 0 0 0 0 0 0 0 0
611 2 0 0 0 0 0 0 0 0
615 2 0 0 2 1 0 0 0 0
616 2 0 0 0 0 0 0 0 0
620 2 0 0 2 0 0 0 0 0
624 2 0 0 0 0 0 0 0 0
648 1 0 0 0 0 0 0 0 0
650 1 0 0 0 0 0 0 0 0
652 1 0 0 0 0 0 0 0 0
654 1 1 1 0 0 0 0 0 0
657 1 0 0 0 0 0 0 0 0
658 1 0 0 0 0 0 0 0 0
660 16369 0 0 16368 254 0 16368 254 0
663 1 0 0 0 0 0 1 0 0
665 1 0 0 0 0 0 1 0 0
667 2 0 0 1 0 0 0 0 0
fl=./string/../sysdeps/x86_64/multiarch/memset-vec-unaligned-erms.S
fn=__memset_avx2_unaligned_erms
158 2 1 1 0 0 0 0 0 0
159 4 0 0 0 0 0 0 0 0
164 2 0 0 0 0 0 0 0 0
165 2 0 0 0 0 0 0 0 0
166 2 0 0 0 0 0 0 0 0
167 2 0 0 0 0 0 0 0 0
168 2 0 0 0 0 0 0 0 0
237 2 1 1 2 2 0 0 0 0
238 2 0 0 0 0 0 0 0 0
244 2 0 0 0 0 0 2 0 0
245 2 0 0 0 0 0 2 1 0
257 2 0 0 0 0 0 0 0 0
260 2 0 0 0 0 0 0 0 0
261 2 0 0 0 0 0 0 0 0
273 2 0 0 0 0 0 2 1 0
274 2 0 0 0 0 0 2 1 0
287 2 0 0 0 0 0 0 0 0
288 2 0 0 0 0 0 0 0 0
290 2 0 0 0 0 0 0 0 0
293 2 0 0 0 0 0 0 0 0
296 2 0 0 0 0 0 0 0 0
299 8 1 1 0 0 0 8 2 0
300 8 0 0 0 0 0 8 6 0
301 8 0 0 0 0 0 8 2 0
302 8 0 0 0 0 0 8 6 0
303 8 0 0 0 0 0 0 0 0
304 8 0 0 0 0 0 0 0 0
305 10 0 0 0 0 0 0 0 0
308 2 0 0 0 0 0 2 1 0
309 2 0 0 0 0 0 2 1 0
310 2 0 0 0 0 0 2 1 0
311 2 0 0 0 0 0 2 1 0
314 4 0 0 2 0 0 0 0 0
fl=/home/wang/git-repositories/vcpkg/installed/x64-linux-clang-libcxx/include/boost/unordered/detail/foa/core.hpp
fn=unsigned int lob::v18::BookT<lob::ChecksumSink, 16u>::match<(lob::Side)0>(unsigned long, long, unsigned int)
0 31156 1 1 15578 0 0 0 0 0
fn=unsigned int lob::v18::BookT<lob::ChecksumSink, 16u>::match<(lob::Side)1>(unsigned long, long, unsigned int)
0 30620 1 1 15310 0 0 0 0 0
fl=/home/wang/sources/cxx/book/include/lob/events.hpp
fn=lob::v18::BookT<lob::ChecksumSink, 16u>::modify(unsigned long, long, unsigned int)
0 166155 2 2 55635 0 0 66312 11 0
92 72121 0 0 72121 0 0 0 0 0
93 681502 1 1 94225 0 0 22104 0 0
fn=unsigned int lob::v18::BookT<lob::ChecksumSink, 16u>::match<(lob::Side)0>(unsigned long, long, unsigned int)
92 93015 0 0 31005 0 0 31005 0 0
93 403065 1 1 31005 0 0 31005 0 0
fn=unsigned int lob::v18::BookT<lob::ChecksumSink, 16u>::match<(lob::Side)1>(unsigned long, long, unsigned int)
92 92103 0 0 30701 0 0 30701 0 0
93 399113 1 1 30701 0 0 30701 0 0
fn=void lob::replay<lob::v18::BookT<lob::ChecksumSink, 16u> >(lob::v18::BookT<lob::ChecksumSink, 16u>&, std::__1::span<lob::Op const, 18446744073709551615ul>)
0 1838190 1 1 0 0 0 919095 0 0
92 919095 0 0 919095 4 1 0 0 0
93 8352129 2 2 1838190 0 0 0 0 0
fl=/home/wang/sources/cxx/book/include/lob/replay.hpp
fn=void lob::replay<lob::v18::BookT<lob::ChecksumSink, 16u> >(lob::v18::BookT<lob::ChecksumSink, 16u>&, std::__1::span<lob::Op const, 18446744073709551615ul>)
0 14 1 1 0 0 0 5 1 1
52 7 1 1 0 0 0 6 1 1
53 1000001 0 0 0 0 0 0 0 0
57 9 1 1 7 1 1 0 0 0
fl=/home/wang/sources/cxx/book/include/lob/v11/exact_div.hpp
fn=lob::v18::BookT<lob::ChecksumSink, 16u>::modify(unsigned long, long, unsigned int)
37 49458 0 0 32972 0 0 0 0 0
fn=void lob::replay<lob::v18::BookT<lob::ChecksumSink, 16u> >(lob::v18::BookT<lob::ChecksumSink, 16u>&, std::__1::span<lob::Op const, 18446744073709551615ul>)
37 1438848 1 1 959232 0 0 0 0 0
fl=/home/wang/sources/cxx/book/include/lob/v16/order_index.hpp
fn=lob::v16::OrderIndex::alloc(unsigned long)
0 4 0 0 2 0 0 0 0 0
178 10 1 1 0 0 0 6 1 0
179 2 0 0 0 0 0 2 0 0
180 8 0 0 0 0 0 2 0 0
181 4 0 0 0 0 0 2 0 0
182 4 0 0 0 0 0 2 0 0
183 8 1 1 0 0 0 2 0 0
184 2 0 0 0 0 0 2 0 0
186 792 1 1 0 0 0 0 0 0
187 1536 0 0 0 0 0 1536 1536 1536
188 1536 2 2 0 0 0 1536 0 0
190 10 1 1 8 2 0 0 0 0
fn=lob::v16::OrderIndex::grow()
0 5000 1 1 2688 0 0 0 0 0
144 10752 2 2 2688 1 0 0 0 0
168 2688 1 1 2688 19 0 0 0 0
169 13440 4 4 0 0 0 0 0 0
171 10752 1 1 0 0 0 2688 0 0
172 8064 1 1 2688 0 0 2688 1036 0
191 16 1 1 0 0 0 14 1 0
193 2 0 0 2 0 0 0 0 0
194 4 1 1 0 0 0 2 0 0
195 2308 0 0 0 0 0 0 0 0
197 16128 3 3 5376 735 0 0 0 0
199 5376 0 0 2688 0 0 2688 0 0
214 20 1 1 12 4 0 0 0 0
fn=lob::v18::BookT<lob::ChecksumSink, 16u>::modify(unsigned long, long, unsigned int)
0 178141 1 1 61253 0 0 0 0 0
72 111270 1 1 0 0 0 0 0 0
77 111270 1 1 0 0 0 0 0 0
80 166905 0 0 0 0 0 0 0 0
119 22472 1 1 0 0 0 0 0 0
123 50562 1 1 11236 0 0 0 0 0
124 16854 0 0 0 0 0 5618 0 0
125 16854 0 0 5618 0 0 0 0 0
126 11236 0 0 0 0 0 0 0 0
127 5618 0 0 5618 0 0 0 0 0
128 5618 0 0 0 0 0 0 0 0
144 222540 0 0 55635 0 0 0 0 0
147 111270 0 0 0 0 0 0 0 0
152 278175 1 1 0 0 0 0 0 0
154 166905 0 0 55635 42153 0 0 0 0
fn=unsigned int lob::v18::BookT<lob::ChecksumSink, 16u>::match<(lob::Side)0>(unsigned long, long, unsigned int)
0 49476 0 0 16492 0 0 0 0 0
72 49476 0 0 0 0 0 0 0 0
77 32984 0 0 0 0 0 0 0 0
80 16492 0 0 0 0 0 0 0 0
119 65968 1 1 0 0 0 0 0 0
123 115444 0 0 16492 0 0 0 0 0
124 49476 1 1 0 0 0 16492 0 0
125 65968 0 0 16492 0 0 0 0 0
126 32984 0 0 0 0 0 0 0 0
127 16492 0 0 16492 0 0 0 0 0
144 65968 0 0 16492 0 0 0 0 0
147 32984 0 0 0 0 0 0 0 0
152 82460 2 2 0 0 0 0 0 0
154 49476 0 0 16492 12941 0 0 0 0
fn=unsigned int lob::v18::BookT<lob::ChecksumSink, 16u>::match<(lob::Side)1>(unsigned long, long, unsigned int)
0 48675 1 1 16225 0 0 0 0 0
72 48675 0 0 0 0 0 0 0 0
77 32450 0 0 0 0 0 0 0 0
80 16225 0 0 0 0 0 0 0 0
119 64900 1 1 0 0 0 0 0 0
123 113575 0 0 16225 0 0 0 0 0
124 48675 1 1 0 0 0 16225 0 0
125 64900 0 0 16225 0 0 0 0 0
126 32450 0 0 0 0 0 0 0 0
127 16225 0 0 16225 0 0 0 0 0
144 64900 0 0 16225 0 0 0 0 0
147 32450 0 0 0 0 0 0 0 0
152 81125 1 1 0 0 0 0 0 0
154 48675 0 0 16225 12782 0 0 0 0
fn=void lob::replay<lob::v18::BookT<lob::ChecksumSink, 16u> >(lob::v18::BookT<lob::ChecksumSink, 16u>&, std::__1::span<lob::Op const, 18446744073709551615ul>)
0 3285318 1 1 1461984 0 0 944365 0 0
72 1318437 1 1 0 0 0 0 0 0
76 2 0 0 0 0 0 0 0 0
77 878960 1 1 0 0 0 0 0 0
78 2 0 0 1 0 0 0 0 0
80 1318437 0 0 0 0 0 0 0 0
87 1514658 0 0 504886 2 1 0 0 0
88 1009772 0 0 0 0 0 504886 0 0
89 1514658 1 1 1009772 0 0 0 0 0
90 4 0 0 0 0 0 2 0 0
94 504886 0 0 504886 0 0 0 0 0
95 504886 0 0 0 0 0 504886 2 0
119 2298475 2 2 439479 0 0 0 0 0
123 3278513 2 2 490019 0 0 0 0 0
124 1394247 0 0 0 0 0 464749 0 0
125 1858996 0 0 464749 0 0 0 0 0
126 954775 0 0 1 0 0 0 0 0
127 904228 2 2 464749 0 0 0 0 0
128 25270 0 0 0 0 0 0 0 0
144 3777460 0 0 944365 0 0 0 0 0
147 3403388 0 0 0 0 0 0 0 0
152 2197399 1 1 0 0 0 0 0 0
154 1318439 0 0 439480 332820 0 0 0 0
167 2 0 0 0 0 0 0 0 0
168 504887 0 0 504887 27 7 0 0 0
169 3029320 1 1 0 0 0 0 0 0
171 2019544 1 1 0 0 0 504886 0 0
172 2019544 0 0 504886 0 0 504886 453867 256
175 3 0 0 1 1 0 0 0 0
fl=/home/wang/sources/cxx/book/include/lob/v18/book.hpp
fn=lob::v18::BookT<lob::ChecksumSink, 16u>::anchor_if_on_tick(long)
410 3 0 0 0 0 0 1 0 0
411 1 0 0 0 0 0 1 0 0
635 10 2 2 1 0 0 0 0 0
636 1 0 0 1 0 0 0 0 0
fn=lob::v18::BookT<lob::ChecksumSink, 16u>::modify(unsigned long, long, unsigned int)
0 412531 5 5 93666 0 0 216172 12 1
211 500715 1 1 0 0 0 333810 0 0
214 111270 0 0 0 0 0 0 0 0
215 111270 0 0 0 0 0 0 0 0
217 55635 0 0 55635 0 0 0 0 0
219 222540 0 0 55635 0 0 0 0 0
220 33531 0 0 0 0 0 33531 0 0
221 33531 0 0 33531 0 0 0 0 0
225 55635 0 0 55635 0 0 0 0 0
227 22104 1 1 22104 0 0 0 0 0
229 500715 1 1 389445 0 0 0 0 0
345 38590 0 0 0 0 0 0 0 0
365 65944 0 0 0 0 0 0 0 0
367 111270 0 0 0 0 0 0 0 0
388 55635 0 0 55635 24875 0 0 0 0
389 133374 1 1 0 0 0 0 0 0
404 32972 1 1 16486 0 0 0 0 0
405 49458 0 0 0 0 0 0 0 0
407 155478 1 1 99843 0 0 0 0 0
436 32972 1 1 16486 0 0 0 0 0
437 16486 0 0 0 0 0 0 0 0
438 65944 0 0 32972 0 0 16486 0 0
439 16486 0 0 0 0 0 0 0 0
445 49458 0 0 0 0 0 49458 0 0
446 32972 1 1 0 0 0 32972 12607 0
451 44208 0 0 22104 0 0 22104 0 0
452 44208 1 1 22104 0 0 22104 0 0
462 32972 0 0 16486 86 0 0 0 0
464 98916 0 0 16486 0 0 0 0 0
465 16486 0 0 0 0 0 16486 727 0
466 16486 0 0 0 0 0 16486 0 0
467 16486 0 0 0 0 0 16486 0 0
468 16486 0 0 0 0 0 16486 0 0
477 110520 0 0 0 0 0 0 0 0
478 132624 0 0 22104 0 0 0 0 0
479 22104 0 0 0 0 0 22104 9819 0
480 22104 0 0 0 0 0 22104 9678 0
489 88416 0 0 0 0 0 0 0 0
490 66312 0 0 0 0 0 0 0 0
491 116138 0 0 0 0 0 5618 0 0
492 22104 0 0 22104 0 0 0 0 0
493 22104 0 0 0 0 0 0 0 0
494 88416 0 0 0 0 0 0 0 0
495 44208 0 0 0 0 0 0 0 0
500 22104 0 0 0 0 0 0 0 0
501 5618 0 0 0 0 0 0 0 0
502 5700 0 0 0 0 0 2850 0 0
504 5536 0 0 0 0 0 2768 0 0
505 11236 0 0 0 0 0 0 0 0
568 32972 0 0 16486 0 0 0 0 0
570 49458 0 0 0 0 0 0 0 0
572 16486 0 0 0 0 0 0 0 0
573 49458 0 0 16486 0 0 0 0 0
574 65944 0 0 0 0 0 0 0 0
579 16486 1 1 0 0 0 16486 0 0
580 16486 0 0 16486 0 0 0 0 0
597 22104 0 0 0 0 0 0 0 0
600 198936 1 1 44208 0 0 0 0 0
601 66312 1 1 22104 0 0 0 0 0
603 154728 0 0 0 0 0 0 0 0
fn=unsigned int lob::v18::BookT<lob::ChecksumSink, 16u>::match<(lob::Side)0>(unsigned long, long, unsigned int)
0 342263 4 4 62010 0 0 77890 6 0
407 31156 0 0 15578 0 0 0 0 0
451 32984 0 0 16492 0 0 16492 0 0
452 16492 0 0 0 0 0 16492 0 0
473 32984 0 0 16492 0 0 0 0 0
474 32984 0 0 16492 0 0 0 0 0
477 82460 0 0 16492 0 0 0 0 0
478 65968 0 0 16492 0 0 0 0 0
479 16492 0 0 0 0 0 16492 0 0
480 16492 0 0 0 0 0 16492 7985 0
515 109046 1 1 0 0 0 93468 885 0
525 31156 1 1 0 0 0 0 0 0
528 46734 0 0 0 0 0 0 0 0
531 15578 0 0 0 0 0 0 0 0
536 15578 0 0 0 0 0 0 0 0
538 31156 0 0 0 0 0 0 0 0
539 140202 1 1 31156 0 0 31156 0 0
540 155025 0 0 31005 0 0 0 0 0
543 124020 0 0 0 0 0 0 0 0
544 31005 0 0 31005 14278 0 0 0 0
545 31005 0 0 31005 0 0 0 0 0
547 93015 1 1 0 0 0 31005 0 0
548 31005 0 0 0 0 0 0 0 0
554 31156 0 0 15578 0 0 0 0 0
562 155780 1 1 109046 0 0 0 0 0
fn=unsigned int lob::v18::BookT<lob::ChecksumSink, 16u>::match<(lob::Side)1>(unsigned long, long, unsigned int)
0 352373 4 4 76712 0 0 76550 2 0
407 30620 0 0 15310 0 0 0 0 0
451 32450 0 0 16225 0 0 16225 0 0
452 16225 0 0 0 0 0 16225 0 0
473 32450 0 0 16225 0 0 0 0 0
474 32450 0 0 16225 0 0 0 0 0
477 81125 0 0 16225 0 0 0 0 0
478 64900 0 0 16225 0 0 0 0 0
479 16225 0 0 0 0 0 16225 0 0
480 16225 0 0 0 0 0 16225 7768 0
515 107170 0 0 0 0 0 91860 845 0
525 30620 1 1 0 0 0 0 0 0
528 45930 0 0 0 0 0 0 0 0
531 15310 0 0 0 0 0 0 0 0
532 15310 0 0 0 0 0 0 0 0
536 15310 0 0 0 0 0 0 0 0
538 30620 0 0 0 0 0 0 0 0
539 137790 1 1 30620 0 0 30620 0 0
540 153505 0 0 30701 0 0 0 0 0
543 122804 0 0 0 0 0 0 0 0
544 30701 1 1 30701 14115 0 0 0 0
545 30701 0 0 30701 0 0 0 0 0
547 92103 0 0 0 0 0 30701 0 0
548 30701 0 0 0 0 0 0 0 0
554 30620 0 0 15310 0 0 0 0 0
562 153100 0 0 107170 0 0 0 0 0
fn=void lob::replay<lob::v18::BookT<lob::ChecksumSink, 16u> >(lob::v18::BookT<lob::ChecksumSink, 16u>&, std::__1::span<lob::Op const, 18446744073709551615ul>)
0 10164540 3 3 4729062 125001 125000 1928867 1 1
183 4888730 1 1 1000000 179945 179942 0 0 0
185 2019544 2 2 1514658 63211 63211 0 0 0
189 333810 0 0 111270 6848 6848 55635 0 0
195 504886 0 0 0 0 0 0 0 0
196 1928867 0 0 0 0 0 0 0 0
197 504886 0 0 0 0 0 504886 0 0
206 878958 0 0 878958 195268 0 0 0 0
208 439479 0 0 439479 0 0 0 0 0
345 2757285 0 0 0 0 0 0 0 0
365 3836976 0 0 24 0 0 0 0 0
367 878958 0 0 0 0 0 0 0 0
399 2 0 0 1 0 0 0 0 0
404 959232 0 0 479616 0 0 0 0 0
405 1438848 0 0 0 0 0 0 0 0
407 1009770 0 0 1009770 0 0 0 0 0
436 1438848 0 0 479616 3 1 0 0 0
437 479616 1 1 0 0 0 0 0 0
438 1432842 0 0 477614 18231 0 477614 0 0
439 477614 0 0 0 0 0 0 0 0
440 6006 1 1 0 0 0 0 0 0
445 2400082 1 1 479616 0 0 479616 0 0
446 959232 0 0 0 0 0 959232 346382 0
451 878958 0 0 439479 0 0 439479 0 0
452 439479 0 0 0 0 0 439479 0 0
462 1438848 0 0 479616 1718 11 0 0 0
464 2398080 1 1 479616 0 0 0 0 0
465 479616 0 0 0 0 0 479616 9328 0
466 479616 0 0 0 0 0 479616 0 0
467 479616 0 0 0 0 0 479616 0 0
468 479616 0 0 0 0 0 479616 0 0
477 2197395 1 1 0 0 0 0 0 0
478 2636874 1 1 439479 0 0 0 0 0
479 439479 0 0 0 0 0 439479 194485 0
480 439479 0 0 0 0 0 439479 192227 0
489 1514658 1 1 0 0 0 0 0 0
490 1514655 0 0 0 0 0 0 0 0
491 3004046 2 2 0 0 0 25270 0 0
492 504886 0 0 504886 4 1 0 0 0
494 2019540 0 0 0 0 0 0 0 0
495 1009772 1 1 0 0 0 0 0 0
500 504886 0 0 0 0 0 0 0 0
501 25270 0 0 0 0 0 0 0 0
502 25456 0 0 0 0 0 12728 0 0
504 25084 0 0 0 0 0 12542 0 0
505 50540 0 0 0 0 0 0 0 0
568 959238 1 1 479616 0 0 1 0 0
572 479616 0 0 0 0 0 0 0 0
573 1438848 0 0 479616 1 0 0 0 0
574 479616 0 0 0 0 0 0 0 0
579 479616 0 0 0 0 0 479616 1 0
580 479616 0 0 479616 4 1 0 0 0
595 439479 0 0 439479 0 0 0 0 0
597 878958 0 0 0 0 0 0 0 0
600 4394790 0 0 878958 0 0 0 0 0
601 1318437 0 0 439479 0 0 439479 0 0
603 1757916 0 0 0 0 0 0 0 0
fl=/home/wang/sources/cxx/book/include/lob/v3/hier_bitmap.hpp
fn=lob::v18::BookT<lob::ChecksumSink, 16u>::modify(unsigned long, long, unsigned int)
48 66312 1 1 44208 0 0 0 0 0
57 32972 0 0 0 0 0 0 0 0
58 49458 0 0 16486 1 0 0 0 0
59 49458 1 1 32972 0 0 32972 895 0
78 66312 0 0 22104 0 0 0 0 0
79 66312 0 0 22104 1 0 0 0 0
80 22104 0 0 0 0 0 0 0 0
95 110520 0 0 0 0 0 0 0 0
fn=unsigned int lob::v18::BookT<lob::ChecksumSink, 16u>::match<(lob::Side)0>(unsigned long, long, unsigned int)
0 15578 0 0 15578 0 0 0 0 0
48 46734 1 1 31156 0 0 0 0 0
95 77890 0 0 0 0 0 0 0 0
fn=unsigned int lob::v18::BookT<lob::ChecksumSink, 16u>::match<(lob::Side)1>(unsigned long, long, unsigned int)
48 45930 1 1 30620 0 0 0 0 0
95 76550 0 0 0 0 0 0 0 0
fn=void lob::replay<lob::v18::BookT<lob::ChecksumSink, 16u> >(lob::v18::BookT<lob::ChecksumSink, 16u>&, std::__1::span<lob::Op const, 18446744073709551615ul>)
0 504889 0 0 0 0 0 0 0 0
48 1514658 0 0 1009772 10 2 0 0 0
57 959238 0 0 0 0 0 0 0 0
58 1438860 1 1 479619 29 6 0 0 0
59 1438866 0 0 959241 1 1 959238 3 1
78 1318437 1 1 439479 0 0 0 0 0
79 1318437 0 0 439479 12 0 0 0 0
80 439479 0 0 0 0 0 0 0 0
95 2524425 0 0 0 0 0 0 0 0
fl=/home/wang/sources/cxx/book/source/main.cxx
fn=auto lob::for_each_type<std::__1::tuple<lob::v0::Book<lob::ChecksumSink>, lob::v1::Book<lob::ChecksumSink>, lob::v2::Book<lob::ChecksumSink>, lob::v3::BookT<lob::ChecksumSink, 16u>, lob::v4::BookT<lob::ChecksumSink, 16u>, lob::v5::BookT<lob::ChecksumSink, 16u>, lob::v7::BookT<lob::ChecksumSink, 16u>, lob::v8::BookT<lob::ChecksumSink, 16u>, lob::v9::BookT<lob::ChecksumSink, 16u>, lob::v10::BookT<lob::ChecksumSink, 16u>, lob::v11::BookT<lob::ChecksumSink, 16u>, lob::v12::BookT<lob::ChecksumSink, 16u>, lob::v13::BookT<lob::ChecksumSink, 16u>, lob::v14::BookT<lob::ChecksumSink, 16u>, lob::v15::BookT<lob::ChecksumSink, 16u>, lob::v16::BookT<lob::ChecksumSink, 16u>, lob::v17::BookT<lob::ChecksumSink, 16u>, lob::v18::BookT<lob::ChecksumSink, 16u>, lob::v19::BookT<lob::ChecksumSink, 16u> >, (anonymous namespace)::with_version<(anonymous namespace)::cmd_replay((anonymous namespace)::Args const&)::$_0>(std::__1::basic_string_view<char, std::__1::char_traits<char> >, (anonymous namespace)::cmd_replay((anonymous namespace)::Args const&)::$_0&&)::{lambda<typename $T0>()#1}>((anonymous namespace)::with_version<(anonymous namespace)::cmd_replay((anonymous namespace)::Args const&)::$_0>(std::__1::basic_string_view<char, std::__1::char_traits<char> >, (anonymous namespace)::cmd_replay((anonymous namespace)::Args const&)::$_0&&)::{lambda<typename $T0>()#1}&&)::{lambda<unsigned long... $N0>(std::__1::integer_sequence<unsigned long, ($N0)...>)#1}::operator()<0ul, 1ul, 2ul, 3ul, 4ul, 5ul, 6ul, 7ul, 8ul, 9ul, 10ul, 11ul, 12ul, 13ul, 14ul, 15ul, 16ul, 17ul, 18ul>(std::__1::integer_sequence<unsigned long, 0ul, 1ul, 2ul, 3ul, 4ul, 5ul, 6ul, 7ul, 8ul, 9ul, 10ul, 11ul, 12ul, 13ul, 14ul, 15ul, 16ul, 17ul, 18ul>) const
294 2 1 1 0 0 0 1 1 1
295 3 0 0 1 1 1 1 1 1
296 9 2 2 0 0 0 6 1 1
fl=/usr/include/c++/v1/__algorithm/comp.h
fn=unsigned int lob::v18::BookT<lob::ChecksumSink, 16u>::match<(lob::Side)0>(unsigned long, long, unsigned int)
41 31005 0 0 31005 303 0 0 0 0
fn=unsigned int lob::v18::BookT<lob::ChecksumSink, 16u>::match<(lob::Side)1>(unsigned long, long, unsigned int)
41 30701 0 0 30701 344 0 0 0 0
fl=/usr/include/c++/v1/__bit/countr.h
fn=lob::v16::OrderIndex::alloc(unsigned long)
28 6 0 0 0 0 0 0 0 0
fn=lob::v16::OrderIndex::grow()
28 5376 0 0 0 0 0 0 0 0
fn=lob::v18::BookT<lob::ChecksumSink, 16u>::modify(unsigned long, long, unsigned int)
28 199686 0 0 44208 0 0 0 0 0
fn=unsigned int lob::v18::BookT<lob::ChecksumSink, 16u>::match<(lob::Side)0>(unsigned long, long, unsigned int)
28 110874 1 1 31156 0 0 0 0 0
fn=unsigned int lob::v18::BookT<lob::ChecksumSink, 16u>::match<(lob::Side)1>(unsigned long, long, unsigned int)
28 109000 1 1 30620 0 0 0 0 0
fn=void lob::replay<lob::v18::BookT<lob::ChecksumSink, 16u> >(lob::v18::BookT<lob::ChecksumSink, 16u>&, std::__1::span<lob::Op const, 18446744073709551615ul>)
28 3908270 0 0 1009770 8 0 0 0 0
fl=/usr/include/c++/v1/__iterator/wrap_iter.h
fn=void lob::replay<lob::v18::BookT<lob::ChecksumSink, 16u> >(lob::v18::BookT<lob::ChecksumSink, 16u>&, std::__1::span<lob::Op const, 18446744073709551615ul>)
65 1000000 0 0 0 0 0 0 0 0
125 1000001 0 0 0 0 0 0 0 0
fl=/usr/include/c++/v1/__memory/allocator.h
fn=void lob::replay<lob::v18::BookT<lob::ChecksumSink, 16u> >(lob::v18::BookT<lob::ChecksumSink, 16u>&, std::__1::span<lob::Op const, 18446744073709551615ul>)
100 60 1 1 0 0 0 12 0 0
fl=/usr/include/c++/v1/__memory/construct_at.h
fn=void lob::replay<lob::v18::BookT<lob::ChecksumSink, 16u> >(lob::v18::BookT<lob::ChecksumSink, 16u>&, std::__1::span<lob::Op const, 18446744073709551615ul>)
38 8008 0 0 0 0 0 4004 942 691
fl=/usr/include/c++/v1/__memory/uninitialized_algorithms.h
fn=void lob::replay<lob::v18::BookT<lob::ChecksumSink, 16u> >(lob::v18::BookT<lob::ChecksumSink, 16u>&, std::__1::span<lob::Op const, 18446744073709551615ul>)
0 24 1 1 24 0 0 0 0 0
638 72 0 0 0 0 0 24 0 0
fl=/usr/include/c++/v1/__memory/unique_ptr.h
fn=lob::v16::OrderIndex::alloc(unsigned long)
91 2 0 0 0 0 0 2 0 0
287 2 0 0 2 0 0 0 0 0
288 2 0 0 0 0 0 2 0 0
289 4 0 0 0 0 0 0 0 0
606 2 1 1 2 0 0 0 0 0
607 2 0 0 0 0 0 2 0 0
609 4 0 0 0 0 0 0 0 0
765 14 0 0 0 0 0 4 0 0
fn=lob::v16::OrderIndex::grow()
281 2 0 0 2 0 0 0 0 0
282 2 0 0 0 0 0 2 0 0
fn=lob::v18::BookT<lob::ChecksumSink, 16u>::modify(unsigned long, long, unsigned int)
583 5618 0 0 5618 0 0 0 0 0
fn=unsigned int lob::v18::BookT<lob::ChecksumSink, 16u>::match<(lob::Side)0>(unsigned long, long, unsigned int)
583 16492 0 0 16492 0 0 0 0 0
fn=unsigned int lob::v18::BookT<lob::ChecksumSink, 16u>::match<(lob::Side)1>(unsigned long, long, unsigned int)
583 16225 0 0 16225 0 0 0 0 0
fn=void lob::replay<lob::v18::BookT<lob::ChecksumSink, 16u> >(lob::v18::BookT<lob::ChecksumSink, 16u>&, std::__1::span<lob::Op const, 18446744073709551615ul>)
583 464749 0 0 464749 0 0 0 0 0
fl=/usr/include/c++/v1/__new/allocate.h
fn=void lob::replay<lob::v18::BookT<lob::ChecksumSink, 16u> >(lob::v18::BookT<lob::ChecksumSink, 16u>&, std::__1::span<lob::Op const, 18446744073709551615ul>)
0 132 2 2 132 0 0 0 0 0
37 24 0 0 0 0 0 0 0 0
43 72 1 1 0 0 0 24 0 0
63 44 0 0 11 0 0 22 0 0
fl=/usr/include/c++/v1/__split_buffer
fn=void lob::replay<lob::v18::BookT<lob::ChecksumSink, 16u> >(lob::v18::BookT<lob::ChecksumSink, 16u>&, std::__1::span<lob::Op const, 18446744073709551615ul>)
0 11 0 0 11 0 0 0 0 0
334 24 0 0 0 0 0 0 0 0
335 24 0 0 0 0 0 0 0 0
341 48 0 0 0 0 0 0 0 0
fl=/usr/include/c++/v1/__utility/swap.h
fn=void lob::replay<lob::v18::BookT<lob::ChecksumSink, 16u> >(lob::v18::BookT<lob::ChecksumSink, 16u>&, std::__1::span<lob::Op const, 18446744073709551615ul>)
0 12 0 0 12 0 0 0 0 0
44 72 0 0 0 0 0 72 0 0
fl=/usr/include/c++/v1/__vector/vector.h
fn=auto lob::for_each_type<std::__1::tuple<lob::v0::Book<lob::ChecksumSink>, lob::v1::Book<lob::ChecksumSink>, lob::v2::Book<lob::ChecksumSink>, lob::v3::BookT<lob::ChecksumSink, 16u>, lob::v4::BookT<lob::ChecksumSink, 16u>, lob::v5::BookT<lob::ChecksumSink, 16u>, lob::v7::BookT<lob::ChecksumSink, 16u>, lob::v8::BookT<lob::ChecksumSink, 16u>, lob::v9::BookT<lob::ChecksumSink, 16u>, lob::v10::BookT<lob::ChecksumSink, 16u>, lob::v11::BookT<lob::ChecksumSink, 16u>, lob::v12::BookT<lob::ChecksumSink, 16u>, lob::v13::BookT<lob::ChecksumSink, 16u>, lob::v14::BookT<lob::ChecksumSink, 16u>, lob::v15::BookT<lob::ChecksumSink, 16u>, lob::v16::BookT<lob::ChecksumSink, 16u>, lob::v17::BookT<lob::ChecksumSink, 16u>, lob::v18::BookT<lob::ChecksumSink, 16u>, lob::v19::BookT<lob::ChecksumSink, 16u> >, (anonymous namespace)::with_version<(anonymous namespace)::cmd_replay((anonymous namespace)::Args const&)::$_0>(std::__1::basic_string_view<char, std::__1::char_traits<char> >, (anonymous namespace)::cmd_replay((anonymous namespace)::Args const&)::$_0&&)::{lambda<typename $T0>()#1}>((anonymous namespace)::with_version<(anonymous namespace)::cmd_replay((anonymous namespace)::Args const&)::$_0>(std::__1::basic_string_view<char, std::__1::char_traits<char> >, (anonymous namespace)::cmd_replay((anonymous namespace)::Args const&)::$_0&&)::{lambda<typename $T0>()#1}&&)::{lambda<unsigned long... $N0>(std::__1::integer_sequence<unsigned long, ($N0)...>)#1}::operator()<0ul, 1ul, 2ul, 3ul, 4ul, 5ul, 6ul, 7ul, 8ul, 9ul, 10ul, 11ul, 12ul, 13ul, 14ul, 15ul, 16ul, 17ul, 18ul>(std::__1::integer_sequence<unsigned long, 0ul, 1ul, 2ul, 3ul, 4ul, 5ul, 6ul, 7ul, 8ul, 9ul, 10ul, 11ul, 12ul, 13ul, 14ul, 15ul, 16ul, 17ul, 18ul>) const
388 5 0 0 1 0 0 0 0 0
449 1 0 0 1 1 1 0 0 0
fn=lob::v18::BookT<lob::ChecksumSink, 16u>::modify(unsigned long, long, unsigned int)
407 82430 0 0 32972 0 0 0 0 0
411 222540 1 1 55635 0 0 0 0 0
fn=unsigned int lob::v18::BookT<lob::ChecksumSink, 16u>::match<(lob::Side)0>(unsigned long, long, unsigned int)
407 140512 0 0 78502 0 0 0 0 0
fn=unsigned int lob::v18::BookT<lob::ChecksumSink, 16u>::match<(lob::Side)1>(unsigned long, long, unsigned int)
407 139029 0 0 77627 0 0 0 0 0
fn=void lob::replay<lob::v18::BookT<lob::ChecksumSink, 16u> >(lob::v18::BookT<lob::ChecksumSink, 16u>&, std::__1::span<lob::Op const, 18446744073709551615ul>)
0 10142 3 3 2038 0 0 4064 1 0
388 6054 1 1 2014 0 0 0 0 0
391 24 0 0 0 0 0 0 0 0
407 3234899 0 0 921097 0 0 0 0 0
475 3980 0 0 0 0 0 0 0 0
844 48 0 0 0 0 0 0 0 0
902 48 0 0 0 0 0 0 0 0
905 156 0 0 0 0 0 0 0 0
1128 24 1 1 0 0 0 0 0 0
1131 48 0 0 0 0 0 0 0 0
1145 2002 0 0 2002 0 0 0 0 0
1146 18018 0 0 4004 0 0 6006 0 0
1149 3980 0 0 0 0 0 0 0 0
1152 4004 0 0 0 0 0 4004 0 0
fl=/usr/include/c++/v1/map
fn=unsigned int lob::v18::BookT<lob::ChecksumSink, 16u>::match<(lob::Side)0>(unsigned long, long, unsigned int)
1031 31156 0 0 15578 0 0 0 0 0
fn=unsigned int lob::v18::BookT<lob::ChecksumSink, 16u>::match<(lob::Side)1>(unsigned long, long, unsigned int)
1031 30620 0 0 15310 0 0 0 0 0
fl=???
fn=???
0 248 13 13 164 28 11 4 0 0
fn=operator delete(void*)
0 120 0 0 24 0 0 24 0 0
fn=operator delete(void*, std::align_val_t)
0 10 1 1 2 0 0 2 0 0
fn=operator delete(void*, unsigned long)
0 110 1 1 22 0 0 22 0 0
fn=operator delete[](void*)
0 10 0 0 2 0 0 2 0 0
fn=operator new(unsigned long)
0 442 2 2 78 0 0 104 1 1
fn=operator new(unsigned long, std::align_val_t)
0 54 3 3 8 0 0 8 0 0
fn=operator new[](unsigned long)
0 10 0 0 2 0 0 2 0 0
summary: 166400484 331 329 37868227 1046567 375151 16165511 1252104 3230
