desc: I1 cache:         32768 B, 64 B, 8-way associative
desc: D1 cache:         49152 B, 64 B, 12-way associative
desc: LL cache:         6291456 B, 64 B, 12-way associative
cmd: /home/wang/sources/cxx/book/build/profile/book replay --workload data/syn_aggressive_s42.ops --version v5
events: Ir I1mr ILmr Dr D1mr DLmr Dw D1mw DLmw 
fl=./malloc/./malloc/arena.c
fn=free
153 54 0 0 0 0 0 0 0 0
fn=malloc
153 38 0 0 0 0 0 0 0 0
fl=./malloc/./malloc/malloc.c
fn=_int_free
1792 10 0 0 10 2 0 0 0 0
3163 16 1 1 8 0 0 8 0 0
3165 32 0 0 8 4 4 8 0 0
3166 8 0 0 0 0 0 8 0 0
3167 16 0 0 0 0 0 8 0 0
4495 126 1 1 0 0 0 72 1 0
4499 54 1 1 18 0 0 0 0 0
4505 72 0 0 0 0 0 0 0 0
4506 36 0 0 0 0 0 0 0 0
4510 90 0 0 0 0 0 0 0 0
4517 36 0 0 0 0 0 0 0 0
4518 108 1 1 54 2 0 0 0 0
4521 8 0 0 0 0 0 0 0 0
4527 24 0 0 16 1 1 0 0 0
4547 40 1 1 16 0 0 0 0 0
4550 8 0 0 0 0 0 0 0 0
4561 20 0 0 0 0 0 0 0 0
4637 20 0 0 10 0 0 0 0 0
4640 20 0 0 10 2 0 0 0 0
4643 20 1 1 0 0 0 0 0 0
4646 20 0 0 0 0 0 0 0 0
4658 98 1 1 80 0 0 0 0 0
fn=_int_free_maybe_consolidate
4770 110 2 1 10 2 0 70 0 0
4776 20 0 0 0 0 0 0 0 0
4798 110 1 1 90 0 0 0 0 0
fn=_int_free_merge_chunk
1992 30 0 0 10 0 0 0 0 0
4665 80 1 1 0 0 0 60 1 0
4666 10 0 0 0 0 0 0 0 0
4670 60 0 0 10 2 0 0 0 0
4673 40 1 1 10 2 0 0 0 0
4675 30 1 1 10 3 0 0 0 0
4678 30 0 0 10 0 0 0 0 0
4681 20 0 0 0 0 0 0 0 0
4682 20 0 0 0 0 0 0 0 0
4683 20 0 0 10 2 0 0 0 0
4689 20 1 1 10 0 0 0 0 0
4691 8 0 0 8 0 0 0 0 0
4692 8 0 0 0 0 0 0 0 0
4693 8 0 0 0 0 0 0 0 0
4694 32 0 0 8 2 0 0 0 0
4696 16 0 0 0 0 0 8 0 0
4701 30 0 0 0 0 0 0 0 0
4702 70 0 0 60 0 0 0 0 0
4714 20 0 0 10 0 0 0 0 0
4720 20 0 0 10 0 0 0 0 0
4724 10 0 0 10 0 0 0 0 0
4732 10 0 0 0 0 0 0 0 0
4733 40 1 1 10 0 0 0 0 0
4734 20 0 0 10 0 0 0 0 0
4736 10 0 0 0 0 0 10 0 0
4738 20 0 0 0 0 0 0 0 0
4740 30 1 1 0 0 0 10 0 0
4743 10 0 0 0 0 0 10 0 0
4744 10 0 0 0 0 0 10 0 0
4746 30 0 0 0 0 0 10 0 0
4747 10 0 0 0 0 0 10 0 0
fn=_int_malloc
1326 38 0 0 0 0 0 0 0 0
1345 114 0 0 0 0 0 0 0 0
1794 19 1 1 19 0 0 0 0 0
1985 9 0 0 3 0 0 0 0 0
2008 4 0 0 1 0 0 0 0 0
2552 6 1 1 2 2 2 2 0 0
2553 1 1 1 0 0 0 1 0 0
2564 2 1 1 1 1 1 0 0 0
2589 4 0 0 1 0 0 1 0 0
2590 2 0 0 0 0 0 1 0 0
2599 12 1 1 3 0 0 0 0 0
2605 3 0 0 2 0 0 0 0 0
2608 3 1 1 0 0 0 0 0 0
2669 3 1 1 1 0 0 1 0 0
2677 2 0 0 1 0 0 0 0 0
2678 3 0 0 1 0 0 1 0 0
2691 3 1 1 1 0 0 0 0 0
2693 1 0 0 1 0 0 0 0 0
2699 5 0 0 1 0 0 1 0 0
2707 2 0 0 0 0 0 0 0 0
2709 4 2 2 0 0 0 2 0 0
2710 3 0 0 1 0 0 0 0 0
2711 1 0 0 0 0 0 0 0 0
2712 1 0 0 0 0 0 0 0 0
2715 2 0 0 0 0 0 0 0 0
2744 7 1 1 3 0 0 0 0 0
2746 2 1 1 0 0 0 1 0 0
2752 8 0 0 1 0 0 0 0 0
2753 6 0 0 1 0 0 1 0 0
2921 3 1 1 2 0 0 0 0 0
2922 1 0 0 0 0 0 1 0 0
2926 1 0 0 1 0 0 0 0 0
2930 5 1 1 2 0 0 0 0 0
2932 1 0 0 0 0 0 0 0 0
2933 1 0 0 0 0 0 0 0 0
2934 1 0 0 0 0 0 1 0 0
2935 7 0 0 0 0 0 1 0 0
2936 2 0 0 0 0 0 1 1 1
2938 1 0 0 0 0 0 0 0 0
3846 209 2 2 19 2 1 133 3 1
3887 38 0 0 0 0 0 0 0 0
3914 38 0 0 0 0 0 0 0 0
3916 4 0 0 0 0 0 0 0 0
3919 1 0 0 1 1 1 0 0 0
3921 2 0 0 0 0 0 0 0 0
3930 3 2 2 0 0 0 0 0 0
3977 36 1 1 0 0 0 0 0 0
3979 32 0 0 0 0 0 0 0 0
3980 12 1 1 0 0 0 0 0 0
3982 18 0 0 6 6 6 0 0 0
4039 140 1 1 0 0 0 0 0 0
4040 39 0 0 13 1 0 0 0 0
4058 57 1 1 19 0 0 0 0 0
4059 57 0 0 0 0 0 19 0 0
4060 57 1 1 38 0 0 0 0 0
4069 18 0 0 0 0 0 9 0 0
4070 133 1 1 30 1 1 19 0 0
4072 11 0 0 11 0 0 0 0 0
4073 22 0 0 11 1 0 0 0 0
4074 11 0 0 0 0 0 0 0 0
4076 22 0 0 0 0 0 0 0 0
4077 33 1 1 11 1 0 0 0 0
4079 11 0 0 11 2 0 0 0 0
4080 44 0 0 0 0 0 0 0 0
4082 44 0 0 11 0 0 0 0 0
4084 22 1 1 11 0 0 0 0 0
4085 22 0 0 11 0 0 0 0 0
4087 22 0 0 0 0 0 0 0 0
4098 44 0 0 0 0 0 0 0 0
4127 11 0 0 0 0 0 11 0 0
4128 11 0 0 0 0 0 11 0 0
4132 22 0 0 0 0 0 0 0 0
4161 23 2 2 0 0 0 0 0 0
4169 159 2 2 0 0 0 11 0 0
4170 32 1 1 0 0 0 0 0 0
4171 11 0 0 11 7 3 0 0 0
4174 22 0 0 0 0 0 0 0 0
4177 1 0 0 0 0 0 0 0 0
4179 4 0 0 2 0 0 0 0 0
4180 2 0 0 0 0 0 0 0 0
4186 4 1 1 0 0 0 1 0 0
4187 1 0 0 1 0 0 0 0 0
4188 3 0 0 0 0 0 2 0 0
4218 40 0 0 0 0 0 10 0 0
4221 77 2 2 22 2 0 0 0 0
4222 11 0 0 0 0 0 11 0 0
4223 11 0 0 0 0 0 11 0 0
4224 11 0 0 0 0 0 11 0 0
4225 11 0 0 0 0 0 11 0 0
4230 22 0 0 22 0 0 0 0 0
4231 22 0 0 0 0 0 0 0 0
4240 44 1 1 22 0 0 0 0 0
4246 18 0 0 0 0 0 0 0 0
4257 57 1 1 0 0 0 0 0 0
4259 52 0 0 0 0 0 0 0 0
4262 39 0 0 13 8 7 0 0 0
4263 20 1 1 1 0 0 0 0 0
4266 1 0 0 1 0 0 0 0 0
4267 6 0 0 1 0 0 0 0 0
4273 2 1 1 1 0 0 0 0 0
4278 3 0 0 0 0 0 1 0 0
4279 3 0 0 0 0 0 2 1 0
4282 4 0 0 2 0 0 0 0 0
4291 1 0 0 0 0 0 0 0 0
4295 4 1 1 1 0 0 0 0 0
4296 2 0 0 1 0 0 0 0 0
4299 1 0 0 0 0 0 1 1 0
4300 1 0 0 0 0 0 1 0 0
4301 1 0 0 0 0 0 1 0 0
4302 2 0 0 0 0 0 0 0 0
4304 2 0 0 0 0 0 1 0 0
4307 8 1 1 0 0 0 1 0 0
4309 3 0 0 0 0 0 1 0 0
4310 1 0 0 0 0 0 1 0 0
4313 1 0 0 0 0 0 0 0 0
4330 18 0 0 0 0 0 0 0 0
4331 36 0 0 0 0 0 0 0 0
4332 36 0 0 0 0 0 0 0 0
4333 36 0 0 18 1 1 0 0 0
4334 108 0 0 0 0 0 0 0 0
4339 69 1 1 0 0 0 0 0 0
4343 101 1 1 0 0 0 0 0 0
4346 80 1 1 20 0 0 0 0 0
4353 24 0 0 0 0 0 0 0 0
4355 9 0 0 0 0 0 0 0 0
4357 18 0 0 0 0 0 0 0 0
4361 3 0 0 3 0 0 0 0 0
4364 6 0 0 0 0 0 0 0 0
4373 12 1 1 3 0 0 0 0 0
4376 6 0 0 0 0 0 0 0 0
4378 9 1 1 0 0 0 3 0 0
4381 9 0 0 0 0 0 6 1 0
4384 12 0 0 6 0 0 0 0 0
4394 3 0 0 0 0 0 0 0 0
4399 12 0 0 3 0 0 0 0 0
4400 6 1 1 3 0 0 0 0 0
4403 3 0 0 0 0 0 3 0 0
4404 3 0 0 0 0 0 3 0 0
4405 3 0 0 0 0 0 3 0 0
4408 6 0 0 0 0 0 0 0 0
4410 6 0 0 0 0 0 0 0 0
4412 6 0 0 0 0 0 3 0 0
4415 24 1 1 0 0 0 3 0 0
4417 9 0 0 0 0 0 3 0 0
4418 3 0 0 0 0 0 3 0 0
4421 3 0 0 0 0 0 0 0 0
4443 15 1 1 15 0 0 0 0 0
4444 30 0 0 15 0 0 0 0 0
4446 30 0 0 15 1 1 0 0 0
4449 45 0 0 0 0 0 0 0 0
4451 14 0 0 0 0 0 0 0 0
4452 28 1 1 0 0 0 0 0 0
4453 14 0 0 0 0 0 14 0 0
4454 112 1 1 0 0 0 14 0 0
4456 28 0 0 0 0 0 14 14 14
4459 30 0 0 0 0 0 0 0 0
4460 48 0 0 0 0 0 16 1 1
4461 16 0 0 0 0 0 0 0 0
4466 4 0 0 1 0 0 1 0 0
4482 1 0 0 0 0 0 0 0 0
4487 228 2 2 171 0 0 0 0 0
fn=alloc_perturb
1985 48 1 1 16 0 0 0 0 0
1987 16 0 0 16 0 0 0 0 0
fn=free
3359 126 2 2 0 0 0 72 0 0
3363 36 0 0 0 0 0 0 0 0
3371 36 0 0 36 6 2 0 0 0
3373 18 0 0 0 0 0 0 0 0
3375 54 0 0 18 2 0 0 0 0
3392 54 0 0 36 4 0 0 0 0
3398 54 1 1 0 0 0 18 1 0
3401 18 0 0 0 0 0 18 0 0
3402 108 0 0 90 0 0 0 0 0
fn=malloc
1326 40 0 0 0 0 0 0 0 0
1345 100 1 1 0 0 0 0 0 0
3178 2 0 0 1 1 1 0 0 0
3182 2 0 0 0 0 0 0 0 0
3186 4 1 1 1 1 1 1 0 0
3190 2 0 0 0 0 0 1 0 0
3191 1 0 0 0 0 0 1 0 0
3294 160 1 1 0 0 0 80 1 1
3301 40 0 0 20 2 1 0 0 0
3311 40 0 0 0 0 0 0 0 0
3313 80 0 0 40 4 2 0 0 0
3316 40 0 0 20 2 1 0 0 0
3318 24 1 1 8 2 2 0 0 0
3326 38 1 1 19 4 1 0 0 0
3328 76 0 0 0 0 0 19 3 1
3329 95 1 1 19 0 0 0 0 0
3354 120 1 1 100 0 0 0 0 0
fn=unlink_chunk.isra.0
1608 24 1 1 0 0 0 12 0 0
1610 60 0 0 24 0 0 0 0 0
1613 24 0 0 24 0 0 0 0 0
1614 24 0 0 12 0 0 0 0 0
1616 48 2 1 24 3 0 0 0 0
1619 12 0 0 0 0 0 12 0 0
1620 12 0 0 0 0 0 12 0 0
1621 60 0 0 12 0 0 0 0 0
1623 22 0 0 11 0 0 0 0 0
1624 33 0 0 22 0 0 0 0 0
1627 22 0 0 11 2 0 0 0 0
1641 11 0 0 0 0 0 11 0 0
1642 11 1 1 0 0 0 11 0 0
1645 24 0 0 24 0 0 0 0 0
fl=./malloc/./malloc/morecore.c
fn=__glibc_morecore
25 3 1 1 0 0 0 1 0 0
26 2 0 0 1 0 0 0 0 0
29 1 0 0 0 0 0 1 0 0
30 2 0 0 0 0 0 0 0 0
34 2 0 0 2 0 0 0 0 0
fl=./misc/../sysdeps/unix/sysv/linux/brk.c
fn=brk
36 1 1 1 0 0 0 0 0 0
37 2 0 0 1 0 0 1 0 0
38 2 0 0 0 0 0 0 0 0
44 1 0 0 0 0 0 0 0 0
45 1 0 0 1 0 0 0 0 0
fl=./misc/../sysdeps/unix/sysv/linux/brk_call.h
fn=brk
24 2 0 0 0 0 0 0 0 0
fl=./misc/./misc/sbrk.c
fn=sbrk
37 8 1 1 0 0 0 4 0 0
40 2 0 0 2 2 2 0 0 0
43 2 1 1 1 1 1 0 0 0
58 2 0 0 0 0 0 0 0 0
62 2 0 0 0 0 0 0 0 0
66 4 1 1 0 0 0 0 0 0
74 3 1 1 0 0 0 1 0 0
78 7 0 0 5 0 0 0 0 0
fl=./string/../sysdeps/x86_64/multiarch/memmove-vec-unaligned-erms.S
fn=__memcpy_avx_unaligned_erms
255 12 1 1 0 0 0 0 0 0
256 12 0 0 0 0 0 0 0 0
262 12 0 0 0 0 0 0 0 0
263 12 0 0 0 0 0 0 0 0
265 11 0 0 11 1 0 0 0 0
266 11 0 0 0 0 0 0 0 0
267 11 0 0 0 0 0 0 0 0
270 2 0 0 2 0 0 0 0 0
271 2 0 0 0 0 0 2 0 0
272 2 0 0 0 0 0 2 0 0
275 4 0 0 2 0 0 0 0 0
305 1 0 0 0 0 0 0 0 0
306 1 0 0 0 0 0 0 0 0
308 1 0 0 0 0 0 0 0 0
309 1 0 0 0 0 0 0 0 0
311 1 0 0 0 0 0 0 0 0
315 1 0 0 0 0 0 0 0 0
316 1 1 1 0 0 0 0 0 0
317 1 0 0 0 0 0 0 0 0
325 1 0 0 1 0 0 0 0 0
375 1 1 1 1 0 0 0 0 0
376 1 0 0 1 0 0 0 0 0
377 1 0 0 0 0 0 1 1 1
378 1 0 0 0 0 0 1 0 0
379 1 0 0 0 0 0 1 1 1
380 1 0 0 0 0 0 1 0 0
381 2 0 0 1 0 0 0 0 0
386 9 2 1 9 1 1 0 0 0
387 9 0 0 0 0 0 0 0 0
392 7 0 0 0 0 0 0 0 0
393 7 0 0 0 0 0 0 0 0
395 2 0 0 2 0 0 0 0 0
396 2 0 0 0 0 0 0 0 0
397 2 0 0 0 0 0 0 0 0
399 1 0 0 1 0 0 0 0 0
400 1 0 0 1 0 0 0 0 0
401 1 0 0 1 0 0 0 0 0
402 1 0 0 1 0 0 0 0 0
403 1 0 0 1 0 0 0 0 0
404 1 1 1 1 0 0 0 0 0
405 1 0 0 0 0 0 1 0 0
406 1 0 0 0 0 0 1 1 1
407 1 0 0 0 0 0 1 0 0
408 1 0 0 0 0 0 1 1 1
409 1 0 0 0 0 0 1 1 1
410 1 0 0 0 0 0 1 0 0
411 1 0 0 0 0 0 1 0 0
412 1 0 0 0 0 0 1 0 0
413 2 0 0 1 0 0 0 0 0
417 5 0 0 0 0 0 0 0 0
418 5 0 0 0 0 0 0 0 0
422 5 0 0 0 0 0 0 0 0
424 5 1 1 0 0 0 0 0 0
428 5 0 0 5 1 1 0 0 0
429 5 0 0 0 0 0 0 0 0
440 5 0 0 0 0 0 0 0 0
443 5 0 0 0 0 0 0 0 0
445 5 0 0 0 0 0 0 0 0
447 5 0 0 0 0 0 0 0 0
451 5 0 0 0 0 0 0 0 0
452 5 0 0 0 0 0 0 0 0
461 4 0 0 4 0 0 0 0 0
462 4 0 0 4 0 0 0 0 0
464 4 0 0 0 0 0 0 0 0
466 4 0 0 0 0 0 0 0 0
467 4 1 1 4 0 0 0 0 0
468 4 0 0 4 0 0 0 0 0
471 4 0 0 0 0 0 0 0 0
473 4 0 0 0 0 0 0 0 0
475 4 0 0 0 0 0 0 0 0
477 8 0 0 0 0 0 0 0 0
483 56 0 0 56 0 0 0 0 0
484 56 0 0 56 0 0 0 0 0
485 56 0 0 56 0 0 0 0 0
486 56 0 0 56 0 0 0 0 0
487 56 0 0 0 0 0 0 0 0
488 56 0 0 0 0 0 56 42 42
489 56 0 0 0 0 0 56 15 15
490 56 1 1 0 0 0 56 41 41
491 56 0 0 0 0 0 56 15 15
492 56 0 0 0 0 0 0 0 0
493 56 0 0 0 0 0 0 0 0
494 56 0 0 0 0 0 0 0 0
496 4 0 0 0 0 0 4 1 1
497 4 0 0 0 0 0 4 3 3
498 4 0 0 0 0 0 4 0 0
499 4 0 0 0 0 0 4 0 0
501 4 0 0 0 0 0 4 0 0
505 8 0 0 4 0 0 0 0 0
518 1 0 0 1 0 0 0 0 0
519 1 0 0 1 0 0 0 0 0
521 1 1 1 0 0 0 0 0 0
522 1 0 0 1 0 0 0 0 0
523 1 0 0 1 0 0 0 0 0
525 1 0 0 0 0 0 0 0 0
527 1 0 0 0 0 0 0 0 0
529 2 0 0 0 0 0 0 0 0
535 63 0 0 63 0 0 0 0 0
536 63 0 0 63 0 0 0 0 0
537 63 0 0 63 1 0 0 0 0
538 63 0 0 63 0 0 0 0 0
539 63 0 0 0 0 0 0 0 0
540 63 0 0 0 0 0 63 0 0
541 63 1 1 0 0 0 63 63 63
542 63 0 0 0 0 0 63 0 0
543 63 0 0 0 0 0 63 63 63
544 63 0 0 0 0 0 0 0 0
545 63 0 0 0 0 0 0 0 0
546 63 0 0 0 0 0 0 0 0
548 1 0 0 0 0 0 1 1 1
549 1 0 0 0 0 0 1 0 0
550 1 0 0 0 0 0 1 0 0
551 1 0 0 0 0 0 1 0 0
553 1 0 0 0 0 0 1 0 0
554 2 0 0 1 0 0 0 0 0
563 2 1 1 2 0 0 0 0 0
570 2 0 0 0 0 0 0 0 0
571 2 0 0 0 0 0 0 0 0
577 2 0 0 0 0 0 0 0 0
580 2 0 0 0 0 0 0 0 0
582 2 0 0 0 0 0 0 0 0
585 2 0 0 0 0 0 0 0 0
586 2 0 0 0 0 0 0 0 0
588 2 0 0 0 0 0 0 0 0
590 49074 0 0 49072 562 0 49072 768 767
592 2 0 0 0 0 0 2 1 0
594 2 0 0 0 0 0 2 1 0
596 4 0 0 2 1 0 0 0 0
601 2 1 1 0 0 0 0 0 0
602 2 0 0 0 0 0 0 0 0
606 2 0 0 0 0 0 0 0 0
608 2 0 0 0 0 0 0 0 0
611 2 0 0 0 0 0 0 0 0
615 2 0 0 2 2 0 0 0 0
616 2 0 0 0 0 0 0 0 0
620 2 0 0 2 0 0 0 0 0
624 2 0 0 0 0 0 0 0 0
fl=./string/../sysdeps/x86_64/multiarch/memset-vec-unaligned-erms.S
fn=__memset_avx2_unaligned_erms
158 8 1 1 0 0 0 0 0 0
159 16 0 0 0 0 0 0 0 0
164 8 0 0 0 0 0 0 0 0
165 8 0 0 0 0 0 0 0 0
166 8 0 0 0 0 0 0 0 0
167 8 0 0 0 0 0 0 0 0
168 8 0 0 0 0 0 0 0 0
170 2 0 0 0 0 0 2 2 2
171 2 0 0 0 0 0 2 0 0
172 4 0 0 2 0 0 0 0 0
181 1 0 0 0 0 0 1 0 0
182 1 0 0 0 0 0 1 0 0
184 2 0 0 1 0 0 0 0 0
237 6 1 1 6 2 0 0 0 0
238 6 0 0 0 0 0 0 0 0
244 5 0 0 0 0 0 5 2 2
245 5 0 0 0 0 0 5 1 1
257 5 0 0 0 0 0 0 0 0
260 5 0 0 0 0 0 0 0 0
261 5 0 0 0 0 0 0 0 0
273 4 0 0 0 0 0 4 0 0
274 4 0 0 0 0 0 4 1 1
287 4 0 0 0 0 0 0 0 0
288 4 0 0 0 0 0 0 0 0
290 4 0 0 0 0 0 0 0 0
293 3 0 0 0 0 0 0 0 0
296 3 0 0 0 0 0 0 0 0
299 23 0 0 0 0 0 23 0 0
300 23 0 0 0 0 0 23 0 0
301 23 0 0 0 0 0 23 0 0
302 23 0 0 0 0 0 23 0 0
303 23 0 0 0 0 0 0 0 0
304 23 0 0 0 0 0 0 0 0
305 26 0 0 0 0 0 0 0 0
308 4 1 1 0 0 0 4 0 0
309 4 0 0 0 0 0 4 1 1
310 4 0 0 0 0 0 4 0 0
311 4 0 0 0 0 0 4 0 0
314 8 0 0 4 0 0 0 0 0
325 1 1 1 0 0 0 0 0 0
326 1 0 0 0 0 0 0 0 0
327 1 0 0 0 0 0 0 0 0
328 4097 0 0 0 0 0 4096 59 0
329 1 0 0 0 0 0 0 0 0
330 2 0 0 1 0 0 0 0 0
fl=/home/wang/git-repositories/vcpkg/installed/x64-linux-clang-libcxx/include/boost/container_hash/hash.hpp
fn=_ZN5boost9unordered6detail3foa10table_coreINS2_14flat_map_typesIjjEENS2_7group15INS2_14plain_integralEEENS2_12table_arraysENS2_18plain_size_controlENS_4hashIjEENSt3__18equal_toIjEENSD_9allocatorINSD_4pairIKjjEEEEE22for_all_elements_whileIZNSL_22for_all_elements_whileIZNSL_16for_all_elementsIZNSL_16unchecked_rehashERNS9_ISJ_S8_NS2_16pow2_size_policyESK_EEEUlPSJ_E_EEDTcmclfL1p0_LDnEEcvv_EERKSQ_T_EUlSS_E_EESU_SW_SX_EUlPS8_jSS_E_EEDTcmclfp0_LDnELi0ELDnEEcvv_EESW_SX_
538 3330 0 0 3330 156 0 0 0 0
fl=/home/wang/git-repositories/vcpkg/installed/x64-linux-clang-libcxx/include/boost/unordered/detail/foa/core.hpp
fn=_ZN5boost9unordered6detail3foa10table_coreINS2_14flat_map_typesIjjEENS2_7group15INS2_14plain_integralEEENS2_12table_arraysENS2_18plain_size_controlENS_4hashIjEENSt3__18equal_toIjEENSD_9allocatorINSD_4pairIKjjEEEEE22for_all_elements_whileIZNSL_22for_all_elements_whileIZNSL_16for_all_elementsIZNSL_16unchecked_rehashERNS9_ISJ_S8_NS2_16pow2_size_policyESK_EEEUlPSJ_E_EEDTcmclfL1p0_LDnEEcvv_EERKSQ_T_EUlSS_E_EESU_SW_SX_EUlPS8_jSS_E_EEDTcmclfp0_LDnELi0ELDnEEcvv_EESW_SX_
0 2321 1 1 2032 0 0 7 0 0
296 7168 1 1 3584 7 0 0 0 0
297 3330 0 0 0 0 0 0 0 0
313 254 0 0 0 0 0 0 0 0
389 6660 0 0 3330 0 0 0 0 0
849 3330 0 0 0 0 0 0 0 0
927 9990 0 0 0 0 0 0 0 0
1033 8 0 0 8 0 0 0 0 0
1034 7 1 1 7 0 0 0 0 0
1955 3330 0 0 3330 0 0 0 0 0
1961 1778 0 0 0 0 0 254 0 0
2061 56 1 1 0 0 0 56 0 0
2063 16 0 0 0 0 0 0 0 0
2064 275 0 0 7 0 0 0 0 0
2065 508 0 0 0 0 0 0 0 0
2067 7422 0 0 0 0 0 0 0 0
2075 64 2 2 56 0 0 0 0 0
2350 6914 0 0 254 0 0 3330 0 0
2373 13320 1 1 0 0 0 0 0 0
2375 3330 0 0 0 0 0 0 0 0
2377 6660 0 0 0 0 0 0 0 0
fn=auto lob::for_each_type<std::__1::tuple<lob::v0::Book<lob::ChecksumSink>, lob::v1::Book<lob::ChecksumSink>, lob::v2::Book<lob::ChecksumSink>, lob::v3::BookT<lob::ChecksumSink, 16u>, lob::v4::BookT<lob::ChecksumSink, 16u>, lob::v5::BookT<lob::ChecksumSink, 16u> >, (anonymous namespace)::with_version<(anonymous namespace)::cmd_replay((anonymous namespace)::Args const&)::$_0>(std::__1::basic_string_view<char, std::__1::char_traits<char> >, (anonymous namespace)::cmd_replay((anonymous namespace)::Args const&)::$_0&&)::{lambda<typename $T0>()#1}>((anonymous namespace)::with_version<(anonymous namespace)::cmd_replay((anonymous namespace)::Args const&)::$_0>(std::__1::basic_string_view<char, std::__1::char_traits<char> >, (anonymous namespace)::cmd_replay((anonymous namespace)::Args const&)::$_0&&)::{lambda<typename $T0>()#1}&&)::{lambda<unsigned long... $N0>(std::__1::integer_sequence<unsigned long, ($N0)...>)#1}::operator()<0ul, 1ul, 2ul, 3ul, 4ul, 5ul>(std::__1::integer_sequence<unsigned long, 0ul, 1ul, 2ul, 3ul, 4ul, 5ul>) const
0 2520972 4 4 629020 0 0 628467 0 0
271 1258040 0 0 0 0 0 0 0 0
272 635017 0 0 0 0 0 0 0 0
279 1258040 1 1 629020 1 1 0 0 0
336 629020 0 0 629020 3561 25 0 0 0
849 4399276 1 1 1885404 67 17 0 0 0
881 552 0 0 0 0 0 0 0 0
882 1656 0 0 0 0 0 0 0 0
883 552 0 0 0 0 0 0 0 0
927 11998 0 0 0 0 0 0 0 0
1727 1258040 0 0 0 0 0 0 0 0
1729 629020 0 0 0 0 0 0 0 0
1732 11994 0 0 0 0 0 0 0 0
1733 5997 0 0 0 0 0 0 0 0
1737 5999 0 0 0 0 0 0 0 0
1743 11998 0 0 0 0 0 0 0 0
1745 629020 0 0 0 0 0 0 0 0
1750 552 0 0 0 0 0 0 0 0
1955 628468 0 0 628468 1 1 0 0 0
fn=boost::unordered::detail::foa::table_core<boost::unordered::detail::foa::flat_map_types<unsigned int, unsigned int>, boost::unordered::detail::foa::group15<boost::unordered::detail::foa::plain_integral>, boost::unordered::detail::foa::table_arrays, boost::unordered::detail::foa::plain_size_control, boost::hash<unsigned int>, std::__1::equal_to<unsigned int>, std::__1::allocator<std::__1::pair<unsigned int const, unsigned int> > >::unchecked_rehash(boost::unordered::detail::foa::table_arrays<std::__1::pair<unsigned int const, unsigned int>, boost::unordered::detail::foa::group15<boost::unordered::detail::foa::plain_integral>, boost::unordered::detail::foa::pow2_size_policy, std::__1::allocator<std::__1::pair<unsigned int const, unsigned int> > >&)
0 32 0 0 0 0 0 8 0 0
1033 16 0 0 16 1 0 0 0 0
1096 16 1 1 0 0 0 0 0 0
1098 7 0 0 7 0 0 0 0 0
1108 14 0 0 0 0 0 0 0 0
1113 14 0 0 0 0 0 0 0 0
1563 96 2 2 16 1 0 0 0 0
1811 40 0 0 8 0 0 0 0 0
2025 40 0 0 0 0 0 24 0 0
2054 8 0 0 0 0 0 8 0 0
2288 40 1 1 0 0 0 16 0 0
2289 8 0 0 0 0 0 8 0 0
2320 16 0 0 8 0 0 8 0 0
2321 8 0 0 0 0 0 8 0 0
2322 40 0 0 24 0 0 0 0 0
fn=boost::unordered::detail::foa::table_locator<boost::unordered::detail::foa::group15<boost::unordered::detail::foa::plain_integral>, std::__1::pair<unsigned int const, unsigned int> > boost::unordered::detail::foa::table_core<boost::unordered::detail::foa::flat_map_types<unsigned int, unsigned int>, boost::unordered::detail::foa::group15<boost::unordered::detail::foa::plain_integral>, boost::unordered::detail::foa::table_arrays, boost::unordered::detail::foa::plain_size_control, boost::hash<unsigned int>, std::__1::equal_to<unsigned int>, std::__1::allocator<std::__1::pair<unsigned int const, unsigned int> > >::unchecked_emplace_with_rehash<boost::unordered::detail::foa::try_emplace_args_t, unsigned int&, unsigned int&>(unsigned long, boost::unordered::detail::foa::try_emplace_args_t&&, unsigned int&, unsigned int&)
0 176 2 2 24 0 0 32 0 0
296 16 0 0 8 0 0 0 0 0
297 16 1 1 0 0 0 0 0 0
389 24 0 0 8 0 0 0 0 0
837 32 1 1 0 0 0 0 0 0
842 16 0 0 0 0 0 0 0 0
849 8 0 0 0 0 0 0 0 0
859 16 0 0 0 0 0 0 0 0
927 16 0 0 0 0 0 0 0 0
1031 32 0 0 0 0 0 32 2 1
1051 16 1 1 0 0 0 8 0 0
1057 32 0 0 0 0 0 0 0 0
1058 24 0 0 0 0 0 0 0 0
1059 8 0 0 0 0 0 0 0 0
1066 8 0 0 0 0 0 0 0 0
1073 16 0 0 0 0 0 0 0 0
1085 8 0 0 0 0 0 0 0 0
1108 8 0 0 0 0 0 0 0 0
1113 8 0 0 0 0 0 0 0 0
1125 24 0 0 0 0 0 8 0 0
1126 8 0 0 0 0 0 0 0 0
1689 8 0 0 8 0 0 0 0 0
1983 80 1 1 0 0 0 48 1 0
1988 32 0 0 0 0 0 24 0 0
1999 16 0 0 0 0 0 8 0 0
2000 8 0 0 8 0 0 0 0 0
2002 72 0 0 56 1 0 0 0 0
2132 144 2 2 16 4 1 0 0 0
2373 16 0 0 0 0 0 0 0 0
2375 8 0 0 0 0 0 0 0 0
2377 32 0 0 0 0 0 0 0 0
fn=lob::v5::BookT<lob::ChecksumSink, 16u>::index_erase(unsigned long)
0 1477801 1 1 492600 4 0 0 0 0
271 328402 0 0 0 0 0 0 0 0
272 328401 0 0 0 0 0 0 0 0
279 492601 0 0 328401 0 0 0 0 0
336 164201 0 0 164201 262 1 0 0 0
404 164200 0 0 0 0 0 0 0 0
849 328400 0 0 164200 0 0 0 0 0
881 1 0 0 0 0 0 0 0 0
882 3 0 0 0 0 0 0 0 0
883 1 0 0 0 0 0 0 0 0
927 330216 0 0 0 0 0 0 0 0
1727 328402 0 0 0 0 0 0 0 0
1729 164201 0 0 0 0 0 0 0 0
1732 328400 0 0 0 0 0 0 0 0
1733 164200 0 0 0 0 0 0 0 0
1737 165108 0 0 0 0 0 0 0 0
1743 1816 0 0 0 0 0 0 0 0
1745 1 0 0 0 0 0 0 0 0
1750 1 0 0 0 0 0 0 0 0
1955 164200 0 0 164200 0 0 0 0 0
2266 328400 0 0 164200 0 0 0 0 0
fn=lob::v5::BookT<lob::ChecksumSink, 16u>::index_insert(unsigned long, unsigned int)
0 6933329 2 2 1981237 1 0 495206 0 0
271 991238 0 0 0 0 0 0 0 0
272 500354 0 0 0 0 0 0 0 0
279 495619 0 0 495619 1 0 0 0 0
296 990404 0 0 495202 0 0 0 0 0
297 990400 0 0 0 0 0 0 0 0
336 495619 0 0 495619 1 0 0 0 0
849 495206 0 0 0 0 0 0 0 0
881 413 0 0 0 0 0 0 0 0
882 1247 0 0 4 0 0 0 0 0
883 413 0 0 0 0 0 0 0 0
927 999870 0 0 0 0 0 0 0 0
1727 991238 0 0 0 0 0 0 0 0
1729 495619 0 0 0 0 0 0 0 0
1732 9470 0 0 0 0 0 0 0 0
1733 4735 0 0 0 0 0 0 0 0
1737 4737 0 0 0 0 0 0 0 0
1743 9474 0 0 0 0 0 0 0 0
1745 495619 0 0 0 0 0 0 0 0
1750 413 0 0 0 0 0 0 0 0
1955 495206 0 0 495206 1 0 0 0 0
1970 990396 0 0 0 0 0 495198 0 0
2373 1980808 0 0 0 0 0 0 0 0
2375 495210 0 0 0 0 0 0 0 0
2377 990396 0 0 0 0 0 0 0 0
fn=void lob::v5::BookT<lob::ChecksumSink, 16u>::cancel_in<boost::unordered::unordered_flat_map<unsigned int, unsigned int, boost::hash<unsigned int>, std::__1::equal_to<unsigned int>, std::__1::allocator<std::__1::pair<unsigned int const, unsigned int> > >, unsigned int>(boost::unordered::unordered_flat_map<unsigned int, unsigned int, boost::hash<unsigned int>, std::__1::equal_to<unsigned int>, std::__1::allocator<std::__1::pair<unsigned int const, unsigned int> > >&, unsigned int, unsigned long)
0 2416306 1 1 906114 10 0 0 0 0
271 604080 0 0 0 0 0 0 0 0
272 604078 0 0 0 0 0 0 0 0
279 1510194 0 0 604078 0 0 0 0 0
336 302040 0 0 302040 539 3 0 0 0
404 302038 0 0 0 0 0 0 0 0
849 604076 0 0 302038 0 0 0 0 0
881 2 0 0 0 0 0 0 0 0
882 6 0 0 0 0 0 0 0 0
883 2 0 0 0 0 0 0 0 0
927 606940 0 0 0 0 0 0 0 0
1727 604080 0 0 0 0 0 0 0 0
1729 302040 0 0 0 0 0 0 0 0
1732 604076 0 0 0 0 0 0 0 0
1733 302038 1 1 0 0 0 0 0 0
1737 303470 0 0 0 0 0 0 0 0
1743 2864 0 0 0 0 0 0 0 0
1745 2 0 0 0 0 0 0 0 0
1750 2 0 0 0 0 0 0 0 0
1955 302038 0 0 302038 0 0 0 0 0
2266 2114266 1 1 604076 1 1 302038 0 0
fn=void lob::v5::BookT<lob::ChecksumSink, 16u>::modify_in<boost::unordered::unordered_flat_map<unsigned int, unsigned int, boost::hash<unsigned int>, std::__1::equal_to<unsigned int>, std::__1::allocator<std::__1::pair<unsigned int const, unsigned int> > >, unsigned int>(boost::unordered::unordered_flat_map<unsigned int, unsigned int, boost::hash<unsigned int>, std::__1::equal_to<unsigned int>, std::__1::allocator<std::__1::pair<unsigned int const, unsigned int> > >&, unsigned int, unsigned long, long, unsigned int)
0 208482 1 1 69494 0 0 0 0 0
271 138988 0 0 0 0 0 0 0 0
272 138988 0 0 0 0 0 0 0 0
279 110860 0 0 55430 0 0 0 0 0
336 69494 0 0 69494 120 1 0 0 0
404 55430 0 0 0 0 0 0 0 0
849 486458 0 0 208482 1 0 0 0 0
927 139622 0 0 0 0 0 0 0 0
1727 138988 0 0 0 0 0 0 0 0
1729 69494 0 0 0 0 0 0 0 0
1732 138988 0 0 0 0 0 0 0 0
1733 69494 0 0 0 0 0 0 0 0
1737 69811 0 0 0 0 0 0 0 0
1743 634 1 1 0 0 0 0 0 0
1955 69494 0 0 69494 0 0 0 0 0
2266 194005 1 1 55430 0 0 27715 0 0
fl=/home/wang/git-repositories/vcpkg/installed/x64-linux-clang-libcxx/include/boost/unordered/detail/foa/table.hpp
fn=_ZN5boost9unordered6detail3foa10table_coreINS2_14flat_map_typesIjjEENS2_7group15INS2_14plain_integralEEENS2_12table_arraysENS2_18plain_size_controlENS_4hashIjEENSt3__18equal_toIjEENSD_9allocatorINSD_4pairIKjjEEEEE22for_all_elements_whileIZNSL_22for_all_elements_whileIZNSL_16for_all_elementsIZNSL_16unchecked_rehashERNS9_ISJ_S8_NS2_16pow2_size_policyESK_EEEUlPSJ_E_EEDTcmclfL1p0_LDnEEcvv_EERKSQ_T_EUlSS_E_EESU_SW_SX_EUlPS8_jSS_E_EEDTcmclfp0_LDnELi0ELDnEEcvv_EESW_SX_
40 3330 1 1 0 0 0 3330 0 0
fn=boost::unordered::detail::foa::table_locator<boost::unordered::detail::foa::group15<boost::unordered::detail::foa::plain_integral>, std::__1::pair<unsigned int const, unsigned int> > boost::unordered::detail::foa::table_core<boost::unordered::detail::foa::flat_map_types<unsigned int, unsigned int>, boost::unordered::detail::foa::group15<boost::unordered::detail::foa::plain_integral>, boost::unordered::detail::foa::table_arrays, boost::unordered::detail::foa::plain_size_control, boost::hash<unsigned int>, std::__1::equal_to<unsigned int>, std::__1::allocator<std::__1::pair<unsigned int const, unsigned int> > >::unchecked_emplace_with_rehash<boost::unordered::detail::foa::try_emplace_args_t, unsigned int&, unsigned int&>(unsigned long, boost::unordered::detail::foa::try_emplace_args_t&&, unsigned int&, unsigned int&)
0 24 0 0 8 0 0 8 0 0
40 16 1 1 0 0 0 16 0 0
fn=lob::v5::BookT<lob::ChecksumSink, 16u>::index_erase(unsigned long)
0 164200 0 0 164200 0 0 0 0 0
40 328400 0 0 0 0 0 164200 0 0
140 164200 0 0 0 0 0 0 0 0
493 164200 0 0 0 0 0 0 0 0
fn=lob::v5::BookT<lob::ChecksumSink, 16u>::index_insert(unsigned long, unsigned int)
0 990849 4 3 0 0 0 0 0 0
40 495198 0 0 0 0 0 495198 0 0
46 4 0 0 4 0 0 0 0 0
640 1485618 1 1 990412 0 0 0 0 0
650 24 0 0 0 0 0 8 0 0
fn=void lob::v5::BookT<lob::ChecksumSink, 16u>::cancel_in<boost::unordered::unordered_flat_map<unsigned int, unsigned int, boost::hash<unsigned int>, std::__1::equal_to<unsigned int>, std::__1::allocator<std::__1::pair<unsigned int const, unsigned int> > >, unsigned int>(boost::unordered::unordered_flat_map<unsigned int, unsigned int, boost::hash<unsigned int>, std::__1::equal_to<unsigned int>, std::__1::allocator<std::__1::pair<unsigned int const, unsigned int> > >&, unsigned int, unsigned long)
40 302038 0 0 0 0 0 302038 0 0
140 302038 1 1 0 0 0 0 0 0
fn=void lob::v5::BookT<lob::ChecksumSink, 16u>::modify_in<boost::unordered::unordered_flat_map<unsigned int, unsigned int, boost::hash<unsigned int>, std::__1::equal_to<unsigned int>, std::__1::allocator<std::__1::pair<unsigned int const, unsigned int> > >, unsigned int>(boost::unordered::unordered_flat_map<unsigned int, unsigned int, boost::hash<unsigned int>, std::__1::equal_to<unsigned int>, std::__1::allocator<std::__1::pair<unsigned int const, unsigned int> > >&, unsigned int, unsigned long, long, unsigned int)
40 27715 0 0 0 0 0 27715 0 0
fl=/home/wang/git-repositories/vcpkg/installed/x64-linux-clang-libcxx/include/boost/unordered/detail/mulx.hpp
fn=_ZN5boost9unordered6detail3foa10table_coreINS2_14flat_map_typesIjjEENS2_7group15INS2_14plain_integralEEENS2_12table_arraysENS2_18plain_size_controlENS_4hashIjEENSt3__18equal_toIjEENSD_9allocatorINSD_4pairIKjjEEEEE22for_all_elements_whileIZNSL_22for_all_elements_whileIZNSL_16for_all_elementsIZNSL_16unchecked_rehashERNS9_ISJ_S8_NS2_16pow2_size_policyESK_EEEUlPSJ_E_EEDTcmclfL1p0_LDnEEcvv_EERKSQ_T_EUlSS_E_EESU_SW_SX_EUlPS8_jSS_E_EEDTcmclfp0_LDnELi0ELDnEEcvv_EESW_SX_
45 3330 0 0 0 0 0 0 0 0
46 3330 0 0 0 0 0 0 0 0
fn=auto lob::for_each_type<std::__1::tuple<lob::v0::Book<lob::ChecksumSink>, lob::v1::Book<lob::ChecksumSink>, lob::v2::Book<lob::ChecksumSink>, lob::v3::BookT<lob::ChecksumSink, 16u>, lob::v4::BookT<lob::ChecksumSink, 16u>, lob::v5::BookT<lob::ChecksumSink, 16u> >, (anonymous namespace)::with_version<(anonymous namespace)::cmd_replay((anonymous namespace)::Args const&)::$_0>(std::__1::basic_string_view<char, std::__1::char_traits<char> >, (anonymous namespace)::cmd_replay((anonymous namespace)::Args const&)::$_0&&)::{lambda<typename $T0>()#1}>((anonymous namespace)::with_version<(anonymous namespace)::cmd_replay((anonymous namespace)::Args const&)::$_0>(std::__1::basic_string_view<char, std::__1::char_traits<char> >, (anonymous namespace)::cmd_replay((anonymous namespace)::Args const&)::$_0&&)::{lambda<typename $T0>()#1}&&)::{lambda<unsigned long... $N0>(std::__1::integer_sequence<unsigned long, ($N0)...>)#1}::operator()<0ul, 1ul, 2ul, 3ul, 4ul, 5ul>(std::__1::integer_sequence<unsigned long, 0ul, 1ul, 2ul, 3ul, 4ul, 5ul>) const
45 1256937 2 2 0 0 0 0 0 0
46 628468 0 0 0 0 0 0 0 0
fn=lob::v5::BookT<lob::ChecksumSink, 16u>::index_erase(unsigned long)
45 164200 0 0 0 0 0 0 0 0
46 164200 0 0 0 0 0 0 0 0
fn=lob::v5::BookT<lob::ChecksumSink, 16u>::index_insert(unsigned long, unsigned int)
45 495206 0 0 0 0 0 0 0 0
46 495206 1 1 0 0 0 0 0 0
fn=void lob::v5::BookT<lob::ChecksumSink, 16u>::cancel_in<boost::unordered::unordered_flat_map<unsigned int, unsigned int, boost::hash<unsigned int>, std::__1::equal_to<unsigned int>, std::__1::allocator<std::__1::pair<unsigned int const, unsigned int> > >, unsigned int>(boost::unordered::unordered_flat_map<unsigned int, unsigned int, boost::hash<unsigned int>, std::__1::equal_to<unsigned int>, std::__1::allocator<std::__1::pair<unsigned int const, unsigned int> > >&, unsigned int, unsigned long)
45 604076 0 0 0 0 0 0 0 0
46 302038 0 0 0 0 0 0 0 0
fn=void lob::v5::BookT<lob::ChecksumSink, 16u>::modify_in<boost::unordered::unordered_flat_map<unsigned int, unsigned int, boost::hash<unsigned int>, std::__1::equal_to<unsigned int>, std::__1::allocator<std::__1::pair<unsigned int const, unsigned int> > >, unsigned int>(boost::unordered::unordered_flat_map<unsigned int, unsigned int, boost::hash<unsigned int>, std::__1::equal_to<unsigned int>, std::__1::allocator<std::__1::pair<unsigned int const, unsigned int> > >&, unsigned int, unsigned long, long, unsigned int)
0 69494 0 0 0 0 0 0 0 0
45 138988 0 0 0 0 0 0 0 0
46 69494 0 0 0 0 0 0 0 0
fl=/home/wang/sources/cxx/book/include/lob/events.hpp
fn=lob::v5::BookT<lob::ChecksumSink, 16u>::rest(unsigned long, lob::Side, long, unsigned int)
81 495206 0 0 0 0 0 0 0 0
92 495206 0 0 495206 2 0 0 0 0
93 6437678 1 1 495206 0 0 495206 0 0
fn=unsigned int lob::v5::BookT<lob::ChecksumSink, 16u>::match<(lob::Side)0>(unsigned long, long, unsigned int)
92 599372 0 0 149843 0 0 149843 0 0
93 1947959 1 1 299686 0 0 149843 0 0
fn=unsigned int lob::v5::BookT<lob::ChecksumSink, 16u>::match<(lob::Side)1>(unsigned long, long, unsigned int)
92 594800 0 0 148700 0 0 148700 0 0
93 1933100 1 1 297400 0 0 148700 0 0
fn=void lob::v5::BookT<lob::ChecksumSink, 16u>::cancel_in<boost::unordered::unordered_flat_map<unsigned int, unsigned int, boost::hash<unsigned int>, std::__1::equal_to<unsigned int>, std::__1::allocator<std::__1::pair<unsigned int const, unsigned int> > >, unsigned int>(boost::unordered::unordered_flat_map<unsigned int, unsigned int, boost::hash<unsigned int>, std::__1::equal_to<unsigned int>, std::__1::allocator<std::__1::pair<unsigned int const, unsigned int> > >&, unsigned int, unsigned long)
92 302038 0 0 302038 0 0 0 0 0
93 1812228 1 1 604076 0 0 0 0 0
fn=void lob::v5::BookT<lob::ChecksumSink, 16u>::modify_in<boost::unordered::unordered_flat_map<unsigned int, unsigned int, boost::hash<unsigned int>, std::__1::equal_to<unsigned int>, std::__1::allocator<std::__1::pair<unsigned int const, unsigned int> > >, unsigned int>(boost::unordered::unordered_flat_map<unsigned int, unsigned int, boost::hash<unsigned int>, std::__1::equal_to<unsigned int>, std::__1::allocator<std::__1::pair<unsigned int const, unsigned int> > >&, unsigned int, unsigned long, long, unsigned int)
92 69494 0 0 69494 0 0 0 0 0
93 625446 1 1 69494 0 0 69494 0 0
fl=/home/wang/sources/cxx/book/include/lob/replay.hpp
fn=auto lob::for_each_type<std::__1::tuple<lob::v0::Book<lob::ChecksumSink>, lob::v1::Book<lob::ChecksumSink>, lob::v2::Book<lob::ChecksumSink>, lob::v3::BookT<lob::ChecksumSink, 16u>, lob::v4::BookT<lob::ChecksumSink, 16u>, lob::v5::BookT<lob::ChecksumSink, 16u> >, (anonymous namespace)::with_version<(anonymous namespace)::cmd_replay((anonymous namespace)::Args const&)::$_0>(std::__1::basic_string_view<char, std::__1::char_traits<char> >, (anonymous namespace)::cmd_replay((anonymous namespace)::Args const&)::$_0&&)::{lambda<typename $T0>()#1}>((anonymous namespace)::with_version<(anonymous namespace)::cmd_replay((anonymous namespace)::Args const&)::$_0>(std::__1::basic_string_view<char, std::__1::char_traits<char> >, (anonymous namespace)::cmd_replay((anonymous namespace)::Args const&)::$_0&&)::{lambda<typename $T0>()#1}&&)::{lambda<unsigned long... $N0>(std::__1::integer_sequence<unsigned long, ($N0)...>)#1}::operator()<0ul, 1ul, 2ul, 3ul, 4ul, 5ul>(std::__1::integer_sequence<unsigned long, 0ul, 1ul, 2ul, 3ul, 4ul, 5ul>) const
0 1000002 0 0 1000001 125001 125001 0 0 0
21 4861012 1 1 1000000 162963 162961 0 0 0
23 1885404 1 1 1885404 78501 78501 0 0 0
29 138988 1 1 138988 8539 8539 0 0 0
37 1000001 0 0 0 0 0 0 0 0
fl=/home/wang/sources/cxx/book/include/lob/v3/hier_bitmap.hpp
fn=lob::v5::BookT<lob::ChecksumSink, 16u>::remove_node(unsigned int)
0 1305 0 0 0 0 0 0 0 0
67 2610 0 0 0 0 0 0 0 0
68 6525 0 0 1305 501 0 0 0 0
fn=lob::v5::BookT<lob::ChecksumSink, 16u>::rest(unsigned long, lob::Side, long, unsigned int)
0 6 0 0 0 0 0 0 0 0
57 8007 0 0 0 0 0 0 0 0
58 12015 0 0 4005 447 6 0 0 0
59 12021 1 1 8013 1 1 8010 910 1
fn=unsigned int lob::v5::BookT<lob::ChecksumSink, 16u>::match<(lob::Side)0>(unsigned long, long, unsigned int)
0 331085 0 0 329104 0 0 0 0 0
48 987314 3 2 658210 5 2 0 0 0
67 2690 0 0 0 0 0 0 0 0
68 5380 0 0 1345 0 0 0 0 0
79 1645520 0 0 0 0 0 0 0 0
fn=unsigned int lob::v5::BookT<lob::ChecksumSink, 16u>::match<(lob::Side)1>(unsigned long, long, unsigned int)
0 330431 0 0 328508 0 0 0 0 0
48 985524 2 2 657016 2 0 0 0 0
67 2644 0 0 0 0 0 0 0 0
68 5288 0 0 1322 0 0 0 0 0
89 3285080 0 0 0 0 0 0 0 0
fl=/home/wang/sources/cxx/book/include/lob/v5/book.hpp
fn=auto lob::for_each_type<std::__1::tuple<lob::v0::Book<lob::ChecksumSink>, lob::v1::Book<lob::ChecksumSink>, lob::v2::Book<lob::ChecksumSink>, lob::v3::BookT<lob::ChecksumSink, 16u>, lob::v4::BookT<lob::ChecksumSink, 16u>, lob::v5::BookT<lob::ChecksumSink, 16u> >, (anonymous namespace)::with_version<(anonymous namespace)::cmd_replay((anonymous namespace)::Args const&)::$_0>(std::__1::basic_string_view<char, std::__1::char_traits<char> >, (anonymous namespace)::cmd_replay((anonymous namespace)::Args const&)::$_0&&)::{lambda<typename $T0>()#1}>((anonymous namespace)::with_version<(anonymous namespace)::cmd_replay((anonymous namespace)::Args const&)::$_0>(std::__1::basic_string_view<char, std::__1::char_traits<char> >, (anonymous namespace)::cmd_replay((anonymous namespace)::Args const&)::$_0&&)::{lambda<typename $T0>()#1}&&)::{lambda<unsigned long... $N0>(std::__1::integer_sequence<unsigned long, ($N0)...>)#1}::operator()<0ul, 1ul, 2ul, 3ul, 4ul, 5ul>(std::__1::integer_sequence<unsigned long, 0ul, 1ul, 2ul, 3ul, 4ul, 5ul>) const
0 313919 0 0 0 0 0 0 0 0
82 1256936 0 0 0 0 0 0 0 0
83 1256936 0 0 0 0 0 0 0 0
91 1510190 2 2 0 0 0 302038 0 0
99 347470 0 0 0 0 0 69494 0 0
248 7999994 2 2 1999999 2 1 0 0 0
390 1256936 0 0 0 0 0 0 0 0
391 1258196 1 1 0 0 0 314549 0 0
393 1255676 0 0 0 0 0 313919 0 0
394 1256936 0 0 0 0 0 0 0 0
395 3301207 0 0 0 0 0 471601 0 0
fn=lob::v5::BookT<lob::ChecksumSink, 16u>::alloc_node(unsigned long, lob::Side, long, unsigned int)
0 495206 0 0 0 0 0 0 0 0
346 3466442 1 1 0 0 0 2971236 1 1
347 990412 1 1 495206 0 0 0 0 0
348 495206 0 0 0 0 0 0 0 0
349 1479615 0 0 493205 20840 2 493205 0 0
350 493205 0 0 0 0 0 0 0 0
351 4002 0 0 0 0 0 0 0 0
355 2478031 1 1 0 0 0 2476030 9604 1
356 4456854 0 0 3466442 1 0 0 0 0
fn=lob::v5::BookT<lob::ChecksumSink, 16u>::index_erase(unsigned long)
0 328400 1 1 164200 0 0 0 0 0
248 1313600 0 0 328400 0 0 0 0 0
280 821000 0 0 0 0 0 821000 0 0
286 985200 0 0 985200 0 0 0 0 0
fn=lob::v5::BookT<lob::ChecksumSink, 16u>::index_insert(unsigned long, unsigned int)
0 2 0 0 0 0 0 0 0 0
248 2971236 1 1 495206 0 0 0 0 0
249 495206 0 0 0 0 0 495206 0 0
268 4952060 1 1 0 0 0 3961648 0 0
269 990412 0 0 495206 1 0 0 0 0
270 4 0 0 0 0 0 1 0 0
271 1 0 0 0 0 0 1 0 0
275 495206 0 0 0 0 0 0 0 0
278 3961648 1 1 3466442 2 0 0 0 0
fn=lob::v5::BookT<lob::ChecksumSink, 16u>::remove_node(unsigned int)
0 331058 0 0 331058 0 0 0 0 0
324 659506 0 0 329753 0 0 0 0 0
326 659506 0 0 329753 0 0 0 0 0
328 329753 0 0 329753 0 0 0 0 0
329 2638024 1 1 0 0 0 0 0 0
331 659506 0 0 0 0 0 0 0 0
360 659506 0 0 329753 0 0 329753 0 0
361 329753 0 0 0 0 0 329753 0 0
378 1319012 0 0 329753 0 0 0 0 0
379 321472 1 1 0 0 0 321472 191319 0
381 8281 0 0 0 0 0 8281 164 0
382 659506 0 0 0 0 0 0 0 0
383 642432 0 0 0 0 0 321216 188847 0
385 8537 0 0 0 0 0 8537 39 0
386 329753 1 1 329753 291 0 0 0 0
468 1319012 1 1 0 0 0 659506 0 0
469 329753 0 0 0 0 0 0 0 0
470 329753 0 0 329753 94652 0 0 0 0
471 989259 0 0 329753 0 0 0 0 0
472 659506 0 0 659506 2649 2 0 0 0
473 329753 0 0 329753 0 0 0 0 0
476 663421 1 1 329753 69 0 0 0 0
491 989259 0 0 659506 0 0 0 0 0
fn=lob::v5::BookT<lob::ChecksumSink, 16u>::rest(unsigned long, lob::Side, long, unsigned int)
0 4002 0 0 4002 0 0 0 0 0
326 1485618 0 0 495206 0 0 0 0 0
328 495206 1 1 495206 0 0 0 0 0
329 3961648 0 0 0 0 0 0 0 0
331 990412 0 0 0 0 0 0 0 0
336 4 0 0 0 0 0 1 0 0
337 1 0 0 0 0 0 1 0 0
366 1980824 1 1 495206 0 0 495206 0 0
367 990412 1 1 0 0 0 495206 0 0
368 495206 0 0 0 0 0 0 0 0
369 982408 0 0 0 0 0 491204 11977 0
371 4002 0 0 0 0 0 4002 0 0
372 495206 0 0 0 0 0 495206 0 0
373 495206 0 0 495206 724 7 0 0 0
449 5942472 1 1 0 0 0 2971236 0 0
450 990412 0 0 0 0 0 495206 0 0
451 990422 1 1 495207 1 0 0 0 0
455 1485618 0 0 495206 0 0 0 0 0
456 1002418 1 1 495206 2711 22 0 0 0
461 990412 0 0 495206 0 0 0 0 0
462 1980824 0 0 0 0 0 495206 0 0
463 495206 0 0 495206 3 1 0 0 0
464 3961648 1 1 3466442 2 0 0 0 0
fn=unsigned int lob::v5::BookT<lob::ChecksumSink, 16u>::match<(lob::Side)0>(unsigned long, long, unsigned int)
0 2284634 2 2 165042 0 0 328396 0 0
333 658208 0 0 329104 0 0 0 0 0
360 165042 0 0 82521 0 0 82521 0 0
361 82521 0 0 0 0 0 82521 0 0
378 247563 0 0 82521 0 0 0 0 0
381 82521 0 0 0 0 0 82521 0 0
382 165042 0 0 0 0 0 0 0 0
383 162352 0 0 0 0 0 81176 34065 0
385 1345 0 0 0 0 0 1345 0 0
386 82521 0 0 82521 0 0 0 0 0
401 2955564 1 1 0 0 0 2627168 1 1
410 656792 0 0 0 0 0 0 0 0
413 987315 0 0 0 0 0 0 0 0
416 329104 0 0 0 0 0 0 0 0
421 329104 0 0 0 0 0 0 0 0
423 905948 0 0 329104 0 0 0 0 0
424 813640 1 1 162728 0 0 162728 0 0
425 601499 1 1 150552 0 0 0 0 0
428 599372 0 0 0 0 0 0 0 0
429 299686 0 0 299686 18505 0 0 0 0
431 449529 0 0 0 0 0 149843 0 0
432 149843 0 0 149843 0 0 0 0 0
433 149843 1 1 0 0 0 0 0 0
434 82521 0 0 0 0 0 82521 0 0
439 161310 0 0 80655 0 0 0 0 0
440 2690 0 0 1345 0 0 0 0 0
446 2955564 1 1 2298772 0 0 0 0 0
fn=unsigned int lob::v5::BookT<lob::ChecksumSink, 16u>::match<(lob::Side)1>(unsigned long, long, unsigned int)
0 2276437 2 2 163358 0 0 327787 0 0
333 657016 1 1 328508 0 0 0 0 0
360 163358 0 0 81679 0 0 81679 0 0
361 81679 0 0 0 0 0 81679 0 0
378 245037 0 0 81679 0 0 0 0 0
381 81679 0 0 0 0 0 81679 0 0
382 163358 0 0 0 0 0 0 0 0
383 160714 0 0 0 0 0 80357 32787 0
385 1322 0 0 0 0 0 1322 0 0
386 81679 0 0 81679 0 0 0 0 0
401 2950083 1 1 0 0 0 2622296 0 0
410 655574 0 0 0 0 0 0 0 0
413 985524 0 0 0 0 0 0 0 0
416 328508 0 0 0 0 0 0 0 0
421 328508 0 0 0 0 0 0 0 0
423 904481 0 0 328508 0 0 0 0 0
424 810430 1 1 162086 0 0 162086 0 0
425 596963 1 1 149421 0 0 0 0 0
428 594800 0 0 0 0 0 0 0 0
429 297400 0 0 297400 17710 0 0 0 0
431 446100 0 0 0 0 0 148700 0 0
432 148700 0 0 148700 0 0 0 0 0
433 148700 1 1 0 0 0 0 0 0
434 81679 0 0 0 0 0 81679 0 0
439 160644 0 0 80322 0 0 0 0 0
440 2644 0 0 1322 0 0 0 0 0
446 2950083 1 1 2294509 0 0 0 0 0
fn=void lob::v5::BookT<lob::ChecksumSink, 16u>::cancel_in<boost::unordered::unordered_flat_map<unsigned int, unsigned int, boost::hash<unsigned int>, std::__1::equal_to<unsigned int>, std::__1::allocator<std::__1::pair<unsigned int const, unsigned int> > >, unsigned int>(boost::unordered::unordered_flat_map<unsigned int, unsigned int, boost::hash<unsigned int>, std::__1::equal_to<unsigned int>, std::__1::allocator<std::__1::pair<unsigned int const, unsigned int> > >&, unsigned int, unsigned long)
0 1510190 0 0 302038 0 0 604076 0 0
289 3020380 1 1 0 0 0 2114266 0 0
292 302038 0 0 302038 0 0 0 0 0
293 302038 0 0 302038 177517 0 0 0 0
294 302038 0 0 0 0 0 302038 0 0
296 302038 0 0 302038 0 0 0 0 0
297 2416304 0 0 2114266 0 0 0 0 0
fn=void lob::v5::BookT<lob::ChecksumSink, 16u>::modify_in<boost::unordered::unordered_flat_map<unsigned int, unsigned int, boost::hash<unsigned int>, std::__1::equal_to<unsigned int>, std::__1::allocator<std::__1::pair<unsigned int const, unsigned int> > >, unsigned int>(boost::unordered::unordered_flat_map<unsigned int, unsigned int, boost::hash<unsigned int>, std::__1::equal_to<unsigned int>, std::__1::allocator<std::__1::pair<unsigned int const, unsigned int> > >&, unsigned int, unsigned long, long, unsigned int)
0 805800 2 2 236197 20324 0 55430 0 0
300 625446 2 2 0 0 0 486458 0 0
303 138988 1 1 0 0 0 0 0 0
304 138988 0 0 0 0 0 0 0 0
306 69494 1 1 69494 0 0 0 0 0
308 277976 0 0 69494 42319 0 0 0 0
309 83558 1 1 41779 326 0 0 0 0
310 41779 0 0 0 0 0 41779 0 0
311 41779 1 1 41779 0 0 0 0 0
312 41779 0 0 0 0 0 0 0 0
314 27715 1 1 27715 0 0 0 0 0
316 83145 0 0 27715 0 0 27715 0 0
318 27715 0 0 27715 0 0 0 0 0
320 367112 1 1 321223 0 0 0 0 0
324 83558 0 0 41779 0 0 0 0 0
326 125337 0 0 41779 0 0 0 0 0
328 41779 0 0 41779 0 0 0 0 0
329 334232 0 0 0 0 0 0 0 0
331 125337 0 0 0 0 0 0 0 0
341 83558 0 0 0 0 0 0 0 0
390 55430 0 0 0 0 0 0 0 0
391 13847 0 0 0 0 0 13847 0 0
393 13868 0 0 0 0 0 13868 0 0
394 57515 0 0 0 0 0 0 0 0
395 306865 1 1 165235 0 0 0 0 0
fl=/home/wang/sources/cxx/book/source/main.cxx
fn=auto lob::for_each_type<std::__1::tuple<lob::v0::Book<lob::ChecksumSink>, lob::v1::Book<lob::ChecksumSink>, lob::v2::Book<lob::ChecksumSink>, lob::v3::BookT<lob::ChecksumSink, 16u>, lob::v4::BookT<lob::ChecksumSink, 16u>, lob::v5::BookT<lob::ChecksumSink, 16u> >, (anonymous namespace)::with_version<(anonymous namespace)::cmd_replay((anonymous namespace)::Args const&)::$_0>(std::__1::basic_string_view<char, std::__1::char_traits<char> >, (anonymous namespace)::cmd_replay((anonymous namespace)::Args const&)::$_0&&)::{lambda<typename $T0>()#1}>((anonymous namespace)::with_version<(anonymous namespace)::cmd_replay((anonymous namespace)::Args const&)::$_0>(std::__1::basic_string_view<char, std::__1::char_traits<char> >, (anonymous namespace)::cmd_replay((anonymous namespace)::Args const&)::$_0&&)::{lambda<typename $T0>()#1}&&)::{lambda<unsigned long... $N0>(std::__1::integer_sequence<unsigned long, ($N0)...>)#1}::operator()<0ul, 1ul, 2ul, 3ul, 4ul, 5ul>(std::__1::integer_sequence<unsigned long, 0ul, 1ul, 2ul, 3ul, 4ul, 5ul>) const
0 1 0 0 0 0 0 0 0 0
293 2 2 2 0 0 0 1 1 1
294 1 0 0 1 1 1 0 0 0
295 9 3 3 0 0 0 6 1 1
fl=/usr/include/c++/v1/__algorithm/comp.h
fn=unsigned int lob::v5::BookT<lob::ChecksumSink, 16u>::match<(lob::Side)0>(unsigned long, long, unsigned int)
41 149843 0 0 149843 150 0 0 0 0
fn=unsigned int lob::v5::BookT<lob::ChecksumSink, 16u>::match<(lob::Side)1>(unsigned long, long, unsigned int)
41 148700 0 0 148700 145 0 0 0 0
fl=/usr/include/c++/v1/__bit/countl.h
fn=unsigned int lob::v5::BookT<lob::ChecksumSink, 16u>::match<(lob::Side)1>(unsigned long, long, unsigned int)
28 1314032 0 0 657016 6 0 0 0 0
fl=/usr/include/c++/v1/__bit/countr.h
fn=unsigned int lob::v5::BookT<lob::ChecksumSink, 16u>::match<(lob::Side)0>(unsigned long, long, unsigned int)
28 1645520 0 0 658208 4 0 0 0 0
fl=/usr/include/c++/v1/__functional/operations.h
fn=auto lob::for_each_type<std::__1::tuple<lob::v0::Book<lob::ChecksumSink>, lob::v1::Book<lob::ChecksumSink>, lob::v2::Book<lob::ChecksumSink>, lob::v3::BookT<lob::ChecksumSink, 16u>, lob::v4::BookT<lob::ChecksumSink, 16u>, lob::v5::BookT<lob::ChecksumSink, 16u> >, (anonymous namespace)::with_version<(anonymous namespace)::cmd_replay((anonymous namespace)::Args const&)::$_0>(std::__1::basic_string_view<char, std::__1::char_traits<char> >, (anonymous namespace)::cmd_replay((anonymous namespace)::Args const&)::$_0&&)::{lambda<typename $T0>()#1}>((anonymous namespace)::with_version<(anonymous namespace)::cmd_replay((anonymous namespace)::Args const&)::$_0>(std::__1::basic_string_view<char, std::__1::char_traits<char> >, (anonymous namespace)::cmd_replay((anonymous namespace)::Args const&)::$_0&&)::{lambda<typename $T0>()#1}&&)::{lambda<unsigned long... $N0>(std::__1::integer_sequence<unsigned long, ($N0)...>)#1}::operator()<0ul, 1ul, 2ul, 3ul, 4ul, 5ul>(std::__1::integer_sequence<unsigned long, 0ul, 1ul, 2ul, 3ul, 4ul, 5ul>) const
300 5999 0 0 5999 3553 0 0 0 0
fn=lob::v5::BookT<lob::ChecksumSink, 16u>::index_erase(unsigned long)
300 165108 1 1 165108 55112 0 0 0 0
fn=lob::v5::BookT<lob::ChecksumSink, 16u>::index_insert(unsigned long, unsigned int)
300 4737 0 0 4737 20 0 0 0 0
fn=void lob::v5::BookT<lob::ChecksumSink, 16u>::cancel_in<boost::unordered::unordered_flat_map<unsigned int, unsigned int, boost::hash<unsigned int>, std::__1::equal_to<unsigned int>, std::__1::allocator<std::__1::pair<unsigned int const, unsigned int> > >, unsigned int>(boost::unordered::unordered_flat_map<unsigned int, unsigned int, boost::hash<unsigned int>, std::__1::equal_to<unsigned int>, std::__1::allocator<std::__1::pair<unsigned int const, unsigned int> > >&, unsigned int, unsigned long)
300 303470 0 0 303470 134572 0 0 0 0
fn=void lob::v5::BookT<lob::ChecksumSink, 16u>::modify_in<boost::unordered::unordered_flat_map<unsigned int, unsigned int, boost::hash<unsigned int>, std::__1::equal_to<unsigned int>, std::__1::allocator<std::__1::pair<unsigned int const, unsigned int> > >, unsigned int>(boost::unordered::unordered_flat_map<unsigned int, unsigned int, boost::hash<unsigned int>, std::__1::equal_to<unsigned int>, std::__1::allocator<std::__1::pair<unsigned int const, unsigned int> > >&, unsigned int, unsigned long, long, unsigned int)
300 69811 0 0 69811 30779 0 0 0 0
fl=/usr/include/c++/v1/__iterator/wrap_iter.h
fn=auto lob::for_each_type<std::__1::tuple<lob::v0::Book<lob::ChecksumSink>, lob::v1::Book<lob::ChecksumSink>, lob::v2::Book<lob::ChecksumSink>, lob::v3::BookT<lob::ChecksumSink, 16u>, lob::v4::BookT<lob::ChecksumSink, 16u>, lob::v5::BookT<lob::ChecksumSink, 16u> >, (anonymous namespace)::with_version<(anonymous namespace)::cmd_replay((anonymous namespace)::Args const&)::$_0>(std::__1::basic_string_view<char, std::__1::char_traits<char> >, (anonymous namespace)::cmd_replay((anonymous namespace)::Args const&)::$_0&&)::{lambda<typename $T0>()#1}>((anonymous namespace)::with_version<(anonymous namespace)::cmd_replay((anonymous namespace)::Args const&)::$_0>(std::__1::basic_string_view<char, std::__1::char_traits<char> >, (anonymous namespace)::cmd_replay((anonymous namespace)::Args const&)::$_0&&)::{lambda<typename $T0>()#1}&&)::{lambda<unsigned long... $N0>(std::__1::integer_sequence<unsigned long, ($N0)...>)#1}::operator()<0ul, 1ul, 2ul, 3ul, 4ul, 5ul>(std::__1::integer_sequence<unsigned long, 0ul, 1ul, 2ul, 3ul, 4ul, 5ul>) const
65 1000000 0 0 0 0 0 0 0 0
125 1000001 0 0 1000000 2 0 0 0 0
fl=/usr/include/c++/v1/__math/rounding_functions.h
fn=boost::unordered::detail::foa::table_locator<boost::unordered::detail::foa::group15<boost::unordered::detail::foa::plain_integral>, std::__1::pair<unsigned int const, unsigned int> > boost::unordered::detail::foa::table_core<boost::unordered::detail::foa::flat_map_types<unsigned int, unsigned int>, boost::unordered::detail::foa::group15<boost::unordered::detail::foa::plain_integral>, boost::unordered::detail::foa::table_arrays, boost::unordered::detail::foa::plain_size_control, boost::hash<unsigned int>, std::__1::equal_to<unsigned int>, std::__1::allocator<std::__1::pair<unsigned int const, unsigned int> > >::unchecked_emplace_with_rehash<boost::unordered::detail::foa::try_emplace_args_t, unsigned int&, unsigned int&>(unsigned long, boost::unordered::detail::foa::try_emplace_args_t&&, unsigned int&, unsigned int&)
29 8 0 0 0 0 0 0 0 0
fl=/usr/include/c++/v1/__memory/allocator.h
fn=lob::v5::BookT<lob::ChecksumSink, 16u>::alloc_node(unsigned long, lob::Side, long, unsigned int)
100 24 0 0 0 0 0 0 0 0
fl=/usr/include/c++/v1/__memory/construct_at.h
fn=lob::v5::BookT<lob::ChecksumSink, 16u>::alloc_node(unsigned long, lob::Side, long, unsigned int)
38 4002 0 0 0 0 0 2001 1000 999
fl=/usr/include/c++/v1/__memory/uninitialized_algorithms.h
fn=lob::v5::BookT<lob::ChecksumSink, 16u>::alloc_node(unsigned long, lob::Side, long, unsigned int)
0 12 0 0 12 1 0 0 0 0
638 60 0 0 0 0 0 12 0 0
fl=/usr/include/c++/v1/__new/allocate.h
fn=boost::unordered::detail::foa::table_core<boost::unordered::detail::foa::flat_map_types<unsigned int, unsigned int>, boost::unordered::detail::foa::group15<boost::unordered::detail::foa::plain_integral>, boost::unordered::detail::foa::table_arrays, boost::unordered::detail::foa::plain_size_control, boost::hash<unsigned int>, std::__1::equal_to<unsigned int>, std::__1::allocator<std::__1::pair<unsigned int const, unsigned int> > >::unchecked_rehash(boost::unordered::detail::foa::table_arrays<std::__1::pair<unsigned int const, unsigned int>, boost::unordered::detail::foa::group15<boost::unordered::detail::foa::plain_integral>, boost::unordered::detail::foa::pow2_size_policy, std::__1::allocator<std::__1::pair<unsigned int const, unsigned int> > >&)
63 7 0 0 0 0 0 7 0 0
fn=boost::unordered::detail::foa::table_locator<boost::unordered::detail::foa::group15<boost::unordered::detail::foa::plain_integral>, std::__1::pair<unsigned int const, unsigned int> > boost::unordered::detail::foa::table_core<boost::unordered::detail::foa::flat_map_types<unsigned int, unsigned int>, boost::unordered::detail::foa::group15<boost::unordered::detail::foa::plain_integral>, boost::unordered::detail::foa::table_arrays, boost::unordered::detail::foa::plain_size_control, boost::hash<unsigned int>, std::__1::equal_to<unsigned int>, std::__1::allocator<std::__1::pair<unsigned int const, unsigned int> > >::unchecked_emplace_with_rehash<boost::unordered::detail::foa::try_emplace_args_t, unsigned int&, unsigned int&>(unsigned long, boost::unordered::detail::foa::try_emplace_args_t&&, unsigned int&, unsigned int&)
43 16 0 0 0 0 0 8 0 0
fn=lob::v5::BookT<lob::ChecksumSink, 16u>::alloc_node(unsigned long, lob::Side, long, unsigned int)
0 71 1 1 71 0 0 0 0 0
37 12 0 0 0 0 0 0 0 0
43 24 0 0 0 0 0 12 0 0
63 33 0 0 0 0 0 11 0 0
fn=unsigned int lob::v5::BookT<lob::ChecksumSink, 16u>::match<(lob::Side)0>(unsigned long, long, unsigned int)
0 2690 0 0 0 0 0 0 0 0
fn=unsigned int lob::v5::BookT<lob::ChecksumSink, 16u>::match<(lob::Side)1>(unsigned long, long, unsigned int)
0 2644 0 0 0 0 0 0 0 0
fl=/usr/include/c++/v1/__split_buffer
fn=lob::v5::BookT<lob::ChecksumSink, 16u>::alloc_node(unsigned long, lob::Side, long, unsigned int)
334 12 0 0 0 0 0 0 0 0
335 12 0 0 0 0 0 0 0 0
341 24 0 0 0 0 0 0 0 0
fl=/usr/include/c++/v1/__tree
fn=unsigned int lob::v5::BookT<lob::ChecksumSink, 16u>::match<(lob::Side)0>(unsigned long, long, unsigned int)
0 2690 1 1 2690 0 0 0 0 0
fn=unsigned int lob::v5::BookT<lob::ChecksumSink, 16u>::match<(lob::Side)1>(unsigned long, long, unsigned int)
0 2644 1 1 2644 0 0 0 0 0
fl=/usr/include/c++/v1/__utility/pair.h
fn=_ZN5boost9unordered6detail3foa10table_coreINS2_14flat_map_typesIjjEENS2_7group15INS2_14plain_integralEEENS2_12table_arraysENS2_18plain_size_controlENS_4hashIjEENSt3__18equal_toIjEENSD_9allocatorINSD_4pairIKjjEEEEE22for_all_elements_whileIZNSL_22for_all_elements_whileIZNSL_16for_all_elementsIZNSL_16unchecked_rehashERNS9_ISJ_S8_NS2_16pow2_size_policyESK_EEEUlPSJ_E_EEDTcmclfL1p0_LDnEEcvv_EERKSQ_T_EUlSS_E_EESU_SW_SX_EUlPS8_jSS_E_EEDTcmclfp0_LDnELi0ELDnEEcvv_EESW_SX_
196 9990 0 0 3330 0 0 6660 683 43
fn=boost::unordered::detail::foa::table_locator<boost::unordered::detail::foa::group15<boost::unordered::detail::foa::plain_integral>, std::__1::pair<unsigned int const, unsigned int> > boost::unordered::detail::foa::table_core<boost::unordered::detail::foa::flat_map_types<unsigned int, unsigned int>, boost::unordered::detail::foa::group15<boost::unordered::detail::foa::plain_integral>, boost::unordered::detail::foa::table_arrays, boost::unordered::detail::foa::plain_size_control, boost::hash<unsigned int>, std::__1::equal_to<unsigned int>, std::__1::allocator<std::__1::pair<unsigned int const, unsigned int> > >::unchecked_emplace_with_rehash<boost::unordered::detail::foa::try_emplace_args_t, unsigned int&, unsigned int&>(unsigned long, boost::unordered::detail::foa::try_emplace_args_t&&, unsigned int&, unsigned int&)
445 16 0 0 8 0 0 8 6 4
446 16 0 0 8 0 0 8 0 0
fn=lob::v5::BookT<lob::ChecksumSink, 16u>::index_insert(unsigned long, unsigned int)
445 495198 0 0 0 0 0 495198 250710 6
446 990396 0 0 495198 0 0 495198 0 0
fl=/usr/include/c++/v1/__utility/swap.h
fn=lob::v5::BookT<lob::ChecksumSink, 16u>::alloc_node(unsigned long, lob::Side, long, unsigned int)
44 36 0 0 0 0 0 36 1 0
fl=/usr/include/c++/v1/__vector/vector.h
fn=auto lob::for_each_type<std::__1::tuple<lob::v0::Book<lob::ChecksumSink>, lob::v1::Book<lob::ChecksumSink>, lob::v2::Book<lob::ChecksumSink>, lob::v3::BookT<lob::ChecksumSink, 16u>, lob::v4::BookT<lob::ChecksumSink, 16u>, lob::v5::BookT<lob::ChecksumSink, 16u> >, (anonymous namespace)::with_version<(anonymous namespace)::cmd_replay((anonymous namespace)::Args const&)::$_0>(std::__1::basic_string_view<char, std::__1::char_traits<char> >, (anonymous namespace)::cmd_replay((anonymous namespace)::Args const&)::$_0&&)::{lambda<typename $T0>()#1}>((anonymous namespace)::with_version<(anonymous namespace)::cmd_replay((anonymous namespace)::Args const&)::$_0>(std::__1::basic_string_view<char, std::__1::char_traits<char> >, (anonymous namespace)::cmd_replay((anonymous namespace)::Args const&)::$_0&&)::{lambda<typename $T0>()#1}&&)::{lambda<unsigned long... $N0>(std::__1::integer_sequence<unsigned long, ($N0)...>)#1}::operator()<0ul, 1ul, 2ul, 3ul, 4ul, 5ul>(std::__1::integer_sequence<unsigned long, 0ul, 1ul, 2ul, 3ul, 4ul, 5ul>) const
0 1 0 0 0 0 0 1 1 1
388 1 0 0 1 0 0 0 0 0
449 1 0 0 1 1 1 0 0 0
fn=lob::v5::BookT<lob::ChecksumSink, 16u>::alloc_node(unsigned long, lob::Side, long, unsigned int)
0 4098 0 0 12 0 0 72 1 1
388 10005 1 1 4002 0 0 0 0 0
391 12 0 0 0 0 0 0 0 0
407 1976822 0 0 495206 0 0 0 0 0
475 1989 0 0 0 0 0 0 0 0
844 24 0 0 0 0 0 0 0 0
902 36 1 1 0 0 0 0 0 0
905 84 1 1 0 0 0 0 0 0
1128 12 0 0 0 0 0 0 0 0
1131 24 1 1 0 0 0 0 0 0
1146 6003 0 0 2001 0 0 0 0 0
1149 1989 0 0 0 0 0 0 0 0
1152 2001 0 0 0 0 0 2001 0 0
fn=lob::v5::BookT<lob::ChecksumSink, 16u>::remove_node(unsigned int)
407 1953419 1 1 329753 0 0 0 0 0
fn=lob::v5::BookT<lob::ChecksumSink, 16u>::rest(unsigned long, lob::Side, long, unsigned int)
407 1481616 0 0 495206 0 0 0 0 0
fn=unsigned int lob::v5::BookT<lob::ChecksumSink, 16u>::match<(lob::Side)0>(unsigned long, long, unsigned int)
407 613226 0 0 232364 0 0 0 0 0
fn=unsigned int lob::v5::BookT<lob::ChecksumSink, 16u>::match<(lob::Side)1>(unsigned long, long, unsigned int)
407 608136 0 0 230379 0 0 0 0 0
fn=void lob::v5::BookT<lob::ChecksumSink, 16u>::cancel_in<boost::unordered::unordered_flat_map<unsigned int, unsigned int, boost::hash<unsigned int>, std::__1::equal_to<unsigned int>, std::__1::allocator<std::__1::pair<unsigned int const, unsigned int> > >, unsigned int>(boost::unordered::unordered_flat_map<unsigned int, unsigned int, boost::hash<unsigned int>, std::__1::equal_to<unsigned int>, std::__1::allocator<std::__1::pair<unsigned int const, unsigned int> > >&, unsigned int, unsigned long)
407 1208152 1 1 302038 0 0 0 0 0
fn=void lob::v5::BookT<lob::ChecksumSink, 16u>::modify_in<boost::unordered::unordered_flat_map<unsigned int, unsigned int, boost::hash<unsigned int>, std::__1::equal_to<unsigned int>, std::__1::allocator<std::__1::pair<unsigned int const, unsigned int> > >, unsigned int>(boost::unordered::unordered_flat_map<unsigned int, unsigned int, boost::hash<unsigned int>, std::__1::equal_to<unsigned int>, std::__1::allocator<std::__1::pair<unsigned int const, unsigned int> > >&, unsigned int, unsigned long, long, unsigned int)
407 277976 0 0 69494 0 0 0 0 0
fl=/usr/include/c++/v1/map
fn=unsigned int lob::v5::BookT<lob::ChecksumSink, 16u>::match<(lob::Side)0>(unsigned long, long, unsigned int)
1031 658209 0 0 329105 2 1 0 0 0
fn=unsigned int lob::v5::BookT<lob::ChecksumSink, 16u>::match<(lob::Side)1>(unsigned long, long, unsigned int)
1031 657016 0 0 328508 0 0 0 0 0
fl=???
fn=???
0 170 5 5 114 21 5 0 0 0
fn=operator delete(void*)
0 90 0 0 18 0 0 18 0 0
fn=operator delete(void*, unsigned long)
0 90 1 1 18 0 0 18 0 0
fn=operator new(unsigned long)
0 340 2 2 60 0 0 80 0 0
summary: 253068270 239 234 68195573 1004389 375150 36791361 723235 2103
