==96147== Cachegrind, a high-precision tracing profiler
==96147== Copyright (C) 2002-2017, and GNU GPL'd, by Nicholas Nethercote et al.
==96147== Using Valgrind-3.22.0 and LibVEX; rerun with -h for copyright info
==96147== Command: /home/wang/sources/cxx/book/build/profile/book replay --workload data/syn_default_s42.ops --version v16
==96147== 
==96147== 
==96147== I refs:        167,756,660
==96147== I1  misses:            321
==96147== LLi misses:            319
==96147== I1  miss rate:        0.00%
==96147== LLi miss rate:        0.00%
==96147== 
==96147== D refs:         61,982,965  (42,819,340 rd   + 19,163,625 wr)
==96147== D1  misses:      2,338,807  ( 1,277,532 rd   +  1,061,275 wr)
==96147== LLd misses:        379,021  (   375,168 rd   +      3,853 wr)
==96147== D1  miss rate:         3.8% (       3.0%     +        5.5%  )
==96147== LLd miss rate:         0.6% (       0.9%     +        0.0%  )
==96147== 
==96147== LL refs:         2,339,128  ( 1,277,853 rd   +  1,061,275 wr)
==96147== LL misses:         379,340  (   375,487 rd   +      3,853 wr)
==96147== LL miss rate:          0.2% (       0.2%     +        0.0%  )
