==54748== Cachegrind, a high-precision tracing profiler
==54748== Copyright (C) 2002-2017, and GNU GPL'd, by Nicholas Nethercote et al.
==54748== Using Valgrind-3.22.0 and LibVEX; rerun with -h for copyright info
==54748== Command: /home/wang/sources/cxx/book/build/profile/book replay --workload data/syn_default_s42.ops --version v8
==54748== 
==54748== 
==54748== I refs:        218,631,891
==54748== I1  misses:            235
==54748== LLi misses:            235
==54748== I1  miss rate:        0.00%
==54748== LLi miss rate:        0.00%
==54748== 
==54748== D refs:         87,593,011  (59,388,868 rd   + 28,204,143 wr)
==54748== D1  misses:      2,281,828  ( 1,251,141 rd   +  1,030,687 wr)
==54748== LLd misses:        380,168  (   375,165 rd   +      5,003 wr)
==54748== D1  miss rate:         2.6% (       2.1%     +        3.7%  )
==54748== LLd miss rate:         0.4% (       0.6%     +        0.0%  )
==54748== 
==54748== LL refs:         2,282,063  ( 1,251,376 rd   +  1,030,687 wr)
==54748== LL misses:         380,403  (   375,400 rd   +      5,003 wr)
==54748== LL miss rate:          0.1% (       0.1%     +        0.0%  )
