==67227== Cachegrind, a high-precision tracing profiler
==67227== Copyright (C) 2002-2017, and GNU GPL'd, by Nicholas Nethercote et al.
==67227== Using Valgrind-3.22.0 and LibVEX; rerun with -h for copyright info
==67227== Command: /home/wang/sources/cxx/book/build/profile/book replay --workload data/itch12302019_AAPL.ops --version v10
==67227== 
==67227== 
==67227== I refs:        329,078,817
==67227== I1  misses:            257
==67227== LLi misses:            257
==67227== I1  miss rate:        0.00%
==67227== LLi miss rate:        0.00%
==67227== 
==67227== D refs:        129,081,351  (86,391,644 rd   + 42,689,707 wr)
==67227== D1  misses:      3,055,906  ( 1,841,374 rd   +  1,214,532 wr)
==67227== LLd misses:        770,979  (   638,621 rd   +    132,358 wr)
==67227== D1  miss rate:         2.4% (       2.1%     +        2.8%  )
==67227== LLd miss rate:         0.6% (       0.7%     +        0.3%  )
==67227== 
==67227== LL refs:         3,056,163  ( 1,841,631 rd   +  1,214,532 wr)
==67227== LL misses:         771,236  (   638,878 rd   +    132,358 wr)
==67227== LL miss rate:          0.2% (       0.2%     +        0.3%  )
