==90683== Cachegrind, a high-precision tracing profiler
==90683== Copyright (C) 2002-2017, and GNU GPL'd, by Nicholas Nethercote et al.
==90683== Using Valgrind-3.22.0 and LibVEX; rerun with -h for copyright info
==90683== Command: /home/wang/sources/cxx/book/build/profile/book replay --workload data/syn_deep_s42.ops --version v12
==90683== 
==90683== 
==90683== I refs:        172,418,011
==90683== I1  misses:            342
==90683== LLi misses:            311
==90683== I1  miss rate:        0.00%
==90683== LLi miss rate:        0.00%
==90683== 
==90683== D refs:         68,286,942  (49,366,408 rd   + 18,920,534 wr)
==90683== D1  misses:      4,045,052  ( 2,402,751 rd   +  1,642,301 wr)
==90683== LLd misses:        415,156  (   375,247 rd   +     39,909 wr)
==90683== D1  miss rate:         5.9% (       4.9%     +        8.7%  )
==90683== LLd miss rate:         0.6% (       0.8%     +        0.2%  )
==90683== 
==90683== LL refs:         4,045,394  ( 2,403,093 rd   +  1,642,301 wr)
==90683== LL misses:         415,467  (   375,558 rd   +     39,909 wr)
==90683== LL miss rate:          0.2% (       0.2%     +        0.2%  )
