desc: I1 cache:         32768 B, 64 B, 8-way associative
desc: D1 cache:         49152 B, 64 B, 12-way associative
desc: LL cache:         6291456 B, 64 B, 12-way associative
cmd: /home/wang/sources/cxx/book/build/profile/book replay --workload data/itch12302019_AAPL.ops --version v3
events: Ir I1mr ILmr Dr D1mr DLmr Dw D1mw DLmw 
fl=./malloc/./malloc/arena.c
fn=free
153 210 0 0 0 0 0 0 0 0
fn=malloc
153 140 0 0 0 0 0 0 0 0
fl=./malloc/./malloc/malloc.c
fn=_int_free
1792 49 0 0 49 18 0 0 0 0
1992 45 1 1 15 0 0 0 0 0
3163 42 1 1 21 0 0 21 0 0
3165 84 0 0 21 12 6 21 0 0
3166 21 0 0 0 0 0 21 0 0
3167 42 0 0 0 0 0 21 0 0
4495 490 1 1 0 0 0 280 11 0
4499 210 1 1 70 0 0 0 0 0
4505 280 0 0 0 0 0 0 0 0
4506 140 0 0 0 0 0 0 0 0
4510 350 0 0 0 0 0 0 0 0
4517 140 0 0 0 0 0 0 0 0
4518 420 1 1 210 24 0 0 0 0
4521 36 0 0 0 0 0 0 0 0
4527 108 0 0 72 12 6 0 0 0
4547 180 1 1 72 11 1 0 0 0
4550 21 0 0 0 0 0 0 0 0
4561 98 0 0 0 0 0 0 0 0
4572 60 0 0 15 0 0 0 0 0
4574 45 0 0 15 3 0 0 0 0
4593 15 0 0 0 0 0 0 0 0
4595 15 0 0 0 0 0 15 3 0
4596 15 0 0 0 0 0 0 0 0
4600 45 0 0 15 0 0 0 0 0
4602 30 0 0 15 3 0 0 0 0
4606 30 0 0 0 0 0 0 0 0
4608 45 0 0 0 0 0 15 0 0
4609 15 0 0 0 0 0 15 0 0
4628 60 0 0 0 0 0 0 0 0
4637 68 0 0 34 0 0 0 0 0
4640 68 0 0 34 14 0 0 0 0
4643 68 1 1 0 0 0 0 0 0
4646 68 0 0 0 0 0 0 0 0
4658 386 1 1 316 0 0 0 0 0
fn=_int_free_maybe_consolidate
4770 374 1 1 34 14 0 238 1 0
4776 68 0 0 0 0 0 0 0 0
4778 72 0 0 18 0 0 0 0 0
4781 54 0 0 0 0 0 0 0 0
4784 90 2 2 54 14 4 0 0 0
4785 25 0 0 15 0 0 0 0 0
4798 354 1 1 291 0 0 0 0 0
fn=_int_free_merge_chunk
1992 102 0 0 34 0 0 0 0 0
4665 272 1 1 0 0 0 204 0 0
4666 34 0 0 0 0 0 0 0 0
4670 204 0 0 34 14 0 0 0 0
4673 136 1 1 34 14 0 0 0 0
4675 102 1 1 34 13 2 0 0 0
4678 102 0 0 34 7 0 0 0 0
4681 68 0 0 0 0 0 0 0 0
4682 68 0 0 0 0 0 0 0 0
4683 68 0 0 34 14 0 0 0 0
4689 68 1 1 34 0 0 0 0 0
4691 11 0 0 11 0 0 0 0 0
4692 11 0 0 0 0 0 0 0 0
4693 11 0 0 0 0 0 0 0 0
4694 44 0 0 11 6 0 0 0 0
4696 22 0 0 0 0 0 11 2 0
4701 102 0 0 0 0 0 0 0 0
4702 238 0 0 204 0 0 0 0 0
4714 68 0 0 34 0 0 0 0 0
4720 44 0 0 22 3 0 0 0 0
4721 10 0 0 0 0 0 5 0 0
4722 10 0 0 0 0 0 0 0 0
4724 17 0 0 17 0 0 0 0 0
4732 22 0 0 0 0 0 0 0 0
4733 88 1 1 22 0 0 0 0 0
4734 44 0 0 22 0 0 0 0 0
4736 22 0 0 0 0 0 22 3 0
4738 44 0 0 0 0 0 0 0 0
4740 66 1 1 0 0 0 22 1 0
4743 22 0 0 0 0 0 22 0 0
4744 22 0 0 0 0 0 22 0 0
4746 66 0 0 0 0 0 22 0 0
4747 22 0 0 0 0 0 22 0 0
4756 12 0 0 0 0 0 0 0 0
4757 36 0 0 0 0 0 12 0 0
4758 24 1 1 0 0 0 12 0 0
fn=_int_malloc
1326 140 0 0 0 0 0 0 0 0
1345 420 0 0 0 0 0 0 0 0
1794 70 1 1 70 0 0 0 0 0
1985 51 0 0 17 0 0 0 0 0
2008 16 0 0 4 0 0 0 0 0
2552 72 0 0 24 24 10 24 0 0
2553 4 1 1 0 0 0 4 0 0
2564 24 1 1 12 12 2 0 0 0
2565 24 0 0 16 0 0 0 0 0
2568 32 0 0 8 0 0 0 0 0
2576 48 0 0 8 0 0 16 5 1
2577 16 0 0 0 0 0 0 0 0
2589 16 0 0 4 0 0 4 0 0
2590 8 0 0 0 0 0 4 0 0
2599 48 1 1 12 0 0 0 0 0
2605 12 0 0 8 0 0 0 0 0
2608 12 1 1 0 0 0 0 0 0
2669 12 1 1 4 0 0 4 0 0
2677 8 0 0 4 0 0 0 0 0
2678 12 0 0 4 0 0 4 0 0
2691 12 1 1 4 0 0 0 0 0
2693 4 0 0 4 0 0 0 0 0
2699 20 0 0 4 0 0 4 0 0
2707 8 0 0 0 0 0 0 0 0
2709 16 2 2 0 0 0 8 4 2
2710 12 0 0 4 0 0 0 0 0
2711 4 0 0 0 0 0 0 0 0
2712 4 0 0 0 0 0 0 0 0
2715 8 0 0 0 0 0 0 0 0
2744 28 1 1 12 0 0 0 0 0
2746 8 1 1 0 0 0 4 0 0
2752 32 0 0 4 0 0 0 0 0
2753 24 0 0 4 0 0 4 0 0
2921 12 1 1 8 0 0 0 0 0
2922 4 0 0 0 0 0 4 0 0
2926 4 0 0 4 0 0 0 0 0
2930 20 1 1 8 0 0 0 0 0
2932 4 0 0 0 0 0 0 0 0
2933 4 0 0 0 0 0 0 0 0
2934 4 0 0 0 0 0 4 0 0
2935 28 0 0 0 0 0 4 0 0
2936 8 0 0 0 0 0 4 4 4
2938 4 0 0 0 0 0 0 0 0
3846 770 2 2 70 24 3 490 23 5
3887 140 0 0 0 0 0 0 0 0
3914 140 0 0 0 0 0 0 0 0
3916 96 0 0 0 0 0 0 0 0
3919 24 0 0 24 8 1 0 0 0
3921 48 0 0 0 0 0 0 0 0
3930 72 2 2 0 0 0 0 0 0
3977 92 1 1 0 0 0 0 0 0
3979 72 0 0 0 0 0 0 0 0
3980 56 1 1 0 0 0 0 0 0
3982 84 0 0 28 14 7 0 0 0
4039 705 1 1 0 0 0 0 0 0
4040 126 0 0 42 17 3 0 0 0
4058 210 1 1 70 0 0 0 0 0
4059 210 0 0 0 0 0 70 5 1
4060 210 1 1 140 0 0 0 0 0
4069 96 0 0 0 0 0 48 0 0
4070 438 1 1 98 25 3 70 0 0
4072 49 0 0 49 6 2 0 0 0
4073 98 0 0 49 13 2 0 0 0
4074 49 0 0 0 0 0 0 0 0
4076 98 0 0 0 0 0 0 0 0
4077 147 1 1 49 16 4 0 0 0
4079 49 0 0 49 14 2 0 0 0
4080 196 0 0 0 0 0 0 0 0
4082 196 0 0 49 0 0 0 0 0
4084 98 1 1 49 1 0 0 0 0
4085 98 0 0 49 0 0 0 0 0
4087 98 0 0 0 0 0 0 0 0
4098 196 0 0 0 0 0 0 0 0
4099 36 1 1 18 0 0 0 0 0
4100 32 0 0 0 0 0 0 0 0
4101 16 0 0 0 0 0 0 0 0
4104 16 0 0 0 0 0 0 0 0
4105 16 1 1 0 0 0 0 0 0
4106 16 0 0 0 0 0 16 0 0
4107 48 0 0 0 0 0 16 0 0
4108 48 1 1 0 0 0 16 16 1
4109 32 0 0 0 0 0 0 0 0
4111 32 0 0 0 0 0 16 4 0
4115 128 0 0 0 0 0 16 0 0
4117 48 1 1 0 0 0 16 1 0
4118 16 0 0 0 0 0 16 0 0
4121 21 0 0 0 0 0 0 0 0
4122 48 0 0 0 0 0 16 0 0
4123 16 0 0 0 0 0 0 0 0
4127 33 0 0 0 0 0 33 0 0
4128 33 0 0 0 0 0 33 0 0
4132 66 0 0 0 0 0 0 0 0
4134 10 0 0 0 0 0 5 0 0
4135 15 0 0 0 0 0 0 0 0
4140 10 0 0 0 0 0 0 0 0
4161 57 2 2 0 0 0 0 0 0
4163 4 0 0 0 0 0 2 0 0
4164 8 0 0 0 0 0 0 0 0
4165 2 0 0 2 1 0 0 0 0
4169 420 5 5 0 0 0 26 0 0
4170 78 1 1 0 0 0 0 0 0
4171 26 0 0 26 16 5 0 0 0
4174 52 0 0 0 0 0 0 0 0
4218 104 0 0 0 0 0 26 4 1
4221 196 2 2 56 14 2 0 0 0
4222 28 0 0 0 0 0 28 0 0
4223 28 0 0 0 0 0 28 0 0
4224 28 0 0 0 0 0 28 0 0
4225 28 0 0 0 0 0 28 0 0
4230 56 0 0 56 0 0 0 0 0
4231 56 0 0 0 0 0 0 0 0
4240 112 1 1 56 0 0 0 0 0
4246 54 0 0 0 0 0 0 0 0
4257 147 1 1 0 0 0 0 0 0
4259 148 0 0 0 0 0 0 0 0
4262 111 0 0 37 18 7 0 0 0
4263 56 1 1 4 1 0 0 0 0
4266 1 0 0 1 0 0 0 0 0
4267 6 0 0 1 0 0 0 0 0
4273 2 1 1 1 0 0 0 0 0
4278 3 0 0 0 0 0 1 0 0
4279 3 0 0 0 0 0 2 0 0
4282 4 0 0 2 0 0 0 0 0
4291 1 0 0 0 0 0 0 0 0
4295 4 1 1 1 0 0 0 0 0
4296 2 0 0 1 0 0 0 0 0
4299 1 0 0 0 0 0 1 0 0
4300 1 0 0 0 0 0 1 0 0
4301 1 0 0 0 0 0 1 0 0
4302 2 0 0 0 0 0 0 0 0
4307 8 1 1 0 0 0 1 0 0
4309 3 0 0 0 0 0 1 0 0
4310 1 0 0 0 0 0 1 0 0
4313 1 0 0 0 0 0 0 0 0
4330 48 0 0 0 0 0 0 0 0
4331 96 0 0 0 0 0 0 0 0
4332 96 0 0 0 0 0 0 0 0
4333 96 0 0 48 8 1 0 0 0
4334 288 0 0 0 0 0 0 0 0
4339 226 1 1 0 0 0 0 0 0
4343 212 1 1 0 0 0 0 0 0
4346 136 1 1 34 0 0 0 0 0
4348 24 0 0 0 0 0 0 0 0
4349 12 0 0 0 0 0 0 0 0
4353 334 0 0 0 0 0 0 0 0
4355 145 0 0 0 0 0 0 0 0
4357 290 0 0 0 0 0 0 0 0
4361 22 0 0 22 10 0 0 0 0
4364 44 0 0 0 0 0 0 0 0
4366 50 0 0 0 0 0 10 0 0
4367 10 0 0 0 0 0 0 0 0
4368 10 0 0 0 0 0 0 0 0
4373 48 1 1 12 4 0 0 0 0
4376 24 0 0 0 0 0 0 0 0
4378 36 1 1 0 0 0 12 0 0
4381 36 0 0 0 0 0 24 0 0
4384 48 0 0 24 0 0 0 0 0
4394 12 0 0 0 0 0 0 0 0
4399 48 0 0 12 0 0 0 0 0
4400 24 1 1 12 0 0 0 0 0
4403 12 0 0 0 0 0 12 7 2
4404 12 0 0 0 0 0 12 0 0
4405 12 0 0 0 0 0 12 0 0
4408 24 0 0 0 0 0 0 0 0
4409 6 0 0 0 0 0 6 0 0
4410 24 0 0 0 0 0 0 0 0
4412 22 0 0 0 0 0 11 1 0
4415 96 1 1 0 0 0 12 0 0
4417 36 0 0 0 0 0 12 1 0
4418 12 0 0 0 0 0 12 0 0
4421 12 0 0 0 0 0 0 0 0
4443 36 1 1 36 0 0 0 0 0
4444 72 0 0 36 14 3 0 0 0
4446 72 0 0 36 8 2 0 0 0
4449 108 0 0 0 0 0 0 0 0
4451 24 0 0 0 0 0 0 0 0
4452 48 1 1 0 0 0 0 0 0
4453 24 0 0 0 0 0 24 0 0
4454 192 1 1 0 0 0 24 0 0
4456 48 0 0 0 0 0 24 20 19
4459 50 0 0 0 0 0 0 0 0
4460 111 0 0 0 0 0 37 6 3
4461 37 0 0 0 0 0 0 0 0
4466 48 0 0 12 0 0 12 0 0
4482 20 0 0 0 0 0 0 0 0
4487 840 2 2 630 0 0 0 0 0
fn=alloc_perturb
1985 159 1 1 53 0 0 0 0 0
1987 53 0 0 53 0 0 0 0 0
fn=free
3359 532 2 2 0 0 0 304 0 0
3363 152 0 0 0 0 0 0 0 0
3371 152 0 0 152 68 10 0 0 0
3373 76 0 0 0 0 0 0 0 0
3375 228 0 0 76 26 4 0 0 0
3379 18 1 1 6 6 0 0 0 0
3381 24 0 0 6 6 0 0 0 0
3383 8 0 0 0 0 0 4 0 0
3384 8 0 0 0 0 0 4 0 0
3385 4 0 0 0 0 0 0 0 0
3388 12 0 0 0 0 0 6 2 0
3392 210 0 0 140 50 0 0 0 0
3398 210 1 1 0 0 0 70 7 0
3401 76 0 0 0 0 0 76 0 0
3402 456 1 1 380 0 0 0 0 0
fn=malloc
1326 156 0 0 0 0 0 0 0 0
1345 390 1 1 0 0 0 0 0 0
3178 16 0 0 8 6 3 0 0 0
3182 16 0 0 0 0 0 0 0 0
3186 32 0 0 8 8 6 8 0 0
3190 16 0 0 0 0 0 8 0 0
3191 8 0 0 0 0 0 8 0 0
3294 624 1 1 0 0 0 312 5 1
3301 156 0 0 78 32 3 0 0 0
3311 156 0 0 0 0 0 0 0 0
3313 312 0 0 156 62 5 0 0 0
3316 156 0 0 78 33 2 0 0 0
3318 108 1 1 36 18 7 0 0 0
3326 140 1 1 70 32 3 0 0 0
3328 280 1 1 0 0 0 70 7 0
3329 350 1 1 70 0 0 0 0 0
3354 468 1 1 390 0 0 0 0 0
fn=munmap_chunk
3024 12 1 1 0 0 0 6 0 0
3025 12 0 0 12 12 0 0 0 0
3026 18 0 0 6 0 0 0 0 0
3028 12 0 0 0 0 0 0 0 0
3030 6 0 0 0 0 0 0 0 0
3031 18 0 0 6 0 0 0 0 0
3032 6 0 0 0 0 0 0 0 0
3038 24 0 0 0 0 0 0 0 0
3039 30 1 1 0 0 0 0 0 0
3042 6 0 0 12 0 0 0 0 0
3043 18 0 0 12 0 0 0 0 0
3048 12 0 0 0 0 0 0 0 0
3049 6 0 0 6 0 0 0 0 0
fn=sysmalloc_mmap.isra.0
2008 32 0 0 8 0 0 0 0 0
2400 48 1 1 0 0 0 32 3 0
2413 24 0 0 0 0 0 0 0 0
2418 16 0 0 0 0 0 0 0 0
2421 80 1 1 0 0 0 8 5 1
2424 16 1 1 0 0 0 0 0 0
2428 16 0 0 0 0 0 0 0 0
2432 32 0 0 0 0 0 8 0 0
2448 24 0 0 0 0 0 0 0 0
2466 8 0 0 0 0 0 8 8 7
2467 24 1 1 0 0 0 8 0 0
2471 24 0 0 16 0 0 0 0 0
2472 30 0 0 11 0 0 0 0 0
2475 24 1 1 16 0 0 0 0 0
2476 38 0 0 15 0 0 0 0 0
2481 56 0 0 40 0 0 0 0 0
fn=systrim.constprop.0
2957 30 1 1 0 0 0 20 0 0
2966 15 0 0 10 0 0 0 0 0
2968 5 0 0 0 0 0 0 0 0
2969 10 0 0 0 0 0 0 0 0
2970 2 0 0 0 0 0 0 0 0
2974 15 0 0 5 0 0 0 0 0
2975 5 0 0 0 0 0 0 0 0
2978 25 1 1 10 10 0 0 0 0
2980 10 0 0 0 0 0 0 0 0
2987 9 0 0 0 0 0 3 0 0
2988 12 0 0 3 0 0 0 0 0
3000 9 1 1 0 0 0 3 0 0
3001 6 0 0 0 0 0 3 0 0
3003 3 0 0 0 0 0 0 0 0
3005 6 0 0 0 0 0 0 0 0
3009 6 0 0 0 0 0 0 0 0
3012 3 0 0 3 0 0 0 0 0
3013 12 0 0 3 0 0 3 0 0
3015 6 0 0 0 0 0 0 0 0
3020 30 0 0 25 0 0 0 0 0
fn=unlink_chunk.isra.0
1608 58 1 1 0 0 0 29 0 0
1610 145 0 0 58 2 0 0 0 0
1613 58 0 0 58 1 0 0 0 0
1614 58 0 0 29 0 0 0 0 0
1616 116 1 1 58 6 0 0 0 0
1619 29 0 0 0 0 0 29 0 0
1620 29 0 0 0 0 0 29 0 0
1621 139 0 0 27 7 0 0 0 0
1623 50 0 0 25 0 0 0 0 0
1624 75 0 0 50 0 0 0 0 0
1627 50 0 0 25 3 2 0 0 0
1641 25 0 0 0 0 0 25 0 0
1642 25 1 1 0 0 0 25 0 0
1645 58 0 0 58 0 0 0 0 0
fl=./malloc/./malloc/morecore.c
fn=__glibc_morecore
25 39 1 1 0 0 0 13 0 0
26 26 0 0 13 0 0 0 0 0
29 13 0 0 0 0 0 13 0 0
30 26 0 0 0 0 0 0 0 0
34 26 0 0 26 0 0 0 0 0
fl=./misc/../sysdeps/unix/syscall-template.S
fn=munmap
117 30 2 2 0 0 0 0 0 0
122 6 0 0 6 0 0 0 0 0
fl=./misc/../sysdeps/unix/sysv/linux/brk.c
fn=brk
36 7 1 1 0 0 0 0 0 0
37 14 0 0 7 0 0 7 0 0
38 14 0 0 0 0 0 0 0 0
44 7 0 0 0 0 0 0 0 0
45 7 0 0 7 0 0 0 0 0
fl=./misc/../sysdeps/unix/sysv/linux/brk_call.h
fn=brk
24 14 0 0 0 0 0 0 0 0
fl=./misc/../sysdeps/unix/sysv/linux/mmap64.c
fn=mmap
47 56 1 1 0 0 0 24 0 0
50 16 0 0 0 0 0 0 0 0
53 56 1 1 0 0 0 0 0 0
58 48 1 1 0 0 0 0 0 0
60 32 0 0 32 0 0 0 0 0
fl=./misc/../sysdeps/unix/sysv/linux/setvmaname.c
fn=__set_vma_name
33 56 2 2 0 0 0 32 3 0
35 40 0 0 16 8 3 8 0 0
49 72 0 0 56 0 0 0 0 0
fl=./misc/./misc/sbrk.c
fn=sbrk
37 104 1 1 0 0 0 52 6 3
40 26 0 0 26 14 8 0 0 0
43 26 1 1 13 7 4 0 0 0
58 26 0 0 0 0 0 0 0 0
62 26 0 0 0 0 0 0 0 0
66 28 1 1 0 0 0 0 0 0
68 6 0 0 0 0 0 0 0 0
74 21 1 1 0 0 0 7 0 0
78 91 0 0 65 0 0 0 0 0
fl=./string/../sysdeps/x86_64/multiarch/memmove-vec-unaligned-erms.S
fn=__memcpy_avx_unaligned_erms
255 16 1 1 0 0 0 0 0 0
256 16 0 0 0 0 0 0 0 0
262 16 0 0 0 0 0 0 0 0
263 16 0 0 0 0 0 0 0 0
265 14 0 0 14 5 0 0 0 0
266 14 0 0 0 0 0 0 0 0
267 14 0 0 0 0 0 0 0 0
270 1 0 0 1 0 0 0 0 0
271 1 0 0 0 0 0 1 0 0
272 1 0 0 0 0 0 1 0 0
275 2 0 0 1 0 0 0 0 0
305 2 0 0 0 0 0 0 0 0
306 2 0 0 0 0 0 0 0 0
308 1 0 0 0 0 0 0 0 0
309 1 0 0 0 0 0 0 0 0
311 1 0 0 0 0 0 0 0 0
315 1 0 0 0 0 0 0 0 0
316 1 1 1 0 0 0 0 0 0
317 1 0 0 0 0 0 0 0 0
325 1 0 0 1 0 0 0 0 0
342 1 0 0 1 0 0 0 0 0
343 1 0 0 1 0 0 0 0 0
344 1 0 0 0 0 0 1 0 0
345 1 0 0 0 0 0 1 0 0
347 1 0 0 1 0 0 0 0 0
375 1 1 1 1 0 0 0 0 0
376 1 0 0 1 0 0 0 0 0
377 1 0 0 0 0 0 1 1 1
378 1 0 0 0 0 0 1 0 0
379 1 0 0 0 0 0 1 0 0
380 1 0 0 0 0 0 1 0 0
381 2 0 0 1 0 0 0 0 0
386 13 1 1 13 7 1 0 0 0
387 13 0 0 0 0 0 0 0 0
392 7 0 0 0 0 0 0 0 0
393 7 0 0 0 0 0 0 0 0
395 2 0 0 2 0 0 0 0 0
396 2 0 0 0 0 0 0 0 0
397 2 0 0 0 0 0 0 0 0
399 1 0 0 1 0 0 0 0 0
400 1 0 0 1 0 0 0 0 0
401 1 0 0 1 0 0 0 0 0
402 1 0 0 1 0 0 0 0 0
403 1 0 0 1 0 0 0 0 0
404 1 1 1 1 0 0 0 0 0
405 1 0 0 0 0 0 1 0 0
406 1 0 0 0 0 0 1 1 1
407 1 0 0 0 0 0 1 0 0
408 1 0 0 0 0 0 1 1 1
409 1 0 0 0 0 0 1 0 0
410 1 0 0 0 0 0 1 0 0
411 1 0 0 0 0 0 1 0 0
412 1 0 0 0 0 0 1 0 0
413 2 0 0 1 0 0 0 0 0
417 5 0 0 0 0 0 0 0 0
418 5 0 0 0 0 0 0 0 0
422 5 0 0 0 0 0 0 0 0
424 5 1 1 0 0 0 0 0 0
428 5 0 0 5 4 1 0 0 0
429 5 0 0 0 0 0 0 0 0
440 5 0 0 0 0 0 0 0 0
443 5 0 0 0 0 0 0 0 0
445 5 0 0 0 0 0 0 0 0
447 5 0 0 0 0 0 0 0 0
451 5 0 0 0 0 0 0 0 0
452 5 0 0 0 0 0 0 0 0
461 5 0 0 5 0 0 0 0 0
462 5 0 0 5 0 0 0 0 0
464 5 0 0 0 0 0 0 0 0
466 5 0 0 0 0 0 0 0 0
467 5 1 1 5 0 0 0 0 0
468 5 0 0 5 0 0 0 0 0
471 5 0 0 0 0 0 0 0 0
473 5 0 0 0 0 0 0 0 0
475 5 0 0 0 0 0 0 0 0
477 10 0 0 0 0 0 0 0 0
483 88 0 0 88 9 0 0 0 0
484 88 0 0 88 16 0 0 0 0
485 88 0 0 88 7 0 0 0 0
486 88 0 0 88 19 0 0 0 0
487 88 0 0 0 0 0 0 0 0
488 88 0 0 0 0 0 88 14 14
489 88 0 0 0 0 0 88 28 6
490 88 1 1 0 0 0 88 13 13
491 88 0 0 0 0 0 88 31 5
492 88 0 0 0 0 0 0 0 0
493 88 0 0 0 0 0 0 0 0
494 88 0 0 0 0 0 0 0 0
496 5 0 0 0 0 0 5 2 1
497 5 0 0 0 0 0 5 2 2
498 5 0 0 0 0 0 5 0 0
499 5 0 0 0 0 0 5 0 0
501 5 0 0 0 0 0 5 0 0
505 10 0 0 5 0 0 0 0 0
563 6 1 1 6 3 0 0 0 0
570 6 0 0 0 0 0 0 0 0
571 6 0 0 0 0 0 0 0 0
577 2 0 0 0 0 0 0 0 0
580 2 0 0 0 0 0 0 0 0
582 2 0 0 0 0 0 0 0 0
585 2 0 0 0 0 0 0 0 0
586 2 0 0 0 0 0 0 0 0
588 2 0 0 0 0 0 0 0 0
590 589730 0 0 589728 9214 0 589728 9216 3366
592 2 0 0 0 0 0 2 2 0
594 2 0 0 0 0 0 2 2 0
596 4 0 0 2 2 0 0 0 0
601 6 1 1 0 0 0 0 0 0
602 6 0 0 0 0 0 0 0 0
606 6 0 0 0 0 0 0 0 0
608 6 0 0 0 0 0 0 0 0
611 6 0 0 0 0 0 0 0 0
615 6 0 0 6 6 0 0 0 0
616 6 0 0 0 0 0 0 0 0
620 6 0 0 6 0 0 0 0 0
624 6 0 0 0 0 0 0 0 0
648 4 0 0 0 0 0 0 0 0
650 4 0 0 0 0 0 0 0 0
652 4 0 0 0 0 0 0 0 0
654 4 1 1 0 0 0 0 0 0
657 4 0 0 0 0 0 0 0 0
658 4 0 0 0 0 0 0 0 0
660 184196 0 0 184192 2787 0 184192 2877 2157
663 4 0 0 0 0 0 4 3 0
665 4 0 0 0 0 0 4 1 0
667 8 0 0 4 3 0 0 0 0
fl=./string/../sysdeps/x86_64/multiarch/memset-vec-unaligned-erms.S
fn=__memset_avx2_unaligned_erms
158 33 1 1 0 0 0 0 0 0
159 66 0 0 0 0 0 0 0 0
164 33 0 0 0 0 0 0 0 0
165 33 0 0 0 0 0 0 0 0
166 33 0 0 0 0 0 0 0 0
167 33 0 0 0 0 0 0 0 0
168 33 0 0 0 0 0 0 0 0
170 6 0 0 0 0 0 6 3 3
171 6 0 0 0 0 0 6 0 0
172 12 0 0 6 0 0 0 0 0
181 9 0 0 0 0 0 9 1 1
182 9 0 0 0 0 0 9 0 0
184 18 0 0 9 0 0 0 0 0
237 27 1 1 27 17 6 0 0 0
238 27 0 0 0 0 0 0 0 0
244 14 0 0 0 0 0 14 7 7
245 14 0 0 0 0 0 14 5 5
257 14 0 0 0 0 0 0 0 0
260 14 0 0 0 0 0 0 0 0
261 14 0 0 0 0 0 0 0 0
273 5 0 0 0 0 0 5 1 1
274 5 0 0 0 0 0 5 4 4
287 5 0 0 0 0 0 0 0 0
288 5 0 0 0 0 0 0 0 0
290 5 0 0 0 0 0 0 0 0
293 4 0 0 0 0 0 0 0 0
296 4 0 0 0 0 0 0 0 0
299 30 0 0 0 0 0 30 6 6
300 30 0 0 0 0 0 30 23 23
301 30 0 0 0 0 0 30 7 7
302 30 0 0 0 0 0 30 23 23
303 30 0 0 0 0 0 0 0 0
304 30 0 0 0 0 0 0 0 0
305 34 0 0 0 0 0 0 0 0
308 5 1 1 0 0 0 5 0 0
309 5 0 0 0 0 0 5 3 3
310 5 0 0 0 0 0 5 0 0
311 5 0 0 0 0 0 5 2 2
314 10 0 0 5 0 0 0 0 0
325 13 1 1 0 0 0 0 0 0
326 13 0 0 0 0 0 0 0 0
327 13 0 0 0 0 0 0 0 0
328 389133 0 0 0 0 0 389120 6092 4849
329 13 0 0 0 0 0 0 0 0
330 26 0 0 13 1 0 0 0 0
fl=/home/wang/git-repositories/vcpkg/installed/x64-linux-clang-libcxx/include/boost/unordered/detail/foa/core.hpp
fn=(anonymous namespace)::cmd_replay((anonymous namespace)::Args const&)
0 5038552 1 1 1591424 0 0 0 0 0
271 3613330 0 0 0 0 0 0 0 0
272 2645604 0 0 0 0 0 0 0 0
279 5204754 1 1 2602377 1 1 0 0 0
336 1806665 1 1 1806665 662482 1 0 0 0
404 1591424 0 0 0 0 0 0 0 0
849 11139968 1 1 4774272 418 42 0 0 0
881 215241 0 0 0 0 0 0 0 0
882 645723 0 0 0 0 0 0 0 0
883 215241 0 0 0 0 0 0 0 0
927 1734694 0 0 0 0 0 0 0 0
1727 3613330 0 0 0 0 0 0 0 0
1729 1806665 0 0 0 0 0 0 0 0
1732 1677878 0 0 0 0 0 0 0 0
1733 838939 0 0 0 0 0 0 0 0
1737 2563792 1 1 0 0 0 0 0 0
1743 143270 0 0 0 0 0 0 0 0
1745 1010953 0 0 0 0 0 0 0 0
1750 215241 0 0 0 0 0 0 0 0
1955 1591424 1 1 1591424 1 1 0 0 0
2266 5569984 1 1 1591424 9 6 795712 0 0
fn=_ZN5boost9unordered6detail3foa10table_coreINS2_14flat_map_typesImN3lob2v35BookTINS5_12ChecksumSinkELj16EE3LocEEENS2_7group15INS2_14plain_integralEEENS2_12table_arraysENS2_18plain_size_controlENS_4hashImEENSt3__18equal_toImEENSJ_9allocatorINSJ_4pairIKmSA_EEEEE22for_all_elements_whileIZNSR_22for_all_elements_whileIZNSR_16for_all_elementsIZNSR_16unchecked_rehashERNSF_ISP_SE_NS2_16pow2_size_policyESQ_EEEUlPSP_E_EEDTcmclfL1p0_LDnEEcvv_EERKSW_T_EUlSY_E_EES10_S12_S13_EUlPSE_jSY_E_EEDTcmclfp0_LDnELi0ELDnEEcvv_EES12_S13_
0 268871 1 1 243291 5 0 4402 46 4
296 529950 1 1 264975 11079 0 0 0 0
297 244353 0 0 0 0 0 0 0 0
313 20622 0 0 0 0 0 0 0 0
389 477778 0 0 238889 65 18 0 0 0
849 238889 0 0 0 0 0 0 0 0
882 10928 0 0 5464 0 0 0 0 0
927 716667 1 1 0 0 0 0 0 0
1033 33 1 1 33 1 0 0 0 0
1034 32 0 0 32 0 0 0 0 0
1955 238889 0 0 238889 0 0 0 0 0
1961 123732 0 0 0 0 0 0 0 0
2032 238889 0 0 238889 0 0 0 0 0
2063 66 0 0 0 0 0 0 0 0
2064 20718 0 0 32 0 0 0 0 0
2065 41244 0 0 0 0 0 0 0 0
2067 539644 0 0 0 0 0 0 0 0
2069 477778 0 0 0 0 0 0 0 0
2075 66 1 1 33 0 0 0 0 0
2292 477778 0 0 477778 0 0 0 0 0
2350 238889 0 0 238889 0 0 0 0 0
2373 977412 1 1 0 0 0 0 0 0
2375 256535 0 0 0 0 0 0 0 0
2377 955556 0 0 238889 0 0 0 0 0
fn=boost::unordered::detail::foa::table_core<boost::unordered::detail::foa::flat_map_types<unsigned long, lob::v3::BookT<lob::ChecksumSink, 16u>::Loc>, boost::unordered::detail::foa::group15<boost::unordered::detail::foa::plain_integral>, boost::unordered::detail::foa::table_arrays, boost::unordered::detail::foa::plain_size_control, boost::hash<unsigned long>, std::__1::equal_to<unsigned long>, std::__1::allocator<std::__1::pair<unsigned long const, lob::v3::BookT<lob::ChecksumSink, 16u>::Loc> > >::unchecked_rehash(boost::unordered::detail::foa::table_arrays<std::__1::pair<unsigned long const, lob::v3::BookT<lob::ChecksumSink, 16u>::Loc>, boost::unordered::detail::foa::group15<boost::unordered::detail::foa::plain_integral>, boost::unordered::detail::foa::pow2_size_policy, std::__1::allocator<std::__1::pair<unsigned long const, lob::v3::BookT<lob::ChecksumSink, 16u>::Loc> > >&)
0 132 0 0 0 0 0 33 0 0
1033 66 0 0 66 15 6 0 0 0
1096 66 0 0 0 0 0 0 0 0
1108 64 0 0 32 0 0 0 0 0
1563 396 1 1 66 15 0 0 0 0
1811 165 0 0 33 0 0 0 0 0
2025 165 1 1 0 0 0 99 0 0
2054 33 0 0 0 0 0 33 0 0
2288 165 1 1 0 0 0 66 0 0
2289 33 0 0 0 0 0 33 1 0
2320 66 1 1 33 0 0 33 0 0
2321 33 0 0 0 0 0 33 0 0
2322 165 0 0 99 0 0 0 0 0
fn=boost::unordered::detail::foa::table_locator<boost::unordered::detail::foa::group15<boost::unordered::detail::foa::plain_integral>, std::__1::pair<unsigned long const, lob::v3::BookT<lob::ChecksumSink, 16u>::Loc> > boost::unordered::detail::foa::table_core<boost::unordered::detail::foa::flat_map_types<unsigned long, lob::v3::BookT<lob::ChecksumSink, 16u>::Loc>, boost::unordered::detail::foa::group15<boost::unordered::detail::foa::plain_integral>, boost::unordered::detail::foa::table_arrays, boost::unordered::detail::foa::plain_size_control, boost::hash<unsigned long>, std::__1::equal_to<unsigned long>, std::__1::allocator<std::__1::pair<unsigned long const, lob::v3::BookT<lob::ChecksumSink, 16u>::Loc> > >::unchecked_emplace_with_rehash<boost::unordered::detail::foa::try_emplace_args_t, unsigned long&, lob::v3::BookT<lob::ChecksumSink, 16u>::Loc>(unsigned long, boost::unordered::detail::foa::try_emplace_args_t&&, unsigned long&, lob::v3::BookT<lob::ChecksumSink, 16u>::Loc&&)
0 594 1 1 99 0 0 33 0 0
296 66 0 0 33 1 0 0 0 0
297 66 1 1 0 0 0 0 0 0
389 99 0 0 33 1 0 0 0 0
837 132 0 0 0 0 0 0 0 0
842 66 0 0 0 0 0 0 0 0
849 33 0 0 0 0 0 0 0 0
859 66 1 1 0 0 0 0 0 0
927 66 0 0 0 0 0 0 0 0
1031 132 1 1 0 0 0 132 13 3
1051 66 0 0 0 0 0 33 0 0
1057 132 0 0 0 0 0 0 0 0
1058 99 0 0 0 0 0 0 0 0
1059 33 0 0 0 0 0 0 0 0
1066 33 0 0 0 0 0 0 0 0
1073 66 0 0 0 0 0 0 0 0
1085 33 0 0 0 0 0 0 0 0
1108 33 0 0 0 0 0 0 0 0
1125 99 1 1 0 0 0 33 0 0
1126 33 0 0 0 0 0 0 0 0
1689 33 0 0 33 0 0 0 0 0
1983 330 1 1 0 0 0 198 0 0
1988 132 0 0 0 0 0 99 0 0
1999 66 0 0 0 0 0 33 0 0
2000 33 0 0 33 0 0 0 0 0
2002 297 1 1 231 15 4 0 0 0
2132 594 1 1 66 19 6 0 0 0
2373 66 0 0 0 0 0 0 0 0
2375 33 0 0 0 0 0 0 0 0
2377 165 0 0 0 0 0 0 0 0
fn=lob::v3::BookT<lob::ChecksumSink, 16u>::modify(unsigned long, long, unsigned int)
0 111832 1 1 18437 0 0 0 0 0
271 40218 0 0 0 0 0 0 0 0
272 37958 1 1 0 0 0 0 0 0
279 2386 0 0 2386 0 0 0 0 0
336 20109 0 0 20109 1903 0 0 0 0
849 124061 1 1 53169 3 0 0 0 0
881 2386 0 0 0 0 0 0 0 0
882 7158 0 0 0 0 0 0 0 0
883 2386 0 0 0 0 0 0 0 0
927 36874 0 0 0 0 0 0 0 0
1727 40218 0 0 0 0 0 0 0 0
1729 20109 0 0 0 0 0 0 0 0
1732 35698 0 0 0 0 0 0 0 0
1733 35698 0 0 0 0 0 17849 0 0
1737 55311 0 0 0 0 0 0 0 0
1743 1428 0 0 0 0 0 0 0 0
1745 2386 0 0 0 0 0 0 0 0
1750 2386 0 0 0 0 0 0 0 0
1955 17723 0 0 17723 0 0 0 0 0
fn=lob::v3::BookT<lob::ChecksumSink, 16u>::rest(unsigned long, lob::Side, long, unsigned int)
0 12564426 3 3 4717383 5 0 75664 0 0
271 1818296 0 0 0 0 0 0 0 0
272 946563 0 0 0 0 0 0 0 0
279 1818296 0 0 909148 5 0 0 0 0
296 1805790 0 0 902895 5880 0 0 0 0
297 1698574 0 0 0 0 0 0 0 0
336 909148 0 0 909148 5 0 0 0 0
849 795712 0 0 0 0 0 0 0 0
881 113436 0 0 0 0 0 0 0 0
882 554740 0 0 0 0 0 0 0 0
883 113436 0 0 0 0 0 0 0 0
927 1667856 0 0 0 0 0 0 0 0
1727 1818296 1 1 0 0 0 0 0 0
1729 909148 0 0 0 0 0 0 0 0
1732 74830 0 0 0 0 0 0 0 0
1733 37415 0 0 0 0 0 0 0 0
1737 76498 0 0 0 0 0 0 0 0
1743 76498 0 0 0 0 0 0 0 0
1745 909148 0 0 0 0 0 0 0 0
1750 113436 0 0 0 0 0 0 0 0
1955 795712 1 1 795712 5 0 0 0 0
1970 795679 0 0 795679 0 0 0 0 0
2373 3611580 0 0 0 0 0 0 0 0
2375 1138758 0 0 0 0 0 0 0 0
2377 3182716 0 0 0 0 0 0 0 0
fl=/home/wang/git-repositories/vcpkg/installed/x64-linux-clang-libcxx/include/boost/unordered/detail/foa/table.hpp
fn=(anonymous namespace)::cmd_replay((anonymous namespace)::Args const&)
40 795712 0 0 0 0 0 795712 0 0
fn=_ZN5boost9unordered6detail3foa10table_coreINS2_14flat_map_typesImN3lob2v35BookTINS5_12ChecksumSinkELj16EE3LocEEENS2_7group15INS2_14plain_integralEEENS2_12table_arraysENS2_18plain_size_controlENS_4hashImEENSt3__18equal_toImEENSJ_9allocatorINSJ_4pairIKmSA_EEEEE22for_all_elements_whileIZNSR_22for_all_elements_whileIZNSR_16for_all_elementsIZNSR_16unchecked_rehashERNSF_ISP_SE_NS2_16pow2_size_policyESQ_EEEUlPSP_E_EEDTcmclfL1p0_LDnEEcvv_EERKSW_T_EUlSY_E_EES10_S12_S13_EUlPSE_jSY_E_EEDTcmclfp0_LDnELi0ELDnEEcvv_EES12_S13_
40 238889 0 0 0 0 0 238889 0 0
46 5464 0 0 5464 0 0 0 0 0
fn=boost::unordered::detail::foa::table_locator<boost::unordered::detail::foa::group15<boost::unordered::detail::foa::plain_integral>, std::__1::pair<unsigned long const, lob::v3::BookT<lob::ChecksumSink, 16u>::Loc> > boost::unordered::detail::foa::table_core<boost::unordered::detail::foa::flat_map_types<unsigned long, lob::v3::BookT<lob::ChecksumSink, 16u>::Loc>, boost::unordered::detail::foa::group15<boost::unordered::detail::foa::plain_integral>, boost::unordered::detail::foa::table_arrays, boost::unordered::detail::foa::plain_size_control, boost::hash<unsigned long>, std::__1::equal_to<unsigned long>, std::__1::allocator<std::__1::pair<unsigned long const, lob::v3::BookT<lob::ChecksumSink, 16u>::Loc> > >::unchecked_emplace_with_rehash<boost::unordered::detail::foa::try_emplace_args_t, unsigned long&, lob::v3::BookT<lob::ChecksumSink, 16u>::Loc>(unsigned long, boost::unordered::detail::foa::try_emplace_args_t&&, unsigned long&, lob::v3::BookT<lob::ChecksumSink, 16u>::Loc&&)
0 99 0 0 33 1 1 33 0 0
40 66 0 0 0 0 0 66 0 0
fn=lob::v3::BookT<lob::ChecksumSink, 16u>::rest(unsigned long, lob::Side, long, unsigned int)
0 66 0 0 33 0 0 0 0 0
40 795679 0 0 0 0 0 795679 0 0
46 107216 0 0 107216 0 0 0 0 0
640 2387136 1 1 1591424 0 0 0 0 0
650 99 0 0 0 0 0 33 0 0
fl=/home/wang/git-repositories/vcpkg/installed/x64-linux-clang-libcxx/include/boost/unordered/detail/mulx.hpp
fn=(anonymous namespace)::cmd_replay((anonymous namespace)::Args const&)
45 4774272 0 0 0 0 0 0 0 0
46 1591424 0 0 0 0 0 0 0 0
fn=_ZN5boost9unordered6detail3foa10table_coreINS2_14flat_map_typesImN3lob2v35BookTINS5_12ChecksumSinkELj16EE3LocEEENS2_7group15INS2_14plain_integralEEENS2_12table_arraysENS2_18plain_size_controlENS_4hashImEENSt3__18equal_toImEENSJ_9allocatorINSJ_4pairIKmSA_EEEEE22for_all_elements_whileIZNSR_22for_all_elements_whileIZNSR_16for_all_elementsIZNSR_16unchecked_rehashERNSF_ISP_SE_NS2_16pow2_size_policyESQ_EEEUlPSP_E_EEDTcmclfL1p0_LDnEEcvv_EERKSW_T_EUlSY_E_EES10_S12_S13_EUlPSE_jSY_E_EEDTcmclfp0_LDnELi0ELDnEEcvv_EES12_S13_
45 238889 0 0 238889 64274 14976 0 0 0
46 238889 0 0 0 0 0 0 0 0
fn=lob::v3::BookT<lob::ChecksumSink, 16u>::modify(unsigned long, long, unsigned int)
45 35446 0 0 0 0 0 0 0 0
46 17723 0 0 0 0 0 0 0 0
fn=lob::v3::BookT<lob::ChecksumSink, 16u>::rest(unsigned long, lob::Side, long, unsigned int)
45 1591424 0 0 0 0 0 0 0 0
46 795712 0 0 0 0 0 0 0 0
fl=/home/wang/sources/cxx/book/include/lob/events.hpp
fn=(anonymous namespace)::cmd_replay((anonymous namespace)::Args const&)
0 5569984 0 0 0 0 0 795712 0 0
92 795712 0 0 795712 0 0 0 0 0
93 1591424 0 0 795712 0 0 0 0 0
fn=lob::v3::BookT<lob::ChecksumSink, 16u>::modify(unsigned long, long, unsigned int)
0 17723 1 1 17723 0 0 0 0 0
93 177230 0 0 17723 0 0 17723 0 0
fn=lob::v3::BookT<lob::ChecksumSink, 16u>::rest(unsigned long, lob::Side, long, unsigned int)
81 795712 0 0 0 0 0 0 0 0
92 795712 0 0 795712 0 0 0 0 0
93 10344256 1 1 2387136 35 10 795712 0 0
fl=/home/wang/sources/cxx/book/include/lob/replay.hpp
fn=(anonymous namespace)::cmd_replay((anonymous namespace)::Args const&)
0 1609149 0 0 1609148 201143 201143 0 0 0
21 8010289 1 1 1609147 300741 300724 0 0 0
23 2387136 1 1 2387136 99418 99418 0 0 0
27 795712 0 0 0 0 0 0 0 0
29 88615 0 0 35446 2146 2146 17723 0 0
37 1609148 0 0 0 0 0 0 0 0
fl=/home/wang/sources/cxx/book/include/lob/v3/book.hpp
fn=(anonymous namespace)::cmd_replay((anonymous namespace)::Args const&)
0 2170866 0 0 979790 0 0 29 10 4
67 1591424 0 0 0 0 0 0 0 0
68 1591424 1 1 0 0 0 0 0 0
76 1591424 0 0 1591424 134289 2536 0 0 0
78 795712 0 0 795712 0 0 0 0 0
240 1591424 0 0 795712 9 6 0 0 0
242 1591424 0 0 795712 0 0 0 0 0
244 795712 0 0 795712 0 0 0 0 0
245 6365696 1 1 0 0 0 0 0 0
247 1591424 1 1 0 0 0 0 0 0
276 1591398 0 0 795699 0 0 795699 0 0
277 795699 0 0 0 0 0 795699 0 0
294 3182796 0 0 795699 15410 572 0 0 0
295 511043 0 0 0 0 0 511043 72130 1056
297 284656 1 1 0 0 0 284656 1536 415
298 1591398 1 1 0 0 0 0 0 0
299 562490 0 0 0 0 0 281245 44305 6173
301 514454 0 0 0 0 0 514454 758 11
302 795699 0 0 795699 4143 425 0 0 0
306 1591424 0 0 0 0 0 0 0 0
307 1601676 0 0 0 0 0 400419 5 0
309 1581172 0 0 0 0 0 395293 1 1
310 1591424 1 1 0 0 0 0 0 0
311 5569984 0 0 0 0 0 795712 0 0
383 795712 0 0 0 0 0 0 0 0
384 795712 0 0 795712 0 0 0 0 0
385 2387010 0 0 795670 0 0 0 0 0
386 795670 0 0 795670 25173 3295 0 0 0
389 2143613 0 0 979761 257 10 0 0 0
391 84 0 0 0 0 0 84 10 3
394 29 1 1 29 6 2 0 0 0
397 58 0 0 29 0 0 0 0 0
399 84 0 0 42 0 0 0 0 0
400 39 0 0 0 0 0 13 3 0
fn=auto lob::v3::BookT<lob::ChecksumSink, 16u>::erase(boost::unordered::detail::foa::table_iterator<boost::unordered::detail::foa::flat_map_types<unsigned long, lob::v3::BookT<lob::ChecksumSink, 16u>::Loc>, boost::unordered::detail::foa::group15<boost::unordered::detail::foa::plain_integral>*, false>)::{lambda(auto:1&)#1}::operator()<std::__1::map<long, lob::v3::BookT<lob::ChecksumSink, 16u>::Level, std::__1::greater<void>, std::__1::allocator<std::__1::pair<long const, lob::v3::BookT<lob::ChecksumSink, 16u>::Level> > > >(std::__1::map<long, lob::v3::BookT<lob::ChecksumSink, 16u>::Level, std::__1::greater<void>, std::__1::allocator<std::__1::pair<long const, lob::v3::BookT<lob::ChecksumSink, 16u>::Level> > >&) const
0 39 0 0 26 0 0 0 0 0
276 26 0 0 13 0 0 13 0 0
277 13 1 1 0 0 0 13 0 0
294 52 1 1 13 1 1 0 0 0
295 3 0 0 0 0 0 3 1 0
297 10 0 0 0 0 0 10 0 0
298 26 0 0 0 0 0 0 0 0
299 10 0 0 0 0 0 5 4 0
301 8 0 0 0 0 0 8 0 0
302 13 0 0 13 0 0 0 0 0
391 13 1 1 0 0 0 13 0 0
392 13 0 0 13 0 0 0 0 0
394 39 0 0 39 2 1 0 0 0
397 26 0 0 13 0 0 0 0 0
398 12 0 0 12 0 0 0 0 0
fn=lob::v3::BookT<lob::ChecksumSink, 16u>::alloc_node(unsigned long, unsigned int)
0 795712 0 0 0 0 0 0 0 0
262 5569984 1 1 0 0 0 4774272 9 1
263 1591424 0 0 795712 0 0 0 0 0
264 795712 0 0 0 0 0 0 0 0
265 2305806 0 0 768602 16776 550 768602 0 0
266 768602 0 0 0 0 0 0 0 0
267 54220 0 0 0 0 0 0 0 0
271 2414246 0 0 0 0 0 2387136 21271 289
272 6365696 0 0 5569984 5 0 0 0 0
fn=lob::v3::BookT<lob::ChecksumSink, 16u>::modify(unsigned long, long, unsigned int)
0 177230 1 1 70892 517 4 0 0 0
81 194953 2 2 0 0 0 141784 0 0
84 35446 0 0 0 0 0 0 0 0
85 35446 0 0 0 0 0 0 0 0
88 17723 0 0 17723 988 1 0 0 0
89 70892 1 1 17723 0 0 0 0 0
90 35446 1 1 17723 67 1 0 0 0
91 17723 0 0 0 0 0 17723 0 0
92 35446 0 0 35446 0 0 0 0 0
100 141784 2 2 124061 0 0 0 0 0
240 35446 0 0 17723 0 0 0 0 0
242 53169 0 0 17723 0 0 0 0 0
244 17723 0 0 17723 0 0 0 0 0
245 159507 2 2 0 0 0 0 0 0
247 53169 0 0 0 0 0 0 0 0
257 35446 0 0 0 0 0 0 0 0
fn=lob::v3::BookT<lob::ChecksumSink, 16u>::rest(unsigned long, lob::Side, long, unsigned int)
0 2376010 0 0 355661 0 0 795712 0 0
220 29 0 0 0 0 0 29 0 0
222 58 1 1 0 0 0 29 3 1
242 2387136 0 0 795712 0 0 0 0 0
244 795712 0 0 795712 0 0 0 0 0
245 6365696 1 1 0 0 0 0 0 0
247 1591424 0 0 0 0 0 0 0 0
252 4 0 0 0 0 0 1 0 0
253 1 0 0 0 0 0 1 0 0
282 3182848 1 1 795712 0 0 795712 0 0
283 1591424 0 0 0 0 0 795712 0 0
284 795712 0 0 0 0 0 0 0 0
285 1223184 0 0 0 0 0 611592 54726 1206
287 184120 0 0 0 0 0 184120 0 0
288 795712 1 1 0 0 0 795712 0 0
289 795712 0 0 795712 12413 1599 0 0 0
365 10344256 1 1 0 0 0 5569984 0 0
366 2387136 0 0 0 0 0 795712 0 0
367 2387146 1 1 795713 5 0 795712 0 0
371 2387010 0 0 795670 0 0 0 0 0
372 2143613 1 1 795670 40922 5921 0 0 0
374 168 0 0 0 0 0 42 0 0
377 2387136 0 0 795712 0 0 795712 0 0
378 3182848 0 0 0 0 0 2387136 5 0
379 795712 1 1 795712 21 7 0 0 0
380 6365696 1 1 5569984 20 5 0 0 0
fn=unsigned int lob::v3::BookT<lob::ChecksumSink, 16u>::match<(lob::Side)0>(unsigned long, long, unsigned int)
0 3605583 2 2 400419 7 0 800838 0 0
249 800838 0 0 400419 0 0 0 0 0
317 3203352 1 1 0 0 0 2802933 10 0
326 800838 0 0 0 0 0 0 0 0
329 1201257 0 0 0 0 0 0 0 0
332 400419 0 0 0 0 0 0 0 0
337 1596240 1 1 398607 32 2 0 0 0
338 398607 0 0 0 0 0 0 0 0
339 1201257 0 0 400419 0 0 0 0 0
362 3603771 0 0 2802933 0 0 0 0 0
fn=unsigned int lob::v3::BookT<lob::ChecksumSink, 16u>::match<(lob::Side)1>(unsigned long, long, unsigned int)
0 3559119 1 1 395293 5 1 790586 0 0
249 790584 0 0 395292 0 0 0 0 0
317 3162344 2 2 0 0 0 2767051 6 2
326 790586 0 0 0 0 0 0 0 0
329 1185879 0 0 0 0 0 0 0 0
332 395292 0 0 0 0 0 0 0 0
337 1576722 0 0 393810 38 3 0 0 0
338 393810 0 0 0 0 0 0 0 0
339 1185876 1 1 395292 0 0 0 0 0
362 3557637 1 1 2767051 0 0 0 0 0
fl=/home/wang/sources/cxx/book/include/lob/v3/hier_bitmap.hpp
fn=(anonymous namespace)::cmd_replay((anonymous namespace)::Args const&)
0 185940 0 0 0 0 0 0 0 0
67 370013 0 0 0 0 0 0 0 0
68 743760 2 2 185940 1896 92 0 0 0
fn=lob::v3::BookT<lob::ChecksumSink, 16u>::rest(unsigned long, lob::Side, long, unsigned int)
0 36 0 0 0 0 0 0 0 0
57 370013 0 0 0 0 0 0 0 0
58 557766 1 1 185922 1453 180 0 0 0
59 557802 0 0 371862 2 1 371844 15 1
fn=unsigned int lob::v3::BookT<lob::ChecksumSink, 16u>::match<(lob::Side)0>(unsigned long, long, unsigned int)
0 400419 0 0 400419 0 0 0 0 0
48 1201257 1 1 800838 34 3 0 0 0
79 2002095 0 0 0 0 0 0 0 0
fn=unsigned int lob::v3::BookT<lob::ChecksumSink, 16u>::match<(lob::Side)1>(unsigned long, long, unsigned int)
0 395292 0 0 395292 0 0 0 0 0
48 1185878 1 1 790586 47 5 0 0 0
89 3952920 0 0 0 0 0 0 0 0
fl=/home/wang/sources/cxx/book/source/main.cxx
fn=(anonymous namespace)::cmd_replay((anonymous namespace)::Args const&)
0 1 0 0 0 0 0 0 0 0
293 2 1 1 0 0 0 1 1 1
295 9 1 1 0 0 0 6 2 1
fl=/usr/include/c++/v1/__bit/countl.h
fn=unsigned int lob::v3::BookT<lob::ChecksumSink, 16u>::match<(lob::Side)1>(unsigned long, long, unsigned int)
28 1976460 1 1 790584 53 5 0 0 0
fl=/usr/include/c++/v1/__bit/countr.h
fn=unsigned int lob::v3::BookT<lob::ChecksumSink, 16u>::match<(lob::Side)0>(unsigned long, long, unsigned int)
28 2002095 1 1 800838 52 5 0 0 0
fl=/usr/include/c++/v1/__functional/operations.h
fn=(anonymous namespace)::cmd_replay((anonymous namespace)::Args const&)
300 867347 0 0 867347 217415 2650 0 0 0
375 308 0 0 122 42 9 0 0 0
fn=auto lob::v3::BookT<lob::ChecksumSink, 16u>::erase(boost::unordered::detail::foa::table_iterator<boost::unordered::detail::foa::flat_map_types<unsigned long, lob::v3::BookT<lob::ChecksumSink, 16u>::Loc>, boost::unordered::detail::foa::group15<boost::unordered::detail::foa::plain_integral>*, false>)::{lambda(auto:1&)#1}::operator()<std::__1::map<long, lob::v3::BookT<lob::ChecksumSink, 16u>::Level, std::__1::greater<void>, std::__1::allocator<std::__1::pair<long const, lob::v3::BookT<lob::ChecksumSink, 16u>::Level> > > >(std::__1::map<long, lob::v3::BookT<lob::ChecksumSink, 16u>::Level, std::__1::greater<void>, std::__1::allocator<std::__1::pair<long const, lob::v3::BookT<lob::ChecksumSink, 16u>::Level> > >&) const
462 103 0 0 43 8 3 0 0 0
fn=lob::v3::BookT<lob::ChecksumSink, 16u>::modify(unsigned long, long, unsigned int)
300 18437 0 0 18437 2841 6 0 0 0
fn=lob::v3::BookT<lob::ChecksumSink, 16u>::rest(unsigned long, lob::Side, long, unsigned int)
300 76498 0 0 76498 1 0 0 0 0
375 158 0 0 79 38 15 0 0 0
462 52 0 0 26 3 0 0 0 0
fl=/usr/include/c++/v1/__iterator/wrap_iter.h
fn=(anonymous namespace)::cmd_replay((anonymous namespace)::Args const&)
65 1609147 0 0 0 0 0 0 0 0
125 1609149 0 0 1609147 0 0 1 1 1
fl=/usr/include/c++/v1/__math/rounding_functions.h
fn=boost::unordered::detail::foa::table_locator<boost::unordered::detail::foa::group15<boost::unordered::detail::foa::plain_integral>, std::__1::pair<unsigned long const, lob::v3::BookT<lob::ChecksumSink, 16u>::Loc> > boost::unordered::detail::foa::table_core<boost::unordered::detail::foa::flat_map_types<unsigned long, lob::v3::BookT<lob::ChecksumSink, 16u>::Loc>, boost::unordered::detail::foa::group15<boost::unordered::detail::foa::plain_integral>, boost::unordered::detail::foa::table_arrays, boost::unordered::detail::foa::plain_size_control, boost::hash<unsigned long>, std::__1::equal_to<unsigned long>, std::__1::allocator<std::__1::pair<unsigned long const, lob::v3::BookT<lob::ChecksumSink, 16u>::Loc> > >::unchecked_emplace_with_rehash<boost::unordered::detail::foa::try_emplace_args_t, unsigned long&, lob::v3::BookT<lob::ChecksumSink, 16u>::Loc>(unsigned long, boost::unordered::detail::foa::try_emplace_args_t&&, unsigned long&, lob::v3::BookT<lob::ChecksumSink, 16u>::Loc&&)
29 33 0 0 0 0 0 0 0 0
fl=/usr/include/c++/v1/__memory/allocator.h
fn=lob::v3::BookT<lob::ChecksumSink, 16u>::alloc_node(unsigned long, unsigned int)
100 32 0 0 0 0 0 0 0 0
fl=/usr/include/c++/v1/__memory/construct_at.h
fn=lob::v3::BookT<lob::ChecksumSink, 16u>::alloc_node(unsigned long, unsigned int)
38 81330 0 0 0 0 0 54220 10169 7212
fl=/usr/include/c++/v1/__memory/uninitialized_algorithms.h
fn=lob::v3::BookT<lob::ChecksumSink, 16u>::alloc_node(unsigned long, unsigned int)
0 16 0 0 16 5 0 0 0 0
638 64 1 1 0 0 0 16 0 0
fl=/usr/include/c++/v1/__new/allocate.h
fn=(anonymous namespace)::cmd_replay((anonymous namespace)::Args const&)
0 1591453 1 1 795741 0 0 0 0 0
63 66 0 0 0 0 0 22 0 0
fn=auto lob::v3::BookT<lob::ChecksumSink, 16u>::erase(boost::unordered::detail::foa::table_iterator<boost::unordered::detail::foa::flat_map_types<unsigned long, lob::v3::BookT<lob::ChecksumSink, 16u>::Loc>, boost::unordered::detail::foa::group15<boost::unordered::detail::foa::plain_integral>*, false>)::{lambda(auto:1&)#1}::operator()<std::__1::map<long, lob::v3::BookT<lob::ChecksumSink, 16u>::Level, std::__1::greater<void>, std::__1::allocator<std::__1::pair<long const, lob::v3::BookT<lob::ChecksumSink, 16u>::Level> > > >(std::__1::map<long, lob::v3::BookT<lob::ChecksumSink, 16u>::Level, std::__1::greater<void>, std::__1::allocator<std::__1::pair<long const, lob::v3::BookT<lob::ChecksumSink, 16u>::Level> > >&) const
63 28 0 0 7 0 0 0 0 0
fn=boost::unordered::detail::foa::table_core<boost::unordered::detail::foa::flat_map_types<unsigned long, lob::v3::BookT<lob::ChecksumSink, 16u>::Loc>, boost::unordered::detail::foa::group15<boost::unordered::detail::foa::plain_integral>, boost::unordered::detail::foa::table_arrays, boost::unordered::detail::foa::plain_size_control, boost::hash<unsigned long>, std::__1::equal_to<unsigned long>, std::__1::allocator<std::__1::pair<unsigned long const, lob::v3::BookT<lob::ChecksumSink, 16u>::Loc> > >::unchecked_rehash(boost::unordered::detail::foa::table_arrays<std::__1::pair<unsigned long const, lob::v3::BookT<lob::ChecksumSink, 16u>::Loc>, boost::unordered::detail::foa::group15<boost::unordered::detail::foa::plain_integral>, boost::unordered::detail::foa::pow2_size_policy, std::__1::allocator<std::__1::pair<unsigned long const, lob::v3::BookT<lob::ChecksumSink, 16u>::Loc> > >&)
57 32 0 0 0 0 0 0 0 0
63 32 0 0 0 0 0 32 0 0
fn=boost::unordered::detail::foa::table_locator<boost::unordered::detail::foa::group15<boost::unordered::detail::foa::plain_integral>, std::__1::pair<unsigned long const, lob::v3::BookT<lob::ChecksumSink, 16u>::Loc> > boost::unordered::detail::foa::table_core<boost::unordered::detail::foa::flat_map_types<unsigned long, lob::v3::BookT<lob::ChecksumSink, 16u>::Loc>, boost::unordered::detail::foa::group15<boost::unordered::detail::foa::plain_integral>, boost::unordered::detail::foa::table_arrays, boost::unordered::detail::foa::plain_size_control, boost::hash<unsigned long>, std::__1::equal_to<unsigned long>, std::__1::allocator<std::__1::pair<unsigned long const, lob::v3::BookT<lob::ChecksumSink, 16u>::Loc> > >::unchecked_emplace_with_rehash<boost::unordered::detail::foa::try_emplace_args_t, unsigned long&, lob::v3::BookT<lob::ChecksumSink, 16u>::Loc>(unsigned long, boost::unordered::detail::foa::try_emplace_args_t&&, unsigned long&, lob::v3::BookT<lob::ChecksumSink, 16u>::Loc&&)
0 132 0 0 0 0 0 99 0 0
37 33 0 0 0 0 0 0 0 0
43 66 1 1 0 0 0 33 0 0
fn=lob::v3::BookT<lob::ChecksumSink, 16u>::alloc_node(unsigned long, unsigned int)
0 63 1 1 63 0 0 0 0 0
37 32 0 0 0 0 0 0 0 0
43 48 0 0 0 0 0 16 6 1
63 45 0 0 0 0 0 15 0 0
fn=lob::v3::BookT<lob::ChecksumSink, 16u>::rest(unsigned long, lob::Side, long, unsigned int)
43 87 1 1 0 0 0 29 0 0
fl=/usr/include/c++/v1/__split_buffer
fn=lob::v3::BookT<lob::ChecksumSink, 16u>::alloc_node(unsigned long, unsigned int)
335 16 0 0 0 0 0 0 0 0
341 32 0 0 0 0 0 0 0 0
fl=/usr/include/c++/v1/__tree
fn=(anonymous namespace)::cmd_replay((anonymous namespace)::Args const&)
0 308 2 2 151 20 2 0 0 0
105 50 0 0 50 0 0 0 0 0
163 34 0 0 9 1 1 0 0 0
191 88 0 0 22 0 0 0 0 0
193 25 0 0 0 0 0 0 0 0
680 29 0 0 0 0 0 0 0 0
884 29 0 0 29 0 0 0 0 0
1824 44 0 0 22 0 0 0 0 0
1825 7 0 0 0 0 0 7 0 0
1826 22 0 0 22 0 0 0 0 0
1827 44 0 0 0 0 0 22 1 0
1994 58 0 0 0 0 0 0 0 0
2049 244 0 0 0 0 0 0 0 0
2050 93 0 0 0 0 0 0 0 0
fn=auto lob::v3::BookT<lob::ChecksumSink, 16u>::erase(boost::unordered::detail::foa::table_iterator<boost::unordered::detail::foa::flat_map_types<unsigned long, lob::v3::BookT<lob::ChecksumSink, 16u>::Loc>, boost::unordered::detail::foa::group15<boost::unordered::detail::foa::plain_integral>*, false>)::{lambda(auto:1&)#1}::operator()<std::__1::map<long, lob::v3::BookT<lob::ChecksumSink, 16u>::Level, std::__1::greater<void>, std::__1::allocator<std::__1::pair<long const, lob::v3::BookT<lob::ChecksumSink, 16u>::Level> > > >(std::__1::map<long, lob::v3::BookT<lob::ChecksumSink, 16u>::Level, std::__1::greater<void>, std::__1::allocator<std::__1::pair<long const, lob::v3::BookT<lob::ChecksumSink, 16u>::Level> > >&) const
0 96 1 1 43 3 1 0 0 0
105 10 0 0 10 0 0 0 0 0
163 8 0 0 2 0 0 0 0 0
191 21 0 0 7 0 0 0 0 0
193 5 0 0 0 0 0 0 0 0
680 13 0 0 0 0 0 0 0 0
862 13 0 0 0 0 0 0 0 0
884 13 0 0 13 0 0 0 0 0
1824 14 1 1 7 0 0 0 0 0
1825 2 0 0 0 0 0 2 0 0
1826 7 0 0 7 0 0 0 0 0
1827 14 0 0 0 0 0 7 0 0
1994 26 0 0 0 0 0 0 0 0
2049 86 0 0 0 0 0 0 0 0
2050 30 0 0 0 0 0 0 0 0
fn=lob::v3::BookT<lob::ChecksumSink, 16u>::rest(unsigned long, lob::Side, long, unsigned int)
0 378 2 2 100 0 0 29 0 0
884 42 1 1 42 0 0 0 0 0
1591 86 0 0 0 0 0 0 0 0
1593 105 0 0 0 0 0 0 0 0
1594 148 0 0 37 14 7 0 0 0
1601 68 0 0 0 0 0 0 0 0
1602 165 0 0 55 14 8 0 0 0
1673 29 0 0 0 0 0 29 0 0
1674 29 0 0 0 0 0 29 0 0
1676 29 0 0 0 0 0 29 0 0
1677 116 0 0 58 4 3 0 0 0
1678 6 0 0 0 0 0 6 0 0
1679 87 0 0 29 0 0 29 0 0
1680 29 0 0 29 0 0 0 0 0
fn=unsigned int lob::v3::BookT<lob::ChecksumSink, 16u>::match<(lob::Side)0>(unsigned long, long, unsigned int)
915 398607 0 0 398607 0 0 0 0 0
fn=unsigned int lob::v3::BookT<lob::ChecksumSink, 16u>::match<(lob::Side)1>(unsigned long, long, unsigned int)
915 393810 0 0 393810 0 0 0 0 0
fn=void std::__1::__tree_balance_after_insert[abi:ne210105]<std::__1::__tree_node_base<void*>*>(std::__1::__tree_node_base<void*>*, std::__1::__tree_node_base<void*>*)
0 13 1 1 0 0 0 0 0 0
105 69 1 1 49 0 0 0 0 0
235 6 0 0 6 0 0 0 0 0
236 12 0 0 6 0 0 6 0 0
237 12 0 0 0 0 0 0 0 0
239 10 0 0 4 0 0 6 0 0
240 4 1 1 0 0 0 0 0 0
241 6 0 0 0 0 0 6 0 0
244 6 0 0 0 0 0 6 0 0
254 2 0 0 2 0 0 0 0 0
255 10 0 0 5 0 0 5 0 0
256 10 0 0 0 0 0 0 0 0
258 10 0 0 5 0 0 5 0 0
259 5 0 0 0 0 0 0 0 0
260 1 0 0 0 0 0 1 0 0
262 5 0 0 0 0 0 4 0 0
263 5 0 0 0 0 0 5 0 0
278 58 1 1 0 0 0 29 0 0
279 109 1 1 32 0 0 0 0 0
281 16 0 0 0 0 0 0 0 0
282 7 0 0 7 0 0 0 0 0
283 20 0 0 3 2 1 0 0 0
285 3 0 0 0 0 0 3 0 0
287 6 0 0 0 0 0 3 0 0
288 6 0 0 0 0 0 3 0 0
290 6 0 0 0 0 0 0 0 0
295 4 1 1 0 0 0 4 0 0
297 4 0 0 0 0 0 4 0 0
303 30 0 0 6 2 2 0 0 0
305 5 0 0 0 0 0 5 0 0
307 10 0 0 0 0 0 5 0 0
308 10 0 0 0 0 0 5 0 0
310 7 0 0 0 0 0 0 0 0
315 4 1 1 0 0 0 4 0 0
317 4 0 0 0 0 0 4 0 0
323 29 0 0 29 0 0 0 0 0
569 35 0 0 35 0 0 0 0 0
571 13 0 0 0 0 0 13 0 0
fn=void std::__1::__tree_remove[abi:ne210105]<std::__1::__tree_node_base<void*>*>(std::__1::__tree_node_base<void*>*, std::__1::__tree_node_base<void*>*)
0 84 2 2 15 0 0 11 0 0
105 186 1 1 94 5 2 0 0 0
163 27 0 0 9 0 0 0 0 0
235 3 0 0 3 0 0 0 0 0
236 6 0 0 3 0 0 3 0 0
237 6 0 0 0 0 0 0 0 0
239 6 0 0 3 0 0 3 0 0
240 3 0 0 0 0 0 0 0 0
241 2 1 1 0 0 0 2 0 0
243 1 0 0 0 0 0 1 0 0
244 3 0 0 0 0 0 3 0 0
254 2 0 0 2 0 0 0 0 0
255 4 0 0 2 0 0 2 0 0
256 4 0 0 0 0 0 0 0 0
258 4 1 1 2 0 0 2 0 0
259 2 0 0 0 0 0 0 0 0
260 2 0 0 0 0 0 2 0 0
263 2 0 0 0 0 0 2 0 0
339 152 1 1 38 0 0 0 0 0
341 27 0 0 27 0 0 0 0 0
345 54 1 1 0 0 0 0 0 0
346 18 0 0 6 0 0 6 2 2
347 29 0 0 0 0 0 0 0 0
348 16 0 0 0 0 0 16 0 0
349 32 1 1 0 0 0 0 0 0
350 12 0 0 12 0 0 0 0 0
354 13 0 0 0 0 0 13 0 0
358 29 0 0 29 0 0 0 0 0
361 68 0 0 0 0 0 0 0 0
363 14 0 0 7 0 0 7 0 0
364 7 0 0 0 0 0 0 0 0
365 7 0 0 0 0 0 7 0 0
368 14 0 0 7 0 0 7 0 0
370 14 0 0 7 0 0 7 0 0
371 14 0 0 0 0 0 0 0 0
373 14 0 0 7 0 0 7 0 0
374 14 0 0 0 0 0 0 0 0
379 83 1 1 0 0 0 0 0 0
392 34 0 0 0 0 0 0 0 0
393 6 0 0 0 0 0 6 0 0
401 13 0 0 0 0 0 0 0 0
403 14 0 0 0 0 0 0 0 0
415 33 1 1 13 7 6 0 0 0
416 21 1 1 7 0 0 0 0 0
417 4 0 0 0 0 0 4 0 0
420 14 0 0 2 0 0 0 0 0
429 9 1 1 3 0 0 0 0 0
439 6 0 0 3 0 0 3 0 0
440 3 0 0 0 0 0 3 0 0
441 3 0 0 0 0 0 3 0 0
446 12 1 1 0 0 0 0 0 0
458 22 0 0 8 0 0 0 0 0
459 12 0 0 4 0 0 0 0 0
460 4 0 0 0 0 0 4 0 0
463 14 0 0 4 0 0 0 0 0
472 2 0 0 0 0 0 0 0 0
482 4 0 0 2 0 0 2 0 0
483 2 0 0 0 0 0 2 0 0
484 2 0 0 0 0 0 2 0 0
492 29 0 0 29 0 0 0 0 0
569 13 1 1 13 0 0 0 0 0
571 12 0 0 0 0 0 12 0 0
fl=/usr/include/c++/v1/__utility/pair.h
fn=_ZN5boost9unordered6detail3foa10table_coreINS2_14flat_map_typesImN3lob2v35BookTINS5_12ChecksumSinkELj16EE3LocEEENS2_7group15INS2_14plain_integralEEENS2_12table_arraysENS2_18plain_size_controlENS_4hashImEENSt3__18equal_toImEENSJ_9allocatorINSJ_4pairIKmSA_EEEEE22for_all_elements_whileIZNSR_22for_all_elements_whileIZNSR_16for_all_elementsIZNSR_16unchecked_rehashERNSF_ISP_SE_NS2_16pow2_size_policyESQ_EEEUlPSP_E_EEDTcmclfL1p0_LDnEEcvv_EERKSW_T_EUlSY_E_EES10_S12_S13_EUlPSE_jSY_E_EEDTcmclfp0_LDnELi0ELDnEEcvv_EES12_S13_
196 1433334 1 1 716667 67747 18223 716667 136779 107429
fn=boost::unordered::detail::foa::table_locator<boost::unordered::detail::foa::group15<boost::unordered::detail::foa::plain_integral>, std::__1::pair<unsigned long const, lob::v3::BookT<lob::ChecksumSink, 16u>::Loc> > boost::unordered::detail::foa::table_core<boost::unordered::detail::foa::flat_map_types<unsigned long, lob::v3::BookT<lob::ChecksumSink, 16u>::Loc>, boost::unordered::detail::foa::group15<boost::unordered::detail::foa::plain_integral>, boost::unordered::detail::foa::table_arrays, boost::unordered::detail::foa::plain_size_control, boost::hash<unsigned long>, std::__1::equal_to<unsigned long>, std::__1::allocator<std::__1::pair<unsigned long const, lob::v3::BookT<lob::ChecksumSink, 16u>::Loc> > >::unchecked_emplace_with_rehash<boost::unordered::detail::foa::try_emplace_args_t, unsigned long&, lob::v3::BookT<lob::ChecksumSink, 16u>::Loc>(unsigned long, boost::unordered::detail::foa::try_emplace_args_t&&, unsigned long&, lob::v3::BookT<lob::ChecksumSink, 16u>::Loc&&)
445 66 0 0 33 1 0 33 22 19
446 132 1 1 66 0 0 66 9 8
fn=lob::v3::BookT<lob::ChecksumSink, 16u>::rest(unsigned long, lob::Side, long, unsigned int)
445 795708 0 0 0 0 0 795708 709741 7054
446 3182716 0 0 1591358 0 0 1591358 242810 17586
fl=/usr/include/c++/v1/__utility/swap.h
fn=lob::v3::BookT<lob::ChecksumSink, 16u>::alloc_node(unsigned long, unsigned int)
44 48 0 0 0 0 0 48 5 0
fl=/usr/include/c++/v1/__vector/vector.h
fn=(anonymous namespace)::cmd_replay((anonymous namespace)::Args const&)
0 1 0 0 0 0 0 1 1 1
388 1 0 0 1 0 0 0 0 0
407 3179424 2 2 795712 9 6 0 0 0
449 1 1 1 1 1 1 0 0 0
fn=auto lob::v3::BookT<lob::ChecksumSink, 16u>::erase(boost::unordered::detail::foa::table_iterator<boost::unordered::detail::foa::flat_map_types<unsigned long, lob::v3::BookT<lob::ChecksumSink, 16u>::Loc>, boost::unordered::detail::foa::group15<boost::unordered::detail::foa::plain_integral>*, false>)::{lambda(auto:1&)#1}::operator()<std::__1::map<long, lob::v3::BookT<lob::ChecksumSink, 16u>::Level, std::__1::greater<void>, std::__1::allocator<std::__1::pair<long const, lob::v3::BookT<lob::ChecksumSink, 16u>::Level> > > >(std::__1::map<long, lob::v3::BookT<lob::ChecksumSink, 16u>::Level, std::__1::greater<void>, std::__1::allocator<std::__1::pair<long const, lob::v3::BookT<lob::ChecksumSink, 16u>::Level> > >&) const
407 34 0 0 13 0 0 0 0 0
fn=lob::v3::BookT<lob::ChecksumSink, 16u>::alloc_node(unsigned long, unsigned int)
0 96 0 0 0 0 0 64 0 0
388 243990 2 2 54220 0 0 0 0 0
391 64 0 0 0 0 0 0 0 0
407 2360026 0 0 795712 0 0 0 0 0
475 27094 0 0 0 0 0 0 0 0
902 32 1 1 0 0 0 0 0 0
905 80 1 1 0 0 0 0 0 0
1128 16 0 0 0 0 0 0 0 0
1131 32 0 0 0 0 0 0 0 0
1146 81330 0 0 27110 0 0 0 0 0
1149 27094 0 0 0 0 0 0 0 0
1152 27110 0 0 0 0 0 27110 0 0
fn=lob::v3::BookT<lob::ChecksumSink, 16u>::modify(unsigned long, long, unsigned int)
407 35446 0 0 17723 0 0 0 0 0
fn=lob::v3::BookT<lob::ChecksumSink, 16u>::rest(unsigned long, lob::Side, long, unsigned int)
407 2203016 0 0 795712 0 0 0 0 0
fl=/usr/include/c++/v1/map
fn=unsigned int lob::v3::BookT<lob::ChecksumSink, 16u>::match<(lob::Side)0>(unsigned long, long, unsigned int)
1031 800838 0 0 400419 4 0 0 0 0
fn=unsigned int lob::v3::BookT<lob::ChecksumSink, 16u>::match<(lob::Side)1>(unsigned long, long, unsigned int)
1031 790585 1 1 395293 3 1 0 0 0
fl=???
fn=???
0 663 5 5 433 203 22 0 0 0
fn=operator delete(void*)
0 380 0 0 76 0 0 76 0 0
fn=operator delete(void*, unsigned long)
0 380 1 1 76 0 0 76 0 0
fn=operator new(unsigned long)
0 1326 2 2 234 0 0 312 13 3
summary: 344080514 266 266 93751374 1905708 654851 43425709 1312969 159040
