==19500== Cachegrind, a high-precision tracing profiler
==19500== Copyright (C) 2002-2017, and GNU GPL'd, by Nicholas Nethercote et al.
==19500== Using Valgrind-3.22.0 and LibVEX; rerun with -h for copyright info
==19500== Command: /home/wang/sources/cxx/book/build/profile/book replay --workload data/itch12302019_SPY.ops --version v2
==19500== 
==19500== 
==19500== I refs:        595,335,347
==19500== I1  misses:            265
==19500== LLi misses:            263
==19500== I1  miss rate:        0.00%
==19500== LLi miss rate:        0.00%
==19500== 
==19500== D refs:        247,151,840  (171,002,781 rd   + 76,149,059 wr)
==19500== D1  misses:      1,947,445  (  1,247,081 rd   +    700,364 wr)
==19500== LLd misses:        856,393  (    845,403 rd   +     10,990 wr)
==19500== D1  miss rate:         0.8% (        0.7%     +        0.9%  )
==19500== LLd miss rate:         0.3% (        0.5%     +        0.0%  )
==19500== 
==19500== LL refs:         1,947,710  (  1,247,346 rd   +    700,364 wr)
==19500== LL misses:         856,656  (    845,666 rd   +     10,990 wr)
==19500== LL miss rate:          0.1% (        0.1%     +        0.0%  )
