==64349== Cachegrind, a high-precision tracing profiler
==64349== Copyright (C) 2002-2017, and GNU GPL'd, by Nicholas Nethercote et al.
==64349== Using Valgrind-3.22.0 and LibVEX; rerun with -h for copyright info
==64349== Command: /home/wang/sources/cxx/book/build/profile/book replay --workload data/itch12302019_QQQ.ops --version v10
==64349== 
==64349== 
==64349== I refs:        488,068,251
==64349== I1  misses:            252
==64349== LLi misses:            252
==64349== I1  miss rate:        0.00%
==64349== LLi miss rate:        0.00%
==64349== 
==64349== D refs:        193,870,662  (128,142,609 rd   + 65,728,053 wr)
==64349== D1  misses:      3,031,155  (  1,712,480 rd   +  1,318,675 wr)
==64349== LLd misses:        975,537  (    947,129 rd   +     28,408 wr)
==64349== D1  miss rate:         1.6% (        1.3%     +        2.0%  )
==64349== LLd miss rate:         0.5% (        0.7%     +        0.0%  )
==64349== 
==64349== LL refs:         3,031,407  (  1,712,732 rd   +  1,318,675 wr)
==64349== LL misses:         975,789  (    947,381 rd   +     28,408 wr)
==64349== LL miss rate:          0.1% (        0.2%     +        0.0%  )
