==54870== Cachegrind, a high-precision tracing profiler
==54870== Copyright (C) 2002-2017, and GNU GPL'd, by Nicholas Nethercote et al.
==54870== Using Valgrind-3.22.0 and LibVEX; rerun with -h for copyright info
==54870== Command: /home/wang/sources/cxx/book/build/profile/book replay --workload data/syn_deep_s42.ops --version v9
==54870== 
==54870== 
==54870== I refs:        217,475,465
==54870== I1  misses:            319
==54870== LLi misses:            304
==54870== I1  miss rate:        0.00%
==54870== LLi miss rate:        0.00%
==54870== 
==54870== D refs:         88,553,939  (61,415,502 rd   + 27,138,437 wr)
==54870== D1  misses:      4,011,636  ( 2,400,512 rd   +  1,611,124 wr)
==54870== LLd misses:        415,133  (   375,239 rd   +     39,894 wr)
==54870== D1  miss rate:         4.5% (       3.9%     +        5.9%  )
==54870== LLd miss rate:         0.5% (       0.6%     +        0.1%  )
==54870== 
==54870== LL refs:         4,011,955  ( 2,400,831 rd   +  1,611,124 wr)
==54870== LL misses:         415,437  (   375,543 rd   +     39,894 wr)
==54870== LL miss rate:          0.1% (       0.1%     +        0.1%  )
