desc: I1 cache:         32768 B, 64 B, 8-way associative
desc: D1 cache:         49152 B, 64 B, 12-way associative
desc: LL cache:         6291456 B, 64 B, 12-way associative
cmd: /home/wang/sources/cxx/book/build/profile/book replay --workload data/syn_deep_s42.ops --version v18
events: Ir I1mr ILmr Dr D1mr DLmr Dw D1mw DLmw 
fl=./elf/../sysdeps/generic/dl-new-hash.h
fn=_dl_lookup_symbol_x
69 5 0 0 0 0 0 0 0 0
70 10 0 0 0 0 0 0 0 0
74 26 0 0 26 5 4 0 0 0
77 52 0 0 0 0 0 0 0 0
80 23 0 0 23 0 0 0 0 0
81 46 0 0 0 0 0 0 0 0
87 2 1 1 0 0 0 0 0 0
88 2 0 0 0 0 0 0 0 0
89 4 0 0 0 0 0 0 0 0
90 2 0 0 0 0 0 0 0 0
99 21 0 0 0 0 0 0 0 0
101 21 0 0 0 0 0 0 0 0
102 42 0 0 0 0 0 0 0 0
104 21 1 1 0 0 0 0 0 0
105 21 0 0 0 0 0 0 0 0
fl=./elf/../sysdeps/generic/dl-protected.h
fn=do_lookup_x
29 20 0 0 0 0 0 0 0 0
fl=./elf/../sysdeps/generic/ldsodefs.h
fn=do_lookup_x
139 10 0 0 5 0 0 0 0 0
140 15 0 0 0 0 0 0 0 0
fl=./elf/../sysdeps/x86_64/dl-machine.h
fn=_dl_fixup
234 5 0 0 0 0 0 5 0 0
fl=./elf/../sysdeps/x86_64/dl-runtime.h
fn=_dl_fixup
28 5 0 0 0 0 0 0 0 0
fl=./elf/../sysdeps/x86_64/dl-trampoline.h
fn=_dl_runtime_resolve_xsave
71 5 1 1 0 0 0 0 0 0
76 5 0 0 0 0 0 5 0 0
79 5 0 0 0 0 0 0 0 0
81 5 0 0 0 0 0 0 0 0
91 5 0 0 5 3 1 0 0 0
97 5 0 0 0 0 0 5 3 1
98 5 0 0 0 0 0 5 0 0
99 5 1 1 0 0 0 5 0 0
100 5 0 0 0 0 0 5 0 0
101 5 0 0 0 0 0 5 0 0
102 5 0 0 0 0 0 5 0 0
103 5 0 0 0 0 0 5 0 0
107 5 0 0 0 0 0 0 0 0
108 5 0 0 0 0 0 0 0 0
111 5 0 0 0 0 0 5 2 1
112 5 0 0 0 0 0 5 0 0
114 5 0 0 0 0 0 5 0 0
115 5 0 0 0 0 0 5 0 0
116 5 1 1 0 0 0 5 0 0
117 5 0 0 0 0 0 5 0 0
118 5 0 0 0 0 0 5 0 0
119 5 0 0 0 0 0 5 0 0
121 5 0 0 5 0 0 165 21 7
128 5 0 0 5 0 0 0 0 0
129 5 0 0 5 0 0 0 0 0
130 5 0 0 0 0 0 5 3 1
131 5 0 0 0 0 0 0 0 0
136 5 0 0 0 0 0 0 0 0
137 5 0 0 0 0 0 0 0 0
138 5 0 0 180 0 0 0 0 0
140 5 1 1 5 0 0 0 0 0
141 5 0 0 5 0 0 0 0 0
142 5 0 0 5 0 0 0 0 0
143 5 0 0 5 0 0 0 0 0
144 5 0 0 5 0 0 0 0 0
145 5 0 0 5 0 0 0 0 0
146 5 0 0 5 0 0 0 0 0
148 5 0 0 0 0 0 0 0 0
150 5 0 0 5 0 0 0 0 0
154 5 0 0 0 0 0 0 0 0
156 5 0 0 0 0 0 0 0 0
fl=./elf/./elf/dl-lookup.c
fn=_dl_lookup_symbol_x
772 65 2 2 0 0 0 45 9 3
774 10 0 0 0 0 0 5 0 0
775 20 0 0 0 0 0 5 0 0
778 5 0 0 5 3 1 0 0 0
782 12 0 0 1 0 0 0 0 0
785 10 1 1 5 0 0 0 0 0
787 10 0 0 10 0 0 0 0 0
791 70 0 0 0 0 0 15 0 0
792 85 2 2 35 0 0 35 3 1
797 25 0 0 10 0 0 0 0 0
816 5 0 0 0 0 0 5 0 0
820 10 0 0 5 0 0 0 0 0
821 35 0 0 5 0 0 0 0 0
828 5 0 0 5 0 0 0 0 0
856 20 1 1 5 0 0 0 0 0
870 15 0 0 5 4 2 0 0 0
873 10 0 0 5 0 0 0 0 0
890 20 0 0 5 0 0 0 0 0
892 45 1 1 35 0 0 0 0 0
fn=check_match
70 75 1 1 10 4 4 30 3 2
73 40 1 1 10 0 0 0 0 0
86 25 0 0 0 0 0 0 0 0
89 34 1 1 8 0 0 4 0 0
93 5 0 0 5 4 2 0 0 0
94 10 0 0 0 0 0 0 0 0
96 2 0 0 0 0 0 0 0 0
115 2 0 0 2 1 1 0 0 0
116 8 0 0 3 1 1 0 0 0
117 5 1 1 2 0 0 1 0 0
144 8 1 1 0 0 0 0 0 0
146 24 0 0 8 3 3 0 0 0
147 16 1 1 0 0 0 0 0 0
161 5 0 0 0 0 0 0 0 0
162 40 0 0 35 0 0 0 0 0
fn=do_lookup_x
347 70 2 2 10 0 0 50 6 2
348 5 0 0 5 3 1 0 0 0
353 5 0 0 0 0 0 0 0 0
354 5 0 0 5 0 0 0 0 0
358 46 1 1 46 21 9 0 0 0
361 46 0 0 0 0 0 0 0 0
365 56 0 0 5 0 0 0 0 0
386 46 1 1 23 12 6 0 0 0
390 46 0 0 23 3 1 0 0 0
396 69 0 0 23 12 6 0 0 0
400 23 0 0 0 0 0 23 0 0
401 23 0 0 0 0 0 23 0 0
404 115 0 0 69 24 12 0 0 0
405 69 1 1 46 9 5 0 0 0
408 23 0 0 23 0 0 0 0 0
409 46 0 0 0 0 0 0 0 0
411 23 0 0 23 17 11 0 0 0
412 15 0 0 0 0 0 5 0 0
413 46 0 0 46 0 0 0 0 0
415 35 1 1 5 0 0 10 0 0
416 92 0 0 46 0 0 0 0 0
419 161 0 0 23 0 0 0 0 0
422 10 0 0 10 5 5 0 0 0
423 15 1 1 5 0 0 0 0 0
424 10 0 0 0 0 0 0 0 0
426 10 0 0 5 0 0 0 0 0
429 40 1 1 8 5 5 0 0 0
431 15 0 0 5 0 0 0 0 0
432 125 2 2 35 0 0 65 6 3
433 10 0 0 0 0 0 0 0 0
436 15 0 0 0 0 0 0 0 0
439 9 0 0 0 0 0 0 0 0
461 40 1 1 30 0 0 0 0 0
476 10 1 1 0 0 0 0 0 0
483 24 0 0 5 0 0 0 0 0
487 12 2 1 4 3 1 0 0 0
499 10 0 0 5 0 0 5 0 0
500 5 0 0 0 0 0 5 0 0
501 5 0 0 0 0 0 0 0 0
518 54 0 0 0 0 0 0 0 0
522 40 0 0 35 0 0 0 0 0
fl=./elf/./elf/dl-runtime.c
fn=_dl_fixup
46 55 2 2 0 0 0 30 0 0
48 25 0 0 20 12 4 0 0 0
49 15 1 1 10 3 1 0 0 0
54 5 0 0 5 4 2 0 0 0
55 20 0 0 5 4 2 0 0 0
56 35 0 0 5 5 5 5 3 1
58 10 0 0 5 2 2 0 0 0
63 10 0 0 0 0 0 0 0 0
67 10 0 0 5 5 5 0 0 0
69 9 0 0 0 0 0 0 0 0
71 15 1 1 5 4 2 0 0 0
75 15 0 0 10 9 7 0 0 0
76 20 0 0 5 0 0 0 0 0
77 15 0 0 5 4 2 0 0 0
84 5 1 1 0 0 0 0 0 0
85 15 0 0 5 1 0 0 0 0
95 55 0 0 10 4 2 15 0 0
99 25 1 1 15 0 0 0 0 0
109 50 0 0 20 0 0 5 0 0
124 20 1 1 5 0 0 0 0 0
133 15 0 0 5 3 1 0 0 0
159 15 0 0 5 0 0 0 0 0
163 40 1 1 35 0 0 0 0 0
fl=./malloc/./malloc/arena.c
fn=_mid_memalign.isra.0
153 10 0 0 0 0 0 0 0 0
fn=free
153 105 0 0 0 0 0 0 0 0
fn=malloc
153 70 0 0 0 0 0 0 0 0
fl=./malloc/./malloc/malloc.c
fn=_int_free
1792 18 0 0 18 8 0 0 0 0
3163 34 1 1 17 0 0 17 0 0
3165 68 0 0 17 8 5 17 0 0
3166 17 0 0 0 0 0 17 0 0
3167 34 0 0 0 0 0 17 0 0
4495 245 1 1 0 0 0 140 7 0
4499 105 1 1 35 0 0 0 0 0
4505 140 0 0 0 0 0 0 0 0
4506 70 0 0 0 0 0 0 0 0
4510 175 0 0 0 0 0 0 0 0
4517 70 0 0 0 0 0 0 0 0
4518 210 1 1 105 8 0 0 0 0
4521 17 0 0 0 0 0 0 0 0
4527 51 0 0 34 4 1 0 0 0
4547 85 1 1 34 3 0 0 0 0
4550 17 0 0 0 0 0 0 0 0
4561 36 0 0 0 0 0 0 0 0
4637 36 0 0 18 0 0 0 0 0
4640 36 0 0 18 8 0 0 0 0
4643 36 1 1 0 0 0 0 0 0
4646 36 0 0 0 0 0 0 0 0
4658 192 1 1 157 0 0 0 0 0
fn=_int_free_maybe_consolidate
4770 242 1 1 22 7 0 154 0 0
4776 44 0 0 0 0 0 0 0 0
4778 24 0 0 6 0 0 0 0 0
4781 18 0 0 0 0 0 0 0 0
4784 30 2 2 18 6 0 0 0 0
4785 5 0 0 3 0 0 0 0 0
4798 238 1 1 195 0 0 0 0 0
fn=_int_free_merge_chunk
1992 60 0 0 20 0 0 0 0 0
4665 160 1 1 0 0 0 120 0 0
4666 20 0 0 0 0 0 0 0 0
4670 120 0 0 20 8 0 0 0 0
4673 80 1 1 20 8 0 0 0 0
4675 60 1 1 20 6 0 0 0 0
4678 60 0 0 20 3 0 0 0 0
4681 40 0 0 0 0 0 0 0 0
4682 40 0 0 0 0 0 0 0 0
4683 40 0 0 20 8 0 0 0 0
4689 40 1 1 20 0 0 0 0 0
4691 13 0 0 13 0 0 0 0 0
4692 13 0 0 0 0 0 0 0 0
4693 13 0 0 0 0 0 0 0 0
4694 52 0 0 13 8 0 0 0 0
4696 26 0 0 0 0 0 13 0 0
4701 60 0 0 0 0 0 0 0 0
4702 140 0 0 120 0 0 0 0 0
4714 40 0 0 20 0 0 0 0 0
4720 36 0 0 18 4 0 0 0 0
4721 6 1 1 0 0 0 3 0 0
4722 6 0 0 0 0 0 0 0 0
4724 15 0 0 15 0 0 0 0 0
4732 18 0 0 0 0 0 0 0 0
4733 72 1 1 18 0 0 0 0 0
4734 36 0 0 18 2 0 0 0 0
4736 18 0 0 0 0 0 18 2 0
4738 36 0 0 0 0 0 0 0 0
4740 48 1 1 0 0 0 16 0 0
4743 18 0 0 0 0 0 18 0 0
4744 18 0 0 0 0 0 18 0 0
4746 54 0 0 0 0 0 18 0 0
4747 18 0 0 0 0 0 18 0 0
4756 2 0 0 0 0 0 0 0 0
4757 6 0 0 0 0 0 2 0 0
4758 4 0 0 0 0 0 2 0 0
fn=_int_malloc
1326 80 0 0 0 0 0 0 0 0
1345 240 0 0 0 0 0 0 0 0
1794 40 1 1 40 0 0 0 0 0
1985 15 1 1 5 0 0 0 0 0
2008 4 0 0 1 0 0 0 0 0
2552 54 1 1 18 13 1 18 0 0
2553 1 1 1 0 0 0 1 0 0
2564 18 1 1 9 7 1 0 0 0
2565 24 0 0 16 0 0 0 0 0
2568 32 0 0 8 0 0 0 0 0
2576 48 0 0 8 0 0 16 2 0
2577 16 0 0 0 0 0 0 0 0
2589 4 0 0 1 0 0 1 0 0
2590 2 0 0 0 0 0 1 0 0
2599 12 1 1 3 0 0 0 0 0
2605 3 0 0 2 0 0 0 0 0
2608 3 1 1 0 0 0 0 0 0
2669 3 1 1 1 0 0 1 0 0
2677 2 0 0 1 0 0 0 0 0
2678 3 0 0 1 0 0 1 0 0
2691 3 1 1 1 0 0 0 0 0
2693 1 0 0 1 0 0 0 0 0
2699 5 0 0 1 0 0 1 0 0
2707 2 0 0 0 0 0 0 0 0
2709 4 2 2 0 0 0 2 0 0
2710 3 0 0 1 0 0 0 0 0
2711 1 0 0 0 0 0 0 0 0
2712 1 0 0 0 0 0 0 0 0
2715 2 0 0 0 0 0 0 0 0
2744 7 1 1 3 0 0 0 0 0
2746 2 1 1 0 0 0 1 0 0
2752 8 0 0 1 0 0 0 0 0
2753 6 0 0 1 0 0 1 0 0
2921 3 1 1 2 0 0 0 0 0
2922 1 0 0 0 0 0 1 0 0
2926 1 0 0 1 0 0 0 0 0
2930 5 1 1 2 0 0 0 0 0
2932 1 0 0 0 0 0 0 0 0
2933 1 0 0 0 0 0 0 0 0
2934 1 0 0 0 0 0 1 0 0
2935 7 0 0 0 0 0 1 0 0
2936 2 0 0 0 0 0 1 1 1
2938 1 0 0 0 0 0 0 0 0
3846 440 2 2 40 10 1 280 6 1
3887 80 0 0 0 0 0 0 0 0
3914 80 0 0 0 0 0 0 0 0
3916 24 0 0 0 0 0 0 0 0
3919 6 0 0 6 1 1 0 0 0
3921 12 0 0 0 0 0 0 0 0
3930 18 2 2 0 0 0 0 0 0
3977 68 1 1 0 0 0 0 0 0
3979 48 0 0 0 0 0 0 0 0
3980 24 1 1 0 0 0 0 0 0
3982 36 0 0 12 4 4 0 0 0
3984 1 0 0 1 1 1 0 0 0
3985 2 0 0 1 0 0 0 0 0
3987 1 0 0 1 0 0 0 0 0
3988 1 0 0 0 0 0 1 0 0
3989 1 0 0 0 0 0 1 0 0
3991 3 1 1 0 0 0 0 0 0
3997 2 0 0 0 0 0 0 0 0
3998 6 1 1 3 0 0 0 0 0
4003 5 0 0 2 0 0 0 0 0
4004 2 0 0 0 0 0 0 0 0
4020 1 0 0 0 0 0 0 0 0
4039 442 1 1 0 0 0 0 0 0
4040 84 0 0 28 9 0 0 0 0
4058 117 1 1 39 0 0 0 0 0
4059 117 0 0 0 0 0 39 5 1
4060 117 1 1 78 8 0 0 0 0
4069 32 0 0 0 0 0 16 0 0
4070 267 1 1 61 10 1 39 0 0
4072 22 0 0 22 1 0 0 0 0
4073 44 0 0 22 7 0 0 0 0
4074 22 0 0 0 0 0 0 0 0
4076 44 0 0 0 0 0 0 0 0
4077 66 1 1 22 6 0 0 0 0
4079 22 0 0 22 10 0 0 0 0
4080 88 0 0 0 0 0 0 0 0
4082 88 0 0 22 0 0 0 0 0
4084 44 1 1 22 3 0 0 0 0
4085 44 0 0 22 0 0 0 0 0
4087 44 0 0 0 0 0 0 0 0
4098 88 0 0 0 0 0 0 0 0
4127 22 0 0 0 0 0 22 0 0
4128 22 0 0 0 0 0 22 0 0
4132 44 0 0 0 0 0 0 0 0
4161 47 2 2 0 0 0 0 0 0
4163 4 0 0 0 0 0 2 0 0
4164 8 0 0 0 0 0 0 0 0
4165 2 0 0 2 2 0 0 0 0
4169 324 4 4 0 0 0 20 0 0
4170 60 1 1 0 0 0 0 0 0
4171 20 0 0 20 13 2 0 0 0
4174 40 0 0 0 0 0 0 0 0
4218 80 0 0 0 0 0 20 1 0
4221 154 2 2 44 10 0 0 0 0
4222 22 0 0 0 0 0 22 0 0
4223 22 0 0 0 0 0 22 0 0
4224 22 0 0 0 0 0 22 0 0
4225 22 0 0 0 0 0 22 0 0
4230 44 0 0 44 0 0 0 0 0
4231 44 0 0 0 0 0 0 0 0
4240 88 1 1 44 0 0 0 0 0
4246 32 0 0 0 0 0 0 0 0
4257 117 1 1 0 0 0 0 0 0
4259 112 0 0 0 0 0 0 0 0
4262 84 0 0 28 17 6 0 0 0
4263 41 1 1 2 0 0 0 0 0
4266 2 0 0 2 0 0 0 0 0
4267 12 0 0 2 0 0 0 0 0
4273 4 1 1 2 0 0 0 0 0
4278 6 0 0 0 0 0 2 0 0
4279 6 0 0 0 0 0 4 1 0
4282 8 0 0 4 0 0 0 0 0
4291 2 0 0 0 0 0 0 0 0
4295 8 1 1 2 0 0 0 0 0
4296 4 0 0 2 0 0 0 0 0
4299 2 0 0 0 0 0 2 0 0
4300 2 0 0 0 0 0 2 0 0
4301 2 0 0 0 0 0 2 0 0
4302 4 0 0 0 0 0 0 0 0
4304 2 0 0 0 0 0 1 0 0
4307 16 1 1 0 0 0 2 0 0
4309 6 0 0 0 0 0 2 0 0
4310 2 0 0 0 0 0 2 0 0
4313 2 0 0 0 0 0 0 0 0
4330 37 0 0 0 0 0 0 0 0
4331 74 0 0 0 0 0 0 0 0
4332 74 0 0 0 0 0 0 0 0
4333 74 0 0 37 3 1 0 0 0
4334 222 0 0 0 0 0 0 0 0
4339 157 1 1 0 0 0 0 0 0
4343 199 1 1 0 0 0 0 0 0
4346 144 1 1 36 0 0 0 0 0
4348 4 0 0 0 0 0 0 0 0
4349 2 0 0 0 0 0 0 0 0
4353 74 0 0 0 0 0 0 0 0
4355 30 0 0 0 0 0 0 0 0
4357 60 0 0 0 0 0 0 0 0
4361 7 0 0 7 5 0 0 0 0
4364 14 0 0 0 0 0 0 0 0
4366 15 0 0 0 0 0 3 0 0
4367 3 0 0 0 0 0 0 0 0
4368 3 0 0 0 0 0 0 0 0
4373 16 1 1 4 3 0 0 0 0
4376 8 0 0 0 0 0 0 0 0
4378 12 1 1 0 0 0 4 0 0
4381 12 0 0 0 0 0 8 0 0
4384 16 0 0 8 0 0 0 0 0
4394 4 0 0 0 0 0 0 0 0
4399 16 0 0 4 0 0 0 0 0
4400 8 1 1 4 0 0 0 0 0
4403 4 0 0 0 0 0 4 3 0
4404 4 0 0 0 0 0 4 0 0
4405 4 0 0 0 0 0 4 0 0
4408 8 0 0 0 0 0 0 0 0
4410 8 0 0 0 0 0 0 0 0
4412 8 0 0 0 0 0 4 1 0
4415 32 1 1 0 0 0 4 0 0
4417 12 0 0 0 0 0 4 0 0
4418 4 0 0 0 0 0 4 0 0
4421 4 0 0 0 0 0 0 0 0
4443 33 1 1 33 0 0 0 0 0
4444 66 0 0 33 8 1 0 0 0
4446 66 0 0 33 4 1 0 0 0
4449 99 0 0 0 0 0 0 0 0
4451 24 0 0 0 0 0 0 0 0
4452 48 1 1 0 0 0 0 0 0
4453 24 0 0 0 0 0 24 0 0
4454 192 1 1 0 0 0 24 0 0
4456 48 0 0 0 0 0 24 22 22
4459 52 0 0 0 0 0 0 0 0
4460 105 0 0 0 0 0 35 4 1
4461 35 0 0 0 0 0 0 0 0
4466 36 0 0 9 0 0 9 0 0
4482 17 0 0 0 0 0 0 0 0
4487 480 2 1 360 0 0 0 0 0
fn=_int_memalign
1326 10 0 0 0 0 0 0 0 0
1345 40 1 1 0 0 0 0 0 0
4714 4 0 0 0 0 0 0 0 0
4756 2 1 1 0 0 0 0 0 0
4757 6 0 0 0 0 0 2 1 1
4758 4 0 0 0 0 0 2 0 0
5039 40 1 1 0 0 0 30 0 0
5069 20 0 0 0 0 0 10 0 0
5071 15 0 0 5 0 0 0 0 0
5074 5 0 0 0 0 0 0 0 0
5076 20 0 0 0 0 0 0 0 0
5083 25 1 1 0 0 0 0 0 0
5085 20 0 0 0 0 0 0 0 0
5086 1 0 0 0 0 0 0 0 0
5089 2 0 0 0 0 0 0 0 0
5090 20 0 0 5 0 0 0 0 0
5093 10 0 0 0 0 0 0 0 0
5095 6 0 0 3 0 0 3 0 0
5096 6 0 0 0 0 0 3 0 0
5097 3 0 0 0 0 0 0 0 0
5101 20 1 1 0 0 0 4 1 1
5103 2 0 0 2 0 0 0 0 0
5104 10 0 0 2 0 0 2 0 0
5105 4 0 0 0 0 0 2 0 0
5106 2 0 0 0 0 0 0 0 0
5108 18 1 1 2 0 0 0 0 0
5113 6 0 0 2 0 0 0 0 0
5115 4 0 0 0 0 0 0 0 0
5116 2 0 0 0 0 0 0 0 0
5117 4 0 0 2 0 0 0 0 0
5118 4 0 0 0 0 0 0 0 0
5120 2 0 0 0 0 0 0 0 0
5121 4 0 0 0 0 0 0 0 0
5122 2 1 1 2 0 0 0 0 0
5129 2 0 0 0 0 0 0 0 0
5130 6 2 2 0 0 0 2 0 0
5134 6 1 1 0 0 0 2 0 0
5140 2 0 0 0 0 0 0 0 0
5141 45 0 0 35 0 0 0 0 0
fn=_mid_memalign.isra.0
1326 10 0 0 0 0 0 0 0 0
1345 25 0 0 0 0 0 0 0 0
3575 35 1 1 0 0 0 20 2 0
3581 10 1 1 0 0 0 0 0 0
3585 10 0 0 0 0 0 0 0 0
3590 15 3 2 0 0 0 0 0 0
3598 15 0 0 0 0 0 0 0 0
3615 15 0 0 0 0 0 0 0 0
3617 10 1 1 5 4 0 0 0 0
3638 10 0 0 5 5 0 0 0 0
3640 25 3 1 0 0 0 5 0 0
3641 25 1 1 5 0 0 0 0 0
3643 10 1 1 0 0 0 0 0 0
3662 30 0 0 25 0 0 0 0 0
fn=aligned_alloc
3556 35 1 1 0 0 0 15 0 0
3557 10 0 0 5 4 0 0 0 0
3564 25 0 0 0 0 0 0 0 0
3571 15 0 0 0 0 0 0 0 0
3572 15 1 1 15 0 0 0 0 0
fn=alloc_perturb
1985 105 1 1 35 0 0 0 0 0
1987 35 0 0 35 0 0 0 0 0
fn=free
3359 280 2 2 0 0 0 160 8 0
3363 80 0 0 0 0 0 0 0 0
3371 80 0 0 80 37 2 0 0 0
3373 40 0 0 0 0 0 0 0 0
3375 120 0 0 40 15 0 0 0 0
3379 15 1 1 5 5 0 0 0 0
3381 20 0 0 5 5 0 0 0 0
3383 10 0 0 0 0 0 5 0 0
3384 10 0 0 0 0 0 5 0 0
3385 5 0 0 0 0 0 0 0 0
3388 10 0 0 0 0 0 5 0 0
3392 105 0 0 70 16 0 0 0 0
3398 105 1 1 0 0 0 35 0 0
3401 40 0 0 0 0 0 40 0 0
3402 240 1 1 200 0 0 0 0 0
fn=malloc
1326 74 0 0 0 0 0 0 0 0
1345 185 1 1 0 0 0 0 0 0
3178 4 0 0 2 2 0 0 0 0
3182 4 0 0 0 0 0 0 0 0
3186 8 0 0 2 2 0 2 0 0
3190 4 0 0 0 0 0 2 0 0
3191 2 0 0 0 0 0 2 0 0
3294 296 1 1 0 0 0 148 0 0
3301 74 0 0 37 6 1 0 0 0
3311 74 0 0 0 0 0 0 0 0
3313 148 0 0 74 12 2 0 0 0
3316 74 0 0 37 4 1 0 0 0
3318 48 1 1 16 4 2 0 0 0
3326 70 1 1 35 7 1 0 0 0
3328 140 1 1 0 0 0 35 3 1
3329 175 1 1 35 0 0 0 0 0
3354 222 1 1 185 0 0 0 0 0
fn=munmap_chunk
3024 10 1 1 0 0 0 5 0 0
3025 10 0 0 10 10 0 0 0 0
3026 15 0 0 5 0 0 0 0 0
3028 10 0 0 0 0 0 0 0 0
3030 5 0 0 0 0 0 0 0 0
3031 15 0 0 5 0 0 0 0 0
3032 5 0 0 0 0 0 0 0 0
3038 20 0 0 0 0 0 0 0 0
3039 25 1 1 0 0 0 0 0 0
3042 5 0 0 10 0 0 0 0 0
3043 15 0 0 10 0 0 0 0 0
3048 10 0 0 0 0 0 0 0 0
3049 5 0 0 5 0 0 0 0 0
fn=sysmalloc_mmap.isra.0
2008 32 0 0 8 0 0 0 0 0
2400 48 1 1 0 0 0 32 0 0
2413 24 0 0 0 0 0 0 0 0
2418 16 0 0 0 0 0 0 0 0
2421 80 1 1 0 0 0 8 2 0
2424 16 1 1 0 0 0 0 0 0
2428 16 0 0 0 0 0 0 0 0
2432 32 0 0 0 0 0 8 0 0
2448 24 0 0 0 0 0 0 0 0
2466 8 0 0 0 0 0 8 8 6
2467 24 1 1 0 0 0 8 0 0
2471 24 0 0 16 0 0 0 0 0
2472 32 0 0 12 0 0 0 0 0
2475 24 1 1 16 0 0 0 0 0
2476 40 0 0 16 0 0 0 0 0
2481 56 0 0 40 0 0 0 0 0
fn=systrim.constprop.0
2957 6 1 1 0 0 0 4 0 0
2966 3 0 0 2 0 0 0 0 0
2968 1 0 0 0 0 0 0 0 0
2969 2 0 0 0 0 0 0 0 0
2974 3 0 0 1 0 0 0 0 0
2975 1 0 0 0 0 0 0 0 0
2978 5 1 1 2 2 0 0 0 0
2980 2 0 0 0 0 0 0 0 0
2987 3 0 0 0 0 0 1 0 0
2988 4 0 0 1 0 0 0 0 0
3000 3 1 1 0 0 0 1 0 0
3001 2 0 0 0 0 0 1 0 0
3003 1 0 0 0 0 0 0 0 0
3005 2 0 0 0 0 0 0 0 0
3009 2 0 0 0 0 0 0 0 0
3012 1 0 0 1 0 0 0 0 0
3013 4 0 0 1 0 0 1 0 0
3015 2 0 0 0 0 0 0 0 0
3020 6 0 0 5 0 0 0 0 0
fn=unlink_chunk.isra.0
1608 44 1 1 0 0 0 22 0 0
1610 110 0 0 44 3 0 0 0 0
1613 44 0 0 44 5 0 0 0 0
1614 44 0 0 22 0 0 0 0 0
1616 88 3 1 44 9 0 0 0 0
1619 22 0 0 0 0 0 22 0 0
1620 22 0 0 0 0 0 22 0 0
1621 101 0 0 19 0 0 0 0 0
1623 36 0 0 18 0 0 0 0 0
1624 54 0 0 36 0 0 0 0 0
1627 36 0 0 18 3 1 0 0 0
1641 18 0 0 0 0 0 18 0 0
1642 18 1 1 0 0 0 18 0 0
1645 44 0 0 44 0 0 0 0 0
fl=./malloc/./malloc/morecore.c
fn=__glibc_morecore
25 12 1 1 0 0 0 4 0 0
26 8 0 0 4 0 0 0 0 0
29 4 0 0 0 0 0 4 0 0
30 8 0 0 0 0 0 0 0 0
34 8 0 0 8 0 0 0 0 0
fl=./misc/../sysdeps/unix/syscall-template.S
fn=munmap
117 25 2 2 0 0 0 0 0 0
122 5 0 0 5 0 0 0 0 0
fl=./misc/../sysdeps/unix/sysv/linux/brk.c
fn=brk
36 2 1 1 0 0 0 0 0 0
37 4 0 0 2 0 0 2 0 0
38 4 0 0 0 0 0 0 0 0
44 2 0 0 0 0 0 0 0 0
45 2 0 0 2 0 0 0 0 0
fl=./misc/../sysdeps/unix/sysv/linux/brk_call.h
fn=brk
24 4 0 0 0 0 0 0 0 0
fl=./misc/../sysdeps/unix/sysv/linux/mmap64.c
fn=mmap
47 56 1 1 0 0 0 24 3 0
50 16 0 0 0 0 0 0 0 0
53 56 1 1 0 0 0 0 0 0
58 48 1 1 0 0 0 0 0 0
60 32 0 0 32 0 0 0 0 0
fl=./misc/../sysdeps/unix/sysv/linux/setvmaname.c
fn=__set_vma_name
33 56 2 2 0 0 0 32 0 0
35 40 0 0 16 8 1 8 0 0
49 72 0 0 56 0 0 0 0 0
fl=./misc/./misc/sbrk.c
fn=sbrk
37 32 1 1 0 0 0 16 1 0
40 8 0 0 8 4 2 0 0 0
43 8 2 1 4 2 1 0 0 0
58 8 0 0 0 0 0 0 0 0
62 8 0 0 0 0 0 0 0 0
66 8 1 1 0 0 0 0 0 0
68 2 1 0 0 0 0 0 0 0
74 6 1 1 0 0 0 2 0 0
78 28 0 0 20 0 0 0 0 0
fl=./string/../sysdeps/x86_64/multiarch/../multiarch/strcmp-sse2.S
fn=strcmp
98 5 1 1 0 0 0 0 0 0
131 5 0 0 0 0 0 0 0 0
132 5 0 0 0 0 0 0 0 0
134 5 0 0 0 0 0 0 0 0
135 5 0 0 0 0 0 0 0 0
156 5 0 0 0 0 0 0 0 0
157 5 0 0 0 0 0 0 0 0
158 5 0 0 0 0 0 0 0 0
159 5 0 0 0 0 0 0 0 0
160 4 0 0 4 4 4 0 0 0
161 4 1 1 4 1 1 0 0 0
162 4 0 0 4 0 0 0 0 0
163 4 0 0 4 0 0 0 0 0
180 4 0 0 0 0 0 0 0 0
181 4 0 0 0 0 0 0 0 0
182 4 0 0 0 0 0 0 0 0
183 4 0 0 0 0 0 0 0 0
184 4 0 0 0 0 0 0 0 0
185 4 0 0 0 0 0 0 0 0
186 4 0 0 0 0 0 0 0 0
191 1 0 0 0 0 0 0 0 0
192 3 0 0 0 0 0 0 0 0
201 2 1 1 0 0 0 0 0 0
202 2 0 0 0 0 0 0 0 0
203 2 0 0 0 0 0 0 0 0
204 2 0 0 0 0 0 0 0 0
205 2 0 0 0 0 0 0 0 0
206 2 0 0 0 0 0 0 0 0
207 2 0 0 0 0 0 0 0 0
208 2 0 0 0 0 0 0 0 0
209 2 0 0 0 0 0 0 0 0
210 1 0 0 0 0 0 0 0 0
211 1 0 0 0 0 0 0 0 0
212 1 0 0 0 0 0 0 0 0
214 2 0 0 0 0 0 0 0 0
215 2 0 0 0 0 0 0 0 0
216 2 0 0 0 0 0 0 0 0
217 2 0 0 2 2 1 0 0 0
218 2 0 0 0 0 0 0 0 0
219 2 0 0 0 0 0 0 0 0
1137 1 1 1 0 0 0 0 0 0
1138 1 0 0 1 0 0 0 0 0
1139 1 0 0 1 1 1 0 0 0
1140 1 0 0 0 0 0 0 0 0
1141 1 0 0 0 0 0 0 0 0
1143 1 0 0 0 0 0 0 0 0
1144 1 0 0 0 0 0 0 0 0
1145 1 1 1 0 0 0 0 0 0
1146 1 0 0 0 0 0 0 0 0
1147 1 0 0 0 0 0 0 0 0
1148 1 0 0 0 0 0 0 0 0
1149 1 0 0 0 0 0 0 0 0
1150 1 0 0 1 0 0 0 0 0
1154 1 0 0 0 0 0 0 0 0
1155 1 0 0 0 0 0 0 0 0
1156 1 0 0 0 0 0 0 0 0
1162 1 0 0 0 0 0 0 0 0
1163 1 0 0 0 0 0 0 0 0
1164 2 0 0 0 0 0 0 0 0
1168 1 1 1 0 0 0 0 0 0
1169 1 0 0 0 0 0 0 0 0
1172 1 0 0 1 1 1 0 0 0
1173 1 0 0 1 0 0 0 0 0
1174 1 0 0 0 0 0 0 0 0
1176 1 0 0 0 0 0 0 0 0
1177 1 0 0 0 0 0 0 0 0
1178 1 0 0 0 0 0 0 0 0
1182 1 0 0 0 0 0 0 0 0
1183 1 0 0 0 0 0 0 0 0
1184 1 0 0 0 0 0 0 0 0
1185 1 0 0 0 0 0 0 0 0
1186 1 0 0 0 0 0 0 0 0
1187 1 1 1 0 0 0 0 0 0
1375 1 1 1 0 0 0 0 0 0
1376 1 0 0 1 0 0 0 0 0
1377 1 0 0 1 0 0 0 0 0
1378 1 0 0 0 0 0 0 0 0
1379 1 0 0 0 0 0 0 0 0
1381 1 0 0 0 0 0 0 0 0
1382 1 0 0 0 0 0 0 0 0
1383 1 1 1 0 0 0 0 0 0
1384 1 0 0 0 0 0 0 0 0
1385 1 0 0 0 0 0 0 0 0
1386 1 0 0 0 0 0 0 0 0
1387 1 0 0 0 0 0 0 0 0
1388 1 0 0 1 0 0 0 0 0
1392 1 0 0 0 0 0 0 0 0
1393 1 0 0 0 0 0 0 0 0
1394 1 0 0 0 0 0 0 0 0
1400 1 0 0 0 0 0 0 0 0
1401 1 0 0 0 0 0 0 0 0
1402 2 0 0 0 0 0 0 0 0
1406 1 1 1 0 0 0 0 0 0
1407 1 0 0 0 0 0 0 0 0
1410 1 0 0 1 0 0 0 0 0
1411 1 0 0 1 0 0 0 0 0
1412 1 0 0 0 0 0 0 0 0
1414 1 0 0 0 0 0 0 0 0
1415 1 0 0 0 0 0 0 0 0
1416 1 0 0 0 0 0 0 0 0
1420 1 0 0 0 0 0 0 0 0
1421 1 0 0 0 0 0 0 0 0
1422 1 0 0 0 0 0 0 0 0
1423 1 0 0 0 0 0 0 0 0
1424 1 0 0 0 0 0 0 0 0
1425 1 1 1 0 0 0 0 0 0
2093 2 1 1 0 0 0 0 0 0
2095 2 0 0 0 0 0 0 0 0
2096 2 0 0 0 0 0 0 0 0
2097 2 0 0 0 0 0 0 0 0
2098 2 0 0 0 0 0 0 0 0
2099 2 0 0 0 0 0 0 0 0
2104 5 1 1 0 0 0 0 0 0
2110 5 0 0 5 0 0 0 0 0
2111 5 0 0 5 0 0 0 0 0
2119 5 0 0 0 0 0 0 0 0
2120 5 0 0 5 0 0 0 0 0
fl=./string/../sysdeps/x86_64/multiarch/memmove-vec-unaligned-erms.S
fn=__memcpy_avx_unaligned_erms
255 32 1 1 0 0 0 0 0 0
256 32 0 0 0 0 0 0 0 0
262 32 0 0 0 0 0 0 0 0
263 32 0 0 0 0 0 0 0 0
265 28 0 0 28 8 0 0 0 0
266 28 0 0 0 0 0 0 0 0
267 28 0 0 0 0 0 0 0 0
270 4 0 0 4 0 0 0 0 0
271 4 0 0 0 0 0 4 1 1
272 4 0 0 0 0 0 4 0 0
275 8 0 0 4 0 0 0 0 0
305 4 0 0 0 0 0 0 0 0
306 4 0 0 0 0 0 0 0 0
308 2 0 0 0 0 0 0 0 0
309 2 0 0 0 0 0 0 0 0
311 2 0 0 0 0 0 0 0 0
315 2 0 0 0 0 0 0 0 0
316 2 1 1 0 0 0 0 0 0
317 2 0 0 0 0 0 0 0 0
325 2 0 0 2 0 0 0 0 0
342 2 0 0 2 0 0 0 0 0
343 2 0 0 2 0 0 0 0 0
344 2 0 0 0 0 0 2 0 0
345 2 0 0 0 0 0 2 0 0
347 2 0 0 2 0 0 0 0 0
375 2 1 1 2 0 0 0 0 0
376 2 0 0 2 0 0 0 0 0
377 2 0 0 0 0 0 2 1 1
378 2 0 0 0 0 0 2 1 1
379 2 0 0 0 0 0 2 0 0
380 2 0 0 0 0 0 2 0 0
381 4 0 0 2 0 0 0 0 0
386 24 6 1 24 10 1 0 0 0
387 24 0 0 0 0 0 0 0 0
392 14 0 0 0 0 0 0 0 0
393 14 0 0 0 0 0 0 0 0
395 4 0 0 4 0 0 0 0 0
396 4 0 0 0 0 0 0 0 0
397 4 0 0 0 0 0 0 0 0
399 2 0 0 2 0 0 0 0 0
400 2 0 0 2 0 0 0 0 0
401 2 0 0 2 0 0 0 0 0
402 2 0 0 2 0 0 0 0 0
403 2 0 0 2 0 0 0 0 0
404 2 1 1 2 0 0 0 0 0
405 2 0 0 0 0 0 2 1 1
406 2 0 0 0 0 0 2 1 1
407 2 0 0 0 0 0 2 1 1
408 2 0 0 0 0 0 2 1 1
409 2 0 0 0 0 0 2 2 2
410 2 0 0 0 0 0 2 0 0
411 2 0 0 0 0 0 2 1 1
412 2 0 0 0 0 0 2 0 0
413 4 0 0 2 0 0 0 0 0
417 10 0 0 0 0 0 0 0 0
418 10 0 0 0 0 0 0 0 0
422 10 0 0 0 0 0 0 0 0
424 10 1 1 0 0 0 0 0 0
428 10 0 0 10 1 1 0 0 0
429 10 0 0 0 0 0 0 0 0
440 10 0 0 0 0 0 0 0 0
443 10 0 0 0 0 0 0 0 0
445 10 0 0 0 0 0 0 0 0
447 10 0 0 0 0 0 0 0 0
451 10 0 0 0 0 0 0 0 0
452 10 0 0 0 0 0 0 0 0
461 6 0 0 6 0 0 0 0 0
462 6 0 0 6 0 0 0 0 0
464 6 0 0 0 0 0 0 0 0
466 6 0 0 0 0 0 0 0 0
467 6 1 1 6 0 0 0 0 0
468 6 0 0 6 0 0 0 0 0
471 6 0 0 0 0 0 0 0 0
473 6 0 0 0 0 0 0 0 0
475 6 0 0 0 0 0 0 0 0
477 12 0 0 0 0 0 0 0 0
483 66 0 0 66 0 0 0 0 0
484 66 0 0 66 0 0 0 0 0
485 66 0 0 66 0 0 0 0 0
486 66 0 0 66 0 0 0 0 0
487 66 0 0 0 0 0 0 0 0
488 66 0 0 0 0 0 66 22 22
489 66 0 0 0 0 0 66 14 14
490 66 1 1 0 0 0 66 21 21
491 66 0 0 0 0 0 66 14 14
492 66 0 0 0 0 0 0 0 0
493 66 0 0 0 0 0 0 0 0
494 66 0 0 0 0 0 0 0 0
496 6 0 0 0 0 0 6 2 2
497 6 0 0 0 0 0 6 3 3
498 6 0 0 0 0 0 6 0 0
499 6 0 0 0 0 0 6 0 0
501 6 0 0 0 0 0 6 0 0
505 12 0 0 6 0 0 0 0 0
518 4 0 0 4 0 0 0 0 0
519 4 0 0 4 1 0 0 0 0
521 4 1 1 0 0 0 0 0 0
522 4 0 0 4 0 0 0 0 0
523 4 0 0 4 0 0 0 0 0
525 4 0 0 0 0 0 0 0 0
527 4 0 0 0 0 0 0 0 0
529 8 0 0 0 0 0 0 0 0
535 172 0 0 172 0 0 0 0 0
536 172 0 0 172 26 0 0 0 0
537 172 0 0 172 0 0 0 0 0
538 172 0 0 172 25 0 0 0 0
539 172 0 0 0 0 0 0 0 0
540 172 0 0 0 0 0 172 142 142
541 172 1 1 0 0 0 172 31 31
542 172 0 0 0 0 0 172 141 141
543 172 0 0 0 0 0 172 31 31
544 172 0 0 0 0 0 0 0 0
545 172 0 0 0 0 0 0 0 0
546 172 0 0 0 0 0 0 0 0
548 4 0 0 0 0 0 4 1 1
549 4 0 0 0 0 0 4 3 3
550 4 0 0 0 0 0 4 0 0
551 4 0 0 0 0 0 4 0 0
553 4 0 0 0 0 0 4 0 0
554 8 0 0 4 0 0 0 0 0
563 10 1 1 10 9 0 0 0 0
570 10 0 0 0 0 0 0 0 0
571 10 0 0 0 0 0 0 0 0
577 7 0 0 0 0 0 0 0 0
580 7 0 0 0 0 0 0 0 0
582 7 0 0 0 0 0 0 0 0
585 7 0 0 0 0 0 0 0 0
586 7 0 0 0 0 0 0 0 0
588 7 0 0 0 0 0 0 0 0
590 802471 0 0 802464 12453 0 802464 12543 6970
592 7 0 0 0 0 0 7 5 0
594 7 0 0 0 0 0 7 6 0
596 14 0 0 7 6 0 0 0 0
601 10 1 1 0 0 0 0 0 0
602 10 0 0 0 0 0 0 0 0
606 10 0 0 0 0 0 0 0 0
608 10 0 0 0 0 0 0 0 0
611 10 0 0 0 0 0 0 0 0
615 10 0 0 10 9 0 0 0 0
616 10 0 0 0 0 0 0 0 0
620 10 0 0 10 0 0 0 0 0
624 10 0 0 0 0 0 0 0 0
648 3 0 0 0 0 0 0 0 0
650 3 0 0 0 0 0 0 0 0
652 3 0 0 0 0 0 0 0 0
654 3 1 1 0 0 0 0 0 0
657 3 0 0 0 0 0 0 0 0
658 3 0 0 0 0 0 0 0 0
660 212899 0 0 212896 3293 0 212896 3327 1023
663 3 0 0 0 0 0 3 2 0
665 3 0 0 0 0 0 3 2 0
667 6 0 0 3 2 0 0 0 0
fl=./string/../sysdeps/x86_64/multiarch/memset-vec-unaligned-erms.S
fn=__memset_avx2_unaligned_erms
158 5 1 1 0 0 0 0 0 0
159 10 0 0 0 0 0 0 0 0
164 5 0 0 0 0 0 0 0 0
165 5 0 0 0 0 0 0 0 0
166 5 0 0 0 0 0 0 0 0
167 5 0 0 0 0 0 0 0 0
168 5 0 0 0 0 0 0 0 0
237 5 1 1 5 5 0 0 0 0
238 5 0 0 0 0 0 0 0 0
244 3 0 0 0 0 0 3 1 0
245 3 0 0 0 0 0 3 1 0
257 3 0 0 0 0 0 0 0 0
260 3 0 0 0 0 0 0 0 0
261 3 0 0 0 0 0 0 0 0
273 3 0 0 0 0 0 3 2 0
274 3 0 0 0 0 0 3 1 0
287 3 0 0 0 0 0 0 0 0
288 3 0 0 0 0 0 0 0 0
290 3 0 0 0 0 0 0 0 0
293 3 0 0 0 0 0 0 0 0
296 3 0 0 0 0 0 0 0 0
299 24 1 1 0 0 0 24 16 0
300 24 0 0 0 0 0 24 7 0
301 24 0 0 0 0 0 24 17 0
302 24 0 0 0 0 0 24 7 0
303 24 0 0 0 0 0 0 0 0
304 24 0 0 0 0 0 0 0 0
305 27 0 0 0 0 0 0 0 0
308 3 0 0 0 0 0 3 1 0
309 3 0 0 0 0 0 3 0 0
310 3 0 0 0 0 0 3 1 0
311 3 0 0 0 0 0 3 1 0
314 6 0 0 3 0 0 0 0 0
325 2 1 1 0 0 0 0 0 0
326 2 0 0 0 0 0 0 0 0
327 2 0 0 0 0 0 0 0 0
328 12290 0 0 0 0 0 12288 190 0
329 2 0 0 0 0 0 0 0 0
330 4 0 0 2 0 0 0 0 0
fl=/home/wang/git-repositories/vcpkg/installed/x64-linux-clang-libcxx/include/boost/unordered/detail/foa/core.hpp
fn=unsigned int lob::v18::BookT<lob::ChecksumSink, 16u>::match<(lob::Side)0>(unsigned long, long, unsigned int)
0 31732 3 1 15866 0 0 0 0 0
fn=unsigned int lob::v18::BookT<lob::ChecksumSink, 16u>::match<(lob::Side)1>(unsigned long, long, unsigned int)
0 31170 1 1 15585 0 0 0 0 0
fl=/home/wang/sources/cxx/book/include/lob/events.hpp
fn=lob::v18::BookT<lob::ChecksumSink, 16u>::modify(unsigned long, long, unsigned int)
0 168718 2 2 56518 0 0 67320 0 0
92 73196 0 0 73196 0 0 0 0 0
93 691398 2 2 95636 0 0 22440 0 0
fn=unsigned int lob::v18::BookT<lob::ChecksumSink, 16u>::match<(lob::Side)0>(unsigned long, long, unsigned int)
92 97188 1 1 32396 0 0 32396 0 0
93 421148 0 0 32396 0 0 32396 0 0
fn=unsigned int lob::v18::BookT<lob::ChecksumSink, 16u>::match<(lob::Side)1>(unsigned long, long, unsigned int)
92 96123 1 1 32041 0 0 32041 0 0
93 416533 0 0 32041 0 0 32041 0 0
fn=void lob::replay<lob::v18::BookT<lob::ChecksumSink, 16u> >(lob::v18::BookT<lob::ChecksumSink, 16u>&, std::__1::span<lob::Op const, 18446744073709551615ul>)
0 1835586 1 1 0 0 0 917793 0 0
92 917793 0 0 917793 11 1 0 0 0
93 8373663 2 2 1835586 0 0 0 0 0
fl=/home/wang/sources/cxx/book/include/lob/replay.hpp
fn=void lob::replay<lob::v18::BookT<lob::ChecksumSink, 16u> >(lob::v18::BookT<lob::ChecksumSink, 16u>&, std::__1::span<lob::Op const, 18446744073709551615ul>)
0 14 2 2 0 0 0 5 1 1
52 7 1 1 0 0 0 6 1 1
53 1000001 0 0 0 0 0 0 0 0
57 9 1 1 7 1 1 0 0 0
fl=/home/wang/sources/cxx/book/include/lob/v11/exact_div.hpp
fn=lob::v18::BookT<lob::ChecksumSink, 16u>::modify(unsigned long, long, unsigned int)
37 50034 0 0 33356 0 0 0 0 0
fn=void lob::replay<lob::v18::BookT<lob::ChecksumSink, 16u> >(lob::v18::BookT<lob::ChecksumSink, 16u>&, std::__1::span<lob::Op const, 18446744073709551615ul>)
37 1461834 0 0 974556 0 0 0 0 0
fl=/home/wang/sources/cxx/book/include/lob/v16/order_index.hpp
fn=lob::v16::OrderIndex::alloc(unsigned long)
0 10 0 0 5 0 0 0 0 0
178 25 2 1 0 0 0 15 0 0
179 5 0 0 0 0 0 5 0 0
180 20 0 0 0 0 0 5 0 0
181 10 0 0 0 0 0 5 0 0
182 10 0 0 0 0 0 5 0 0
183 20 0 0 0 0 0 5 1 0
184 5 0 0 0 0 0 5 0 0
186 7996 1 1 0 0 0 0 0 0
187 15872 1 1 0 0 0 15872 15872 15872
188 15872 1 1 0 0 0 15872 0 0
190 25 1 1 20 4 0 0 0 0
fn=lob::v16::OrderIndex::grow()
0 51604 2 2 27776 4 0 0 0 0
144 111104 1 1 27776 4 0 0 0 0
168 27776 2 2 27776 246 0 0 0 0
169 138880 8 6 0 0 0 0 0 0
171 111104 1 1 0 0 0 27776 0 0
172 83328 1 1 27776 0 0 27776 14532 0
191 40 1 1 0 0 0 35 1 0
193 5 0 0 5 0 0 0 0 0
194 10 0 0 0 0 0 5 0 0
195 23818 0 0 0 0 0 0 0 0
197 166656 7 3 55552 7904 0 0 0 0
199 55552 0 0 27776 0 0 27776 0 0
214 50 1 1 30 10 0 0 0 0
fn=lob::v18::BookT<lob::ChecksumSink, 16u>::modify(unsigned long, long, unsigned int)
0 181084 1 1 62282 0 0 0 0 0
72 113036 0 0 0 0 0 0 0 0
76 4 0 0 0 0 0 0 0 0
77 113040 0 0 0 0 0 0 0 0
78 4 0 0 2 0 0 0 0 0
80 169554 0 0 0 0 0 0 0 0
119 23048 2 2 0 0 0 0 0 0
123 51858 0 0 11524 0 0 0 0 0
124 17286 0 0 0 0 0 5762 0 0
125 17286 0 0 5762 865 0 0 0 0
126 11524 0 0 0 0 0 0 0 0
127 5762 1 1 5762 0 0 0 0 0
128 5762 0 0 0 0 0 0 0 0
144 226072 0 0 56518 0 0 0 0 0
147 113036 0 0 0 0 0 0 0 0
152 282598 2 2 0 0 0 0 0 0
154 169558 0 0 56520 54839 0 0 0 0
fn=unsigned int lob::v18::BookT<lob::ChecksumSink, 16u>::match<(lob::Side)0>(unsigned long, long, unsigned int)
0 50370 1 1 16790 0 0 0 0 0
72 50370 0 0 0 0 0 0 0 0
77 33580 0 0 0 0 0 0 0 0
80 16790 0 0 0 0 0 0 0 0
119 67160 0 0 0 0 0 0 0 0
123 117530 0 0 16790 0 0 0 0 0
124 50370 1 1 0 0 0 16790 0 0
125 67160 0 0 16790 2550 0 0 0 0
126 33580 0 0 0 0 0 0 0 0
127 16790 0 0 16790 0 0 0 0 0
144 67160 0 0 16790 0 0 0 0 0
147 33580 1 1 0 0 0 0 0 0
152 83950 1 1 0 0 0 0 0 0
154 50370 0 0 16790 16499 0 0 0 0
fn=unsigned int lob::v18::BookT<lob::ChecksumSink, 16u>::match<(lob::Side)1>(unsigned long, long, unsigned int)
0 49938 0 0 16646 0 0 0 0 0
72 49938 0 0 0 0 0 0 0 0
77 33292 0 0 0 0 0 0 0 0
80 16646 0 0 0 0 0 0 0 0
119 66584 0 0 0 0 0 0 0 0
123 116522 0 0 16646 0 0 0 0 0
124 49938 1 1 0 0 0 16646 0 0
125 66584 0 0 16646 2564 0 0 0 0
126 33292 0 0 0 0 0 0 0 0
127 16646 0 0 16646 0 0 0 0 0
144 66584 1 1 16646 0 0 0 0 0
147 33292 1 1 0 0 0 0 0 0
152 83230 1 1 0 0 0 0 0 0
154 49938 0 0 16646 16352 0 0 0 0
fn=void lob::replay<lob::v18::BookT<lob::ChecksumSink, 16u> >(lob::v18::BookT<lob::ChecksumSink, 16u>&, std::__1::span<lob::Op const, 18446744073709551615ul>)
0 3274051 1 1 1469456 0 0 943482 5 0
72 1291545 0 0 0 0 0 0 0 0
76 24 0 0 0 0 0 0 0 0
77 861054 0 0 0 0 0 0 0 0
78 24 0 0 12 0 0 0 0 0
80 1291545 0 0 0 0 0 0 0 0
87 1538901 0 0 512967 6 1 0 0 0
88 1025934 1 1 0 0 0 512967 0 0
89 1538901 0 0 1025934 1 1 0 0 0
90 10 1 1 0 0 0 5 0 0
94 512967 0 0 512967 0 0 0 0 0
95 512967 0 0 0 0 0 512967 5 0
119 2255331 3 2 430515 0 0 0 0 0
123 3219117 2 2 481893 0 0 0 0 0
124 1368612 0 0 0 0 0 456204 0 0
125 1824816 0 0 456204 68340 0 0 0 0
126 938188 2 2 13 0 0 0 0 0
127 886719 0 0 456204 0 0 0 0 0
128 25689 0 0 0 0 0 0 0 0
144 3773928 0 0 943482 0 0 0 0 0
147 3425865 1 1 0 0 0 0 0 0
152 2152623 2 2 0 0 0 0 0 0
154 1291569 0 0 430527 419334 0 0 0 0
167 32 0 0 0 0 0 0 0 0
168 512983 0 0 512983 186130 4 0 0 0
169 3077866 2 2 0 0 0 0 0 0
171 2051868 0 0 0 0 0 512967 0 0
172 2051868 0 0 512967 0 0 512967 507061 256
175 48 0 0 16 16 0 0 0 0
fl=/home/wang/sources/cxx/book/include/lob/v18/book.hpp
fn=lob::v18::BookT<lob::ChecksumSink, 16u>::anchor_if_on_tick(long)
410 3 0 0 0 0 0 1 0 0
411 1 0 0 0 0 0 1 0 0
635 10 2 2 1 0 0 0 0 0
636 1 0 0 1 0 0 0 0 0
fn=lob::v18::BookT<lob::ChecksumSink, 16u>::modify(unsigned long, long, unsigned int)
0 418715 5 5 94914 0 0 219474 632 0
211 508662 2 2 0 0 0 339108 6 1
214 113036 0 0 0 0 0 0 0 0
215 113036 1 1 0 0 0 0 0 0
217 56518 0 0 56518 0 0 0 0 0
219 226072 0 0 56518 0 0 0 0 0
220 34078 0 0 0 0 0 34078 0 0
221 34078 0 0 34078 0 0 0 0 0
225 56518 0 0 56518 0 0 0 0 0
227 22440 0 0 22440 0 0 0 0 0
229 508662 1 1 395626 0 0 0 0 0
345 39118 0 0 0 0 0 0 0 0
365 66712 1 1 0 0 0 0 0 0
367 113036 0 0 0 0 0 0 0 0
388 56518 0 0 56518 52834 0 0 0 0
389 135476 0 0 0 0 0 0 0 0
404 33356 1 1 16678 0 0 0 0 0
405 50034 0 0 0 0 0 0 0 0
407 157916 1 1 101398 0 0 0 0 0
436 33356 0 0 16678 0 0 0 0 0
437 16678 0 0 0 0 0 0 0 0
438 66712 0 0 33356 0 0 16678 0 0
439 16678 0 0 0 0 0 0 0 0
445 50034 1 1 0 0 0 50034 0 0
446 33356 0 0 0 0 0 33356 16356 0
451 44880 0 0 22440 0 0 22440 0 0
452 44880 0 0 22440 0 0 22440 0 0
462 33356 0 0 16678 165 0 0 0 0
464 100068 0 0 16678 0 0 0 0 0
465 16678 0 0 0 0 0 16678 1836 0
466 16678 1 1 0 0 0 16678 0 0
467 16678 0 0 0 0 0 16678 0 0
468 16678 0 0 0 0 0 16678 0 0
477 112200 1 1 0 0 0 0 0 0
478 134640 0 0 22440 0 0 0 0 0
479 22440 0 0 0 0 0 22440 20848 0
480 22440 2 1 0 0 0 22440 20821 0
489 89760 0 0 0 0 0 0 0 0
490 67320 0 0 0 0 0 0 0 0
491 117962 0 0 0 0 0 5762 0 0
492 22440 1 1 22440 0 0 0 0 0
493 22440 0 0 0 0 0 0 0 0
494 89760 0 0 0 0 0 0 0 0
495 44880 0 0 0 0 0 0 0 0
500 22440 0 0 0 0 0 0 0 0
501 5762 0 0 0 0 0 0 0 0
502 5858 0 0 0 0 0 2929 0 0
504 5666 0 0 0 0 0 2833 0 0
505 11524 0 0 0 0 0 0 0 0
568 33356 0 0 16678 0 0 0 0 0
570 50034 0 0 0 0 0 0 0 0
572 16678 0 0 0 0 0 0 0 0
573 50034 0 0 16678 0 0 0 0 0
574 66712 0 0 0 0 0 0 0 0
579 16678 0 0 0 0 0 16678 0 0
580 16678 0 0 16678 0 0 0 0 0
597 22440 0 0 0 0 0 0 0 0
600 201960 1 1 44880 0 0 0 0 0
601 67320 0 0 22440 0 0 0 0 0
603 157080 0 0 0 0 0 0 0 0
fn=unsigned int lob::v18::BookT<lob::ChecksumSink, 16u>::match<(lob::Side)0>(unsigned long, long, unsigned int)
0 351044 3 3 64792 0 0 79330 1016 0
407 31732 0 0 15866 0 0 0 0 0
451 33580 0 0 16790 0 0 16790 0 0
452 16790 0 0 0 0 0 16790 0 0
473 33580 0 0 16790 0 0 0 0 0
474 33580 0 0 16790 0 0 0 0 0
477 83950 1 1 16790 0 0 0 0 0
478 67160 0 0 16790 0 0 0 0 0
479 16790 0 0 0 0 0 16790 0 0
480 16790 0 0 0 0 0 16790 15616 0
515 111062 1 1 0 0 0 95196 2 0
525 31732 0 0 0 0 0 0 0 0
528 47598 0 0 0 0 0 0 0 0
531 15866 0 0 0 0 0 0 0 0
536 15866 0 0 0 0 0 0 0 0
538 31732 0 0 0 0 0 0 0 0
539 142794 1 1 31732 0 0 31732 0 0
540 161980 0 0 32396 0 0 0 0 0
543 129584 1 1 0 0 0 0 0 0
544 32396 0 0 32396 17930 0 0 0 0
545 32396 0 0 32396 0 0 0 0 0
547 97188 0 0 0 0 0 32396 0 0
548 32396 0 0 0 0 0 0 0 0
554 31732 0 0 15866 0 0 0 0 0
562 158660 1 1 111062 0 0 0 0 0
fn=unsigned int lob::v18::BookT<lob::ChecksumSink, 16u>::match<(lob::Side)1>(unsigned long, long, unsigned int)
0 361068 3 3 79667 0 0 77925 991 0
407 31170 0 0 15585 0 0 0 0 0
451 33292 0 0 16646 0 0 16646 0 0
452 16646 0 0 0 0 0 16646 0 0
473 33292 0 0 16646 0 0 0 0 0
474 33292 0 0 16646 0 0 0 0 0
477 83230 1 1 16646 0 0 0 0 0
478 66584 0 0 16646 0 0 0 0 0
479 16646 0 0 0 0 0 16646 0 0
480 16646 0 0 0 0 0 16646 15488 0
515 109095 1 1 0 0 0 93510 2 0
525 31170 0 0 0 0 0 0 0 0
528 46755 0 0 0 0 0 0 0 0
531 15585 1 1 0 0 0 0 0 0
532 15585 0 0 0 0 0 0 0 0
536 15585 0 0 0 0 0 0 0 0
538 31170 0 0 0 0 0 0 0 0
539 140265 1 1 31170 0 0 31170 0 0
540 160205 0 0 32041 0 0 0 0 0
543 128164 1 1 0 0 0 0 0 0
544 32041 0 0 32041 17770 0 0 0 0
545 32041 0 0 32041 0 0 0 0 0
547 96123 0 0 0 0 0 32041 0 0
548 32041 0 0 0 0 0 0 0 0
554 31170 0 0 15585 0 0 0 0 0
562 155850 0 0 109095 0 0 0 0 0
fn=void lob::replay<lob::v18::BookT<lob::ChecksumSink, 16u> >(lob::v18::BookT<lob::ChecksumSink, 16u>&, std::__1::span<lob::Op const, 18446744073709551615ul>)
0 10231188 3 3 4740693 125000 125000 1943727 1 1
183 4886964 1 1 1000000 178574 178566 0 0 0
185 2051868 1 1 1538901 64348 64348 0 0 0
189 339108 0 0 113036 7087 7087 56518 0 0
195 512967 0 0 0 0 0 0 0 0
196 1943727 1 1 0 0 0 0 0 0
197 512967 0 0 0 0 0 512967 0 0
206 861030 0 0 861030 402948 0 0 0 0
208 430515 0 0 430515 0 0 0 0 0
345 2753379 1 1 0 0 0 0 0 0
365 3898288 0 0 32 0 0 0 0 0
367 861030 0 0 0 0 0 0 0 0
399 2 0 0 1 0 0 0 0 0
404 974556 1 1 487278 0 0 0 0 0
405 1461834 0 0 0 0 0 0 0 0
407 1025932 0 0 1025932 10 0 0 0 0
436 1461834 1 1 487278 0 0 0 0 0
437 487278 0 0 0 0 0 0 0 0
438 1408011 0 0 469337 33384 0 469337 0 0
439 469337 0 0 0 0 0 0 0 0
440 53823 1 1 0 0 0 0 0 0
445 2454331 0 0 487278 0 0 487278 4 0
446 974556 0 0 0 0 0 974556 430285 0
451 861030 0 0 430515 0 0 430515 0 0
452 430515 0 0 0 0 0 430515 0 0
462 1461834 1 1 487278 2677 9 0 0 0
464 2436390 0 0 487278 0 0 0 0 0
465 487278 0 0 0 0 0 487278 24630 0
466 487278 0 0 0 0 0 487278 0 0
467 487278 0 0 0 0 0 487278 0 0
468 487278 0 0 0 0 0 487278 0 0
477 2152575 0 0 0 0 0 0 0 0
478 2583090 0 0 430515 0 0 0 0 0
479 430515 0 0 0 0 0 430515 401587 0
480 430515 0 0 0 0 0 430515 401201 0
489 1538901 0 0 0 0 0 0 0 0
490 1538898 1 1 0 0 0 0 0 0
491 3052113 1 1 0 0 0 25689 0 0
492 512967 0 0 512967 6 1 0 0 0
494 2051864 0 0 0 0 0 0 0 0
495 1025934 1 1 0 0 0 0 0 0
500 512967 0 0 0 0 0 0 0 0
501 25689 0 0 0 0 0 0 0 0
502 25874 0 0 0 0 0 12937 0 0
504 25504 0 0 0 0 0 12752 0 0
505 51378 0 0 0 0 0 0 0 0
568 974562 0 0 487278 1 1 1 0 0
572 487278 0 0 0 0 0 0 0 0
573 1461834 0 0 487278 5 0 0 0 0
574 487278 0 0 0 0 0 0 0 0
579 487278 0 0 0 0 0 487278 5 0
580 487278 0 0 487278 0 0 0 0 0
595 430515 0 0 430515 0 0 0 0 0
597 861030 0 0 0 0 0 0 0 0
600 4305150 2 2 861030 0 0 0 0 0
601 1291545 0 0 430515 0 0 430515 0 0
603 1722060 0 0 0 0 0 0 0 0
fl=/home/wang/sources/cxx/book/include/lob/v3/hier_bitmap.hpp
fn=lob::v18::BookT<lob::ChecksumSink, 16u>::modify(unsigned long, long, unsigned int)
48 67320 0 0 44880 1 0 0 0 0
57 33356 0 0 0 0 0 0 0 0
58 50034 0 0 16678 3 0 0 0 0
59 50034 0 0 33356 0 0 33356 1328 0
78 67320 0 0 22440 0 0 0 0 0
79 67320 1 1 22440 1 0 0 0 0
80 22440 0 0 0 0 0 0 0 0
95 112200 1 1 0 0 0 0 0 0
fn=unsigned int lob::v18::BookT<lob::ChecksumSink, 16u>::match<(lob::Side)0>(unsigned long, long, unsigned int)
0 15866 0 0 15866 0 0 0 0 0
48 47598 1 1 31732 0 0 0 0 0
95 79330 0 0 0 0 0 0 0 0
fn=unsigned int lob::v18::BookT<lob::ChecksumSink, 16u>::match<(lob::Side)1>(unsigned long, long, unsigned int)
48 46755 0 0 31170 0 0 0 0 0
95 77925 0 0 0 0 0 0 0 0
fn=void lob::replay<lob::v18::BookT<lob::ChecksumSink, 16u> >(lob::v18::BookT<lob::ChecksumSink, 16u>&, std::__1::span<lob::Op const, 18446744073709551615ul>)
0 512970 0 0 0 0 0 0 0 0
48 1538901 0 0 1025934 26 2 0 0 0
57 974562 0 0 0 0 0 0 0 0
58 1461846 0 0 487281 86 6 0 0 0
59 1461852 1 1 974565 1 1 974562 8 0
78 1291545 0 0 430515 0 0 0 0 0
79 1291545 0 0 430515 65 0 0 0 0
80 430515 0 0 0 0 0 0 0 0
95 2564830 0 0 0 0 0 0 0 0
fl=/home/wang/sources/cxx/book/source/main.cxx
fn=auto lob::for_each_type<std::__1::tuple<lob::v0::Book<lob::ChecksumSink>, lob::v1::Book<lob::ChecksumSink>, lob::v2::Book<lob::ChecksumSink>, lob::v3::BookT<lob::ChecksumSink, 16u>, lob::v4::BookT<lob::ChecksumSink, 16u>, lob::v5::BookT<lob::ChecksumSink, 16u>, lob::v7::BookT<lob::ChecksumSink, 16u>, lob::v8::BookT<lob::ChecksumSink, 16u>, lob::v9::BookT<lob::ChecksumSink, 16u>, lob::v10::BookT<lob::ChecksumSink, 16u>, lob::v11::BookT<lob::ChecksumSink, 16u>, lob::v12::BookT<lob::ChecksumSink, 16u>, lob::v13::BookT<lob::ChecksumSink, 16u>, lob::v14::BookT<lob::ChecksumSink, 16u>, lob::v15::BookT<lob::ChecksumSink, 16u>, lob::v16::BookT<lob::ChecksumSink, 16u>, lob::v17::BookT<lob::ChecksumSink, 16u>, lob::v18::BookT<lob::ChecksumSink, 16u> >, (anonymous namespace)::with_version<(anonymous namespace)::cmd_replay((anonymous namespace)::Args const&)::$_0>(std::__1::basic_string_view<char, std::__1::char_traits<char> >, (anonymous namespace)::cmd_replay((anonymous namespace)::Args const&)::$_0&&)::{lambda<typename $T0>()#1}>((anonymous namespace)::with_version<(anonymous namespace)::cmd_replay((anonymous namespace)::Args const&)::$_0>(std::__1::basic_string_view<char, std::__1::char_traits<char> >, (anonymous namespace)::cmd_replay((anonymous namespace)::Args const&)::$_0&&)::{lambda<typename $T0>()#1}&&)::{lambda<unsigned long... $N0>(std::__1::integer_sequence<unsigned long, ($N0)...>)#1}::operator()<0ul, 1ul, 2ul, 3ul, 4ul, 5ul, 6ul, 7ul, 8ul, 9ul, 10ul, 11ul, 12ul, 13ul, 14ul, 15ul, 16ul, 17ul>(std::__1::integer_sequence<unsigned long, 0ul, 1ul, 2ul, 3ul, 4ul, 5ul, 6ul, 7ul, 8ul, 9ul, 10ul, 11ul, 12ul, 13ul, 14ul, 15ul, 16ul, 17ul>) const
294 2 1 1 0 0 0 1 1 1
295 3 0 0 1 1 1 1 1 1
296 9 1 1 0 0 0 6 1 1
fl=/usr/include/c++/v1/__algorithm/comp.h
fn=unsigned int lob::v18::BookT<lob::ChecksumSink, 16u>::match<(lob::Side)0>(unsigned long, long, unsigned int)
41 32396 0 0 32396 1148 0 0 0 0
fn=unsigned int lob::v18::BookT<lob::ChecksumSink, 16u>::match<(lob::Side)1>(unsigned long, long, unsigned int)
41 32041 0 0 32041 1195 0 0 0 0
fl=/usr/include/c++/v1/__bit/countr.h
fn=lob::v16::OrderIndex::alloc(unsigned long)
28 15 5 1 0 0 0 0 0 0
fn=lob::v16::OrderIndex::grow()
28 55552 0 0 0 0 0 0 0 0
fn=lob::v18::BookT<lob::ChecksumSink, 16u>::modify(unsigned long, long, unsigned int)
28 202796 0 0 44880 1 0 0 0 0
fn=unsigned int lob::v18::BookT<lob::ChecksumSink, 16u>::match<(lob::Side)0>(unsigned long, long, unsigned int)
28 112910 0 0 31732 0 0 0 0 0
fn=unsigned int lob::v18::BookT<lob::ChecksumSink, 16u>::match<(lob::Side)1>(unsigned long, long, unsigned int)
28 111217 0 0 31170 0 0 0 0 0
fn=void lob::replay<lob::v18::BookT<lob::ChecksumSink, 16u> >(lob::v18::BookT<lob::ChecksumSink, 16u>&, std::__1::span<lob::Op const, 18446744073709551615ul>)
28 3938828 0 0 1025932 25 0 0 0 0
fl=/usr/include/c++/v1/__iterator/wrap_iter.h
fn=void lob::replay<lob::v18::BookT<lob::ChecksumSink, 16u> >(lob::v18::BookT<lob::ChecksumSink, 16u>&, std::__1::span<lob::Op const, 18446744073709551615ul>)
65 1000000 0 0 0 0 0 0 0 0
125 1000001 0 0 0 0 0 0 0 0
fl=/usr/include/c++/v1/__memory/allocator.h
fn=void lob::replay<lob::v18::BookT<lob::ChecksumSink, 16u> >(lob::v18::BookT<lob::ChecksumSink, 16u>&, std::__1::span<lob::Op const, 18446744073709551615ul>)
100 80 1 1 0 0 0 16 0 0
fl=/usr/include/c++/v1/__memory/construct_at.h
fn=void lob::replay<lob::v18::BookT<lob::ChecksumSink, 16u> >(lob::v18::BookT<lob::ChecksumSink, 16u>&, std::__1::span<lob::Op const, 18446744073709551615ul>)
38 71764 0 0 0 0 0 35882 9020 4811
fl=/usr/include/c++/v1/__memory/uninitialized_algorithms.h
fn=void lob::replay<lob::v18::BookT<lob::ChecksumSink, 16u> >(lob::v18::BookT<lob::ChecksumSink, 16u>&, std::__1::span<lob::Op const, 18446744073709551615ul>)
0 32 0 0 32 8 0 0 0 0
638 96 1 1 0 0 0 32 0 0
fl=/usr/include/c++/v1/__memory/unique_ptr.h
fn=lob::v16::OrderIndex::alloc(unsigned long)
91 5 0 0 0 0 0 5 0 0
287 5 0 0 5 0 0 0 0 0
288 5 0 0 0 0 0 5 0 0
289 10 0 0 0 0 0 0 0 0
606 5 0 0 5 0 0 0 0 0
607 5 0 0 0 0 0 5 0 0
609 10 0 0 0 0 0 0 0 0
765 35 3 1 0 0 0 10 0 0
fn=lob::v16::OrderIndex::grow()
281 5 1 1 5 0 0 0 0 0
282 5 0 0 0 0 0 5 0 0
fn=lob::v18::BookT<lob::ChecksumSink, 16u>::modify(unsigned long, long, unsigned int)
583 5762 0 0 5762 0 0 0 0 0
fn=unsigned int lob::v18::BookT<lob::ChecksumSink, 16u>::match<(lob::Side)0>(unsigned long, long, unsigned int)
583 16790 0 0 16790 0 0 0 0 0
fn=unsigned int lob::v18::BookT<lob::ChecksumSink, 16u>::match<(lob::Side)1>(unsigned long, long, unsigned int)
583 16646 0 0 16646 0 0 0 0 0
fn=void lob::replay<lob::v18::BookT<lob::ChecksumSink, 16u> >(lob::v18::BookT<lob::ChecksumSink, 16u>&, std::__1::span<lob::Op const, 18446744073709551615ul>)
583 456204 0 0 456204 0 0 0 0 0
fl=/usr/include/c++/v1/__new/allocate.h
fn=void lob::replay<lob::v18::BookT<lob::ChecksumSink, 16u> >(lob::v18::BookT<lob::ChecksumSink, 16u>&, std::__1::span<lob::Op const, 18446744073709551615ul>)
0 176 1 1 176 4 0 0 0 0
37 32 0 0 0 0 0 0 0 0
43 96 0 0 0 0 0 32 0 0
63 60 0 0 15 0 0 30 0 0
fl=/usr/include/c++/v1/__split_buffer
fn=void lob::replay<lob::v18::BookT<lob::ChecksumSink, 16u> >(lob::v18::BookT<lob::ChecksumSink, 16u>&, std::__1::span<lob::Op const, 18446744073709551615ul>)
0 15 0 0 15 0 0 0 0 0
334 32 0 0 0 0 0 0 0 0
335 32 0 0 0 0 0 0 0 0
341 64 0 0 0 0 0 0 0 0
fl=/usr/include/c++/v1/__utility/swap.h
fn=void lob::replay<lob::v18::BookT<lob::ChecksumSink, 16u> >(lob::v18::BookT<lob::ChecksumSink, 16u>&, std::__1::span<lob::Op const, 18446744073709551615ul>)
0 16 1 1 16 4 0 0 0 0
44 96 0 0 0 0 0 96 12 0
fl=/usr/include/c++/v1/__vector/vector.h
fn=auto lob::for_each_type<std::__1::tuple<lob::v0::Book<lob::ChecksumSink>, lob::v1::Book<lob::ChecksumSink>, lob::v2::Book<lob::ChecksumSink>, lob::v3::BookT<lob::ChecksumSink, 16u>, lob::v4::BookT<lob::ChecksumSink, 16u>, lob::v5::BookT<lob::ChecksumSink, 16u>, lob::v7::BookT<lob::ChecksumSink, 16u>, lob::v8::BookT<lob::ChecksumSink, 16u>, lob::v9::BookT<lob::ChecksumSink, 16u>, lob::v10::BookT<lob::ChecksumSink, 16u>, lob::v11::BookT<lob::ChecksumSink, 16u>, lob::v12::BookT<lob::ChecksumSink, 16u>, lob::v13::BookT<lob::ChecksumSink, 16u>, lob::v14::BookT<lob::ChecksumSink, 16u>, lob::v15::BookT<lob::ChecksumSink, 16u>, lob::v16::BookT<lob::ChecksumSink, 16u>, lob::v17::BookT<lob::ChecksumSink, 16u>, lob::v18::BookT<lob::ChecksumSink, 16u> >, (anonymous namespace)::with_version<(anonymous namespace)::cmd_replay((anonymous namespace)::Args const&)::$_0>(std::__1::basic_string_view<char, std::__1::char_traits<char> >, (anonymous namespace)::cmd_replay((anonymous namespace)::Args const&)::$_0&&)::{lambda<typename $T0>()#1}>((anonymous namespace)::with_version<(anonymous namespace)::cmd_replay((anonymous namespace)::Args const&)::$_0>(std::__1::basic_string_view<char, std::__1::char_traits<char> >, (anonymous namespace)::cmd_replay((anonymous namespace)::Args const&)::$_0&&)::{lambda<typename $T0>()#1}&&)::{lambda<unsigned long... $N0>(std::__1::integer_sequence<unsigned long, ($N0)...>)#1}::operator()<0ul, 1ul, 2ul, 3ul, 4ul, 5ul, 6ul, 7ul, 8ul, 9ul, 10ul, 11ul, 12ul, 13ul, 14ul, 15ul, 16ul, 17ul>(std::__1::integer_sequence<unsigned long, 0ul, 1ul, 2ul, 3ul, 4ul, 5ul, 6ul, 7ul, 8ul, 9ul, 10ul, 11ul, 12ul, 13ul, 14ul, 15ul, 16ul, 17ul>) const
388 5 1 1 1 0 0 0 0 0
449 1 0 0 1 1 1 0 0 0
fn=lob::v18::BookT<lob::ChecksumSink, 16u>::modify(unsigned long, long, unsigned int)
407 83390 0 0 33356 0 0 0 0 0
411 226072 0 0 56518 0 0 0 0 0
fn=unsigned int lob::v18::BookT<lob::ChecksumSink, 16u>::match<(lob::Side)0>(unsigned long, long, unsigned int)
407 146374 0 0 81582 0 0 0 0 0
fn=unsigned int lob::v18::BookT<lob::ChecksumSink, 16u>::match<(lob::Side)1>(unsigned long, long, unsigned int)
407 144810 0 0 80728 0 0 0 0 0
fn=void lob::replay<lob::v18::BookT<lob::ChecksumSink, 16u> >(lob::v18::BookT<lob::ChecksumSink, 16u>&, std::__1::span<lob::Op const, 18446744073709551615ul>)
0 89881 2 2 17989 0 0 35962 0 0
388 53887 1 1 17957 0 0 0 0 0
391 32 0 0 0 0 0 0 0 0
407 3222716 1 1 935734 0 0 0 0 0
475 35850 0 0 0 0 0 0 0 0
844 64 0 0 0 0 0 0 0 0
902 64 0 0 0 0 0 0 0 0
905 208 0 0 0 0 0 0 0 0
1128 32 1 1 0 0 0 0 0 0
1131 64 1 1 0 0 0 0 0 0
1145 17941 1 1 17941 4 0 0 0 0
1146 161469 0 0 35882 0 0 53823 0 0
1149 35850 0 0 0 0 0 0 0 0
1152 35882 0 0 0 0 0 35882 0 0
fl=/usr/include/c++/v1/map
fn=unsigned int lob::v18::BookT<lob::ChecksumSink, 16u>::match<(lob::Side)0>(unsigned long, long, unsigned int)
1031 31732 0 0 15866 0 0 0 0 0
fn=unsigned int lob::v18::BookT<lob::ChecksumSink, 16u>::match<(lob::Side)1>(unsigned long, long, unsigned int)
1031 31170 0 0 15585 0 0 0 0 0
fl=???
fn=???
0 385 15 15 251 101 12 10 0 0
fn=operator delete(void*)
0 175 0 0 35 0 0 35 0 0
fn=operator delete(void*, std::align_val_t)
0 25 1 1 5 0 0 5 0 0
fn=operator delete(void*, unsigned long)
0 150 1 1 30 0 0 30 0 0
fn=operator delete[](void*)
0 25 0 0 5 0 0 5 0 0
fn=operator new(unsigned long)
0 629 2 2 111 0 0 148 1 1
fn=operator new(unsigned long, std::align_val_t)
0 135 3 3 20 0 0 20 0 0
fn=operator new[](unsigned long)
0 25 0 0 5 0 0 5 0 0
summary: 169262038 394 363 39285604 1697581 375210 17513159 1915886 29432
