==73508== Cachegrind, a high-precision tracing profiler
==73508== Copyright (C) 2002-2017, and GNU GPL'd, by Nicholas Nethercote et al.
==73508== Using Valgrind-3.22.0 and LibVEX; rerun with -h for copyright info
==73508== Command: /home/wang/sources/cxx/book/build/profile/book replay --workload data/syn_deep_s42.ops --version v10
==73508== 
==73508== 
==73508== I refs:        206,032,121
==73508== I1  misses:            308
==73508== LLi misses:            308
==73508== I1  miss rate:        0.00%
==73508== LLi miss rate:        0.00%
==73508== 
==73508== D refs:         82,381,528  (54,376,186 rd   + 28,005,342 wr)
==73508== D1  misses:      4,044,416  ( 2,404,116 rd   +  1,640,300 wr)
==73508== LLd misses:        415,143  (   375,238 rd   +     39,905 wr)
==73508== D1  miss rate:         4.9% (       4.4%     +        5.9%  )
==73508== LLd miss rate:         0.5% (       0.7%     +        0.1%  )
==73508== 
==73508== LL refs:         4,044,724  ( 2,404,424 rd   +  1,640,300 wr)
==73508== LL misses:         415,451  (   375,546 rd   +     39,905 wr)
==73508== LL miss rate:          0.1% (       0.1%     +        0.1%  )
