==16024== Cachegrind, a high-precision tracing profiler
==16024== Copyright (C) 2002-2017, and GNU GPL'd, by Nicholas Nethercote et al.
==16024== Using Valgrind-3.22.0 and LibVEX; rerun with -h for copyright info
==16024== Command: /home/wang/sources/cxx/book/build/profile/book replay --workload data/syn_default_s42.ops --version v1
==16024== 
==16024== 
==16024== I refs:        290,788,704
==16024== I1  misses:            261
==16024== LLi misses:            261
==16024== I1  miss rate:        0.00%
==16024== LLi miss rate:        0.00%
==16024== 
==16024== D refs:        125,809,437  (82,260,016 rd   + 43,549,421 wr)
==16024== D1  misses:      2,668,919  ( 1,552,832 rd   +  1,116,087 wr)
==16024== LLd misses:        381,283  (   375,137 rd   +      6,146 wr)
==16024== D1  miss rate:         2.1% (       1.9%     +        2.6%  )
==16024== LLd miss rate:         0.3% (       0.5%     +        0.0%  )
==16024== 
==16024== LL refs:         2,669,180  ( 1,553,093 rd   +  1,116,087 wr)
==16024== LL misses:         381,544  (   375,398 rd   +      6,146 wr)
==16024== LL miss rate:          0.1% (       0.1%     +        0.0%  )
