==50961== Cachegrind, a high-precision tracing profiler
==50961== Copyright (C) 2002-2017, and GNU GPL'd, by Nicholas Nethercote et al.
==50961== Using Valgrind-3.22.0 and LibVEX; rerun with -h for copyright info
==50961== Command: /home/wang/sources/cxx/book/build/profile/book replay --workload data/syn_aggressive_s42.ops --version v4
==50961== 
==50961== 
==50961== I refs:        224,281,689
==50961== I1  misses:            235
==50961== LLi misses:            235
==50961== I1  miss rate:        0.00%
==50961== LLi miss rate:        0.00%
==50961== 
==50961== D refs:         89,284,100  (59,718,911 rd   + 29,565,189 wr)
==50961== D1  misses:      1,901,830  ( 1,053,478 rd   +    848,352 wr)
==50961== LLd misses:        378,763  (   375,132 rd   +      3,631 wr)
==50961== D1  miss rate:         2.1% (       1.8%     +        2.9%  )
==50961== LLd miss rate:         0.4% (       0.6%     +        0.0%  )
==50961== 
==50961== LL refs:         1,902,065  ( 1,053,713 rd   +    848,352 wr)
==50961== LL misses:         378,998  (   375,367 rd   +      3,631 wr)
==50961== LL miss rate:          0.1% (       0.1%     +        0.0%  )
