==100692== Cachegrind, a high-precision tracing profiler
==100692== Copyright (C) 2002-2017, and GNU GPL'd, by Nicholas Nethercote et al.
==100692== Using Valgrind-3.22.0 and LibVEX; rerun with -h for copyright info
==100692== Command: /home/wang/sources/cxx/book/build/profile/book replay --workload data/syn_deep_s42.ops --version v17
==100692== 
==100692== 
==100692== I refs:        166,645,197
==100692== I1  misses:            355
==100692== LLi misses:            353
==100692== I1  miss rate:        0.00%
==100692== LLi miss rate:        0.00%
==100692== 
==100692== D refs:         61,559,725  (41,116,711 rd   + 20,443,014 wr)
==100692== D1  misses:      3,405,057  ( 1,897,673 rd   +  1,507,384 wr)
==100692== LLd misses:        414,690  (   375,211 rd   +     39,479 wr)
==100692== D1  miss rate:         5.5% (       4.6%     +        7.4%  )
==100692== LLd miss rate:         0.7% (       0.9%     +        0.2%  )
==100692== 
==100692== LL refs:         3,405,412  ( 1,898,028 rd   +  1,507,384 wr)
==100692== LL misses:         415,043  (   375,564 rd   +     39,479 wr)
==100692== LL miss rate:          0.2% (       0.2%     +        0.2%  )
