desc: I1 cache:         32768 B, 64 B, 8-way associative
desc: D1 cache:         49152 B, 64 B, 12-way associative
desc: LL cache:         6291456 B, 64 B, 12-way associative
cmd: /home/wang/sources/cxx/book/build/profile/book replay --workload data/itch12302019_SPY.ops --version v19
events: Ir I1mr ILmr Dr D1mr DLmr Dw D1mw DLmw 
fl=./elf/../sysdeps/generic/dl-new-hash.h
fn=_dl_lookup_symbol_x
69 2 0 0 0 0 0 0 0 0
70 4 0 0 0 0 0 0 0 0
74 15 0 0 15 1 1 0 0 0
77 30 0 0 0 0 0 0 0 0
80 14 0 0 14 0 0 0 0 0
81 28 0 0 0 0 0 0 0 0
87 1 1 1 0 0 0 0 0 0
88 1 0 0 0 0 0 0 0 0
89 2 0 0 0 0 0 0 0 0
90 1 0 0 0 0 0 0 0 0
99 13 0 0 0 0 0 0 0 0
101 13 0 0 0 0 0 0 0 0
102 26 0 0 0 0 0 0 0 0
104 13 1 1 0 0 0 0 0 0
105 13 0 0 0 0 0 0 0 0
fl=./elf/../sysdeps/generic/dl-protected.h
fn=do_lookup_x
29 8 0 0 0 0 0 0 0 0
fl=./elf/../sysdeps/generic/ldsodefs.h
fn=do_lookup_x
139 4 0 0 2 0 0 0 0 0
140 6 0 0 0 0 0 0 0 0
fl=./elf/../sysdeps/x86_64/dl-machine.h
fn=_dl_fixup
234 2 0 0 0 0 0 2 0 0
fl=./elf/../sysdeps/x86_64/dl-runtime.h
fn=_dl_fixup
28 2 0 0 0 0 0 0 0 0
fl=./elf/../sysdeps/x86_64/dl-trampoline.h
fn=_dl_runtime_resolve_xsave
71 2 1 1 0 0 0 0 0 0
76 2 0 0 0 0 0 2 0 0
79 2 0 0 0 0 0 0 0 0
81 2 0 0 0 0 0 0 0 0
91 2 0 0 2 1 1 0 0 0
97 2 0 0 0 0 0 2 1 1
98 2 0 0 0 0 0 2 0 0
99 2 1 1 0 0 0 2 0 0
100 2 0 0 0 0 0 2 0 0
101 2 0 0 0 0 0 2 0 0
102 2 0 0 0 0 0 2 0 0
103 2 0 0 0 0 0 2 0 0
107 2 0 0 0 0 0 0 0 0
108 2 0 0 0 0 0 0 0 0
111 2 0 0 0 0 0 2 1 0
112 2 0 0 0 0 0 2 0 0
114 2 0 0 0 0 0 2 0 0
115 2 0 0 0 0 0 2 0 0
116 2 1 1 0 0 0 2 0 0
117 2 0 0 0 0 0 2 0 0
118 2 0 0 0 0 0 2 0 0
119 2 0 0 0 0 0 2 0 0
121 2 0 0 2 0 0 66 8 6
128 2 0 0 2 0 0 0 0 0
129 2 0 0 2 0 0 0 0 0
130 2 0 0 0 0 0 2 1 1
131 2 0 0 0 0 0 0 0 0
136 2 0 0 0 0 0 0 0 0
137 2 0 0 0 0 0 0 0 0
138 2 0 0 72 0 0 0 0 0
140 2 1 1 2 0 0 0 0 0
141 2 0 0 2 0 0 0 0 0
142 2 0 0 2 0 0 0 0 0
143 2 0 0 2 0 0 0 0 0
144 2 0 0 2 0 0 0 0 0
145 2 0 0 2 0 0 0 0 0
146 2 0 0 2 0 0 0 0 0
148 2 0 0 0 0 0 0 0 0
150 2 0 0 2 0 0 0 0 0
154 2 0 0 0 0 0 0 0 0
156 2 0 0 0 0 0 0 0 0
fl=./elf/./elf/dl-lookup.c
fn=_dl_lookup_symbol_x
772 26 2 2 0 0 0 18 3 3
774 4 0 0 0 0 0 2 0 0
775 8 0 0 0 0 0 2 0 0
778 2 0 0 2 1 1 0 0 0
782 4 0 0 0 0 0 0 0 0
785 4 1 1 2 0 0 0 0 0
787 4 0 0 4 0 0 0 0 0
791 28 0 0 0 0 0 6 0 0
792 34 2 2 14 0 0 14 1 1
797 10 0 0 4 0 0 0 0 0
816 2 0 0 0 0 0 2 0 0
820 4 0 0 2 0 0 0 0 0
821 14 0 0 2 0 0 0 0 0
828 2 0 0 2 0 0 0 0 0
856 8 1 1 2 0 0 0 0 0
870 6 0 0 2 1 1 0 0 0
873 4 0 0 2 0 0 0 0 0
890 8 0 0 2 0 0 0 0 0
892 18 1 1 14 0 0 0 0 0
fn=check_match
70 30 1 1 4 2 2 12 1 1
73 16 1 1 4 0 0 0 0 0
86 10 0 0 0 0 0 0 0 0
89 16 1 1 4 0 0 2 0 0
93 2 0 0 2 1 1 0 0 0
94 4 0 0 0 0 0 0 0 0
144 4 1 1 0 0 0 0 0 0
146 12 0 0 4 2 2 0 0 0
147 8 1 1 0 0 0 0 0 0
161 2 0 0 0 0 0 0 0 0
162 16 0 0 14 0 0 0 0 0
fn=do_lookup_x
347 28 2 2 4 0 0 20 2 2
348 2 0 0 2 1 1 0 0 0
353 2 0 0 0 0 0 0 0 0
354 2 0 0 2 0 0 0 0 0
358 16 1 1 16 6 6 0 0 0
361 16 0 0 0 0 0 0 0 0
365 20 0 0 2 0 0 0 0 0
386 16 1 1 8 3 3 0 0 0
390 16 0 0 8 1 1 0 0 0
396 24 0 0 8 3 3 0 0 0
400 8 0 0 0 0 0 8 0 0
401 8 0 0 0 0 0 8 0 0
404 40 0 0 24 6 6 0 0 0
405 24 1 1 16 2 2 0 0 0
408 8 0 0 8 0 0 0 0 0
409 16 0 0 0 0 0 0 0 0
411 8 0 0 8 6 6 0 0 0
412 6 0 0 0 0 0 2 0 0
413 16 0 0 16 0 0 0 0 0
415 14 1 1 2 0 0 4 0 0
416 32 0 0 16 0 0 0 0 0
419 56 0 0 8 0 0 0 0 0
422 4 0 0 4 2 2 0 0 0
423 6 1 1 2 0 0 0 0 0
424 4 0 0 0 0 0 0 0 0
426 4 0 0 2 0 0 0 0 0
429 15 1 1 3 2 2 0 0 0
431 6 0 0 2 0 0 0 0 0
432 50 2 2 14 0 0 26 2 2
433 4 0 0 0 0 0 0 0 0
436 6 0 0 0 0 0 0 0 0
439 3 0 0 0 0 0 0 0 0
461 16 1 1 12 0 0 0 0 0
476 4 1 1 0 0 0 0 0 0
483 8 0 0 2 0 0 0 0 0
487 6 1 1 2 1 1 0 0 0
499 4 0 0 2 0 0 2 0 0
500 2 0 0 0 0 0 2 0 0
501 2 0 0 0 0 0 0 0 0
518 18 0 0 0 0 0 0 0 0
522 16 0 0 14 0 0 0 0 0
fl=./elf/./elf/dl-runtime.c
fn=_dl_fixup
46 22 2 2 0 0 0 12 0 0
48 10 0 0 8 4 4 0 0 0
49 6 1 1 4 1 1 0 0 0
54 2 0 0 2 1 1 0 0 0
55 8 0 0 2 1 1 0 0 0
56 14 0 0 2 2 2 2 1 1
58 4 0 0 2 0 0 0 0 0
63 4 0 0 0 0 0 0 0 0
67 4 0 0 2 2 2 0 0 0
69 4 0 0 0 0 0 0 0 0
71 6 1 1 2 1 1 0 0 0
75 6 0 0 4 3 3 0 0 0
76 8 0 0 2 0 0 0 0 0
77 6 0 0 2 1 1 0 0 0
84 2 1 1 0 0 0 0 0 0
85 6 0 0 2 0 0 0 0 0
95 22 0 0 4 1 1 6 0 0
99 10 1 1 6 0 0 0 0 0
109 20 0 0 8 0 0 2 0 0
124 8 1 1 2 0 0 0 0 0
133 6 0 0 2 1 1 0 0 0
159 6 0 0 2 0 0 0 0 0
163 16 1 1 14 0 0 0 0 0
fl=./malloc/./malloc/arena.c
fn=_mid_memalign.isra.0
153 6 0 0 0 0 0 0 0 0
fn=free
153 66 0 0 0 0 0 0 0 0
fn=malloc
153 32 0 0 0 0 0 0 0 0
fl=./malloc/./malloc/malloc.c
fn=_int_free
1792 7 0 0 7 3 1 0 0 0
1992 6 1 1 2 0 0 0 0 0
3163 30 1 1 15 0 0 15 0 0
3165 60 0 0 15 6 4 15 0 0
3166 15 0 0 0 0 0 15 0 0
3167 30 0 0 0 0 0 15 0 0
4495 154 1 1 0 0 0 88 0 0
4499 66 1 1 22 0 0 0 0 0
4505 88 0 0 0 0 0 0 0 0
4506 44 0 0 0 0 0 0 0 0
4510 110 0 0 0 0 0 0 0 0
4517 44 0 0 0 0 0 0 0 0
4518 132 1 1 66 4 1 0 0 0
4521 17 0 0 0 0 0 0 0 0
4527 51 0 0 34 6 2 0 0 0
4547 85 1 1 34 5 1 0 0 0
4550 15 0 0 0 0 0 0 0 0
4561 14 0 0 0 0 0 0 0 0
4572 8 0 0 2 0 0 0 0 0
4574 6 0 0 2 1 1 0 0 0
4593 2 0 0 0 0 0 0 0 0
4595 2 0 0 0 0 0 2 1 1
4596 2 0 0 0 0 0 0 0 0
4600 6 0 0 2 0 0 0 0 0
4602 4 0 0 2 1 1 0 0 0
4606 4 0 0 0 0 0 0 0 0
4608 6 0 0 0 0 0 2 0 0
4609 2 0 0 0 0 0 2 0 0
4628 8 0 0 0 0 0 0 0 0
4637 10 0 0 5 0 0 0 0 0
4640 10 0 0 5 3 0 0 0 0
4643 10 1 1 0 0 0 0 0 0
4646 10 0 0 0 0 0 0 0 0
4658 127 1 1 105 0 0 0 0 0
fn=_int_free_maybe_consolidate
4770 99 1 1 9 2 0 63 0 0
4776 18 0 0 0 0 0 0 0 0
4778 8 0 0 2 0 0 0 0 0
4781 6 0 0 0 0 0 0 0 0
4784 10 2 2 6 2 1 0 0 0
4798 99 1 1 81 0 0 0 0 0
fn=_int_free_merge_chunk
1992 21 0 0 7 0 0 0 0 0
4665 56 1 1 0 0 0 42 0 0
4666 7 0 0 0 0 0 0 0 0
4670 42 0 0 7 2 0 0 0 0
4673 28 1 1 7 2 0 0 0 0
4675 21 1 1 7 4 0 0 0 0
4678 21 0 0 7 1 0 0 0 0
4681 14 0 0 0 0 0 0 0 0
4682 14 0 0 0 0 0 0 0 0
4683 14 0 0 7 4 0 0 0 0
4689 14 1 1 7 0 0 0 0 0
4691 2 0 0 2 0 0 0 0 0
4692 2 0 0 0 0 0 0 0 0
4693 2 0 0 0 0 0 0 0 0
4694 8 0 0 2 0 0 0 0 0
4696 4 0 0 0 0 0 2 0 0
4701 21 0 0 0 0 0 0 0 0
4702 49 0 0 42 0 0 0 0 0
4714 14 0 0 7 0 0 0 0 0
4720 12 0 0 6 1 0 0 0 0
4721 4 1 1 0 0 0 2 0 0
4722 4 0 0 0 0 0 0 0 0
4724 4 0 0 4 0 0 0 0 0
4732 6 0 0 0 0 0 0 0 0
4733 24 1 1 6 0 0 0 0 0
4734 12 0 0 6 0 0 0 0 0
4736 6 0 0 0 0 0 6 1 0
4738 12 0 0 0 0 0 0 0 0
4740 12 0 0 0 0 0 4 0 0
4743 6 0 0 0 0 0 6 0 0
4744 6 0 0 0 0 0 6 0 0
4746 18 0 0 0 0 0 6 0 0
4747 6 1 1 0 0 0 6 0 0
4756 1 0 0 0 0 0 0 0 0
4757 3 0 0 0 0 0 1 0 0
4758 2 0 0 0 0 0 1 0 0
fn=_int_malloc
1326 38 0 0 0 0 0 0 0 0
1345 114 0 0 0 0 0 0 0 0
1794 19 1 1 19 0 0 0 0 0
1985 21 1 1 7 0 0 0 0 0
2552 6 0 0 2 2 1 2 0 0
2564 2 1 1 1 1 0 0 0 0
2565 3 0 0 2 0 0 0 0 0
2568 4 0 0 1 0 0 0 0 0
2576 6 0 0 1 0 0 2 1 0
2577 2 0 0 0 0 0 0 0 0
3846 209 2 2 19 7 1 133 5 1
3887 38 0 0 0 0 0 0 0 0
3914 38 0 0 0 0 0 0 0 0
3916 36 0 0 0 0 0 0 0 0
3919 9 0 0 9 3 1 0 0 0
3921 18 0 0 0 0 0 0 0 0
3930 27 2 2 0 0 0 0 0 0
3977 20 1 1 0 0 0 0 0 0
3979 30 0 0 0 0 0 0 0 0
3980 22 1 1 0 0 0 0 0 0
3982 33 0 0 11 4 2 0 0 0
4039 100 1 1 0 0 0 0 0 0
4040 24 0 0 8 4 0 0 0 0
4058 57 1 1 19 0 0 0 0 0
4059 57 0 0 0 0 0 19 5 1
4060 57 1 1 38 4 0 0 0 0
4069 26 0 0 0 0 0 13 0 0
4070 130 1 1 30 7 1 19 0 0
4072 16 0 0 16 0 0 0 0 0
4073 32 0 0 16 6 0 0 0 0
4074 16 0 0 0 0 0 0 0 0
4076 32 0 0 0 0 0 0 0 0
4077 48 1 1 16 5 0 0 0 0
4079 16 0 0 16 6 0 0 0 0
4080 64 0 0 0 0 0 0 0 0
4082 64 0 0 16 0 0 0 0 0
4084 32 1 1 16 1 0 0 0 0
4085 32 0 0 16 0 0 0 0 0
4087 32 0 0 0 0 0 0 0 0
4098 64 0 0 0 0 0 0 0 0
4099 16 1 1 8 0 0 0 0 0
4100 10 0 0 0 0 0 0 0 0
4101 5 0 0 0 0 0 0 0 0
4104 5 0 0 0 0 0 0 0 0
4105 5 1 1 0 0 0 0 0 0
4106 5 0 0 0 0 0 5 0 0
4107 15 0 0 0 0 0 5 0 0
4108 15 1 1 0 0 0 5 5 0
4109 10 0 0 0 0 0 0 0 0
4111 10 0 0 0 0 0 5 0 0
4115 40 0 0 0 0 0 5 0 0
4117 15 1 1 0 0 0 5 0 0
4118 5 0 0 0 0 0 5 0 0
4121 5 0 0 0 0 0 0 0 0
4122 15 0 0 0 0 0 5 1 0
4123 5 0 0 0 0 0 0 0 0
4127 11 0 0 0 0 0 11 0 0
4128 11 0 0 0 0 0 11 0 0
4132 22 0 0 0 0 0 0 0 0
4161 23 2 2 0 0 0 0 0 0
4163 4 1 1 0 0 0 2 0 0
4164 8 0 0 0 0 0 0 0 0
4165 2 0 0 2 2 0 0 0 0
4169 143 2 2 0 0 0 9 0 0
4170 27 1 1 0 0 0 0 0 0
4171 9 0 0 9 7 3 0 0 0
4174 18 0 0 0 0 0 0 0 0
4218 36 0 0 0 0 0 9 1 0
4221 77 1 1 22 5 0 0 0 0
4222 11 0 0 0 0 0 11 0 0
4223 11 0 0 0 0 0 11 0 0
4224 11 0 0 0 0 0 11 0 0
4225 11 0 0 0 0 0 11 0 0
4230 22 0 0 22 0 0 0 0 0
4231 22 0 0 0 0 0 0 0 0
4240 44 1 1 22 0 0 0 0 0
4246 16 0 0 0 0 0 0 0 0
4257 42 1 1 0 0 0 0 0 0
4259 32 0 0 0 0 0 0 0 0
4262 24 0 0 8 8 6 0 0 0
4263 14 1 1 0 0 0 0 0 0
4330 14 0 0 0 0 0 0 0 0
4331 28 0 0 0 0 0 0 0 0
4332 28 0 0 0 0 0 0 0 0
4333 28 0 0 14 2 1 0 0 0
4334 84 0 0 0 0 0 0 0 0
4339 74 1 1 0 0 0 0 0 0
4343 70 1 1 0 0 0 0 0 0
4346 60 1 1 15 0 0 0 0 0
4348 20 0 0 0 0 0 0 0 0
4349 10 0 0 0 0 0 0 0 0
4353 180 0 0 0 0 0 0 0 0
4355 78 0 0 0 0 0 0 0 0
4357 156 0 0 0 0 0 0 0 0
4361 12 0 0 12 7 0 0 0 0
4364 24 0 0 0 0 0 0 0 0
4366 25 0 0 0 0 0 5 0 0
4367 5 0 0 0 0 0 0 0 0
4368 5 0 0 0 0 0 0 0 0
4373 28 1 1 7 4 0 0 0 0
4376 14 0 0 0 0 0 0 0 0
4378 21 1 1 0 0 0 7 0 0
4381 21 0 0 0 0 0 14 3 0
4384 28 0 0 14 0 0 0 0 0
4386 1 0 0 1 0 0 0 0 0
4387 3 1 1 0 0 0 0 0 0
4394 6 0 0 0 0 0 0 0 0
4399 24 0 0 6 0 0 0 0 0
4400 12 1 1 6 0 0 0 0 0
4403 6 0 0 0 0 0 6 6 0
4404 6 0 0 0 0 0 6 0 0
4405 6 0 0 0 0 0 6 0 0
4408 12 0 0 0 0 0 0 0 0
4409 2 0 0 0 0 0 2 0 0
4410 12 0 0 0 0 0 0 0 0
4412 12 0 0 0 0 0 6 2 0
4415 48 0 0 0 0 0 6 0 0
4417 18 0 0 0 0 0 6 0 0
4418 6 0 0 0 0 0 6 0 0
4421 7 0 0 0 0 0 0 0 0
4443 7 1 1 7 0 0 0 0 0
4444 14 0 0 7 2 0 0 0 0
4446 14 0 0 7 1 1 0 0 0
4449 21 0 0 0 0 0 0 0 0
4451 6 0 0 0 0 0 0 0 0
4452 12 1 1 0 0 0 0 0 0
4453 6 0 0 0 0 0 6 0 0
4454 48 1 1 0 0 0 6 0 0
4456 12 0 0 0 0 0 6 6 6
4459 12 0 0 0 0 0 0 0 0
4460 21 0 0 0 0 0 7 2 1
4461 7 0 0 0 0 0 0 0 0
4466 4 0 0 1 0 0 1 0 0
4482 2 0 0 0 0 0 0 0 0
4487 228 2 2 171 0 0 0 0 0
fn=_int_memalign
1326 6 0 0 0 0 0 0 0 0
1345 24 1 1 0 0 0 0 0 0
4714 4 0 0 0 0 0 0 0 0
4756 2 1 1 0 0 0 0 0 0
4757 6 0 0 0 0 0 2 0 0
4758 4 0 0 0 0 0 2 0 0
5039 24 1 1 0 0 0 18 2 0
5069 12 0 0 0 0 0 6 0 0
5071 9 0 0 3 0 0 0 0 0
5074 3 0 0 0 0 0 0 0 0
5076 12 0 0 0 0 0 0 0 0
5083 15 1 1 0 0 0 0 0 0
5085 12 0 0 0 0 0 0 0 0
5086 2 0 0 0 0 0 0 0 0
5089 4 0 0 0 0 0 0 0 0
5090 12 0 0 3 0 0 0 0 0
5093 6 0 0 0 0 0 0 0 0
5095 2 0 0 1 0 0 1 0 0
5096 2 0 0 0 0 0 1 0 0
5097 1 0 0 0 0 0 0 0 0
5101 20 1 1 0 0 0 4 2 2
5103 2 0 0 2 0 0 0 0 0
5104 10 0 0 2 0 0 2 0 0
5105 4 0 0 0 0 0 2 0 0
5106 2 0 0 0 0 0 0 0 0
5108 18 1 1 2 0 0 0 0 0
5113 6 0 0 2 0 0 0 0 0
5115 4 0 0 0 0 0 0 0 0
5116 2 0 0 0 0 0 0 0 0
5117 4 0 0 2 0 0 0 0 0
5118 4 0 0 0 0 0 0 0 0
5120 2 0 0 0 0 0 0 0 0
5121 4 0 0 0 0 0 0 0 0
5122 2 1 1 2 0 0 0 0 0
5129 2 0 0 0 0 0 0 0 0
5130 6 2 2 0 0 0 2 0 0
5134 6 1 1 0 0 0 2 0 0
5140 2 0 0 0 0 0 0 0 0
5141 27 0 0 21 0 0 0 0 0
fn=_mid_memalign.isra.0
1326 6 0 0 0 0 0 0 0 0
1345 15 0 0 0 0 0 0 0 0
3575 21 1 1 0 0 0 12 0 0
3581 6 1 1 0 0 0 0 0 0
3585 6 0 0 0 0 0 0 0 0
3590 9 2 2 0 0 0 0 0 0
3598 9 0 0 0 0 0 0 0 0
3615 9 0 0 0 0 0 0 0 0
3617 6 1 1 3 2 0 0 0 0
3638 6 0 0 3 2 0 0 0 0
3640 15 1 1 0 0 0 3 0 0
3641 15 1 1 3 0 0 0 0 0
3643 6 1 1 0 0 0 0 0 0
3662 18 0 0 15 0 0 0 0 0
fn=aligned_alloc
3556 21 1 1 0 0 0 9 1 0
3557 6 0 0 3 2 0 0 0 0
3564 15 0 0 0 0 0 0 0 0
3571 9 0 0 0 0 0 0 0 0
3572 9 1 1 9 0 0 0 0 0
fn=alloc_perturb
1985 36 1 1 12 0 0 0 0 0
1987 12 0 0 12 0 0 0 0 0
fn=free
3359 154 2 2 0 0 0 88 0 0
3363 44 0 0 0 0 0 0 0 0
3371 44 0 0 44 16 4 0 0 0
3373 22 0 0 0 0 0 0 0 0
3375 66 0 0 22 8 2 0 0 0
3392 66 0 0 44 8 2 0 0 0
3398 66 1 1 0 0 0 22 4 1
3401 22 0 0 0 0 0 22 0 0
3402 132 0 0 110 0 0 0 0 0
fn=malloc
1326 42 0 0 0 0 0 0 0 0
1345 105 1 1 0 0 0 0 0 0
3178 10 0 0 5 1 1 0 0 0
3182 10 0 0 0 0 0 0 0 0
3186 20 1 1 5 1 1 5 0 0
3190 10 0 0 0 0 0 5 0 0
3191 5 0 0 0 0 0 5 0 0
3294 168 1 1 0 0 0 84 6 2
3301 42 0 0 21 5 1 0 0 0
3311 42 0 0 0 0 0 0 0 0
3313 84 0 0 42 10 2 0 0 0
3316 42 0 0 21 5 1 0 0 0
3318 51 1 1 17 6 2 0 0 0
3326 32 1 1 16 5 1 0 0 0
3328 64 0 0 0 0 0 16 0 0
3329 80 1 1 16 0 0 0 0 0
3354 126 1 1 105 0 0 0 0 0
fn=sysmalloc_mmap.isra.0
2008 4 0 0 1 0 0 0 0 0
2400 6 1 1 0 0 0 4 0 0
2413 3 0 0 0 0 0 0 0 0
2418 2 0 0 0 0 0 0 0 0
2421 10 1 1 0 0 0 1 1 0
2424 2 1 1 0 0 0 0 0 0
2428 2 0 0 0 0 0 0 0 0
2432 4 0 0 0 0 0 1 0 0
2448 3 0 0 0 0 0 0 0 0
2466 1 0 0 0 0 0 1 1 1
2467 3 1 1 0 0 0 1 0 0
2471 3 0 0 2 0 0 0 0 0
2472 5 0 0 2 0 0 0 0 0
2475 3 1 1 2 0 0 0 0 0
2476 5 0 0 2 0 0 0 0 0
2481 7 0 0 5 0 0 0 0 0
fn=unlink_chunk.isra.0
1608 22 1 1 0 0 0 11 0 0
1610 55 0 0 22 5 0 0 0 0
1613 22 0 0 22 1 0 0 0 0
1614 22 0 0 11 0 0 0 0 0
1616 44 1 1 22 2 0 0 0 0
1619 11 0 0 0 0 0 11 0 0
1620 11 0 0 0 0 0 11 0 0
1621 46 0 0 8 2 0 0 0 0
1623 16 0 0 8 0 0 0 0 0
1624 24 0 0 16 0 0 0 0 0
1627 16 0 0 8 2 1 0 0 0
1641 8 0 0 0 0 0 8 0 0
1642 8 0 0 0 0 0 8 0 0
1645 22 1 1 22 0 0 0 0 0
fl=./misc/../sysdeps/unix/sysv/linux/mmap64.c
fn=mmap
47 7 1 1 0 0 0 3 0 0
50 2 0 0 0 0 0 0 0 0
53 7 1 1 0 0 0 0 0 0
58 6 1 1 0 0 0 0 0 0
60 4 0 0 4 0 0 0 0 0
fl=./misc/../sysdeps/unix/sysv/linux/setvmaname.c
fn=__set_vma_name
33 7 2 2 0 0 0 4 0 0
35 5 0 0 2 1 1 1 0 0
49 9 0 0 7 0 0 0 0 0
fl=./string/../sysdeps/x86_64/multiarch/../multiarch/strcmp-sse2.S
fn=strcmp
98 2 1 1 0 0 0 0 0 0
131 2 0 0 0 0 0 0 0 0
132 2 0 0 0 0 0 0 0 0
134 2 0 0 0 0 0 0 0 0
135 2 0 0 0 0 0 0 0 0
156 2 0 0 0 0 0 0 0 0
157 2 0 0 0 0 0 0 0 0
158 2 0 0 0 0 0 0 0 0
159 2 0 0 0 0 0 0 0 0
160 2 0 0 2 2 2 0 0 0
161 2 1 1 2 0 0 0 0 0
162 2 0 0 2 0 0 0 0 0
163 2 0 0 2 0 0 0 0 0
180 2 0 0 0 0 0 0 0 0
181 2 0 0 0 0 0 0 0 0
182 2 0 0 0 0 0 0 0 0
183 2 0 0 0 0 0 0 0 0
184 2 0 0 0 0 0 0 0 0
185 2 0 0 0 0 0 0 0 0
186 2 0 0 0 0 0 0 0 0
191 1 0 0 0 0 0 0 0 0
192 3 0 0 0 0 0 0 0 0
201 1 1 1 0 0 0 0 0 0
202 1 0 0 0 0 0 0 0 0
203 1 0 0 0 0 0 0 0 0
204 1 0 0 0 0 0 0 0 0
205 1 0 0 0 0 0 0 0 0
206 1 0 0 0 0 0 0 0 0
207 1 0 0 0 0 0 0 0 0
208 1 0 0 0 0 0 0 0 0
209 1 0 0 0 0 0 0 0 0
214 1 0 0 0 0 0 0 0 0
215 1 0 0 0 0 0 0 0 0
216 1 0 0 0 0 0 0 0 0
217 1 0 0 1 1 1 0 0 0
218 1 0 0 0 0 0 0 0 0
219 1 0 0 0 0 0 0 0 0
1613 1 1 1 0 0 0 0 0 0
1614 1 0 0 1 0 0 0 0 0
1615 1 0 0 1 0 0 0 0 0
1616 1 0 0 0 0 0 0 0 0
1617 1 0 0 0 0 0 0 0 0
1619 1 0 0 0 0 0 0 0 0
1620 1 0 0 0 0 0 0 0 0
1621 1 1 1 0 0 0 0 0 0
1622 1 0 0 0 0 0 0 0 0
1623 1 0 0 0 0 0 0 0 0
1624 1 0 0 0 0 0 0 0 0
1625 1 0 0 0 0 0 0 0 0
2095 1 1 1 0 0 0 0 0 0
2096 1 0 0 0 0 0 0 0 0
2097 1 0 0 0 0 0 0 0 0
2098 1 0 0 0 0 0 0 0 0
2104 2 1 1 0 0 0 0 0 0
2110 2 0 0 2 0 0 0 0 0
2111 2 0 0 2 0 0 0 0 0
2119 2 0 0 0 0 0 0 0 0
2120 2 0 0 2 0 0 0 0 0
fl=./string/../sysdeps/x86_64/multiarch/memset-vec-unaligned-erms.S
fn=__memset_avx2_unaligned_erms
158 4 1 1 0 0 0 0 0 0
159 8 0 0 0 0 0 0 0 0
164 4 0 0 0 0 0 0 0 0
165 4 0 0 0 0 0 0 0 0
166 4 0 0 0 0 0 0 0 0
167 4 0 0 0 0 0 0 0 0
168 4 0 0 0 0 0 0 0 0
170 1 0 0 0 0 0 1 1 1
171 1 0 0 0 0 0 1 0 0
172 2 0 0 1 0 0 0 0 0
237 3 1 1 3 3 1 0 0 0
238 3 0 0 0 0 0 0 0 0
244 3 0 0 0 0 0 3 0 0
245 3 0 0 0 0 0 3 3 1
257 3 0 0 0 0 0 0 0 0
260 3 0 0 0 0 0 0 0 0
261 3 0 0 0 0 0 0 0 0
273 3 0 0 0 0 0 3 0 0
274 3 0 0 0 0 0 3 3 1
287 3 0 0 0 0 0 0 0 0
288 3 0 0 0 0 0 0 0 0
290 3 0 0 0 0 0 0 0 0
293 3 0 0 0 0 0 0 0 0
296 3 0 0 0 0 0 0 0 0
299 24 1 1 0 0 0 24 8 2
300 24 0 0 0 0 0 24 14 0
301 24 0 0 0 0 0 24 10 3
302 24 0 0 0 0 0 24 14 0
303 24 0 0 0 0 0 0 0 0
304 24 0 0 0 0 0 0 0 0
305 27 0 0 0 0 0 0 0 0
308 3 0 0 0 0 0 3 0 0
309 3 0 0 0 0 0 3 1 0
310 3 0 0 0 0 0 3 0 0
311 3 0 0 0 0 0 3 0 0
314 6 0 0 3 0 0 0 0 0
fl=/home/wang/git-repositories/vcpkg/installed/x64-linux-clang-libcxx/include/boost/unordered/detail/foa/core.hpp
fn=_ZN5boost9unordered6detail3foa10table_coreINS2_14flat_map_typesImlEENS2_7group15INS2_14plain_integralEEENS2_12table_arraysENS2_18plain_size_controlENS_4hashImEENSt3__18equal_toImEENSD_9allocatorINSD_4pairIKmlEEEEE22for_all_elements_whileIZNSL_22for_all_elements_whileIZNSL_16for_all_elementsIZNSL_16unchecked_rehashERNS9_ISJ_S8_NS2_16pow2_size_policyESK_EEEUlPSJ_E_EEDTcmclfL1p0_LDnEEcvv_EERKSQ_T_EUlSS_E_EESU_SW_SX_EUlPS8_jSS_E_EEDTcmclfp0_LDnELi0ELDnEEcvv_EESW_SX_
1033 1 1 1 1 0 0 0 0 0
2061 7 1 1 0 0 0 7 0 0
2063 2 0 0 0 0 0 0 0 0
2075 8 1 1 7 0 0 0 0 0
fn=boost::unordered::detail::foa::table_core<boost::unordered::detail::foa::flat_map_types<unsigned long, long>, boost::unordered::detail::foa::group15<boost::unordered::detail::foa::plain_integral>, boost::unordered::detail::foa::table_arrays, boost::unordered::detail::foa::plain_size_control, boost::hash<unsigned long>, std::__1::equal_to<unsigned long>, std::__1::allocator<std::__1::pair<unsigned long const, long> > >::unchecked_rehash(boost::unordered::detail::foa::table_arrays<std::__1::pair<unsigned long const, long>, boost::unordered::detail::foa::group15<boost::unordered::detail::foa::plain_integral>, boost::unordered::detail::foa::pow2_size_policy, std::__1::allocator<std::__1::pair<unsigned long const, long> > >&)
0 4 1 1 0 0 0 1 0 0
1033 2 0 0 2 0 0 0 0 0
1096 2 0 0 0 0 0 0 0 0
1563 12 1 1 2 0 0 0 0 0
1811 5 1 1 1 0 0 0 0 0
2025 5 0 0 0 0 0 3 0 0
2054 1 0 0 0 0 0 1 0 0
2288 5 1 1 0 0 0 2 0 0
2289 1 0 0 0 0 0 1 0 0
2320 2 0 0 1 0 0 1 0 0
2321 1 0 0 0 0 0 1 0 0
2322 5 0 0 3 0 0 0 0 0
fn=boost::unordered::detail::foa::table_locator<boost::unordered::detail::foa::group15<boost::unordered::detail::foa::plain_integral>, std::__1::pair<unsigned long const, long> > boost::unordered::detail::foa::table_core<boost::unordered::detail::foa::flat_map_types<unsigned long, long>, boost::unordered::detail::foa::group15<boost::unordered::detail::foa::plain_integral>, boost::unordered::detail::foa::table_arrays, boost::unordered::detail::foa::plain_size_control, boost::hash<unsigned long>, std::__1::equal_to<unsigned long>, std::__1::allocator<std::__1::pair<unsigned long const, long> > >::unchecked_emplace_with_rehash<boost::unordered::detail::foa::try_emplace_args_t, unsigned long const&>(unsigned long, boost::unordered::detail::foa::try_emplace_args_t&&, unsigned long const&)
0 16 1 1 1 0 0 1 0 0
296 2 1 1 1 0 0 0 0 0
297 2 0 0 0 0 0 0 0 0
389 3 1 1 1 0 0 0 0 0
837 4 0 0 0 0 0 0 0 0
842 2 0 0 0 0 0 0 0 0
849 1 0 0 0 0 0 0 0 0
859 2 1 1 0 0 0 0 0 0
927 2 0 0 0 0 0 0 0 0
1031 4 1 1 0 0 0 4 0 0
1051 2 0 0 0 0 0 1 0 0
1057 4 0 0 0 0 0 0 0 0
1058 3 0 0 0 0 0 0 0 0
1059 1 0 0 0 0 0 0 0 0
1066 1 0 0 0 0 0 0 0 0
1073 2 0 0 0 0 0 0 0 0
1085 1 0 0 0 0 0 0 0 0
1113 2 0 0 0 0 0 1 0 0
1125 4 1 1 1 0 0 1 0 0
1689 1 0 0 1 0 0 0 0 0
1983 11 0 0 0 0 0 6 0 0
1988 4 0 0 0 0 0 3 0 0
1999 2 0 0 0 0 0 1 0 0
2000 1 0 0 1 0 0 0 0 0
2002 9 0 0 7 0 0 0 0 0
2132 18 1 1 2 1 1 0 0 0
2373 2 0 0 0 0 0 0 0 0
2375 1 0 0 0 0 0 0 0 0
2377 5 0 0 0 0 0 0 0 0
fn=lob::v19::BookT<lob::ChecksumSink, 16u>::loc_of(unsigned int, unsigned long) const
0 68 0 0 17 0 0 0 0 0
271 34 0 0 0 0 0 0 0 0
272 34 0 0 0 0 0 0 0 0
336 17 0 0 17 4 2 0 0 0
849 119 1 1 51 10 9 0 0 0
927 34 0 0 0 0 0 0 0 0
1727 34 0 0 0 0 0 0 0 0
1729 17 0 0 0 0 0 0 0 0
1732 34 0 0 0 0 0 0 0 0
1733 17 1 1 0 0 0 0 0 0
1737 34 0 0 0 0 0 0 0 0
1955 17 0 0 17 2 1 0 0 0
fn=lob::v19::BookT<lob::ChecksumSink, 16u>::off_grid_level(lob::Side, long, unsigned long)
0 257 3 3 84 13 11 0 0 0
271 34 0 0 0 0 0 0 0 0
272 17 0 0 0 0 0 0 0 0
279 17 0 0 17 4 1 0 0 0
296 32 0 0 16 0 0 0 0 0
297 32 0 0 0 0 0 0 0 0
336 17 1 1 17 5 1 0 0 0
849 17 0 0 0 0 0 0 0 0
927 32 0 0 0 0 0 0 0 0
1727 34 0 0 0 0 0 0 0 0
1729 17 0 0 0 0 0 0 0 0
1745 17 0 0 0 0 0 0 0 0
1955 17 0 0 17 4 1 0 0 0
1970 32 1 0 0 0 0 16 0 0
2373 64 0 0 0 0 0 0 0 0
2375 16 1 1 0 0 0 0 0 0
2377 80 0 0 0 0 0 0 0 0
fn=lob::v19::BookT<lob::ChecksumSink, 16u>::unlink_off_grid(lob::v19::BookT<lob::ChecksumSink, 16u>::Loc const&, unsigned long)
0 68 1 1 17 0 0 0 0 0
271 34 0 0 0 0 0 0 0 0
272 34 0 0 0 0 0 0 0 0
279 51 1 1 34 2 1 0 0 0
336 17 0 0 17 0 0 0 0 0
404 17 0 0 0 0 0 0 0 0
849 119 0 0 51 0 0 0 0 0
927 34 0 0 0 0 0 0 0 0
1727 34 0 0 0 0 0 0 0 0
1729 17 0 0 0 0 0 0 0 0
1732 34 0 0 0 0 0 0 0 0
1733 17 0 0 0 0 0 0 0 0
1737 51 1 1 0 0 0 0 0 0
1955 17 0 0 17 0 0 0 0 0
2266 119 0 0 34 3 2 17 0 0
fn=lob::v19::OrderTable::grow()
1033 3 1 1 3 3 1 0 0 0
fl=/home/wang/git-repositories/vcpkg/installed/x64-linux-clang-libcxx/include/boost/unordered/detail/foa/table.hpp
fn=boost::unordered::detail::foa::table_locator<boost::unordered::detail::foa::group15<boost::unordered::detail::foa::plain_integral>, std::__1::pair<unsigned long const, long> > boost::unordered::detail::foa::table_core<boost::unordered::detail::foa::flat_map_types<unsigned long, long>, boost::unordered::detail::foa::group15<boost::unordered::detail::foa::plain_integral>, boost::unordered::detail::foa::table_arrays, boost::unordered::detail::foa::plain_size_control, boost::hash<unsigned long>, std::__1::equal_to<unsigned long>, std::__1::allocator<std::__1::pair<unsigned long const, long> > >::unchecked_emplace_with_rehash<boost::unordered::detail::foa::try_emplace_args_t, unsigned long const&>(unsigned long, boost::unordered::detail::foa::try_emplace_args_t&&, unsigned long const&)
0 3 0 0 1 0 0 1 0 0
40 2 0 0 0 0 0 2 0 0
fn=lob::v19::BookT<lob::ChecksumSink, 16u>::off_grid_level(lob::Side, long, unsigned long)
0 1 0 0 0 0 0 0 0 0
40 16 0 0 0 0 0 16 0 0
626 1 0 0 1 0 0 0 0 0
640 51 1 1 34 0 0 0 0 0
641 16 0 0 0 0 0 0 0 0
650 3 1 1 0 0 0 1 0 0
fn=lob::v19::BookT<lob::ChecksumSink, 16u>::unlink_off_grid(lob::v19::BookT<lob::ChecksumSink, 16u>::Loc const&, unsigned long)
0 17 0 0 17 0 0 0 0 0
40 17 0 0 0 0 0 17 0 0
140 17 0 0 0 0 0 0 0 0
fn=lob::v19::OrderTable::grow()
390 6 0 0 0 0 0 0 0 0
fl=/home/wang/git-repositories/vcpkg/installed/x64-linux-clang-libcxx/include/boost/unordered/detail/mulx.hpp
fn=lob::v19::BookT<lob::ChecksumSink, 16u>::loc_of(unsigned int, unsigned long) const
45 17 0 0 0 0 0 0 0 0
46 17 0 0 0 0 0 0 0 0
fn=lob::v19::BookT<lob::ChecksumSink, 16u>::off_grid_level(lob::Side, long, unsigned long)
45 34 0 0 0 0 0 0 0 0
46 17 0 0 0 0 0 0 0 0
fn=lob::v19::BookT<lob::ChecksumSink, 16u>::unlink_off_grid(lob::v19::BookT<lob::ChecksumSink, 16u>::Loc const&, unsigned long)
45 17 0 0 0 0 0 0 0 0
46 17 1 1 0 0 0 0 0 0
fl=/home/wang/sources/cxx/book/include/lob/events.hpp
fn=lob::v19::BookT<lob::ChecksumSink, 16u>::modify(unsigned long, long, unsigned int)
92 31166 0 0 31166 0 0 0 0 0
93 186996 1 1 31166 0 0 0 0 0
fn=void lob::replay<lob::v19::BookT<lob::ChecksumSink, 16u> >(lob::v19::BookT<lob::ChecksumSink, 16u>&, std::__1::span<lob::Op const, 18446744073709551615ul>)
0 4436584 2 2 1109146 0 0 1109146 0 0
92 2218292 0 0 2218292 4 1 0 0 0
93 22182920 1 1 3327438 0 0 1109146 0 0
fl=/home/wang/sources/cxx/book/include/lob/replay.hpp
fn=void lob::replay<lob::v19::BookT<lob::ChecksumSink, 16u> >(lob::v19::BookT<lob::ChecksumSink, 16u>&, std::__1::span<lob::Op const, 18446744073709551615ul>)
0 18 1 1 0 0 0 8 1 1
53 2249459 0 0 0 0 0 0 0 0
57 1 0 0 1 0 0 0 0 0
fl=/home/wang/sources/cxx/book/include/lob/v11/exact_div.hpp
fn=void lob::replay<lob::v19::BookT<lob::ChecksumSink, 16u> >(lob::v19::BookT<lob::ChecksumSink, 16u>&, std::__1::span<lob::Op const, 18446744073709551615ul>)
37 3327438 0 0 2218292 0 0 0 0 0
fl=/home/wang/sources/cxx/book/include/lob/v19/book.hpp
fn=auto lob::v19::BookT<lob::ChecksumSink, 16u>::unlink_off_grid(lob::v19::BookT<lob::ChecksumSink, 16u>::Loc const&, unsigned long)::{lambda(auto:1&)#1}::operator()<std::__1::map<long, lob::v19::BookT<lob::ChecksumSink, 16u>::Level, std::__1::greater<void>, std::__1::allocator<std::__1::pair<long const, lob::v19::BookT<lob::ChecksumSink, 16u>::Level> > > >(std::__1::map<long, lob::v19::BookT<lob::ChecksumSink, 16u>::Level, std::__1::greater<void>, std::__1::allocator<std::__1::pair<long const, lob::v19::BookT<lob::ChecksumSink, 16u>::Level> > >&) const
0 21 1 1 7 0 0 0 0 0
414 8 0 0 0 0 0 4 0 0
415 11 0 0 3 0 0 4 0 0
466 14 0 0 7 0 0 0 0 0
467 7 0 0 7 0 0 0 0 0
469 7 0 0 0 0 0 0 0 0
470 13 0 0 0 0 0 0 0 0
471 14 1 1 0 0 0 0 0 0
472 7 0 0 0 0 0 7 2 0
473 7 0 0 0 0 0 7 0 0
607 21 0 0 0 0 0 21 0 0
608 7 0 0 7 0 0 0 0 0
609 7 0 0 0 0 0 0 0 0
611 14 0 0 7 0 0 0 0 0
615 28 0 0 28 0 0 0 0 0
fn=auto lob::v19::BookT<lob::ChecksumSink, 16u>::unlink_off_grid(lob::v19::BookT<lob::ChecksumSink, 16u>::Loc const&, unsigned long)::{lambda(auto:1&)#1}::operator()<std::__1::map<long, lob::v19::BookT<lob::ChecksumSink, 16u>::Level, std::__1::less<void>, std::__1::allocator<std::__1::pair<long const, lob::v19::BookT<lob::ChecksumSink, 16u>::Level> > > >(std::__1::map<long, lob::v19::BookT<lob::ChecksumSink, 16u>::Level, std::__1::less<void>, std::__1::allocator<std::__1::pair<long const, lob::v19::BookT<lob::ChecksumSink, 16u>::Level> > >&) const
0 30 0 0 10 0 0 0 0 0
414 29 1 1 9 0 0 10 0 0
415 30 0 0 10 1 1 10 0 0
466 20 0 0 10 0 0 0 0 0
467 10 0 0 10 0 0 0 0 0
469 10 1 1 0 0 0 0 0 0
470 10 0 0 0 0 0 0 0 0
471 20 1 1 0 0 0 0 0 0
472 10 0 0 0 0 0 10 0 0
473 10 0 0 0 0 0 10 0 0
607 30 1 1 0 0 0 30 0 0
608 10 0 0 10 0 0 0 0 0
609 10 1 1 0 0 0 0 0 0
611 20 0 0 10 0 0 0 0 0
615 40 0 0 40 0 0 0 0 0
fn=lob::v19::BookT<lob::ChecksumSink, 16u>::anchor_if_on_tick(long)
405 3 0 0 0 0 0 1 0 0
406 1 0 0 0 0 0 1 0 0
623 10 1 1 1 0 0 0 0 0
624 1 0 0 1 0 0 0 0 0
fn=lob::v19::BookT<lob::ChecksumSink, 16u>::loc_of(unsigned int, unsigned long) const
0 17 0 0 0 0 0 0 0 0
365 62366 0 0 0 0 0 0 0 0
366 31183 0 0 0 0 0 0 0 0
382 155915 1 1 0 0 0 155915 0 0
383 31183 0 0 31183 0 0 0 0 0
384 93549 1 1 17 0 0 0 0 0
386 280647 0 0 155915 0 0 0 0 0
402 62332 1 1 62332 0 0 0 0 0
fn=lob::v19::BookT<lob::ChecksumSink, 16u>::modify(unsigned long, long, unsigned int)
0 342826 2 2 124664 0 0 62332 0 0
224 280494 2 2 0 0 0 186996 122 1
225 31166 0 0 0 0 0 0 0 0
226 62332 0 0 0 0 0 0 0 0
227 62332 0 0 0 0 0 0 0 0
228 62332 0 0 0 0 0 0 0 0
230 186996 0 0 0 0 0 93498 132 1
232 124664 0 0 0 0 0 0 0 0
233 31166 0 0 0 0 0 31166 0 0
234 31166 0 0 31166 0 0 0 0 0
238 31166 0 0 31166 0 0 0 0 0
242 249328 1 1 218162 0 0 0 0 0
fn=lob::v19::BookT<lob::ChecksumSink, 16u>::off_grid_level(lob::Side, long, unsigned long)
0 51 0 0 0 0 0 17 0 0
414 44 0 0 10 0 0 17 0 0
415 51 1 1 17 2 0 17 0 0
597 187 1 1 0 0 0 119 0 0
598 79 1 1 14 0 0 0 0 0
600 34 0 0 0 0 0 17 0 0
601 153 0 0 119 0 0 0 0 0
fn=lob::v19::BookT<lob::ChecksumSink, 16u>::relink_after_grow()
0 6 0 0 3 0 0 0 0 0
431 12 1 1 6 3 0 0 0 0
433 2658 1 1 886 626 0 886 0 0
434 2658 0 0 886 0 0 886 0 0
438 668 0 0 0 0 0 0 0 0
440 13 0 0 0 0 0 0 0 0
441 5 0 0 0 0 0 0 0 0
443 3 0 0 3 1 0 0 0 0
fn=lob::v19::BookT<lob::ChecksumSink, 16u>::unlink_off_grid(lob::v19::BookT<lob::ChecksumSink, 16u>::Loc const&, unsigned long)
0 27 0 0 0 0 0 0 0 0
605 153 1 1 0 0 0 102 0 0
607 34 0 0 0 0 0 34 0 0
616 34 1 1 17 0 0 0 0 0
617 21 0 0 0 0 0 7 0 0
619 30 0 0 0 0 0 10 0 0
620 136 0 0 119 0 0 0 0 0
fn=void lob::replay<lob::v19::BookT<lob::ChecksumSink, 16u> >(lob::v19::BookT<lob::ChecksumSink, 16u>&, std::__1::span<lob::Op const, 18446744073709551615ul>)
0 8935549 2 2 5576886 281183 281182 0 0 0
193 11184958 1 1 2249458 420514 420512 0 0 0
195 4436584 1 1 3327438 137943 137943 0 0 0
199 155830 0 0 62332 3910 3910 31166 0 0
205 1109146 0 0 0 0 0 0 0 0
206 3327438 0 0 0 0 0 0 0 0
207 1109146 0 0 0 0 0 1109146 0 0
209 1109146 0 0 0 0 0 0 0 0
210 12 1 1 0 0 0 9 0 0
211 2218292 1 1 1109146 0 0 0 0 0
217 2218292 1 1 0 0 0 0 0 0
218 3327438 0 0 2218292 0 0 1109146 0 0
221 1109146 0 0 1109146 0 0 0 0 0
356 6654774 1 1 0 0 0 0 0 0
363 11091460 0 0 0 0 0 0 0 0
365 2218292 0 0 0 0 0 0 0 0
394 2 0 0 1 0 0 0 0 0
399 2218292 0 0 1109146 0 0 0 0 0
400 3327438 1 1 0 0 0 0 0 0
402 2218280 0 0 2218280 0 0 0 0 0
452 1109146 0 0 1109146 4864 848 0 0 0
453 2218292 0 0 0 0 0 0 0 0
456 3327438 0 0 0 0 0 0 0 0
457 1109146 0 0 0 0 0 0 0 0
458 1109146 0 0 0 0 0 1109146 14208 0
459 1109146 0 0 0 0 0 1109146 0 0
460 1109146 0 0 0 0 0 1109146 0 0
461 1109146 1 1 0 0 0 1109146 0 0
468 1109129 0 0 0 0 0 0 0 0
469 2218258 0 0 0 0 0 0 0 0
470 12200419 1 1 0 0 0 0 0 0
471 9982161 0 0 1109129 0 0 0 0 0
472 1109129 0 0 0 0 0 1109129 48233 420
473 2218258 1 1 0 0 0 1109129 17889 68
482 3327438 0 0 0 0 0 0 0 0
483 3327420 0 0 0 0 0 0 0 0
484 6654825 0 0 0 0 0 0 0 0
485 1109146 1 1 1109146 1 1 0 0 0
486 1109146 0 0 0 0 0 0 0 0
487 4436560 0 0 0 0 0 0 0 0
488 2218292 1 1 0 0 0 0 0 0
494 1109146 0 0 0 0 0 0 0 0
561 2218297 1 1 1109146 0 0 2 1 1
563 5545730 0 0 0 0 0 1109146 1 0
565 1109146 0 0 0 0 0 0 0 0
566 3327387 0 0 1109129 0 0 0 0 0
567 1109129 0 0 0 0 0 0 0 0
569 102 0 0 0 0 0 34 0 0
572 1109146 0 0 1109146 4 1 0 0 0
585 2218292 1 1 0 0 0 0 0 0
588 5545645 0 0 2218258 0 0 0 0 0
589 1109129 0 0 1109129 0 0 0 0 0
590 4436516 0 0 0 0 0 0 0 0
592 170 0 0 0 0 0 68 0 0
fl=/home/wang/sources/cxx/book/include/lob/v19/order_table.hpp
fn=auto lob::v19::BookT<lob::ChecksumSink, 16u>::unlink_off_grid(lob::v19::BookT<lob::ChecksumSink, 16u>::Loc const&, unsigned long)::{lambda(auto:1&)#1}::operator()<std::__1::map<long, lob::v19::BookT<lob::ChecksumSink, 16u>::Level, std::__1::greater<void>, std::__1::allocator<std::__1::pair<long const, lob::v19::BookT<lob::ChecksumSink, 16u>::Level> > > >(std::__1::map<long, lob::v19::BookT<lob::ChecksumSink, 16u>::Level, std::__1::greater<void>, std::__1::allocator<std::__1::pair<long const, lob::v19::BookT<lob::ChecksumSink, 16u>::Level> > >&) const
74 54 0 0 10 0 0 0 0 0
75 23 0 0 0 0 0 0 0 0
fn=auto lob::v19::BookT<lob::ChecksumSink, 16u>::unlink_off_grid(lob::v19::BookT<lob::ChecksumSink, 16u>::Loc const&, unsigned long)::{lambda(auto:1&)#1}::operator()<std::__1::map<long, lob::v19::BookT<lob::ChecksumSink, 16u>::Level, std::__1::less<void>, std::__1::allocator<std::__1::pair<long const, lob::v19::BookT<lob::ChecksumSink, 16u>::Level> > > >(std::__1::map<long, lob::v19::BookT<lob::ChecksumSink, 16u>::Level, std::__1::less<void>, std::__1::allocator<std::__1::pair<long const, lob::v19::BookT<lob::ChecksumSink, 16u>::Level> > >&) const
74 60 0 0 10 0 0 0 0 0
75 20 0 0 0 0 0 0 0 0
fn=lob::v19::BookT<lob::ChecksumSink, 16u>::loc_of(unsigned int, unsigned long) const
74 155915 0 0 31183 0 0 0 0 0
75 93549 0 0 0 0 0 0 0 0
fn=lob::v19::BookT<lob::ChecksumSink, 16u>::modify(unsigned long, long, unsigned int)
0 65124 0 0 0 0 0 0 0 0
74 155830 2 1 62332 0 0 0 0 0
75 124664 0 0 0 0 0 0 0 0
88 93498 0 0 0 0 0 0 0 0
92 65366 0 0 0 0 0 0 0 0
93 3034 0 0 1517 0 0 0 0 0
163 155830 0 0 62332 0 0 0 0 0
165 4551 0 0 0 0 0 0 0 0
167 31166 0 0 0 0 0 0 0 0
172 68400 1 1 0 0 0 0 0 0
174 65366 0 0 32683 242 0 0 0 0
fn=lob::v19::BookT<lob::ChecksumSink, 16u>::relink_after_grow()
0 886 0 0 6 1 0 0 0 0
143 1772 0 0 0 0 0 0 0 0
144 1772 0 0 1772 61 0 0 0 0
fn=lob::v19::OrderTable::grow()
0 16189 3 3 8971 0 0 0 0 0
144 1812 0 0 1812 219 0 0 0 0
163 7168 0 0 1792 0 0 0 0 0
165 20 0 0 0 0 0 0 0 0
167 3584 0 0 0 0 0 0 0 0
184 1797 1 1 1797 27 0 0 0 0
185 8982 4 4 0 0 0 0 0 0
187 9474 1 1 0 0 0 1792 0 0
188 8960 0 0 1792 0 0 1792 1219 0
191 15 0 0 5 0 0 0 0 0
195 3 0 0 0 0 0 3 0 0
196 3 0 0 0 0 0 3 0 0
197 12 1 1 0 0 0 3 0 0
198 3 0 0 0 0 0 3 0 0
200 6 0 0 0 0 0 3 0 0
201 1825 1 1 0 0 0 0 0 0
202 3584 1 1 0 0 0 3584 3584 3584
203 3584 1 1 0 0 0 3584 0 0
207 24 2 1 0 0 0 21 1 0
210 3 0 0 3 0 0 0 0 0
211 3 0 0 0 0 0 0 0 0
212 12 0 0 0 0 0 3 0 0
213 5382 0 0 0 0 0 0 0 0
215 14198 0 0 3438 28 0 0 0 0
216 1792 1 1 1792 1147 0 0 0 0
218 12544 2 2 1792 0 0 1792 0 0
219 1792 0 0 0 0 0 1792 183 0
222 14342 0 0 0 0 0 0 0 0
224 26827 0 0 5323 39 0 0 0 0
226 7168 1 1 1792 983 0 1792 0 0
227 7168 1 1 1792 0 0 1792 0 0
267 30 0 0 18 3 0 0 0 0
fn=void lob::replay<lob::v19::BookT<lob::ChecksumSink, 16u> >(lob::v19::BookT<lob::ChecksumSink, 16u>&, std::__1::span<lob::Op const, 18446744073709551615ul>)
0 7960964 2 2 2316694 1 1 1109149 0 0
74 31056003 3 2 6654842 0 0 0 0 0
75 6654876 0 0 0 0 0 0 0 0
88 2218292 0 0 1109146 0 0 0 0 0
92 2323444 0 0 0 0 0 0 0 0
93 105152 0 0 52576 0 0 0 0 0
100 3327438 0 0 1109146 1 1 0 0 0
101 2218212 1 1 0 0 0 1109106 0 0
102 3327318 0 0 2218212 0 0 0 0 0
103 9 0 0 0 0 0 3 0 0
105 1109106 0 0 0 0 0 1109106 3 0
106 2218218 0 0 3 0 0 1109106 0 0
109 80 1 1 40 0 0 0 0 0
111 120 0 0 80 0 0 0 0 0
116 82 0 0 0 0 0 0 0 0
120 82 1 1 41 0 0 0 0 0
122 40 1 1 0 0 0 40 0 0
123 80 0 0 80 0 0 0 0 0
129 1109146 0 0 0 0 0 0 0 0
131 2218292 0 0 0 0 0 0 0 0
132 1109146 0 0 0 0 0 0 0 0
133 3327438 1 1 1109146 0 0 0 0 0
134 1109146 0 0 0 0 0 1109146 0 0
135 4436584 0 0 1109146 12 3 0 0 0
136 2481172 1 1 52576 0 0 0 0 0
137 1109146 0 0 1109146 0 0 0 0 0
163 16637230 2 2 5545770 0 0 0 0 0
165 631073 0 0 0 0 0 0 0 0
167 3327438 0 0 0 0 0 0 0 0
172 2481336 1 1 0 0 0 0 0 0
174 2323566 0 0 1161763 35918 0 0 0 0
184 1161761 0 0 1161761 171 32 0 0 0
185 5756190 2 2 0 0 0 0 0 0
187 4436624 0 0 0 0 0 1109146 0 0
188 4436584 1 1 1109146 0 0 1109146 872504 256
191 157845 0 0 52615 33848 0 0 0 0
fl=/home/wang/sources/cxx/book/include/lob/v3/hier_bitmap.hpp
fn=lob::v19::BookT<lob::ChecksumSink, 16u>::relink_after_grow()
0 1274 0 0 335 0 0 0 0 0
112 18432 0 0 0 0 0 0 0 0
113 20312 2 2 6144 771 225 0 0 0
115 668 0 0 0 0 0 0 0 0
fn=void lob::replay<lob::v19::BookT<lob::ChecksumSink, 16u> >(lob::v19::BookT<lob::ChecksumSink, 16u>&, std::__1::span<lob::Op const, 18446744073709551615ul>)
0 13257 0 0 0 0 0 0 0 0
48 3327438 0 0 2218292 7 4 0 0 0
57 2231515 0 0 0 0 0 0 0 0
58 3366930 0 0 1122310 334 58 0 0 0
59 3367158 1 1 2244696 1 1 2244620 3 1
78 3327387 0 0 1109129 0 0 0 0 0
79 3327387 0 0 1109129 719 44 0 0 0
80 1109129 0 0 0 0 0 0 0 0
83 13257 1 1 0 0 0 0 0 0
84 39847 0 0 13257 0 0 0 0 0
95 5545700 0 0 0 0 0 0 0 0
fl=/home/wang/sources/cxx/book/source/main.cxx
fn=auto lob::for_each_type<std::__1::tuple<lob::v0::Book<lob::ChecksumSink>, lob::v1::Book<lob::ChecksumSink>, lob::v2::Book<lob::ChecksumSink>, lob::v3::BookT<lob::ChecksumSink, 16u>, lob::v4::BookT<lob::ChecksumSink, 16u>, lob::v5::BookT<lob::ChecksumSink, 16u>, lob::v7::BookT<lob::ChecksumSink, 16u>, lob::v8::BookT<lob::ChecksumSink, 16u>, lob::v9::BookT<lob::ChecksumSink, 16u>, lob::v10::BookT<lob::ChecksumSink, 16u>, lob::v11::BookT<lob::ChecksumSink, 16u>, lob::v12::BookT<lob::ChecksumSink, 16u>, lob::v13::BookT<lob::ChecksumSink, 16u>, lob::v14::BookT<lob::ChecksumSink, 16u>, lob::v15::BookT<lob::ChecksumSink, 16u>, lob::v16::BookT<lob::ChecksumSink, 16u>, lob::v17::BookT<lob::ChecksumSink, 16u>, lob::v18::BookT<lob::ChecksumSink, 16u>, lob::v19::BookT<lob::ChecksumSink, 16u> >, (anonymous namespace)::with_version<(anonymous namespace)::cmd_replay((anonymous namespace)::Args const&)::$_0>(std::__1::basic_string_view<char, std::__1::char_traits<char> >, (anonymous namespace)::cmd_replay((anonymous namespace)::Args const&)::$_0&&)::{lambda<typename $T0>()#1}>((anonymous namespace)::with_version<(anonymous namespace)::cmd_replay((anonymous namespace)::Args const&)::$_0>(std::__1::basic_string_view<char, std::__1::char_traits<char> >, (anonymous namespace)::cmd_replay((anonymous namespace)::Args const&)::$_0&&)::{lambda<typename $T0>()#1}&&)::{lambda<unsigned long... $N0>(std::__1::integer_sequence<unsigned long, ($N0)...>)#1}::operator()<0ul, 1ul, 2ul, 3ul, 4ul, 5ul, 6ul, 7ul, 8ul, 9ul, 10ul, 11ul, 12ul, 13ul, 14ul, 15ul, 16ul, 17ul, 18ul>(std::__1::integer_sequence<unsigned long, 0ul, 1ul, 2ul, 3ul, 4ul, 5ul, 6ul, 7ul, 8ul, 9ul, 10ul, 11ul, 12ul, 13ul, 14ul, 15ul, 16ul, 17ul, 18ul>) const
294 2 1 1 0 0 0 1 1 1
295 3 1 1 1 1 1 1 1 1
296 9 1 1 0 0 0 6 1 1
fl=/usr/include/c++/v1/__algorithm/fill_n.h
fn=std::__1::vector<unsigned int, std::__1::allocator<unsigned int> >::assign(unsigned long, unsigned int const&)
0 30 2 2 0 0 0 0 0 0
fl=/usr/include/c++/v1/__bit/countr.h
fn=lob::v19::BookT<lob::ChecksumSink, 16u>::modify(unsigned long, long, unsigned int)
28 62332 1 1 0 0 0 0 0 0
fn=lob::v19::BookT<lob::ChecksumSink, 16u>::relink_after_grow()
28 1748 2 2 0 0 0 0 0 0
fn=lob::v19::OrderTable::grow()
28 3584 0 0 0 0 0 0 0 0
fn=void lob::replay<lob::v19::BookT<lob::ChecksumSink, 16u> >(lob::v19::BookT<lob::ChecksumSink, 16u>&, std::__1::span<lob::Op const, 18446744073709551615ul>)
28 7764044 0 0 2218280 6 0 0 0 0
fl=/usr/include/c++/v1/__functional/operations.h
fn=auto lob::v19::BookT<lob::ChecksumSink, 16u>::unlink_off_grid(lob::v19::BookT<lob::ChecksumSink, 16u>::Loc const&, unsigned long)::{lambda(auto:1&)#1}::operator()<std::__1::map<long, lob::v19::BookT<lob::ChecksumSink, 16u>::Level, std::__1::greater<void>, std::__1::allocator<std::__1::pair<long const, lob::v19::BookT<lob::ChecksumSink, 16u>::Level> > > >(std::__1::map<long, lob::v19::BookT<lob::ChecksumSink, 16u>::Level, std::__1::greater<void>, std::__1::allocator<std::__1::pair<long const, lob::v19::BookT<lob::ChecksumSink, 16u>::Level> > >&) const
462 49 1 1 21 7 3 0 0 0
fn=auto lob::v19::BookT<lob::ChecksumSink, 16u>::unlink_off_grid(lob::v19::BookT<lob::ChecksumSink, 16u>::Loc const&, unsigned long)::{lambda(auto:1&)#1}::operator()<std::__1::map<long, lob::v19::BookT<lob::ChecksumSink, 16u>::Level, std::__1::less<void>, std::__1::allocator<std::__1::pair<long const, lob::v19::BookT<lob::ChecksumSink, 16u>::Level> > > >(std::__1::map<long, lob::v19::BookT<lob::ChecksumSink, 16u>::Level, std::__1::less<void>, std::__1::allocator<std::__1::pair<long const, lob::v19::BookT<lob::ChecksumSink, 16u>::Level> > >&) const
375 70 1 1 30 4 4 0 0 0
fn=lob::v19::BookT<lob::ChecksumSink, 16u>::loc_of(unsigned int, unsigned long) const
300 17 0 0 17 7 5 0 0 0
fn=lob::v19::BookT<lob::ChecksumSink, 16u>::off_grid_level(lob::Side, long, unsigned long)
375 38 0 0 19 1 0 0 0 0
462 20 0 0 10 2 0 0 0 0
fn=lob::v19::BookT<lob::ChecksumSink, 16u>::unlink_off_grid(lob::v19::BookT<lob::ChecksumSink, 16u>::Loc const&, unsigned long)
300 17 0 0 17 0 0 0 0 0
fl=/usr/include/c++/v1/__iterator/wrap_iter.h
fn=void lob::replay<lob::v19::BookT<lob::ChecksumSink, 16u> >(lob::v19::BookT<lob::ChecksumSink, 16u>&, std::__1::span<lob::Op const, 18446744073709551615ul>)
65 2249458 0 0 0 0 0 0 0 0
125 2249459 1 1 0 0 0 0 0 0
fl=/usr/include/c++/v1/__math/rounding_functions.h
fn=boost::unordered::detail::foa::table_locator<boost::unordered::detail::foa::group15<boost::unordered::detail::foa::plain_integral>, std::__1::pair<unsigned long const, long> > boost::unordered::detail::foa::table_core<boost::unordered::detail::foa::flat_map_types<unsigned long, long>, boost::unordered::detail::foa::group15<boost::unordered::detail::foa::plain_integral>, boost::unordered::detail::foa::table_arrays, boost::unordered::detail::foa::plain_size_control, boost::hash<unsigned long>, std::__1::equal_to<unsigned long>, std::__1::allocator<std::__1::pair<unsigned long const, long> > >::unchecked_emplace_with_rehash<boost::unordered::detail::foa::try_emplace_args_t, unsigned long const&>(unsigned long, boost::unordered::detail::foa::try_emplace_args_t&&, unsigned long const&)
29 1 0 0 0 0 0 0 0 0
fl=/usr/include/c++/v1/__memory/construct_at.h
fn=std::__1::vector<unsigned int, std::__1::allocator<unsigned int> >::assign(unsigned long, unsigned int const&)
38 1123 1 1 3 2 0 896 445 63
fl=/usr/include/c++/v1/__memory/unique_ptr.h
fn=lob::v19::OrderTable::grow()
91 6 1 1 0 0 0 3 2 0
281 3 0 0 3 0 0 0 0 0
282 3 0 0 0 0 0 3 0 0
287 3 0 0 3 0 0 0 0 0
288 3 0 0 0 0 0 3 0 0
289 12 0 0 0 0 0 0 0 0
597 3 0 0 3 0 0 0 0 0
598 3 0 0 0 0 0 3 0 0
606 3 1 1 3 2 0 0 0 0
607 3 0 0 0 0 0 3 0 0
609 6 0 0 0 0 0 0 0 0
617 6 1 1 0 0 0 0 0 0
765 21 1 1 0 0 0 6 2 0
fn=void lob::replay<lob::v19::BookT<lob::ChecksumSink, 16u> >(lob::v19::BookT<lob::ChecksumSink, 16u>&, std::__1::span<lob::Op const, 18446744073709551615ul>)
583 1109146 0 0 1109146 0 0 0 0 0
fl=/usr/include/c++/v1/__new/allocate.h
fn=auto lob::v19::BookT<lob::ChecksumSink, 16u>::unlink_off_grid(lob::v19::BookT<lob::ChecksumSink, 16u>::Loc const&, unsigned long)::{lambda(auto:1&)#1}::operator()<std::__1::map<long, lob::v19::BookT<lob::ChecksumSink, 16u>::Level, std::__1::greater<void>, std::__1::allocator<std::__1::pair<long const, lob::v19::BookT<lob::ChecksumSink, 16u>::Level> > > >(std::__1::map<long, lob::v19::BookT<lob::ChecksumSink, 16u>::Level, std::__1::greater<void>, std::__1::allocator<std::__1::pair<long const, lob::v19::BookT<lob::ChecksumSink, 16u>::Level> > >&) const
63 12 1 1 0 0 0 4 0 0
fn=auto lob::v19::BookT<lob::ChecksumSink, 16u>::unlink_off_grid(lob::v19::BookT<lob::ChecksumSink, 16u>::Loc const&, unsigned long)::{lambda(auto:1&)#1}::operator()<std::__1::map<long, lob::v19::BookT<lob::ChecksumSink, 16u>::Level, std::__1::less<void>, std::__1::allocator<std::__1::pair<long const, lob::v19::BookT<lob::ChecksumSink, 16u>::Level> > > >(std::__1::map<long, lob::v19::BookT<lob::ChecksumSink, 16u>::Level, std::__1::less<void>, std::__1::allocator<std::__1::pair<long const, lob::v19::BookT<lob::ChecksumSink, 16u>::Level> > >&) const
63 30 0 0 0 0 0 10 0 0
fn=boost::unordered::detail::foa::table_locator<boost::unordered::detail::foa::group15<boost::unordered::detail::foa::plain_integral>, std::__1::pair<unsigned long const, long> > boost::unordered::detail::foa::table_core<boost::unordered::detail::foa::flat_map_types<unsigned long, long>, boost::unordered::detail::foa::group15<boost::unordered::detail::foa::plain_integral>, boost::unordered::detail::foa::table_arrays, boost::unordered::detail::foa::plain_size_control, boost::hash<unsigned long>, std::__1::equal_to<unsigned long>, std::__1::allocator<std::__1::pair<unsigned long const, long> > >::unchecked_emplace_with_rehash<boost::unordered::detail::foa::try_emplace_args_t, unsigned long const&>(unsigned long, boost::unordered::detail::foa::try_emplace_args_t&&, unsigned long const&)
0 2 1 1 0 0 0 1 0 0
37 1 0 0 0 0 0 0 0 0
43 2 0 0 0 0 0 1 0 0
fn=lob::v19::BookT<lob::ChecksumSink, 16u>::off_grid_level(lob::Side, long, unsigned long)
43 42 1 1 0 0 0 14 0 0
fn=std::__1::vector<unsigned int, std::__1::allocator<unsigned int> >::assign(unsigned long, unsigned int const&)
37 3 0 0 0 0 0 0 0 0
43 3 0 0 0 0 0 3 0 0
63 2 0 0 0 0 0 2 0 0
fl=/usr/include/c++/v1/__tree
fn=auto lob::v19::BookT<lob::ChecksumSink, 16u>::unlink_off_grid(lob::v19::BookT<lob::ChecksumSink, 16u>::Loc const&, unsigned long)::{lambda(auto:1&)#1}::operator()<std::__1::map<long, lob::v19::BookT<lob::ChecksumSink, 16u>::Level, std::__1::greater<void>, std::__1::allocator<std::__1::pair<long const, lob::v19::BookT<lob::ChecksumSink, 16u>::Level> > > >(std::__1::map<long, lob::v19::BookT<lob::ChecksumSink, 16u>::Level, std::__1::greater<void>, std::__1::allocator<std::__1::pair<long const, lob::v19::BookT<lob::ChecksumSink, 16u>::Level> > >&) const
0 62 1 1 28 0 0 0 0 0
105 10 0 0 10 0 0 0 0 0
191 12 0 0 4 0 0 0 0 0
193 5 0 0 0 0 0 0 0 0
680 7 0 0 0 0 0 0 0 0
862 7 0 0 0 0 0 0 0 0
884 7 1 1 7 0 0 0 0 0
915 6 0 0 3 0 0 0 0 0
1824 8 0 0 4 0 0 0 0 0
1825 2 0 0 0 0 0 2 0 0
1826 4 0 0 4 0 0 0 0 0
1827 8 0 0 0 0 0 4 0 0
1994 14 0 0 0 0 0 0 0 0
2049 42 0 0 0 0 0 0 0 0
2050 14 0 0 0 0 0 0 0 0
fn=auto lob::v19::BookT<lob::ChecksumSink, 16u>::unlink_off_grid(lob::v19::BookT<lob::ChecksumSink, 16u>::Loc const&, unsigned long)::{lambda(auto:1&)#1}::operator()<std::__1::map<long, lob::v19::BookT<lob::ChecksumSink, 16u>::Level, std::__1::less<void>, std::__1::allocator<std::__1::pair<long const, lob::v19::BookT<lob::ChecksumSink, 16u>::Level> > > >(std::__1::map<long, lob::v19::BookT<lob::ChecksumSink, 16u>::Level, std::__1::less<void>, std::__1::allocator<std::__1::pair<long const, lob::v19::BookT<lob::ChecksumSink, 16u>::Level> > >&) const
0 100 0 0 40 2 2 0 0 0
105 12 0 0 12 0 0 0 0 0
163 16 0 0 4 0 0 0 0 0
191 30 0 0 10 0 0 0 0 0
193 6 0 0 0 0 0 0 0 0
680 10 0 0 0 0 0 0 0 0
862 10 0 0 0 0 0 0 0 0
884 10 0 0 10 0 0 0 0 0
915 29 0 0 19 0 0 0 0 0
1824 20 1 1 10 0 0 0 0 0
1825 9 0 0 0 0 0 9 0 0
1826 10 0 0 10 0 0 0 0 0
1827 20 0 0 0 0 0 10 1 0
1994 20 0 0 0 0 0 0 0 0
2049 60 0 0 0 0 0 0 0 0
2050 20 0 0 0 0 0 0 0 0
fn=lob::v19::BookT<lob::ChecksumSink, 16u>::off_grid_level(lob::Side, long, unsigned long)
0 181 2 2 0 0 0 0 0 0
862 17 1 1 0 0 0 0 0 0
884 17 0 0 17 0 0 0 0 0
915 44 0 0 27 0 0 0 0 0
1593 29 0 0 0 0 0 0 0 0
1594 19 0 0 19 0 0 0 0 0
1601 10 0 0 0 0 0 0 0 0
1602 21 0 0 7 1 0 0 0 0
1673 28 0 0 0 0 0 14 0 0
1674 14 0 0 0 0 0 14 0 0
1676 14 0 0 0 0 0 14 0 0
1677 56 0 0 28 0 0 0 0 0
1678 9 0 0 0 0 0 9 0 0
1679 56 0 0 14 0 0 14 0 0
fn=lob::v19::BookT<lob::ChecksumSink, 16u>::relink_after_grow()
0 18 1 1 0 0 0 0 0 0
105 24 0 0 24 3 0 0 0 0
163 14 0 0 4 4 0 0 0 0
191 36 0 0 12 3 0 0 0 0
193 22 0 0 0 0 0 0 0 0
680 18 0 0 0 0 0 0 0 0
859 6 0 0 0 0 0 0 0 0
915 6 0 0 6 3 0 0 0 0
fn=void std::__1::__tree_balance_after_insert[abi:ne210105]<std::__1::__tree_node_base<void*>*>(std::__1::__tree_node_base<void*>*, std::__1::__tree_node_base<void*>*)
0 8 1 1 0 0 0 0 0 0
105 38 1 1 28 0 0 0 0 0
235 2 1 1 2 0 0 0 0 0
236 4 0 0 2 0 0 2 0 0
237 4 0 0 0 0 0 0 0 0
239 3 0 0 1 0 0 2 0 0
240 1 0 0 0 0 0 0 0 0
241 2 0 0 0 0 0 2 0 0
244 2 0 0 0 0 0 2 0 0
254 1 0 0 1 0 0 0 0 0
255 8 0 0 4 0 0 4 0 0
256 8 0 0 0 0 0 0 0 0
258 8 1 1 4 0 0 4 0 0
259 4 0 0 0 0 0 0 0 0
260 4 0 0 0 0 0 4 0 0
263 4 0 0 0 0 0 4 0 0
278 28 1 1 0 0 0 14 0 0
279 48 0 0 13 0 0 0 0 0
281 9 0 0 0 0 0 0 0 0
282 6 1 1 6 0 0 0 0 0
283 16 0 0 2 0 0 0 0 0
285 2 0 0 0 0 0 2 0 0
287 4 0 0 0 0 0 2 0 0
288 4 0 0 0 0 0 2 0 0
290 7 0 0 0 0 0 0 0 0
295 4 0 0 0 0 0 4 0 0
297 4 0 0 0 0 0 4 0 0
303 10 0 0 2 0 0 0 0 0
305 2 0 0 0 0 0 2 0 0
307 4 0 0 0 0 0 2 0 0
308 4 0 0 0 0 0 2 0 0
310 2 0 0 0 0 0 0 0 0
315 1 0 0 0 0 0 1 0 0
317 1 0 0 0 0 0 1 0 0
323 14 0 0 14 0 0 0 0 0
569 14 0 0 14 0 0 0 0 0
571 6 0 0 0 0 0 6 0 0
fn=void std::__1::__tree_remove[abi:ne210105]<std::__1::__tree_node_base<void*>*>(std::__1::__tree_node_base<void*>*, std::__1::__tree_node_base<void*>*)
0 41 1 1 7 0 0 7 0 0
105 88 1 1 45 1 1 0 0 0
163 3 0 0 1 0 0 0 0 0
235 2 0 0 2 0 0 0 0 0
236 4 0 0 2 0 0 2 0 0
237 4 0 0 0 0 0 0 0 0
239 4 0 0 2 0 0 2 0 0
240 2 0 0 0 0 0 0 0 0
241 2 0 0 0 0 0 2 0 0
244 2 0 0 0 0 0 2 0 0
254 1 0 0 1 0 0 0 0 0
255 6 0 0 3 0 0 3 0 0
256 6 0 0 0 0 0 0 0 0
258 6 1 1 3 0 0 3 0 0
259 3 0 0 0 0 0 0 0 0
260 1 1 1 0 0 0 1 0 0
262 4 0 0 0 0 0 2 0 0
263 3 0 0 0 0 0 3 0 0
339 60 2 2 15 0 0 0 0 0
341 14 0 0 14 0 0 0 0 0
345 28 0 0 0 0 0 0 0 0
346 9 0 0 3 0 0 3 0 0
347 14 0 0 0 0 0 0 0 0
348 12 0 0 0 0 0 12 0 0
349 24 0 0 0 0 0 0 0 0
350 8 0 0 8 0 0 0 0 0
354 2 0 0 0 0 0 2 0 0
358 14 0 0 14 0 0 0 0 0
361 36 0 0 0 0 0 0 0 0
363 2 1 1 1 0 0 1 0 0
364 1 0 0 0 0 0 0 0 0
365 1 0 0 0 0 0 1 0 0
368 2 0 0 1 0 0 1 0 0
370 2 0 0 1 0 0 1 0 0
371 2 0 0 0 0 0 0 0 0
373 2 0 0 1 0 0 1 0 0
374 2 1 1 0 0 0 0 0 0
379 38 0 0 0 0 0 0 0 0
392 20 0 0 0 0 0 0 0 0
393 3 0 0 0 0 0 3 0 0
401 7 0 0 0 0 0 0 0 0
403 12 1 1 0 0 0 0 0 0
415 22 1 1 8 0 0 0 0 0
416 12 0 0 4 0 0 0 0 0
417 4 0 0 0 0 0 4 0 0
420 11 0 0 1 0 0 0 0 0
429 6 1 1 2 0 0 0 0 0
431 2 0 0 0 0 0 2 0 0
432 2 0 0 0 0 0 2 0 0
439 4 0 0 2 0 0 2 0 0
440 2 0 0 0 0 0 2 0 0
441 2 0 0 0 0 0 2 0 0
446 2 1 1 0 0 0 0 0 0
458 5 1 1 2 0 0 0 0 0
472 1 0 0 0 0 0 0 0 0
482 2 0 0 1 0 0 1 0 0
483 1 0 0 0 0 0 1 0 0
484 1 0 0 0 0 0 1 0 0
492 14 0 0 14 0 0 0 0 0
569 7 1 1 7 0 0 0 0 0
571 4 0 0 0 0 0 4 0 0
fl=/usr/include/c++/v1/__utility/pair.h
fn=boost::unordered::detail::foa::table_locator<boost::unordered::detail::foa::group15<boost::unordered::detail::foa::plain_integral>, std::__1::pair<unsigned long const, long> > boost::unordered::detail::foa::table_core<boost::unordered::detail::foa::flat_map_types<unsigned long, long>, boost::unordered::detail::foa::group15<boost::unordered::detail::foa::plain_integral>, boost::unordered::detail::foa::table_arrays, boost::unordered::detail::foa::plain_size_control, boost::hash<unsigned long>, std::__1::equal_to<unsigned long>, std::__1::allocator<std::__1::pair<unsigned long const, long> > >::unchecked_emplace_with_rehash<boost::unordered::detail::foa::try_emplace_args_t, unsigned long const&>(unsigned long, boost::unordered::detail::foa::try_emplace_args_t&&, unsigned long const&)
445 2 0 0 1 0 0 1 1 1
446 1 0 0 0 0 0 1 0 0
fn=lob::v19::BookT<lob::ChecksumSink, 16u>::off_grid_level(lob::Side, long, unsigned long)
445 30 0 0 0 0 0 30 7 3
446 30 1 1 0 0 0 30 0 0
fl=/usr/include/c++/v1/__vector/vector.h
fn=auto lob::for_each_type<std::__1::tuple<lob::v0::Book<lob::ChecksumSink>, lob::v1::Book<lob::ChecksumSink>, lob::v2::Book<lob::ChecksumSink>, lob::v3::BookT<lob::ChecksumSink, 16u>, lob::v4::BookT<lob::ChecksumSink, 16u>, lob::v5::BookT<lob::ChecksumSink, 16u>, lob::v7::BookT<lob::ChecksumSink, 16u>, lob::v8::BookT<lob::ChecksumSink, 16u>, lob::v9::BookT<lob::ChecksumSink, 16u>, lob::v10::BookT<lob::ChecksumSink, 16u>, lob::v11::BookT<lob::ChecksumSink, 16u>, lob::v12::BookT<lob::ChecksumSink, 16u>, lob::v13::BookT<lob::ChecksumSink, 16u>, lob::v14::BookT<lob::ChecksumSink, 16u>, lob::v15::BookT<lob::ChecksumSink, 16u>, lob::v16::BookT<lob::ChecksumSink, 16u>, lob::v17::BookT<lob::ChecksumSink, 16u>, lob::v18::BookT<lob::ChecksumSink, 16u>, lob::v19::BookT<lob::ChecksumSink, 16u> >, (anonymous namespace)::with_version<(anonymous namespace)::cmd_replay((anonymous namespace)::Args const&)::$_0>(std::__1::basic_string_view<char, std::__1::char_traits<char> >, (anonymous namespace)::cmd_replay((anonymous namespace)::Args const&)::$_0&&)::{lambda<typename $T0>()#1}>((anonymous namespace)::with_version<(anonymous namespace)::cmd_replay((anonymous namespace)::Args const&)::$_0>(std::__1::basic_string_view<char, std::__1::char_traits<char> >, (anonymous namespace)::cmd_replay((anonymous namespace)::Args const&)::$_0&&)::{lambda<typename $T0>()#1}&&)::{lambda<unsigned long... $N0>(std::__1::integer_sequence<unsigned long, ($N0)...>)#1}::operator()<0ul, 1ul, 2ul, 3ul, 4ul, 5ul, 6ul, 7ul, 8ul, 9ul, 10ul, 11ul, 12ul, 13ul, 14ul, 15ul, 16ul, 17ul, 18ul>(std::__1::integer_sequence<unsigned long, 0ul, 1ul, 2ul, 3ul, 4ul, 5ul, 6ul, 7ul, 8ul, 9ul, 10ul, 11ul, 12ul, 13ul, 14ul, 15ul, 16ul, 17ul, 18ul>) const
388 4 0 0 1 0 0 0 0 0
449 1 0 0 1 1 1 0 0 0
fn=lob::v19::BookT<lob::ChecksumSink, 16u>::relink_after_grow()
388 3 0 0 3 0 0 0 0 0
764 3 1 1 0 0 0 3 0 0
fn=lob::v19::OrderTable::grow()
407 1792 0 0 1792 0 0 0 0 0
fn=std::__1::vector<unsigned int, std::__1::allocator<unsigned int> >::assign(unsigned long, unsigned int const&)
0 6 0 0 0 0 0 0 0 0
391 18 0 0 6 2 0 0 0 0
572 6 0 0 0 0 0 0 0 0
575 3 0 0 0 0 0 3 0 0
577 6 0 0 0 0 0 3 0 0
741 3 0 0 0 0 0 0 0 0
746 6 1 1 0 0 0 3 0 0
764 2 0 0 0 0 0 2 0 0
889 6 0 0 0 0 0 0 0 0
893 8 0 0 0 0 0 4 0 0
902 9 1 1 0 0 0 0 0 0
905 18 1 1 0 0 0 0 0 0
935 469 0 0 0 0 0 0 0 0
1080 24 1 1 0 0 0 15 0 0
1081 6 0 0 0 0 0 0 0 0
1093 21 1 1 18 0 0 0 0 0
fn=void lob::replay<lob::v19::BookT<lob::ChecksumSink, 16u> >(lob::v19::BookT<lob::ChecksumSink, 16u>&, std::__1::span<lob::Op const, 18446744073709551615ul>)
394 2218292 0 0 2218292 1 1 0 0 0
fl=/usr/include/c++/v1/map
fn=auto lob::v19::BookT<lob::ChecksumSink, 16u>::unlink_off_grid(lob::v19::BookT<lob::ChecksumSink, 16u>::Loc const&, unsigned long)::{lambda(auto:1&)#1}::operator()<std::__1::map<long, lob::v19::BookT<lob::ChecksumSink, 16u>::Level, std::__1::greater<void>, std::__1::allocator<std::__1::pair<long const, lob::v19::BookT<lob::ChecksumSink, 16u>::Level> > > >(std::__1::map<long, lob::v19::BookT<lob::ChecksumSink, 16u>::Level, std::__1::greater<void>, std::__1::allocator<std::__1::pair<long const, lob::v19::BookT<lob::ChecksumSink, 16u>::Level> > >&) const
1031 12 0 0 8 0 0 0 0 0
fn=auto lob::v19::BookT<lob::ChecksumSink, 16u>::unlink_off_grid(lob::v19::BookT<lob::ChecksumSink, 16u>::Loc const&, unsigned long)::{lambda(auto:1&)#1}::operator()<std::__1::map<long, lob::v19::BookT<lob::ChecksumSink, 16u>::Level, std::__1::less<void>, std::__1::allocator<std::__1::pair<long const, lob::v19::BookT<lob::ChecksumSink, 16u>::Level> > > >(std::__1::map<long, lob::v19::BookT<lob::ChecksumSink, 16u>::Level, std::__1::less<void>, std::__1::allocator<std::__1::pair<long const, lob::v19::BookT<lob::ChecksumSink, 16u>::Level> > >&) const
1031 30 0 0 20 0 0 0 0 0
fn=lob::v19::BookT<lob::ChecksumSink, 16u>::off_grid_level(lob::Side, long, unsigned long)
1031 51 0 0 34 0 0 0 0 0
fl=???
fn=???
0 194 12 12 122 50 14 4 0 0
fn=operator delete(void*)
0 95 0 0 19 0 0 19 0 0
fn=operator delete(void*, std::align_val_t)
0 15 1 1 3 0 0 3 0 0
fn=operator delete(void*, unsigned long)
0 80 0 0 16 0 0 16 0 0
fn=operator delete[](void*)
0 15 1 1 3 0 0 3 0 0
fn=operator new(unsigned long)
0 357 2 2 63 0 0 84 0 0
fn=operator new(unsigned long, std::align_val_t)
0 81 3 3 12 0 0 12 0 0
fn=operator new[](unsigned long)
0 15 0 0 3 0 0 3 0 0
summary: 360283589 342 338 78025407 924028 844943 22793516 958678 4445
