==23257== Cachegrind, a high-precision tracing profiler
==23257== Copyright (C) 2002-2017, and GNU GPL'd, by Nicholas Nethercote et al.
==23257== Using Valgrind-3.22.0 and LibVEX; rerun with -h for copyright info
==23257== Command: /home/wang/sources/cxx/book/build/profile/book replay --workload data/itch12302019_SPY.ops --version v2
==23257== 
==23257== 
==23257== I refs:        595,335,346
==23257== I1  misses:            263
==23257== LLi misses:            263
==23257== I1  miss rate:        0.00%
==23257== LLi miss rate:        0.00%
==23257== 
==23257== D refs:        247,151,839  (171,002,781 rd   + 76,149,058 wr)
==23257== D1  misses:      1,950,428  (  1,250,082 rd   +    700,346 wr)
==23257== LLd misses:        856,385  (    845,390 rd   +     10,995 wr)
==23257== D1  miss rate:         0.8% (        0.7%     +        0.9%  )
==23257== LLd miss rate:         0.3% (        0.5%     +        0.0%  )
==23257== 
==23257== LL refs:         1,950,691  (  1,250,345 rd   +    700,346 wr)
==23257== LL misses:         856,648  (    845,653 rd   +     10,995 wr)
==23257== LL miss rate:          0.1% (        0.1%     +        0.0%  )
