==80918== Cachegrind, a high-precision tracing profiler
==80918== Copyright (C) 2002-2017, and GNU GPL'd, by Nicholas Nethercote et al.
==80918== Using Valgrind-3.22.0 and LibVEX; rerun with -h for copyright info
==80918== Command: /home/wang/sources/cxx/book/build/profile/book replay --workload data/syn_aggressive_s42.ops --version v12
==80918== 
==80918== 
==80918== I refs:        199,136,667
==80918== I1  misses:            260
==80918== LLi misses:            259
==80918== I1  miss rate:        0.00%
==80918== LLi miss rate:        0.00%
==80918== 
==80918== D refs:         77,559,152  (55,020,957 rd   + 22,538,195 wr)
==80918== D1  misses:      2,069,819  ( 1,062,605 rd   +  1,007,214 wr)
==80918== LLd misses:        378,768  (   375,139 rd   +      3,629 wr)
==80918== D1  miss rate:         2.7% (       1.9%     +        4.5%  )
==80918== LLd miss rate:         0.5% (       0.7%     +        0.0%  )
==80918== 
==80918== LL refs:         2,070,079  ( 1,062,865 rd   +  1,007,214 wr)
==80918== LL misses:         379,027  (   375,398 rd   +      3,629 wr)
==80918== LL miss rate:          0.1% (       0.1%     +        0.0%  )
