==93235== Cachegrind, a high-precision tracing profiler
==93235== Copyright (C) 2002-2017, and GNU GPL'd, by Nicholas Nethercote et al.
==93235== Using Valgrind-3.22.0 and LibVEX; rerun with -h for copyright info
==93235== Command: /home/wang/sources/cxx/book/build/profile/book replay --workload data/itch12302019_AAPL.ops --version v15
==93235== 
==93235== 
==93235== I refs:        254,361,640
==93235== I1  misses:            347
==93235== LLi misses:            326
==93235== I1  miss rate:        0.00%
==93235== LLi miss rate:        0.00%
==93235== 
==93235== D refs:         89,900,882  (63,866,451 rd   + 26,034,431 wr)
==93235== D1  misses:      1,905,099  ( 1,730,813 rd   +    174,286 wr)
==93235== LLd misses:        672,464  (   619,063 rd   +     53,401 wr)
==93235== D1  miss rate:         2.1% (       2.7%     +        0.7%  )
==93235== LLd miss rate:         0.7% (       1.0%     +        0.2%  )
==93235== 
==93235== LL refs:         1,905,446  ( 1,731,160 rd   +    174,286 wr)
==93235== LL misses:         672,790  (   619,389 rd   +     53,401 wr)
==93235== LL miss rate:          0.2% (       0.2%     +        0.2%  )
