==51209== Cachegrind, a high-precision tracing profiler
==51209== Copyright (C) 2002-2017, and GNU GPL'd, by Nicholas Nethercote et al.
==51209== Using Valgrind-3.22.0 and LibVEX; rerun with -h for copyright info
==51209== Command: /home/wang/sources/cxx/book/build/profile/book replay --workload data/itch12302019_SPY.ops --version v4
==51209== 
==51209== 
==51209== I refs:        449,875,578
==51209== I1  misses:            248
==51209== LLi misses:            247
==51209== I1  miss rate:        0.00%
==51209== LLi miss rate:        0.00%
==51209== 
==51209== D refs:        178,618,118  (122,333,065 rd   + 56,285,053 wr)
==51209== D1  misses:      1,581,378  (  1,058,653 rd   +    522,725 wr)
==51209== LLd misses:        855,836  (    846,432 rd   +      9,404 wr)
==51209== D1  miss rate:         0.9% (        0.9%     +        0.9%  )
==51209== LLd miss rate:         0.5% (        0.7%     +        0.0%  )
==51209== 
==51209== LL refs:         1,581,626  (  1,058,901 rd   +    522,725 wr)
==51209== LL misses:         856,083  (    846,679 rd   +      9,404 wr)
==51209== LL miss rate:          0.1% (        0.1%     +        0.0%  )
