==16088== Cachegrind, a high-precision tracing profiler
==16088== Copyright (C) 2002-2017, and GNU GPL'd, by Nicholas Nethercote et al.
==16088== Using Valgrind-3.22.0 and LibVEX; rerun with -h for copyright info
==16088== Command: /home/wang/sources/cxx/book/build/profile/book replay --workload data/syn_aggressive_s42.ops --version v1
==16088== 
==16088== 
==16088== I refs:        304,730,220
==16088== I1  misses:            253
==16088== LLi misses:            253
==16088== I1  miss rate:        0.00%
==16088== LLi miss rate:        0.00%
==16088== 
==16088== D refs:        132,365,610  (85,813,775 rd   + 46,551,835 wr)
==16088== D1  misses:      2,230,334  ( 1,322,325 rd   +    908,009 wr)
==16088== LLd misses:        379,311  (   375,096 rd   +      4,215 wr)
==16088== D1  miss rate:         1.7% (       1.5%     +        2.0%  )
==16088== LLd miss rate:         0.3% (       0.4%     +        0.0%  )
==16088== 
==16088== LL refs:         2,230,587  ( 1,322,578 rd   +    908,009 wr)
==16088== LL misses:         379,564  (   375,349 rd   +      4,215 wr)
==16088== LL miss rate:          0.1% (       0.1%     +        0.0%  )
