==81038== Cachegrind, a high-precision tracing profiler
==81038== Copyright (C) 2002-2017, and GNU GPL'd, by Nicholas Nethercote et al.
==81038== Using Valgrind-3.22.0 and LibVEX; rerun with -h for copyright info
==81038== Command: /home/wang/sources/cxx/book/build/profile/book replay --workload data/itch12302019_AAPL.ops --version v13
==81038== 
==81038== 
==81038== I refs:        309,897,706
==81038== I1  misses:            250
==81038== LLi misses:            250
==81038== I1  miss rate:        0.00%
==81038== LLi miss rate:        0.00%
==81038== 
==81038== D refs:        113,338,031  (83,248,128 rd   + 30,089,903 wr)
==81038== D1  misses:      3,053,332  ( 1,839,793 rd   +  1,213,539 wr)
==81038== LLd misses:        770,902  (   638,613 rd   +    132,289 wr)
==81038== D1  miss rate:         2.7% (       2.2%     +        4.0%  )
==81038== LLd miss rate:         0.7% (       0.8%     +        0.4%  )
==81038== 
==81038== LL refs:         3,053,582  ( 1,840,043 rd   +  1,213,539 wr)
==81038== LL misses:         771,152  (   638,863 rd   +    132,289 wr)
==81038== LL miss rate:          0.2% (       0.2%     +        0.4%  )
