==93113== Cachegrind, a high-precision tracing profiler
==93113== Copyright (C) 2002-2017, and GNU GPL'd, by Nicholas Nethercote et al.
==93113== Using Valgrind-3.22.0 and LibVEX; rerun with -h for copyright info
==93113== Command: /home/wang/sources/cxx/book/build/profile/book replay --workload data/syn_aggressive_s42.ops --version v12
==93113== 
==93113== 
==93113== I refs:        199,136,668
==93113== I1  misses:            256
==93113== LLi misses:            256
==93113== I1  miss rate:        0.00%
==93113== LLi miss rate:        0.00%
==93113== 
==93113== D refs:         77,559,152  (55,020,957 rd   + 22,538,195 wr)
==93113== D1  misses:      2,068,876  ( 1,061,660 rd   +  1,007,216 wr)
==93113== LLd misses:        378,757  (   375,128 rd   +      3,629 wr)
==93113== D1  miss rate:         2.7% (       1.9%     +        4.5%  )
==93113== LLd miss rate:         0.5% (       0.7%     +        0.0%  )
==93113== 
==93113== LL refs:         2,069,132  ( 1,061,916 rd   +  1,007,216 wr)
==93113== LL misses:         379,013  (   375,384 rd   +      3,629 wr)
==93113== LL miss rate:          0.1% (       0.1%     +        0.0%  )
