desc: I1 cache:         32768 B, 64 B, 8-way associative
desc: D1 cache:         49152 B, 64 B, 12-way associative
desc: LL cache:         6291456 B, 64 B, 12-way associative
cmd: /home/wang/sources/cxx/book/build/profile/book replay --workload data/syn_aggressive_s42.ops --version v2
events: Ir I1mr ILmr Dr D1mr DLmr Dw D1mw DLmw 
fl=./malloc/./malloc/arena.c
fn=free
153 11970 0 0 0 0 0 0 0 0
fn=malloc
153 150 0 0 0 0 0 0 0 0
fl=./malloc/./malloc/malloc.c
fn=_int_free
1792 64 0 0 64 38 0 0 0 0
1992 159 1 1 53 0 0 0 0 0
3163 7852 1 1 3926 0 0 3926 0 0
3165 15704 0 0 3926 727 4 3926 0 0
3166 3926 0 0 0 0 0 3926 0 0
3167 7852 0 0 0 0 0 3926 0 0
4495 27930 1 1 0 0 0 15960 2 0
4499 11970 1 1 3990 0 0 0 0 0
4505 15960 0 0 0 0 0 0 0 0
4506 7980 0 0 0 0 0 0 0 0
4510 19950 0 0 0 0 0 0 0 0
4517 7980 0 0 0 0 0 0 0 0
4518 23940 1 1 11970 819 0 0 0 0
4521 3979 0 0 0 0 0 0 0 0
4527 11937 0 0 7958 1230 1 0 0 0
4547 19895 1 1 7958 895 0 0 0 0
4550 3926 0 0 0 0 0 0 0 0
4561 128 0 0 0 0 0 0 0 0
4572 212 0 0 53 9 2 0 0 0
4574 159 0 0 53 48 0 0 0 0
4593 53 0 0 0 0 0 0 0 0
4595 53 0 0 0 0 0 53 47 0
4596 53 0 0 0 0 0 0 0 0
4600 159 0 0 53 0 0 0 0 0
4602 106 0 0 53 49 0 0 0 0
4606 106 0 0 0 0 0 0 0 0
4608 159 0 0 0 0 0 53 0 0
4609 53 0 0 0 0 0 53 0 0
4628 212 0 0 0 0 0 0 0 0
4637 22 0 0 11 0 0 0 0 0
4640 22 0 0 11 3 0 0 0 0
4643 22 1 1 0 0 0 0 0 0
4646 22 0 0 0 0 0 0 0 0
4658 23929 1 1 19939 0 0 0 0 0
fn=_int_free_maybe_consolidate
4770 121 1 1 11 3 0 77 0 0
4776 22 0 0 0 0 0 0 0 0
4778 4 0 0 1 0 0 0 0 0
4781 3 0 0 0 0 0 0 0 0
4784 5 2 2 3 1 0 0 0 0
4785 5 0 0 3 0 0 0 0 0
4798 117 1 1 96 0 0 0 0 0
fn=_int_free_merge_chunk
1992 33 0 0 11 0 0 0 0 0
4665 88 1 1 0 0 0 66 0 0
4666 11 0 0 0 0 0 0 0 0
4670 66 0 0 11 3 0 0 0 0
4673 44 1 1 11 3 0 0 0 0
4675 33 1 1 11 3 0 0 0 0
4678 33 0 0 11 1 0 0 0 0
4681 22 0 0 0 0 0 0 0 0
4682 22 0 0 0 0 0 0 0 0
4683 22 0 0 11 3 0 0 0 0
4689 22 1 1 11 0 0 0 0 0
4691 7 0 0 7 0 0 0 0 0
4692 7 0 0 0 0 0 0 0 0
4693 7 0 0 0 0 0 0 0 0
4694 28 0 0 7 2 0 0 0 0
4696 14 0 0 0 0 0 7 1 0
4701 33 0 0 0 0 0 0 0 0
4702 77 0 0 66 0 0 0 0 0
4714 22 0 0 11 0 0 0 0 0
4720 22 0 0 11 2 0 0 0 0
4724 11 0 0 11 0 0 0 0 0
4732 11 0 0 0 0 0 0 0 0
4733 44 1 1 11 0 0 0 0 0
4734 22 0 0 11 0 0 0 0 0
4736 11 0 0 0 0 0 11 0 0
4738 22 0 0 0 0 0 0 0 0
4740 33 1 1 0 0 0 11 0 0
4743 11 0 0 0 0 0 11 0 0
4744 11 0 0 0 0 0 11 0 0
4746 33 0 0 0 0 0 11 0 0
4747 11 0 0 0 0 0 11 0 0
fn=_int_malloc
1326 150 0 0 0 0 0 0 0 0
1345 450 0 0 0 0 0 0 0 0
1794 75 1 1 75 0 0 0 0 0
1985 81 0 0 27 0 0 0 0 0
2008 8 0 0 2 0 0 0 0 0
2552 12 0 0 4 4 2 4 0 0
2553 2 1 1 0 0 0 2 0 0
2564 4 1 1 2 2 1 0 0 0
2589 8 0 0 2 0 0 2 0 0
2590 4 0 0 0 0 0 2 0 0
2599 24 1 1 6 0 0 0 0 0
2605 6 0 0 4 0 0 0 0 0
2608 6 1 1 0 0 0 0 0 0
2669 6 1 1 2 0 0 2 0 0
2677 4 0 0 2 0 0 0 0 0
2678 6 0 0 2 0 0 2 0 0
2691 6 1 1 2 0 0 0 0 0
2693 2 0 0 2 0 0 0 0 0
2699 10 0 0 2 0 0 2 0 0
2707 4 0 0 0 0 0 0 0 0
2709 8 2 2 0 0 0 4 2 0
2710 6 0 0 2 0 0 0 0 0
2711 2 0 0 0 0 0 0 0 0
2712 2 0 0 0 0 0 0 0 0
2715 4 0 0 0 0 0 0 0 0
2744 14 1 1 6 0 0 0 0 0
2746 4 1 1 0 0 0 2 0 0
2752 16 0 0 2 0 0 0 0 0
2753 12 0 0 2 0 0 2 0 0
2921 6 1 1 4 0 0 0 0 0
2922 2 0 0 0 0 0 2 0 0
2926 2 0 0 2 0 0 0 0 0
2930 10 1 1 4 0 0 0 0 0
2932 2 0 0 0 0 0 0 0 0
2933 2 0 0 0 0 0 0 0 0
2934 2 0 0 0 0 0 2 0 0
2935 14 0 0 0 0 0 2 0 0
2936 4 0 0 0 0 0 2 2 2
2938 2 0 0 0 0 0 0 0 0
3163 62 0 0 31 8 0 31 0 0
3165 80 0 0 31 5 0 31 0 0
3166 31 0 0 0 0 0 31 0 0
3167 62 0 0 0 0 0 31 0 0
3846 825 2 2 75 24 1 525 5 1
3887 150 0 0 0 0 0 0 0 0
3914 150 0 0 0 0 0 0 0 0
3916 232 0 0 0 0 0 0 0 0
3917 18 0 0 0 0 0 0 0 0
3919 58 0 0 58 24 1 0 0 0
3921 116 0 0 0 0 0 0 0 0
3923 36 0 0 0 0 0 0 0 0
3926 36 1 1 18 0 0 0 0 0
3927 90 0 0 18 12 0 18 0 0
3930 120 2 2 0 0 0 0 0 0
3932 36 0 0 18 2 0 0 0 0
3933 36 0 0 0 0 0 0 0 0
3939 36 0 0 0 0 0 0 0 0
3940 108 1 1 54 0 0 0 0 0
3945 85 0 0 36 0 0 0 0 0
3946 245 1 1 49 0 0 0 0 0
3948 62 0 0 0 0 0 0 0 0
3950 62 0 0 31 0 0 0 0 0
3951 186 0 0 31 24 1 31 0 0
3977 34 1 1 0 0 0 0 0 0
3979 140 0 0 0 0 0 0 0 0
3980 88 1 1 0 0 0 0 0 0
3982 132 0 0 44 12 6 0 0 0
4039 165 1 1 0 0 0 0 0 0
4040 39 0 0 13 0 0 0 0 0
4058 171 1 1 57 0 0 0 0 0
4059 171 0 0 0 0 0 57 1 1
4060 171 1 1 114 0 0 0 0 0
4069 60 0 0 0 0 0 30 0 0
4070 346 1 1 76 6 1 57 0 0
4072 31 0 0 31 1 0 0 0 0
4073 62 0 0 31 3 0 0 0 0
4074 31 0 0 0 0 0 0 0 0
4076 62 0 0 0 0 0 0 0 0
4077 93 1 1 31 6 0 0 0 0
4079 31 0 0 31 4 0 0 0 0
4080 124 0 0 0 0 0 0 0 0
4082 124 0 0 31 0 0 0 0 0
4084 62 1 1 31 0 0 0 0 0
4085 62 0 0 31 0 0 0 0 0
4087 62 0 0 0 0 0 0 0 0
4098 124 0 0 0 0 0 0 0 0
4099 40 1 1 20 0 0 0 0 0
4100 26 0 0 0 0 0 0 0 0
4101 13 0 0 0 0 0 0 0 0
4104 12 0 0 0 0 0 0 0 0
4105 12 1 1 0 0 0 0 0 0
4106 12 0 0 0 0 0 12 0 0
4107 36 0 0 0 0 0 12 0 0
4108 36 1 1 0 0 0 12 10 2
4109 24 0 0 0 0 0 0 0 0
4111 24 0 0 0 0 0 12 3 2
4115 96 0 0 0 0 0 12 0 0
4117 36 1 1 0 0 0 12 1 0
4118 12 0 0 0 0 0 12 0 0
4121 12 0 0 0 0 0 0 0 0
4122 36 0 0 0 0 0 12 4 0
4123 12 0 0 0 0 0 0 0 0
4127 19 0 0 0 0 0 19 0 0
4128 19 0 0 0 0 0 19 0 0
4132 38 0 0 0 0 0 0 0 0
4161 43 2 2 0 0 0 0 0 0
4163 4 0 0 0 0 0 2 0 0
4164 8 0 0 0 0 0 0 0 0
4165 2 0 0 2 2 0 0 0 0
4169 235 4 4 0 0 0 17 0 0
4170 51 1 1 0 0 0 0 0 0
4171 17 0 0 17 7 1 0 0 0
4174 34 0 0 0 0 0 0 0 0
4218 68 0 0 0 0 0 17 0 0
4221 133 2 2 38 4 0 0 0 0
4222 19 0 0 0 0 0 19 0 0
4223 19 0 0 0 0 0 19 0 0
4224 19 0 0 0 0 0 19 0 0
4225 19 0 0 0 0 0 19 0 0
4230 38 0 0 38 0 0 0 0 0
4231 38 0 0 0 0 0 0 0 0
4240 76 1 1 38 0 0 0 0 0
4246 36 0 0 0 0 0 0 0 0
4257 135 1 1 0 0 0 0 0 0
4259 52 0 0 0 0 0 0 0 0
4262 39 0 0 13 10 9 0 0 0
4263 47 1 1 2 0 0 0 0 0
4266 2 0 0 2 0 0 0 0 0
4267 12 0 0 2 0 0 0 0 0
4273 4 1 1 2 0 0 0 0 0
4278 6 0 0 0 0 0 2 0 0
4279 6 0 0 0 0 0 4 0 0
4282 8 0 0 4 0 0 0 0 0
4291 2 0 0 0 0 0 0 0 0
4295 8 1 1 2 0 0 0 0 0
4296 4 0 0 2 0 0 0 0 0
4299 2 0 0 0 0 0 2 0 0
4300 2 0 0 0 0 0 2 0 0
4301 2 0 0 0 0 0 2 0 0
4302 4 0 0 0 0 0 0 0 0
4304 2 0 0 0 0 0 1 0 0
4307 16 1 1 0 0 0 2 0 0
4309 6 0 0 0 0 0 2 0 0
4310 2 0 0 0 0 0 2 0 0
4313 2 0 0 0 0 0 0 0 0
4330 43 0 0 0 0 0 0 0 0
4331 86 0 0 0 0 0 0 0 0
4332 86 0 0 0 0 0 0 0 0
4333 86 0 0 43 1 1 0 0 0
4334 258 0 0 0 0 0 0 0 0
4339 187 1 1 0 0 0 0 0 0
4343 344 2 2 0 0 0 0 0 0
4346 340 1 1 85 0 0 0 0 0
4348 32 0 0 0 0 0 0 0 0
4349 16 0 0 0 0 0 0 0 0
4353 262 0 0 0 0 0 0 0 0
4355 118 0 0 0 0 0 0 0 0
4357 236 0 0 0 0 0 0 0 0
4361 13 0 0 13 3 0 0 0 0
4364 26 0 0 0 0 0 0 0 0
4366 20 0 0 0 0 0 4 0 0
4367 4 0 0 0 0 0 0 0 0
4368 4 0 0 0 0 0 0 0 0
4373 36 0 0 9 2 0 0 0 0
4376 18 0 0 0 0 0 0 0 0
4378 27 1 1 0 0 0 9 0 0
4381 27 0 0 0 0 0 18 1 0
4384 36 0 0 18 0 0 0 0 0
4386 1 0 0 1 0 0 0 0 0
4387 3 1 1 0 0 0 0 0 0
4394 8 0 0 0 0 0 0 0 0
4399 32 0 0 8 0 0 0 0 0
4400 16 1 1 8 0 0 0 0 0
4403 8 0 0 0 0 0 8 6 0
4404 8 0 0 0 0 0 8 0 0
4405 8 0 0 0 0 0 8 0 0
4408 16 0 0 0 0 0 0 0 0
4409 8 0 0 0 0 0 8 0 0
4410 16 0 0 0 0 0 0 0 0
4412 14 0 0 0 0 0 7 1 0
4415 64 1 1 0 0 0 8 0 0
4417 24 0 0 0 0 0 8 0 0
4418 8 0 0 0 0 0 8 0 0
4421 9 0 0 0 0 0 0 0 0
4443 34 1 1 34 0 0 0 0 0
4444 68 0 0 34 2 0 0 0 0
4446 68 0 0 34 1 1 0 0 0
4449 102 0 0 0 0 0 0 0 0
4451 32 0 0 0 0 0 0 0 0
4452 64 1 1 0 0 0 0 0 0
4453 32 0 0 0 0 0 32 0 0
4454 256 1 1 0 0 0 32 0 0
4456 64 0 0 0 0 0 32 32 32
4459 68 0 0 0 0 0 0 0 0
4460 108 0 0 0 0 0 36 1 1
4461 36 0 0 0 0 0 0 0 0
4466 8 0 0 2 0 0 2 0 0
4482 2 0 0 0 0 0 0 0 0
4487 900 2 2 675 0 0 0 0 0
fn=alloc_perturb
1985 144 1 1 48 0 0 0 0 0
1987 48 0 0 48 0 0 0 0 0
fn=free
3359 27930 2 2 0 0 0 15960 0 0
3363 7980 0 0 0 0 0 0 0 0
3371 7980 0 0 7980 2228 2 0 0 0
3373 3990 0 0 0 0 0 0 0 0
3375 11970 0 0 3990 130 2 0 0 0
3392 11970 0 0 7980 1503 0 0 0 0
3398 11970 1 1 0 0 0 3990 8 0
3401 3990 0 0 0 0 0 3990 0 0
3402 23940 0 0 19950 0 0 0 0 0
fn=malloc
1326 8044 0 0 0 0 0 0 0 0
1345 20110 1 1 0 0 0 0 0 0
3178 7894 0 0 3947 471 0 0 0 0
3182 7894 0 0 0 0 0 0 0 0
3186 15788 0 0 3947 694 6 3947 0 0
3190 7894 0 0 0 0 0 3947 0 0
3191 3947 0 0 0 0 0 3947 0 0
3294 32176 1 1 0 0 0 16088 1 1
3301 8044 0 0 4022 1131 1 0 0 0
3311 8044 0 0 0 0 0 0 0 0
3313 16088 0 0 8044 1001 2 0 0 0
3316 8044 0 0 4022 534 1 0 0 0
3318 12027 1 1 4009 583 3 0 0 0
3326 150 1 1 75 25 1 0 0 0
3328 300 1 1 0 0 0 75 0 0
3329 375 1 1 75 0 0 0 0 0
3354 24132 1 1 20110 0 0 0 0 0
fn=systrim.constprop.0
2957 6 1 1 0 0 0 4 0 0
2966 3 0 0 2 0 0 0 0 0
2968 1 0 0 0 0 0 0 0 0
2969 2 0 0 0 0 0 0 0 0
2970 1 0 0 0 0 0 0 0 0
2974 3 0 0 1 0 0 0 0 0
2975 1 0 0 0 0 0 0 0 0
2978 5 1 1 2 2 0 0 0 0
2980 2 0 0 0 0 0 0 0 0
3020 6 0 0 5 0 0 0 0 0
fn=unlink_chunk.isra.0
1608 36 1 1 0 0 0 18 0 0
1610 90 0 0 36 1 0 0 0 0
1613 36 0 0 36 0 0 0 0 0
1614 36 0 0 18 0 0 0 0 0
1616 72 2 1 36 2 0 0 0 0
1619 18 0 0 0 0 0 18 0 0
1620 18 0 0 0 0 0 18 0 0
1621 84 0 0 16 2 0 0 0 0
1623 30 0 0 15 0 0 0 0 0
1624 45 0 0 30 0 0 0 0 0
1627 30 0 0 15 5 2 0 0 0
1641 15 0 0 0 0 0 15 0 0
1642 15 1 1 0 0 0 15 0 0
1645 36 0 0 36 0 0 0 0 0
fl=./malloc/./malloc/morecore.c
fn=__glibc_morecore
25 6 1 1 0 0 0 2 0 0
26 4 0 0 2 0 0 0 0 0
29 2 0 0 0 0 0 2 0 0
30 4 0 0 0 0 0 0 0 0
34 4 0 0 4 0 0 0 0 0
fl=./misc/../sysdeps/unix/sysv/linux/brk.c
fn=brk
36 2 1 1 0 0 0 0 0 0
37 4 0 0 2 0 0 2 0 0
38 4 0 0 0 0 0 0 0 0
44 2 0 0 0 0 0 0 0 0
45 2 0 0 2 0 0 0 0 0
fl=./misc/../sysdeps/unix/sysv/linux/brk_call.h
fn=brk
24 4 0 0 0 0 0 0 0 0
fl=./misc/./misc/sbrk.c
fn=sbrk
37 16 1 1 0 0 0 8 2 1
40 4 0 0 4 4 2 0 0 0
43 4 2 1 2 2 1 0 0 0
58 4 0 0 0 0 0 0 0 0
62 4 0 0 0 0 0 0 0 0
66 8 1 1 0 0 0 0 0 0
74 6 1 1 0 0 0 2 0 0
78 14 0 0 10 0 0 0 0 0
fl=./string/../sysdeps/x86_64/multiarch/memmove-vec-unaligned-erms.S
fn=__memcpy_avx_unaligned_erms
255 12 1 1 0 0 0 0 0 0
256 12 0 0 0 0 0 0 0 0
262 12 0 0 0 0 0 0 0 0
263 12 0 0 0 0 0 0 0 0
265 10 0 0 10 2 0 0 0 0
266 10 0 0 0 0 0 0 0 0
267 10 0 0 0 0 0 0 0 0
270 1 0 0 1 0 0 0 0 0
271 1 0 0 0 0 0 1 0 0
272 1 0 0 0 0 0 1 0 0
275 2 0 0 1 0 0 0 0 0
305 2 0 0 0 0 0 0 0 0
306 2 0 0 0 0 0 0 0 0
308 1 0 0 0 0 0 0 0 0
309 1 0 0 0 0 0 0 0 0
311 1 0 0 0 0 0 0 0 0
315 1 0 0 0 0 0 0 0 0
316 1 1 1 0 0 0 0 0 0
317 1 0 0 0 0 0 0 0 0
325 1 0 0 1 0 0 0 0 0
342 1 0 0 1 0 0 0 0 0
343 1 0 0 1 0 0 0 0 0
344 1 0 0 0 0 0 1 0 0
345 1 0 0 0 0 0 1 0 0
347 1 0 0 1 0 0 0 0 0
375 1 1 1 1 0 0 0 0 0
376 1 0 0 1 0 0 0 0 0
377 1 0 0 0 0 0 1 1 1
378 1 0 0 0 0 0 1 0 0
379 1 0 0 0 0 0 1 0 0
380 1 0 0 0 0 0 1 0 0
381 2 0 0 1 0 0 0 0 0
386 9 2 1 9 2 1 0 0 0
387 9 0 0 0 0 0 0 0 0
392 7 0 0 0 0 0 0 0 0
393 7 0 0 0 0 0 0 0 0
395 2 0 0 2 0 0 0 0 0
396 2 0 0 0 0 0 0 0 0
397 2 0 0 0 0 0 0 0 0
399 1 0 0 1 0 0 0 0 0
400 1 0 0 1 0 0 0 0 0
401 1 0 0 1 0 0 0 0 0
402 1 0 0 1 0 0 0 0 0
403 1 0 0 1 0 0 0 0 0
404 1 1 1 1 0 0 0 0 0
405 1 0 0 0 0 0 1 0 0
406 1 0 0 0 0 0 1 1 1
407 1 0 0 0 0 0 1 0 0
408 1 0 0 0 0 0 1 1 1
409 1 0 0 0 0 0 1 0 0
410 1 0 0 0 0 0 1 0 0
411 1 0 0 0 0 0 1 0 0
412 1 0 0 0 0 0 1 0 0
413 2 0 0 1 0 0 0 0 0
417 5 0 0 0 0 0 0 0 0
418 5 0 0 0 0 0 0 0 0
422 5 0 0 0 0 0 0 0 0
424 5 1 1 0 0 0 0 0 0
428 5 0 0 5 1 1 0 0 0
429 5 0 0 0 0 0 0 0 0
440 5 0 0 0 0 0 0 0 0
443 5 0 0 0 0 0 0 0 0
445 5 0 0 0 0 0 0 0 0
447 5 0 0 0 0 0 0 0 0
451 5 0 0 0 0 0 0 0 0
452 5 0 0 0 0 0 0 0 0
461 5 0 0 5 0 0 0 0 0
462 5 0 0 5 0 0 0 0 0
464 5 0 0 0 0 0 0 0 0
466 5 0 0 0 0 0 0 0 0
467 5 1 1 5 0 0 0 0 0
468 5 0 0 5 0 0 0 0 0
471 5 0 0 0 0 0 0 0 0
473 5 0 0 0 0 0 0 0 0
475 5 0 0 0 0 0 0 0 0
477 10 0 0 0 0 0 0 0 0
483 88 0 0 88 0 0 0 0 0
484 88 0 0 88 0 0 0 0 0
485 88 0 0 88 0 0 0 0 0
486 88 0 0 88 1 0 0 0 0
487 88 0 0 0 0 0 0 0 0
488 88 0 0 0 0 0 88 12 12
489 88 0 0 0 0 0 88 32 30
490 88 1 1 0 0 0 88 11 11
491 88 0 0 0 0 0 88 31 30
492 88 0 0 0 0 0 0 0 0
493 88 0 0 0 0 0 0 0 0
494 88 0 0 0 0 0 0 0 0
496 5 0 0 0 0 0 5 3 3
497 5 0 0 0 0 0 5 1 1
498 5 0 0 0 0 0 5 0 0
499 5 0 0 0 0 0 5 0 0
501 5 0 0 0 0 0 5 0 0
505 10 0 0 5 0 0 0 0 0
563 2 1 1 2 1 0 0 0 0
570 2 0 0 0 0 0 0 0 0
571 2 0 0 0 0 0 0 0 0
577 1 0 0 0 0 0 0 0 0
580 1 0 0 0 0 0 0 0 0
582 1 0 0 0 0 0 0 0 0
585 1 0 0 0 0 0 0 0 0
586 1 0 0 0 0 0 0 0 0
588 1 0 0 0 0 0 0 0 0
590 12241 0 0 12240 145 0 12240 190 0
592 1 0 0 0 0 0 1 0 0
594 1 0 0 0 0 0 1 0 0
596 2 0 0 1 0 0 0 0 0
601 2 1 1 0 0 0 0 0 0
602 2 0 0 0 0 0 0 0 0
606 2 0 0 0 0 0 0 0 0
608 2 0 0 0 0 0 0 0 0
611 2 0 0 0 0 0 0 0 0
615 2 0 0 2 2 0 0 0 0
616 2 0 0 0 0 0 0 0 0
620 2 0 0 2 0 0 0 0 0
624 2 0 0 0 0 0 0 0 0
648 1 0 0 0 0 0 0 0 0
650 1 0 0 0 0 0 0 0 0
652 1 0 0 0 0 0 0 0 0
654 1 1 1 0 0 0 0 0 0
657 1 0 0 0 0 0 0 0 0
658 1 0 0 0 0 0 0 0 0
660 24577 0 0 24576 378 0 24576 384 384
663 1 0 0 0 0 0 1 0 0
665 1 0 0 0 0 0 1 0 0
667 2 0 0 1 1 0 0 0 0
fl=./string/../sysdeps/x86_64/multiarch/memset-vec-unaligned-erms.S
fn=__memset_avx2_unaligned_erms
158 8 1 1 0 0 0 0 0 0
159 16 0 0 0 0 0 0 0 0
164 8 0 0 0 0 0 0 0 0
165 8 0 0 0 0 0 0 0 0
166 8 0 0 0 0 0 0 0 0
167 8 0 0 0 0 0 0 0 0
168 8 0 0 0 0 0 0 0 0
170 2 0 0 0 0 0 2 2 2
171 2 0 0 0 0 0 2 1 1
172 4 0 0 2 0 0 0 0 0
181 1 0 0 0 0 0 1 1 1
182 1 0 0 0 0 0 1 0 0
184 2 0 0 1 0 0 0 0 0
237 6 1 1 6 2 0 0 0 0
238 6 0 0 0 0 0 0 0 0
244 5 0 0 0 0 0 5 5 5
245 5 0 0 0 0 0 5 2 2
257 5 0 0 0 0 0 0 0 0
260 5 0 0 0 0 0 0 0 0
261 5 0 0 0 0 0 0 0 0
273 4 0 0 0 0 0 4 2 2
274 4 0 0 0 0 0 4 2 2
287 4 0 0 0 0 0 0 0 0
288 4 0 0 0 0 0 0 0 0
290 4 0 0 0 0 0 0 0 0
293 3 0 0 0 0 0 0 0 0
296 3 0 0 0 0 0 0 0 0
299 24 0 0 0 0 0 24 20 20
300 24 0 0 0 0 0 24 3 3
301 24 0 0 0 0 0 24 21 21
302 24 0 0 0 0 0 24 3 3
303 24 0 0 0 0 0 0 0 0
304 24 0 0 0 0 0 0 0 0
305 27 0 0 0 0 0 0 0 0
308 4 1 1 0 0 0 4 1 1
309 4 0 0 0 0 0 4 1 1
310 4 0 0 0 0 0 4 1 1
311 4 0 0 0 0 0 4 0 0
314 8 0 0 4 0 0 0 0 0
325 1 1 1 0 0 0 0 0 0
326 1 0 0 0 0 0 0 0 0
327 1 0 0 0 0 0 0 0 0
328 4097 0 0 0 0 0 4096 65 65
329 1 0 0 0 0 0 0 0 0
330 2 0 0 1 0 0 0 0 0
fl=/home/wang/git-repositories/vcpkg/installed/x64-linux-clang-libcxx/include/boost/container_hash/hash.hpp
fn=unsigned int lob::v2::Book<lob::ChecksumSink>::match<std::__1::map<long, lob::v2::Book<lob::ChecksumSink>::Level, std::__1::greater<void>, std::__1::allocator<std::__1::pair<long const, lob::v2::Book<lob::ChecksumSink>::Level> > >, lob::v2::Book<lob::ChecksumSink>::add(unsigned long, lob::Side, long, unsigned int)::{lambda(long)#2}>(std::__1::map<long, lob::v2::Book<lob::ChecksumSink>::Level, std::__1::greater<void>, std::__1::allocator<std::__1::pair<long const, lob::v2::Book<lob::ChecksumSink>::Level> > >&, unsigned long, unsigned int, lob::v2::Book<lob::ChecksumSink>::add(unsigned long, lob::Side, long, unsigned int)::{lambda(long)#2})
538 81679 0 0 81679 0 0 0 0 0
fn=unsigned int lob::v2::Book<lob::ChecksumSink>::match<std::__1::map<long, lob::v2::Book<lob::ChecksumSink>::Level, std::__1::less<void>, std::__1::allocator<std::__1::pair<long const, lob::v2::Book<lob::ChecksumSink>::Level> > >, lob::v2::Book<lob::ChecksumSink>::add(unsigned long, lob::Side, long, unsigned int)::{lambda(long)#1}>(std::__1::map<long, lob::v2::Book<lob::ChecksumSink>::Level, std::__1::less<void>, std::__1::allocator<std::__1::pair<long const, lob::v2::Book<lob::ChecksumSink>::Level> > >&, unsigned long, unsigned int, lob::v2::Book<lob::ChecksumSink>::add(unsigned long, lob::Side, long, unsigned int)::{lambda(long)#1})
538 82521 0 0 82521 0 0 0 0 0
fl=/home/wang/git-repositories/vcpkg/installed/x64-linux-clang-libcxx/include/boost/unordered/detail/foa/core.hpp
fn=(anonymous namespace)::cmd_replay((anonymous namespace)::Args const&)
0 906116 0 0 302038 0 0 0 0 0
271 604080 1 1 0 0 0 0 0 0
272 604078 0 0 0 0 0 0 0 0
279 1208156 0 0 604078 0 0 0 0 0
336 302040 0 0 302040 812 0 0 0 0
404 604076 0 0 0 0 0 0 0 0
849 2114266 0 0 906114 0 0 0 0 0
881 2 0 0 0 0 0 0 0 0
882 6 0 0 0 0 0 0 0 0
883 2 0 0 0 0 0 0 0 0
927 606940 0 0 0 0 0 0 0 0
1727 604080 0 0 0 0 0 0 0 0
1729 302040 0 0 0 0 0 0 0 0
1732 604076 0 0 0 0 0 0 0 0
1733 302038 0 0 0 0 0 0 0 0
1737 910410 0 0 0 0 0 0 0 0
1743 2864 1 1 0 0 0 0 0 0
1745 2 0 0 0 0 0 0 0 0
1750 2 0 0 0 0 0 0 0 0
1955 302038 0 0 302038 0 0 0 0 0
2266 2114266 1 1 604076 0 0 302038 0 0
fn=_ZN5boost9unordered6detail3foa10table_coreINS2_14flat_map_typesImN3lob2v24BookINS5_12ChecksumSinkEE3LocEEENS2_7group15INS2_14plain_integralEEENS2_12table_arraysENS2_18plain_size_controlENS_4hashImEENSt3__18equal_toImEENSJ_9allocatorINSJ_4pairIKmSA_EEEEE22for_all_elements_whileIZNSR_22for_all_elements_whileIZNSR_16for_all_elementsIZNSR_16unchecked_rehashERNSF_ISP_SE_NS2_16pow2_size_policyESQ_EEEUlPSP_E_EEDTcmclfL1p0_LDnEEcvv_EERKSW_T_EUlSY_E_EES10_S12_S13_EUlPSE_jSY_E_EEDTcmclfp0_LDnELi0ELDnEEcvv_EES12_S13_
0 3442 1 1 3372 2 0 42 0 0
296 7168 0 0 3584 78 0 0 0 0
297 3330 0 0 0 0 0 0 0 0
313 254 1 1 0 0 0 0 0 0
389 6660 0 0 3330 0 0 0 0 0
849 3330 0 0 0 0 0 0 0 0
927 9990 2 2 0 0 0 0 0 0
1033 8 1 1 8 0 0 0 0 0
1034 7 0 0 7 0 0 0 0 0
1955 3330 0 0 3330 0 0 0 0 0
1961 1524 0 0 0 0 0 0 0 0
2032 3330 0 0 3330 0 0 0 0 0
2063 16 0 0 0 0 0 0 0 0
2064 275 0 0 7 0 0 0 0 0
2065 508 0 0 0 0 0 0 0 0
2067 7422 0 0 0 0 0 0 0 0
2069 6660 0 0 0 0 0 0 0 0
2075 16 1 1 8 0 0 0 0 0
2292 6660 0 0 6660 0 0 0 0 0
2350 3330 1 1 3330 0 0 0 0 0
2373 13320 0 0 0 0 0 0 0 0
2375 3330 0 0 0 0 0 0 0 0
2377 13320 0 0 3330 0 0 0 0 0
fn=boost::unordered::detail::foa::table_core<boost::unordered::detail::foa::flat_map_types<unsigned long, lob::v2::Book<lob::ChecksumSink>::Loc>, boost::unordered::detail::foa::group15<boost::unordered::detail::foa::plain_integral>, boost::unordered::detail::foa::table_arrays, boost::unordered::detail::foa::plain_size_control, boost::hash<unsigned long>, std::__1::equal_to<unsigned long>, std::__1::allocator<std::__1::pair<unsigned long const, lob::v2::Book<lob::ChecksumSink>::Loc> > >::unchecked_rehash(boost::unordered::detail::foa::table_arrays<std::__1::pair<unsigned long const, lob::v2::Book<lob::ChecksumSink>::Loc>, boost::unordered::detail::foa::group15<boost::unordered::detail::foa::plain_integral>, boost::unordered::detail::foa::pow2_size_policy, std::__1::allocator<std::__1::pair<unsigned long const, lob::v2::Book<lob::ChecksumSink>::Loc> > >&)
0 32 0 0 0 0 0 8 0 0
1033 16 0 0 16 2 0 0 0 0
1096 16 0 0 0 0 0 0 0 0
1108 14 0 0 7 0 0 0 0 0
1563 96 1 1 16 3 0 0 0 0
1811 40 0 0 8 0 0 0 0 0
2025 40 0 0 0 0 0 24 0 0
2054 8 0 0 0 0 0 8 0 0
2288 40 1 1 0 0 0 16 0 0
2289 8 1 1 0 0 0 8 0 0
2320 16 1 1 8 0 0 8 2 0
2321 8 1 1 0 0 0 8 0 0
2322 40 0 0 24 0 0 0 0 0
fn=boost::unordered::detail::foa::table_locator<boost::unordered::detail::foa::group15<boost::unordered::detail::foa::plain_integral>, std::__1::pair<unsigned long const, lob::v2::Book<lob::ChecksumSink>::Loc> > boost::unordered::detail::foa::table_core<boost::unordered::detail::foa::flat_map_types<unsigned long, lob::v2::Book<lob::ChecksumSink>::Loc>, boost::unordered::detail::foa::group15<boost::unordered::detail::foa::plain_integral>, boost::unordered::detail::foa::table_arrays, boost::unordered::detail::foa::plain_size_control, boost::hash<unsigned long>, std::__1::equal_to<unsigned long>, std::__1::allocator<std::__1::pair<unsigned long const, lob::v2::Book<lob::ChecksumSink>::Loc> > >::unchecked_emplace_with_rehash<boost::unordered::detail::foa::try_emplace_args_t, unsigned long&, lob::v2::Book<lob::ChecksumSink>::Loc>(unsigned long, boost::unordered::detail::foa::try_emplace_args_t&&, unsigned long&, lob::v2::Book<lob::ChecksumSink>::Loc&&)
0 144 2 2 24 0 0 8 0 0
296 16 0 0 8 0 0 0 0 0
297 16 0 0 0 0 0 0 0 0
389 24 0 0 8 0 0 0 0 0
837 32 0 0 0 0 0 0 0 0
842 16 0 0 0 0 0 0 0 0
849 8 0 0 0 0 0 0 0 0
859 16 0 0 0 0 0 0 0 0
927 16 0 0 0 0 0 0 0 0
1031 32 1 1 0 0 0 32 0 0
1051 16 0 0 0 0 0 8 0 0
1057 32 0 0 0 0 0 0 0 0
1058 24 0 0 0 0 0 0 0 0
1059 8 0 0 0 0 0 0 0 0
1066 8 0 0 0 0 0 0 0 0
1073 16 0 0 0 0 0 0 0 0
1085 8 0 0 0 0 0 0 0 0
1108 8 0 0 0 0 0 0 0 0
1125 24 0 0 0 0 0 8 0 0
1126 8 0 0 0 0 0 0 0 0
1689 8 0 0 8 0 0 0 0 0
1983 80 2 2 0 0 0 48 0 0
1988 32 1 1 0 0 0 24 0 0
1999 16 0 0 0 0 0 8 0 0
2000 8 0 0 8 0 0 0 0 0
2002 72 0 0 56 2 0 0 0 0
2132 144 1 1 16 4 1 0 0 0
2373 16 0 0 0 0 0 0 0 0
2375 8 0 0 0 0 0 0 0 0
2377 40 1 1 0 0 0 0 0 0
fn=lob::v2::Book<lob::ChecksumSink>::modify(unsigned long, long, unsigned int)
0 695891 1 1 208482 0 0 0 0 0
271 138988 0 0 0 0 0 0 0 0
272 138988 0 0 0 0 0 0 0 0
279 110860 0 0 55430 0 0 0 0 0
336 69494 0 0 69494 177 0 0 0 0
404 55430 1 1 0 0 0 0 0 0
849 138988 0 0 69494 0 0 0 0 0
927 139622 0 0 0 0 0 0 0 0
1727 138988 0 0 0 0 0 0 0 0
1729 69494 0 0 0 0 0 0 0 0
1732 138988 0 0 0 0 0 0 0 0
1733 69494 1 1 0 0 0 0 0 0
1737 209433 0 0 0 0 0 0 0 0
1743 634 0 0 0 0 0 0 0 0
1955 69494 0 0 69494 0 0 0 0 0
2266 221720 0 0 83145 0 0 27715 0 0
fn=lob::v2::Book<lob::ChecksumSink>::push(unsigned long, lob::Side, long, unsigned int)
0 3142892 2 2 628468 0 0 0 0 0
271 1258040 0 0 0 0 0 0 0 0
272 635017 0 0 0 0 0 0 0 0
279 1258040 0 0 629020 3 1 0 0 0
336 629020 0 0 629020 6063 2 0 0 0
849 4399276 1 1 1885404 38 20 0 0 0
881 552 0 0 0 0 0 0 0 0
882 1656 0 0 0 0 0 0 0 0
883 552 0 0 0 0 0 0 0 0
927 11998 0 0 0 0 0 0 0 0
1727 1258040 0 0 0 0 0 0 0 0
1729 629020 0 0 0 0 0 0 0 0
1732 11994 0 0 0 0 0 0 0 0
1733 5997 0 0 0 0 0 0 0 0
1737 11998 0 0 0 0 0 0 0 0
1743 11998 0 0 0 0 0 0 0 0
1745 629020 0 0 0 0 0 0 0 0
1750 552 0 0 0 0 0 0 0 0
1955 628468 0 0 628468 1 1 0 0 0
fn=unsigned int lob::v2::Book<lob::ChecksumSink>::match<std::__1::map<long, lob::v2::Book<lob::ChecksumSink>::Level, std::__1::greater<void>, std::__1::allocator<std::__1::pair<long const, lob::v2::Book<lob::ChecksumSink>::Level> > >, lob::v2::Book<lob::ChecksumSink>::add(unsigned long, lob::Side, long, unsigned int)::{lambda(long)#2}>(std::__1::map<long, lob::v2::Book<lob::ChecksumSink>::Level, std::__1::greater<void>, std::__1::allocator<std::__1::pair<long const, lob::v2::Book<lob::ChecksumSink>::Level> > >&, unsigned long, unsigned int, lob::v2::Book<lob::ChecksumSink>::add(unsigned long, lob::Side, long, unsigned int)::{lambda(long)#2})
0 654764 0 0 163358 0 0 81679 0 0
271 245037 0 0 0 0 0 0 0 0
272 163358 0 0 0 0 0 0 0 0
279 326716 0 0 163358 0 0 0 0 0
336 81679 1 1 81679 205 0 0 0 0
404 81679 0 0 0 0 0 0 0 0
849 735111 1 1 245037 1 0 163358 0 0
927 164246 0 0 0 0 0 0 0 0
1727 163358 0 0 0 0 0 0 0 0
1729 81679 0 0 0 0 0 0 0 0
1732 245037 0 0 81679 0 0 0 0 0
1733 81679 0 0 0 0 0 0 0 0
1737 246369 1 1 0 0 0 0 0 0
1743 888 0 0 0 0 0 0 0 0
2266 571753 1 1 81679 0 0 81679 0 0
fn=unsigned int lob::v2::Book<lob::ChecksumSink>::match<std::__1::map<long, lob::v2::Book<lob::ChecksumSink>::Level, std::__1::less<void>, std::__1::allocator<std::__1::pair<long const, lob::v2::Book<lob::ChecksumSink>::Level> > >, lob::v2::Book<lob::ChecksumSink>::add(unsigned long, lob::Side, long, unsigned int)::{lambda(long)#1}>(std::__1::map<long, lob::v2::Book<lob::ChecksumSink>::Level, std::__1::less<void>, std::__1::allocator<std::__1::pair<long const, lob::v2::Book<lob::ChecksumSink>::Level> > >&, unsigned long, unsigned int, lob::v2::Book<lob::ChecksumSink>::add(unsigned long, lob::Side, long, unsigned int)::{lambda(long)#1})
0 661564 0 0 165044 0 0 82522 0 0
271 247566 0 0 0 0 0 0 0 0
272 165043 0 0 0 0 0 0 0 0
279 330086 0 0 165043 0 0 0 0 0
336 82522 1 1 82522 207 0 0 0 0
404 82521 0 0 0 0 0 0 0 0
849 742689 1 1 247563 0 0 165042 0 0
881 1 0 0 0 0 0 0 0 0
882 3 0 0 0 0 0 0 0 0
883 2 0 0 1 0 0 0 0 0
927 165970 0 0 0 0 0 0 0 0
1727 165044 0 0 0 0 0 0 0 0
1729 82522 0 0 0 0 0 0 0 0
1732 247563 0 0 82521 0 0 0 0 0
1733 82521 0 0 0 0 0 0 0 0
1737 248955 1 1 0 0 0 0 0 0
1743 928 0 0 0 0 0 0 0 0
1745 1 0 0 0 0 0 0 0 0
1750 1 0 0 0 0 0 0 0 0
2266 577647 1 1 82521 0 0 82521 0 0
fn=void lob::v2::Book<lob::ChecksumSink>::rest<std::__1::map<long, lob::v2::Book<lob::ChecksumSink>::Level, std::__1::greater<void>, std::__1::allocator<std::__1::pair<long const, lob::v2::Book<lob::ChecksumSink>::Level> > > >(std::__1::map<long, lob::v2::Book<lob::ChecksumSink>::Level, std::__1::greater<void>, std::__1::allocator<std::__1::pair<long const, lob::v2::Book<lob::ChecksumSink>::Level> > >&, unsigned long, lob::Side, long, unsigned int)
0 4010863 4 4 1493456 2 0 4677 0 0
271 495914 0 0 0 0 0 0 0 0
272 250295 0 0 0 0 0 0 0 0
279 247957 0 0 247957 1 0 0 0 0
296 495476 0 0 247738 0 0 0 0 0
297 495474 1 1 0 0 0 0 0 0
336 247957 0 0 247957 1 0 0 0 0
849 247741 0 0 0 0 0 0 0 0
881 216 0 0 0 0 0 0 0 0
882 652 0 0 0 0 0 0 0 0
883 216 0 0 0 0 0 0 0 0
927 500150 0 0 0 0 0 0 0 0
1727 495914 0 0 0 0 0 0 0 0
1729 247957 1 1 0 0 0 0 0 0
1732 4676 0 0 0 0 0 0 0 0
1733 2338 0 0 0 0 0 0 0 0
1737 4678 0 0 0 0 0 0 0 0
1743 4678 0 0 0 0 0 0 0 0
1745 247957 0 0 0 0 0 0 0 0
1750 216 0 0 0 0 0 0 0 0
1955 247741 0 0 247741 0 0 0 0 0
1970 247736 0 0 247736 0 0 0 0 0
2373 990952 0 0 0 0 0 0 0 0
2375 247742 0 0 0 0 0 0 0 0
2377 990944 0 0 0 0 0 0 0 0
fn=void lob::v2::Book<lob::ChecksumSink>::rest<std::__1::map<long, lob::v2::Book<lob::ChecksumSink>::Level, std::__1::less<void>, std::__1::allocator<std::__1::pair<long const, lob::v2::Book<lob::ChecksumSink>::Level> > > >(std::__1::map<long, lob::v2::Book<lob::ChecksumSink>::Level, std::__1::less<void>, std::__1::allocator<std::__1::pair<long const, lob::v2::Book<lob::ChecksumSink>::Level> > >&, unsigned long, lob::Side, long, unsigned int)
0 4007602 3 3 1491979 0 0 4795 0 0
271 495324 1 1 0 0 0 0 0 0
272 250059 0 0 0 0 0 0 0 0
279 247662 0 0 247662 0 0 0 0 0
296 494928 0 0 247464 0 0 0 0 0
297 494926 1 1 0 0 0 0 0 0
336 247662 0 0 247662 0 0 0 0 0
849 247465 0 0 0 0 0 0 0 0
881 197 0 0 0 0 0 0 0 0
882 595 0 0 0 0 0 0 0 0
883 197 0 0 0 0 0 0 0 0
927 499720 1 1 0 0 0 0 0 0
1727 495324 0 0 0 0 0 0 0 0
1729 247662 0 0 0 0 0 0 0 0
1732 4794 0 0 0 0 0 0 0 0
1733 2397 0 0 0 0 0 0 0 0
1737 4796 0 0 0 0 0 0 0 0
1743 4796 0 0 0 0 0 0 0 0
1745 247662 0 0 0 0 0 0 0 0
1750 197 0 0 0 0 0 0 0 0
1955 247465 0 0 247465 0 0 0 0 0
1970 247462 0 0 247462 0 0 0 0 0
2373 989856 0 0 0 0 0 0 0 0
2375 247468 0 0 0 0 0 0 0 0
2377 989848 0 0 0 0 0 0 0 0
fl=/home/wang/git-repositories/vcpkg/installed/x64-linux-clang-libcxx/include/boost/unordered/detail/foa/table.hpp
fn=(anonymous namespace)::cmd_replay((anonymous namespace)::Args const&)
40 302038 0 0 0 0 0 302038 0 0
fn=_ZN5boost9unordered6detail3foa10table_coreINS2_14flat_map_typesImN3lob2v24BookINS5_12ChecksumSinkEE3LocEEENS2_7group15INS2_14plain_integralEEENS2_12table_arraysENS2_18plain_size_controlENS_4hashImEENSt3__18equal_toImEENSJ_9allocatorINSJ_4pairIKmSA_EEEEE22for_all_elements_whileIZNSR_22for_all_elements_whileIZNSR_16for_all_elementsIZNSR_16unchecked_rehashERNSF_ISP_SE_NS2_16pow2_size_policyESQ_EEEUlPSP_E_EEDTcmclfL1p0_LDnEEcvv_EERKSW_T_EUlSY_E_EES10_S12_S13_EUlPSE_jSY_E_EEDTcmclfp0_LDnELi0ELDnEEcvv_EES12_S13_
40 3330 0 0 0 0 0 3330 0 0
fn=boost::unordered::detail::foa::table_locator<boost::unordered::detail::foa::group15<boost::unordered::detail::foa::plain_integral>, std::__1::pair<unsigned long const, lob::v2::Book<lob::ChecksumSink>::Loc> > boost::unordered::detail::foa::table_core<boost::unordered::detail::foa::flat_map_types<unsigned long, lob::v2::Book<lob::ChecksumSink>::Loc>, boost::unordered::detail::foa::group15<boost::unordered::detail::foa::plain_integral>, boost::unordered::detail::foa::table_arrays, boost::unordered::detail::foa::plain_size_control, boost::hash<unsigned long>, std::__1::equal_to<unsigned long>, std::__1::allocator<std::__1::pair<unsigned long const, lob::v2::Book<lob::ChecksumSink>::Loc> > >::unchecked_emplace_with_rehash<boost::unordered::detail::foa::try_emplace_args_t, unsigned long&, lob::v2::Book<lob::ChecksumSink>::Loc>(unsigned long, boost::unordered::detail::foa::try_emplace_args_t&&, unsigned long&, lob::v2::Book<lob::ChecksumSink>::Loc&&)
0 24 1 1 8 0 0 8 0 0
40 16 0 0 0 0 0 16 0 0
fn=lob::v2::Book<lob::ChecksumSink>::modify(unsigned long, long, unsigned int)
40 27715 0 0 0 0 0 27715 0 0
fn=unsigned int lob::v2::Book<lob::ChecksumSink>::match<std::__1::map<long, lob::v2::Book<lob::ChecksumSink>::Level, std::__1::greater<void>, std::__1::allocator<std::__1::pair<long const, lob::v2::Book<lob::ChecksumSink>::Level> > >, lob::v2::Book<lob::ChecksumSink>::add(unsigned long, lob::Side, long, unsigned int)::{lambda(long)#2}>(std::__1::map<long, lob::v2::Book<lob::ChecksumSink>::Level, std::__1::greater<void>, std::__1::allocator<std::__1::pair<long const, lob::v2::Book<lob::ChecksumSink>::Level> > >&, unsigned long, unsigned int, lob::v2::Book<lob::ChecksumSink>::add(unsigned long, lob::Side, long, unsigned int)::{lambda(long)#2})
0 81679 0 0 81679 0 0 0 0 0
40 81679 0 0 0 0 0 81679 0 0
140 81679 1 1 0 0 0 0 0 0
fn=unsigned int lob::v2::Book<lob::ChecksumSink>::match<std::__1::map<long, lob::v2::Book<lob::ChecksumSink>::Level, std::__1::less<void>, std::__1::allocator<std::__1::pair<long const, lob::v2::Book<lob::ChecksumSink>::Level> > >, lob::v2::Book<lob::ChecksumSink>::add(unsigned long, lob::Side, long, unsigned int)::{lambda(long)#1}>(std::__1::map<long, lob::v2::Book<lob::ChecksumSink>::Level, std::__1::less<void>, std::__1::allocator<std::__1::pair<long const, lob::v2::Book<lob::ChecksumSink>::Level> > >&, unsigned long, unsigned int, lob::v2::Book<lob::ChecksumSink>::add(unsigned long, lob::Side, long, unsigned int)::{lambda(long)#1})
0 82521 0 0 82521 0 0 0 0 0
40 82521 0 0 0 0 0 82521 0 0
140 82521 1 1 0 0 0 0 0 0
fn=void lob::v2::Book<lob::ChecksumSink>::rest<std::__1::map<long, lob::v2::Book<lob::ChecksumSink>::Level, std::__1::greater<void>, std::__1::allocator<std::__1::pair<long const, lob::v2::Book<lob::ChecksumSink>::Level> > > >(std::__1::map<long, lob::v2::Book<lob::ChecksumSink>::Level, std::__1::greater<void>, std::__1::allocator<std::__1::pair<long const, lob::v2::Book<lob::ChecksumSink>::Level> > >&, unsigned long, lob::Side, long, unsigned int)
0 5 0 0 0 0 0 0 0 0
40 247736 0 0 0 0 0 247736 0 0
46 2 0 0 2 0 0 0 0 0
640 743223 0 0 495482 0 0 0 0 0
650 15 0 0 0 0 0 5 0 0
fn=void lob::v2::Book<lob::ChecksumSink>::rest<std::__1::map<long, lob::v2::Book<lob::ChecksumSink>::Level, std::__1::less<void>, std::__1::allocator<std::__1::pair<long const, lob::v2::Book<lob::ChecksumSink>::Level> > > >(std::__1::map<long, lob::v2::Book<lob::ChecksumSink>::Level, std::__1::less<void>, std::__1::allocator<std::__1::pair<long const, lob::v2::Book<lob::ChecksumSink>::Level> > >&, unsigned long, lob::Side, long, unsigned int)
0 3 0 0 0 0 0 0 0 0
40 247462 0 0 0 0 0 247462 0 0
46 2 0 0 2 0 0 0 0 0
640 742395 1 1 494930 0 0 0 0 0
650 9 0 0 0 0 0 3 0 0
fl=/home/wang/git-repositories/vcpkg/installed/x64-linux-clang-libcxx/include/boost/unordered/detail/mulx.hpp
fn=(anonymous namespace)::cmd_replay((anonymous namespace)::Args const&)
45 604076 0 0 0 0 0 0 0 0
46 302038 1 1 0 0 0 0 0 0
fn=_ZN5boost9unordered6detail3foa10table_coreINS2_14flat_map_typesImN3lob2v24BookINS5_12ChecksumSinkEE3LocEEENS2_7group15INS2_14plain_integralEEENS2_12table_arraysENS2_18plain_size_controlENS_4hashImEENSt3__18equal_toImEENSJ_9allocatorINSJ_4pairIKmSA_EEEEE22for_all_elements_whileIZNSR_22for_all_elements_whileIZNSR_16for_all_elementsIZNSR_16unchecked_rehashERNSF_ISP_SE_NS2_16pow2_size_policyESQ_EEEUlPSP_E_EEDTcmclfL1p0_LDnEEcvv_EERKSW_T_EUlSY_E_EES10_S12_S13_EUlPSE_jSY_E_EEDTcmclfp0_LDnELi0ELDnEEcvv_EES12_S13_
45 3330 0 0 3330 497 0 0 0 0
46 3330 0 0 0 0 0 0 0 0
fn=lob::v2::Book<lob::ChecksumSink>::modify(unsigned long, long, unsigned int)
45 69494 0 0 0 0 0 0 0 0
46 69494 0 0 0 0 0 0 0 0
fn=lob::v2::Book<lob::ChecksumSink>::push(unsigned long, lob::Side, long, unsigned int)
45 1256936 0 0 0 0 0 0 0 0
46 628468 0 0 0 0 0 0 0 0
fn=unsigned int lob::v2::Book<lob::ChecksumSink>::match<std::__1::map<long, lob::v2::Book<lob::ChecksumSink>::Level, std::__1::greater<void>, std::__1::allocator<std::__1::pair<long const, lob::v2::Book<lob::ChecksumSink>::Level> > >, lob::v2::Book<lob::ChecksumSink>::add(unsigned long, lob::Side, long, unsigned int)::{lambda(long)#2}>(std::__1::map<long, lob::v2::Book<lob::ChecksumSink>::Level, std::__1::greater<void>, std::__1::allocator<std::__1::pair<long const, lob::v2::Book<lob::ChecksumSink>::Level> > >&, unsigned long, unsigned int, lob::v2::Book<lob::ChecksumSink>::add(unsigned long, lob::Side, long, unsigned int)::{lambda(long)#2})
0 81679 0 0 81679 0 0 0 0 0
45 81679 0 0 0 0 0 0 0 0
46 81679 0 0 0 0 0 0 0 0
fn=unsigned int lob::v2::Book<lob::ChecksumSink>::match<std::__1::map<long, lob::v2::Book<lob::ChecksumSink>::Level, std::__1::less<void>, std::__1::allocator<std::__1::pair<long const, lob::v2::Book<lob::ChecksumSink>::Level> > >, lob::v2::Book<lob::ChecksumSink>::add(unsigned long, lob::Side, long, unsigned int)::{lambda(long)#1}>(std::__1::map<long, lob::v2::Book<lob::ChecksumSink>::Level, std::__1::less<void>, std::__1::allocator<std::__1::pair<long const, lob::v2::Book<lob::ChecksumSink>::Level> > >&, unsigned long, unsigned int, lob::v2::Book<lob::ChecksumSink>::add(unsigned long, lob::Side, long, unsigned int)::{lambda(long)#1})
0 82521 0 0 82521 0 0 0 0 0
45 82521 0 0 0 0 0 0 0 0
46 82521 0 0 0 0 0 0 0 0
fn=void lob::v2::Book<lob::ChecksumSink>::rest<std::__1::map<long, lob::v2::Book<lob::ChecksumSink>::Level, std::__1::greater<void>, std::__1::allocator<std::__1::pair<long const, lob::v2::Book<lob::ChecksumSink>::Level> > > >(std::__1::map<long, lob::v2::Book<lob::ChecksumSink>::Level, std::__1::greater<void>, std::__1::allocator<std::__1::pair<long const, lob::v2::Book<lob::ChecksumSink>::Level> > >&, unsigned long, lob::Side, long, unsigned int)
45 247741 0 0 0 0 0 0 0 0
46 247741 0 0 0 0 0 0 0 0
fn=void lob::v2::Book<lob::ChecksumSink>::rest<std::__1::map<long, lob::v2::Book<lob::ChecksumSink>::Level, std::__1::less<void>, std::__1::allocator<std::__1::pair<long const, lob::v2::Book<lob::ChecksumSink>::Level> > > >(std::__1::map<long, lob::v2::Book<lob::ChecksumSink>::Level, std::__1::less<void>, std::__1::allocator<std::__1::pair<long const, lob::v2::Book<lob::ChecksumSink>::Level> > >&, unsigned long, lob::Side, long, unsigned int)
45 247465 0 0 0 0 0 0 0 0
46 247465 0 0 0 0 0 0 0 0
fl=/home/wang/sources/cxx/book/include/lob/events.hpp
fn=(anonymous namespace)::cmd_replay((anonymous namespace)::Args const&)
0 2416304 0 0 302038 0 0 302038 0 0
92 302038 0 0 302038 0 0 0 0 0
93 604076 0 0 302038 0 0 0 0 0
fn=lob::v2::Book<lob::ChecksumSink>::modify(unsigned long, long, unsigned int)
0 124924 2 2 69494 0 0 27715 0 0
92 69494 0 0 69494 0 0 0 0 0
93 514173 0 0 97209 0 0 27715 0 0
fn=unsigned int lob::v2::Book<lob::ChecksumSink>::match<std::__1::map<long, lob::v2::Book<lob::ChecksumSink>::Level, std::__1::greater<void>, std::__1::allocator<std::__1::pair<long const, lob::v2::Book<lob::ChecksumSink>::Level> > >, lob::v2::Book<lob::ChecksumSink>::add(unsigned long, lob::Side, long, unsigned int)::{lambda(long)#2}>(std::__1::map<long, lob::v2::Book<lob::ChecksumSink>::Level, std::__1::greater<void>, std::__1::allocator<std::__1::pair<long const, lob::v2::Book<lob::ChecksumSink>::Level> > >&, unsigned long, unsigned int, lob::v2::Book<lob::ChecksumSink>::add(unsigned long, lob::Side, long, unsigned int)::{lambda(long)#2})
92 446100 0 0 148700 0 0 148700 0 0
93 1784400 1 1 297400 4721 0 148700 0 0
fn=unsigned int lob::v2::Book<lob::ChecksumSink>::match<std::__1::map<long, lob::v2::Book<lob::ChecksumSink>::Level, std::__1::less<void>, std::__1::allocator<std::__1::pair<long const, lob::v2::Book<lob::ChecksumSink>::Level> > >, lob::v2::Book<lob::ChecksumSink>::add(unsigned long, lob::Side, long, unsigned int)::{lambda(long)#1}>(std::__1::map<long, lob::v2::Book<lob::ChecksumSink>::Level, std::__1::less<void>, std::__1::allocator<std::__1::pair<long const, lob::v2::Book<lob::ChecksumSink>::Level> > >&, unsigned long, unsigned int, lob::v2::Book<lob::ChecksumSink>::add(unsigned long, lob::Side, long, unsigned int)::{lambda(long)#1})
92 449529 0 0 149843 0 0 149843 0 0
93 1798116 1 1 299686 4717 0 149843 0 0
fn=void lob::v2::Book<lob::ChecksumSink>::rest<std::__1::map<long, lob::v2::Book<lob::ChecksumSink>::Level, std::__1::greater<void>, std::__1::allocator<std::__1::pair<long const, lob::v2::Book<lob::ChecksumSink>::Level> > > >(std::__1::map<long, lob::v2::Book<lob::ChecksumSink>::Level, std::__1::greater<void>, std::__1::allocator<std::__1::pair<long const, lob::v2::Book<lob::ChecksumSink>::Level> > >&, unsigned long, lob::Side, long, unsigned int)
81 247741 1 1 247741 0 0 0 0 0
92 247741 0 0 247741 0 0 0 0 0
93 3220633 0 0 743223 2 1 247741 0 0
fn=void lob::v2::Book<lob::ChecksumSink>::rest<std::__1::map<long, lob::v2::Book<lob::ChecksumSink>::Level, std::__1::less<void>, std::__1::allocator<std::__1::pair<long const, lob::v2::Book<lob::ChecksumSink>::Level> > > >(std::__1::map<long, lob::v2::Book<lob::ChecksumSink>::Level, std::__1::less<void>, std::__1::allocator<std::__1::pair<long const, lob::v2::Book<lob::ChecksumSink>::Level> > >&, unsigned long, lob::Side, long, unsigned int)
81 247465 0 0 247465 0 0 0 0 0
92 247465 0 0 247465 0 0 0 0 0
93 3217045 1 1 742395 4 0 247465 0 0
fl=/home/wang/sources/cxx/book/include/lob/replay.hpp
fn=(anonymous namespace)::cmd_replay((anonymous namespace)::Args const&)
0 1302038 1 1 1000000 125000 125000 0 0 0
21 4861012 1 1 1000000 162964 162961 0 0 0
23 4399276 1 1 1885404 78501 78501 628468 1 1
29 347470 0 0 138988 8539 8539 69494 0 0
37 1000001 0 0 0 0 0 0 0 0
fl=/home/wang/sources/cxx/book/include/lob/v2/book.hpp
fn=(anonymous namespace)::cmd_replay((anonymous namespace)::Args const&)
0 1509092 1 1 452508 0 0 302038 0 0
60 604076 0 0 604076 287642 0 0 0 0
62 302038 0 0 302038 0 0 0 0 0
203 300940 0 0 150470 0 0 150470 0 0
204 150470 0 0 0 0 0 150470 0 0
221 601880 0 0 150470 11237 0 0 0 0
222 146728 0 0 0 0 0 146728 89545 0
224 3742 0 0 0 0 0 3742 0 0
225 300940 0 0 0 0 0 0 0 0
226 293142 0 0 0 0 0 146571 87865 0
228 3899 0 0 0 0 0 3899 0 0
229 150470 0 0 150470 0 0 0 0 0
280 302038 0 0 0 0 0 0 0 0
281 604076 0 0 0 0 0 604076 1 1
284 150470 0 0 150470 495 1 0 0 0
287 300940 0 0 150470 0 0 0 0 0
289 604076 0 0 302038 0 0 0 0 0
290 454704 2 2 0 0 0 151568 0 0
fn=auto lob::v2::Book<lob::ChecksumSink>::erase(boost::unordered::detail::foa::table_iterator<boost::unordered::detail::foa::flat_map_types<unsigned long, lob::v2::Book<lob::ChecksumSink>::Loc>, boost::unordered::detail::foa::group15<boost::unordered::detail::foa::plain_integral>*, false>)::{lambda(auto:1&)#1}::operator()<std::__1::map<long, lob::v2::Book<lob::ChecksumSink>::Level, std::__1::greater<void>, std::__1::allocator<std::__1::pair<long const, lob::v2::Book<lob::ChecksumSink>::Level> > > >(std::__1::map<long, lob::v2::Book<lob::ChecksumSink>::Level, std::__1::greater<void>, std::__1::allocator<std::__1::pair<long const, lob::v2::Book<lob::ChecksumSink>::Level> > >&) const
0 496245 0 0 330830 0 0 0 0 0
203 330830 0 0 165415 0 0 165415 0 0
204 165415 0 0 0 0 0 165415 0 0
221 661660 1 1 165415 12438 0 0 0 0
222 161247 0 0 0 0 0 161247 98290 0
224 4168 0 0 0 0 0 4168 0 0
225 330830 0 0 0 0 0 0 0 0
226 322244 0 0 0 0 0 161122 96840 0
228 4293 0 0 0 0 0 4293 0 0
229 165415 1 1 165415 0 0 0 0 0
281 165415 0 0 0 0 0 165415 0 0
282 165415 0 0 165415 0 0 0 0 0
284 496245 0 0 496245 550 1 0 0 0
287 330830 0 0 165415 0 0 0 0 0
288 329498 0 0 329498 0 0 0 0 0
fn=auto lob::v2::Book<lob::ChecksumSink>::erase(boost::unordered::detail::foa::table_iterator<boost::unordered::detail::foa::flat_map_types<unsigned long, lob::v2::Book<lob::ChecksumSink>::Loc>, boost::unordered::detail::foa::group15<boost::unordered::detail::foa::plain_integral>*, false>)::{lambda(auto:1&)#1}::operator()<std::__1::map<long, lob::v2::Book<lob::ChecksumSink>::Level, std::__1::less<void>, std::__1::allocator<std::__1::pair<long const, lob::v2::Book<lob::ChecksumSink>::Level> > > >(std::__1::map<long, lob::v2::Book<lob::ChecksumSink>::Level, std::__1::less<void>, std::__1::allocator<std::__1::pair<long const, lob::v2::Book<lob::ChecksumSink>::Level> > >&) const
0 41604 0 0 27736 0 0 0 0 0
203 27736 0 0 13868 0 0 13868 0 0
204 13868 0 0 0 0 0 13868 0 0
221 55472 1 1 13868 1057 0 0 0 0
222 13497 0 0 0 0 0 13497 8246 0
224 371 0 0 0 0 0 371 0 0
225 27736 0 0 0 0 0 0 0 0
226 27046 0 0 0 0 0 13523 8044 0
228 345 0 0 0 0 0 345 0 0
229 13868 1 1 13868 0 0 0 0 0
281 13868 1 1 0 0 0 13868 0 0
282 13868 0 0 13868 0 0 0 0 0
284 41604 0 0 41604 52 0 0 0 0
287 27736 0 0 13868 0 0 0 0 0
288 27642 0 0 27642 0 0 0 0 0
fn=lob::v2::Book<lob::ChecksumSink>::alloc_node(unsigned long, unsigned int)
0 495206 0 0 0 0 0 0 0 0
189 3466442 1 1 0 0 0 2971236 190 0
190 990412 0 0 495206 0 0 0 0 0
191 495206 0 0 0 0 0 0 0 0
192 1479615 0 0 493205 22476 1 493205 0 0
193 493205 0 0 0 0 0 0 0 0
194 4002 0 0 0 0 0 0 0 0
198 1487619 0 0 0 0 0 1485618 28726 0
199 3961648 1 1 3466442 1 0 0 0 0
fn=lob::v2::Book<lob::ChecksumSink>::modify(unsigned long, long, unsigned int)
0 422612 2 2 190308 41898 0 41779 0 0
65 764434 2 2 0 0 0 555952 0 0
68 138988 1 1 0 0 0 0 0 0
69 138988 0 0 0 0 0 0 0 0
71 69494 0 0 0 0 0 0 0 0
72 69494 0 0 69494 24467 0 0 0 0
73 277976 0 0 69494 0 0 0 0 0
74 83558 0 0 41779 138 0 0 0 0
75 41779 0 0 0 0 0 41779 0 0
76 41779 0 0 41779 0 0 0 0 0
79 27715 0 0 27715 0 0 0 0 0
82 27715 1 1 27715 0 0 0 0 0
84 555952 0 0 486458 0 0 0 0 0
185 83558 0 0 41779 0 0 0 0 0
233 27715 0 0 0 0 0 0 0 0
234 55388 1 1 0 0 0 13847 0 0
236 55472 0 0 0 0 0 13868 0 0
237 55430 0 0 0 0 0 0 0 0
239 70932 0 0 0 0 0 11822 0 0
241 70698 0 0 0 0 0 11783 0 0
281 83145 0 0 0 0 0 55430 0 0
289 138575 0 0 27715 0 0 27715 0 0
290 41541 0 0 0 0 0 13847 0 0
292 41604 0 0 0 0 0 13868 0 0
fn=lob::v2::Book<lob::ChecksumSink>::push(unsigned long, lob::Side, long, unsigned int)
0 1728537 0 0 0 0 0 0 0 0
50 4399276 1 1 0 0 0 4399276 0 0
51 1256936 1 1 0 0 0 0 0 0
52 1256936 0 0 0 0 0 0 0 0
55 1254936 0 0 1098069 0 0 0 0 0
233 1256936 0 0 0 0 0 0 0 0
234 1887294 1 1 0 0 0 314549 1 1
236 1883514 0 0 0 0 0 313919 0 0
237 1256936 0 0 0 0 0 0 0 0
239 3066947 0 0 1415514 0 0 0 0 0
241 3063866 1 1 1414092 0 0 0 0 0
fn=unsigned int lob::v2::Book<lob::ChecksumSink>::match<std::__1::map<long, lob::v2::Book<lob::ChecksumSink>::Level, std::__1::greater<void>, std::__1::allocator<std::__1::pair<long const, lob::v2::Book<lob::ChecksumSink>::Level> > >, lob::v2::Book<lob::ChecksumSink>::add(unsigned long, lob::Side, long, unsigned int)::{lambda(long)#2}>(std::__1::map<long, lob::v2::Book<lob::ChecksumSink>::Level, std::__1::greater<void>, std::__1::allocator<std::__1::pair<long const, lob::v2::Book<lob::ChecksumSink>::Level> > >&, unsigned long, unsigned int, lob::v2::Book<lob::ChecksumSink>::add(unsigned long, lob::Side, long, unsigned int)::{lambda(long)#2})
0 4397980 3 3 896410 1 0 1061425 0 0
203 81679 0 0 0 0 0 81679 0 0
204 163358 0 0 0 0 0 81679 0 0
221 571753 1 1 326716 18 0 0 0 0
224 163358 0 0 0 0 0 81679 0 0
225 163358 0 0 0 0 0 0 0 0
226 80357 0 0 0 0 0 80357 35670 0
228 2644 0 0 0 0 0 1322 0 0
229 81679 0 0 81679 0 0 0 0 0
236 328508 0 0 328508 0 0 0 0 0
245 2622296 0 0 0 0 0 2294509 0 0
246 984082 1 1 0 0 0 0 0 0
248 657016 0 0 328508 3 0 0 0 0
250 447542 1 1 0 0 0 0 0 0
252 148700 0 0 0 0 0 0 0 0
253 594800 0 0 0 0 0 0 0 0
256 446100 0 0 0 0 0 148700 0 0
257 148700 0 0 148700 0 0 0 0 0
258 148700 0 0 0 0 0 0 0 0
264 160644 0 0 0 0 0 0 0 0
266 2950083 0 0 2294509 0 0 0 0 0
fn=unsigned int lob::v2::Book<lob::ChecksumSink>::match<std::__1::map<long, lob::v2::Book<lob::ChecksumSink>::Level, std::__1::less<void>, std::__1::allocator<std::__1::pair<long const, lob::v2::Book<lob::ChecksumSink>::Level> > >, lob::v2::Book<lob::ChecksumSink>::add(unsigned long, lob::Side, long, unsigned int)::{lambda(long)#1}>(std::__1::map<long, lob::v2::Book<lob::ChecksumSink>::Level, std::__1::less<void>, std::__1::allocator<std::__1::pair<long const, lob::v2::Book<lob::ChecksumSink>::Level> > >&, unsigned long, unsigned int, lob::v2::Book<lob::ChecksumSink>::add(unsigned long, lob::Side, long, unsigned int)::{lambda(long)#1})
0 4411338 3 3 899289 3 1 1064769 1 1
203 82521 0 0 0 0 0 82521 0 0
204 165042 0 0 0 0 0 82521 0 0
221 577647 1 1 330084 19 0 0 0 0
224 165042 0 0 0 0 0 82521 0 0
225 165042 0 0 0 0 0 0 0 0
226 81176 0 0 0 0 0 81176 37011 0
228 2690 0 0 0 0 0 1345 0 0
229 82521 0 0 82521 0 0 0 0 0
234 329104 0 0 329104 0 0 0 0 0
245 2627168 1 1 0 0 0 2298772 1 1
246 985897 1 1 0 0 0 0 0 0
248 658208 0 0 329104 2 0 0 0 0
250 450947 1 1 0 0 0 0 0 0
252 149843 0 0 0 0 0 0 0 0
253 599372 0 0 0 0 0 0 0 0
256 449529 0 0 0 0 0 149843 0 0
257 149843 0 0 149843 0 0 0 0 0
258 149843 0 0 0 0 0 0 0 0
264 161310 0 0 0 0 0 0 0 0
266 2955564 1 1 2298772 0 0 0 0 0
fn=void lob::v2::Book<lob::ChecksumSink>::rest<std::__1::map<long, lob::v2::Book<lob::ChecksumSink>::Level, std::__1::greater<void>, std::__1::allocator<std::__1::pair<long const, lob::v2::Book<lob::ChecksumSink>::Level> > > >(std::__1::map<long, lob::v2::Book<lob::ChecksumSink>::Level, std::__1::greater<void>, std::__1::allocator<std::__1::pair<long const, lob::v2::Book<lob::ChecksumSink>::Level> > >&, unsigned long, lob::Side, long, unsigned int)
0 743235 1 1 247743 0 0 247741 0 0
166 2003 0 0 0 0 0 2003 0 0
168 4006 0 0 0 0 0 2003 51 0
209 990964 0 0 247741 0 0 247741 0 0
210 495482 1 1 0 0 0 247741 0 0
211 247741 0 0 0 0 0 0 0 0
212 491476 0 0 0 0 0 245738 7196 0
214 2003 0 0 0 0 0 2003 0 0
215 247741 0 0 0 0 0 247741 0 0
216 247741 0 0 247741 507 0 0 0 0
270 3220633 2 2 0 0 0 2229669 0 0
271 990964 0 0 0 0 0 247741 73 0
274 743223 0 0 495482 0 0 247741 0 0
275 1238705 0 0 247741 0 0 743223 0 0
276 247741 1 1 247741 0 0 0 0 0
277 1981928 0 0 1734187 1 0 0 0 0
fn=void lob::v2::Book<lob::ChecksumSink>::rest<std::__1::map<long, lob::v2::Book<lob::ChecksumSink>::Level, std::__1::less<void>, std::__1::allocator<std::__1::pair<long const, lob::v2::Book<lob::ChecksumSink>::Level> > > >(std::__1::map<long, lob::v2::Book<lob::ChecksumSink>::Level, std::__1::less<void>, std::__1::allocator<std::__1::pair<long const, lob::v2::Book<lob::ChecksumSink>::Level> > >&, unsigned long, lob::Side, long, unsigned int)
0 742407 0 0 247467 0 0 247465 0 0
166 1999 1 1 0 0 0 1999 0 0
168 3998 0 0 0 0 0 1999 62 0
209 989860 1 1 247465 0 0 247465 0 0
210 494930 0 0 0 0 0 247465 0 0
211 247465 0 0 0 0 0 0 0 0
212 490932 0 0 0 0 0 245466 7181 0
214 1999 0 0 0 0 0 1999 0 0
215 247465 0 0 0 0 0 247465 0 0
216 247465 0 0 247465 504 0 0 0 0
270 3217045 1 1 0 0 0 2227185 0 0
271 989860 0 0 0 0 0 247465 86 0
274 742395 1 1 494930 0 0 247465 0 0
275 1237325 0 0 247465 0 0 742395 0 0
276 247465 0 0 247465 2 0 0 0 0
277 1979720 1 1 1732255 2 0 0 0 0
fl=/home/wang/sources/cxx/book/source/main.cxx
fn=(anonymous namespace)::cmd_replay((anonymous namespace)::Args const&)
0 1 0 0 0 0 0 0 0 0
290 2 1 1 0 0 0 1 1 1
292 9 1 1 0 0 0 6 0 0
fl=/usr/include/c++/v1/__algorithm/comp.h
fn=unsigned int lob::v2::Book<lob::ChecksumSink>::match<std::__1::map<long, lob::v2::Book<lob::ChecksumSink>::Level, std::__1::greater<void>, std::__1::allocator<std::__1::pair<long const, lob::v2::Book<lob::ChecksumSink>::Level> > >, lob::v2::Book<lob::ChecksumSink>::add(unsigned long, lob::Side, long, unsigned int)::{lambda(long)#2}>(std::__1::map<long, lob::v2::Book<lob::ChecksumSink>::Level, std::__1::greater<void>, std::__1::allocator<std::__1::pair<long const, lob::v2::Book<lob::ChecksumSink>::Level> > >&, unsigned long, unsigned int, lob::v2::Book<lob::ChecksumSink>::add(unsigned long, lob::Side, long, unsigned int)::{lambda(long)#2})
41 148700 0 0 148700 4604 0 0 0 0
fn=unsigned int lob::v2::Book<lob::ChecksumSink>::match<std::__1::map<long, lob::v2::Book<lob::ChecksumSink>::Level, std::__1::less<void>, std::__1::allocator<std::__1::pair<long const, lob::v2::Book<lob::ChecksumSink>::Level> > >, lob::v2::Book<lob::ChecksumSink>::add(unsigned long, lob::Side, long, unsigned int)::{lambda(long)#1}>(std::__1::map<long, lob::v2::Book<lob::ChecksumSink>::Level, std::__1::less<void>, std::__1::allocator<std::__1::pair<long const, lob::v2::Book<lob::ChecksumSink>::Level> > >&, unsigned long, unsigned int, lob::v2::Book<lob::ChecksumSink>::add(unsigned long, lob::Side, long, unsigned int)::{lambda(long)#1})
41 149843 0 0 149843 4749 0 0 0 0
fl=/usr/include/c++/v1/__functional/operations.h
fn=(anonymous namespace)::cmd_replay((anonymous namespace)::Args const&)
300 303470 0 0 303470 224570 0 0 0 0
375 1891853 0 0 730931 3263 1 0 0 0
fn=auto lob::v2::Book<lob::ChecksumSink>::erase(boost::unordered::detail::foa::table_iterator<boost::unordered::detail::foa::flat_map_types<unsigned long, lob::v2::Book<lob::ChecksumSink>::Loc>, boost::unordered::detail::foa::group15<boost::unordered::detail::foa::plain_integral>*, false>)::{lambda(auto:1&)#1}::operator()<std::__1::map<long, lob::v2::Book<lob::ChecksumSink>::Level, std::__1::greater<void>, std::__1::allocator<std::__1::pair<long const, lob::v2::Book<lob::ChecksumSink>::Level> > > >(std::__1::map<long, lob::v2::Book<lob::ChecksumSink>::Level, std::__1::greater<void>, std::__1::allocator<std::__1::pair<long const, lob::v2::Book<lob::ChecksumSink>::Level> > >&) const
462 2198113 1 1 842981 3554 2 0 0 0
fn=auto lob::v2::Book<lob::ChecksumSink>::erase(boost::unordered::detail::foa::table_iterator<boost::unordered::detail::foa::flat_map_types<unsigned long, lob::v2::Book<lob::ChecksumSink>::Loc>, boost::unordered::detail::foa::group15<boost::unordered::detail::foa::plain_integral>*, false>)::{lambda(auto:1&)#1}::operator()<std::__1::map<long, lob::v2::Book<lob::ChecksumSink>::Level, std::__1::less<void>, std::__1::allocator<std::__1::pair<long const, lob::v2::Book<lob::ChecksumSink>::Level> > > >(std::__1::map<long, lob::v2::Book<lob::ChecksumSink>::Level, std::__1::less<void>, std::__1::allocator<std::__1::pair<long const, lob::v2::Book<lob::ChecksumSink>::Level> > >&) const
375 174119 1 1 67285 296 1 0 0 0
fn=lob::v2::Book<lob::ChecksumSink>::modify(unsigned long, long, unsigned int)
300 69811 0 0 69811 51505 0 0 0 0
375 261008 0 0 100842 412 0 0 0 0
462 279293 0 0 107111 458 0 0 0 0
fn=lob::v2::Book<lob::ChecksumSink>::push(unsigned long, lob::Side, long, unsigned int)
300 5999 0 0 5999 5036 0 0 0 0
fn=unsigned int lob::v2::Book<lob::ChecksumSink>::match<std::__1::map<long, lob::v2::Book<lob::ChecksumSink>::Level, std::__1::greater<void>, std::__1::allocator<std::__1::pair<long const, lob::v2::Book<lob::ChecksumSink>::Level> > >, lob::v2::Book<lob::ChecksumSink>::add(unsigned long, lob::Side, long, unsigned int)::{lambda(long)#2}>(std::__1::map<long, lob::v2::Book<lob::ChecksumSink>::Level, std::__1::greater<void>, std::__1::allocator<std::__1::pair<long const, lob::v2::Book<lob::ChecksumSink>::Level> > >&, unsigned long, unsigned int, lob::v2::Book<lob::ChecksumSink>::add(unsigned long, lob::Side, long, unsigned int)::{lambda(long)#2})
300 82123 0 0 82123 45851 0 0 0 0
fn=unsigned int lob::v2::Book<lob::ChecksumSink>::match<std::__1::map<long, lob::v2::Book<lob::ChecksumSink>::Level, std::__1::less<void>, std::__1::allocator<std::__1::pair<long const, lob::v2::Book<lob::ChecksumSink>::Level> > >, lob::v2::Book<lob::ChecksumSink>::add(unsigned long, lob::Side, long, unsigned int)::{lambda(long)#1}>(std::__1::map<long, lob::v2::Book<lob::ChecksumSink>::Level, std::__1::less<void>, std::__1::allocator<std::__1::pair<long const, lob::v2::Book<lob::ChecksumSink>::Level> > >&, unsigned long, unsigned int, lob::v2::Book<lob::ChecksumSink>::add(unsigned long, lob::Side, long, unsigned int)::{lambda(long)#1})
300 82985 0 0 82985 47053 0 0 0 0
fn=void lob::v2::Book<lob::ChecksumSink>::rest<std::__1::map<long, lob::v2::Book<lob::ChecksumSink>::Level, std::__1::greater<void>, std::__1::allocator<std::__1::pair<long const, lob::v2::Book<lob::ChecksumSink>::Level> > > >(std::__1::map<long, lob::v2::Book<lob::ChecksumSink>::Level, std::__1::greater<void>, std::__1::allocator<std::__1::pair<long const, lob::v2::Book<lob::ChecksumSink>::Level> > >&, unsigned long, lob::Side, long, unsigned int)
300 4678 0 0 4678 23 0 0 0 0
462 1787758 0 0 893879 2675 4 0 0 0
fn=void lob::v2::Book<lob::ChecksumSink>::rest<std::__1::map<long, lob::v2::Book<lob::ChecksumSink>::Level, std::__1::less<void>, std::__1::allocator<std::__1::pair<long const, lob::v2::Book<lob::ChecksumSink>::Level> > > >(std::__1::map<long, lob::v2::Book<lob::ChecksumSink>::Level, std::__1::less<void>, std::__1::allocator<std::__1::pair<long const, lob::v2::Book<lob::ChecksumSink>::Level> > >&, unsigned long, lob::Side, long, unsigned int)
300 4796 0 0 4796 20 0 0 0 0
375 1658160 0 0 829080 2811 0 0 0 0
fl=/usr/include/c++/v1/__iterator/wrap_iter.h
fn=(anonymous namespace)::cmd_replay((anonymous namespace)::Args const&)
65 1000000 1 1 0 0 0 0 0 0
125 1000002 0 0 1000000 3 0 1 0 0
fl=/usr/include/c++/v1/__math/rounding_functions.h
fn=boost::unordered::detail::foa::table_locator<boost::unordered::detail::foa::group15<boost::unordered::detail::foa::plain_integral>, std::__1::pair<unsigned long const, lob::v2::Book<lob::ChecksumSink>::Loc> > boost::unordered::detail::foa::table_core<boost::unordered::detail::foa::flat_map_types<unsigned long, lob::v2::Book<lob::ChecksumSink>::Loc>, boost::unordered::detail::foa::group15<boost::unordered::detail::foa::plain_integral>, boost::unordered::detail::foa::table_arrays, boost::unordered::detail::foa::plain_size_control, boost::hash<unsigned long>, std::__1::equal_to<unsigned long>, std::__1::allocator<std::__1::pair<unsigned long const, lob::v2::Book<lob::ChecksumSink>::Loc> > >::unchecked_emplace_with_rehash<boost::unordered::detail::foa::try_emplace_args_t, unsigned long&, lob::v2::Book<lob::ChecksumSink>::Loc>(unsigned long, boost::unordered::detail::foa::try_emplace_args_t&&, unsigned long&, lob::v2::Book<lob::ChecksumSink>::Loc&&)
29 8 0 0 0 0 0 0 0 0
fl=/usr/include/c++/v1/__memory/allocator.h
fn=lob::v2::Book<lob::ChecksumSink>::alloc_node(unsigned long, unsigned int)
100 24 0 0 0 0 0 0 0 0
fl=/usr/include/c++/v1/__memory/construct_at.h
fn=lob::v2::Book<lob::ChecksumSink>::alloc_node(unsigned long, unsigned int)
38 6003 1 1 0 0 0 4002 692 465
fl=/usr/include/c++/v1/__memory/uninitialized_algorithms.h
fn=lob::v2::Book<lob::ChecksumSink>::alloc_node(unsigned long, unsigned int)
0 12 0 0 12 1 0 0 0 0
638 48 0 0 0 0 0 12 0 0
fl=/usr/include/c++/v1/__new/allocate.h
fn=(anonymous namespace)::cmd_replay((anonymous namespace)::Args const&)
63 1776 0 0 0 0 0 592 0 0
fn=auto lob::v2::Book<lob::ChecksumSink>::erase(boost::unordered::detail::foa::table_iterator<boost::unordered::detail::foa::flat_map_types<unsigned long, lob::v2::Book<lob::ChecksumSink>::Loc>, boost::unordered::detail::foa::group15<boost::unordered::detail::foa::plain_integral>*, false>)::{lambda(auto:1&)#1}::operator()<std::__1::map<long, lob::v2::Book<lob::ChecksumSink>::Level, std::__1::greater<void>, std::__1::allocator<std::__1::pair<long const, lob::v2::Book<lob::ChecksumSink>::Level> > > >(std::__1::map<long, lob::v2::Book<lob::ChecksumSink>::Level, std::__1::greater<void>, std::__1::allocator<std::__1::pair<long const, lob::v2::Book<lob::ChecksumSink>::Level> > >&) const
63 2664 0 0 666 0 0 0 0 0
fn=auto lob::v2::Book<lob::ChecksumSink>::erase(boost::unordered::detail::foa::table_iterator<boost::unordered::detail::foa::flat_map_types<unsigned long, lob::v2::Book<lob::ChecksumSink>::Loc>, boost::unordered::detail::foa::group15<boost::unordered::detail::foa::plain_integral>*, false>)::{lambda(auto:1&)#1}::operator()<std::__1::map<long, lob::v2::Book<lob::ChecksumSink>::Level, std::__1::less<void>, std::__1::allocator<std::__1::pair<long const, lob::v2::Book<lob::ChecksumSink>::Level> > > >(std::__1::map<long, lob::v2::Book<lob::ChecksumSink>::Level, std::__1::less<void>, std::__1::allocator<std::__1::pair<long const, lob::v2::Book<lob::ChecksumSink>::Level> > >&) const
63 188 0 0 47 0 0 0 0 0
fn=boost::unordered::detail::foa::table_core<boost::unordered::detail::foa::flat_map_types<unsigned long, lob::v2::Book<lob::ChecksumSink>::Loc>, boost::unordered::detail::foa::group15<boost::unordered::detail::foa::plain_integral>, boost::unordered::detail::foa::table_arrays, boost::unordered::detail::foa::plain_size_control, boost::hash<unsigned long>, std::__1::equal_to<unsigned long>, std::__1::allocator<std::__1::pair<unsigned long const, lob::v2::Book<lob::ChecksumSink>::Loc> > >::unchecked_rehash(boost::unordered::detail::foa::table_arrays<std::__1::pair<unsigned long const, lob::v2::Book<lob::ChecksumSink>::Loc>, boost::unordered::detail::foa::group15<boost::unordered::detail::foa::plain_integral>, boost::unordered::detail::foa::pow2_size_policy, std::__1::allocator<std::__1::pair<unsigned long const, lob::v2::Book<lob::ChecksumSink>::Loc> > >&)
57 7 0 0 0 0 0 0 0 0
63 7 0 0 0 0 0 7 0 0
fn=boost::unordered::detail::foa::table_locator<boost::unordered::detail::foa::group15<boost::unordered::detail::foa::plain_integral>, std::__1::pair<unsigned long const, lob::v2::Book<lob::ChecksumSink>::Loc> > boost::unordered::detail::foa::table_core<boost::unordered::detail::foa::flat_map_types<unsigned long, lob::v2::Book<lob::ChecksumSink>::Loc>, boost::unordered::detail::foa::group15<boost::unordered::detail::foa::plain_integral>, boost::unordered::detail::foa::table_arrays, boost::unordered::detail::foa::plain_size_control, boost::hash<unsigned long>, std::__1::equal_to<unsigned long>, std::__1::allocator<std::__1::pair<unsigned long const, lob::v2::Book<lob::ChecksumSink>::Loc> > >::unchecked_emplace_with_rehash<boost::unordered::detail::foa::try_emplace_args_t, unsigned long&, lob::v2::Book<lob::ChecksumSink>::Loc>(unsigned long, boost::unordered::detail::foa::try_emplace_args_t&&, unsigned long&, lob::v2::Book<lob::ChecksumSink>::Loc&&)
0 32 1 1 0 0 0 24 0 0
37 8 0 0 0 0 0 0 0 0
43 16 0 0 0 0 0 8 0 0
fn=lob::v2::Book<lob::ChecksumSink>::alloc_node(unsigned long, unsigned int)
0 47 1 1 47 0 0 0 0 0
37 24 0 0 0 0 0 0 0 0
43 36 0 0 0 0 0 12 1 1
63 33 0 0 0 0 0 11 0 0
fn=unsigned int lob::v2::Book<lob::ChecksumSink>::match<std::__1::map<long, lob::v2::Book<lob::ChecksumSink>::Level, std::__1::greater<void>, std::__1::allocator<std::__1::pair<long const, lob::v2::Book<lob::ChecksumSink>::Level> > >, lob::v2::Book<lob::ChecksumSink>::add(unsigned long, lob::Side, long, unsigned int)::{lambda(long)#2}>(std::__1::map<long, lob::v2::Book<lob::ChecksumSink>::Level, std::__1::greater<void>, std::__1::allocator<std::__1::pair<long const, lob::v2::Book<lob::ChecksumSink>::Level> > >&, unsigned long, unsigned int, lob::v2::Book<lob::ChecksumSink>::add(unsigned long, lob::Side, long, unsigned int)::{lambda(long)#2})
0 7932 0 0 1322 0 0 0 0 0
63 3966 0 0 0 0 0 1322 0 0
fn=unsigned int lob::v2::Book<lob::ChecksumSink>::match<std::__1::map<long, lob::v2::Book<lob::ChecksumSink>::Level, std::__1::less<void>, std::__1::allocator<std::__1::pair<long const, lob::v2::Book<lob::ChecksumSink>::Level> > >, lob::v2::Book<lob::ChecksumSink>::add(unsigned long, lob::Side, long, unsigned int)::{lambda(long)#1}>(std::__1::map<long, lob::v2::Book<lob::ChecksumSink>::Level, std::__1::less<void>, std::__1::allocator<std::__1::pair<long const, lob::v2::Book<lob::ChecksumSink>::Level> > >&, unsigned long, unsigned int, lob::v2::Book<lob::ChecksumSink>::add(unsigned long, lob::Side, long, unsigned int)::{lambda(long)#1})
0 8070 0 0 1345 0 0 0 0 0
63 4035 0 0 0 0 0 1345 0 0
fn=void lob::v2::Book<lob::ChecksumSink>::rest<std::__1::map<long, lob::v2::Book<lob::ChecksumSink>::Level, std::__1::greater<void>, std::__1::allocator<std::__1::pair<long const, lob::v2::Book<lob::ChecksumSink>::Level> > > >(std::__1::map<long, lob::v2::Book<lob::ChecksumSink>::Level, std::__1::greater<void>, std::__1::allocator<std::__1::pair<long const, lob::v2::Book<lob::ChecksumSink>::Level> > >&, unsigned long, lob::Side, long, unsigned int)
43 6009 0 0 0 0 0 2003 0 0
fn=void lob::v2::Book<lob::ChecksumSink>::rest<std::__1::map<long, lob::v2::Book<lob::ChecksumSink>::Level, std::__1::less<void>, std::__1::allocator<std::__1::pair<long const, lob::v2::Book<lob::ChecksumSink>::Level> > > >(std::__1::map<long, lob::v2::Book<lob::ChecksumSink>::Level, std::__1::less<void>, std::__1::allocator<std::__1::pair<long const, lob::v2::Book<lob::ChecksumSink>::Level> > >&, unsigned long, lob::Side, long, unsigned int)
43 5997 0 0 0 0 0 1999 0 0
fl=/usr/include/c++/v1/__split_buffer
fn=lob::v2::Book<lob::ChecksumSink>::alloc_node(unsigned long, unsigned int)
335 12 0 0 0 0 0 0 0 0
341 24 0 0 0 0 0 0 0 0
fl=/usr/include/c++/v1/__tree
fn=(anonymous namespace)::cmd_replay((anonymous namespace)::Args const&)
0 1484907 1 1 881401 2321 2 0 0 0
105 2254 0 0 2254 0 0 0 0 0
163 1059 0 0 280 132 0 0 0 0
191 2368 0 0 592 0 0 0 0 0
193 1127 0 0 0 0 0 0 0 0
680 150470 0 0 0 0 0 0 0 0
884 150470 0 0 150470 0 0 0 0 0
1824 1776 0 0 592 0 0 0 0 0
1825 10 0 0 0 0 0 5 0 0
1826 592 0 0 592 0 0 0 0 0
1827 1184 0 0 0 0 0 592 0 0
1994 300940 0 0 0 0 0 0 0 0
2049 1461862 1 1 0 0 0 0 0 0
2050 580461 0 0 0 0 0 0 0 0
fn=auto lob::v2::Book<lob::ChecksumSink>::erase(boost::unordered::detail::foa::table_iterator<boost::unordered::detail::foa::flat_map_types<unsigned long, lob::v2::Book<lob::ChecksumSink>::Loc>, boost::unordered::detail::foa::group15<boost::unordered::detail::foa::plain_integral>*, false>)::{lambda(auto:1&)#1}::operator()<std::__1::map<long, lob::v2::Book<lob::ChecksumSink>::Level, std::__1::greater<void>, std::__1::allocator<std::__1::pair<long const, lob::v2::Book<lob::ChecksumSink>::Level> > > >(std::__1::map<long, lob::v2::Book<lob::ChecksumSink>::Level, std::__1::greater<void>, std::__1::allocator<std::__1::pair<long const, lob::v2::Book<lob::ChecksumSink>::Level> > >&) const
0 1341458 0 0 842981 1032 0 0 0 0
105 2496 0 0 2496 0 0 0 0 0
163 1198 0 0 318 179 0 0 0 0
191 1998 0 0 666 0 0 0 0 0
193 1248 0 0 0 0 0 0 0 0
680 165415 0 0 0 0 0 0 0 0
862 165415 0 0 0 0 0 0 0 0
884 165415 0 0 165415 0 0 0 0 0
1824 1332 0 0 666 0 0 0 0 0
1825 7 0 0 0 0 0 7 0 0
1826 666 0 0 666 0 0 0 0 0
1827 1332 0 0 0 0 0 666 0 0
1994 330830 0 0 0 0 0 0 0 0
2049 1685962 0 0 0 0 0 0 0 0
2050 677566 0 0 0 0 0 0 0 0
fn=auto lob::v2::Book<lob::ChecksumSink>::erase(boost::unordered::detail::foa::table_iterator<boost::unordered::detail::foa::flat_map_types<unsigned long, lob::v2::Book<lob::ChecksumSink>::Loc>, boost::unordered::detail::foa::group15<boost::unordered::detail::foa::plain_integral>*, false>)::{lambda(auto:1&)#1}::operator()<std::__1::map<long, lob::v2::Book<lob::ChecksumSink>::Level, std::__1::less<void>, std::__1::allocator<std::__1::pair<long const, lob::v2::Book<lob::ChecksumSink>::Level> > > >(std::__1::map<long, lob::v2::Book<lob::ChecksumSink>::Level, std::__1::less<void>, std::__1::allocator<std::__1::pair<long const, lob::v2::Book<lob::ChecksumSink>::Level> > >&) const
0 109074 0 0 67285 217 0 0 0 0
105 234 0 0 234 0 0 0 0 0
163 79 0 0 21 16 0 0 0 0
191 141 0 0 47 0 0 0 0 0
193 117 0 0 0 0 0 0 0 0
680 13868 0 0 0 0 0 0 0 0
862 13868 0 0 0 0 0 0 0 0
884 13868 0 0 13868 0 0 0 0 0
1824 94 1 1 47 0 0 0 0 0
1826 47 0 0 47 0 0 0 0 0
1827 94 0 0 0 0 0 47 0 0
1994 27736 0 0 0 0 0 0 0 0
2049 134570 0 0 0 0 0 0 0 0
2050 53417 0 0 0 0 0 0 0 0
fn=lob::v2::Book<lob::ChecksumSink>::modify(unsigned long, long, unsigned int)
0 249732 2 2 166174 419 1 0 0 0
680 41779 0 0 0 0 0 0 0 0
862 41779 0 0 0 0 0 0 0 0
884 41779 0 0 41779 0 0 0 0 0
1994 104317 0 0 0 0 0 0 0 0
2049 415906 0 0 0 0 0 0 0 0
2050 166174 0 0 0 0 0 0 0 0
fn=unsigned int lob::v2::Book<lob::ChecksumSink>::match<std::__1::map<long, lob::v2::Book<lob::ChecksumSink>::Level, std::__1::greater<void>, std::__1::allocator<std::__1::pair<long const, lob::v2::Book<lob::ChecksumSink>::Level> > >, lob::v2::Book<lob::ChecksumSink>::add(unsigned long, lob::Side, long, unsigned int)::{lambda(long)#2}>(std::__1::map<long, lob::v2::Book<lob::ChecksumSink>::Level, std::__1::greater<void>, std::__1::allocator<std::__1::pair<long const, lob::v2::Book<lob::ChecksumSink>::Level> > >&, unsigned long, unsigned int, lob::v2::Book<lob::ChecksumSink>::add(unsigned long, lob::Side, long, unsigned int)::{lambda(long)#2})
0 1938 0 0 0 0 0 0 0 0
105 2614 0 0 2614 0 0 0 0 0
163 60 0 0 15 0 0 0 0 0
191 5288 0 0 1322 4 0 0 0 0
193 2614 0 0 0 0 0 0 0 0
915 328508 0 0 328508 0 0 0 0 0
1825 1322 0 0 0 0 0 1322 0 0
1826 1322 0 0 1322 0 0 0 0 0
1827 3966 0 0 1322 0 0 1322 0 0
fn=unsigned int lob::v2::Book<lob::ChecksumSink>::match<std::__1::map<long, lob::v2::Book<lob::ChecksumSink>::Level, std::__1::less<void>, std::__1::allocator<std::__1::pair<long const, lob::v2::Book<lob::ChecksumSink>::Level> > >, lob::v2::Book<lob::ChecksumSink>::add(unsigned long, lob::Side, long, unsigned int)::{lambda(long)#1}>(std::__1::map<long, lob::v2::Book<lob::ChecksumSink>::Level, std::__1::less<void>, std::__1::allocator<std::__1::pair<long const, lob::v2::Book<lob::ChecksumSink>::Level> > >&, unsigned long, unsigned int, lob::v2::Book<lob::ChecksumSink>::add(unsigned long, lob::Side, long, unsigned int)::{lambda(long)#1})
0 1998 0 0 0 0 0 0 0 0
105 2656 0 0 2656 0 0 0 0 0
163 68 0 0 17 0 0 0 0 0
191 5380 0 0 1345 0 0 0 0 0
193 2656 0 0 0 0 0 0 0 0
915 329104 0 0 329104 0 0 0 0 0
1825 1345 0 0 0 0 0 1345 0 0
1826 1345 0 0 1345 0 0 0 0 0
1827 4035 0 0 1345 0 0 1345 0 0
fn=void lob::v2::Book<lob::ChecksumSink>::rest<std::__1::map<long, lob::v2::Book<lob::ChecksumSink>::Level, std::__1::greater<void>, std::__1::allocator<std::__1::pair<long const, lob::v2::Book<lob::ChecksumSink>::Level> > > >(std::__1::map<long, lob::v2::Book<lob::ChecksumSink>::Level, std::__1::greater<void>, std::__1::allocator<std::__1::pair<long const, lob::v2::Book<lob::ChecksumSink>::Level> > >&, unsigned long, lob::Side, long, unsigned int)
0 898325 1 1 2003 0 0 0 0 0
884 247741 0 0 247741 2 1 0 0 0
1591 743224 0 0 0 0 0 247741 1 0
1593 893879 0 0 0 0 0 0 0 0
1594 2247776 0 0 561944 311 1 0 0 0
1601 331935 0 0 0 0 0 0 0 0
1602 258591 0 0 86197 225 0 0 0 0
1673 2003 0 0 0 0 0 2003 0 0
1674 2003 1 1 0 0 0 2003 0 0
1676 2003 0 0 0 0 0 2003 0 0
1677 8012 0 0 4006 2 0 0 0 0
1678 1340 0 0 0 0 0 1340 0 0
1679 6009 0 0 2003 0 0 2003 0 0
1680 2003 0 0 2003 0 0 0 0 0
fn=void lob::v2::Book<lob::ChecksumSink>::rest<std::__1::map<long, lob::v2::Book<lob::ChecksumSink>::Level, std::__1::less<void>, std::__1::allocator<std::__1::pair<long const, lob::v2::Book<lob::ChecksumSink>::Level> > > >(std::__1::map<long, lob::v2::Book<lob::ChecksumSink>::Level, std::__1::less<void>, std::__1::allocator<std::__1::pair<long const, lob::v2::Book<lob::ChecksumSink>::Level> > >&, unsigned long, lob::Side, long, unsigned int)
0 833512 1 1 1999 0 0 0 0 0
884 247465 0 0 247465 0 0 0 0 0
1591 742396 0 0 0 0 0 247465 0 0
1593 829080 0 0 0 0 0 0 0 0
1594 1962348 0 0 490587 270 0 0 0 0
1601 338493 0 0 0 0 0 0 0 0
1602 279081 0 0 93027 240 0 0 0 0
1673 1999 0 0 0 0 0 1999 0 0
1674 1999 0 0 0 0 0 1999 0 0
1676 1999 0 0 0 0 0 1999 0 0
1677 7996 0 0 3998 1 0 0 0 0
1678 1342 0 0 0 0 0 1342 0 0
1679 5997 0 0 1999 0 0 1999 0 0
1680 1999 0 0 1999 0 0 0 0 0
fn=void std::__1::__tree_balance_after_insert[abi:ne210105]<std::__1::__tree_node_base<void*>*>(std::__1::__tree_node_base<void*>*, std::__1::__tree_node_base<void*>*)
0 449 0 0 0 0 0 0 0 0
105 2987 1 1 2148 0 0 0 0 0
235 317 0 0 317 0 0 0 0 0
236 634 0 0 317 0 0 317 0 0
237 634 0 0 0 0 0 0 0 0
239 509 0 0 192 0 0 317 0 0
240 192 0 0 0 0 0 0 0 0
241 178 0 0 0 0 0 178 0 0
243 139 0 0 0 0 0 139 0 0
244 317 1 1 0 0 0 317 0 0
254 130 0 0 130 0 0 0 0 0
255 538 1 1 269 0 0 269 0 0
256 538 0 0 0 0 0 0 0 0
258 468 0 0 199 0 0 269 0 0
259 269 0 0 0 0 0 0 0 0
260 60 0 0 0 0 0 60 0 0
262 282 0 0 0 0 0 209 0 0
263 269 1 1 0 0 0 269 0 0
278 8004 1 1 0 0 0 4002 0 0
279 13070 0 0 4265 0 0 0 0 0
281 652 0 0 0 0 0 0 0 0
282 318 0 0 318 0 0 0 0 0
283 900 0 0 132 45 0 0 0 0
285 122 0 0 0 0 0 122 0 0
287 244 0 0 0 0 0 122 0 0
288 244 0 0 0 0 0 122 0 0
290 262 0 0 0 0 0 0 0 0
295 196 0 0 0 0 0 196 0 0
297 196 0 0 0 0 0 196 0 0
303 1008 1 1 170 66 0 0 0 0
305 147 0 0 0 0 0 147 0 0
307 294 0 0 0 0 0 147 0 0
308 294 0 0 0 0 0 147 0 0
310 301 0 0 0 0 0 0 0 0
315 187 0 0 0 0 0 187 0 0
317 187 0 0 0 0 0 187 0 0
323 4002 0 0 4002 0 0 0 0 0
569 4468 0 0 4468 0 0 0 0 0
571 627 1 1 0 0 0 627 7 0
fn=void std::__1::__tree_remove[abi:ne210105]<std::__1::__tree_node_base<void*>*>(std::__1::__tree_node_base<void*>*, std::__1::__tree_node_base<void*>*)
0 5991 2 2 483 0 0 415 0 0
105 21198 2 2 9343 184 0 0 0 0
163 1602 0 0 534 0 0 0 0 0
235 54 0 0 54 0 0 0 0 0
236 248 0 0 124 1 0 124 0 0
237 248 0 0 0 0 0 0 0 0
239 248 0 0 124 0 0 124 0 0
240 124 0 0 0 0 0 0 0 0
241 77 0 0 0 0 0 77 0 0
243 52 0 0 0 0 0 47 0 0
244 124 0 0 0 0 0 124 0 0
254 151 0 0 151 0 0 0 0 0
255 408 1 1 204 2 0 204 0 0
256 408 0 0 0 0 0 0 0 0
258 408 0 0 204 0 0 204 0 0
259 204 1 1 0 0 0 0 0 0
260 6 0 0 0 0 0 6 0 0
262 249 0 0 0 0 0 198 0 0
263 204 0 0 0 0 0 204 0 0
339 17880 1 1 4470 0 0 0 0 0
341 3868 0 0 3868 0 0 0 0 0
345 7736 0 0 0 0 0 0 0 0
346 867 0 0 289 7 0 289 51 0
347 3972 0 0 0 0 0 0 0 0
348 3081 0 0 0 0 0 3081 0 0
349 6162 0 0 0 0 0 0 0 0
350 3081 0 0 3081 0 0 0 0 0
354 891 0 0 0 0 0 891 0 0
358 3972 0 0 3972 0 0 0 0 0
361 10892 0 0 0 0 0 0 0 0
363 788 1 1 394 0 0 394 0 0
364 394 0 0 0 0 0 0 0 0
365 30 0 0 0 0 0 30 0 0
367 728 0 0 0 0 0 364 0 0
368 788 0 0 394 0 0 394 0 0
370 788 0 0 394 0 0 394 0 0
371 788 0 0 0 0 0 0 0 0
373 788 1 1 394 0 0 394 0 0
374 788 0 0 0 0 0 0 0 0
379 11916 0 0 0 0 0 0 0 0
392 1408 0 0 0 0 0 0 0 0
393 289 0 0 0 0 0 289 0 0
401 449 0 0 0 0 0 0 0 0
403 268 0 0 0 0 0 0 0 0
404 12 0 0 0 0 0 12 0 0
405 12 0 0 0 0 0 12 0 0
409 36 0 0 12 0 0 0 0 0
412 12 0 0 12 0 0 0 0 0
415 506 1 1 186 30 0 0 0 0
416 309 0 0 103 0 0 0 0 0
417 92 0 0 0 0 0 92 0 0
420 451 0 0 92 0 0 0 0 0
429 141 0 0 47 3 0 0 0 0
431 26 0 0 0 0 0 26 0 0
432 26 0 0 0 0 0 26 0 0
439 84 0 0 42 0 0 42 0 0
440 42 1 1 0 0 0 42 0 0
441 42 0 0 0 0 0 42 0 0
446 630 1 1 0 0 0 0 0 0
447 27 0 0 0 0 0 27 0 0
448 27 0 0 0 0 0 27 0 0
452 81 0 0 27 0 0 0 0 0
455 27 0 0 27 0 0 0 0 0
458 1417 1 1 516 78 0 0 0 0
459 702 0 0 234 0 0 0 0 0
460 164 0 0 0 0 0 164 0 0
463 378 0 0 164 0 0 0 0 0
472 163 0 0 6 0 0 0 0 0
474 76 0 0 6 0 0 70 0 0
475 70 0 0 0 0 0 70 0 0
482 302 0 0 151 0 0 151 0 0
483 151 0 0 0 0 0 151 0 0
484 151 0 0 0 0 0 151 0 0
492 3972 0 0 3972 0 0 0 0 0
569 449 1 1 449 0 0 0 0 0
571 807 0 0 0 0 0 807 37 0
fl=/usr/include/c++/v1/__utility/pair.h
fn=_ZN5boost9unordered6detail3foa10table_coreINS2_14flat_map_typesImN3lob2v24BookINS5_12ChecksumSinkEE3LocEEENS2_7group15INS2_14plain_integralEEENS2_12table_arraysENS2_18plain_size_controlENS_4hashImEENSt3__18equal_toImEENSJ_9allocatorINSJ_4pairIKmSA_EEEEE22for_all_elements_whileIZNSR_22for_all_elements_whileIZNSR_16for_all_elementsIZNSR_16unchecked_rehashERNSF_ISP_SE_NS2_16pow2_size_policyESQ_EEEUlPSP_E_EEDTcmclfL1p0_LDnEEcvv_EERKSW_T_EUlSY_E_EES10_S12_S13_EUlPSE_jSY_E_EEDTcmclfp0_LDnELi0ELDnEEcvv_EES12_S13_
196 19980 0 0 9990 851 0 9990 2128 2128
fn=boost::unordered::detail::foa::table_locator<boost::unordered::detail::foa::group15<boost::unordered::detail::foa::plain_integral>, std::__1::pair<unsigned long const, lob::v2::Book<lob::ChecksumSink>::Loc> > boost::unordered::detail::foa::table_core<boost::unordered::detail::foa::flat_map_types<unsigned long, lob::v2::Book<lob::ChecksumSink>::Loc>, boost::unordered::detail::foa::group15<boost::unordered::detail::foa::plain_integral>, boost::unordered::detail::foa::table_arrays, boost::unordered::detail::foa::plain_size_control, boost::hash<unsigned long>, std::__1::equal_to<unsigned long>, std::__1::allocator<std::__1::pair<unsigned long const, lob::v2::Book<lob::ChecksumSink>::Loc> > >::unchecked_emplace_with_rehash<boost::unordered::detail::foa::try_emplace_args_t, unsigned long&, lob::v2::Book<lob::ChecksumSink>::Loc>(unsigned long, boost::unordered::detail::foa::try_emplace_args_t&&, unsigned long&, lob::v2::Book<lob::ChecksumSink>::Loc&&)
445 16 0 0 8 0 0 8 8 8
446 32 0 0 16 0 0 16 3 3
fn=void lob::v2::Book<lob::ChecksumSink>::rest<std::__1::map<long, lob::v2::Book<lob::ChecksumSink>::Level, std::__1::greater<void>, std::__1::allocator<std::__1::pair<long const, lob::v2::Book<lob::ChecksumSink>::Level> > > >(std::__1::map<long, lob::v2::Book<lob::ChecksumSink>::Level, std::__1::greater<void>, std::__1::allocator<std::__1::pair<long const, lob::v2::Book<lob::ChecksumSink>::Level> > >&, unsigned long, lob::Side, long, unsigned int)
445 249739 0 0 0 0 0 249739 161524 109
446 990944 0 0 495472 0 0 495472 90117 745
fn=void lob::v2::Book<lob::ChecksumSink>::rest<std::__1::map<long, lob::v2::Book<lob::ChecksumSink>::Level, std::__1::less<void>, std::__1::allocator<std::__1::pair<long const, lob::v2::Book<lob::ChecksumSink>::Level> > > >(std::__1::map<long, lob::v2::Book<lob::ChecksumSink>::Level, std::__1::less<void>, std::__1::allocator<std::__1::pair<long const, lob::v2::Book<lob::ChecksumSink>::Level> > >&, unsigned long, lob::Side, long, unsigned int)
445 249461 0 0 0 0 0 249461 161665 127
446 989848 0 0 494924 0 0 494924 90110 675
fl=/usr/include/c++/v1/__utility/swap.h
fn=lob::v2::Book<lob::ChecksumSink>::alloc_node(unsigned long, unsigned int)
44 36 0 0 0 0 0 36 1 0
fl=/usr/include/c++/v1/__vector/vector.h
fn=(anonymous namespace)::cmd_replay((anonymous namespace)::Args const&)
0 1 0 0 0 0 0 1 0 0
388 1 0 0 1 0 0 0 0 0
407 897375 0 0 302038 0 0 0 0 0
449 1 0 0 1 1 1 0 0 0
fn=auto lob::v2::Book<lob::ChecksumSink>::erase(boost::unordered::detail::foa::table_iterator<boost::unordered::detail::foa::flat_map_types<unsigned long, lob::v2::Book<lob::ChecksumSink>::Loc>, boost::unordered::detail::foa::group15<boost::unordered::detail::foa::plain_integral>*, false>)::{lambda(auto:1&)#1}::operator()<std::__1::map<long, lob::v2::Book<lob::ChecksumSink>::Level, std::__1::greater<void>, std::__1::allocator<std::__1::pair<long const, lob::v2::Book<lob::ChecksumSink>::Level> > > >(std::__1::map<long, lob::v2::Book<lob::ChecksumSink>::Level, std::__1::greater<void>, std::__1::allocator<std::__1::pair<long const, lob::v2::Book<lob::ChecksumSink>::Level> > >&) const
407 653199 0 0 165415 0 0 0 0 0
fn=auto lob::v2::Book<lob::ChecksumSink>::erase(boost::unordered::detail::foa::table_iterator<boost::unordered::detail::foa::flat_map_types<unsigned long, lob::v2::Book<lob::ChecksumSink>::Loc>, boost::unordered::detail::foa::group15<boost::unordered::detail::foa::plain_integral>*, false>)::{lambda(auto:1&)#1}::operator()<std::__1::map<long, lob::v2::Book<lob::ChecksumSink>::Level, std::__1::less<void>, std::__1::allocator<std::__1::pair<long const, lob::v2::Book<lob::ChecksumSink>::Level> > > >(std::__1::map<long, lob::v2::Book<lob::ChecksumSink>::Level, std::__1::less<void>, std::__1::allocator<std::__1::pair<long const, lob::v2::Book<lob::ChecksumSink>::Level> > >&) const
407 54756 0 0 13868 0 0 0 0 0
fn=lob::v2::Book<lob::ChecksumSink>::alloc_node(unsigned long, unsigned int)
0 72 1 1 0 0 0 48 0 0
388 18009 1 1 4002 0 0 0 0 0
391 48 1 1 0 0 0 0 0 0
407 1483617 0 0 495206 0 0 0 0 0
475 1989 0 0 0 0 0 0 0 0
902 24 0 0 0 0 0 0 0 0
905 60 0 0 0 0 0 0 0 0
1128 12 0 0 0 0 0 0 0 0
1131 24 0 0 0 0 0 0 0 0
1146 6003 0 0 2001 0 0 0 0 0
1149 1989 0 0 0 0 0 0 0 0
1152 2001 0 0 0 0 0 2001 0 0
fn=lob::v2::Book<lob::ChecksumSink>::modify(unsigned long, long, unsigned int)
407 138988 0 0 69494 0 0 0 0 0
fn=unsigned int lob::v2::Book<lob::ChecksumSink>::match<std::__1::map<long, lob::v2::Book<lob::ChecksumSink>::Level, std::__1::greater<void>, std::__1::allocator<std::__1::pair<long const, lob::v2::Book<lob::ChecksumSink>::Level> > >, lob::v2::Book<lob::ChecksumSink>::add(unsigned long, lob::Side, long, unsigned int)::{lambda(long)#2}>(std::__1::map<long, lob::v2::Book<lob::ChecksumSink>::Level, std::__1::greater<void>, std::__1::allocator<std::__1::pair<long const, lob::v2::Book<lob::ChecksumSink>::Level> > >&, unsigned long, unsigned int, lob::v2::Book<lob::ChecksumSink>::add(unsigned long, lob::Side, long, unsigned int)::{lambda(long)#2})
407 229057 0 0 0 0 0 0 0 0
fn=unsigned int lob::v2::Book<lob::ChecksumSink>::match<std::__1::map<long, lob::v2::Book<lob::ChecksumSink>::Level, std::__1::less<void>, std::__1::allocator<std::__1::pair<long const, lob::v2::Book<lob::ChecksumSink>::Level> > >, lob::v2::Book<lob::ChecksumSink>::add(unsigned long, lob::Side, long, unsigned int)::{lambda(long)#1}>(std::__1::map<long, lob::v2::Book<lob::ChecksumSink>::Level, std::__1::less<void>, std::__1::allocator<std::__1::pair<long const, lob::v2::Book<lob::ChecksumSink>::Level> > >&, unsigned long, unsigned int, lob::v2::Book<lob::ChecksumSink>::add(unsigned long, lob::Side, long, unsigned int)::{lambda(long)#1})
407 231019 0 0 0 0 0 0 0 0
fn=void lob::v2::Book<lob::ChecksumSink>::rest<std::__1::map<long, lob::v2::Book<lob::ChecksumSink>::Level, std::__1::greater<void>, std::__1::allocator<std::__1::pair<long const, lob::v2::Book<lob::ChecksumSink>::Level> > > >(std::__1::map<long, lob::v2::Book<lob::ChecksumSink>::Level, std::__1::greater<void>, std::__1::allocator<std::__1::pair<long const, lob::v2::Book<lob::ChecksumSink>::Level> > >&, unsigned long, lob::Side, long, unsigned int)
407 741220 0 0 247741 0 0 0 0 0
fn=void lob::v2::Book<lob::ChecksumSink>::rest<std::__1::map<long, lob::v2::Book<lob::ChecksumSink>::Level, std::__1::less<void>, std::__1::allocator<std::__1::pair<long const, lob::v2::Book<lob::ChecksumSink>::Level> > > >(std::__1::map<long, lob::v2::Book<lob::ChecksumSink>::Level, std::__1::less<void>, std::__1::allocator<std::__1::pair<long const, lob::v2::Book<lob::ChecksumSink>::Level> > >&, unsigned long, lob::Side, long, unsigned int)
407 740396 0 0 247465 0 0 0 0 0
fl=/usr/include/c++/v1/map
fn=unsigned int lob::v2::Book<lob::ChecksumSink>::match<std::__1::map<long, lob::v2::Book<lob::ChecksumSink>::Level, std::__1::greater<void>, std::__1::allocator<std::__1::pair<long const, lob::v2::Book<lob::ChecksumSink>::Level> > >, lob::v2::Book<lob::ChecksumSink>::add(unsigned long, lob::Side, long, unsigned int)::{lambda(long)#2}>(std::__1::map<long, lob::v2::Book<lob::ChecksumSink>::Level, std::__1::greater<void>, std::__1::allocator<std::__1::pair<long const, lob::v2::Book<lob::ChecksumSink>::Level> > >&, unsigned long, unsigned int, lob::v2::Book<lob::ChecksumSink>::add(unsigned long, lob::Side, long, unsigned int)::{lambda(long)#2})
1031 328508 1 1 328508 0 0 0 0 0
fn=unsigned int lob::v2::Book<lob::ChecksumSink>::match<std::__1::map<long, lob::v2::Book<lob::ChecksumSink>::Level, std::__1::less<void>, std::__1::allocator<std::__1::pair<long const, lob::v2::Book<lob::ChecksumSink>::Level> > >, lob::v2::Book<lob::ChecksumSink>::add(unsigned long, lob::Side, long, unsigned int)::{lambda(long)#1}>(std::__1::map<long, lob::v2::Book<lob::ChecksumSink>::Level, std::__1::less<void>, std::__1::allocator<std::__1::pair<long const, lob::v2::Book<lob::ChecksumSink>::Level> > >&, unsigned long, unsigned int, lob::v2::Book<lob::ChecksumSink>::add(unsigned long, lob::Side, long, unsigned int)::{lambda(long)#1})
1031 329105 1 1 329105 0 0 0 0 0
fl=???
fn=???
0 32036 6 6 20034 5099 5 0 0 0
fn=operator delete(void*)
0 19950 0 0 3990 0 0 3990 0 0
fn=operator delete(void*, unsigned long)
0 19950 1 1 3990 0 0 3990 0 0
fn=operator new(unsigned long)
0 68374 2 2 12066 0 0 16088 0 0
summary: 239982130 277 274 68532095 1217543 375107 36766985 1012356 4914
