==90853== Cachegrind, a high-precision tracing profiler
==90853== Copyright (C) 2002-2017, and GNU GPL'd, by Nicholas Nethercote et al.
==90853== Using Valgrind-3.22.0 and LibVEX; rerun with -h for copyright info
==90853== Command: /home/wang/sources/cxx/book/build/profile/book replay --workload data/itch12302019_QQQ.ops --version v12
==90853== 
==90853== 
==90853== I refs:        402,435,565
==90853== I1  misses:            265
==90853== LLi misses:            256
==90853== I1  miss rate:        0.00%
==90853== LLi miss rate:        0.00%
==90853== 
==90853== D refs:        155,952,984  (114,687,725 rd   + 41,265,259 wr)
==90853== D1  misses:      3,024,480  (  1,709,741 rd   +  1,314,739 wr)
==90853== LLd misses:        975,532  (    947,169 rd   +     28,363 wr)
==90853== D1  miss rate:         1.9% (        1.5%     +        3.2%  )
==90853== LLd miss rate:         0.6% (        0.8%     +        0.1%  )
==90853== 
==90853== LL refs:         3,024,745  (  1,710,006 rd   +  1,314,739 wr)
==90853== LL misses:         975,788  (    947,425 rd   +     28,363 wr)
==90853== LL miss rate:          0.2% (        0.2%     +        0.1%  )
