==90568== Cachegrind, a high-precision tracing profiler
==90568== Copyright (C) 2002-2017, and GNU GPL'd, by Nicholas Nethercote et al.
==90568== Using Valgrind-3.22.0 and LibVEX; rerun with -h for copyright info
==90568== Command: /home/wang/sources/cxx/book/build/profile/book replay --workload data/syn_default_s42.ops --version v12
==90568== 
==90568== 
==90568== I refs:        169,794,197
==90568== I1  misses:            245
==90568== LLi misses:            245
==90568== I1  miss rate:        0.00%
==90568== LLi miss rate:        0.00%
==90568== 
==90568== D refs:         66,017,985  (48,149,600 rd   + 17,868,385 wr)
==90568== D1  misses:      2,314,621  ( 1,252,507 rd   +  1,062,114 wr)
==90568== LLd misses:        380,185  (   375,158 rd   +      5,027 wr)
==90568== D1  miss rate:         3.5% (       2.6%     +        5.9%  )
==90568== LLd miss rate:         0.6% (       0.8%     +        0.0%  )
==90568== 
==90568== LL refs:         2,314,866  ( 1,252,752 rd   +  1,062,114 wr)
==90568== LL misses:         380,430  (   375,403 rd   +      5,027 wr)
==90568== LL miss rate:          0.2% (       0.2%     +        0.0%  )
