==90803== Cachegrind, a high-precision tracing profiler
==90803== Copyright (C) 2002-2017, and GNU GPL'd, by Nicholas Nethercote et al.
==90803== Using Valgrind-3.22.0 and LibVEX; rerun with -h for copyright info
==90803== Command: /home/wang/sources/cxx/book/build/profile/book replay --workload data/itch12302019_SPY.ops --version v15
==90803== 
==90803== 
==90803== I refs:        359,205,370
==90803== I1  misses:            309
==90803== LLi misses:            305
==90803== I1  miss rate:        0.00%
==90803== LLi miss rate:        0.00%
==90803== 
==90803== D refs:        137,015,660  (92,031,392 rd   + 44,984,268 wr)
==90803== D1  misses:      1,821,586  ( 1,739,730 rd   +     81,856 wr)
==90803== LLd misses:        850,889  (   846,749 rd   +      4,140 wr)
==90803== D1  miss rate:         1.3% (       1.9%     +        0.2%  )
==90803== LLd miss rate:         0.6% (       0.9%     +        0.0%  )
==90803== 
==90803== LL refs:         1,821,895  ( 1,740,039 rd   +     81,856 wr)
==90803== LL misses:         851,194  (   847,054 rd   +      4,140 wr)
==90803== LL miss rate:          0.2% (       0.2%     +        0.0%  )
