==67149== Cachegrind, a high-precision tracing profiler
==67149== Copyright (C) 2002-2017, and GNU GPL'd, by Nicholas Nethercote et al.
==67149== Using Valgrind-3.22.0 and LibVEX; rerun with -h for copyright info
==67149== Command: /home/wang/sources/cxx/book/build/profile/book replay --workload data/syn_deep_s42.ops --version v10
==67149== 
==67149== 
==67149== I refs:        206,032,121
==67149== I1  misses:            308
==67149== LLi misses:            308
==67149== I1  miss rate:        0.00%
==67149== LLi miss rate:        0.00%
==67149== 
==67149== D refs:         82,381,528  (54,376,186 rd   + 28,005,342 wr)
==67149== D1  misses:      4,042,978  ( 2,403,011 rd   +  1,639,967 wr)
==67149== LLd misses:        415,147  (   375,242 rd   +     39,905 wr)
==67149== D1  miss rate:         4.9% (       4.4%     +        5.9%  )
==67149== LLd miss rate:         0.5% (       0.7%     +        0.1%  )
==67149== 
==67149== LL refs:         4,043,286  ( 2,403,319 rd   +  1,639,967 wr)
==67149== LL misses:         415,455  (   375,550 rd   +     39,905 wr)
==67149== LL miss rate:          0.1% (       0.1%     +        0.1%  )
