==23084== Cachegrind, a high-precision tracing profiler
==23084== Copyright (C) 2002-2017, and GNU GPL'd, by Nicholas Nethercote et al.
==23084== Using Valgrind-3.22.0 and LibVEX; rerun with -h for copyright info
==23084== Command: /home/wang/sources/cxx/book/build/profile/book replay --workload data/syn_aggressive_s42.ops --version v2
==23084== 
==23084== 
==23084== I refs:        239,982,129
==23084== I1  misses:            273
==23084== LLi misses:            273
==23084== I1  miss rate:        0.00%
==23084== LLi miss rate:        0.00%
==23084== 
==23084== D refs:        105,299,079  (68,532,095 rd   + 36,766,984 wr)
==23084== D1  misses:      2,230,845  ( 1,218,224 rd   +  1,012,621 wr)
==23084== LLd misses:        380,024  (   375,107 rd   +      4,917 wr)
==23084== D1  miss rate:         2.1% (       1.8%     +        2.8%  )
==23084== LLd miss rate:         0.4% (       0.5%     +        0.0%  )
==23084== 
==23084== LL refs:         2,231,118  ( 1,218,497 rd   +  1,012,621 wr)
==23084== LL misses:         380,297  (   375,380 rd   +      4,917 wr)
==23084== LL miss rate:          0.1% (       0.1%     +        0.0%  )
