==100800== Cachegrind, a high-precision tracing profiler
==100800== Copyright (C) 2002-2017, and GNU GPL'd, by Nicholas Nethercote et al.
==100800== Using Valgrind-3.22.0 and LibVEX; rerun with -h for copyright info
==100800== Command: /home/wang/sources/cxx/book/build/profile/book replay --workload data/itch12302019_SPY.ops --version v16
==100800== 
==100800== 
==100800== I refs:        358,994,796
==100800== I1  misses:            322
==100800== LLi misses:            320
==100800== I1  miss rate:        0.00%
==100800== LLi miss rate:        0.00%
==100800== 
==100800== D refs:        132,399,884  (92,005,163 rd   + 40,394,721 wr)
==100800== D1  misses:      1,840,080  ( 1,031,031 rd   +    809,049 wr)
==100800== LLd misses:        850,935  (   846,524 rd   +      4,411 wr)
==100800== D1  miss rate:         1.4% (       1.1%     +        2.0%  )
==100800== LLd miss rate:         0.6% (       0.9%     +        0.0%  )
==100800== 
==100800== LL refs:         1,840,402  ( 1,031,353 rd   +    809,049 wr)
==100800== LL misses:         851,255  (   846,844 rd   +      4,411 wr)
==100800== LL miss rate:          0.2% (       0.2%     +        0.0%  )
