==19192== Cachegrind, a high-precision tracing profiler
==19192== Copyright (C) 2002-2017, and GNU GPL'd, by Nicholas Nethercote et al.
==19192== Using Valgrind-3.22.0 and LibVEX; rerun with -h for copyright info
==19192== Command: /home/wang/sources/cxx/book/build/profile/book replay --workload data/syn_default_s42.ops --version v1
==19192== 
==19192== 
==19192== I refs:        290,569,192
==19192== I1  misses:            261
==19192== LLi misses:            261
==19192== I1  miss rate:        0.00%
==19192== LLi miss rate:        0.00%
==19192== 
==19192== D refs:        125,248,916  (81,699,495 rd   + 43,549,421 wr)
==19192== D1  misses:      2,669,066  ( 1,553,089 rd   +  1,115,977 wr)
==19192== LLd misses:        381,286  (   375,142 rd   +      6,144 wr)
==19192== D1  miss rate:         2.1% (       1.9%     +        2.6%  )
==19192== LLd miss rate:         0.3% (       0.5%     +        0.0%  )
==19192== 
==19192== LL refs:         2,669,327  ( 1,553,350 rd   +  1,115,977 wr)
==19192== LL misses:         381,547  (   375,403 rd   +      6,144 wr)
==19192== LL miss rate:          0.1% (       0.1%     +        0.0%  )
