==64087== Cachegrind, a high-precision tracing profiler
==64087== Copyright (C) 2002-2017, and GNU GPL'd, by Nicholas Nethercote et al.
==64087== Using Valgrind-3.22.0 and LibVEX; rerun with -h for copyright info
==64087== Command: /home/wang/sources/cxx/book/build/profile/book replay --workload data/syn_deep_s42.ops --version v9
==64087== 
==64087== 
==64087== I refs:        217,475,465
==64087== I1  misses:            309
==64087== LLi misses:            304
==64087== I1  miss rate:        0.00%
==64087== LLi miss rate:        0.00%
==64087== 
==64087== D refs:         88,553,939  (61,415,502 rd   + 27,138,437 wr)
==64087== D1  misses:      4,010,663  ( 2,399,530 rd   +  1,611,133 wr)
==64087== LLd misses:        415,139  (   375,245 rd   +     39,894 wr)
==64087== D1  miss rate:         4.5% (       3.9%     +        5.9%  )
==64087== LLd miss rate:         0.5% (       0.6%     +        0.1%  )
==64087== 
==64087== LL refs:         4,010,972  ( 2,399,839 rd   +  1,611,133 wr)
==64087== LL misses:         415,443  (   375,549 rd   +     39,894 wr)
==64087== LL miss rate:          0.1% (       0.1%     +        0.1%  )
