==23038== Cachegrind, a high-precision tracing profiler
==23038== Copyright (C) 2002-2017, and GNU GPL'd, by Nicholas Nethercote et al.
==23038== Using Valgrind-3.22.0 and LibVEX; rerun with -h for copyright info
==23038== Command: /home/wang/sources/cxx/book/build/profile/book replay --workload data/syn_default_s42.ops --version v3
==23038== 
==23038== 
==23038== I refs:        206,336,870
==23038== I1  misses:            236
==23038== LLi misses:            236
==23038== I1  miss rate:        0.00%
==23038== LLi miss rate:        0.00%
==23038== 
==23038== D refs:         82,421,900  (55,595,513 rd   + 26,826,387 wr)
==23038== D1  misses:      2,117,103  ( 1,191,802 rd   +    925,301 wr)
==23038== LLd misses:        381,448  (   375,173 rd   +      6,275 wr)
==23038== D1  miss rate:         2.6% (       2.1%     +        3.4%  )
==23038== LLd miss rate:         0.5% (       0.7%     +        0.0%  )
==23038== 
==23038== LL refs:         2,117,339  ( 1,192,038 rd   +    925,301 wr)
==23038== LL misses:         381,684  (   375,409 rd   +      6,275 wr)
==23038== LL miss rate:          0.1% (       0.1%     +        0.0%  )
