==78673== Cachegrind, a high-precision tracing profiler
==78673== Copyright (C) 2002-2017, and GNU GPL'd, by Nicholas Nethercote et al.
==78673== Using Valgrind-3.22.0 and LibVEX; rerun with -h for copyright info
==78673== Command: /home/wang/sources/cxx/book/build/profile/book replay --workload data/itch12302019_QQQ.ops --version v11
==78673== 
==78673== 
==78673== I refs:        469,546,650
==78673== I1  misses:            255
==78673== LLi misses:            253
==78673== I1  miss rate:        0.00%
==78673== LLi miss rate:        0.00%
==78673== 
==78673== D refs:        195,132,854  (130,625,881 rd   + 64,506,973 wr)
==78673== D1  misses:      3,029,592  (  1,713,665 rd   +  1,315,927 wr)
==78673== LLd misses:        975,533  (    947,173 rd   +     28,360 wr)
==78673== D1  miss rate:         1.6% (        1.3%     +        2.0%  )
==78673== LLd miss rate:         0.5% (        0.7%     +        0.0%  )
==78673== 
==78673== LL refs:         3,029,847  (  1,713,920 rd   +  1,315,927 wr)
==78673== LL misses:         975,786  (    947,426 rd   +     28,360 wr)
==78673== LL miss rate:          0.1% (        0.2%     +        0.0%  )
