==45836== Cachegrind, a high-precision tracing profiler
==45836== Copyright (C) 2002-2017, and GNU GPL'd, by Nicholas Nethercote et al.
==45836== Using Valgrind-3.22.0 and LibVEX; rerun with -h for copyright info
==45836== Command: /home/wang/sources/cxx/book/build/profile/book replay --workload data/itch12302019_QQQ.ops --version v4
==45836== 
==45836== 
==45836== I refs:        495,864,447
==45836== I1  misses:            277
==45836== LLi misses:            267
==45836== I1  miss rate:        0.00%
==45836== LLi miss rate:        0.00%
==45836== 
==45836== D refs:        197,983,223  (135,509,276 rd   + 62,473,947 wr)
==45836== D1  misses:      3,016,207  (  1,706,028 rd   +  1,310,179 wr)
==45836== LLd misses:        975,522  (    947,134 rd   +     28,388 wr)
==45836== D1  miss rate:         1.5% (        1.3%     +        2.1%  )
==45836== LLd miss rate:         0.5% (        0.7%     +        0.0%  )
==45836== 
==45836== LL refs:         3,016,484  (  1,706,305 rd   +  1,310,179 wr)
==45836== LL misses:         975,789  (    947,401 rd   +     28,388 wr)
==45836== LL miss rate:          0.1% (        0.2%     +        0.0%  )
