==81029== Cachegrind, a high-precision tracing profiler
==81029== Copyright (C) 2002-2017, and GNU GPL'd, by Nicholas Nethercote et al.
==81029== Using Valgrind-3.22.0 and LibVEX; rerun with -h for copyright info
==81029== Command: /home/wang/sources/cxx/book/build/profile/book replay --workload data/itch12302019_AAPL.ops --version v12
==81029== 
==81029== 
==81029== I refs:        275,686,669
==81029== I1  misses:            267
==81029== LLi misses:            258
==81029== I1  miss rate:        0.00%
==81029== LLi miss rate:        0.00%
==81029== 
==81029== D refs:        106,685,271  (78,317,954 rd   + 28,367,317 wr)
==81029== D1  misses:      3,051,706  ( 1,838,761 rd   +  1,212,945 wr)
==81029== LLd misses:        770,898  (   638,607 rd   +    132,291 wr)
==81029== D1  miss rate:         2.9% (       2.3%     +        4.3%  )
==81029== LLd miss rate:         0.7% (       0.8%     +        0.5%  )
==81029== 
==81029== LL refs:         3,051,973  ( 1,839,028 rd   +  1,212,945 wr)
==81029== LL misses:         771,156  (   638,865 rd   +    132,291 wr)
==81029== LL miss rate:          0.2% (       0.2%     +        0.5%  )
