==103320== Cachegrind, a high-precision tracing profiler
==103320== Copyright (C) 2002-2017, and GNU GPL'd, by Nicholas Nethercote et al.
==103320== Using Valgrind-3.22.0 and LibVEX; rerun with -h for copyright info
==103320== Command: /home/wang/sources/cxx/book/build/profile/book replay --workload data/syn_default_s42.ops --version v18
==103320== 
==103320== 
==103320== I refs:        166,400,507
==103320== I1  misses:            334
==103320== LLi misses:            329
==103320== I1  miss rate:        0.00%
==103320== LLi miss rate:        0.00%
==103320== 
==103320== D refs:         54,033,741  (37,868,230 rd   + 16,165,511 wr)
==103320== D1  misses:      2,298,674  ( 1,046,568 rd   +  1,252,106 wr)
==103320== LLd misses:        378,381  (   375,151 rd   +      3,230 wr)
==103320== D1  miss rate:         4.3% (       2.8%     +        7.7%  )
==103320== LLd miss rate:         0.7% (       1.0%     +        0.0%  )
==103320== 
==103320== LL refs:         2,299,008  ( 1,046,902 rd   +  1,252,106 wr)
==103320== LL misses:         378,710  (   375,480 rd   +      3,230 wr)
==103320== LL miss rate:          0.2% (       0.2%     +        0.0%  )
