==45785== Cachegrind, a high-precision tracing profiler
==45785== Copyright (C) 2002-2017, and GNU GPL'd, by Nicholas Nethercote et al.
==45785== Using Valgrind-3.22.0 and LibVEX; rerun with -h for copyright info
==45785== Command: /home/wang/sources/cxx/book/build/profile/book replay --workload data/itch12302019_SPY.ops --version v7
==45785== 
==45785== 
==45785== I refs:        453,420,359
==45785== I1  misses:            243
==45785== LLi misses:            243
==45785== I1  miss rate:        0.00%
==45785== LLi miss rate:        0.00%
==45785== 
==45785== D refs:        188,374,141  (119,917,839 rd   + 68,456,302 wr)
==45785== D1  misses:      1,582,132  (  1,058,827 rd   +    523,305 wr)
==45785== LLd misses:        855,836  (    846,430 rd   +      9,406 wr)
==45785== D1  miss rate:         0.8% (        0.9%     +        0.8%  )
==45785== LLd miss rate:         0.5% (        0.7%     +        0.0%  )
==45785== 
==45785== LL refs:         1,582,375  (  1,059,070 rd   +    523,305 wr)
==45785== LL misses:         856,079  (    846,673 rd   +      9,406 wr)
==45785== LL miss rate:          0.1% (        0.1%     +        0.0%  )
