==96131== Cachegrind, a high-precision tracing profiler
==96131== Copyright (C) 2002-2017, and GNU GPL'd, by Nicholas Nethercote et al.
==96131== Using Valgrind-3.22.0 and LibVEX; rerun with -h for copyright info
==96131== Command: /home/wang/sources/cxx/book/build/profile/book replay --workload data/syn_default_s42.ops --version v12
==96131== 
==96131== 
==96131== I refs:        169,794,197
==96131== I1  misses:            241
==96131== LLi misses:            241
==96131== I1  miss rate:        0.00%
==96131== LLi miss rate:        0.00%
==96131== 
==96131== D refs:         66,017,985  (48,149,600 rd   + 17,868,385 wr)
==96131== D1  misses:      2,314,592  ( 1,252,604 rd   +  1,061,988 wr)
==96131== LLd misses:        380,192  (   375,166 rd   +      5,026 wr)
==96131== D1  miss rate:         3.5% (       2.6%     +        5.9%  )
==96131== LLd miss rate:         0.6% (       0.8%     +        0.0%  )
==96131== 
==96131== LL refs:         2,314,833  ( 1,252,845 rd   +  1,061,988 wr)
==96131== LL misses:         380,433  (   375,407 rd   +      5,026 wr)
==96131== LL miss rate:          0.2% (       0.2%     +        0.0%  )
