==34446== Cachegrind, a high-precision tracing profiler
==34446== Copyright (C) 2002-2017, and GNU GPL'd, by Nicholas Nethercote et al.
==34446== Using Valgrind-3.22.0 and LibVEX; rerun with -h for copyright info
==34446== Command: /home/wang/sources/cxx/book/build/profile/book replay --workload data/syn_default_s42.ops --version v5
==34446== 
==34446== 
==34446== I refs:        237,745,191
==34446== I1  misses:            240
==34446== LLi misses:            235
==34446== I1  miss rate:        0.00%
==34446== LLi miss rate:        0.00%
==34446== 
==34446== D refs:         99,797,263  (64,375,305 rd   + 35,421,958 wr)
==34446== D1  misses:      2,110,976  ( 1,191,346 rd   +    919,630 wr)
==34446== LLd misses:        377,816  (   375,164 rd   +      2,652 wr)
==34446== D1  miss rate:         2.1% (       1.9%     +        2.6%  )
==34446== LLd miss rate:         0.4% (       0.6%     +        0.0%  )
==34446== 
==34446== LL refs:         2,111,216  ( 1,191,586 rd   +    919,630 wr)
==34446== LL misses:         378,051  (   375,399 rd   +      2,652 wr)
==34446== LL miss rate:          0.1% (       0.1%     +        0.0%  )
