==16289== Cachegrind, a high-precision tracing profiler
==16289== Copyright (C) 2002-2017, and GNU GPL'd, by Nicholas Nethercote et al.
==16289== Using Valgrind-3.22.0 and LibVEX; rerun with -h for copyright info
==16289== Command: /home/wang/sources/cxx/book/build/profile/book replay --workload data/itch12302019_SPY.ops --version v0
==16289== 
==16289== 
==16289== I refs:        1,137,663,040
==16289== I1  misses:              281
==16289== LLi misses:              281
==16289== I1  miss rate:          0.00%
==16289== LLi miss rate:          0.00%
==16289== 
==16289== D refs:          449,970,113  (287,955,961 rd   + 162,014,152 wr)
==16289== D1  misses:        4,172,596  (  3,883,186 rd   +     289,410 wr)
==16289== LLd misses:          851,199  (    845,839 rd   +       5,360 wr)
==16289== D1  miss rate:           0.9% (        1.3%     +         0.2%  )
==16289== LLd miss rate:           0.2% (        0.3%     +         0.0%  )
==16289== 
==16289== LL refs:           4,172,877  (  3,883,467 rd   +     289,410 wr)
==16289== LL misses:           851,480  (    846,120 rd   +       5,360 wr)
==16289== LL miss rate:            0.1% (        0.1%     +         0.0%  )
