desc: I1 cache:         32768 B, 64 B, 8-way associative
desc: D1 cache:         49152 B, 64 B, 12-way associative
desc: LL cache:         6291456 B, 64 B, 12-way associative
cmd: /home/wang/sources/cxx/book/build/profile/book replay --workload data/itch12302019_AAPL.ops --version v11
events: Ir I1mr ILmr Dr D1mr DLmr Dw D1mw DLmw 
fl=./malloc/./malloc/arena.c
fn=free
153 210 0 0 0 0 0 0 0 0
fn=malloc
153 140 0 0 0 0 0 0 0 0
fl=./malloc/./malloc/malloc.c
fn=_int_free
1792 49 0 0 49 17 0 0 0 0
1992 45 1 1 15 0 0 0 0 0
3163 42 1 1 21 0 0 21 0 0
3165 84 0 0 21 12 5 21 0 0
3166 21 0 0 0 0 0 21 0 0
3167 42 0 0 0 0 0 21 0 0
4495 490 1 1 0 0 0 280 1 0
4499 210 1 1 70 0 0 0 0 0
4505 280 0 0 0 0 0 0 0 0
4506 140 0 0 0 0 0 0 0 0
4510 350 0 0 0 0 0 0 0 0
4517 140 0 0 0 0 0 0 0 0
4518 420 1 1 210 23 0 0 0 0
4521 36 0 0 0 0 0 0 0 0
4527 108 0 0 72 11 4 0 0 0
4547 180 1 1 72 11 0 0 0 0
4550 21 0 0 0 0 0 0 0 0
4561 98 0 0 0 0 0 0 0 0
4572 60 0 0 15 1 0 0 0 0
4574 45 0 0 15 3 0 0 0 0
4593 15 0 0 0 0 0 0 0 0
4595 15 0 0 0 0 0 15 3 0
4596 15 0 0 0 0 0 0 0 0
4600 45 0 0 15 0 0 0 0 0
4602 30 0 0 15 3 0 0 0 0
4606 30 0 0 0 0 0 0 0 0
4608 45 0 0 0 0 0 15 0 0
4609 15 0 0 0 0 0 15 0 0
4628 60 0 0 0 0 0 0 0 0
4637 68 0 0 34 0 0 0 0 0
4640 68 0 0 34 14 0 0 0 0
4643 68 1 1 0 0 0 0 0 0
4646 68 0 0 0 0 0 0 0 0
4658 386 1 1 316 0 0 0 0 0
fn=_int_free_maybe_consolidate
4770 374 1 1 34 13 0 238 1 0
4776 68 0 0 0 0 0 0 0 0
4778 56 0 0 14 0 0 0 0 0
4781 42 0 0 0 0 0 0 0 0
4784 70 2 2 42 13 4 0 0 0
4785 25 0 0 15 0 0 0 0 0
4798 354 1 1 291 0 0 0 0 0
fn=_int_free_merge_chunk
1992 102 0 0 34 0 0 0 0 0
4665 272 1 1 0 0 0 204 11 3
4666 34 0 0 0 0 0 0 0 0
4670 204 0 0 34 14 0 0 0 0
4673 136 1 1 34 12 0 0 0 0
4675 102 1 1 34 4 0 0 0 0
4678 102 0 0 34 1 0 0 0 0
4681 68 0 0 0 0 0 0 0 0
4682 68 0 0 0 0 0 0 0 0
4683 68 0 0 34 12 0 0 0 0
4689 68 1 1 34 0 0 0 0 0
4691 12 0 0 12 0 0 0 0 0
4692 12 0 0 0 0 0 0 0 0
4693 12 0 0 0 0 0 0 0 0
4694 48 0 0 12 4 0 0 0 0
4696 24 0 0 0 0 0 12 2 0
4701 102 0 0 0 0 0 0 0 0
4702 238 0 0 204 0 0 0 0 0
4714 68 0 0 34 0 0 0 0 0
4720 52 0 0 26 3 0 0 0 0
4721 10 0 0 0 0 0 5 0 0
4722 10 0 0 0 0 0 0 0 0
4724 21 0 0 21 0 0 0 0 0
4732 26 0 0 0 0 0 0 0 0
4733 104 1 1 26 0 0 0 0 0
4734 52 0 0 26 0 0 0 0 0
4736 26 0 0 0 0 0 26 0 0
4738 52 0 0 0 0 0 0 0 0
4740 78 1 1 0 0 0 26 3 0
4743 26 0 0 0 0 0 26 0 0
4744 26 0 0 0 0 0 26 0 0
4746 78 0 0 0 0 0 26 0 0
4747 26 0 0 0 0 0 26 0 0
4756 8 0 0 0 0 0 0 0 0
4757 24 0 0 0 0 0 8 0 0
4758 16 1 1 0 0 0 8 0 0
fn=_int_malloc
1326 140 0 0 0 0 0 0 0 0
1345 420 0 0 0 0 0 0 0 0
1794 70 1 1 70 0 0 0 0 0
1985 63 0 0 21 0 0 0 0 0
2008 16 0 0 4 0 0 0 0 0
2552 72 0 0 24 24 8 24 0 0
2553 4 1 1 0 0 0 4 0 0
2564 24 1 1 12 12 2 0 0 0
2565 24 0 0 16 0 0 0 0 0
2568 32 0 0 8 0 0 0 0 0
2576 48 0 0 8 0 0 16 5 1
2577 16 0 0 0 0 0 0 0 0
2589 16 0 0 4 0 0 4 0 0
2590 8 0 0 0 0 0 4 0 0
2599 48 1 1 12 0 0 0 0 0
2605 12 0 0 8 0 0 0 0 0
2608 12 1 1 0 0 0 0 0 0
2669 12 1 1 4 0 0 4 0 0
2677 8 0 0 4 0 0 0 0 0
2678 12 0 0 4 0 0 4 0 0
2691 12 1 1 4 0 0 0 0 0
2693 4 0 0 4 0 0 0 0 0
2699 20 0 0 4 0 0 4 0 0
2707 8 0 0 0 0 0 0 0 0
2709 16 2 2 0 0 0 8 4 2
2710 12 0 0 4 0 0 0 0 0
2711 4 0 0 0 0 0 0 0 0
2712 4 0 0 0 0 0 0 0 0
2715 8 0 0 0 0 0 0 0 0
2744 28 1 1 12 0 0 0 0 0
2746 8 1 1 0 0 0 4 0 0
2752 32 0 0 4 0 0 0 0 0
2753 24 0 0 4 0 0 4 0 0
2921 12 1 1 8 0 0 0 0 0
2922 4 0 0 0 0 0 4 0 0
2926 4 0 0 4 0 0 0 0 0
2930 20 1 1 8 0 0 0 0 0
2932 4 0 0 0 0 0 0 0 0
2933 4 0 0 0 0 0 0 0 0
2934 4 0 0 0 0 0 4 0 0
2935 28 0 0 0 0 0 4 0 0
2936 8 0 0 0 0 0 4 4 4
2938 4 0 0 0 0 0 0 0 0
3846 770 2 2 70 24 1 490 21 3
3887 140 0 0 0 0 0 0 0 0
3914 140 0 0 0 0 0 0 0 0
3916 96 0 0 0 0 0 0 0 0
3919 24 0 0 24 7 1 0 0 0
3921 48 0 0 0 0 0 0 0 0
3930 72 2 2 0 0 0 0 0 0
3977 92 1 1 0 0 0 0 0 0
3979 72 0 0 0 0 0 0 0 0
3980 56 1 1 0 0 0 0 0 0
3982 84 0 0 28 13 6 0 0 0
4039 660 1 1 0 0 0 0 0 0
4040 126 0 0 42 17 4 0 0 0
4058 210 1 1 70 0 0 0 0 0
4059 210 0 0 0 0 0 70 6 1
4060 210 1 1 140 0 0 0 0 0
4069 96 0 0 0 0 0 48 0 0
4070 441 1 1 99 24 4 70 0 0
4072 52 0 0 52 2 1 0 0 0
4073 104 0 0 52 12 3 0 0 0
4074 52 0 0 0 0 0 0 0 0
4076 104 0 0 0 0 0 0 0 0
4077 156 1 1 52 17 4 0 0 0
4079 52 0 0 52 13 1 0 0 0
4080 208 0 0 0 0 0 0 0 0
4082 208 0 0 52 0 0 0 0 0
4084 104 1 1 52 0 0 0 0 0
4085 104 0 0 52 0 0 0 0 0
4087 104 0 0 0 0 0 0 0 0
4098 208 0 0 0 0 0 0 0 0
4099 36 1 1 18 0 0 0 0 0
4100 30 0 0 0 0 0 0 0 0
4101 15 0 0 0 0 0 0 0 0
4104 15 0 0 0 0 0 0 0 0
4105 15 1 1 0 0 0 0 0 0
4106 15 0 0 0 0 0 15 0 0
4107 45 0 0 0 0 0 15 0 0
4108 45 1 1 0 0 0 15 14 1
4109 30 0 0 0 0 0 0 0 0
4111 30 0 0 0 0 0 15 3 0
4115 120 0 0 0 0 0 15 0 0
4117 45 1 1 0 0 0 15 0 0
4118 15 0 0 0 0 0 15 0 0
4121 23 0 0 0 0 0 0 0 0
4122 45 0 0 0 0 0 15 0 0
4123 15 0 0 0 0 0 0 0 0
4127 37 0 0 0 0 0 37 0 0
4128 37 0 0 0 0 0 37 0 0
4132 74 0 0 0 0 0 0 0 0
4134 16 0 0 0 0 0 8 0 0
4135 24 0 0 0 0 0 0 0 0
4140 16 0 0 0 0 0 0 0 0
4161 65 2 2 0 0 0 0 0 0
4163 8 0 0 0 0 0 4 0 0
4164 16 0 0 0 0 0 0 0 0
4165 4 0 0 4 1 0 0 0 0
4169 373 4 4 0 0 0 25 0 0
4170 75 1 1 0 0 0 0 0 0
4171 25 0 0 25 14 3 0 0 0
4174 50 0 0 0 0 0 0 0 0
4218 100 0 0 0 0 0 25 6 0
4221 203 2 2 58 13 1 0 0 0
4222 29 0 0 0 0 0 29 0 0
4223 29 0 0 0 0 0 29 0 0
4224 29 0 0 0 0 0 29 0 0
4225 29 0 0 0 0 0 29 0 0
4230 58 0 0 58 0 0 0 0 0
4231 58 0 0 0 0 0 0 0 0
4240 116 1 1 58 0 0 0 0 0
4246 50 0 0 0 0 0 0 0 0
4257 141 1 1 0 0 0 0 0 0
4259 136 0 0 0 0 0 0 0 0
4262 102 0 0 34 16 6 0 0 0
4263 56 1 1 5 2 0 0 0 0
4266 1 0 0 1 0 0 0 0 0
4267 6 0 0 1 0 0 0 0 0
4273 2 1 1 1 0 0 0 0 0
4278 3 0 0 0 0 0 1 0 0
4279 3 0 0 0 0 0 2 0 0
4282 4 0 0 2 0 0 0 0 0
4291 1 0 0 0 0 0 0 0 0
4295 4 1 1 1 0 0 0 0 0
4296 2 0 0 1 0 0 0 0 0
4299 1 0 0 0 0 0 1 0 0
4300 1 0 0 0 0 0 1 0 0
4301 1 0 0 0 0 0 1 0 0
4302 2 0 0 0 0 0 0 0 0
4304 2 0 0 0 0 0 1 0 0
4307 8 1 1 0 0 0 1 0 0
4309 3 0 0 0 0 0 1 0 0
4310 1 0 0 0 0 0 1 0 0
4313 1 0 0 0 0 0 0 0 0
4330 46 0 0 0 0 0 0 0 0
4331 92 0 0 0 0 0 0 0 0
4332 92 0 0 0 0 0 0 0 0
4333 92 0 0 46 8 1 0 0 0
4334 276 0 0 0 0 0 0 0 0
4339 199 1 1 0 0 0 0 0 0
4343 226 1 1 0 0 0 0 0 0
4346 164 1 1 41 0 0 0 0 0
4348 32 0 0 0 0 0 0 0 0
4349 16 0 0 0 0 0 0 0 0
4353 306 0 0 0 0 0 0 0 0
4355 135 0 0 0 0 0 0 0 0
4357 270 0 0 0 0 0 0 0 0
4361 18 0 0 18 9 0 0 0 0
4364 36 0 0 0 0 0 0 0 0
4366 25 0 0 0 0 0 5 0 0
4367 5 0 0 0 0 0 0 0 0
4368 5 0 0 0 0 0 0 0 0
4373 52 1 1 13 5 0 0 0 0
4376 26 0 0 0 0 0 0 0 0
4378 39 1 1 0 0 0 13 0 0
4381 39 0 0 0 0 0 26 0 0
4384 52 0 0 26 0 0 0 0 0
4394 13 0 0 0 0 0 0 0 0
4399 52 0 0 13 0 0 0 0 0
4400 26 1 1 13 0 0 0 0 0
4403 13 0 0 0 0 0 13 8 2
4404 13 0 0 0 0 0 13 0 0
4405 13 0 0 0 0 0 13 0 0
4408 26 0 0 0 0 0 0 0 0
4409 7 0 0 0 0 0 7 0 0
4410 26 0 0 0 0 0 0 0 0
4412 16 0 0 0 0 0 8 2 0
4415 104 1 1 0 0 0 13 0 0
4417 39 0 0 0 0 0 13 1 0
4418 13 0 0 0 0 0 13 0 0
4421 13 0 0 0 0 0 0 0 0
4443 33 1 1 33 0 0 0 0 0
4444 66 0 0 33 14 1 0 0 0
4446 66 0 0 33 8 2 0 0 0
4449 99 0 0 0 0 0 0 0 0
4451 21 0 0 0 0 0 0 0 0
4452 42 1 1 0 0 0 0 0 0
4453 21 0 0 0 0 0 21 0 0
4454 168 1 1 0 0 0 21 0 0
4456 42 0 0 0 0 0 21 19 17
4459 44 0 0 0 0 0 0 0 0
4460 102 0 0 0 0 0 34 5 3
4461 34 0 0 0 0 0 0 0 0
4466 48 0 0 12 0 0 12 0 0
4482 20 0 0 0 0 0 0 0 0
4487 840 2 2 630 0 0 0 0 0
fn=alloc_perturb
1985 147 1 1 49 0 0 0 0 0
1987 49 0 0 49 0 0 0 0 0
fn=free
3359 532 2 2 0 0 0 304 1 0
3363 152 0 0 0 0 0 0 0 0
3371 152 0 0 152 65 9 0 0 0
3373 76 0 0 0 0 0 0 0 0
3375 228 0 0 76 22 2 0 0 0
3379 18 1 1 6 6 0 0 0 0
3381 24 0 0 6 6 0 0 0 0
3383 12 0 0 0 0 0 6 0 0
3384 12 0 0 0 0 0 6 0 0
3385 6 0 0 0 0 0 0 0 0
3388 12 0 0 0 0 0 6 2 0
3392 210 0 0 140 49 0 0 0 0
3398 210 1 1 0 0 0 70 5 0
3401 76 0 0 0 0 0 76 0 0
3402 456 1 1 380 0 0 0 0 0
fn=malloc
1326 156 0 0 0 0 0 0 0 0
1345 390 1 1 0 0 0 0 0 0
3178 16 0 0 8 7 3 0 0 0
3182 16 0 0 0 0 0 0 0 0
3186 32 0 0 8 8 4 8 0 0
3190 16 0 0 0 0 0 8 0 0
3191 8 0 0 0 0 0 8 0 0
3294 624 1 1 0 0 0 312 19 4
3301 156 0 0 78 30 2 0 0 0
3311 156 0 0 0 0 0 0 0 0
3313 312 0 0 156 61 4 0 0 0
3316 156 0 0 78 32 2 0 0 0
3318 108 1 1 36 17 5 0 0 0
3326 140 1 1 70 32 1 0 0 0
3328 280 1 1 0 0 0 70 7 0
3329 350 1 1 70 0 0 0 0 0
3354 468 1 1 390 0 0 0 0 0
fn=munmap_chunk
3024 12 1 1 0 0 0 6 0 0
3025 12 0 0 12 12 0 0 0 0
3026 18 0 0 6 0 0 0 0 0
3028 12 0 0 0 0 0 0 0 0
3030 6 0 0 0 0 0 0 0 0
3031 18 0 0 6 0 0 0 0 0
3032 6 0 0 0 0 0 0 0 0
3038 24 0 0 0 0 0 0 0 0
3039 30 1 1 0 0 0 0 0 0
3042 6 0 0 12 0 0 0 0 0
3043 18 0 0 12 0 0 0 0 0
3048 12 0 0 0 0 0 0 0 0
3049 6 0 0 6 0 0 0 0 0
fn=sysmalloc_mmap.isra.0
2008 32 0 0 8 0 0 0 0 0
2400 48 1 1 0 0 0 32 3 0
2413 24 0 0 0 0 0 0 0 0
2418 16 0 0 0 0 0 0 0 0
2421 80 1 1 0 0 0 8 0 0
2424 16 1 1 0 0 0 0 0 0
2428 16 0 0 0 0 0 0 0 0
2432 32 0 0 0 0 0 8 0 0
2448 24 0 0 0 0 0 0 0 0
2466 8 0 0 0 0 0 8 8 8
2467 24 1 1 0 0 0 8 0 0
2471 24 0 0 16 0 0 0 0 0
2472 30 0 0 11 0 0 0 0 0
2475 24 1 1 16 0 0 0 0 0
2476 38 0 0 15 0 0 0 0 0
2481 56 0 0 40 0 0 0 0 0
fn=systrim.constprop.0
2957 30 1 1 0 0 0 20 0 0
2966 15 0 0 10 0 0 0 0 0
2968 5 0 0 0 0 0 0 0 0
2969 10 0 0 0 0 0 0 0 0
2970 2 0 0 0 0 0 0 0 0
2974 15 0 0 5 0 0 0 0 0
2975 5 0 0 0 0 0 0 0 0
2978 25 1 1 10 10 0 0 0 0
2980 10 0 0 0 0 0 0 0 0
2987 9 0 0 0 0 0 3 0 0
2988 12 0 0 3 0 0 0 0 0
3000 9 1 1 0 0 0 3 0 0
3001 6 0 0 0 0 0 3 0 0
3003 3 0 0 0 0 0 0 0 0
3005 6 0 0 0 0 0 0 0 0
3009 6 0 0 0 0 0 0 0 0
3012 3 0 0 3 0 0 0 0 0
3013 12 0 0 3 0 0 3 0 0
3015 6 0 0 0 0 0 0 0 0
3020 30 0 0 25 0 0 0 0 0
fn=unlink_chunk.isra.0
1608 62 1 1 0 0 0 31 0 0
1610 155 0 0 62 4 0 0 0 0
1613 62 0 0 62 2 0 0 0 0
1614 62 0 0 31 0 0 0 0 0
1616 124 1 1 62 5 0 0 0 0
1619 31 0 0 0 0 0 31 0 0
1620 31 0 0 0 0 0 31 0 0
1621 140 0 0 26 6 0 0 0 0
1623 48 0 0 24 0 0 0 0 0
1624 72 0 0 48 0 0 0 0 0
1627 48 0 0 24 3 2 0 0 0
1641 24 0 0 0 0 0 24 0 0
1642 24 1 1 0 0 0 24 0 0
1645 62 0 0 62 0 0 0 0 0
fl=./malloc/./malloc/morecore.c
fn=__glibc_morecore
25 39 1 1 0 0 0 13 0 0
26 26 0 0 13 0 0 0 0 0
29 13 0 0 0 0 0 13 0 0
30 26 0 0 0 0 0 0 0 0
34 26 0 0 26 0 0 0 0 0
fl=./misc/../sysdeps/unix/syscall-template.S
fn=munmap
117 30 2 2 0 0 0 0 0 0
122 6 0 0 6 0 0 0 0 0
fl=./misc/../sysdeps/unix/sysv/linux/brk.c
fn=brk
36 7 1 1 0 0 0 0 0 0
37 14 0 0 7 0 0 7 0 0
38 14 0 0 0 0 0 0 0 0
44 7 0 0 0 0 0 0 0 0
45 7 0 0 7 0 0 0 0 0
fl=./misc/../sysdeps/unix/sysv/linux/brk_call.h
fn=brk
24 14 0 0 0 0 0 0 0 0
fl=./misc/../sysdeps/unix/sysv/linux/mmap64.c
fn=mmap
47 56 1 1 0 0 0 24 5 2
50 16 0 0 0 0 0 0 0 0
53 56 1 1 0 0 0 0 0 0
58 48 1 1 0 0 0 0 0 0
60 32 0 0 32 0 0 0 0 0
fl=./misc/../sysdeps/unix/sysv/linux/setvmaname.c
fn=__set_vma_name
33 56 2 2 0 0 0 32 3 1
35 40 0 0 16 8 2 8 0 0
49 72 0 0 56 0 0 0 0 0
fl=./misc/./misc/sbrk.c
fn=sbrk
37 104 1 1 0 0 0 52 0 0
40 26 0 0 26 14 8 0 0 0
43 26 1 1 13 7 4 0 0 0
58 26 0 0 0 0 0 0 0 0
62 26 0 0 0 0 0 0 0 0
66 28 1 1 0 0 0 0 0 0
68 6 0 0 0 0 0 0 0 0
74 21 1 1 0 0 0 7 6 3
78 91 0 0 65 0 0 0 0 0
fl=./string/../sysdeps/x86_64/multiarch/memmove-vec-unaligned-erms.S
fn=__memcpy_avx_unaligned_erms
255 16 1 1 0 0 0 0 0 0
256 16 0 0 0 0 0 0 0 0
262 16 0 0 0 0 0 0 0 0
263 16 0 0 0 0 0 0 0 0
265 14 0 0 14 6 0 0 0 0
266 14 0 0 0 0 0 0 0 0
267 14 0 0 0 0 0 0 0 0
270 1 0 0 1 0 0 0 0 0
271 1 0 0 0 0 0 1 0 0
272 1 0 0 0 0 0 1 0 0
275 2 0 0 1 0 0 0 0 0
305 2 0 0 0 0 0 0 0 0
306 2 0 0 0 0 0 0 0 0
308 1 0 0 0 0 0 0 0 0
309 1 0 0 0 0 0 0 0 0
311 1 0 0 0 0 0 0 0 0
315 1 0 0 0 0 0 0 0 0
316 1 1 1 0 0 0 0 0 0
317 1 0 0 0 0 0 0 0 0
325 1 0 0 1 0 0 0 0 0
342 1 0 0 1 0 0 0 0 0
343 1 0 0 1 0 0 0 0 0
344 1 0 0 0 0 0 1 0 0
345 1 0 0 0 0 0 1 0 0
347 1 0 0 1 0 0 0 0 0
375 1 1 1 1 0 0 0 0 0
376 1 0 0 1 0 0 0 0 0
377 1 0 0 0 0 0 1 0 0
378 1 0 0 0 0 0 1 1 1
379 1 0 0 0 0 0 1 0 0
380 1 0 0 0 0 0 1 0 0
381 2 0 0 1 0 0 0 0 0
386 13 1 1 13 6 1 0 0 0
387 13 0 0 0 0 0 0 0 0
392 7 0 0 0 0 0 0 0 0
393 7 0 0 0 0 0 0 0 0
395 2 0 0 2 0 0 0 0 0
396 2 0 0 0 0 0 0 0 0
397 2 0 0 0 0 0 0 0 0
399 1 0 0 1 0 0 0 0 0
400 1 0 0 1 0 0 0 0 0
401 1 0 0 1 0 0 0 0 0
402 1 0 0 1 0 0 0 0 0
403 1 0 0 1 0 0 0 0 0
404 1 1 1 1 0 0 0 0 0
405 1 0 0 0 0 0 1 1 1
406 1 0 0 0 0 0 1 0 0
407 1 0 0 0 0 0 1 1 1
408 1 0 0 0 0 0 1 0 0
409 1 0 0 0 0 0 1 0 0
410 1 0 0 0 0 0 1 0 0
411 1 0 0 0 0 0 1 0 0
412 1 0 0 0 0 0 1 0 0
413 2 0 0 1 0 0 0 0 0
417 5 0 0 0 0 0 0 0 0
418 5 0 0 0 0 0 0 0 0
422 5 0 0 0 0 0 0 0 0
424 5 1 1 0 0 0 0 0 0
428 5 0 0 5 4 1 0 0 0
429 5 0 0 0 0 0 0 0 0
440 5 0 0 0 0 0 0 0 0
443 5 0 0 0 0 0 0 0 0
445 5 0 0 0 0 0 0 0 0
447 5 0 0 0 0 0 0 0 0
451 5 0 0 0 0 0 0 0 0
452 5 0 0 0 0 0 0 0 0
461 5 0 0 5 0 0 0 0 0
462 5 0 0 5 0 0 0 0 0
464 5 0 0 0 0 0 0 0 0
466 5 0 0 0 0 0 0 0 0
467 5 1 1 5 0 0 0 0 0
468 5 0 0 5 0 0 0 0 0
471 5 0 0 0 0 0 0 0 0
473 5 0 0 0 0 0 0 0 0
475 5 0 0 0 0 0 0 0 0
477 10 0 0 0 0 0 0 0 0
483 88 0 0 88 11 0 0 0 0
484 88 0 0 88 7 0 0 0 0
485 88 0 0 88 6 0 0 0 0
486 88 0 0 88 10 0 0 0 0
487 88 0 0 0 0 0 0 0 0
488 88 0 0 0 0 0 88 25 25
489 88 0 0 0 0 0 88 65 18
490 88 1 1 0 0 0 88 23 23
491 88 0 0 0 0 0 88 64 18
492 88 0 0 0 0 0 0 0 0
493 88 0 0 0 0 0 0 0 0
494 88 0 0 0 0 0 0 0 0
496 5 0 0 0 0 0 5 4 3
497 5 0 0 0 0 0 5 1 1
498 5 0 0 0 0 0 5 0 0
499 5 0 0 0 0 0 5 0 0
501 5 0 0 0 0 0 5 0 0
505 10 0 0 5 0 0 0 0 0
563 6 1 1 6 3 0 0 0 0
570 6 0 0 0 0 0 0 0 0
571 6 0 0 0 0 0 0 0 0
577 3 0 0 0 0 0 0 0 0
580 3 0 0 0 0 0 0 0 0
582 3 0 0 0 0 0 0 0 0
585 3 0 0 0 0 0 0 0 0
586 3 0 0 0 0 0 0 0 0
588 3 0 0 0 0 0 0 0 0
590 601971 0 0 601968 9346 0 601968 9407 9405
592 3 0 0 0 0 0 3 2 0
594 3 0 0 0 0 0 3 2 0
596 6 0 0 3 2 0 0 0 0
601 6 1 1 0 0 0 0 0 0
602 6 0 0 0 0 0 0 0 0
606 6 0 0 0 0 0 0 0 0
608 6 0 0 0 0 0 0 0 0
611 6 0 0 0 0 0 0 0 0
615 6 0 0 6 6 0 0 0 0
616 6 0 0 0 0 0 0 0 0
620 6 0 0 6 0 0 0 0 0
624 6 0 0 0 0 0 0 0 0
648 3 0 0 0 0 0 0 0 0
650 3 0 0 0 0 0 0 0 0
652 3 0 0 0 0 0 0 0 0
654 3 1 1 0 0 0 0 0 0
657 3 0 0 0 0 0 0 0 0
658 3 0 0 0 0 0 0 0 0
660 171955 0 0 171952 2648 0 171952 2686 1946
663 3 0 0 0 0 0 3 3 0
665 3 0 0 0 0 0 3 1 0
667 6 0 0 3 3 0 0 0 0
fl=./string/../sysdeps/x86_64/multiarch/memset-vec-unaligned-erms.S
fn=__memset_avx2_unaligned_erms
158 33 1 1 0 0 0 0 0 0
159 66 0 0 0 0 0 0 0 0
164 33 0 0 0 0 0 0 0 0
165 33 0 0 0 0 0 0 0 0
166 33 0 0 0 0 0 0 0 0
167 33 0 0 0 0 0 0 0 0
168 33 0 0 0 0 0 0 0 0
170 6 0 0 0 0 0 6 3 3
171 6 0 0 0 0 0 6 0 0
172 12 0 0 6 0 0 0 0 0
181 9 0 0 0 0 0 9 1 1
182 9 0 0 0 0 0 9 0 0
184 18 0 0 9 0 0 0 0 0
237 27 1 1 27 17 5 0 0 0
238 27 0 0 0 0 0 0 0 0
244 14 0 0 0 0 0 14 7 7
245 14 0 0 0 0 0 14 3 3
257 14 0 0 0 0 0 0 0 0
260 14 0 0 0 0 0 0 0 0
261 14 0 0 0 0 0 0 0 0
273 5 0 0 0 0 0 5 2 2
274 5 0 0 0 0 0 5 3 3
287 5 0 0 0 0 0 0 0 0
288 5 0 0 0 0 0 0 0 0
290 5 0 0 0 0 0 0 0 0
293 4 0 0 0 0 0 0 0 0
296 4 0 0 0 0 0 0 0 0
299 31 0 0 0 0 0 31 6 6
300 31 0 0 0 0 0 31 24 24
301 31 0 0 0 0 0 31 7 7
302 31 0 0 0 0 0 31 23 23
303 31 0 0 0 0 0 0 0 0
304 31 0 0 0 0 0 0 0 0
305 35 0 0 0 0 0 0 0 0
308 5 1 1 0 0 0 5 0 0
309 5 0 0 0 0 0 5 2 2
310 5 0 0 0 0 0 5 0 0
311 5 0 0 0 0 0 5 0 0
314 10 0 0 5 0 0 0 0 0
325 13 1 1 0 0 0 0 0 0
326 13 0 0 0 0 0 0 0 0
327 13 0 0 0 0 0 0 0 0
328 389133 0 0 0 0 0 389120 6081 4230
329 13 0 0 0 0 0 0 0 0
330 26 0 0 13 1 1 0 0 0
fl=/home/wang/git-repositories/vcpkg/installed/x64-linux-clang-libcxx/include/boost/unordered/detail/foa/core.hpp
fn=_ZN5boost9unordered6detail3foa10table_coreINS2_14flat_map_typesImN3lob3v115BookTINS5_12ChecksumSinkELj16EE3LocEEENS2_7group15INS2_14plain_integralEEENS2_12table_arraysENS2_18plain_size_controlENS_4hashImEENSt3__18equal_toImEENSJ_9allocatorINSJ_4pairIKmSA_EEEEE22for_all_elements_whileIZNSR_22for_all_elements_whileIZNSR_16for_all_elementsIZNSR_16unchecked_rehashERNSF_ISP_SE_NS2_16pow2_size_policyESQ_EEEUlPSP_E_EEDTcmclfL1p0_LDnEEcvv_EERKSW_T_EUlSY_E_EES10_S12_S13_EUlPSE_jSY_E_EEDTcmclfp0_LDnELi0ELDnEEcvv_EES12_S13_
0 268871 1 1 243291 5 0 4402 30 0
296 529950 1 1 264975 11040 0 0 0 0
297 244353 0 0 0 0 0 0 0 0
313 20622 0 0 0 0 0 0 0 0
389 477778 0 0 238889 40 9 0 0 0
849 238889 0 0 0 0 0 0 0 0
882 10928 0 0 5464 0 0 0 0 0
927 716667 1 1 0 0 0 0 0 0
1033 33 1 1 33 1 0 0 0 0
1034 32 0 0 32 0 0 0 0 0
1955 238889 0 0 238889 0 0 0 0 0
1961 123732 0 0 0 0 0 0 0 0
2032 238889 0 0 238889 0 0 0 0 0
2063 66 0 0 0 0 0 0 0 0
2064 20718 0 0 32 0 0 0 0 0
2065 41244 0 0 0 0 0 0 0 0
2067 539644 0 0 0 0 0 0 0 0
2069 477778 0 0 0 0 0 0 0 0
2075 66 1 1 33 0 0 0 0 0
2292 477778 0 0 477778 0 0 0 0 0
2350 238889 0 0 238889 0 0 0 0 0
2373 977412 1 1 0 0 0 0 0 0
2375 256535 0 0 0 0 0 0 0 0
2377 716667 0 0 238889 0 0 0 0 0
fn=auto lob::for_each_type<std::__1::tuple<lob::v0::Book<lob::ChecksumSink>, lob::v1::Book<lob::ChecksumSink>, lob::v2::Book<lob::ChecksumSink>, lob::v3::BookT<lob::ChecksumSink, 16u>, lob::v4::BookT<lob::ChecksumSink, 16u>, lob::v5::BookT<lob::ChecksumSink, 16u>, lob::v7::BookT<lob::ChecksumSink, 16u>, lob::v8::BookT<lob::ChecksumSink, 16u>, lob::v9::BookT<lob::ChecksumSink, 16u>, lob::v10::BookT<lob::ChecksumSink, 16u>, lob::v11::BookT<lob::ChecksumSink, 16u> >, (anonymous namespace)::with_version<(anonymous namespace)::cmd_replay((anonymous namespace)::Args const&)::$_0>(std::__1::basic_string_view<char, std::__1::char_traits<char> >, (anonymous namespace)::cmd_replay((anonymous namespace)::Args const&)::$_0&&)::{lambda<typename $T0>()#1}>((anonymous namespace)::with_version<(anonymous namespace)::cmd_replay((anonymous namespace)::Args const&)::$_0>(std::__1::basic_string_view<char, std::__1::char_traits<char> >, (anonymous namespace)::cmd_replay((anonymous namespace)::Args const&)::$_0&&)::{lambda<typename $T0>()#1}&&)::{lambda<unsigned long... $N0>(std::__1::integer_sequence<unsigned long, ($N0)...>)#1}::operator()<0ul, 1ul, 2ul, 3ul, 4ul, 5ul, 6ul, 7ul, 8ul, 9ul, 10ul>(std::__1::integer_sequence<unsigned long, 0ul, 1ul, 2ul, 3ul, 4ul, 5ul, 6ul, 7ul, 8ul, 9ul, 10ul>) const
0 2494753 0 0 795712 0 0 0 0 0
271 1795034 0 0 0 0 0 0 0 0
272 1699041 0 0 0 0 0 0 0 0
279 3386458 1 1 1693229 0 0 0 0 0
336 897517 1 1 897517 123157 0 0 0 0
404 1591424 0 0 0 0 0 0 0 0
849 5569984 0 0 2387136 216 8 0 0 0
881 101805 0 0 0 0 0 0 0 0
882 305415 0 0 0 0 0 0 0 0
883 101805 0 0 0 0 0 0 0 0
927 1658196 0 0 0 0 0 0 0 0
1727 1795034 0 0 0 0 0 0 0 0
1729 897517 0 0 0 0 0 0 0 0
1732 1603048 0 0 0 0 0 0 0 0
1733 801524 0 0 0 0 0 0 0 0
1737 2487294 0 0 0 0 0 0 0 0
1743 66772 0 0 0 0 0 0 0 0
1745 101805 0 0 0 0 0 0 0 0
1750 101805 0 0 0 0 0 0 0 0
1955 795712 1 1 795712 0 0 0 0 0
2266 5569984 0 0 1591424 44 5 795712 0 0
fn=boost::unordered::detail::foa::table_core<boost::unordered::detail::foa::flat_map_types<unsigned long, lob::v11::BookT<lob::ChecksumSink, 16u>::Loc>, boost::unordered::detail::foa::group15<boost::unordered::detail::foa::plain_integral>, boost::unordered::detail::foa::table_arrays, boost::unordered::detail::foa::plain_size_control, boost::hash<unsigned long>, std::__1::equal_to<unsigned long>, std::__1::allocator<std::__1::pair<unsigned long const, lob::v11::BookT<lob::ChecksumSink, 16u>::Loc> > >::unchecked_rehash(boost::unordered::detail::foa::table_arrays<std::__1::pair<unsigned long const, lob::v11::BookT<lob::ChecksumSink, 16u>::Loc>, boost::unordered::detail::foa::group15<boost::unordered::detail::foa::plain_integral>, boost::unordered::detail::foa::pow2_size_policy, std::__1::allocator<std::__1::pair<unsigned long const, lob::v11::BookT<lob::ChecksumSink, 16u>::Loc> > >&)
0 132 0 0 0 0 0 33 0 0
1033 66 0 0 66 15 6 0 0 0
1096 66 0 0 0 0 0 0 0 0
1108 32 0 0 32 0 0 0 0 0
1113 64 0 0 0 0 0 0 0 0
1563 396 1 1 66 15 0 0 0 0
1811 165 1 1 33 0 0 0 0 0
2025 165 0 0 0 0 0 99 0 0
2054 33 0 0 0 0 0 33 0 0
2288 165 1 1 0 0 0 66 0 0
2289 33 1 1 0 0 0 33 1 0
2320 66 1 1 33 0 0 33 0 0
2321 33 0 0 0 0 0 33 15 6
2322 165 0 0 99 0 0 0 0 0
fn=boost::unordered::detail::foa::table_locator<boost::unordered::detail::foa::group15<boost::unordered::detail::foa::plain_integral>, std::__1::pair<unsigned long const, lob::v11::BookT<lob::ChecksumSink, 16u>::Loc> > boost::unordered::detail::foa::table_core<boost::unordered::detail::foa::flat_map_types<unsigned long, lob::v11::BookT<lob::ChecksumSink, 16u>::Loc>, boost::unordered::detail::foa::group15<boost::unordered::detail::foa::plain_integral>, boost::unordered::detail::foa::table_arrays, boost::unordered::detail::foa::plain_size_control, boost::hash<unsigned long>, std::__1::equal_to<unsigned long>, std::__1::allocator<std::__1::pair<unsigned long const, lob::v11::BookT<lob::ChecksumSink, 16u>::Loc> > >::unchecked_emplace_with_rehash<boost::unordered::detail::foa::try_emplace_args_t, unsigned long const&>(unsigned long, boost::unordered::detail::foa::try_emplace_args_t&&, unsigned long const&)
0 561 1 1 66 1 1 0 0 0
296 66 0 0 33 1 0 0 0 0
297 66 0 0 0 0 0 0 0 0
389 99 0 0 33 1 0 0 0 0
837 132 0 0 0 0 0 0 0 0
842 66 0 0 0 0 0 0 0 0
849 33 0 0 0 0 0 0 0 0
859 66 1 1 0 0 0 0 0 0
927 66 0 0 0 0 0 0 0 0
1031 132 1 1 0 0 0 132 1 1
1051 66 0 0 0 0 0 33 0 0
1057 132 0 0 0 0 0 0 0 0
1058 99 1 1 0 0 0 0 0 0
1059 33 0 0 0 0 0 0 0 0
1066 33 0 0 0 0 0 0 0 0
1073 66 0 0 0 0 0 0 0 0
1085 33 0 0 0 0 0 0 0 0
1108 33 0 0 0 0 0 0 0 0
1113 33 0 0 0 0 0 0 0 0
1125 99 0 0 0 0 0 33 0 0
1126 33 0 0 0 0 0 0 0 0
1689 33 0 0 33 0 0 0 0 0
1983 330 1 1 0 0 0 198 1 1
1988 132 0 0 0 0 0 99 0 0
1999 66 0 0 0 0 0 33 0 0
2000 33 1 1 33 0 0 0 0 0
2002 297 0 0 231 15 5 0 0 0
2132 594 1 1 66 19 6 0 0 0
2373 66 0 0 0 0 0 0 0 0
2375 33 0 0 0 0 0 0 0 0
2377 132 0 0 0 0 0 0 0 0
fn=lob::v11::BookT<lob::ChecksumSink, 16u>::modify(unsigned long, long, unsigned int)
0 93269 0 0 17723 0 0 0 0 0
271 40218 0 0 0 0 0 0 0 0
272 37958 0 0 0 0 0 0 0 0
279 2386 0 0 2386 0 0 0 0 0
336 20109 0 0 20109 1866 0 0 0 0
849 124061 1 1 53169 7 0 0 0 0
881 2386 0 0 0 0 0 0 0 0
882 7158 0 0 0 0 0 0 0 0
883 2386 0 0 0 0 0 0 0 0
927 36874 0 0 0 0 0 0 0 0
1727 40218 0 0 0 0 0 0 0 0
1729 20109 0 0 0 0 0 0 0 0
1732 35698 1 1 0 0 0 0 0 0
1733 17849 0 0 0 0 0 0 0 0
1737 36874 0 0 0 0 0 0 0 0
1743 1428 0 0 0 0 0 0 0 0
1745 2386 0 0 0 0 0 0 0 0
1750 2386 0 0 0 0 0 0 0 0
1955 17723 0 0 17723 0 0 0 0 0
fn=lob::v11::BookT<lob::ChecksumSink, 16u>::push(unsigned long, lob::Side, long, unsigned int)
0 11167718 2 2 4006178 840 37 795712 0 0
271 1818296 0 0 0 0 0 0 0 0
272 946563 0 0 0 0 0 0 0 0
279 1818296 1 1 909148 6 1 0 0 0
296 1805790 1 1 902895 5625 0 0 0 0
297 1698574 0 0 0 0 0 0 0 0
336 909148 0 0 909148 531167 1 0 0 0
399 795679 0 0 0 0 0 0 0 0
849 795712 0 0 0 0 0 0 0 0
881 113436 0 0 0 0 0 0 0 0
882 554740 0 0 107216 0 0 0 0 0
883 113436 0 0 0 0 0 0 0 0
927 1667856 0 0 0 0 0 0 0 0
1727 1818296 0 0 0 0 0 0 0 0
1729 909148 1 1 0 0 0 0 0 0
1732 74830 0 0 0 0 0 0 0 0
1733 37415 0 0 0 0 0 0 0 0
1737 76498 0 0 0 0 0 0 0 0
1743 76498 0 0 0 0 0 0 0 0
1745 909148 0 0 0 0 0 0 0 0
1750 113436 0 0 0 0 0 0 0 0
1955 795712 0 0 795712 1 1 0 0 0
1970 795679 0 0 795679 0 0 0 0 0
2373 3611580 0 0 0 0 0 0 0 0
2375 1138758 0 0 0 0 0 0 0 0
2377 3182716 0 0 0 0 0 0 0 0
fl=/home/wang/git-repositories/vcpkg/installed/x64-linux-clang-libcxx/include/boost/unordered/detail/foa/table.hpp
fn=_ZN5boost9unordered6detail3foa10table_coreINS2_14flat_map_typesImN3lob3v115BookTINS5_12ChecksumSinkELj16EE3LocEEENS2_7group15INS2_14plain_integralEEENS2_12table_arraysENS2_18plain_size_controlENS_4hashImEENSt3__18equal_toImEENSJ_9allocatorINSJ_4pairIKmSA_EEEEE22for_all_elements_whileIZNSR_22for_all_elements_whileIZNSR_16for_all_elementsIZNSR_16unchecked_rehashERNSF_ISP_SE_NS2_16pow2_size_policyESQ_EEEUlPSP_E_EEDTcmclfL1p0_LDnEEcvv_EERKSW_T_EUlSY_E_EES10_S12_S13_EUlPSE_jSY_E_EEDTcmclfp0_LDnELi0ELDnEEcvv_EES12_S13_
40 238889 0 0 0 0 0 238889 0 0
46 5464 0 0 5464 0 0 0 0 0
fn=auto lob::for_each_type<std::__1::tuple<lob::v0::Book<lob::ChecksumSink>, lob::v1::Book<lob::ChecksumSink>, lob::v2::Book<lob::ChecksumSink>, lob::v3::BookT<lob::ChecksumSink, 16u>, lob::v4::BookT<lob::ChecksumSink, 16u>, lob::v5::BookT<lob::ChecksumSink, 16u>, lob::v7::BookT<lob::ChecksumSink, 16u>, lob::v8::BookT<lob::ChecksumSink, 16u>, lob::v9::BookT<lob::ChecksumSink, 16u>, lob::v10::BookT<lob::ChecksumSink, 16u>, lob::v11::BookT<lob::ChecksumSink, 16u> >, (anonymous namespace)::with_version<(anonymous namespace)::cmd_replay((anonymous namespace)::Args const&)::$_0>(std::__1::basic_string_view<char, std::__1::char_traits<char> >, (anonymous namespace)::cmd_replay((anonymous namespace)::Args const&)::$_0&&)::{lambda<typename $T0>()#1}>((anonymous namespace)::with_version<(anonymous namespace)::cmd_replay((anonymous namespace)::Args const&)::$_0>(std::__1::basic_string_view<char, std::__1::char_traits<char> >, (anonymous namespace)::cmd_replay((anonymous namespace)::Args const&)::$_0&&)::{lambda<typename $T0>()#1}&&)::{lambda<unsigned long... $N0>(std::__1::integer_sequence<unsigned long, ($N0)...>)#1}::operator()<0ul, 1ul, 2ul, 3ul, 4ul, 5ul, 6ul, 7ul, 8ul, 9ul, 10ul>(std::__1::integer_sequence<unsigned long, 0ul, 1ul, 2ul, 3ul, 4ul, 5ul, 6ul, 7ul, 8ul, 9ul, 10ul>) const
40 795712 0 0 0 0 0 795712 0 0
fn=boost::unordered::detail::foa::table_locator<boost::unordered::detail::foa::group15<boost::unordered::detail::foa::plain_integral>, std::__1::pair<unsigned long const, lob::v11::BookT<lob::ChecksumSink, 16u>::Loc> > boost::unordered::detail::foa::table_core<boost::unordered::detail::foa::flat_map_types<unsigned long, lob::v11::BookT<lob::ChecksumSink, 16u>::Loc>, boost::unordered::detail::foa::group15<boost::unordered::detail::foa::plain_integral>, boost::unordered::detail::foa::table_arrays, boost::unordered::detail::foa::plain_size_control, boost::hash<unsigned long>, std::__1::equal_to<unsigned long>, std::__1::allocator<std::__1::pair<unsigned long const, lob::v11::BookT<lob::ChecksumSink, 16u>::Loc> > >::unchecked_emplace_with_rehash<boost::unordered::detail::foa::try_emplace_args_t, unsigned long const&>(unsigned long, boost::unordered::detail::foa::try_emplace_args_t&&, unsigned long const&)
0 99 1 1 33 0 0 33 0 0
40 66 0 0 0 0 0 66 0 0
fn=lob::v11::BookT<lob::ChecksumSink, 16u>::push(unsigned long, lob::Side, long, unsigned int)
0 909247 0 0 0 0 0 0 0 0
40 795679 0 0 0 0 0 795679 0 0
46 107216 0 0 107216 0 0 0 0 0
140 33 0 0 33 0 0 0 0 0
626 66 0 0 66 14 5 0 0 0
640 2387136 0 0 1591424 6 1 0 0 0
650 231 1 1 33 0 0 33 0 0
fl=/home/wang/git-repositories/vcpkg/installed/x64-linux-clang-libcxx/include/boost/unordered/detail/mulx.hpp
fn=_ZN5boost9unordered6detail3foa10table_coreINS2_14flat_map_typesImN3lob3v115BookTINS5_12ChecksumSinkELj16EE3LocEEENS2_7group15INS2_14plain_integralEEENS2_12table_arraysENS2_18plain_size_controlENS_4hashImEENSt3__18equal_toImEENSJ_9allocatorINSJ_4pairIKmSA_EEEEE22for_all_elements_whileIZNSR_22for_all_elements_whileIZNSR_16for_all_elementsIZNSR_16unchecked_rehashERNSF_ISP_SE_NS2_16pow2_size_policyESQ_EEEUlPSP_E_EEDTcmclfL1p0_LDnEEcvv_EERKSW_T_EUlSY_E_EES10_S12_S13_EUlPSE_jSY_E_EEDTcmclfp0_LDnELi0ELDnEEcvv_EES12_S13_
45 238889 0 0 238889 43174 8206 0 0 0
46 238889 0 0 0 0 0 0 0 0
fn=auto lob::for_each_type<std::__1::tuple<lob::v0::Book<lob::ChecksumSink>, lob::v1::Book<lob::ChecksumSink>, lob::v2::Book<lob::ChecksumSink>, lob::v3::BookT<lob::ChecksumSink, 16u>, lob::v4::BookT<lob::ChecksumSink, 16u>, lob::v5::BookT<lob::ChecksumSink, 16u>, lob::v7::BookT<lob::ChecksumSink, 16u>, lob::v8::BookT<lob::ChecksumSink, 16u>, lob::v9::BookT<lob::ChecksumSink, 16u>, lob::v10::BookT<lob::ChecksumSink, 16u>, lob::v11::BookT<lob::ChecksumSink, 16u> >, (anonymous namespace)::with_version<(anonymous namespace)::cmd_replay((anonymous namespace)::Args const&)::$_0>(std::__1::basic_string_view<char, std::__1::char_traits<char> >, (anonymous namespace)::cmd_replay((anonymous namespace)::Args const&)::$_0&&)::{lambda<typename $T0>()#1}>((anonymous namespace)::with_version<(anonymous namespace)::cmd_replay((anonymous namespace)::Args const&)::$_0>(std::__1::basic_string_view<char, std::__1::char_traits<char> >, (anonymous namespace)::cmd_replay((anonymous namespace)::Args const&)::$_0&&)::{lambda<typename $T0>()#1}&&)::{lambda<unsigned long... $N0>(std::__1::integer_sequence<unsigned long, ($N0)...>)#1}::operator()<0ul, 1ul, 2ul, 3ul, 4ul, 5ul, 6ul, 7ul, 8ul, 9ul, 10ul>(std::__1::integer_sequence<unsigned long, 0ul, 1ul, 2ul, 3ul, 4ul, 5ul, 6ul, 7ul, 8ul, 9ul, 10ul>) const
45 2387136 0 0 0 0 0 0 0 0
46 795712 0 0 0 0 0 0 0 0
fn=lob::v11::BookT<lob::ChecksumSink, 16u>::modify(unsigned long, long, unsigned int)
45 17723 0 0 0 0 0 0 0 0
46 17723 0 0 0 0 0 0 0 0
fn=lob::v11::BookT<lob::ChecksumSink, 16u>::push(unsigned long, lob::Side, long, unsigned int)
45 1591424 0 0 0 0 0 0 0 0
46 795712 0 0 0 0 0 0 0 0
fl=/home/wang/sources/cxx/book/include/lob/events.hpp
fn=auto lob::for_each_type<std::__1::tuple<lob::v0::Book<lob::ChecksumSink>, lob::v1::Book<lob::ChecksumSink>, lob::v2::Book<lob::ChecksumSink>, lob::v3::BookT<lob::ChecksumSink, 16u>, lob::v4::BookT<lob::ChecksumSink, 16u>, lob::v5::BookT<lob::ChecksumSink, 16u>, lob::v7::BookT<lob::ChecksumSink, 16u>, lob::v8::BookT<lob::ChecksumSink, 16u>, lob::v9::BookT<lob::ChecksumSink, 16u>, lob::v10::BookT<lob::ChecksumSink, 16u>, lob::v11::BookT<lob::ChecksumSink, 16u> >, (anonymous namespace)::with_version<(anonymous namespace)::cmd_replay((anonymous namespace)::Args const&)::$_0>(std::__1::basic_string_view<char, std::__1::char_traits<char> >, (anonymous namespace)::cmd_replay((anonymous namespace)::Args const&)::$_0&&)::{lambda<typename $T0>()#1}>((anonymous namespace)::with_version<(anonymous namespace)::cmd_replay((anonymous namespace)::Args const&)::$_0>(std::__1::basic_string_view<char, std::__1::char_traits<char> >, (anonymous namespace)::cmd_replay((anonymous namespace)::Args const&)::$_0&&)::{lambda<typename $T0>()#1}&&)::{lambda<unsigned long... $N0>(std::__1::integer_sequence<unsigned long, ($N0)...>)#1}::operator()<0ul, 1ul, 2ul, 3ul, 4ul, 5ul, 6ul, 7ul, 8ul, 9ul, 10ul>(std::__1::integer_sequence<unsigned long, 0ul, 1ul, 2ul, 3ul, 4ul, 5ul, 6ul, 7ul, 8ul, 9ul, 10ul>) const
0 6365696 0 0 795712 0 0 795712 0 0
92 795712 0 0 795712 0 0 0 0 0
93 1591424 0 0 795712 0 0 0 0 0
fn=lob::v11::BookT<lob::ChecksumSink, 16u>::modify(unsigned long, long, unsigned int)
92 17723 0 0 17723 0 0 0 0 0
93 124061 0 0 17723 0 0 0 0 0
fn=lob::v11::BookT<lob::ChecksumSink, 16u>::rest(unsigned long, lob::Side, long, unsigned int, lob::v11::BookT<lob::ChecksumSink, 16u>::Loc&)
81 795712 0 0 0 0 0 0 0 0
92 795712 0 0 795712 20 7 0 0 0
93 10344256 1 1 795712 0 0 795712 0 0
fl=/home/wang/sources/cxx/book/include/lob/replay.hpp
fn=auto lob::for_each_type<std::__1::tuple<lob::v0::Book<lob::ChecksumSink>, lob::v1::Book<lob::ChecksumSink>, lob::v2::Book<lob::ChecksumSink>, lob::v3::BookT<lob::ChecksumSink, 16u>, lob::v4::BookT<lob::ChecksumSink, 16u>, lob::v5::BookT<lob::ChecksumSink, 16u>, lob::v7::BookT<lob::ChecksumSink, 16u>, lob::v8::BookT<lob::ChecksumSink, 16u>, lob::v9::BookT<lob::ChecksumSink, 16u>, lob::v10::BookT<lob::ChecksumSink, 16u>, lob::v11::BookT<lob::ChecksumSink, 16u> >, (anonymous namespace)::with_version<(anonymous namespace)::cmd_replay((anonymous namespace)::Args const&)::$_0>(std::__1::basic_string_view<char, std::__1::char_traits<char> >, (anonymous namespace)::cmd_replay((anonymous namespace)::Args const&)::$_0&&)::{lambda<typename $T0>()#1}>((anonymous namespace)::with_version<(anonymous namespace)::cmd_replay((anonymous namespace)::Args const&)::$_0>(std::__1::basic_string_view<char, std::__1::char_traits<char> >, (anonymous namespace)::cmd_replay((anonymous namespace)::Args const&)::$_0&&)::{lambda<typename $T0>()#1}&&)::{lambda<unsigned long... $N0>(std::__1::integer_sequence<unsigned long, ($N0)...>)#1}::operator()<0ul, 1ul, 2ul, 3ul, 4ul, 5ul, 6ul, 7ul, 8ul, 9ul, 10ul>(std::__1::integer_sequence<unsigned long, 0ul, 1ul, 2ul, 3ul, 4ul, 5ul, 6ul, 7ul, 8ul, 9ul, 10ul>) const
0 2404862 0 0 1609148 201144 201144 1 0 0
21 8010289 1 1 1609147 300740 300724 0 0 0
23 5569984 2 2 2387136 99418 99418 795712 6 0
29 88615 0 0 35446 2146 2146 17723 0 0
37 1609148 0 0 0 0 0 0 0 0
fl=/home/wang/sources/cxx/book/include/lob/v11/book.hpp
fn=auto lob::for_each_type<std::__1::tuple<lob::v0::Book<lob::ChecksumSink>, lob::v1::Book<lob::ChecksumSink>, lob::v2::Book<lob::ChecksumSink>, lob::v3::BookT<lob::ChecksumSink, 16u>, lob::v4::BookT<lob::ChecksumSink, 16u>, lob::v5::BookT<lob::ChecksumSink, 16u>, lob::v7::BookT<lob::ChecksumSink, 16u>, lob::v8::BookT<lob::ChecksumSink, 16u>, lob::v9::BookT<lob::ChecksumSink, 16u>, lob::v10::BookT<lob::ChecksumSink, 16u>, lob::v11::BookT<lob::ChecksumSink, 16u> >, (anonymous namespace)::with_version<(anonymous namespace)::cmd_replay((anonymous namespace)::Args const&)::$_0>(std::__1::basic_string_view<char, std::__1::char_traits<char> >, (anonymous namespace)::cmd_replay((anonymous namespace)::Args const&)::$_0&&)::{lambda<typename $T0>()#1}>((anonymous namespace)::with_version<(anonymous namespace)::cmd_replay((anonymous namespace)::Args const&)::$_0>(std::__1::basic_string_view<char, std::__1::char_traits<char> >, (anonymous namespace)::cmd_replay((anonymous namespace)::Args const&)::$_0&&)::{lambda<typename $T0>()#1}&&)::{lambda<unsigned long... $N0>(std::__1::integer_sequence<unsigned long, ($N0)...>)#1}::operator()<0ul, 1ul, 2ul, 3ul, 4ul, 5ul, 6ul, 7ul, 8ul, 9ul, 10ul>(std::__1::integer_sequence<unsigned long, 0ul, 1ul, 2ul, 3ul, 4ul, 5ul, 6ul, 7ul, 8ul, 9ul, 10ul>) const
0 5569923 4 4 2387059 0 0 795712 43 4
140 1591424 0 0 1591424 110895 2357 0 0 0
142 795712 1 1 795712 0 0 0 0 0
282 2387010 0 0 0 0 0 0 0 0
317 1591424 0 0 795712 0 0 0 0 0
322 795712 0 0 795712 0 0 0 0 0
323 1591424 0 0 0 0 0 0 0 0
337 65 0 0 21 6 0 22 0 0
338 86 0 0 0 0 0 22 0 0
361 1591398 1 1 795699 0 0 795699 0 0
362 795699 0 0 0 0 0 795699 0 0
384 1591398 0 0 795699 15161 533 0 0 0
385 1591398 0 0 795699 0 0 0 0 0
388 2387097 0 0 0 0 0 0 0 0
389 3182796 0 0 0 0 0 0 0 0
390 795699 0 0 0 0 0 795699 72438 1344
391 795699 0 0 0 0 0 795699 44482 5671
392 795699 0 0 795699 4103 384 0 0 0
500 795712 0 0 0 0 0 0 0 0
501 795712 1 1 795712 0 0 0 0 0
502 2387010 0 0 795670 0 0 0 0 0
503 795670 0 0 795670 24888 3038 0 0 0
505 795670 0 0 795670 0 0 0 0 0
508 5569690 0 0 1591340 256 8 0 0 0
510 84 0 0 0 0 0 84 0 0
512 29 0 0 0 0 0 0 0 0
513 29 0 0 29 4 1 0 0 0
515 29 0 0 29 0 0 0 0 0
516 58 0 0 29 0 0 0 0 0
521 84 0 0 42 0 0 0 0 0
522 39 0 0 0 0 0 13 2 0
fn=auto lob::v11::BookT<lob::ChecksumSink, 16u>::erase(boost::unordered::detail::foa::table_iterator<boost::unordered::detail::foa::flat_map_types<unsigned long, lob::v11::BookT<lob::ChecksumSink, 16u>::Loc>, boost::unordered::detail::foa::group15<boost::unordered::detail::foa::plain_integral>*, false>)::{lambda(auto:1&)#1}::operator()<std::__1::map<long, lob::v11::BookT<lob::ChecksumSink, 16u>::Level, std::__1::greater<void>, std::__1::allocator<std::__1::pair<long const, lob::v11::BookT<lob::ChecksumSink, 16u>::Level> > > >(std::__1::map<long, lob::v11::BookT<lob::ChecksumSink, 16u>::Level, std::__1::greater<void>, std::__1::allocator<std::__1::pair<long const, lob::v11::BookT<lob::ChecksumSink, 16u>::Level> > >&) const
0 26 0 0 13 0 0 0 0 0
337 21 0 0 7 3 0 7 0 0
338 20 0 0 6 0 0 7 0 0
361 26 1 1 13 0 0 13 0 0
362 13 0 0 0 0 0 13 0 0
384 26 0 0 13 1 1 0 0 0
385 26 0 0 13 0 0 0 0 0
388 39 0 0 0 0 0 0 0 0
389 52 0 0 0 0 0 0 0 0
390 13 0 0 0 0 0 13 1 0
391 13 0 0 0 0 0 13 4 0
392 13 0 0 13 0 0 0 0 0
510 39 1 1 0 0 0 39 0 0
511 13 0 0 13 0 0 0 0 0
512 13 1 1 0 0 0 0 0 0
513 39 0 0 39 2 1 0 0 0
515 13 0 0 13 0 0 0 0 0
516 26 0 0 13 0 0 0 0 0
520 52 0 0 52 0 0 0 0 0
fn=lob::v11::BookT<lob::ChecksumSink, 16u>::alloc_node(unsigned long, unsigned int)
0 795712 0 0 0 0 0 0 0 0
347 5569984 1 1 0 0 0 4774272 9 1
348 1591424 0 0 795712 0 0 0 0 0
349 795712 0 0 0 0 0 0 0 0
350 2305806 0 0 768602 16558 501 768602 0 0
351 768602 0 0 0 0 0 0 0 0
352 54220 1 1 0 0 0 0 0 0
356 2414246 0 0 0 0 0 2387136 20904 270
357 6365696 1 1 5569984 5 0 0 0 0
fn=lob::v11::BookT<lob::ChecksumSink, 16u>::modify(unsigned long, long, unsigned int)
0 177230 0 0 53169 512 5 17723 0 0
145 177230 2 2 0 0 0 124061 0 0
148 35446 2 2 0 0 0 0 0 0
149 35446 0 0 0 0 0 0 0 0
152 17723 0 0 17723 628 3 0 0 0
153 70892 0 0 17723 0 0 0 0 0
154 35446 2 2 17723 69 1 0 0 0
155 17723 1 1 0 0 0 17723 0 0
156 17723 0 0 17723 0 0 0 0 0
164 141784 0 0 124061 0 0 0 0 0
317 35446 0 0 17723 0 0 0 0 0
322 35446 0 0 17723 0 0 0 0 0
323 53169 0 0 0 0 0 0 0 0
342 35446 1 1 0 0 0 0 0 0
fn=lob::v11::BookT<lob::ChecksumSink, 16u>::push(unsigned long, lob::Side, long, unsigned int)
0 4664840 1 1 85785 0 0 2387136 6 1
129 6365696 1 1 0 0 0 5569984 6 1
130 1591424 0 0 0 0 0 0 0 0
131 1591424 0 0 0 0 0 0 0 0
132 795712 0 0 0 0 0 0 0 0
134 99 0 0 66 0 0 0 0 0
135 6365696 1 1 5569984 24 4 0 0 0
325 1591422 0 0 1591422 0 0 0 0 0
401 2387136 0 0 0 0 0 0 0 0
402 2387133 1 1 0 0 0 0 0 0
403 2387136 0 0 0 0 0 0 0 0
404 1591424 1 1 795712 26 6 0 0 0
405 795712 0 0 0 0 0 0 0 0
406 3182844 0 0 0 0 0 0 0 0
407 1591424 1 1 0 0 0 0 0 0
412 1591424 0 0 0 0 0 0 0 0
fn=lob::v11::BookT<lob::ChecksumSink, 16u>::rest(unsigned long, lob::Side, long, unsigned int, lob::v11::BookT<lob::ChecksumSink, 16u>::Loc&)
0 3182790 0 0 795683 0 0 0 0 0
282 795670 0 0 0 0 0 0 0 0
295 29 0 0 0 0 0 29 0 0
297 58 0 0 0 0 0 29 3 1
322 1591424 0 0 795712 0 0 0 0 0
323 1591424 0 0 0 0 0 0 0 0
328 4 0 0 0 0 0 1 0 0
329 1 1 1 0 0 0 1 0 0
337 123 1 1 37 7 2 42 0 0
338 126 0 0 42 11 3 42 0 0
372 1591424 1 1 795712 40589 5826 0 0 0
374 3182848 0 0 795712 0 0 0 0 0
375 795712 0 0 0 0 0 795712 53930 1142
376 1591424 0 0 0 0 0 795712 0 0
377 795712 0 0 0 0 0 795712 0 0
378 795712 0 0 0 0 0 795712 0 0
379 795712 0 0 795712 12326 1570 0 0 0
481 10344256 1 1 0 0 0 5569984 9 1
482 2387136 0 0 0 0 0 795712 0 0
483 2387146 1 1 795713 5 0 795712 0 0
487 2387010 0 0 795670 0 0 0 0 0
488 3978350 1 1 0 0 0 0 0 0
490 200 0 0 58 0 0 0 0 0
494 1591424 1 1 1591424 0 0 0 0 0
495 3182848 0 0 795712 0 0 2387136 18 0
496 795712 0 0 795712 21 7 0 0 0
497 6365696 0 0 5569984 5 0 0 0 0
fl=/home/wang/sources/cxx/book/include/lob/v11/exact_div.hpp
fn=auto lob::for_each_type<std::__1::tuple<lob::v0::Book<lob::ChecksumSink>, lob::v1::Book<lob::ChecksumSink>, lob::v2::Book<lob::ChecksumSink>, lob::v3::BookT<lob::ChecksumSink, 16u>, lob::v4::BookT<lob::ChecksumSink, 16u>, lob::v5::BookT<lob::ChecksumSink, 16u>, lob::v7::BookT<lob::ChecksumSink, 16u>, lob::v8::BookT<lob::ChecksumSink, 16u>, lob::v9::BookT<lob::ChecksumSink, 16u>, lob::v10::BookT<lob::ChecksumSink, 16u>, lob::v11::BookT<lob::ChecksumSink, 16u> >, (anonymous namespace)::with_version<(anonymous namespace)::cmd_replay((anonymous namespace)::Args const&)::$_0>(std::__1::basic_string_view<char, std::__1::char_traits<char> >, (anonymous namespace)::cmd_replay((anonymous namespace)::Args const&)::$_0&&)::{lambda<typename $T0>()#1}>((anonymous namespace)::with_version<(anonymous namespace)::cmd_replay((anonymous namespace)::Args const&)::$_0>(std::__1::basic_string_view<char, std::__1::char_traits<char> >, (anonymous namespace)::cmd_replay((anonymous namespace)::Args const&)::$_0&&)::{lambda<typename $T0>()#1}&&)::{lambda<unsigned long... $N0>(std::__1::integer_sequence<unsigned long, ($N0)...>)#1}::operator()<0ul, 1ul, 2ul, 3ul, 4ul, 5ul, 6ul, 7ul, 8ul, 9ul, 10ul>(std::__1::integer_sequence<unsigned long, 0ul, 1ul, 2ul, 3ul, 4ul, 5ul, 6ul, 7ul, 8ul, 9ul, 10ul>) const
37 2387136 0 0 1591424 0 0 0 0 0
fn=lob::v11::BookT<lob::ChecksumSink, 16u>::modify(unsigned long, long, unsigned int)
0 17723 0 0 0 0 0 0 0 0
37 88615 0 0 35446 0 0 0 0 0
fn=lob::v11::BookT<lob::ChecksumSink, 16u>::rest(unsigned long, lob::Side, long, unsigned int, lob::v11::BookT<lob::ChecksumSink, 16u>::Loc&)
37 2387136 0 0 1591424 0 0 0 0 0
fl=/home/wang/sources/cxx/book/include/lob/v3/hier_bitmap.hpp
fn=auto lob::for_each_type<std::__1::tuple<lob::v0::Book<lob::ChecksumSink>, lob::v1::Book<lob::ChecksumSink>, lob::v2::Book<lob::ChecksumSink>, lob::v3::BookT<lob::ChecksumSink, 16u>, lob::v4::BookT<lob::ChecksumSink, 16u>, lob::v5::BookT<lob::ChecksumSink, 16u>, lob::v7::BookT<lob::ChecksumSink, 16u>, lob::v8::BookT<lob::ChecksumSink, 16u>, lob::v9::BookT<lob::ChecksumSink, 16u>, lob::v10::BookT<lob::ChecksumSink, 16u>, lob::v11::BookT<lob::ChecksumSink, 16u> >, (anonymous namespace)::with_version<(anonymous namespace)::cmd_replay((anonymous namespace)::Args const&)::$_0>(std::__1::basic_string_view<char, std::__1::char_traits<char> >, (anonymous namespace)::cmd_replay((anonymous namespace)::Args const&)::$_0&&)::{lambda<typename $T0>()#1}>((anonymous namespace)::with_version<(anonymous namespace)::cmd_replay((anonymous namespace)::Args const&)::$_0>(std::__1::basic_string_view<char, std::__1::char_traits<char> >, (anonymous namespace)::cmd_replay((anonymous namespace)::Args const&)::$_0&&)::{lambda<typename $T0>()#1}&&)::{lambda<unsigned long... $N0>(std::__1::integer_sequence<unsigned long, ($N0)...>)#1}::operator()<0ul, 1ul, 2ul, 3ul, 4ul, 5ul, 6ul, 7ul, 8ul, 9ul, 10ul>(std::__1::integer_sequence<unsigned long, 0ul, 1ul, 2ul, 3ul, 4ul, 5ul, 6ul, 7ul, 8ul, 9ul, 10ul>) const
0 1849 1 1 0 0 0 0 0 0
78 2387010 0 0 795670 0 0 0 0 0
79 2387010 1 1 795670 2803 65 0 0 0
80 795670 0 0 0 0 0 0 0 0
83 1831 0 0 0 0 0 0 0 0
84 5565 0 0 1849 35 0 0 0 0
fn=lob::v11::BookT<lob::ChecksumSink, 16u>::push(unsigned long, lob::Side, long, unsigned int)
48 2387136 0 0 1591424 90 14 0 0 0
95 3978555 0 0 0 0 0 0 0 0
fn=lob::v11::BookT<lob::ChecksumSink, 16u>::rest(unsigned long, lob::Side, long, unsigned int, lob::v11::BookT<lob::ChecksumSink, 16u>::Loc&)
0 78 0 0 0 0 0 42 0 0
57 1593171 0 0 0 0 0 0 0 0
58 2392503 0 0 797501 2894 184 0 0 0
59 2392539 1 1 1595020 2 1 1595002 14 1
fl=/home/wang/sources/cxx/book/source/main.cxx
fn=auto lob::for_each_type<std::__1::tuple<lob::v0::Book<lob::ChecksumSink>, lob::v1::Book<lob::ChecksumSink>, lob::v2::Book<lob::ChecksumSink>, lob::v3::BookT<lob::ChecksumSink, 16u>, lob::v4::BookT<lob::ChecksumSink, 16u>, lob::v5::BookT<lob::ChecksumSink, 16u>, lob::v7::BookT<lob::ChecksumSink, 16u>, lob::v8::BookT<lob::ChecksumSink, 16u>, lob::v9::BookT<lob::ChecksumSink, 16u>, lob::v10::BookT<lob::ChecksumSink, 16u>, lob::v11::BookT<lob::ChecksumSink, 16u> >, (anonymous namespace)::with_version<(anonymous namespace)::cmd_replay((anonymous namespace)::Args const&)::$_0>(std::__1::basic_string_view<char, std::__1::char_traits<char> >, (anonymous namespace)::cmd_replay((anonymous namespace)::Args const&)::$_0&&)::{lambda<typename $T0>()#1}>((anonymous namespace)::with_version<(anonymous namespace)::cmd_replay((anonymous namespace)::Args const&)::$_0>(std::__1::basic_string_view<char, std::__1::char_traits<char> >, (anonymous namespace)::cmd_replay((anonymous namespace)::Args const&)::$_0&&)::{lambda<typename $T0>()#1}&&)::{lambda<unsigned long... $N0>(std::__1::integer_sequence<unsigned long, ($N0)...>)#1}::operator()<0ul, 1ul, 2ul, 3ul, 4ul, 5ul, 6ul, 7ul, 8ul, 9ul, 10ul>(std::__1::integer_sequence<unsigned long, 0ul, 1ul, 2ul, 3ul, 4ul, 5ul, 6ul, 7ul, 8ul, 9ul, 10ul>) const
0 1 0 0 0 0 0 0 0 0
293 2 2 2 0 0 0 1 1 1
294 1 0 0 1 1 1 0 0 0
295 9 2 2 0 0 0 6 1 1
fl=/usr/include/c++/v1/__bit/countr.h
fn=lob::v11::BookT<lob::ChecksumSink, 16u>::push(unsigned long, lob::Side, long, unsigned int)
28 3182844 0 0 1591422 96 8 0 0 0
fl=/usr/include/c++/v1/__functional/operations.h
fn=auto lob::for_each_type<std::__1::tuple<lob::v0::Book<lob::ChecksumSink>, lob::v1::Book<lob::ChecksumSink>, lob::v2::Book<lob::ChecksumSink>, lob::v3::BookT<lob::ChecksumSink, 16u>, lob::v4::BookT<lob::ChecksumSink, 16u>, lob::v5::BookT<lob::ChecksumSink, 16u>, lob::v7::BookT<lob::ChecksumSink, 16u>, lob::v8::BookT<lob::ChecksumSink, 16u>, lob::v9::BookT<lob::ChecksumSink, 16u>, lob::v10::BookT<lob::ChecksumSink, 16u>, lob::v11::BookT<lob::ChecksumSink, 16u> >, (anonymous namespace)::with_version<(anonymous namespace)::cmd_replay((anonymous namespace)::Args const&)::$_0>(std::__1::basic_string_view<char, std::__1::char_traits<char> >, (anonymous namespace)::cmd_replay((anonymous namespace)::Args const&)::$_0&&)::{lambda<typename $T0>()#1}>((anonymous namespace)::with_version<(anonymous namespace)::cmd_replay((anonymous namespace)::Args const&)::$_0>(std::__1::basic_string_view<char, std::__1::char_traits<char> >, (anonymous namespace)::cmd_replay((anonymous namespace)::Args const&)::$_0&&)::{lambda<typename $T0>()#1}&&)::{lambda<unsigned long... $N0>(std::__1::integer_sequence<unsigned long, ($N0)...>)#1}::operator()<0ul, 1ul, 2ul, 3ul, 4ul, 5ul, 6ul, 7ul, 8ul, 9ul, 10ul>(std::__1::integer_sequence<unsigned long, 0ul, 1ul, 2ul, 3ul, 4ul, 5ul, 6ul, 7ul, 8ul, 9ul, 10ul>) const
300 829098 1 1 829098 176503 152 0 0 0
375 308 1 1 122 41 4 0 0 0
fn=auto lob::v11::BookT<lob::ChecksumSink, 16u>::erase(boost::unordered::detail::foa::table_iterator<boost::unordered::detail::foa::flat_map_types<unsigned long, lob::v11::BookT<lob::ChecksumSink, 16u>::Loc>, boost::unordered::detail::foa::group15<boost::unordered::detail::foa::plain_integral>*, false>)::{lambda(auto:1&)#1}::operator()<std::__1::map<long, lob::v11::BookT<lob::ChecksumSink, 16u>::Level, std::__1::greater<void>, std::__1::allocator<std::__1::pair<long const, lob::v11::BookT<lob::ChecksumSink, 16u>::Level> > > >(std::__1::map<long, lob::v11::BookT<lob::ChecksumSink, 16u>::Level, std::__1::greater<void>, std::__1::allocator<std::__1::pair<long const, lob::v11::BookT<lob::ChecksumSink, 16u>::Level> > >&) const
462 103 1 1 43 9 1 0 0 0
fn=lob::v11::BookT<lob::ChecksumSink, 16u>::modify(unsigned long, long, unsigned int)
300 18437 0 0 18437 2729 8 0 0 0
fn=lob::v11::BookT<lob::ChecksumSink, 16u>::push(unsigned long, lob::Side, long, unsigned int)
300 38249 0 0 38249 37465 1699 0 0 0
fn=lob::v11::BookT<lob::ChecksumSink, 16u>::rest(unsigned long, lob::Side, long, unsigned int, lob::v11::BookT<lob::ChecksumSink, 16u>::Loc&)
375 158 0 0 79 42 19 0 0 0
462 52 0 0 26 5 0 0 0 0
fl=/usr/include/c++/v1/__iterator/wrap_iter.h
fn=auto lob::for_each_type<std::__1::tuple<lob::v0::Book<lob::ChecksumSink>, lob::v1::Book<lob::ChecksumSink>, lob::v2::Book<lob::ChecksumSink>, lob::v3::BookT<lob::ChecksumSink, 16u>, lob::v4::BookT<lob::ChecksumSink, 16u>, lob::v5::BookT<lob::ChecksumSink, 16u>, lob::v7::BookT<lob::ChecksumSink, 16u>, lob::v8::BookT<lob::ChecksumSink, 16u>, lob::v9::BookT<lob::ChecksumSink, 16u>, lob::v10::BookT<lob::ChecksumSink, 16u>, lob::v11::BookT<lob::ChecksumSink, 16u> >, (anonymous namespace)::with_version<(anonymous namespace)::cmd_replay((anonymous namespace)::Args const&)::$_0>(std::__1::basic_string_view<char, std::__1::char_traits<char> >, (anonymous namespace)::cmd_replay((anonymous namespace)::Args const&)::$_0&&)::{lambda<typename $T0>()#1}>((anonymous namespace)::with_version<(anonymous namespace)::cmd_replay((anonymous namespace)::Args const&)::$_0>(std::__1::basic_string_view<char, std::__1::char_traits<char> >, (anonymous namespace)::cmd_replay((anonymous namespace)::Args const&)::$_0&&)::{lambda<typename $T0>()#1}&&)::{lambda<unsigned long... $N0>(std::__1::integer_sequence<unsigned long, ($N0)...>)#1}::operator()<0ul, 1ul, 2ul, 3ul, 4ul, 5ul, 6ul, 7ul, 8ul, 9ul, 10ul>(std::__1::integer_sequence<unsigned long, 0ul, 1ul, 2ul, 3ul, 4ul, 5ul, 6ul, 7ul, 8ul, 9ul, 10ul>) const
65 1609147 0 0 0 0 0 0 0 0
125 1609148 0 0 0 0 0 0 0 0
fl=/usr/include/c++/v1/__math/rounding_functions.h
fn=boost::unordered::detail::foa::table_locator<boost::unordered::detail::foa::group15<boost::unordered::detail::foa::plain_integral>, std::__1::pair<unsigned long const, lob::v11::BookT<lob::ChecksumSink, 16u>::Loc> > boost::unordered::detail::foa::table_core<boost::unordered::detail::foa::flat_map_types<unsigned long, lob::v11::BookT<lob::ChecksumSink, 16u>::Loc>, boost::unordered::detail::foa::group15<boost::unordered::detail::foa::plain_integral>, boost::unordered::detail::foa::table_arrays, boost::unordered::detail::foa::plain_size_control, boost::hash<unsigned long>, std::__1::equal_to<unsigned long>, std::__1::allocator<std::__1::pair<unsigned long const, lob::v11::BookT<lob::ChecksumSink, 16u>::Loc> > >::unchecked_emplace_with_rehash<boost::unordered::detail::foa::try_emplace_args_t, unsigned long const&>(unsigned long, boost::unordered::detail::foa::try_emplace_args_t&&, unsigned long const&)
29 33 0 0 0 0 0 0 0 0
fl=/usr/include/c++/v1/__memory/allocator.h
fn=lob::v11::BookT<lob::ChecksumSink, 16u>::alloc_node(unsigned long, unsigned int)
100 32 0 0 0 0 0 0 0 0
fl=/usr/include/c++/v1/__memory/construct_at.h
fn=lob::v11::BookT<lob::ChecksumSink, 16u>::alloc_node(unsigned long, unsigned int)
38 81330 1 1 0 0 0 54220 10182 9328
fl=/usr/include/c++/v1/__memory/uninitialized_algorithms.h
fn=lob::v11::BookT<lob::ChecksumSink, 16u>::alloc_node(unsigned long, unsigned int)
0 16 0 0 16 5 0 0 0 0
638 64 0 0 0 0 0 16 0 0
fl=/usr/include/c++/v1/__new/allocate.h
fn=auto lob::for_each_type<std::__1::tuple<lob::v0::Book<lob::ChecksumSink>, lob::v1::Book<lob::ChecksumSink>, lob::v2::Book<lob::ChecksumSink>, lob::v3::BookT<lob::ChecksumSink, 16u>, lob::v4::BookT<lob::ChecksumSink, 16u>, lob::v5::BookT<lob::ChecksumSink, 16u>, lob::v7::BookT<lob::ChecksumSink, 16u>, lob::v8::BookT<lob::ChecksumSink, 16u>, lob::v9::BookT<lob::ChecksumSink, 16u>, lob::v10::BookT<lob::ChecksumSink, 16u>, lob::v11::BookT<lob::ChecksumSink, 16u> >, (anonymous namespace)::with_version<(anonymous namespace)::cmd_replay((anonymous namespace)::Args const&)::$_0>(std::__1::basic_string_view<char, std::__1::char_traits<char> >, (anonymous namespace)::cmd_replay((anonymous namespace)::Args const&)::$_0&&)::{lambda<typename $T0>()#1}>((anonymous namespace)::with_version<(anonymous namespace)::cmd_replay((anonymous namespace)::Args const&)::$_0>(std::__1::basic_string_view<char, std::__1::char_traits<char> >, (anonymous namespace)::cmd_replay((anonymous namespace)::Args const&)::$_0&&)::{lambda<typename $T0>()#1}&&)::{lambda<unsigned long... $N0>(std::__1::integer_sequence<unsigned long, ($N0)...>)#1}::operator()<0ul, 1ul, 2ul, 3ul, 4ul, 5ul, 6ul, 7ul, 8ul, 9ul, 10ul>(std::__1::integer_sequence<unsigned long, 0ul, 1ul, 2ul, 3ul, 4ul, 5ul, 6ul, 7ul, 8ul, 9ul, 10ul>) const
63 66 0 0 0 0 0 22 0 0
fn=auto lob::v11::BookT<lob::ChecksumSink, 16u>::erase(boost::unordered::detail::foa::table_iterator<boost::unordered::detail::foa::flat_map_types<unsigned long, lob::v11::BookT<lob::ChecksumSink, 16u>::Loc>, boost::unordered::detail::foa::group15<boost::unordered::detail::foa::plain_integral>*, false>)::{lambda(auto:1&)#1}::operator()<std::__1::map<long, lob::v11::BookT<lob::ChecksumSink, 16u>::Level, std::__1::greater<void>, std::__1::allocator<std::__1::pair<long const, lob::v11::BookT<lob::ChecksumSink, 16u>::Level> > > >(std::__1::map<long, lob::v11::BookT<lob::ChecksumSink, 16u>::Level, std::__1::greater<void>, std::__1::allocator<std::__1::pair<long const, lob::v11::BookT<lob::ChecksumSink, 16u>::Level> > >&) const
63 21 0 0 0 0 0 7 0 0
fn=boost::unordered::detail::foa::table_core<boost::unordered::detail::foa::flat_map_types<unsigned long, lob::v11::BookT<lob::ChecksumSink, 16u>::Loc>, boost::unordered::detail::foa::group15<boost::unordered::detail::foa::plain_integral>, boost::unordered::detail::foa::table_arrays, boost::unordered::detail::foa::plain_size_control, boost::hash<unsigned long>, std::__1::equal_to<unsigned long>, std::__1::allocator<std::__1::pair<unsigned long const, lob::v11::BookT<lob::ChecksumSink, 16u>::Loc> > >::unchecked_rehash(boost::unordered::detail::foa::table_arrays<std::__1::pair<unsigned long const, lob::v11::BookT<lob::ChecksumSink, 16u>::Loc>, boost::unordered::detail::foa::group15<boost::unordered::detail::foa::plain_integral>, boost::unordered::detail::foa::pow2_size_policy, std::__1::allocator<std::__1::pair<unsigned long const, lob::v11::BookT<lob::ChecksumSink, 16u>::Loc> > >&)
57 128 0 0 0 0 0 0 0 0
63 32 0 0 0 0 0 32 0 0
fn=boost::unordered::detail::foa::table_locator<boost::unordered::detail::foa::group15<boost::unordered::detail::foa::plain_integral>, std::__1::pair<unsigned long const, lob::v11::BookT<lob::ChecksumSink, 16u>::Loc> > boost::unordered::detail::foa::table_core<boost::unordered::detail::foa::flat_map_types<unsigned long, lob::v11::BookT<lob::ChecksumSink, 16u>::Loc>, boost::unordered::detail::foa::group15<boost::unordered::detail::foa::plain_integral>, boost::unordered::detail::foa::table_arrays, boost::unordered::detail::foa::plain_size_control, boost::hash<unsigned long>, std::__1::equal_to<unsigned long>, std::__1::allocator<std::__1::pair<unsigned long const, lob::v11::BookT<lob::ChecksumSink, 16u>::Loc> > >::unchecked_emplace_with_rehash<boost::unordered::detail::foa::try_emplace_args_t, unsigned long const&>(unsigned long, boost::unordered::detail::foa::try_emplace_args_t&&, unsigned long const&)
0 99 0 0 0 0 0 66 0 0
37 165 1 1 0 0 0 33 0 0
43 66 0 0 0 0 0 33 0 0
fn=lob::v11::BookT<lob::ChecksumSink, 16u>::alloc_node(unsigned long, unsigned int)
0 63 1 1 63 0 0 0 0 0
37 32 0 0 0 0 0 0 0 0
43 48 0 0 0 0 0 16 6 0
63 45 0 0 0 0 0 15 0 0
fn=lob::v11::BookT<lob::ChecksumSink, 16u>::rest(unsigned long, lob::Side, long, unsigned int, lob::v11::BookT<lob::ChecksumSink, 16u>::Loc&)
43 87 0 0 0 0 0 29 0 0
fl=/usr/include/c++/v1/__split_buffer
fn=lob::v11::BookT<lob::ChecksumSink, 16u>::alloc_node(unsigned long, unsigned int)
335 16 0 0 0 0 0 0 0 0
341 32 0 0 0 0 0 0 0 0
fl=/usr/include/c++/v1/__tree
fn=auto lob::for_each_type<std::__1::tuple<lob::v0::Book<lob::ChecksumSink>, lob::v1::Book<lob::ChecksumSink>, lob::v2::Book<lob::ChecksumSink>, lob::v3::BookT<lob::ChecksumSink, 16u>, lob::v4::BookT<lob::ChecksumSink, 16u>, lob::v5::BookT<lob::ChecksumSink, 16u>, lob::v7::BookT<lob::ChecksumSink, 16u>, lob::v8::BookT<lob::ChecksumSink, 16u>, lob::v9::BookT<lob::ChecksumSink, 16u>, lob::v10::BookT<lob::ChecksumSink, 16u>, lob::v11::BookT<lob::ChecksumSink, 16u> >, (anonymous namespace)::with_version<(anonymous namespace)::cmd_replay((anonymous namespace)::Args const&)::$_0>(std::__1::basic_string_view<char, std::__1::char_traits<char> >, (anonymous namespace)::cmd_replay((anonymous namespace)::Args const&)::$_0&&)::{lambda<typename $T0>()#1}>((anonymous namespace)::with_version<(anonymous namespace)::cmd_replay((anonymous namespace)::Args const&)::$_0>(std::__1::basic_string_view<char, std::__1::char_traits<char> >, (anonymous namespace)::cmd_replay((anonymous namespace)::Args const&)::$_0&&)::{lambda<typename $T0>()#1}&&)::{lambda<unsigned long... $N0>(std::__1::integer_sequence<unsigned long, ($N0)...>)#1}::operator()<0ul, 1ul, 2ul, 3ul, 4ul, 5ul, 6ul, 7ul, 8ul, 9ul, 10ul>(std::__1::integer_sequence<unsigned long, 0ul, 1ul, 2ul, 3ul, 4ul, 5ul, 6ul, 7ul, 8ul, 9ul, 10ul>) const
0 329 0 0 172 30 2 0 0 0
105 50 0 0 50 0 0 0 0 0
163 34 0 0 9 1 1 0 0 0
191 88 1 1 22 0 0 0 0 0
193 25 0 0 0 0 0 0 0 0
680 29 0 0 0 0 0 0 0 0
884 29 0 0 29 1 0 0 0 0
915 63 0 0 42 0 0 0 0 0
1824 44 0 0 22 0 0 0 0 0
1825 7 0 0 0 0 0 7 0 0
1826 22 0 0 22 0 0 0 0 0
1827 44 1 1 0 0 0 22 1 0
1994 58 0 0 0 0 0 0 0 0
2049 244 0 0 0 0 0 0 0 0
2050 93 0 0 0 0 0 0 0 0
fn=auto lob::v11::BookT<lob::ChecksumSink, 16u>::erase(boost::unordered::detail::foa::table_iterator<boost::unordered::detail::foa::flat_map_types<unsigned long, lob::v11::BookT<lob::ChecksumSink, 16u>::Loc>, boost::unordered::detail::foa::group15<boost::unordered::detail::foa::plain_integral>*, false>)::{lambda(auto:1&)#1}::operator()<std::__1::map<long, lob::v11::BookT<lob::ChecksumSink, 16u>::Level, std::__1::greater<void>, std::__1::allocator<std::__1::pair<long const, lob::v11::BookT<lob::ChecksumSink, 16u>::Level> > > >(std::__1::map<long, lob::v11::BookT<lob::ChecksumSink, 16u>::Level, std::__1::greater<void>, std::__1::allocator<std::__1::pair<long const, lob::v11::BookT<lob::ChecksumSink, 16u>::Level> > >&) const
0 103 1 1 43 5 2 0 0 0
105 10 0 0 10 0 0 0 0 0
163 8 0 0 2 0 0 0 0 0
191 21 0 0 7 0 0 0 0 0
193 5 0 0 0 0 0 0 0 0
680 13 0 0 0 0 0 0 0 0
862 13 0 0 0 0 0 0 0 0
884 13 0 0 13 2 0 0 0 0
915 19 0 0 13 0 0 0 0 0
1824 14 0 0 7 0 0 0 0 0
1825 2 0 0 0 0 0 2 0 0
1826 7 0 0 7 0 0 0 0 0
1827 14 0 0 0 0 0 7 2 0
1994 26 0 0 0 0 0 0 0 0
2049 86 0 0 0 0 0 0 0 0
2050 30 0 0 0 0 0 0 0 0
fn=lob::v11::BookT<lob::ChecksumSink, 16u>::rest(unsigned long, lob::Side, long, unsigned int, lob::v11::BookT<lob::ChecksumSink, 16u>::Loc&)
0 509 2 2 29 0 0 29 0 0
862 42 1 1 0 0 0 0 0 0
884 42 0 0 42 0 0 0 0 0
915 121 0 0 79 0 0 0 0 0
1593 105 0 0 0 0 0 0 0 0
1594 37 0 0 37 15 6 0 0 0
1601 68 0 0 0 0 0 0 0 0
1602 165 0 0 55 13 7 0 0 0
1673 29 0 0 0 0 0 29 0 0
1674 29 0 0 0 0 0 29 0 0
1676 29 0 0 0 0 0 29 0 0
1677 116 1 1 58 6 2 0 0 0
1678 6 0 0 0 0 0 6 0 0
1679 116 0 0 29 0 0 29 0 0
fn=void std::__1::__tree_balance_after_insert[abi:ne210105]<std::__1::__tree_node_base<void*>*>(std::__1::__tree_node_base<void*>*, std::__1::__tree_node_base<void*>*)
0 13 1 1 0 0 0 0 0 0
105 69 1 1 49 0 0 0 0 0
235 6 1 1 6 0 0 0 0 0
236 12 0 0 6 0 0 6 0 0
237 12 0 0 0 0 0 0 0 0
239 10 0 0 4 0 0 6 0 0
240 4 0 0 0 0 0 0 0 0
241 6 0 0 0 0 0 6 0 0
244 6 0 0 0 0 0 6 0 0
254 2 0 0 2 0 0 0 0 0
255 10 0 0 5 0 0 5 0 0
256 10 0 0 0 0 0 0 0 0
258 10 0 0 5 0 0 5 0 0
259 5 0 0 0 0 0 0 0 0
260 1 0 0 0 0 0 1 0 0
262 5 0 0 0 0 0 4 0 0
263 5 0 0 0 0 0 5 0 0
278 58 1 1 0 0 0 29 0 0
279 109 0 0 32 0 0 0 0 0
281 16 0 0 0 0 0 0 0 0
282 7 0 0 7 0 0 0 0 0
283 20 0 0 3 2 1 0 0 0
285 3 0 0 0 0 0 3 0 0
287 6 0 0 0 0 0 3 0 0
288 6 0 0 0 0 0 3 0 0
290 6 0 0 0 0 0 0 0 0
295 4 0 0 0 0 0 4 0 0
297 4 0 0 0 0 0 4 0 0
303 30 0 0 6 3 2 0 0 0
305 5 0 0 0 0 0 5 0 0
307 10 0 0 0 0 0 5 0 0
308 10 0 0 0 0 0 5 0 0
310 7 1 1 0 0 0 0 0 0
315 4 1 1 0 0 0 4 0 0
317 4 0 0 0 0 0 4 0 0
323 29 0 0 29 0 0 0 0 0
569 35 0 0 35 0 0 0 0 0
571 13 0 0 0 0 0 13 0 0
fn=void std::__1::__tree_remove[abi:ne210105]<std::__1::__tree_node_base<void*>*>(std::__1::__tree_node_base<void*>*, std::__1::__tree_node_base<void*>*)
0 84 2 2 15 0 0 11 0 0
105 186 1 1 94 4 2 0 0 0
163 27 0 0 9 0 0 0 0 0
235 3 0 0 3 0 0 0 0 0
236 6 1 1 3 0 0 3 0 0
237 6 0 0 0 0 0 0 0 0
239 6 0 0 3 0 0 3 0 0
240 3 0 0 0 0 0 0 0 0
241 2 0 0 0 0 0 2 0 0
243 1 0 0 0 0 0 1 0 0
244 3 0 0 0 0 0 3 0 0
254 2 0 0 2 0 0 0 0 0
255 4 0 0 2 0 0 2 0 0
256 4 0 0 0 0 0 0 0 0
258 4 0 0 2 0 0 2 0 0
259 2 0 0 0 0 0 0 0 0
260 2 1 1 0 0 0 2 0 0
263 2 0 0 0 0 0 2 0 0
339 152 1 1 38 0 0 0 0 0
341 27 1 1 27 0 0 0 0 0
345 54 0 0 0 0 0 0 0 0
346 18 0 0 6 0 0 6 2 1
347 29 0 0 0 0 0 0 0 0
348 16 0 0 0 0 0 16 0 0
349 32 0 0 0 0 0 0 0 0
350 12 0 0 12 0 0 0 0 0
354 13 0 0 0 0 0 13 0 0
358 29 0 0 29 0 0 0 0 0
361 68 0 0 0 0 0 0 0 0
363 14 1 1 7 0 0 7 0 0
364 7 0 0 0 0 0 0 0 0
365 7 0 0 0 0 0 7 0 0
368 14 0 0 7 0 0 7 0 0
370 14 0 0 7 0 0 7 0 0
371 14 0 0 0 0 0 0 0 0
373 14 0 0 7 0 0 7 0 0
374 14 0 0 0 0 0 0 0 0
379 83 1 1 0 0 0 0 0 0
392 34 0 0 0 0 0 0 0 0
393 6 0 0 0 0 0 6 0 0
401 13 0 0 0 0 0 0 0 0
403 14 1 1 0 0 0 0 0 0
415 33 1 1 13 7 4 0 0 0
416 21 0 0 7 0 0 0 0 0
417 4 0 0 0 0 0 4 0 0
420 14 1 1 2 0 0 0 0 0
429 9 0 0 3 0 0 0 0 0
439 6 0 0 3 0 0 3 0 0
440 3 0 0 0 0 0 3 0 0
441 3 0 0 0 0 0 3 0 0
446 12 1 1 0 0 0 0 0 0
458 22 0 0 8 0 0 0 0 0
459 12 0 0 4 0 0 0 0 0
460 4 0 0 0 0 0 4 0 0
463 14 0 0 4 0 0 0 0 0
472 2 0 0 0 0 0 0 0 0
482 4 0 0 2 0 0 2 0 0
483 2 0 0 0 0 0 2 0 0
484 2 0 0 0 0 0 2 0 0
492 29 0 0 29 0 0 0 0 0
569 13 2 2 13 0 0 0 0 0
571 12 0 0 0 0 0 12 0 0
fl=/usr/include/c++/v1/__utility/pair.h
fn=_ZN5boost9unordered6detail3foa10table_coreINS2_14flat_map_typesImN3lob3v115BookTINS5_12ChecksumSinkELj16EE3LocEEENS2_7group15INS2_14plain_integralEEENS2_12table_arraysENS2_18plain_size_controlENS_4hashImEENSt3__18equal_toImEENSJ_9allocatorINSJ_4pairIKmSA_EEEEE22for_all_elements_whileIZNSR_22for_all_elements_whileIZNSR_16for_all_elementsIZNSR_16unchecked_rehashERNSF_ISP_SE_NS2_16pow2_size_policyESQ_EEEUlPSP_E_EEDTcmclfL1p0_LDnEEcvv_EERKSW_T_EUlSY_E_EES10_S12_S13_EUlPSE_jSY_E_EEDTcmclfp0_LDnELi0ELDnEEcvv_EES12_S13_
196 955556 0 0 477778 59176 10320 477778 107247 81989
fn=boost::unordered::detail::foa::table_locator<boost::unordered::detail::foa::group15<boost::unordered::detail::foa::plain_integral>, std::__1::pair<unsigned long const, lob::v11::BookT<lob::ChecksumSink, 16u>::Loc> > boost::unordered::detail::foa::table_core<boost::unordered::detail::foa::flat_map_types<unsigned long, lob::v11::BookT<lob::ChecksumSink, 16u>::Loc>, boost::unordered::detail::foa::group15<boost::unordered::detail::foa::plain_integral>, boost::unordered::detail::foa::table_arrays, boost::unordered::detail::foa::plain_size_control, boost::hash<unsigned long>, std::__1::equal_to<unsigned long>, std::__1::allocator<std::__1::pair<unsigned long const, lob::v11::BookT<lob::ChecksumSink, 16u>::Loc> > >::unchecked_emplace_with_rehash<boost::unordered::detail::foa::try_emplace_args_t, unsigned long const&>(unsigned long, boost::unordered::detail::foa::try_emplace_args_t&&, unsigned long const&)
445 66 1 1 33 1 0 33 21 18
446 33 0 0 0 0 0 33 3 3
fn=lob::v11::BookT<lob::ChecksumSink, 16u>::push(unsigned long, lob::Side, long, unsigned int)
445 795679 0 0 0 0 0 795679 705521 5904
446 795679 0 0 0 0 0 795679 178842 10797
fn=lob::v11::BookT<lob::ChecksumSink, 16u>::rest(unsigned long, lob::Side, long, unsigned int, lob::v11::BookT<lob::ChecksumSink, 16u>::Loc&)
445 29 1 1 0 0 0 29 0 0
fl=/usr/include/c++/v1/__utility/swap.h
fn=lob::v11::BookT<lob::ChecksumSink, 16u>::alloc_node(unsigned long, unsigned int)
44 48 0 0 0 0 0 48 5 0
fl=/usr/include/c++/v1/__vector/vector.h
fn=auto lob::for_each_type<std::__1::tuple<lob::v0::Book<lob::ChecksumSink>, lob::v1::Book<lob::ChecksumSink>, lob::v2::Book<lob::ChecksumSink>, lob::v3::BookT<lob::ChecksumSink, 16u>, lob::v4::BookT<lob::ChecksumSink, 16u>, lob::v5::BookT<lob::ChecksumSink, 16u>, lob::v7::BookT<lob::ChecksumSink, 16u>, lob::v8::BookT<lob::ChecksumSink, 16u>, lob::v9::BookT<lob::ChecksumSink, 16u>, lob::v10::BookT<lob::ChecksumSink, 16u>, lob::v11::BookT<lob::ChecksumSink, 16u> >, (anonymous namespace)::with_version<(anonymous namespace)::cmd_replay((anonymous namespace)::Args const&)::$_0>(std::__1::basic_string_view<char, std::__1::char_traits<char> >, (anonymous namespace)::cmd_replay((anonymous namespace)::Args const&)::$_0&&)::{lambda<typename $T0>()#1}>((anonymous namespace)::with_version<(anonymous namespace)::cmd_replay((anonymous namespace)::Args const&)::$_0>(std::__1::basic_string_view<char, std::__1::char_traits<char> >, (anonymous namespace)::cmd_replay((anonymous namespace)::Args const&)::$_0&&)::{lambda<typename $T0>()#1}&&)::{lambda<unsigned long... $N0>(std::__1::integer_sequence<unsigned long, ($N0)...>)#1}::operator()<0ul, 1ul, 2ul, 3ul, 4ul, 5ul, 6ul, 7ul, 8ul, 9ul, 10ul>(std::__1::integer_sequence<unsigned long, 0ul, 1ul, 2ul, 3ul, 4ul, 5ul, 6ul, 7ul, 8ul, 9ul, 10ul>) const
388 1 0 0 1 0 0 0 0 0
407 3182835 0 0 795712 0 0 0 0 0
449 1 0 0 1 1 1 0 0 0
fn=auto lob::v11::BookT<lob::ChecksumSink, 16u>::erase(boost::unordered::detail::foa::table_iterator<boost::unordered::detail::foa::flat_map_types<unsigned long, lob::v11::BookT<lob::ChecksumSink, 16u>::Loc>, boost::unordered::detail::foa::group15<boost::unordered::detail::foa::plain_integral>*, false>)::{lambda(auto:1&)#1}::operator()<std::__1::map<long, lob::v11::BookT<lob::ChecksumSink, 16u>::Level, std::__1::greater<void>, std::__1::allocator<std::__1::pair<long const, lob::v11::BookT<lob::ChecksumSink, 16u>::Level> > > >(std::__1::map<long, lob::v11::BookT<lob::ChecksumSink, 16u>::Level, std::__1::greater<void>, std::__1::allocator<std::__1::pair<long const, lob::v11::BookT<lob::ChecksumSink, 16u>::Level> > >&) const
407 39 0 0 13 0 0 0 0 0
fn=lob::v11::BookT<lob::ChecksumSink, 16u>::alloc_node(unsigned long, unsigned int)
0 96 2 2 0 0 0 64 0 0
388 243990 1 1 54220 0 0 0 0 0
391 64 0 0 0 0 0 0 0 0
407 2360026 0 0 795712 0 0 0 0 0
475 27094 0 0 0 0 0 0 0 0
902 32 0 0 0 0 0 0 0 0
905 80 0 0 0 0 0 0 0 0
1128 16 0 0 0 0 0 0 0 0
1131 32 0 0 0 0 0 0 0 0
1146 81330 0 0 27110 0 0 0 0 0
1149 27094 0 0 0 0 0 0 0 0
1152 27110 0 0 0 0 0 27110 0 0
fn=lob::v11::BookT<lob::ChecksumSink, 16u>::modify(unsigned long, long, unsigned int)
407 35446 0 0 17723 0 0 0 0 0
fn=lob::v11::BookT<lob::ChecksumSink, 16u>::rest(unsigned long, lob::Side, long, unsigned int, lob::v11::BookT<lob::ChecksumSink, 16u>::Loc&)
407 795712 0 0 0 0 0 0 0 0
fl=/usr/include/c++/v1/map
fn=auto lob::for_each_type<std::__1::tuple<lob::v0::Book<lob::ChecksumSink>, lob::v1::Book<lob::ChecksumSink>, lob::v2::Book<lob::ChecksumSink>, lob::v3::BookT<lob::ChecksumSink, 16u>, lob::v4::BookT<lob::ChecksumSink, 16u>, lob::v5::BookT<lob::ChecksumSink, 16u>, lob::v7::BookT<lob::ChecksumSink, 16u>, lob::v8::BookT<lob::ChecksumSink, 16u>, lob::v9::BookT<lob::ChecksumSink, 16u>, lob::v10::BookT<lob::ChecksumSink, 16u>, lob::v11::BookT<lob::ChecksumSink, 16u> >, (anonymous namespace)::with_version<(anonymous namespace)::cmd_replay((anonymous namespace)::Args const&)::$_0>(std::__1::basic_string_view<char, std::__1::char_traits<char> >, (anonymous namespace)::cmd_replay((anonymous namespace)::Args const&)::$_0&&)::{lambda<typename $T0>()#1}>((anonymous namespace)::with_version<(anonymous namespace)::cmd_replay((anonymous namespace)::Args const&)::$_0>(std::__1::basic_string_view<char, std::__1::char_traits<char> >, (anonymous namespace)::cmd_replay((anonymous namespace)::Args const&)::$_0&&)::{lambda<typename $T0>()#1}&&)::{lambda<unsigned long... $N0>(std::__1::integer_sequence<unsigned long, ($N0)...>)#1}::operator()<0ul, 1ul, 2ul, 3ul, 4ul, 5ul, 6ul, 7ul, 8ul, 9ul, 10ul>(std::__1::integer_sequence<unsigned long, 0ul, 1ul, 2ul, 3ul, 4ul, 5ul, 6ul, 7ul, 8ul, 9ul, 10ul>) const
1031 110 0 0 66 0 0 0 0 0
fn=auto lob::v11::BookT<lob::ChecksumSink, 16u>::erase(boost::unordered::detail::foa::table_iterator<boost::unordered::detail::foa::flat_map_types<unsigned long, lob::v11::BookT<lob::ChecksumSink, 16u>::Loc>, boost::unordered::detail::foa::group15<boost::unordered::detail::foa::plain_integral>*, false>)::{lambda(auto:1&)#1}::operator()<std::__1::map<long, lob::v11::BookT<lob::ChecksumSink, 16u>::Level, std::__1::greater<void>, std::__1::allocator<std::__1::pair<long const, lob::v11::BookT<lob::ChecksumSink, 16u>::Level> > > >(std::__1::map<long, lob::v11::BookT<lob::ChecksumSink, 16u>::Level, std::__1::greater<void>, std::__1::allocator<std::__1::pair<long const, lob::v11::BookT<lob::ChecksumSink, 16u>::Level> > >&) const
1031 21 1 1 14 0 0 0 0 0
fn=lob::v11::BookT<lob::ChecksumSink, 16u>::rest(unsigned long, lob::Side, long, unsigned int, lob::v11::BookT<lob::ChecksumSink, 16u>::Loc&)
1031 126 0 0 84 0 0 0 0 0
fl=???
fn=???
0 663 5 5 433 199 18 0 0 0
fn=operator delete(void*)
0 380 0 0 76 0 0 76 0 0
fn=operator delete(void*, unsigned long)
0 380 1 1 76 0 0 76 0 0
fn=operator new(unsigned long)
0 1326 2 2 234 0 0 312 0 0
summary: 319458248 252 252 88814245 1841943 638624 43503169 1212383 132295
