==73669== Cachegrind, a high-precision tracing profiler
==73669== Copyright (C) 2002-2017, and GNU GPL'd, by Nicholas Nethercote et al.
==73669== Using Valgrind-3.22.0 and LibVEX; rerun with -h for copyright info
==73669== Command: /home/wang/sources/cxx/book/build/profile/book replay --workload data/itch12302019_QQQ.ops --version v10
==73669== 
==73669== 
==73669== I refs:        484,362,222
==73669== I1  misses:            256
==73669== LLi misses:            256
==73669== I1  miss rate:        0.00%
==73669== LLi miss rate:        0.00%
==73669== 
==73669== D refs:        190,125,318  (126,880,485 rd   + 63,244,833 wr)
==73669== D1  misses:      3,032,408  (  1,713,362 rd   +  1,319,046 wr)
==73669== LLd misses:        975,541  (    947,135 rd   +     28,406 wr)
==73669== D1  miss rate:         1.6% (        1.4%     +        2.1%  )
==73669== LLd miss rate:         0.5% (        0.7%     +        0.0%  )
==73669== 
==73669== LL refs:         3,032,664  (  1,713,618 rd   +  1,319,046 wr)
==73669== LL misses:         975,797  (    947,391 rd   +     28,406 wr)
==73669== LL miss rate:          0.1% (        0.2%     +        0.0%  )
