==73562== Cachegrind, a high-precision tracing profiler
==73562== Copyright (C) 2002-2017, and GNU GPL'd, by Nicholas Nethercote et al.
==73562== Using Valgrind-3.22.0 and LibVEX; rerun with -h for copyright info
==73562== Command: /home/wang/sources/cxx/book/build/profile/book replay --workload data/itch12302019_AAPL.ops --version v10
==73562== 
==73562== 
==73562== I refs:        329,078,817
==73562== I1  misses:            259
==73562== LLi misses:            259
==73562== I1  miss rate:        0.00%
==73562== LLi miss rate:        0.00%
==73562== 
==73562== D refs:        129,081,351  (86,391,644 rd   + 42,689,707 wr)
==73562== D1  misses:      3,056,910  ( 1,842,194 rd   +  1,214,716 wr)
==73562== LLd misses:        771,006  (   638,640 rd   +    132,366 wr)
==73562== D1  miss rate:         2.4% (       2.1%     +        2.8%  )
==73562== LLd miss rate:         0.6% (       0.7%     +        0.3%  )
==73562== 
==73562== LL refs:         3,057,169  ( 1,842,453 rd   +  1,214,716 wr)
==73562== LL misses:         771,265  (   638,899 rd   +    132,366 wr)
==73562== LL miss rate:          0.2% (       0.2%     +        0.3%  )
