==64163== Cachegrind, a high-precision tracing profiler
==64163== Copyright (C) 2002-2017, and GNU GPL'd, by Nicholas Nethercote et al.
==64163== Using Valgrind-3.22.0 and LibVEX; rerun with -h for copyright info
==64163== Command: /home/wang/sources/cxx/book/build/profile/book replay --workload data/itch12302019_AAPL.ops --version v9
==64163== 
==64163== 
==64163== I refs:        348,687,523
==64163== I1  misses:            257
==64163== LLi misses:            257
==64163== I1  miss rate:        0.00%
==64163== LLi miss rate:        0.00%
==64163== 
==64163== D refs:        138,183,186  (97,031,772 rd   + 41,151,414 wr)
==64163== D1  misses:      3,053,521  ( 1,839,638 rd   +  1,213,883 wr)
==64163== LLd misses:        770,985  (   638,626 rd   +    132,359 wr)
==64163== D1  miss rate:         2.2% (       1.9%     +        2.9%  )
==64163== LLd miss rate:         0.6% (       0.7%     +        0.3%  )
==64163== 
==64163== LL refs:         3,053,778  ( 1,839,895 rd   +  1,213,883 wr)
==64163== LL misses:         771,242  (   638,883 rd   +    132,359 wr)
==64163== LL miss rate:          0.2% (       0.1%     +        0.3%  )
