==26358== Cachegrind, a high-precision tracing profiler
==26358== Copyright (C) 2002-2017, and GNU GPL'd, by Nicholas Nethercote et al.
==26358== Using Valgrind-3.22.0 and LibVEX; rerun with -h for copyright info
==26358== Command: /home/wang/sources/cxx/book/build/profile/book replay --workload data/itch12302019_QQQ.ops --version v3
==26358== 
==26358== 
==26358== I refs:        500,894,008
==26358== I1  misses:            266
==26358== LLi misses:            266
==26358== I1  miss rate:        0.00%
==26358== LLi miss rate:        0.00%
==26358== 
==26358== D refs:        200,546,448  (136,770,126 rd   + 63,776,322 wr)
==26358== D1  misses:      3,432,395  (  1,824,943 rd   +  1,607,452 wr)
==26358== LLd misses:        986,265  (    951,078 rd   +     35,187 wr)
==26358== D1  miss rate:         1.7% (        1.3%     +        2.5%  )
==26358== LLd miss rate:         0.5% (        0.7%     +        0.1%  )
==26358== 
==26358== LL refs:         3,432,661  (  1,825,209 rd   +  1,607,452 wr)
==26358== LL misses:         986,531  (    951,344 rd   +     35,187 wr)
==26358== LL miss rate:          0.1% (        0.1%     +        0.1%  )
