==19549== Cachegrind, a high-precision tracing profiler
==19549== Copyright (C) 2002-2017, and GNU GPL'd, by Nicholas Nethercote et al.
==19549== Using Valgrind-3.22.0 and LibVEX; rerun with -h for copyright info
==19549== Command: /home/wang/sources/cxx/book/build/profile/book replay --workload data/itch12302019_QQQ.ops --version v0
==19549== 
==19549== 
==19549== I refs:        1,306,456,748
==19549== I1  misses:              286
==19549== LLi misses:              286
==19549== I1  miss rate:          0.00%
==19549== LLi miss rate:          0.00%
==19549== 
==19549== D refs:          511,112,000  (331,056,585 rd   + 180,055,415 wr)
==19549== D1  misses:        4,782,345  (  4,507,796 rd   +     274,549 wr)
==19549== LLd misses:          963,780  (    941,070 rd   +      22,710 wr)
==19549== D1  miss rate:           0.9% (        1.4%     +         0.2%  )
==19549== LLd miss rate:           0.2% (        0.3%     +         0.0%  )
==19549== 
==19549== LL refs:           4,782,631  (  4,508,082 rd   +     274,549 wr)
==19549== LL misses:           964,066  (    941,356 rd   +      22,710 wr)
==19549== LL miss rate:            0.1% (        0.1%     +         0.0%  )
