desc: I1 cache:         32768 B, 64 B, 8-way associative
desc: D1 cache:         49152 B, 64 B, 12-way associative
desc: LL cache:         6291456 B, 64 B, 12-way associative
cmd: /home/wang/sources/cxx/book/build/profile/book replay --workload data/syn_aggressive_s42.ops --version v3
events: Ir I1mr ILmr Dr D1mr DLmr Dw D1mw DLmw 
fl=./malloc/./malloc/arena.c
fn=free
153 54 0 0 0 0 0 0 0 0
fn=malloc
153 38 0 0 0 0 0 0 0 0
fl=./malloc/./malloc/malloc.c
fn=_int_free
1792 11 0 0 11 3 0 0 0 0
3163 14 1 1 7 0 0 7 0 0
3165 28 0 0 7 4 4 7 0 0
3166 7 0 0 0 0 0 7 0 0
3167 14 0 0 0 0 0 7 0 0
4495 126 1 1 0 0 0 72 2 0
4499 54 1 1 18 0 0 0 0 0
4505 72 0 0 0 0 0 0 0 0
4506 36 0 0 0 0 0 0 0 0
4510 90 0 0 0 0 0 0 0 0
4517 36 0 0 0 0 0 0 0 0
4518 108 1 1 54 3 0 0 0 0
4521 7 0 0 0 0 0 0 0 0
4527 21 0 0 14 1 1 0 0 0
4547 35 1 1 14 0 0 0 0 0
4550 7 0 0 0 0 0 0 0 0
4561 22 0 0 0 0 0 0 0 0
4637 22 0 0 11 0 0 0 0 0
4640 22 0 0 11 4 0 0 0 0
4643 22 1 1 0 0 0 0 0 0
4646 22 0 0 0 0 0 0 0 0
4658 97 1 1 79 0 0 0 0 0
fn=_int_free_maybe_consolidate
4770 121 1 1 11 3 0 77 0 0
4776 22 0 0 0 0 0 0 0 0
4778 8 0 0 2 0 0 0 0 0
4781 6 0 0 0 0 0 0 0 0
4784 10 2 2 6 2 0 0 0 0
4785 5 0 0 3 0 0 0 0 0
4798 117 1 1 96 0 0 0 0 0
fn=_int_free_merge_chunk
1992 33 0 0 11 0 0 0 0 0
4665 88 1 1 0 0 0 66 1 0
4666 11 0 0 0 0 0 0 0 0
4670 66 0 0 11 3 0 0 0 0
4673 44 1 1 11 3 0 0 0 0
4675 33 1 1 11 2 0 0 0 0
4678 33 0 0 11 1 0 0 0 0
4681 22 0 0 0 0 0 0 0 0
4682 22 0 0 0 0 0 0 0 0
4683 22 0 0 11 3 0 0 0 0
4689 22 1 1 11 0 0 0 0 0
4691 9 0 0 9 0 0 0 0 0
4692 9 0 0 0 0 0 0 0 0
4693 9 0 0 0 0 0 0 0 0
4694 36 0 0 9 4 0 0 0 0
4696 18 0 0 0 0 0 9 0 0
4701 33 0 0 0 0 0 0 0 0
4702 77 0 0 66 0 0 0 0 0
4714 22 0 0 11 0 0 0 0 0
4720 22 0 0 11 1 0 0 0 0
4721 2 1 1 0 0 0 1 0 0
4722 2 0 0 0 0 0 0 0 0
4724 10 0 0 10 0 0 0 0 0
4732 11 0 0 0 0 0 0 0 0
4733 44 1 1 11 0 0 0 0 0
4734 22 0 0 11 0 0 0 0 0
4736 11 0 0 0 0 0 11 0 0
4738 22 0 0 0 0 0 0 0 0
4740 33 1 1 0 0 0 11 0 0
4743 11 0 0 0 0 0 11 0 0
4744 11 0 0 0 0 0 11 0 0
4746 33 0 0 0 0 0 11 0 0
4747 11 0 0 0 0 0 11 0 0
fn=_int_malloc
1326 38 0 0 0 0 0 0 0 0
1345 114 0 0 0 0 0 0 0 0
1794 19 1 1 19 0 0 0 0 0
1985 6 0 0 2 0 0 0 0 0
2008 4 0 0 1 0 0 0 0 0
2552 6 1 1 2 2 2 2 1 0
2553 1 1 1 0 0 0 1 0 0
2564 2 1 1 1 1 1 0 0 0
2589 4 0 0 1 0 0 1 0 0
2590 2 0 0 0 0 0 1 0 0
2599 12 1 1 3 0 0 0 0 0
2605 3 0 0 2 0 0 0 0 0
2608 3 1 1 0 0 0 0 0 0
2669 3 1 1 1 0 0 1 0 0
2677 2 0 0 1 0 0 0 0 0
2678 3 0 0 1 0 0 1 0 0
2691 3 1 1 1 0 0 0 0 0
2693 1 0 0 1 0 0 0 0 0
2699 5 0 0 1 0 0 1 0 0
2707 2 0 0 0 0 0 0 0 0
2709 4 2 2 0 0 0 2 0 0
2710 3 0 0 1 0 0 0 0 0
2711 1 0 0 0 0 0 0 0 0
2712 1 0 0 0 0 0 0 0 0
2715 2 0 0 0 0 0 0 0 0
2744 7 1 1 3 0 0 0 0 0
2746 2 1 1 0 0 0 1 0 0
2752 8 0 0 1 0 0 0 0 0
2753 6 0 0 1 0 0 1 0 0
2921 3 1 1 2 0 0 0 0 0
2922 1 0 0 0 0 0 1 0 0
2926 1 0 0 1 0 0 0 0 0
2930 5 1 1 2 0 0 0 0 0
2932 1 0 0 0 0 0 0 0 0
2933 1 0 0 0 0 0 0 0 0
2934 1 0 0 0 0 0 1 0 0
2935 7 0 0 0 0 0 1 0 0
2936 2 0 0 0 0 0 1 1 1
2938 1 0 0 0 0 0 0 0 0
3846 209 2 2 19 2 1 133 1 1
3887 38 0 0 0 0 0 0 0 0
3914 38 0 0 0 0 0 0 0 0
3916 8 0 0 0 0 0 0 0 0
3919 2 0 0 2 1 1 0 0 0
3921 4 0 0 0 0 0 0 0 0
3930 6 2 2 0 0 0 0 0 0
3977 34 1 1 0 0 0 0 0 0
3979 28 0 0 0 0 0 0 0 0
3980 12 1 1 0 0 0 0 0 0
3982 18 0 0 6 6 6 0 0 0
4039 165 1 1 0 0 0 0 0 0
4040 39 0 0 13 1 0 0 0 0
4058 57 1 1 19 0 0 0 0 0
4059 57 0 0 0 0 0 19 1 1
4060 57 1 1 38 0 0 0 0 0
4069 20 0 0 0 0 0 10 0 0
4070 132 1 1 30 2 1 19 0 0
4072 11 0 0 11 1 0 0 0 0
4073 22 0 0 11 2 0 0 0 0
4074 11 0 0 0 0 0 0 0 0
4076 22 0 0 0 0 0 0 0 0
4077 33 1 1 11 1 0 0 0 0
4079 11 0 0 11 1 0 0 0 0
4080 44 0 0 0 0 0 0 0 0
4082 44 0 0 11 0 0 0 0 0
4084 22 1 1 11 0 0 0 0 0
4085 22 0 0 11 0 0 0 0 0
4087 22 0 0 0 0 0 0 0 0
4098 44 0 0 0 0 0 0 0 0
4127 11 0 0 0 0 0 11 0 0
4128 11 0 0 0 0 0 11 0 0
4132 22 0 0 0 0 0 0 0 0
4161 23 2 2 0 0 0 0 0 0
4163 2 0 0 0 0 0 1 0 0
4164 4 0 0 0 0 0 0 0 0
4165 1 0 0 1 0 0 0 0 0
4169 155 4 4 0 0 0 10 0 0
4170 30 1 1 0 0 0 0 0 0
4171 10 0 0 10 5 2 0 0 0
4174 20 0 0 0 0 0 0 0 0
4218 40 0 0 0 0 0 10 1 0
4221 77 2 2 22 3 0 0 0 0
4222 11 0 0 0 0 0 11 0 0
4223 11 0 0 0 0 0 11 0 0
4224 11 0 0 0 0 0 11 0 0
4225 11 0 0 0 0 0 11 0 0
4230 22 0 0 22 0 0 0 0 0
4231 22 0 0 0 0 0 0 0 0
4240 44 1 1 22 0 0 0 0 0
4246 20 0 0 0 0 0 0 0 0
4257 57 1 1 0 0 0 0 0 0
4259 52 0 0 0 0 0 0 0 0
4262 39 0 0 13 7 6 0 0 0
4263 20 1 1 1 0 0 0 0 0
4266 1 0 0 1 0 0 0 0 0
4267 6 0 0 1 0 0 0 0 0
4273 2 1 1 1 0 0 0 0 0
4278 3 0 0 0 0 0 1 0 0
4279 3 0 0 0 0 0 2 0 0
4282 4 0 0 2 0 0 0 0 0
4291 1 0 0 0 0 0 0 0 0
4295 4 1 1 1 0 0 0 0 0
4296 2 0 0 1 0 0 0 0 0
4299 1 0 0 0 0 0 1 0 0
4300 1 0 0 0 0 0 1 0 0
4301 1 0 0 0 0 0 1 0 0
4302 2 0 0 0 0 0 0 0 0
4307 8 1 1 0 0 0 1 0 0
4309 3 0 0 0 0 0 1 0 0
4310 1 0 0 0 0 0 1 0 0
4313 1 0 0 0 0 0 0 0 0
4330 18 0 0 0 0 0 0 0 0
4331 36 0 0 0 0 0 0 0 0
4332 36 0 0 0 0 0 0 0 0
4333 36 0 0 18 1 1 0 0 0
4334 108 0 0 0 0 0 0 0 0
4339 70 1 1 0 0 0 0 0 0
4343 95 1 1 0 0 0 0 0 0
4346 68 1 1 17 0 0 0 0 0
4353 6 0 0 0 0 0 0 0 0
4355 1 0 0 0 0 0 0 0 0
4357 2 0 0 0 0 0 0 0 0
4361 2 0 0 2 0 0 0 0 0
4364 4 0 0 0 0 0 0 0 0
4373 8 1 1 2 0 0 0 0 0
4376 4 0 0 0 0 0 0 0 0
4378 6 1 1 0 0 0 2 0 0
4381 6 0 0 0 0 0 4 1 0
4384 8 0 0 4 0 0 0 0 0
4394 2 0 0 0 0 0 0 0 0
4399 8 0 0 2 0 0 0 0 0
4400 4 1 1 2 0 0 0 0 0
4403 2 0 0 0 0 0 2 1 0
4404 2 0 0 0 0 0 2 0 0
4405 2 0 0 0 0 0 2 0 0
4408 4 0 0 0 0 0 0 0 0
4410 4 0 0 0 0 0 0 0 0
4412 4 0 0 0 0 0 2 0 0
4415 16 1 1 0 0 0 2 0 0
4417 6 0 0 0 0 0 2 1 0
4418 2 0 0 0 0 0 2 0 0
4421 2 0 0 0 0 0 0 0 0
4443 16 1 1 16 0 0 0 0 0
4444 32 0 0 16 0 0 0 0 0
4446 32 0 0 16 1 1 0 0 0
4449 48 0 0 0 0 0 0 0 0
4451 15 0 0 0 0 0 0 0 0
4452 30 1 1 0 0 0 0 0 0
4453 15 0 0 0 0 0 15 0 0
4454 120 1 1 0 0 0 15 0 0
4456 30 0 0 0 0 0 15 15 15
4459 32 0 0 0 0 0 0 0 0
4460 51 0 0 0 0 0 17 2 1
4461 17 0 0 0 0 0 0 0 0
4466 4 0 0 1 0 0 1 0 0
4482 1 0 0 0 0 0 0 0 0
4487 228 2 2 171 0 0 0 0 0
fn=alloc_perturb
1985 51 1 1 17 0 0 0 0 0
1987 17 0 0 17 0 0 0 0 0
fn=free
3359 126 2 2 0 0 0 72 0 0
3363 36 0 0 0 0 0 0 0 0
3371 36 0 0 36 10 2 0 0 0
3373 18 0 0 0 0 0 0 0 0
3375 54 0 0 18 5 1 0 0 0
3392 54 0 0 36 6 0 0 0 0
3398 54 1 1 0 0 0 18 1 0
3401 18 0 0 0 0 0 18 0 0
3402 108 0 0 90 0 0 0 0 0
fn=malloc
1326 40 0 0 0 0 0 0 0 0
1345 100 1 1 0 0 0 0 0 0
3178 2 0 0 1 0 0 0 0 0
3182 2 0 0 0 0 0 0 0 0
3186 4 0 0 1 1 1 1 0 0
3190 2 0 0 0 0 0 1 0 0
3191 1 0 0 0 0 0 1 0 0
3294 160 1 1 0 0 0 80 1 1
3301 40 0 0 20 3 1 0 0 0
3311 40 0 0 0 0 0 0 0 0
3313 80 0 0 40 4 2 0 0 0
3316 40 0 0 20 2 1 0 0 0
3318 21 1 1 7 3 3 0 0 0
3326 38 1 1 19 3 1 0 0 0
3328 76 1 1 0 0 0 19 1 0
3329 95 1 1 19 0 0 0 0 0
3354 120 1 1 100 0 0 0 0 0
fn=systrim.constprop.0
2957 6 1 1 0 0 0 4 0 0
2966 3 0 0 2 0 0 0 0 0
2968 1 0 0 0 0 0 0 0 0
2969 2 0 0 0 0 0 0 0 0
2970 1 0 0 0 0 0 0 0 0
2974 3 0 0 1 0 0 0 0 0
2975 1 0 0 0 0 0 0 0 0
2978 5 1 1 2 2 0 0 0 0
2980 2 0 0 0 0 0 0 0 0
3020 6 0 0 5 0 0 0 0 0
fn=unlink_chunk.isra.0
1608 26 1 1 0 0 0 13 0 0
1610 65 0 0 26 0 0 0 0 0
1613 26 0 0 26 2 0 0 0 0
1614 26 0 0 13 0 0 0 0 0
1616 52 1 1 26 3 0 0 0 0
1619 13 0 0 0 0 0 13 0 0
1620 13 0 0 0 0 0 13 0 0
1621 62 0 0 12 2 0 0 0 0
1623 20 0 0 10 0 0 0 0 0
1624 30 0 0 20 0 0 0 0 0
1627 20 0 0 10 2 2 0 0 0
1641 10 0 0 0 0 0 10 0 0
1642 10 1 1 0 0 0 10 0 0
1645 26 0 0 26 0 0 0 0 0
fl=./malloc/./malloc/morecore.c
fn=__glibc_morecore
25 3 1 1 0 0 0 1 0 0
26 2 0 0 1 0 0 0 0 0
29 1 0 0 0 0 0 1 0 0
30 2 0 0 0 0 0 0 0 0
34 2 0 0 2 0 0 0 0 0
fl=./misc/../sysdeps/unix/sysv/linux/brk.c
fn=brk
36 1 1 1 0 0 0 0 0 0
37 2 0 0 1 0 0 1 0 0
38 2 0 0 0 0 0 0 0 0
44 1 0 0 0 0 0 0 0 0
45 1 0 0 1 0 0 0 0 0
fl=./misc/../sysdeps/unix/sysv/linux/brk_call.h
fn=brk
24 2 0 0 0 0 0 0 0 0
fl=./misc/./misc/sbrk.c
fn=sbrk
37 8 1 1 0 0 0 4 1 1
40 2 0 0 2 2 2 0 0 0
43 2 1 1 1 1 1 0 0 0
58 2 0 0 0 0 0 0 0 0
62 2 0 0 0 0 0 0 0 0
66 4 1 1 0 0 0 0 0 0
74 3 1 1 0 0 0 1 0 0
78 7 0 0 5 0 0 0 0 0
fl=./string/../sysdeps/x86_64/multiarch/memmove-vec-unaligned-erms.S
fn=__memcpy_avx_unaligned_erms
255 12 1 1 0 0 0 0 0 0
256 12 0 0 0 0 0 0 0 0
262 12 0 0 0 0 0 0 0 0
263 12 0 0 0 0 0 0 0 0
265 10 0 0 10 1 0 0 0 0
266 10 0 0 0 0 0 0 0 0
267 10 0 0 0 0 0 0 0 0
270 1 0 0 1 0 0 0 0 0
271 1 0 0 0 0 0 1 0 0
272 1 0 0 0 0 0 1 0 0
275 2 0 0 1 0 0 0 0 0
305 2 0 0 0 0 0 0 0 0
306 2 0 0 0 0 0 0 0 0
308 1 0 0 0 0 0 0 0 0
309 1 0 0 0 0 0 0 0 0
311 1 0 0 0 0 0 0 0 0
315 1 0 0 0 0 0 0 0 0
316 1 1 1 0 0 0 0 0 0
317 1 0 0 0 0 0 0 0 0
325 1 0 0 1 0 0 0 0 0
342 1 0 0 1 0 0 0 0 0
343 1 0 0 1 0 0 0 0 0
344 1 0 0 0 0 0 1 0 0
345 1 0 0 0 0 0 1 0 0
347 1 0 0 1 0 0 0 0 0
375 1 1 1 1 0 0 0 0 0
376 1 0 0 1 0 0 0 0 0
377 1 0 0 0 0 0 1 1 1
378 1 0 0 0 0 0 1 0 0
379 1 0 0 0 0 0 1 0 0
380 1 0 0 0 0 0 1 0 0
381 2 0 0 1 0 0 0 0 0
386 9 1 1 9 3 1 0 0 0
387 9 0 0 0 0 0 0 0 0
392 7 0 0 0 0 0 0 0 0
393 7 0 0 0 0 0 0 0 0
395 2 0 0 2 0 0 0 0 0
396 2 0 0 0 0 0 0 0 0
397 2 0 0 0 0 0 0 0 0
399 1 0 0 1 0 0 0 0 0
400 1 0 0 1 0 0 0 0 0
401 1 0 0 1 0 0 0 0 0
402 1 0 0 1 0 0 0 0 0
403 1 0 0 1 0 0 0 0 0
404 1 1 1 1 0 0 0 0 0
405 1 0 0 0 0 0 1 0 0
406 1 0 0 0 0 0 1 1 1
407 1 0 0 0 0 0 1 0 0
408 1 0 0 0 0 0 1 1 1
409 1 0 0 0 0 0 1 0 0
410 1 0 0 0 0 0 1 0 0
411 1 0 0 0 0 0 1 0 0
412 1 0 0 0 0 0 1 0 0
413 2 0 0 1 0 0 0 0 0
417 5 0 0 0 0 0 0 0 0
418 5 0 0 0 0 0 0 0 0
422 5 0 0 0 0 0 0 0 0
424 5 1 1 0 0 0 0 0 0
428 5 0 0 5 1 1 0 0 0
429 5 0 0 0 0 0 0 0 0
440 5 0 0 0 0 0 0 0 0
443 5 0 0 0 0 0 0 0 0
445 5 0 0 0 0 0 0 0 0
447 5 0 0 0 0 0 0 0 0
451 5 0 0 0 0 0 0 0 0
452 5 0 0 0 0 0 0 0 0
461 5 0 0 5 0 0 0 0 0
462 5 0 0 5 0 0 0 0 0
464 5 0 0 0 0 0 0 0 0
466 5 0 0 0 0 0 0 0 0
467 5 1 1 5 0 0 0 0 0
468 5 0 0 5 0 0 0 0 0
471 5 0 0 0 0 0 0 0 0
473 5 0 0 0 0 0 0 0 0
475 5 0 0 0 0 0 0 0 0
477 10 0 0 0 0 0 0 0 0
483 88 0 0 88 0 0 0 0 0
484 88 0 0 88 0 0 0 0 0
485 88 0 0 88 0 0 0 0 0
486 88 0 0 88 1 0 0 0 0
487 88 0 0 0 0 0 0 0 0
488 88 0 0 0 0 0 88 14 14
489 88 0 0 0 0 0 88 6 5
490 88 1 1 0 0 0 88 13 13
491 88 0 0 0 0 0 88 8 6
492 88 0 0 0 0 0 0 0 0
493 88 0 0 0 0 0 0 0 0
494 88 0 0 0 0 0 0 0 0
496 5 0 0 0 0 0 5 1 1
497 5 0 0 0 0 0 5 2 2
498 5 0 0 0 0 0 5 0 0
499 5 0 0 0 0 0 5 0 0
501 5 0 0 0 0 0 5 0 0
505 10 0 0 5 0 0 0 0 0
563 2 1 1 2 1 0 0 0 0
570 2 0 0 0 0 0 0 0 0
571 2 0 0 0 0 0 0 0 0
601 2 1 1 0 0 0 0 0 0
602 2 0 0 0 0 0 0 0 0
606 2 0 0 0 0 0 0 0 0
608 2 0 0 0 0 0 0 0 0
611 2 0 0 0 0 0 0 0 0
615 2 0 0 2 2 0 0 0 0
616 2 0 0 0 0 0 0 0 0
620 2 0 0 2 0 0 0 0 0
624 2 0 0 0 0 0 0 0 0
648 2 0 0 0 0 0 0 0 0
650 2 0 0 0 0 0 0 0 0
652 2 0 0 0 0 0 0 0 0
654 2 1 1 0 0 0 0 0 0
657 2 0 0 0 0 0 0 0 0
658 2 0 0 0 0 0 0 0 0
660 36818 0 0 36816 521 0 36816 573 197
663 2 0 0 0 0 0 2 1 0
665 2 0 0 0 0 0 2 0 0
667 4 0 0 2 1 0 0 0 0
fl=./string/../sysdeps/x86_64/multiarch/memset-vec-unaligned-erms.S
fn=__memset_avx2_unaligned_erms
158 8 1 1 0 0 0 0 0 0
159 16 0 0 0 0 0 0 0 0
164 8 0 0 0 0 0 0 0 0
165 8 0 0 0 0 0 0 0 0
166 8 0 0 0 0 0 0 0 0
167 8 0 0 0 0 0 0 0 0
168 8 0 0 0 0 0 0 0 0
170 2 0 0 0 0 0 2 2 2
171 2 0 0 0 0 0 2 0 0
172 4 0 0 2 0 0 0 0 0
181 1 0 0 0 0 0 1 1 1
182 1 0 0 0 0 0 1 0 0
184 2 0 0 1 0 0 0 0 0
237 6 1 1 6 2 0 0 0 0
238 6 0 0 0 0 0 0 0 0
244 5 0 0 0 0 0 5 5 5
245 5 0 0 0 0 0 5 3 3
257 5 0 0 0 0 0 0 0 0
260 5 0 0 0 0 0 0 0 0
261 5 0 0 0 0 0 0 0 0
273 4 0 0 0 0 0 4 1 1
274 4 0 0 0 0 0 4 3 3
287 4 0 0 0 0 0 0 0 0
288 4 0 0 0 0 0 0 0 0
290 4 0 0 0 0 0 0 0 0
293 3 0 0 0 0 0 0 0 0
296 3 0 0 0 0 0 0 0 0
299 24 0 0 0 0 0 24 14 14
300 24 0 0 0 0 0 24 9 9
301 24 0 0 0 0 0 24 15 15
302 24 0 0 0 0 0 24 9 9
303 24 0 0 0 0 0 0 0 0
304 24 0 0 0 0 0 0 0 0
305 27 0 0 0 0 0 0 0 0
308 4 1 1 0 0 0 4 0 0
309 4 0 0 0 0 0 4 2 2
310 4 0 0 0 0 0 4 0 0
311 4 0 0 0 0 0 4 1 1
314 8 0 0 4 0 0 0 0 0
325 1 1 1 0 0 0 0 0 0
326 1 0 0 0 0 0 0 0 0
327 1 0 0 0 0 0 0 0 0
328 4097 0 0 0 0 0 4096 65 65
329 1 0 0 0 0 0 0 0 0
330 2 0 0 1 0 0 0 0 0
fl=/home/wang/git-repositories/vcpkg/installed/x64-linux-clang-libcxx/include/boost/container_hash/hash.hpp
fn=unsigned int lob::v3::BookT<lob::ChecksumSink, 16u>::match<(lob::Side)0>(unsigned long, long, unsigned int)
538 82521 0 0 82521 0 0 0 0 0
fn=unsigned int lob::v3::BookT<lob::ChecksumSink, 16u>::match<(lob::Side)1>(unsigned long, long, unsigned int)
538 81679 0 0 81679 0 0 0 0 0
fl=/home/wang/git-repositories/vcpkg/installed/x64-linux-clang-libcxx/include/boost/unordered/detail/foa/core.hpp
fn=(anonymous namespace)::cmd_replay((anonymous namespace)::Args const&)
0 2798069 2 2 930506 0 0 0 0 0
271 1862120 0 0 0 0 0 0 0 0
272 1239095 1 1 0 0 0 0 0 0
279 2466196 0 0 1233098 1 1 0 0 0
336 931060 0 0 931060 2708 28 0 0 0
404 604076 1 1 0 0 0 0 0 0
849 6513542 2 2 2791518 38 19 0 0 0
881 554 0 0 0 0 0 0 0 0
882 1662 0 0 0 0 0 0 0 0
883 554 0 0 0 0 0 0 0 0
927 618938 0 0 0 0 0 0 0 0
1727 1862120 0 0 0 0 0 0 0 0
1729 931060 0 0 0 0 0 0 0 0
1732 616070 0 0 0 0 0 0 0 0
1733 308035 0 0 0 0 0 0 0 0
1737 922408 0 0 0 0 0 0 0 0
1743 14862 0 0 0 0 0 0 0 0
1745 629022 0 0 0 0 0 0 0 0
1750 554 0 0 0 0 0 0 0 0
1955 930506 0 0 930506 1 1 0 0 0
2266 2114266 0 0 604076 0 0 302038 0 0
fn=_ZN5boost9unordered6detail3foa10table_coreINS2_14flat_map_typesImN3lob2v35BookTINS5_12ChecksumSinkELj16EE3LocEEENS2_7group15INS2_14plain_integralEEENS2_12table_arraysENS2_18plain_size_controlENS_4hashImEENSt3__18equal_toImEENSJ_9allocatorINSJ_4pairIKmSA_EEEEE22for_all_elements_whileIZNSR_22for_all_elements_whileIZNSR_16for_all_elementsIZNSR_16unchecked_rehashERNSF_ISP_SE_NS2_16pow2_size_policyESQ_EEEUlPSP_E_EEDTcmclfL1p0_LDnEEcvv_EERKSW_T_EUlSY_E_EES10_S12_S13_EUlPSE_jSY_E_EEDTcmclfp0_LDnELi0ELDnEEcvv_EES12_S13_
0 3442 0 0 3372 2 0 42 0 0
296 7168 0 0 3584 78 0 0 0 0
297 3330 0 0 0 0 0 0 0 0
313 254 0 0 0 0 0 0 0 0
389 6660 0 0 3330 0 0 0 0 0
849 3330 0 0 0 0 0 0 0 0
927 9990 1 1 0 0 0 0 0 0
1033 8 1 1 8 0 0 0 0 0
1034 7 0 0 7 0 0 0 0 0
1955 3330 0 0 3330 0 0 0 0 0
1961 1524 1 1 0 0 0 0 0 0
2032 3330 0 0 3330 0 0 0 0 0
2063 16 0 0 0 0 0 0 0 0
2064 275 1 1 7 0 0 0 0 0
2065 508 0 0 0 0 0 0 0 0
2067 7422 0 0 0 0 0 0 0 0
2069 6660 0 0 0 0 0 0 0 0
2075 16 1 1 8 0 0 0 0 0
2292 6660 1 1 6660 0 0 0 0 0
2350 3330 0 0 3330 0 0 0 0 0
2373 13320 0 0 0 0 0 0 0 0
2375 3330 0 0 0 0 0 0 0 0
2377 13320 1 1 3330 0 0 0 0 0
fn=boost::unordered::detail::foa::table_core<boost::unordered::detail::foa::flat_map_types<unsigned long, lob::v3::BookT<lob::ChecksumSink, 16u>::Loc>, boost::unordered::detail::foa::group15<boost::unordered::detail::foa::plain_integral>, boost::unordered::detail::foa::table_arrays, boost::unordered::detail::foa::plain_size_control, boost::hash<unsigned long>, std::__1::equal_to<unsigned long>, std::__1::allocator<std::__1::pair<unsigned long const, lob::v3::BookT<lob::ChecksumSink, 16u>::Loc> > >::unchecked_rehash(boost::unordered::detail::foa::table_arrays<std::__1::pair<unsigned long const, lob::v3::BookT<lob::ChecksumSink, 16u>::Loc>, boost::unordered::detail::foa::group15<boost::unordered::detail::foa::plain_integral>, boost::unordered::detail::foa::pow2_size_policy, std::__1::allocator<std::__1::pair<unsigned long const, lob::v3::BookT<lob::ChecksumSink, 16u>::Loc> > >&)
0 32 0 0 0 0 0 8 0 0
1033 16 0 0 16 2 0 0 0 0
1096 16 1 1 0 0 0 0 0 0
1108 14 0 0 7 0 0 0 0 0
1563 96 2 2 16 3 0 0 0 0
1811 40 0 0 8 0 0 0 0 0
2025 40 0 0 0 0 0 24 0 0
2054 8 0 0 0 0 0 8 0 0
2288 40 1 1 0 0 0 16 0 0
2289 8 0 0 0 0 0 8 0 0
2320 16 0 0 8 0 0 8 0 0
2321 8 0 0 0 0 0 8 0 0
2322 40 0 0 24 0 0 0 0 0
fn=boost::unordered::detail::foa::table_locator<boost::unordered::detail::foa::group15<boost::unordered::detail::foa::plain_integral>, std::__1::pair<unsigned long const, lob::v3::BookT<lob::ChecksumSink, 16u>::Loc> > boost::unordered::detail::foa::table_core<boost::unordered::detail::foa::flat_map_types<unsigned long, lob::v3::BookT<lob::ChecksumSink, 16u>::Loc>, boost::unordered::detail::foa::group15<boost::unordered::detail::foa::plain_integral>, boost::unordered::detail::foa::table_arrays, boost::unordered::detail::foa::plain_size_control, boost::hash<unsigned long>, std::__1::equal_to<unsigned long>, std::__1::allocator<std::__1::pair<unsigned long const, lob::v3::BookT<lob::ChecksumSink, 16u>::Loc> > >::unchecked_emplace_with_rehash<boost::unordered::detail::foa::try_emplace_args_t, unsigned long&, lob::v3::BookT<lob::ChecksumSink, 16u>::Loc>(unsigned long, boost::unordered::detail::foa::try_emplace_args_t&&, unsigned long&, lob::v3::BookT<lob::ChecksumSink, 16u>::Loc&&)
0 144 1 1 24 0 0 8 0 0
296 16 0 0 8 0 0 0 0 0
297 16 0 0 0 0 0 0 0 0
389 24 0 0 8 0 0 0 0 0
837 32 0 0 0 0 0 0 0 0
842 16 1 1 0 0 0 0 0 0
849 8 0 0 0 0 0 0 0 0
859 16 0 0 0 0 0 0 0 0
927 16 1 1 0 0 0 0 0 0
1031 32 0 0 0 0 0 32 1 0
1051 16 0 0 0 0 0 8 0 0
1057 32 1 1 0 0 0 0 0 0
1058 24 0 0 0 0 0 0 0 0
1059 8 0 0 0 0 0 0 0 0
1066 8 0 0 0 0 0 0 0 0
1073 16 0 0 0 0 0 0 0 0
1085 8 0 0 0 0 0 0 0 0
1108 8 0 0 0 0 0 0 0 0
1125 24 0 0 0 0 0 8 0 0
1126 8 0 0 0 0 0 0 0 0
1689 8 0 0 8 0 0 0 0 0
1983 80 1 1 0 0 0 48 0 0
1988 32 0 0 0 0 0 24 0 0
1999 16 0 0 0 0 0 8 0 0
2000 8 0 0 8 0 0 0 0 0
2002 72 0 0 56 2 0 0 0 0
2132 144 2 2 16 4 1 0 0 0
2373 16 0 0 0 0 0 0 0 0
2375 8 0 0 0 0 0 0 0 0
2377 40 0 0 0 0 0 0 0 0
fn=lob::v3::BookT<lob::ChecksumSink, 16u>::erase(boost::unordered::detail::foa::table_iterator<boost::unordered::detail::foa::flat_map_types<unsigned long, lob::v3::BookT<lob::ChecksumSink, 16u>::Loc>, boost::unordered::detail::foa::group15<boost::unordered::detail::foa::plain_integral>*, false>)
279 110860 0 0 55430 0 0 0 0 0
404 55430 0 0 0 0 0 0 0 0
2266 194005 0 0 55430 0 0 27715 0 0
fn=lob::v3::BookT<lob::ChecksumSink, 16u>::modify(unsigned long, long, unsigned int)
0 418232 1 1 69811 0 0 0 0 0
271 138988 0 0 0 0 0 0 0 0
272 138988 0 0 0 0 0 0 0 0
336 69494 0 0 69494 63 0 0 0 0
849 486458 0 0 208482 2 0 0 0 0
927 139622 0 0 0 0 0 0 0 0
1727 138988 1 1 0 0 0 0 0 0
1729 69494 0 0 0 0 0 0 0 0
1732 138988 0 0 0 0 0 0 0 0
1733 138988 0 0 0 0 0 69494 0 0
1737 209433 0 0 0 0 0 0 0 0
1743 634 0 0 0 0 0 0 0 0
1955 69494 1 1 69494 0 0 0 0 0
fn=lob::v3::BookT<lob::ChecksumSink, 16u>::rest(unsigned long, lob::Side, long, unsigned int)
0 7513773 4 4 2985423 1 0 9472 0 0
271 991238 0 0 0 0 0 0 0 0
272 500354 0 0 0 0 0 0 0 0
279 991238 1 1 495619 1 0 0 0 0
296 990404 0 0 495202 0 0 0 0 0
297 990400 1 1 0 0 0 0 0 0
336 495619 0 0 495619 1 0 0 0 0
849 495206 0 0 0 0 0 0 0 0
881 413 0 0 0 0 0 0 0 0
882 1247 0 0 0 0 0 0 0 0
883 413 0 0 0 0 0 0 0 0
927 999870 0 0 0 0 0 0 0 0
1727 991238 0 0 0 0 0 0 0 0
1729 495619 0 0 0 0 0 0 0 0
1732 9470 0 0 0 0 0 0 0 0
1733 4735 0 0 0 0 0 0 0 0
1737 9474 0 0 0 0 0 0 0 0
1743 9474 0 0 0 0 0 0 0 0
1745 495619 0 0 0 0 0 0 0 0
1750 413 0 0 0 0 0 0 0 0
1955 495206 0 0 495206 1 0 0 0 0
1970 495198 0 0 495198 0 0 0 0 0
2373 1980808 0 0 0 0 0 0 0 0
2375 495210 0 0 0 0 0 0 0 0
2377 1980792 0 0 0 0 0 0 0 0
fn=unsigned int lob::v3::BookT<lob::ChecksumSink, 16u>::match<(lob::Side)0>(unsigned long, long, unsigned int)
0 330089 0 0 82524 0 0 82522 0 0
271 165044 0 0 0 0 0 0 0 0
272 165043 0 0 0 0 0 0 0 0
279 330086 0 0 165043 0 0 0 0 0
336 82522 0 0 82522 70 0 0 0 0
404 82521 0 0 0 0 0 0 0 0
849 660168 0 0 247563 1 1 82521 0 0
881 1 0 0 0 0 0 0 0 0
882 3 0 0 0 0 0 0 0 0
883 1 0 0 0 0 0 0 0 0
927 165970 0 0 0 0 0 0 0 0
1727 165044 1 1 0 0 0 0 0 0
1729 82522 0 0 0 0 0 0 0 0
1732 165042 0 0 0 0 0 0 0 0
1733 82521 0 0 0 0 0 0 0 0
1737 248955 1 1 0 0 0 0 0 0
1743 928 0 0 0 0 0 0 0 0
1745 1 0 0 0 0 0 0 0 0
1750 1 0 0 0 0 0 0 0 0
2266 577647 0 0 82521 0 0 82521 0 0
fn=unsigned int lob::v3::BookT<lob::ChecksumSink, 16u>::match<(lob::Side)1>(unsigned long, long, unsigned int)
0 326716 0 0 81679 0 0 81679 0 0
271 163358 1 1 0 0 0 0 0 0
272 163358 0 0 0 0 0 0 0 0
279 326716 0 0 163358 0 0 0 0 0
336 81679 0 0 81679 75 1 0 0 0
404 81679 0 0 0 0 0 0 0 0
849 653432 1 1 245037 0 0 81679 0 0
927 164246 0 0 0 0 0 0 0 0
1727 163358 0 0 0 0 0 0 0 0
1729 81679 0 0 0 0 0 0 0 0
1732 163358 0 0 0 0 0 0 0 0
1733 81679 0 0 0 0 0 0 0 0
1737 246369 0 0 0 0 0 0 0 0
1743 888 0 0 0 0 0 0 0 0
2266 571753 1 1 81679 0 0 81679 0 0
fl=/home/wang/git-repositories/vcpkg/installed/x64-linux-clang-libcxx/include/boost/unordered/detail/foa/table.hpp
fn=(anonymous namespace)::cmd_replay((anonymous namespace)::Args const&)
40 302038 0 0 0 0 0 302038 0 0
fn=_ZN5boost9unordered6detail3foa10table_coreINS2_14flat_map_typesImN3lob2v35BookTINS5_12ChecksumSinkELj16EE3LocEEENS2_7group15INS2_14plain_integralEEENS2_12table_arraysENS2_18plain_size_controlENS_4hashImEENSt3__18equal_toImEENSJ_9allocatorINSJ_4pairIKmSA_EEEEE22for_all_elements_whileIZNSR_22for_all_elements_whileIZNSR_16for_all_elementsIZNSR_16unchecked_rehashERNSF_ISP_SE_NS2_16pow2_size_policyESQ_EEEUlPSP_E_EEDTcmclfL1p0_LDnEEcvv_EERKSW_T_EUlSY_E_EES10_S12_S13_EUlPSE_jSY_E_EEDTcmclfp0_LDnELi0ELDnEEcvv_EES12_S13_
40 3330 0 0 0 0 0 3330 0 0
fn=boost::unordered::detail::foa::table_locator<boost::unordered::detail::foa::group15<boost::unordered::detail::foa::plain_integral>, std::__1::pair<unsigned long const, lob::v3::BookT<lob::ChecksumSink, 16u>::Loc> > boost::unordered::detail::foa::table_core<boost::unordered::detail::foa::flat_map_types<unsigned long, lob::v3::BookT<lob::ChecksumSink, 16u>::Loc>, boost::unordered::detail::foa::group15<boost::unordered::detail::foa::plain_integral>, boost::unordered::detail::foa::table_arrays, boost::unordered::detail::foa::plain_size_control, boost::hash<unsigned long>, std::__1::equal_to<unsigned long>, std::__1::allocator<std::__1::pair<unsigned long const, lob::v3::BookT<lob::ChecksumSink, 16u>::Loc> > >::unchecked_emplace_with_rehash<boost::unordered::detail::foa::try_emplace_args_t, unsigned long&, lob::v3::BookT<lob::ChecksumSink, 16u>::Loc>(unsigned long, boost::unordered::detail::foa::try_emplace_args_t&&, unsigned long&, lob::v3::BookT<lob::ChecksumSink, 16u>::Loc&&)
0 24 1 1 8 0 0 8 0 0
40 16 1 1 0 0 0 16 0 0
fn=lob::v3::BookT<lob::ChecksumSink, 16u>::erase(boost::unordered::detail::foa::table_iterator<boost::unordered::detail::foa::flat_map_types<unsigned long, lob::v3::BookT<lob::ChecksumSink, 16u>::Loc>, boost::unordered::detail::foa::group15<boost::unordered::detail::foa::plain_integral>*, false>)
40 27715 0 0 0 0 0 27715 0 0
fn=lob::v3::BookT<lob::ChecksumSink, 16u>::rest(unsigned long, lob::Side, long, unsigned int)
0 16 0 0 8 0 0 0 0 0
40 495198 0 0 0 0 0 495198 0 0
46 4 0 0 4 0 0 0 0 0
640 1485618 0 0 990412 0 0 0 0 0
650 24 0 0 0 0 0 8 0 0
fn=unsigned int lob::v3::BookT<lob::ChecksumSink, 16u>::match<(lob::Side)0>(unsigned long, long, unsigned int)
0 82521 0 0 82521 0 0 0 0 0
40 82521 1 1 0 0 0 82521 0 0
140 82521 1 1 0 0 0 0 0 0
fn=unsigned int lob::v3::BookT<lob::ChecksumSink, 16u>::match<(lob::Side)1>(unsigned long, long, unsigned int)
0 81679 0 0 81679 0 0 0 0 0
40 81679 0 0 0 0 0 81679 0 0
140 81679 1 1 0 0 0 0 0 0
fl=/home/wang/git-repositories/vcpkg/installed/x64-linux-clang-libcxx/include/boost/unordered/detail/mulx.hpp
fn=(anonymous namespace)::cmd_replay((anonymous namespace)::Args const&)
45 2791518 1 1 0 0 0 0 0 0
46 930506 0 0 0 0 0 0 0 0
fn=_ZN5boost9unordered6detail3foa10table_coreINS2_14flat_map_typesImN3lob2v35BookTINS5_12ChecksumSinkELj16EE3LocEEENS2_7group15INS2_14plain_integralEEENS2_12table_arraysENS2_18plain_size_controlENS_4hashImEENSt3__18equal_toImEENSJ_9allocatorINSJ_4pairIKmSA_EEEEE22for_all_elements_whileIZNSR_22for_all_elements_whileIZNSR_16for_all_elementsIZNSR_16unchecked_rehashERNSF_ISP_SE_NS2_16pow2_size_policyESQ_EEEUlPSP_E_EEDTcmclfL1p0_LDnEEcvv_EERKSW_T_EUlSY_E_EES10_S12_S13_EUlPSE_jSY_E_EEDTcmclfp0_LDnELi0ELDnEEcvv_EES12_S13_
45 3330 0 0 3330 222 0 0 0 0
46 3330 0 0 0 0 0 0 0 0
fn=lob::v3::BookT<lob::ChecksumSink, 16u>::modify(unsigned long, long, unsigned int)
45 138988 0 0 0 0 0 0 0 0
46 69494 0 0 0 0 0 0 0 0
fn=lob::v3::BookT<lob::ChecksumSink, 16u>::rest(unsigned long, lob::Side, long, unsigned int)
45 990412 0 0 0 0 0 0 0 0
46 495206 0 0 0 0 0 0 0 0
fn=unsigned int lob::v3::BookT<lob::ChecksumSink, 16u>::match<(lob::Side)0>(unsigned long, long, unsigned int)
0 82521 1 1 82521 0 0 0 0 0
45 82521 0 0 0 0 0 0 0 0
46 82521 0 0 0 0 0 0 0 0
fn=unsigned int lob::v3::BookT<lob::ChecksumSink, 16u>::match<(lob::Side)1>(unsigned long, long, unsigned int)
0 81679 0 0 81679 0 0 0 0 0
45 81679 0 0 0 0 0 0 0 0
46 81679 0 0 0 0 0 0 0 0
fl=/home/wang/sources/cxx/book/include/lob/events.hpp
fn=(anonymous namespace)::cmd_replay((anonymous namespace)::Args const&)
0 2114266 0 0 0 0 0 302038 0 0
92 302038 0 0 302038 0 0 0 0 0
93 604076 0 0 302038 0 0 0 0 0
fn=lob::v3::BookT<lob::ChecksumSink, 16u>::modify(unsigned long, long, unsigned int)
0 69494 1 1 69494 0 0 0 0 0
92 27715 0 0 27715 0 0 0 0 0
93 639510 0 0 69494 0 0 69494 0 0
fn=lob::v3::BookT<lob::ChecksumSink, 16u>::rest(unsigned long, lob::Side, long, unsigned int)
81 495206 0 0 0 0 0 0 0 0
92 495206 0 0 495206 0 0 0 0 0
93 6437678 1 1 1485618 3 0 495206 0 0
fn=unsigned int lob::v3::BookT<lob::ChecksumSink, 16u>::match<(lob::Side)0>(unsigned long, long, unsigned int)
92 449529 1 1 149843 0 0 149843 0 0
93 1798116 0 0 299686 3972 0 149843 0 0
fn=unsigned int lob::v3::BookT<lob::ChecksumSink, 16u>::match<(lob::Side)1>(unsigned long, long, unsigned int)
92 446100 0 0 148700 0 0 148700 0 0
93 1784400 1 1 297400 3833 0 148700 0 0
fl=/home/wang/sources/cxx/book/include/lob/replay.hpp
fn=(anonymous namespace)::cmd_replay((anonymous namespace)::Args const&)
0 1000002 0 0 1000001 125000 125000 0 0 0
21 4861012 1 1 1000000 162964 162961 0 0 0
23 1885404 1 1 1885404 78501 78501 0 0 0
27 302038 0 0 0 0 0 0 0 0
29 347470 0 0 138988 8539 8539 69494 0 0
37 1000001 0 0 0 0 0 0 0 0
fl=/home/wang/sources/cxx/book/include/lob/v3/book.hpp
fn=(anonymous namespace)::cmd_replay((anonymous namespace)::Args const&)
0 919199 0 0 303242 0 0 0 0 0
67 1256936 0 0 0 0 0 0 0 0
68 1256936 0 0 0 0 0 0 0 0
76 604076 0 0 604076 161249 0 0 0 0
78 302038 0 0 302038 0 0 0 0 0
240 604076 1 1 302038 0 0 0 0 0
242 604076 0 0 302038 0 0 0 0 0
244 302038 0 0 302038 0 0 0 0 0
245 2416304 1 1 0 0 0 0 0 0
247 604076 0 0 0 0 0 0 0 0
276 604076 1 1 302038 0 0 302038 0 0
277 302038 0 0 0 0 0 302038 0 0
294 1208152 0 0 302038 21752 0 0 0 0
295 294483 0 0 0 0 0 294483 159101 0
297 7555 0 0 0 0 0 7555 156 0
298 604076 0 0 0 0 0 0 0 0
299 588378 0 0 0 0 0 294189 156460 0
301 7849 0 0 0 0 0 7849 37 0
302 302038 0 0 302038 277 0 0 0 0
306 1256936 1 1 0 0 0 0 0 0
307 1258196 2 2 0 0 0 314549 1 1
309 1255676 0 0 0 0 0 313919 0 0
310 1256936 0 0 0 0 0 0 0 0
311 3301207 0 0 0 0 0 471601 0 0
383 302038 0 0 0 0 0 0 0 0
384 302038 0 0 302038 0 0 0 0 0
385 906114 0 0 302038 0 0 0 0 0
386 302038 1 1 302038 2459 1 0 0 0
389 607688 0 0 303242 68 0 0 0 0
fn=lob::v3::BookT<lob::ChecksumSink, 16u>::alloc_node(unsigned long, unsigned int)
0 495206 0 0 0 0 0 0 0 0
262 3466442 1 1 0 0 0 2971236 1 1
263 990412 1 1 495206 0 0 0 0 0
264 495206 0 0 0 0 0 0 0 0
265 1479615 0 0 493205 18814 3 493205 0 0
266 493205 0 0 0 0 0 0 0 0
267 4002 0 0 0 0 0 0 0 0
271 1487619 1 1 0 0 0 1485618 25862 0
272 3961648 0 0 3466442 1 0 0 0 0
fn=lob::v3::BookT<lob::ChecksumSink, 16u>::erase(boost::unordered::detail::foa::table_iterator<boost::unordered::detail::foa::flat_map_types<unsigned long, lob::v3::BookT<lob::ChecksumSink, 16u>::Loc>, boost::unordered::detail::foa::group15<boost::unordered::detail::foa::plain_integral>*, false>)
0 110961 1 1 55531 0 0 0 0 0
240 55430 0 0 27715 0 0 0 0 0
242 55430 0 0 27715 0 0 0 0 0
244 27715 0 0 27715 0 0 0 0 0
245 221720 1 1 0 0 0 0 0 0
247 55430 0 0 0 0 0 0 0 0
276 55430 1 1 27715 0 0 27715 0 0
277 27715 0 0 0 0 0 27715 0 0
294 110860 1 1 27715 1919 0 0 0 0
295 26989 0 0 0 0 0 26989 14735 0
297 726 0 0 0 0 0 726 13 0
298 55430 0 0 0 0 0 0 0 0
299 54054 0 0 0 0 0 27027 14305 0
301 688 0 0 0 0 0 688 5 0
302 27715 1 1 27715 23 0 0 0 0
382 138575 0 0 0 0 0 55430 0 0
383 27715 1 1 0 0 0 0 0 0
384 27715 0 0 27715 0 0 0 0 0
385 83145 0 0 27715 0 0 0 0 0
386 83145 0 0 83145 228 1 0 0 0
389 55733 0 0 27816 7 0 0 0 0
405 110860 0 0 83145 0 0 0 0 0
fn=lob::v3::BookT<lob::ChecksumSink, 16u>::modify(unsigned long, long, unsigned int)
0 694940 2 2 305691 37277 0 0 0 0
81 764434 1 1 0 0 0 555952 0 0
84 138988 0 0 0 0 0 0 0 0
85 138988 1 1 0 0 0 0 0 0
88 69494 0 0 69494 0 0 0 0 0
89 277976 0 0 69494 0 0 0 0 0
90 83558 1 1 41779 344 0 0 0 0
91 41779 0 0 0 0 0 41779 0 0
92 83558 0 0 83558 0 0 0 0 0
95 27715 0 0 27715 0 0 0 0 0
97 27715 0 0 0 0 0 27715 0 0
98 27715 1 1 27715 0 0 0 0 0
100 367112 0 0 321223 0 0 0 0 0
240 83558 0 0 41779 0 0 0 0 0
242 125337 1 1 41779 0 0 0 0 0
244 41779 0 0 41779 0 0 0 0 0
245 376011 0 0 0 0 0 0 0 0
247 125337 1 1 0 0 0 0 0 0
257 83558 0 0 0 0 0 0 0 0
306 55430 0 0 0 0 0 0 0 0
307 13847 0 0 0 0 0 13847 0 0
309 13868 0 0 0 0 0 13868 0 0
310 57515 0 0 0 0 0 0 0 0
311 306865 0 0 165235 0 0 0 0 0
fn=lob::v3::BookT<lob::ChecksumSink, 16u>::rest(unsigned long, lob::Side, long, unsigned int)
0 994442 1 1 4010 0 0 495206 0 0
242 1485618 0 0 495206 0 0 0 0 0
244 495206 0 0 495206 0 0 0 0 0
245 3961648 0 0 0 0 0 0 0 0
247 990412 1 1 0 0 0 0 0 0
252 4 0 0 0 0 0 1 0 0
253 1 1 1 0 0 0 1 0 0
282 1980824 1 1 495206 0 0 495206 0 0
283 990412 1 1 0 0 0 495206 0 0
284 495206 0 0 0 0 0 0 0 0
285 982408 0 0 0 0 0 491204 10537 0
287 4002 0 0 0 0 0 4002 0 0
288 495206 0 0 0 0 0 495206 0 0
289 495206 0 0 495206 707 7 0 0 0
365 6437678 1 1 0 0 0 3466442 0 0
366 1485618 0 0 0 0 0 495206 0 0
367 1485628 1 1 495207 1 0 495206 0 0
371 1485618 0 0 495206 0 0 0 0 0
372 1002418 0 0 495206 2765 23 0 0 0
377 1485618 0 0 495206 0 0 495206 0 0
378 1980824 0 0 0 0 0 1485618 1 0
379 495206 1 1 495206 4 1 0 0 0
380 3961648 0 0 3466442 5 0 0 0 0
fn=unsigned int lob::v3::BookT<lob::ChecksumSink, 16u>::match<(lob::Side)0>(unsigned long, long, unsigned int)
0 4985503 4 4 1062986 3 1 1146133 13 0
249 658208 0 0 329104 0 0 0 0 0
276 82521 0 0 0 0 0 82521 0 0
277 165042 0 0 0 0 0 82521 0 0
294 577647 0 0 247563 20 0 0 0 0
297 247563 0 0 82521 0 0 82521 0 0
298 165042 0 0 0 0 0 0 0 0
299 81176 0 0 0 0 0 81176 30509 0
301 2690 0 0 0 0 0 1345 0 0
302 82521 0 0 82521 0 0 0 0 0
317 2627168 2 2 0 0 0 2298772 2 2
326 656792 0 0 0 0 0 0 0 0
329 987315 0 0 0 0 0 0 0 0
332 329104 0 0 0 0 0 0 0 0
337 329104 0 0 0 0 0 0 0 0
339 905948 0 0 329104 0 0 0 0 0
340 813640 1 1 162728 0 0 162728 0 0
341 450947 1 1 0 0 0 0 0 0
343 149843 0 0 0 0 0 0 0 0
344 599372 0 0 0 0 0 0 0 0
347 449529 0 0 0 0 0 149843 0 0
348 149843 0 0 149843 0 0 0 0 0
349 149843 0 0 0 0 0 0 0 0
355 161310 0 0 0 0 0 0 0 0
356 2690 1 1 1345 0 0 0 0 0
362 2955564 2 2 2298772 0 0 0 0 0
fn=unsigned int lob::v3::BookT<lob::ChecksumSink, 16u>::match<(lob::Side)1>(unsigned long, long, unsigned int)
0 4887888 5 5 976767 1 0 1142468 12 0
249 657016 0 0 328508 0 0 0 0 0
276 81679 0 0 0 0 0 81679 0 0
277 163358 0 0 0 0 0 81679 0 0
294 653432 0 0 326716 22 0 0 0 0
297 245037 0 0 81679 0 0 81679 0 0
298 163358 0 0 0 0 0 0 0 0
299 80357 0 0 0 0 0 80357 29225 0
301 2644 0 0 0 0 0 1322 0 0
302 81679 0 0 81679 0 0 0 0 0
317 2622296 0 0 0 0 0 2294509 0 0
326 655574 0 0 0 0 0 0 0 0
329 985524 0 0 0 0 0 0 0 0
332 328508 0 0 0 0 0 0 0 0
337 328508 0 0 0 0 0 0 0 0
339 904481 0 0 328508 0 0 0 0 0
340 810430 0 0 162086 0 0 162086 0 0
341 447542 1 1 0 0 0 0 0 0
343 148700 0 0 0 0 0 0 0 0
344 594800 0 0 0 0 0 0 0 0
347 446100 0 0 0 0 0 148700 0 0
348 148700 0 0 148700 0 0 0 0 0
349 148700 0 0 0 0 0 0 0 0
355 160644 0 0 0 0 0 0 0 0
356 2644 0 0 1322 0 0 0 0 0
362 2950083 1 1 2294509 0 0 0 0 0
fl=/home/wang/sources/cxx/book/include/lob/v3/hier_bitmap.hpp
fn=(anonymous namespace)::cmd_replay((anonymous namespace)::Args const&)
0 1204 1 1 0 0 0 0 0 0
67 2408 0 0 0 0 0 0 0 0
68 4816 0 0 1204 453 0 0 0 0
fn=lob::v3::BookT<lob::ChecksumSink, 16u>::erase(boost::unordered::detail::foa::table_iterator<boost::unordered::detail::foa::flat_map_types<unsigned long, lob::v3::BookT<lob::ChecksumSink, 16u>::Loc>, boost::unordered::detail::foa::group15<boost::unordered::detail::foa::plain_integral>*, false>)
0 101 1 1 0 0 0 0 0 0
67 202 0 0 0 0 0 0 0 0
68 505 0 0 101 36 0 0 0 0
fn=lob::v3::BookT<lob::ChecksumSink, 16u>::rest(unsigned long, lob::Side, long, unsigned int)
0 6 0 0 0 0 0 0 0 0
57 8007 0 0 0 0 0 0 0 0
58 12015 1 1 4005 436 6 0 0 0
59 12021 0 0 8013 1 1 8010 892 0
fn=unsigned int lob::v3::BookT<lob::ChecksumSink, 16u>::match<(lob::Side)0>(unsigned long, long, unsigned int)
0 332430 1 1 330449 0 0 0 0 0
48 987314 1 1 658210 7 2 0 0 0
67 2690 0 0 0 0 0 0 0 0
68 5380 0 0 1345 0 0 0 0 0
79 1645520 0 0 0 0 0 0 0 0
fn=unsigned int lob::v3::BookT<lob::ChecksumSink, 16u>::match<(lob::Side)1>(unsigned long, long, unsigned int)
0 331753 0 0 329830 0 0 0 0 0
48 985524 1 1 657016 4 0 0 0 0
67 2644 0 0 0 0 0 0 0 0
68 5288 0 0 1322 0 0 0 0 0
89 3285080 1 1 0 0 0 0 0 0
fl=/home/wang/sources/cxx/book/source/main.cxx
fn=(anonymous namespace)::cmd_replay((anonymous namespace)::Args const&)
0 1 0 0 0 0 0 0 0 0
293 2 1 1 0 0 0 1 1 1
295 9 2 2 0 0 0 6 2 2
fl=/usr/include/c++/v1/__algorithm/comp.h
fn=unsigned int lob::v3::BookT<lob::ChecksumSink, 16u>::match<(lob::Side)0>(unsigned long, long, unsigned int)
41 149843 0 0 149843 4493 0 0 0 0
fn=unsigned int lob::v3::BookT<lob::ChecksumSink, 16u>::match<(lob::Side)1>(unsigned long, long, unsigned int)
41 148700 1 1 148700 4397 0 0 0 0
fl=/usr/include/c++/v1/__bit/countl.h
fn=unsigned int lob::v3::BookT<lob::ChecksumSink, 16u>::match<(lob::Side)1>(unsigned long, long, unsigned int)
28 1642540 0 0 657016 9 0 0 0 0
fl=/usr/include/c++/v1/__bit/countr.h
fn=unsigned int lob::v3::BookT<lob::ChecksumSink, 16u>::match<(lob::Side)0>(unsigned long, long, unsigned int)
28 1645520 0 0 658208 7 0 0 0 0
fl=/usr/include/c++/v1/__functional/operations.h
fn=(anonymous namespace)::cmd_replay((anonymous namespace)::Args const&)
300 309469 0 0 309469 236479 0 0 0 0
fn=lob::v3::BookT<lob::ChecksumSink, 16u>::modify(unsigned long, long, unsigned int)
300 69811 0 0 69811 53308 0 0 0 0
fn=lob::v3::BookT<lob::ChecksumSink, 16u>::rest(unsigned long, lob::Side, long, unsigned int)
300 9474 0 0 9474 69 0 0 0 0
fn=unsigned int lob::v3::BookT<lob::ChecksumSink, 16u>::match<(lob::Side)0>(unsigned long, long, unsigned int)
300 82985 0 0 82985 44766 0 0 0 0
fn=unsigned int lob::v3::BookT<lob::ChecksumSink, 16u>::match<(lob::Side)1>(unsigned long, long, unsigned int)
300 82123 0 0 82123 43244 0 0 0 0
fl=/usr/include/c++/v1/__iterator/wrap_iter.h
fn=(anonymous namespace)::cmd_replay((anonymous namespace)::Args const&)
65 1000000 0 0 0 0 0 0 0 0
125 1000002 0 0 1000000 3 0 1 1 1
fl=/usr/include/c++/v1/__math/rounding_functions.h
fn=boost::unordered::detail::foa::table_locator<boost::unordered::detail::foa::group15<boost::unordered::detail::foa::plain_integral>, std::__1::pair<unsigned long const, lob::v3::BookT<lob::ChecksumSink, 16u>::Loc> > boost::unordered::detail::foa::table_core<boost::unordered::detail::foa::flat_map_types<unsigned long, lob::v3::BookT<lob::ChecksumSink, 16u>::Loc>, boost::unordered::detail::foa::group15<boost::unordered::detail::foa::plain_integral>, boost::unordered::detail::foa::table_arrays, boost::unordered::detail::foa::plain_size_control, boost::hash<unsigned long>, std::__1::equal_to<unsigned long>, std::__1::allocator<std::__1::pair<unsigned long const, lob::v3::BookT<lob::ChecksumSink, 16u>::Loc> > >::unchecked_emplace_with_rehash<boost::unordered::detail::foa::try_emplace_args_t, unsigned long&, lob::v3::BookT<lob::ChecksumSink, 16u>::Loc>(unsigned long, boost::unordered::detail::foa::try_emplace_args_t&&, unsigned long&, lob::v3::BookT<lob::ChecksumSink, 16u>::Loc&&)
29 8 0 0 0 0 0 0 0 0
fl=/usr/include/c++/v1/__memory/allocator.h
fn=lob::v3::BookT<lob::ChecksumSink, 16u>::alloc_node(unsigned long, unsigned int)
100 24 0 0 0 0 0 0 0 0
fl=/usr/include/c++/v1/__memory/construct_at.h
fn=lob::v3::BookT<lob::ChecksumSink, 16u>::alloc_node(unsigned long, unsigned int)
38 6003 1 1 0 0 0 4002 646 252
fl=/usr/include/c++/v1/__memory/uninitialized_algorithms.h
fn=lob::v3::BookT<lob::ChecksumSink, 16u>::alloc_node(unsigned long, unsigned int)
0 12 0 0 12 1 0 0 0 0
638 48 0 0 0 0 0 12 0 0
fl=/usr/include/c++/v1/__new/allocate.h
fn=(anonymous namespace)::cmd_replay((anonymous namespace)::Args const&)
0 604076 1 1 302038 0 0 0 0 0
fn=boost::unordered::detail::foa::table_core<boost::unordered::detail::foa::flat_map_types<unsigned long, lob::v3::BookT<lob::ChecksumSink, 16u>::Loc>, boost::unordered::detail::foa::group15<boost::unordered::detail::foa::plain_integral>, boost::unordered::detail::foa::table_arrays, boost::unordered::detail::foa::plain_size_control, boost::hash<unsigned long>, std::__1::equal_to<unsigned long>, std::__1::allocator<std::__1::pair<unsigned long const, lob::v3::BookT<lob::ChecksumSink, 16u>::Loc> > >::unchecked_rehash(boost::unordered::detail::foa::table_arrays<std::__1::pair<unsigned long const, lob::v3::BookT<lob::ChecksumSink, 16u>::Loc>, boost::unordered::detail::foa::group15<boost::unordered::detail::foa::plain_integral>, boost::unordered::detail::foa::pow2_size_policy, std::__1::allocator<std::__1::pair<unsigned long const, lob::v3::BookT<lob::ChecksumSink, 16u>::Loc> > >&)
57 7 0 0 0 0 0 0 0 0
63 7 0 0 0 0 0 7 0 0
fn=boost::unordered::detail::foa::table_locator<boost::unordered::detail::foa::group15<boost::unordered::detail::foa::plain_integral>, std::__1::pair<unsigned long const, lob::v3::BookT<lob::ChecksumSink, 16u>::Loc> > boost::unordered::detail::foa::table_core<boost::unordered::detail::foa::flat_map_types<unsigned long, lob::v3::BookT<lob::ChecksumSink, 16u>::Loc>, boost::unordered::detail::foa::group15<boost::unordered::detail::foa::plain_integral>, boost::unordered::detail::foa::table_arrays, boost::unordered::detail::foa::plain_size_control, boost::hash<unsigned long>, std::__1::equal_to<unsigned long>, std::__1::allocator<std::__1::pair<unsigned long const, lob::v3::BookT<lob::ChecksumSink, 16u>::Loc> > >::unchecked_emplace_with_rehash<boost::unordered::detail::foa::try_emplace_args_t, unsigned long&, lob::v3::BookT<lob::ChecksumSink, 16u>::Loc>(unsigned long, boost::unordered::detail::foa::try_emplace_args_t&&, unsigned long&, lob::v3::BookT<lob::ChecksumSink, 16u>::Loc&&)
0 32 0 0 0 0 0 24 0 0
37 8 0 0 0 0 0 0 0 0
43 16 0 0 0 0 0 8 0 0
fn=lob::v3::BookT<lob::ChecksumSink, 16u>::alloc_node(unsigned long, unsigned int)
0 47 0 0 47 0 0 0 0 0
37 24 0 0 0 0 0 0 0 0
43 36 0 0 0 0 0 12 0 0
63 33 0 0 0 0 0 11 0 0
fn=unsigned int lob::v3::BookT<lob::ChecksumSink, 16u>::match<(lob::Side)0>(unsigned long, long, unsigned int)
0 2690 0 0 0 0 0 0 0 0
fn=unsigned int lob::v3::BookT<lob::ChecksumSink, 16u>::match<(lob::Side)1>(unsigned long, long, unsigned int)
0 2644 0 0 0 0 0 0 0 0
fl=/usr/include/c++/v1/__split_buffer
fn=lob::v3::BookT<lob::ChecksumSink, 16u>::alloc_node(unsigned long, unsigned int)
335 12 0 0 0 0 0 0 0 0
341 24 0 0 0 0 0 0 0 0
fl=/usr/include/c++/v1/__tree
fn=unsigned int lob::v3::BookT<lob::ChecksumSink, 16u>::match<(lob::Side)0>(unsigned long, long, unsigned int)
0 1345 1 1 1345 0 0 0 0 0
fn=unsigned int lob::v3::BookT<lob::ChecksumSink, 16u>::match<(lob::Side)1>(unsigned long, long, unsigned int)
0 1322 1 1 1322 0 0 0 0 0
fl=/usr/include/c++/v1/__utility/pair.h
fn=_ZN5boost9unordered6detail3foa10table_coreINS2_14flat_map_typesImN3lob2v35BookTINS5_12ChecksumSinkELj16EE3LocEEENS2_7group15INS2_14plain_integralEEENS2_12table_arraysENS2_18plain_size_controlENS_4hashImEENSt3__18equal_toImEENSJ_9allocatorINSJ_4pairIKmSA_EEEEE22for_all_elements_whileIZNSR_22for_all_elements_whileIZNSR_16for_all_elementsIZNSR_16unchecked_rehashERNSF_ISP_SE_NS2_16pow2_size_policyESQ_EEEUlPSP_E_EEDTcmclfL1p0_LDnEEcvv_EERKSW_T_EUlSY_E_EES10_S12_S13_EUlPSE_jSY_E_EEDTcmclfp0_LDnELi0ELDnEEcvv_EES12_S13_
196 19980 0 0 9990 1101 0 9990 2015 2015
fn=boost::unordered::detail::foa::table_locator<boost::unordered::detail::foa::group15<boost::unordered::detail::foa::plain_integral>, std::__1::pair<unsigned long const, lob::v3::BookT<lob::ChecksumSink, 16u>::Loc> > boost::unordered::detail::foa::table_core<boost::unordered::detail::foa::flat_map_types<unsigned long, lob::v3::BookT<lob::ChecksumSink, 16u>::Loc>, boost::unordered::detail::foa::group15<boost::unordered::detail::foa::plain_integral>, boost::unordered::detail::foa::table_arrays, boost::unordered::detail::foa::plain_size_control, boost::hash<unsigned long>, std::__1::equal_to<unsigned long>, std::__1::allocator<std::__1::pair<unsigned long const, lob::v3::BookT<lob::ChecksumSink, 16u>::Loc> > >::unchecked_emplace_with_rehash<boost::unordered::detail::foa::try_emplace_args_t, unsigned long&, lob::v3::BookT<lob::ChecksumSink, 16u>::Loc>(unsigned long, boost::unordered::detail::foa::try_emplace_args_t&&, unsigned long&, lob::v3::BookT<lob::ChecksumSink, 16u>::Loc&&)
445 16 0 0 8 0 0 8 8 8
446 32 0 0 16 0 0 16 3 3
fn=lob::v3::BookT<lob::ChecksumSink, 16u>::rest(unsigned long, lob::Side, long, unsigned int)
445 495198 0 0 0 0 0 495198 301955 978
446 1980792 0 0 990396 0 0 990396 713 684
fl=/usr/include/c++/v1/__utility/swap.h
fn=lob::v3::BookT<lob::ChecksumSink, 16u>::alloc_node(unsigned long, unsigned int)
44 36 1 1 0 0 0 36 1 0
fl=/usr/include/c++/v1/__vector/vector.h
fn=(anonymous namespace)::cmd_replay((anonymous namespace)::Args const&)
0 1 1 1 0 0 0 1 1 1
388 1 0 0 1 0 0 0 0 0
407 1494786 0 0 302038 0 0 0 0 0
449 1 0 0 1 1 1 0 0 0
fn=lob::v3::BookT<lob::ChecksumSink, 16u>::alloc_node(unsigned long, unsigned int)
0 72 1 1 0 0 0 48 1 1
388 18009 1 1 4002 0 0 0 0 0
391 48 1 1 0 0 0 0 0 0
407 1483617 0 0 495206 0 0 0 0 0
475 1989 0 0 0 0 0 0 0 0
902 24 0 0 0 0 0 0 0 0
905 60 0 0 0 0 0 0 0 0
1128 12 0 0 0 0 0 0 0 0
1131 24 0 0 0 0 0 0 0 0
1146 6003 0 0 2001 0 0 0 0 0
1149 1989 0 0 0 0 0 0 0 0
1152 2001 0 0 0 0 0 2001 0 0
fn=lob::v3::BookT<lob::ChecksumSink, 16u>::erase(boost::unordered::detail::foa::table_iterator<boost::unordered::detail::foa::flat_map_types<unsigned long, lob::v3::BookT<lob::ChecksumSink, 16u>::Loc>, boost::unordered::detail::foa::group15<boost::unordered::detail::foa::plain_integral>*, false>)
407 109446 0 0 27715 0 0 0 0 0
fn=lob::v3::BookT<lob::ChecksumSink, 16u>::modify(unsigned long, long, unsigned int)
407 138988 0 0 69494 0 0 0 0 0
fn=lob::v3::BookT<lob::ChecksumSink, 16u>::rest(unsigned long, lob::Side, long, unsigned int)
407 1481616 0 0 495206 0 0 0 0 0
fn=unsigned int lob::v3::BookT<lob::ChecksumSink, 16u>::match<(lob::Side)0>(unsigned long, long, unsigned int)
407 231019 0 0 0 0 0 0 0 0
fn=unsigned int lob::v3::BookT<lob::ChecksumSink, 16u>::match<(lob::Side)1>(unsigned long, long, unsigned int)
407 229057 0 0 0 0 0 0 0 0
fl=/usr/include/c++/v1/map
fn=unsigned int lob::v3::BookT<lob::ChecksumSink, 16u>::match<(lob::Side)0>(unsigned long, long, unsigned int)
1031 658209 1 1 329105 3 1 0 0 0
fn=unsigned int lob::v3::BookT<lob::ChecksumSink, 16u>::match<(lob::Side)1>(unsigned long, long, unsigned int)
1031 657016 1 1 328508 0 0 0 0 0
fl=???
fn=???
0 170 5 5 114 27 5 0 0 0
fn=operator delete(void*)
0 90 0 0 18 0 0 18 0 0
fn=operator delete(void*, unsigned long)
0 90 1 1 18 0 0 18 0 0
fn=operator new(unsigned long)
0 340 2 2 60 0 0 80 1 0
summary: 225886696 239 239 60268777 1023537 375152 30133214 747999 4342
