==78509== Cachegrind, a high-precision tracing profiler
==78509== Copyright (C) 2002-2017, and GNU GPL'd, by Nicholas Nethercote et al.
==78509== Using Valgrind-3.22.0 and LibVEX; rerun with -h for copyright info
==78509== Command: /home/wang/sources/cxx/book/build/profile/book replay --workload data/syn_deep_s42.ops --version v12
==78509== 
==78509== 
==78509== I refs:        172,418,010
==78509== I1  misses:            316
==78509== LLi misses:            311
==78509== I1  miss rate:        0.00%
==78509== LLi miss rate:        0.00%
==78509== 
==78509== D refs:         68,286,942  (49,366,408 rd   + 18,920,534 wr)
==78509== D1  misses:      4,045,464  ( 2,402,645 rd   +  1,642,819 wr)
==78509== LLd misses:        415,154  (   375,244 rd   +     39,910 wr)
==78509== D1  miss rate:         5.9% (       4.9%     +        8.7%  )
==78509== LLd miss rate:         0.6% (       0.8%     +        0.2%  )
==78509== 
==78509== LL refs:         4,045,780  ( 2,402,961 rd   +  1,642,819 wr)
==78509== LL misses:         415,465  (   375,555 rd   +     39,910 wr)
==78509== LL miss rate:          0.2% (       0.2%     +        0.2%  )
