==19487== Cachegrind, a high-precision tracing profiler
==19487== Copyright (C) 2002-2017, and GNU GPL'd, by Nicholas Nethercote et al.
==19487== Using Valgrind-3.22.0 and LibVEX; rerun with -h for copyright info
==19487== Command: /home/wang/sources/cxx/book/build/profile/book replay --workload data/itch12302019_SPY.ops --version v1
==19487== 
==19487== 
==19487== I refs:        737,363,364
==19487== I1  misses:            246
==19487== LLi misses:            246
==19487== I1  miss rate:        0.00%
==19487== LLi miss rate:        0.00%
==19487== 
==19487== D refs:        306,242,805  (206,951,353 rd   + 99,291,452 wr)
==19487== D1  misses:      2,336,403  (  1,457,685 rd   +    878,718 wr)
==19487== LLd misses:        858,680  (    845,985 rd   +     12,695 wr)
==19487== D1  miss rate:         0.8% (        0.7%     +        0.9%  )
==19487== LLd miss rate:         0.3% (        0.4%     +        0.0%  )
==19487== 
==19487== LL refs:         2,336,649  (  1,457,931 rd   +    878,718 wr)
==19487== LL misses:         858,926  (    846,231 rd   +     12,695 wr)
==19487== LL miss rate:          0.1% (        0.1%     +        0.0%  )
