desc: I1 cache:         32768 B, 64 B, 8-way associative
desc: D1 cache:         49152 B, 64 B, 12-way associative
desc: LL cache:         6291456 B, 64 B, 12-way associative
cmd: /home/wang/sources/cxx/book/build/profile/book replay --workload data/syn_deep_s42.ops --version v5
events: Ir I1mr ILmr Dr D1mr DLmr Dw D1mw DLmw 
fl=./elf/../sysdeps/generic/dl-new-hash.h
fn=_dl_lookup_symbol_x
69 3 0 0 0 0 0 0 0 0
70 6 0 0 0 0 0 0 0 0
74 11 0 0 11 3 3 0 0 0
77 22 0 0 0 0 0 0 0 0
80 9 0 0 9 0 0 0 0 0
81 18 0 0 0 0 0 0 0 0
87 1 1 1 0 0 0 0 0 0
88 1 0 0 0 0 0 0 0 0
89 2 0 0 0 0 0 0 0 0
90 1 0 0 0 0 0 0 0 0
99 8 0 0 0 0 0 0 0 0
101 8 0 0 0 0 0 0 0 0
102 16 0 0 0 0 0 0 0 0
104 8 1 1 0 0 0 0 0 0
105 8 0 0 0 0 0 0 0 0
fl=./elf/../sysdeps/generic/dl-protected.h
fn=do_lookup_x
29 12 0 0 0 0 0 0 0 0
fl=./elf/../sysdeps/generic/ldsodefs.h
fn=do_lookup_x
139 6 0 0 3 0 0 0 0 0
140 9 0 0 0 0 0 0 0 0
fl=./elf/../sysdeps/x86_64/dl-machine.h
fn=_dl_fixup
234 3 0 0 0 0 0 3 0 0
fl=./elf/../sysdeps/x86_64/dl-runtime.h
fn=_dl_fixup
28 3 0 0 0 0 0 0 0 0
fl=./elf/../sysdeps/x86_64/dl-trampoline.h
fn=_dl_runtime_resolve_xsave
71 3 1 1 0 0 0 0 0 0
76 3 0 0 0 0 0 3 0 0
79 3 0 0 0 0 0 0 0 0
81 3 0 0 0 0 0 0 0 0
91 3 0 0 3 1 1 0 0 0
97 3 0 0 0 0 0 3 1 1
98 3 0 0 0 0 0 3 0 0
99 3 1 1 0 0 0 3 0 0
100 3 0 0 0 0 0 3 0 0
101 3 0 0 0 0 0 3 0 0
102 3 0 0 0 0 0 3 0 0
103 3 0 0 0 0 0 3 0 0
107 3 0 0 0 0 0 0 0 0
108 3 0 0 0 0 0 0 0 0
111 3 0 0 0 0 0 3 0 0
112 3 0 0 0 0 0 3 0 0
114 3 0 0 0 0 0 3 0 0
115 3 0 0 0 0 0 3 0 0
116 3 1 1 0 0 0 3 0 0
117 3 0 0 0 0 0 3 0 0
118 3 0 0 0 0 0 3 0 0
119 3 0 0 0 0 0 3 0 0
121 3 0 0 3 0 0 99 6 6
128 3 0 0 3 0 0 0 0 0
129 3 0 0 3 0 0 0 0 0
130 3 0 0 0 0 0 3 1 1
131 3 0 0 0 0 0 0 0 0
136 3 0 0 0 0 0 0 0 0
137 3 0 0 0 0 0 0 0 0
138 3 0 0 108 0 0 0 0 0
140 3 1 1 3 0 0 0 0 0
141 3 0 0 3 0 0 0 0 0
142 3 0 0 3 0 0 0 0 0
143 3 0 0 3 0 0 0 0 0
144 3 0 0 3 0 0 0 0 0
145 3 0 0 3 0 0 0 0 0
146 3 0 0 3 0 0 0 0 0
148 3 0 0 0 0 0 0 0 0
150 3 0 0 3 0 0 0 0 0
154 3 0 0 0 0 0 0 0 0
156 3 0 0 0 0 0 0 0 0
fl=./elf/./elf/dl-lookup.c
fn=_dl_lookup_symbol_x
772 39 2 2 0 0 0 27 3 3
774 6 0 0 0 0 0 3 0 0
775 12 0 0 0 0 0 3 0 0
778 3 0 0 3 1 1 0 0 0
782 8 0 0 1 0 0 0 0 0
785 6 1 1 3 0 0 0 0 0
787 6 0 0 6 0 0 0 0 0
791 42 0 0 0 0 0 9 0 0
792 51 2 2 21 0 0 21 1 1
797 15 0 0 6 0 0 0 0 0
816 3 0 0 0 0 0 3 0 0
820 6 0 0 3 0 0 0 0 0
821 21 0 0 3 0 0 0 0 0
828 3 0 0 3 0 0 0 0 0
856 12 1 1 3 0 0 0 0 0
870 9 0 0 3 2 2 0 0 0
873 6 0 0 3 0 0 0 0 0
890 12 0 0 3 0 0 0 0 0
892 27 1 1 21 0 0 0 0 0
fn=check_match
70 45 1 1 6 2 2 18 1 1
73 24 1 1 6 0 0 0 0 0
86 15 0 0 0 0 0 0 0 0
89 18 1 1 4 0 0 2 0 0
93 3 0 0 3 2 2 0 0 0
94 6 0 0 0 0 0 0 0 0
96 2 0 0 0 0 0 0 0 0
115 2 0 0 2 1 1 0 0 0
116 8 0 0 3 1 1 0 0 0
117 5 1 1 2 0 0 1 0 0
144 4 1 1 0 0 0 0 0 0
146 12 0 0 4 1 1 0 0 0
147 8 1 1 0 0 0 0 0 0
161 3 0 0 0 0 0 0 0 0
162 24 0 0 21 0 0 0 0 0
fn=do_lookup_x
347 42 2 2 6 0 0 30 2 2
348 3 0 0 3 1 1 0 0 0
353 3 0 0 0 0 0 0 0 0
354 3 0 0 3 0 0 0 0 0
358 30 1 1 30 9 9 0 0 0
361 30 0 0 0 0 0 0 0 0
365 36 0 0 3 0 0 0 0 0
386 30 1 1 15 6 6 0 0 0
390 30 0 0 15 1 1 0 0 0
396 45 0 0 15 6 6 0 0 0
400 15 0 0 0 0 0 15 0 0
401 15 0 0 0 0 0 15 0 0
404 75 0 0 45 12 12 0 0 0
405 45 1 1 30 5 5 0 0 0
408 15 0 0 15 0 0 0 0 0
409 30 0 0 0 0 0 0 0 0
411 15 0 0 15 9 9 0 0 0
412 9 0 0 0 0 0 3 0 0
413 30 0 0 30 0 0 0 0 0
415 21 1 1 3 0 0 6 0 0
416 60 0 0 30 0 0 0 0 0
419 105 0 0 15 0 0 0 0 0
422 6 0 0 6 3 3 0 0 0
423 9 1 1 3 0 0 0 0 0
424 6 0 0 0 0 0 0 0 0
426 6 0 0 3 0 0 0 0 0
429 25 1 1 5 3 3 0 0 0
431 9 0 0 3 0 0 0 0 0
432 75 2 2 21 0 0 39 2 2
433 6 0 0 0 0 0 0 0 0
436 9 0 0 0 0 0 0 0 0
439 6 0 0 0 0 0 0 0 0
461 24 1 1 18 0 0 0 0 0
476 6 1 1 0 0 0 0 0 0
483 16 0 0 3 0 0 0 0 0
487 6 1 1 2 1 1 0 0 0
499 6 0 0 3 0 0 3 0 0
500 3 0 0 0 0 0 3 0 0
501 3 0 0 0 0 0 0 0 0
518 36 0 0 0 0 0 0 0 0
522 24 0 0 21 0 0 0 0 0
fl=./elf/./elf/dl-runtime.c
fn=_dl_fixup
46 33 2 2 0 0 0 18 0 0
48 15 0 0 12 4 4 0 0 0
49 9 1 1 6 1 1 0 0 0
54 3 0 0 3 2 2 0 0 0
55 12 0 0 3 2 2 0 0 0
56 21 0 0 3 3 3 3 1 1
58 6 0 0 3 2 2 0 0 0
63 6 0 0 0 0 0 0 0 0
67 6 0 0 3 3 3 0 0 0
69 5 0 0 0 0 0 0 0 0
71 9 1 1 3 2 2 0 0 0
75 9 0 0 6 5 5 0 0 0
76 12 0 0 3 0 0 0 0 0
77 9 0 0 3 2 2 0 0 0
84 3 1 1 0 0 0 0 0 0
85 9 0 0 3 0 0 0 0 0
95 33 0 0 6 2 2 9 0 0
99 15 1 1 9 0 0 0 0 0
109 30 0 0 12 0 0 3 0 0
124 12 1 1 3 0 0 0 0 0
133 9 0 0 3 1 1 0 0 0
159 9 0 0 3 0 0 0 0 0
163 24 1 1 21 0 0 0 0 0
fl=./malloc/./malloc/arena.c
fn=free
153 69 0 0 0 0 0 0 0 0
fn=malloc
153 54 0 0 0 0 0 0 0 0
fl=./malloc/./malloc/malloc.c
fn=_int_free
1792 15 0 0 15 7 0 0 0 0
3163 16 1 1 8 0 0 8 0 0
3165 32 0 0 8 5 5 8 0 0
3166 8 0 0 0 0 0 8 0 0
3167 16 0 0 0 0 0 8 0 0
4495 161 1 1 0 0 0 92 0 0
4499 69 1 1 23 0 0 0 0 0
4505 92 0 0 0 0 0 0 0 0
4506 46 0 0 0 0 0 0 0 0
4510 115 0 0 0 0 0 0 0 0
4517 46 0 0 0 0 0 0 0 0
4518 138 1 1 69 7 0 0 0 0
4521 8 0 0 0 0 0 0 0 0
4527 24 0 0 16 1 1 0 0 0
4547 40 1 1 16 0 0 0 0 0
4550 8 0 0 0 0 0 0 0 0
4561 30 0 0 0 0 0 0 0 0
4637 30 0 0 15 0 0 0 0 0
4640 30 0 0 15 7 0 0 0 0
4643 30 1 1 0 0 0 0 0 0
4646 30 0 0 0 0 0 0 0 0
4658 123 1 1 100 0 0 0 0 0
fn=_int_free_maybe_consolidate
4770 165 2 1 15 7 0 105 0 0
4776 30 0 0 0 0 0 0 0 0
4778 20 0 0 5 0 0 0 0 0
4781 15 0 0 0 0 0 0 0 0
4784 25 2 2 15 5 0 0 0 0
4785 15 0 0 9 0 0 0 0 0
4798 153 1 1 126 0 0 0 0 0
fn=_int_free_merge_chunk
1992 45 0 0 15 0 0 0 0 0
4665 120 1 1 0 0 0 90 4 0
4666 15 0 0 0 0 0 0 0 0
4670 90 0 0 15 7 0 0 0 0
4673 60 1 1 15 6 0 0 0 0
4675 45 1 1 15 7 0 0 0 0
4678 45 0 0 15 0 0 0 0 0
4681 30 0 0 0 0 0 0 0 0
4682 30 0 0 0 0 0 0 0 0
4683 30 0 0 15 7 0 0 0 0
4689 30 1 1 15 0 0 0 0 0
4691 12 0 0 12 0 0 0 0 0
4692 12 0 0 0 0 0 0 0 0
4693 12 0 0 0 0 0 0 0 0
4694 48 0 0 12 6 0 0 0 0
4696 24 0 0 0 0 0 12 3 0
4701 45 0 0 0 0 0 0 0 0
4702 105 0 0 90 0 0 0 0 0
4714 30 0 0 15 0 0 0 0 0
4720 26 0 0 13 1 0 0 0 0
4721 2 1 1 0 0 0 1 0 0
4722 2 0 0 0 0 0 0 0 0
4724 12 0 0 12 0 0 0 0 0
4732 13 0 0 0 0 0 0 0 0
4733 52 1 1 13 0 0 0 0 0
4734 26 0 0 13 0 0 0 0 0
4736 13 0 0 0 0 0 13 0 0
4738 26 0 0 0 0 0 0 0 0
4740 39 1 1 0 0 0 13 0 0
4743 13 0 0 0 0 0 13 0 0
4744 13 0 0 0 0 0 13 0 0
4746 39 0 0 0 0 0 13 0 0
4747 13 0 0 0 0 0 13 0 0
4756 2 0 0 0 0 0 0 0 0
4757 6 0 0 0 0 0 2 0 0
4758 4 0 0 0 0 0 2 0 0
fn=_int_malloc
1326 54 0 0 0 0 0 0 0 0
1345 162 0 0 0 0 0 0 0 0
1794 27 1 1 27 0 0 0 0 0
1985 12 0 0 4 0 0 0 0 0
2008 8 0 0 2 0 0 0 0 0
2552 36 1 1 12 12 1 12 0 0
2553 2 1 1 0 0 0 2 0 0
2564 12 1 1 6 6 1 0 0 0
2565 12 0 0 8 0 0 0 0 0
2568 16 0 0 4 0 0 0 0 0
2576 24 0 0 4 0 0 8 1 0
2577 8 0 0 0 0 0 0 0 0
2589 8 0 0 2 0 0 2 0 0
2590 4 0 0 0 0 0 2 0 0
2599 24 1 1 6 0 0 0 0 0
2605 6 0 0 4 0 0 0 0 0
2608 6 1 1 0 0 0 0 0 0
2669 6 1 1 2 0 0 2 0 0
2677 4 0 0 2 0 0 0 0 0
2678 6 0 0 2 0 0 2 0 0
2691 6 1 1 2 0 0 0 0 0
2693 2 0 0 2 0 0 0 0 0
2699 10 0 0 2 0 0 2 0 0
2707 4 0 0 0 0 0 0 0 0
2709 8 2 2 0 0 0 4 1 0
2710 6 0 0 2 0 0 0 0 0
2711 2 0 0 0 0 0 0 0 0
2712 2 0 0 0 0 0 0 0 0
2715 4 0 0 0 0 0 0 0 0
2744 14 1 1 6 0 0 0 0 0
2746 4 1 1 0 0 0 2 0 0
2752 16 0 0 2 0 0 0 0 0
2753 12 0 0 2 0 0 2 0 0
2921 6 1 1 4 0 0 0 0 0
2922 2 0 0 0 0 0 2 0 0
2926 2 0 0 2 0 0 0 0 0
2930 10 1 1 4 0 0 0 0 0
2932 2 0 0 0 0 0 0 0 0
2933 2 0 0 0 0 0 0 0 0
2934 2 0 0 0 0 0 2 0 0
2935 14 0 0 0 0 0 2 0 0
2936 4 0 0 0 0 0 2 2 2
2938 2 0 0 0 0 0 0 0 0
3846 297 2 2 27 9 1 189 10 2
3887 54 0 0 0 0 0 0 0 0
3914 54 0 0 0 0 0 0 0 0
3916 8 0 0 0 0 0 0 0 0
3919 2 0 0 2 1 1 0 0 0
3921 4 0 0 0 0 0 0 0 0
3930 6 2 2 0 0 0 0 0 0
3977 50 1 1 0 0 0 0 0 0
3979 34 0 0 0 0 0 0 0 0
3980 14 1 1 0 0 0 0 0 0
3982 21 0 0 7 6 6 0 0 0
4039 308 1 1 0 0 0 0 0 0
4040 60 0 0 20 7 0 0 0 0
4058 81 1 1 27 0 0 0 0 0
4059 81 0 0 0 0 0 27 11 2
4060 81 1 1 54 0 0 0 0 0
4069 26 0 0 0 0 0 13 0 0
4070 188 1 1 43 8 1 27 0 0
4072 16 0 0 16 0 0 0 0 0
4073 32 0 0 16 2 0 0 0 0
4074 16 0 0 0 0 0 0 0 0
4076 32 0 0 0 0 0 0 0 0
4077 48 1 1 16 5 0 0 0 0
4079 16 0 0 16 7 0 0 0 0
4080 64 0 0 0 0 0 0 0 0
4082 64 0 0 16 0 0 0 0 0
4084 32 1 1 16 1 0 0 0 0
4085 32 0 0 16 0 0 0 0 0
4087 32 0 0 0 0 0 0 0 0
4098 64 0 0 0 0 0 0 0 0
4127 16 0 0 0 0 0 16 0 0
4128 16 0 0 0 0 0 16 0 0
4132 32 0 0 0 0 0 0 0 0
4161 34 2 2 0 0 0 0 0 0
4169 257 5 5 0 0 0 16 0 0
4170 47 1 1 0 0 0 0 0 0
4171 16 0 0 16 12 4 0 0 0
4174 32 0 0 0 0 0 0 0 0
4177 1 0 0 0 0 0 0 0 0
4179 4 0 0 2 0 0 0 0 0
4180 2 0 0 0 0 0 0 0 0
4186 4 1 1 0 0 0 1 0 0
4187 1 0 0 1 0 0 0 0 0
4188 3 0 0 0 0 0 2 0 0
4218 60 0 0 0 0 0 15 5 0
4221 112 2 2 32 6 0 0 0 0
4222 16 0 0 0 0 0 16 0 0
4223 16 0 0 0 0 0 16 0 0
4224 16 0 0 0 0 0 16 0 0
4225 16 0 0 0 0 0 16 0 0
4230 32 0 0 32 0 0 0 0 0
4231 32 0 0 0 0 0 0 0 0
4240 64 1 1 32 0 0 0 0 0
4246 26 0 0 0 0 0 0 0 0
4257 81 1 1 0 0 0 0 0 0
4259 80 0 0 0 0 0 0 0 0
4262 60 0 0 20 13 8 0 0 0
4263 30 1 1 2 0 0 0 0 0
4266 1 0 0 1 0 0 0 0 0
4267 6 0 0 1 0 0 0 0 0
4273 2 1 1 1 0 0 0 0 0
4278 3 0 0 0 0 0 1 0 0
4279 3 0 0 0 0 0 2 1 0
4282 4 0 0 2 0 0 0 0 0
4291 1 0 0 0 0 0 0 0 0
4295 4 1 1 1 0 0 0 0 0
4296 2 0 0 1 0 0 0 0 0
4299 1 0 0 0 0 0 1 1 0
4300 1 0 0 0 0 0 1 0 0
4301 1 0 0 0 0 0 1 0 0
4302 2 0 0 0 0 0 0 0 0
4304 2 0 0 0 0 0 1 1 0
4307 8 1 1 0 0 0 1 0 0
4309 3 0 0 0 0 0 1 0 0
4310 1 0 0 0 0 0 1 0 0
4313 1 0 0 0 0 0 0 0 0
4330 26 0 0 0 0 0 0 0 0
4331 52 0 0 0 0 0 0 0 0
4332 52 0 0 0 0 0 0 0 0
4333 52 0 0 26 2 1 0 0 0
4334 156 0 0 0 0 0 0 0 0
4339 100 1 1 0 0 0 0 0 0
4343 130 1 1 0 0 0 0 0 0
4346 92 1 1 23 0 0 0 0 0
4353 28 0 0 0 0 0 0 0 0
4355 10 0 0 0 0 0 0 0 0
4357 20 0 0 0 0 0 0 0 0
4361 4 0 0 4 0 0 0 0 0
4364 8 0 0 0 0 0 0 0 0
4373 16 1 1 4 0 0 0 0 0
4376 8 0 0 0 0 0 0 0 0
4378 12 1 1 0 0 0 4 0 0
4381 12 0 0 0 0 0 8 2 0
4384 16 0 0 8 0 0 0 0 0
4394 4 0 0 0 0 0 0 0 0
4399 16 0 0 4 0 0 0 0 0
4400 8 1 1 4 0 0 0 0 0
4403 4 0 0 0 0 0 4 1 0
4404 4 0 0 0 0 0 4 0 0
4405 4 0 0 0 0 0 4 0 0
4408 8 0 0 0 0 0 0 0 0
4410 8 0 0 0 0 0 0 0 0
4412 8 0 0 0 0 0 4 0 0
4415 32 1 1 0 0 0 4 0 0
4417 12 0 0 0 0 0 4 1 0
4418 4 0 0 0 0 0 4 0 0
4421 4 0 0 0 0 0 0 0 0
4443 22 1 1 22 0 0 0 0 0
4444 44 0 0 22 4 0 0 0 0
4446 44 0 0 22 4 1 0 0 0
4449 66 0 0 0 0 0 0 0 0
4451 16 0 0 0 0 0 0 0 0
4452 32 1 1 0 0 0 0 0 0
4453 16 0 0 0 0 0 16 0 0
4454 128 1 1 0 0 0 16 0 0
4456 32 0 0 0 0 0 16 16 16
4459 34 0 0 0 0 0 0 0 0
4460 69 0 0 0 0 0 23 1 1
4461 23 0 0 0 0 0 0 0 0
4466 24 0 0 6 0 0 6 0 0
4482 10 0 0 0 0 0 0 0 0
4487 324 3 2 243 0 0 0 0 0
fn=alloc_perturb
1985 69 1 1 23 0 0 0 0 0
1987 23 0 0 23 0 0 0 0 0
fn=free
3359 175 2 2 0 0 0 100 0 0
3363 50 0 0 0 0 0 0 0 0
3371 50 0 0 50 20 2 0 0 0
3373 25 0 0 0 0 0 0 0 0
3375 75 0 0 25 9 0 0 0 0
3379 6 1 1 2 2 0 0 0 0
3381 8 0 0 2 2 0 0 0 0
3383 4 0 0 0 0 0 2 0 0
3384 4 0 0 0 0 0 2 0 0
3385 2 0 0 0 0 0 0 0 0
3388 4 0 0 0 0 0 2 2 0
3392 69 0 0 46 14 0 0 0 0
3398 69 1 1 0 0 0 23 3 0
3401 25 0 0 0 0 0 25 0 0
3402 150 1 1 125 0 0 0 0 0
fn=malloc
1326 54 0 0 0 0 0 0 0 0
1345 135 1 1 0 0 0 0 0 0
3294 216 1 1 0 0 0 108 10 1
3301 54 0 0 27 9 1 0 0 0
3311 54 0 0 0 0 0 0 0 0
3313 108 0 0 54 17 2 0 0 0
3316 54 0 0 27 9 1 0 0 0
3318 24 1 1 8 2 2 0 0 0
3326 54 1 1 27 11 1 0 0 0
3328 108 1 1 0 0 0 27 0 0
3329 135 1 1 27 0 0 0 0 0
3354 162 1 1 135 0 0 0 0 0
fn=munmap_chunk
3024 4 1 1 0 0 0 2 0 0
3025 4 0 0 4 4 0 0 0 0
3026 6 0 0 2 0 0 0 0 0
3028 4 0 0 0 0 0 0 0 0
3030 2 0 0 0 0 0 0 0 0
3031 6 0 0 2 0 0 0 0 0
3032 2 0 0 0 0 0 0 0 0
3038 8 0 0 0 0 0 0 0 0
3039 10 1 1 0 0 0 0 0 0
3042 2 0 0 4 0 0 0 0 0
3043 6 0 0 4 0 0 0 0 0
3048 4 0 0 0 0 0 0 0 0
3049 2 0 0 2 0 0 0 0 0
fn=sysmalloc_mmap.isra.0
2008 16 0 0 4 0 0 0 0 0
2400 24 1 1 0 0 0 16 3 0
2413 12 0 0 0 0 0 0 0 0
2418 8 0 0 0 0 0 0 0 0
2421 40 1 1 0 0 0 4 0 0
2424 8 1 1 0 0 0 0 0 0
2428 8 0 0 0 0 0 0 0 0
2432 16 0 0 0 0 0 4 0 0
2448 12 0 0 0 0 0 0 0 0
2466 4 0 0 0 0 0 4 4 4
2467 12 1 1 0 0 0 4 0 0
2471 12 0 0 8 0 0 0 0 0
2472 18 0 0 7 0 0 0 0 0
2475 12 1 1 8 0 0 0 0 0
2476 20 0 0 8 0 0 0 0 0
2481 28 0 0 20 0 0 0 0 0
fn=systrim.constprop.0
2957 18 1 1 0 0 0 12 0 0
2966 9 0 0 6 0 0 0 0 0
2968 3 0 0 0 0 0 0 0 0
2969 6 0 0 0 0 0 0 0 0
2970 2 0 0 0 0 0 0 0 0
2974 9 0 0 3 0 0 0 0 0
2975 3 0 0 0 0 0 0 0 0
2978 15 1 1 6 6 0 0 0 0
2980 6 0 0 0 0 0 0 0 0
2987 3 0 0 0 0 0 1 0 0
2988 4 0 0 1 0 0 0 0 0
3000 3 1 1 0 0 0 1 0 0
3001 2 0 0 0 0 0 1 0 0
3003 1 0 0 0 0 0 0 0 0
3005 2 0 0 0 0 0 0 0 0
3009 2 0 0 0 0 0 0 0 0
3012 1 0 0 1 0 0 0 0 0
3013 4 0 0 1 0 0 1 0 0
3015 2 0 0 0 0 0 0 0 0
3020 18 0 0 15 0 0 0 0 0
fn=unlink_chunk.isra.0
1608 36 1 1 0 0 0 18 0 0
1610 90 0 0 36 0 0 0 0 0
1613 36 0 0 36 1 0 0 0 0
1614 36 0 0 18 0 0 0 0 0
1616 72 2 1 36 6 0 0 0 0
1619 18 0 0 0 0 0 18 0 0
1620 18 0 0 0 0 0 18 0 0
1621 90 0 0 18 6 0 0 0 0
1623 32 0 0 16 0 0 0 0 0
1624 48 0 0 32 0 0 0 0 0
1627 32 0 0 16 4 0 0 0 0
1641 16 0 0 0 0 0 16 0 0
1642 16 1 1 0 0 0 16 0 0
1645 36 0 0 36 0 0 0 0 0
fl=./malloc/./malloc/morecore.c
fn=__glibc_morecore
25 15 1 1 0 0 0 5 0 0
26 10 0 0 5 0 0 0 0 0
29 5 0 0 0 0 0 5 0 0
30 10 0 0 0 0 0 0 0 0
34 10 0 0 10 0 0 0 0 0
fl=./misc/../sysdeps/unix/syscall-template.S
fn=munmap
117 10 2 2 0 0 0 0 0 0
122 2 0 0 2 0 0 0 0 0
fl=./misc/../sysdeps/unix/sysv/linux/brk.c
fn=brk
36 3 1 1 0 0 0 0 0 0
37 6 0 0 3 0 0 3 0 0
38 6 0 0 0 0 0 0 0 0
44 3 0 0 0 0 0 0 0 0
45 3 0 0 3 0 0 0 0 0
fl=./misc/../sysdeps/unix/sysv/linux/brk_call.h
fn=brk
24 6 0 0 0 0 0 0 0 0
fl=./misc/../sysdeps/unix/sysv/linux/mmap64.c
fn=mmap
47 28 1 1 0 0 0 12 1 0
50 8 0 0 0 0 0 0 0 0
53 28 1 1 0 0 0 0 0 0
58 24 1 1 0 0 0 0 0 0
60 16 0 0 16 0 0 0 0 0
fl=./misc/../sysdeps/unix/sysv/linux/setvmaname.c
fn=__set_vma_name
33 28 2 2 0 0 0 16 3 0
35 20 0 0 8 4 1 4 0 0
49 36 0 0 28 0 0 0 0 0
fl=./misc/./misc/sbrk.c
fn=sbrk
37 40 1 1 0 0 0 20 0 0
40 10 0 0 10 6 2 0 0 0
43 10 3 1 5 3 1 0 0 0
58 10 0 0 0 0 0 0 0 0
62 10 0 0 0 0 0 0 0 0
66 12 1 1 0 0 0 0 0 0
68 2 0 0 0 0 0 0 0 0
74 9 1 1 0 0 0 3 2 0
78 35 0 0 25 0 0 0 0 0
fl=./string/../sysdeps/x86_64/multiarch/../multiarch/strcmp-sse2.S
fn=strcmp
98 3 1 1 0 0 0 0 0 0
131 3 0 0 0 0 0 0 0 0
132 3 0 0 0 0 0 0 0 0
134 3 0 0 0 0 0 0 0 0
135 3 0 0 0 0 0 0 0 0
156 3 0 0 0 0 0 0 0 0
157 3 0 0 0 0 0 0 0 0
158 3 0 0 0 0 0 0 0 0
159 3 0 0 0 0 0 0 0 0
160 2 0 0 2 2 2 0 0 0
161 2 1 1 2 1 1 0 0 0
162 2 0 0 2 0 0 0 0 0
163 2 0 0 2 0 0 0 0 0
180 2 0 0 0 0 0 0 0 0
181 2 0 0 0 0 0 0 0 0
182 2 0 0 0 0 0 0 0 0
183 2 0 0 0 0 0 0 0 0
184 2 0 0 0 0 0 0 0 0
185 2 0 0 0 0 0 0 0 0
186 2 0 0 0 0 0 0 0 0
201 1 1 1 0 0 0 0 0 0
202 1 0 0 0 0 0 0 0 0
203 1 0 0 0 0 0 0 0 0
204 1 0 0 0 0 0 0 0 0
205 1 0 0 0 0 0 0 0 0
206 1 0 0 0 0 0 0 0 0
207 1 0 0 0 0 0 0 0 0
208 1 0 0 0 0 0 0 0 0
229 1 1 1 1 0 0 0 0 0
230 1 0 0 0 0 0 0 0 0
231 1 0 0 0 0 0 0 0 0
233 1 0 0 1 1 1 0 0 0
239 1 0 0 0 0 0 0 0 0
240 1 0 0 0 0 0 0 0 0
241 1 0 0 0 0 0 0 0 0
242 1 0 0 0 0 0 0 0 0
243 1 0 0 0 0 0 0 0 0
248 1 0 0 0 0 0 0 0 0
250 1 0 0 0 0 0 0 0 0
251 1 0 0 0 0 0 0 0 0
252 2 0 0 0 0 0 0 0 0
260 1 1 1 1 0 0 0 0 0
261 1 0 0 1 1 1 0 0 0
264 1 0 0 0 0 0 0 0 0
265 1 0 0 0 0 0 0 0 0
266 1 0 0 0 0 0 0 0 0
267 1 0 0 0 0 0 0 0 0
268 1 0 0 0 0 0 0 0 0
269 1 0 0 0 0 0 0 0 0
2093 1 1 1 0 0 0 0 0 0
2095 1 0 0 0 0 0 0 0 0
2096 1 0 0 0 0 0 0 0 0
2097 1 0 0 0 0 0 0 0 0
2098 1 0 0 0 0 0 0 0 0
2104 3 1 1 0 0 0 0 0 0
2110 3 0 0 3 0 0 0 0 0
2111 3 0 0 3 0 0 0 0 0
2119 3 0 0 0 0 0 0 0 0
2120 3 0 0 3 0 0 0 0 0
fl=./string/../sysdeps/x86_64/multiarch/memmove-vec-unaligned-erms.S
fn=__memcpy_avx_unaligned_erms
255 16 1 1 0 0 0 0 0 0
256 16 0 0 0 0 0 0 0 0
262 16 0 0 0 0 0 0 0 0
263 16 0 0 0 0 0 0 0 0
265 15 0 0 15 3 0 0 0 0
266 15 0 0 0 0 0 0 0 0
267 15 0 0 0 0 0 0 0 0
270 2 0 0 2 0 0 0 0 0
271 2 0 0 0 0 0 2 1 1
272 2 0 0 0 0 0 2 0 0
275 4 0 0 2 0 0 0 0 0
305 1 0 0 0 0 0 0 0 0
306 1 0 0 0 0 0 0 0 0
308 1 0 0 0 0 0 0 0 0
309 1 0 0 0 0 0 0 0 0
311 1 0 0 0 0 0 0 0 0
315 1 0 0 0 0 0 0 0 0
316 1 1 1 0 0 0 0 0 0
317 1 0 0 0 0 0 0 0 0
325 1 0 0 1 0 0 0 0 0
375 1 1 1 1 0 0 0 0 0
376 1 0 0 1 0 0 0 0 0
377 1 0 0 0 0 0 1 0 0
378 1 0 0 0 0 0 1 1 1
379 1 0 0 0 0 0 1 0 0
380 1 0 0 0 0 0 1 0 0
381 2 0 0 1 0 0 0 0 0
386 13 4 1 13 6 1 0 0 0
387 13 0 0 0 0 0 0 0 0
392 7 0 0 0 0 0 0 0 0
393 7 0 0 0 0 0 0 0 0
395 2 0 0 2 0 0 0 0 0
396 2 0 0 0 0 0 0 0 0
397 2 0 0 0 0 0 0 0 0
399 1 0 0 1 0 0 0 0 0
400 1 0 0 1 0 0 0 0 0
401 1 0 0 1 0 0 0 0 0
402 1 0 0 1 0 0 0 0 0
403 1 0 0 1 0 0 0 0 0
404 1 1 1 1 0 0 0 0 0
405 1 0 0 0 0 0 1 0 0
406 1 0 0 0 0 0 1 1 1
407 1 0 0 0 0 0 1 0 0
408 1 0 0 0 0 0 1 1 1
409 1 0 0 0 0 0 1 0 0
410 1 0 0 0 0 0 1 1 1
411 1 0 0 0 0 0 1 0 0
412 1 0 0 0 0 0 1 0 0
413 2 0 0 1 0 0 0 0 0
417 5 0 0 0 0 0 0 0 0
418 5 0 0 0 0 0 0 0 0
422 5 0 0 0 0 0 0 0 0
424 5 1 1 0 0 0 0 0 0
428 5 0 0 5 1 1 0 0 0
429 5 0 0 0 0 0 0 0 0
440 5 0 0 0 0 0 0 0 0
443 5 0 0 0 0 0 0 0 0
445 5 0 0 0 0 0 0 0 0
447 5 0 0 0 0 0 0 0 0
451 5 0 0 0 0 0 0 0 0
452 5 0 0 0 0 0 0 0 0
461 4 0 0 4 0 0 0 0 0
462 4 0 0 4 0 0 0 0 0
464 4 0 0 0 0 0 0 0 0
466 4 0 0 0 0 0 0 0 0
467 4 1 1 4 0 0 0 0 0
468 4 0 0 4 0 0 0 0 0
471 4 0 0 0 0 0 0 0 0
473 4 0 0 0 0 0 0 0 0
475 4 0 0 0 0 0 0 0 0
477 8 0 0 0 0 0 0 0 0
483 56 0 0 56 0 0 0 0 0
484 56 0 0 56 0 0 0 0 0
485 56 0 0 56 0 0 0 0 0
486 56 0 0 56 0 0 0 0 0
487 56 0 0 0 0 0 0 0 0
488 56 0 0 0 0 0 56 41 41
489 56 0 0 0 0 0 56 15 15
490 56 1 1 0 0 0 56 41 41
491 56 0 0 0 0 0 56 15 15
492 56 0 0 0 0 0 0 0 0
493 56 0 0 0 0 0 0 0 0
494 56 0 0 0 0 0 0 0 0
496 4 0 0 0 0 0 4 1 1
497 4 0 0 0 0 0 4 3 3
498 4 0 0 0 0 0 4 0 0
499 4 0 0 0 0 0 4 0 0
501 4 0 0 0 0 0 4 0 0
505 8 0 0 4 0 0 0 0 0
518 1 0 0 1 0 0 0 0 0
519 1 0 0 1 0 0 0 0 0
521 1 1 1 0 0 0 0 0 0
522 1 0 0 1 0 0 0 0 0
523 1 0 0 1 0 0 0 0 0
525 1 0 0 0 0 0 0 0 0
527 1 0 0 0 0 0 0 0 0
529 2 0 0 0 0 0 0 0 0
535 63 0 0 63 0 0 0 0 0
536 63 0 0 63 0 0 0 0 0
537 63 0 0 63 1 0 0 0 0
538 63 0 0 63 0 0 0 0 0
539 63 0 0 0 0 0 0 0 0
540 63 0 0 0 0 0 63 1 1
541 63 1 1 0 0 0 63 63 63
542 63 0 0 0 0 0 63 0 0
543 63 0 0 0 0 0 63 63 63
544 63 0 0 0 0 0 0 0 0
545 63 0 0 0 0 0 0 0 0
546 63 0 0 0 0 0 0 0 0
548 1 0 0 0 0 0 1 1 1
549 1 0 0 0 0 0 1 0 0
550 1 0 0 0 0 0 1 0 0
551 1 0 0 0 0 0 1 0 0
553 1 0 0 0 0 0 1 0 0
554 2 0 0 1 0 0 0 0 0
563 6 1 1 6 4 0 0 0 0
570 6 0 0 0 0 0 0 0 0
571 6 0 0 0 0 0 0 0 0
577 5 0 0 0 0 0 0 0 0
580 5 0 0 0 0 0 0 0 0
582 5 0 0 0 0 0 0 0 0
585 5 0 0 0 0 0 0 0 0
586 5 0 0 0 0 0 0 0 0
588 5 0 0 0 0 0 0 0 0
590 900885 0 0 900880 13843 0 900880 14079 14075
592 5 0 0 0 0 0 5 3 0
594 5 0 0 0 0 0 5 3 0
596 10 0 0 5 4 0 0 0 0
601 6 1 1 0 0 0 0 0 0
602 6 0 0 0 0 0 0 0 0
606 6 0 0 0 0 0 0 0 0
608 6 0 0 0 0 0 0 0 0
611 6 0 0 0 0 0 0 0 0
615 6 0 0 6 6 0 0 0 0
616 6 0 0 0 0 0 0 0 0
620 6 0 0 6 0 0 0 0 0
624 6 0 0 0 0 0 0 0 0
648 1 0 0 0 0 0 0 0 0
650 1 0 0 0 0 0 0 0 0
652 1 0 0 0 0 0 0 0 0
654 1 1 1 0 0 0 0 0 0
657 1 0 0 0 0 0 0 0 0
658 1 0 0 0 0 0 0 0 0
660 131025 0 0 131024 2029 0 131024 2048 2047
663 1 0 0 0 0 0 1 1 0
665 1 0 0 0 0 0 1 1 0
667 2 0 0 1 1 0 0 0 0
fl=./string/../sysdeps/x86_64/multiarch/memset-vec-unaligned-erms.S
fn=__memset_avx2_unaligned_erms
158 11 1 1 0 0 0 0 0 0
159 22 0 0 0 0 0 0 0 0
164 11 0 0 0 0 0 0 0 0
165 11 0 0 0 0 0 0 0 0
166 11 0 0 0 0 0 0 0 0
167 11 0 0 0 0 0 0 0 0
168 11 0 0 0 0 0 0 0 0
170 2 0 0 0 0 0 2 1 1
171 2 0 0 0 0 0 2 0 0
172 4 0 0 2 0 0 0 0 0
181 1 0 0 0 0 0 1 1 1
182 1 0 0 0 0 0 1 0 0
184 2 0 0 1 0 0 0 0 0
237 9 1 1 9 6 0 0 0 0
238 9 0 0 0 0 0 0 0 0
244 5 0 0 0 0 0 5 2 2
245 5 0 0 0 0 0 5 2 1
257 5 0 0 0 0 0 0 0 0
260 5 0 0 0 0 0 0 0 0
261 5 0 0 0 0 0 0 0 0
273 4 0 0 0 0 0 4 0 0
274 4 0 0 0 0 0 4 1 1
287 4 0 0 0 0 0 0 0 0
288 4 0 0 0 0 0 0 0 0
290 4 0 0 0 0 0 0 0 0
293 3 0 0 0 0 0 0 0 0
296 3 0 0 0 0 0 0 0 0
299 24 0 0 0 0 0 24 0 0
300 24 0 0 0 0 0 24 0 0
301 24 0 0 0 0 0 24 1 0
302 24 0 0 0 0 0 24 0 0
303 24 0 0 0 0 0 0 0 0
304 24 0 0 0 0 0 0 0 0
305 27 0 0 0 0 0 0 0 0
308 4 1 1 0 0 0 4 0 0
309 4 0 0 0 0 0 4 1 1
310 4 0 0 0 0 0 4 0 0
311 4 0 0 0 0 0 4 0 0
314 8 0 0 4 0 0 0 0 0
325 4 1 1 0 0 0 0 0 0
326 4 0 0 0 0 0 0 0 0
327 4 0 0 0 0 0 0 0 0
328 61444 0 0 0 0 0 61440 959 641
329 4 0 0 0 0 0 0 0 0
330 8 0 0 4 0 0 0 0 0
fl=/home/wang/git-repositories/vcpkg/installed/x64-linux-clang-libcxx/include/boost/container_hash/hash.hpp
fn=_ZN5boost9unordered6detail3foa10table_coreINS2_14flat_map_typesIjjEENS2_7group15INS2_14plain_integralEEENS2_12table_arraysENS2_18plain_size_controlENS_4hashIjEENSt3__18equal_toIjEENSD_9allocatorINSD_4pairIKjjEEEEE22for_all_elements_whileIZNSL_22for_all_elements_whileIZNSL_16for_all_elementsIZNSL_16unchecked_rehashERNS9_ISJ_S8_NS2_16pow2_size_policyESK_EEEUlPSJ_E_EEDTcmclfL1p0_LDnEEcvv_EERKSQ_T_EUlSS_E_EESU_SW_SX_EUlPS8_jSS_E_EEDTcmclfp0_LDnELi0ELDnEEcvv_EESW_SX_
538 26786 0 0 26786 3447 0 0 0 0
fl=/home/wang/git-repositories/vcpkg/installed/x64-linux-clang-libcxx/include/boost/unordered/detail/foa/core.hpp
fn=_ZN5boost9unordered6detail3foa10table_coreINS2_14flat_map_typesIjjEENS2_7group15INS2_14plain_integralEEENS2_12table_arraysENS2_18plain_size_controlENS_4hashIjEENSt3__18equal_toIjEENSD_9allocatorINSD_4pairIKjjEEEEE22for_all_elements_whileIZNSL_22for_all_elements_whileIZNSL_16for_all_elementsIZNSL_16unchecked_rehashERNS9_ISJ_S8_NS2_16pow2_size_policyESK_EEEUlPSJ_E_EEDTcmclfL1p0_LDnEEcvv_EERKSQ_T_EUlSS_E_EESU_SW_SX_EUlPS8_jSS_E_EEDTcmclfp0_LDnELi0ELDnEEcvv_EESW_SX_
0 18464 1 1 16368 0 0 10 0 0
296 57664 1 1 28832 1189 0 0 0 0
297 26786 0 0 0 0 0 0 0 0
313 2046 0 0 0 0 0 0 0 0
389 53572 0 0 26786 5 0 0 0 0
849 26786 0 0 0 0 0 0 0 0
927 80358 0 0 0 0 0 0 0 0
1033 11 0 0 11 0 0 0 0 0
1034 10 1 1 10 0 0 0 0 0
1955 26786 0 0 26786 0 0 0 0 0
1961 14322 0 0 0 0 0 2046 0 0
2061 77 1 1 0 0 0 77 0 0
2063 22 0 0 0 0 0 0 0 0
2064 2076 0 0 10 0 0 0 0 0
2065 4092 0 0 0 0 0 0 0 0
2067 59710 0 0 0 0 0 0 0 0
2075 88 2 2 77 0 0 0 0 0
2350 55618 0 0 2046 0 0 26786 0 0
2373 107144 1 1 0 0 0 0 0 0
2375 26786 0 0 0 0 0 0 0 0
2377 53572 0 0 0 0 0 0 0 0
fn=auto lob::for_each_type<std::__1::tuple<lob::v0::Book<lob::ChecksumSink>, lob::v1::Book<lob::ChecksumSink>, lob::v2::Book<lob::ChecksumSink>, lob::v3::BookT<lob::ChecksumSink, 16u>, lob::v4::BookT<lob::ChecksumSink, 16u>, lob::v5::BookT<lob::ChecksumSink, 16u> >, (anonymous namespace)::with_version<(anonymous namespace)::cmd_replay((anonymous namespace)::Args const&)::$_0>(std::__1::basic_string_view<char, std::__1::char_traits<char> >, (anonymous namespace)::cmd_replay((anonymous namespace)::Args const&)::$_0&&)::{lambda<typename $T0>()#1}>((anonymous namespace)::with_version<(anonymous namespace)::cmd_replay((anonymous namespace)::Args const&)::$_0>(std::__1::basic_string_view<char, std::__1::char_traits<char> >, (anonymous namespace)::cmd_replay((anonymous namespace)::Args const&)::$_0&&)::{lambda<typename $T0>()#1}&&)::{lambda<unsigned long... $N0>(std::__1::integer_sequence<unsigned long, ($N0)...>)#1}::operator()<0ul, 1ul, 2ul, 3ul, 4ul, 5ul>(std::__1::integer_sequence<unsigned long, 0ul, 1ul, 2ul, 3ul, 4ul, 5ul>) const
0 2068954 4 4 519312 0 0 512966 0 0
271 1038624 0 0 0 0 0 0 0 0
272 523709 0 0 0 0 0 0 0 0
279 1038624 1 1 519312 1 1 0 0 0
336 519312 0 0 519312 425490 1 0 0 0
849 3590769 1 1 1538901 368 26 0 0 0
881 6345 0 0 0 0 0 0 0 0
882 19035 0 0 0 0 0 0 0 0
883 6345 0 0 0 0 0 0 0 0
927 8802 0 0 0 0 0 0 0 0
1727 1038624 0 0 0 0 0 0 0 0
1729 519312 0 0 0 0 0 0 0 0
1732 8794 0 0 0 0 0 0 0 0
1733 4397 0 0 0 0 0 0 0 0
1737 4401 0 0 0 0 0 0 0 0
1743 8802 0 0 0 0 0 0 0 0
1745 519312 0 0 0 0 0 0 0 0
1750 6345 0 0 0 0 0 0 0 0
1955 512967 0 0 512967 1 1 0 0 0
fn=boost::unordered::detail::foa::table_core<boost::unordered::detail::foa::flat_map_types<unsigned int, unsigned int>, boost::unordered::detail::foa::group15<boost::unordered::detail::foa::plain_integral>, boost::unordered::detail::foa::table_arrays, boost::unordered::detail::foa::plain_size_control, boost::hash<unsigned int>, std::__1::equal_to<unsigned int>, std::__1::allocator<std::__1::pair<unsigned int const, unsigned int> > >::unchecked_rehash(boost::unordered::detail::foa::table_arrays<std::__1::pair<unsigned int const, unsigned int>, boost::unordered::detail::foa::group15<boost::unordered::detail::foa::plain_integral>, boost::unordered::detail::foa::pow2_size_policy, std::__1::allocator<std::__1::pair<unsigned int const, unsigned int> > >&)
0 44 0 0 0 0 0 11 0 0
1033 22 0 0 22 4 0 0 0 0
1096 22 1 1 0 0 0 0 0 0
1098 10 0 0 10 0 0 0 0 0
1108 20 0 0 0 0 0 0 0 0
1113 20 0 0 0 0 0 0 0 0
1563 132 2 2 22 4 0 0 0 0
1811 55 0 0 11 0 0 0 0 0
2025 55 0 0 0 0 0 33 0 0
2054 11 0 0 0 0 0 11 0 0
2288 55 1 1 0 0 0 22 0 0
2289 11 0 0 0 0 0 11 0 0
2320 22 0 0 11 0 0 11 0 0
2321 11 0 0 0 0 0 11 4 0
2322 55 0 0 33 0 0 0 0 0
fn=boost::unordered::detail::foa::table_locator<boost::unordered::detail::foa::group15<boost::unordered::detail::foa::plain_integral>, std::__1::pair<unsigned int const, unsigned int> > boost::unordered::detail::foa::table_core<boost::unordered::detail::foa::flat_map_types<unsigned int, unsigned int>, boost::unordered::detail::foa::group15<boost::unordered::detail::foa::plain_integral>, boost::unordered::detail::foa::table_arrays, boost::unordered::detail::foa::plain_size_control, boost::hash<unsigned int>, std::__1::equal_to<unsigned int>, std::__1::allocator<std::__1::pair<unsigned int const, unsigned int> > >::unchecked_emplace_with_rehash<boost::unordered::detail::foa::try_emplace_args_t, unsigned int&, unsigned int&>(unsigned long, boost::unordered::detail::foa::try_emplace_args_t&&, unsigned int&, unsigned int&)
0 242 2 2 33 0 0 44 0 0
296 22 0 0 11 0 0 0 0 0
297 22 1 1 0 0 0 0 0 0
389 33 0 0 11 0 0 0 0 0
837 44 1 1 0 0 0 0 0 0
842 22 0 0 0 0 0 0 0 0
849 11 0 0 0 0 0 0 0 0
859 22 0 0 0 0 0 0 0 0
927 22 0 0 0 0 0 0 0 0
1031 44 0 0 0 0 0 44 2 0
1051 22 1 1 0 0 0 11 0 0
1057 44 0 0 0 0 0 0 0 0
1058 33 0 0 0 0 0 0 0 0
1059 11 0 0 0 0 0 0 0 0
1066 11 0 0 0 0 0 0 0 0
1073 22 0 0 0 0 0 0 0 0
1085 11 0 0 0 0 0 0 0 0
1108 11 0 0 0 0 0 0 0 0
1113 11 0 0 0 0 0 0 0 0
1125 33 0 0 0 0 0 11 0 0
1126 11 0 0 0 0 0 0 0 0
1689 11 0 0 11 0 0 0 0 0
1983 110 1 1 0 0 0 66 4 0
1988 44 0 0 0 0 0 33 0 0
1999 22 0 0 0 0 0 11 0 0
2000 11 0 0 11 0 0 0 0 0
2002 99 0 0 77 4 0 0 0 0
2132 198 2 2 22 7 1 0 0 0
2373 22 0 0 0 0 0 0 0 0
2375 11 0 0 0 0 0 0 0 0
2377 44 0 0 0 0 0 0 0 0
fn=lob::v5::BookT<lob::ChecksumSink, 16u>::index_erase(unsigned long)
0 300958 1 1 100308 8 0 0 0 0
271 66940 0 0 0 0 0 0 0 0
272 66906 0 0 0 0 0 0 0 0
279 100342 0 0 66906 0 0 0 0 0
336 33470 0 0 33470 22728 0 0 0 0
404 33436 0 0 0 0 0 0 0 0
849 66872 0 0 33436 0 0 0 0 0
881 34 0 0 0 0 0 0 0 0
882 102 0 0 0 0 0 0 0 0
883 34 0 0 0 0 0 0 0 0
927 67270 0 0 0 0 0 0 0 0
1727 66940 0 0 0 0 0 0 0 0
1729 33470 0 0 0 0 0 0 0 0
1732 66872 0 0 0 0 0 0 0 0
1733 33436 0 0 0 0 0 0 0 0
1737 33635 0 0 0 0 0 0 0 0
1743 398 0 0 0 0 0 0 0 0
1745 34 0 0 0 0 0 0 0 0
1750 34 0 0 0 0 0 0 0 0
1955 33436 0 0 33436 0 0 0 0 0
2266 66872 0 0 33436 0 0 0 0 0
fn=lob::v5::BookT<lob::ChecksumSink, 16u>::index_insert(unsigned long, unsigned int)
0 7061666 2 2 2022062 5 0 503956 0 0
271 1020388 0 0 0 0 0 0 0 0
272 514524 0 0 0 0 0 0 0 0
279 510194 0 0 510194 5 0 0 0 0
296 1009856 0 0 504928 155 0 0 0 0
297 1008873 0 0 0 0 0 0 0 0
336 510194 0 0 510194 44 0 0 0 0
849 503956 0 0 0 0 0 0 0 0
881 6238 0 0 0 0 0 0 0 0
882 20680 0 0 983 0 0 0 0 0
883 6238 0 0 0 0 0 0 0 0
927 1016558 0 0 0 0 0 0 0 0
1727 1020388 0 0 0 0 0 0 0 0
1729 510194 0 0 0 0 0 0 0 0
1732 8660 0 0 0 0 0 0 0 0
1733 4330 0 0 0 0 0 0 0 0
1737 4334 0 0 0 0 0 0 0 0
1743 8668 0 0 0 0 0 0 0 0
1745 510194 0 0 0 0 0 0 0 0
1750 6238 0 0 0 0 0 0 0 0
1955 503956 0 0 503956 0 0 0 0 0
1970 1007890 0 0 0 0 0 503945 0 0
2373 2019712 0 0 0 0 0 0 0 0
2375 506980 0 0 0 0 0 0 0 0
2377 1007890 0 0 0 0 0 0 0 0
fn=void lob::v5::BookT<lob::ChecksumSink, 16u>::cancel_in<boost::unordered::unordered_flat_map<unsigned int, unsigned int, boost::hash<unsigned int>, std::__1::equal_to<unsigned int>, std::__1::allocator<std::__1::pair<unsigned int const, unsigned int> > >, unsigned int>(boost::unordered::unordered_flat_map<unsigned int, unsigned int, boost::hash<unsigned int>, std::__1::equal_to<unsigned int>, std::__1::allocator<std::__1::pair<unsigned int const, unsigned int> > >&, unsigned int, unsigned long)
0 3444574 1 1 1291545 164 3 0 0 0
271 861918 0 0 0 0 0 0 0 0
272 861479 0 0 0 0 0 0 0 0
279 2153463 0 0 861474 0 0 0 0 0
336 430959 0 0 430959 296978 0 0 0 0
404 430515 0 0 0 0 0 0 0 0
849 861030 0 0 430515 0 0 0 0 0
881 444 0 0 0 0 0 0 0 0
882 1332 0 0 0 0 0 0 0 0
883 444 0 0 0 0 0 0 0 0
927 864478 0 0 0 0 0 0 0 0
1727 861918 0 0 0 0 0 0 0 0
1729 430959 0 0 0 0 0 0 0 0
1732 861040 0 0 0 0 0 0 0 0
1733 430520 1 1 0 0 0 0 0 0
1737 432239 0 0 0 0 0 0 0 0
1743 3448 0 0 0 0 0 0 0 0
1745 444 0 0 0 0 0 0 0 0
1750 444 0 0 0 0 0 0 0 0
1955 430515 0 0 430515 0 0 0 0 0
2266 3013605 1 1 861030 5 0 430515 0 0
fn=void lob::v5::BookT<lob::ChecksumSink, 16u>::modify_in<boost::unordered::unordered_flat_map<unsigned int, unsigned int, boost::hash<unsigned int>, std::__1::equal_to<unsigned int>, std::__1::allocator<std::__1::pair<unsigned int const, unsigned int> > >, unsigned int>(boost::unordered::unordered_flat_map<unsigned int, unsigned int, boost::hash<unsigned int>, std::__1::equal_to<unsigned int>, std::__1::allocator<std::__1::pair<unsigned int const, unsigned int> > >&, unsigned int, unsigned long, long, unsigned int)
0 169601 1 1 56518 0 0 0 0 0
271 113130 0 0 0 0 0 0 0 0
272 113083 0 0 0 0 0 0 0 0
279 89854 0 0 44927 0 0 0 0 0
336 56565 0 0 56565 38323 0 0 0 0
404 44880 0 0 0 0 0 0 0 0
849 395626 0 0 169554 20 0 0 0 0
881 47 0 0 0 0 0 0 0 0
882 141 0 0 0 0 0 0 0 0
883 47 0 0 0 0 0 0 0 0
927 113458 0 0 0 0 0 0 0 0
1727 113130 0 0 0 0 0 0 0 0
1729 56565 0 0 0 0 0 0 0 0
1732 113036 0 0 0 0 0 0 0 0
1733 56518 0 0 0 0 0 0 0 0
1737 56729 0 0 0 0 0 0 0 0
1743 422 1 1 0 0 0 0 0 0
1745 47 0 0 0 0 0 0 0 0
1750 47 0 0 0 0 0 0 0 0
1955 56518 0 0 56518 0 0 0 0 0
2266 157080 1 1 44880 3 1 22440 0 0
fl=/home/wang/git-repositories/vcpkg/installed/x64-linux-clang-libcxx/include/boost/unordered/detail/foa/table.hpp
fn=_ZN5boost9unordered6detail3foa10table_coreINS2_14flat_map_typesIjjEENS2_7group15INS2_14plain_integralEEENS2_12table_arraysENS2_18plain_size_controlENS_4hashIjEENSt3__18equal_toIjEENSD_9allocatorINSD_4pairIKjjEEEEE22for_all_elements_whileIZNSL_22for_all_elements_whileIZNSL_16for_all_elementsIZNSL_16unchecked_rehashERNS9_ISJ_S8_NS2_16pow2_size_policyESK_EEEUlPSJ_E_EEDTcmclfL1p0_LDnEEcvv_EERKSQ_T_EUlSS_E_EESU_SW_SX_EUlPS8_jSS_E_EEDTcmclfp0_LDnELi0ELDnEEcvv_EESW_SX_
40 26786 1 1 0 0 0 26786 0 0
fn=boost::unordered::detail::foa::table_locator<boost::unordered::detail::foa::group15<boost::unordered::detail::foa::plain_integral>, std::__1::pair<unsigned int const, unsigned int> > boost::unordered::detail::foa::table_core<boost::unordered::detail::foa::flat_map_types<unsigned int, unsigned int>, boost::unordered::detail::foa::group15<boost::unordered::detail::foa::plain_integral>, boost::unordered::detail::foa::table_arrays, boost::unordered::detail::foa::plain_size_control, boost::hash<unsigned int>, std::__1::equal_to<unsigned int>, std::__1::allocator<std::__1::pair<unsigned int const, unsigned int> > >::unchecked_emplace_with_rehash<boost::unordered::detail::foa::try_emplace_args_t, unsigned int&, unsigned int&>(unsigned long, boost::unordered::detail::foa::try_emplace_args_t&&, unsigned int&, unsigned int&)
0 33 0 0 11 0 0 11 0 0
40 22 1 1 0 0 0 22 0 0
fn=lob::v5::BookT<lob::ChecksumSink, 16u>::index_erase(unsigned long)
0 33436 0 0 33436 0 0 0 0 0
40 66872 0 0 0 0 0 33436 0 0
140 33436 0 0 0 0 0 0 0 0
493 33436 0 0 0 0 0 0 0 0
fn=lob::v5::BookT<lob::ChecksumSink, 16u>::index_insert(unsigned long, unsigned int)
0 1017749 4 3 0 0 0 0 0 0
40 503945 0 0 0 0 0 503945 0 0
46 983 0 0 983 0 0 0 0 0
640 1511868 1 1 1007912 5 0 0 0 0
650 33 0 0 0 0 0 11 0 0
fn=void lob::v5::BookT<lob::ChecksumSink, 16u>::cancel_in<boost::unordered::unordered_flat_map<unsigned int, unsigned int, boost::hash<unsigned int>, std::__1::equal_to<unsigned int>, std::__1::allocator<std::__1::pair<unsigned int const, unsigned int> > >, unsigned int>(boost::unordered::unordered_flat_map<unsigned int, unsigned int, boost::hash<unsigned int>, std::__1::equal_to<unsigned int>, std::__1::allocator<std::__1::pair<unsigned int const, unsigned int> > >&, unsigned int, unsigned long)
40 430515 0 0 0 0 0 430515 0 0
140 430515 1 1 0 0 0 0 0 0
fn=void lob::v5::BookT<lob::ChecksumSink, 16u>::modify_in<boost::unordered::unordered_flat_map<unsigned int, unsigned int, boost::hash<unsigned int>, std::__1::equal_to<unsigned int>, std::__1::allocator<std::__1::pair<unsigned int const, unsigned int> > >, unsigned int>(boost::unordered::unordered_flat_map<unsigned int, unsigned int, boost::hash<unsigned int>, std::__1::equal_to<unsigned int>, std::__1::allocator<std::__1::pair<unsigned int const, unsigned int> > >&, unsigned int, unsigned long, long, unsigned int)
40 22440 0 0 0 0 0 22440 0 0
fl=/home/wang/git-repositories/vcpkg/installed/x64-linux-clang-libcxx/include/boost/unordered/detail/mulx.hpp
fn=_ZN5boost9unordered6detail3foa10table_coreINS2_14flat_map_typesIjjEENS2_7group15INS2_14plain_integralEEENS2_12table_arraysENS2_18plain_size_controlENS_4hashIjEENSt3__18equal_toIjEENSD_9allocatorINSD_4pairIKjjEEEEE22for_all_elements_whileIZNSL_22for_all_elements_whileIZNSL_16for_all_elementsIZNSL_16unchecked_rehashERNS9_ISJ_S8_NS2_16pow2_size_policyESK_EEEUlPSJ_E_EEDTcmclfL1p0_LDnEEcvv_EERKSQ_T_EUlSS_E_EESU_SW_SX_EUlPS8_jSS_E_EEDTcmclfp0_LDnELi0ELDnEEcvv_EESW_SX_
45 26786 0 0 0 0 0 0 0 0
46 26786 0 0 0 0 0 0 0 0
fn=auto lob::for_each_type<std::__1::tuple<lob::v0::Book<lob::ChecksumSink>, lob::v1::Book<lob::ChecksumSink>, lob::v2::Book<lob::ChecksumSink>, lob::v3::BookT<lob::ChecksumSink, 16u>, lob::v4::BookT<lob::ChecksumSink, 16u>, lob::v5::BookT<lob::ChecksumSink, 16u> >, (anonymous namespace)::with_version<(anonymous namespace)::cmd_replay((anonymous namespace)::Args const&)::$_0>(std::__1::basic_string_view<char, std::__1::char_traits<char> >, (anonymous namespace)::cmd_replay((anonymous namespace)::Args const&)::$_0&&)::{lambda<typename $T0>()#1}>((anonymous namespace)::with_version<(anonymous namespace)::cmd_replay((anonymous namespace)::Args const&)::$_0>(std::__1::basic_string_view<char, std::__1::char_traits<char> >, (anonymous namespace)::cmd_replay((anonymous namespace)::Args const&)::$_0&&)::{lambda<typename $T0>()#1}&&)::{lambda<unsigned long... $N0>(std::__1::integer_sequence<unsigned long, ($N0)...>)#1}::operator()<0ul, 1ul, 2ul, 3ul, 4ul, 5ul>(std::__1::integer_sequence<unsigned long, 0ul, 1ul, 2ul, 3ul, 4ul, 5ul>) const
45 1025935 2 2 0 0 0 0 0 0
46 512967 0 0 0 0 0 0 0 0
fn=lob::v5::BookT<lob::ChecksumSink, 16u>::index_erase(unsigned long)
45 33436 0 0 0 0 0 0 0 0
46 33436 0 0 0 0 0 0 0 0
fn=lob::v5::BookT<lob::ChecksumSink, 16u>::index_insert(unsigned long, unsigned int)
45 503956 0 0 0 0 0 0 0 0
46 503956 1 1 0 0 0 0 0 0
fn=void lob::v5::BookT<lob::ChecksumSink, 16u>::cancel_in<boost::unordered::unordered_flat_map<unsigned int, unsigned int, boost::hash<unsigned int>, std::__1::equal_to<unsigned int>, std::__1::allocator<std::__1::pair<unsigned int const, unsigned int> > >, unsigned int>(boost::unordered::unordered_flat_map<unsigned int, unsigned int, boost::hash<unsigned int>, std::__1::equal_to<unsigned int>, std::__1::allocator<std::__1::pair<unsigned int const, unsigned int> > >&, unsigned int, unsigned long)
45 861030 0 0 0 0 0 0 0 0
46 430515 0 0 0 0 0 0 0 0
fn=void lob::v5::BookT<lob::ChecksumSink, 16u>::modify_in<boost::unordered::unordered_flat_map<unsigned int, unsigned int, boost::hash<unsigned int>, std::__1::equal_to<unsigned int>, std::__1::allocator<std::__1::pair<unsigned int const, unsigned int> > >, unsigned int>(boost::unordered::unordered_flat_map<unsigned int, unsigned int, boost::hash<unsigned int>, std::__1::equal_to<unsigned int>, std::__1::allocator<std::__1::pair<unsigned int const, unsigned int> > >&, unsigned int, unsigned long, long, unsigned int)
0 56518 0 0 0 0 0 0 0 0
45 113036 0 0 0 0 0 0 0 0
46 56518 0 0 0 0 0 0 0 0
fl=/home/wang/sources/cxx/book/include/lob/events.hpp
fn=lob::v5::BookT<lob::ChecksumSink, 16u>::rest(unsigned long, lob::Side, long, unsigned int)
81 503956 0 0 0 0 0 0 0 0
92 503956 0 0 503956 9 0 0 0 0
93 6551428 1 1 503956 0 0 503956 0 0
fn=unsigned int lob::v5::BookT<lob::ChecksumSink, 16u>::match<(lob::Side)0>(unsigned long, long, unsigned int)
92 129584 0 0 32396 0 0 32396 0 0
93 421148 1 1 64792 0 0 32396 0 0
fn=unsigned int lob::v5::BookT<lob::ChecksumSink, 16u>::match<(lob::Side)1>(unsigned long, long, unsigned int)
92 128164 0 0 32041 0 0 32041 0 0
93 416533 1 1 64082 0 0 32041 0 0
fn=void lob::v5::BookT<lob::ChecksumSink, 16u>::cancel_in<boost::unordered::unordered_flat_map<unsigned int, unsigned int, boost::hash<unsigned int>, std::__1::equal_to<unsigned int>, std::__1::allocator<std::__1::pair<unsigned int const, unsigned int> > >, unsigned int>(boost::unordered::unordered_flat_map<unsigned int, unsigned int, boost::hash<unsigned int>, std::__1::equal_to<unsigned int>, std::__1::allocator<std::__1::pair<unsigned int const, unsigned int> > >&, unsigned int, unsigned long)
92 430515 0 0 430515 0 0 0 0 0
93 2583090 1 1 861030 0 0 0 0 0
fn=void lob::v5::BookT<lob::ChecksumSink, 16u>::modify_in<boost::unordered::unordered_flat_map<unsigned int, unsigned int, boost::hash<unsigned int>, std::__1::equal_to<unsigned int>, std::__1::allocator<std::__1::pair<unsigned int const, unsigned int> > >, unsigned int>(boost::unordered::unordered_flat_map<unsigned int, unsigned int, boost::hash<unsigned int>, std::__1::equal_to<unsigned int>, std::__1::allocator<std::__1::pair<unsigned int const, unsigned int> > >&, unsigned int, unsigned long, long, unsigned int)
92 56518 0 0 56518 0 0 0 0 0
93 508662 1 1 56518 0 0 56518 0 0
fl=/home/wang/sources/cxx/book/include/lob/replay.hpp
fn=auto lob::for_each_type<std::__1::tuple<lob::v0::Book<lob::ChecksumSink>, lob::v1::Book<lob::ChecksumSink>, lob::v2::Book<lob::ChecksumSink>, lob::v3::BookT<lob::ChecksumSink, 16u>, lob::v4::BookT<lob::ChecksumSink, 16u>, lob::v5::BookT<lob::ChecksumSink, 16u> >, (anonymous namespace)::with_version<(anonymous namespace)::cmd_replay((anonymous namespace)::Args const&)::$_0>(std::__1::basic_string_view<char, std::__1::char_traits<char> >, (anonymous namespace)::cmd_replay((anonymous namespace)::Args const&)::$_0&&)::{lambda<typename $T0>()#1}>((anonymous namespace)::with_version<(anonymous namespace)::cmd_replay((anonymous namespace)::Args const&)::$_0>(std::__1::basic_string_view<char, std::__1::char_traits<char> >, (anonymous namespace)::cmd_replay((anonymous namespace)::Args const&)::$_0&&)::{lambda<typename $T0>()#1}&&)::{lambda<unsigned long... $N0>(std::__1::integer_sequence<unsigned long, ($N0)...>)#1}::operator()<0ul, 1ul, 2ul, 3ul, 4ul, 5ul>(std::__1::integer_sequence<unsigned long, 0ul, 1ul, 2ul, 3ul, 4ul, 5ul>) const
0 1000002 0 0 1000001 125000 125000 0 0 0
21 4886964 1 1 1000000 178574 178566 0 0 0
23 1538901 1 1 1538901 64348 64348 0 0 0
29 113036 1 1 113036 7087 7087 0 0 0
37 1000001 0 0 0 0 0 0 0 0
fl=/home/wang/sources/cxx/book/include/lob/v3/hier_bitmap.hpp
fn=lob::v5::BookT<lob::ChecksumSink, 16u>::remove_node(unsigned int)
0 124 0 0 0 0 0 0 0 0
67 248 0 0 0 0 0 0 0 0
68 620 0 0 124 62 0 0 0 0
fn=lob::v5::BookT<lob::ChecksumSink, 16u>::rest(unsigned long, lob::Side, long, unsigned int)
0 6 0 0 0 0 0 0 0 0
57 325 0 0 0 0 0 0 0 0
58 492 0 0 164 73 6 0 0 0
59 498 1 1 331 1 1 328 122 0
fn=unsigned int lob::v5::BookT<lob::ChecksumSink, 16u>::match<(lob::Side)0>(unsigned long, long, unsigned int)
0 267972 0 0 267972 0 0 0 0 0
48 803918 3 2 535946 11 2 0 0 0
79 1339860 0 0 0 0 0 0 0 0
fn=unsigned int lob::v5::BookT<lob::ChecksumSink, 16u>::match<(lob::Side)1>(unsigned long, long, unsigned int)
0 267434 0 0 267434 0 0 0 0 0
48 802302 2 2 534868 9 0 0 0 0
89 2674340 0 0 0 0 0 0 0 0
fl=/home/wang/sources/cxx/book/include/lob/v5/book.hpp
fn=auto lob::for_each_type<std::__1::tuple<lob::v0::Book<lob::ChecksumSink>, lob::v1::Book<lob::ChecksumSink>, lob::v2::Book<lob::ChecksumSink>, lob::v3::BookT<lob::ChecksumSink, 16u>, lob::v4::BookT<lob::ChecksumSink, 16u>, lob::v5::BookT<lob::ChecksumSink, 16u> >, (anonymous namespace)::with_version<(anonymous namespace)::cmd_replay((anonymous namespace)::Args const&)::$_0>(std::__1::basic_string_view<char, std::__1::char_traits<char> >, (anonymous namespace)::cmd_replay((anonymous namespace)::Args const&)::$_0&&)::{lambda<typename $T0>()#1}>((anonymous namespace)::with_version<(anonymous namespace)::cmd_replay((anonymous namespace)::Args const&)::$_0>(std::__1::basic_string_view<char, std::__1::char_traits<char> >, (anonymous namespace)::cmd_replay((anonymous namespace)::Args const&)::$_0&&)::{lambda<typename $T0>()#1}&&)::{lambda<unsigned long... $N0>(std::__1::integer_sequence<unsigned long, ($N0)...>)#1}::operator()<0ul, 1ul, 2ul, 3ul, 4ul, 5ul>(std::__1::integer_sequence<unsigned long, 0ul, 1ul, 2ul, 3ul, 4ul, 5ul>) const
0 256245 0 0 0 0 0 0 0 0
82 1025934 0 0 0 0 0 0 0 0
83 1025934 0 0 0 0 0 0 0 0
91 2152575 2 2 0 0 0 430515 0 0
99 282590 0 0 0 0 0 56518 0 0
248 7999994 2 2 1999999 5 1 0 0 0
390 1025934 0 0 0 0 0 0 0 0
391 1026888 1 1 0 0 0 256722 1 1
393 1024980 0 0 0 0 0 256245 0 0
394 1025934 0 0 0 0 0 0 0 0
395 3410946 0 0 0 0 0 487278 0 0
fn=lob::v5::BookT<lob::ChecksumSink, 16u>::alloc_node(unsigned long, lob::Side, long, unsigned int)
0 503956 0 0 0 0 0 0 0 0
346 3527692 1 1 0 0 0 3023736 1 1
347 1007912 1 1 503956 1 1 0 0 0
348 503956 0 0 0 0 0 0 0 0
349 1458045 0 0 486015 35133 0 486015 0 0
350 486015 0 0 0 0 0 0 0 0
351 35882 0 0 0 0 0 0 0 0
355 2537721 1 1 0 0 0 2519780 17611 0
356 4535604 0 0 3527692 5 0 0 0 0
fn=lob::v5::BookT<lob::ChecksumSink, 16u>::index_erase(unsigned long)
0 66872 1 1 33436 0 0 0 0 0
248 267488 0 0 66872 0 0 0 0 0
280 167180 0 0 0 0 0 167180 0 0
286 200616 0 0 200616 0 0 0 0 0
fn=lob::v5::BookT<lob::ChecksumSink, 16u>::index_insert(unsigned long, unsigned int)
0 2 0 0 0 0 0 0 0 0
248 3023736 1 1 503956 0 0 0 0 0
249 503956 0 0 0 0 0 503956 0 0
268 5039560 1 1 0 0 0 4031648 0 0
269 1007912 0 0 503956 5 0 0 0 0
270 4 0 0 0 0 0 1 0 0
271 1 0 0 0 0 0 1 0 0
275 503956 0 0 0 0 0 0 0 0
278 4031648 1 1 3527692 8 0 0 0 0
fn=lob::v5::BookT<lob::ChecksumSink, 16u>::remove_node(unsigned int)
0 453079 0 0 453079 0 0 0 0 0
324 905910 0 0 452955 0 0 0 0 0
326 905910 0 0 452955 0 0 0 0 0
328 452955 0 0 452955 0 0 0 0 0
329 3623640 1 1 0 0 0 0 0 0
331 905910 0 0 0 0 0 0 0 0
360 905910 0 0 452955 0 0 452955 0 0
361 452955 0 0 0 0 0 452955 0 0
378 1811820 0 0 452955 0 0 0 0 0
379 451883 1 1 0 0 0 451883 434574 0
381 1072 0 0 0 0 0 1072 41 0
382 905910 0 0 0 0 0 0 0 0
383 903814 0 0 0 0 0 451907 435024 0
385 1048 0 0 0 0 0 1048 36 0
386 452955 1 1 452955 358 0 0 0 0
468 1811820 1 1 0 0 0 905910 0 0
469 452955 0 0 0 0 0 0 0 0
470 452955 0 0 452955 207678 1 0 0 0
471 1358865 0 0 452955 0 0 0 0 0
472 905910 0 0 905910 4322 1 0 0 0
473 452955 0 0 452955 0 0 0 0 0
476 906282 1 1 452955 273 0 0 0 0
491 1358865 0 0 905910 0 0 0 0 0
fn=lob::v5::BookT<lob::ChecksumSink, 16u>::rest(unsigned long, lob::Side, long, unsigned int)
0 161 0 0 161 0 0 0 0 0
326 1511868 0 0 503956 0 0 0 0 0
328 503956 1 1 503956 5 0 0 0 0
329 4031648 0 0 0 0 0 0 0 0
331 1007912 0 0 0 0 0 0 0 0
336 4 0 0 0 0 0 1 0 0
337 1 0 0 0 0 0 1 0 0
366 2015824 1 1 503956 0 0 503956 0 0
367 1007912 1 1 0 0 0 503956 0 0
368 503956 0 0 0 0 0 0 0 0
369 1007590 0 0 0 0 0 503795 28661 0
371 161 0 0 0 0 0 161 0 0
372 503956 0 0 0 0 0 503956 0 0
373 503956 0 0 503956 1019 7 0 0 0
449 6047472 1 1 0 0 0 3023736 0 0
450 1007912 0 0 0 0 0 503956 0 0
451 1007922 1 1 503957 5 0 0 0 0
455 1511868 0 0 503956 0 0 0 0 0
456 1008395 1 1 503956 4143 19 0 0 0
461 1007912 0 0 503956 0 0 0 0 0
462 2015824 0 0 0 0 0 503956 0 0
463 503956 0 0 503956 4 0 0 0 0
464 4031648 1 1 3527692 9 0 0 0 0
fn=unsigned int lob::v5::BookT<lob::ChecksumSink, 16u>::match<(lob::Side)0>(unsigned long, long, unsigned int)
0 1471152 2 2 33580 0 0 267973 0 0
333 535944 0 0 267972 0 0 0 0 0
360 33580 0 0 16790 0 0 16790 0 0
361 16790 0 0 0 0 0 16790 0 0
378 50370 0 0 16790 0 0 0 0 0
381 16790 0 0 0 0 0 16790 0 0
382 33580 0 0 0 0 0 0 0 0
383 33580 0 0 0 0 0 16790 16189 0
386 16790 0 0 16790 0 0 0 0 0
401 2411757 1 1 0 0 0 2143784 1 1
410 535946 0 0 0 0 0 0 0 0
413 803919 0 0 0 0 0 0 0 0
416 267972 0 0 0 0 0 0 0 0
421 267972 0 0 0 0 0 0 0 0
423 788050 0 0 267972 0 0 0 0 0
424 158660 1 1 31732 0 0 31732 0 0
425 129584 1 1 32396 0 0 0 0 0
428 129584 0 0 0 0 0 0 0 0
429 64792 0 0 64792 8687 0 0 0 0
431 97188 0 0 0 0 0 32396 0 0
432 32396 0 0 32396 1 0 0 0 0
433 32396 1 1 0 0 0 0 0 0
434 16790 0 0 0 0 0 16790 0 0
439 31732 0 0 15866 0 0 0 0 0
446 2411757 1 1 1875811 0 0 0 0 0
fn=unsigned int lob::v5::BookT<lob::ChecksumSink, 16u>::match<(lob::Side)1>(unsigned long, long, unsigned int)
0 1466965 2 2 33292 0 0 267434 0 0
333 534868 1 1 267434 0 0 0 0 0
360 33292 0 0 16646 0 0 16646 0 0
361 16646 0 0 0 0 0 16646 0 0
378 49938 0 0 16646 0 0 0 0 0
381 16646 0 0 0 0 0 16646 0 0
382 33292 0 0 0 0 0 0 0 0
383 33292 0 0 0 0 0 16646 16013 0
386 16646 0 0 16646 0 0 0 0 0
401 2406906 1 1 0 0 0 2139472 0 0
410 534868 0 0 0 0 0 0 0 0
413 802302 0 0 0 0 0 0 0 0
416 267434 0 0 0 0 0 0 0 0
421 267434 0 0 0 0 0 0 0 0
423 786717 0 0 267434 0 0 0 0 0
424 155850 1 1 31170 0 0 31170 0 0
425 128164 1 1 32041 0 0 0 0 0
428 128164 0 0 0 0 0 0 0 0
429 64082 0 0 64082 8595 0 0 0 0
431 96123 0 0 0 0 0 32041 0 0
432 32041 0 0 32041 0 0 0 0 0
433 32041 1 1 0 0 0 0 0 0
434 16646 0 0 0 0 0 16646 0 0
439 31170 0 0 15585 0 0 0 0 0
446 2406906 1 1 1872038 0 0 0 0 0
fn=void lob::v5::BookT<lob::ChecksumSink, 16u>::cancel_in<boost::unordered::unordered_flat_map<unsigned int, unsigned int, boost::hash<unsigned int>, std::__1::equal_to<unsigned int>, std::__1::allocator<std::__1::pair<unsigned int const, unsigned int> > >, unsigned int>(boost::unordered::unordered_flat_map<unsigned int, unsigned int, boost::hash<unsigned int>, std::__1::equal_to<unsigned int>, std::__1::allocator<std::__1::pair<unsigned int const, unsigned int> > >&, unsigned int, unsigned long)
0 2152575 0 0 430515 0 0 861030 0 0
289 4305150 1 1 0 0 0 3013605 0 0
292 430515 0 0 430515 0 0 0 0 0
293 430515 0 0 430515 414958 0 0 0 0
294 430515 0 0 0 0 0 430515 0 0
296 430515 0 0 430515 0 0 0 0 0
297 3444120 0 0 3013605 0 0 0 0 0
fn=void lob::v5::BookT<lob::ChecksumSink, 16u>::modify_in<boost::unordered::unordered_flat_map<unsigned int, unsigned int, boost::hash<unsigned int>, std::__1::equal_to<unsigned int>, std::__1::allocator<std::__1::pair<unsigned int const, unsigned int> > >, unsigned int>(boost::unordered::unordered_flat_map<unsigned int, unsigned int, boost::hash<unsigned int>, std::__1::equal_to<unsigned int>, std::__1::allocator<std::__1::pair<unsigned int const, unsigned int> > >&, unsigned int, unsigned long, long, unsigned int)
0 654940 2 2 191994 27177 0 44880 0 0
300 508662 2 2 0 0 0 395626 0 0
303 113036 1 1 0 0 0 0 0 0
304 113036 0 0 0 0 0 0 0 0
306 56518 1 1 56518 0 0 0 0 0
308 226072 0 0 56518 54372 0 0 0 0
309 68156 1 1 34078 340 1 0 0 0
310 34078 0 0 0 0 0 34078 0 0
311 34078 1 1 34078 0 0 0 0 0
312 34078 0 0 0 0 0 0 0 0
314 22440 1 1 22440 0 0 0 0 0
316 67320 0 0 22440 0 0 22440 0 0
318 22440 0 0 22440 0 0 0 0 0
320 318720 1 1 278880 0 0 0 0 0
324 68156 0 0 34078 1 0 0 0 0
326 102234 0 0 34078 0 0 0 0 0
328 34078 0 0 34078 0 0 0 0 0
329 272624 0 0 0 0 0 0 0 0
331 102234 0 0 0 0 0 0 0 0
341 68156 0 0 0 0 0 0 0 0
390 44880 0 0 0 0 0 0 0 0
391 11251 0 0 0 0 0 11251 0 0
393 11189 0 0 0 0 0 11189 0 0
394 47713 0 0 0 0 0 0 0 0
395 216814 1 1 116746 0 0 0 0 0
fl=/home/wang/sources/cxx/book/source/main.cxx
fn=auto lob::for_each_type<std::__1::tuple<lob::v0::Book<lob::ChecksumSink>, lob::v1::Book<lob::ChecksumSink>, lob::v2::Book<lob::ChecksumSink>, lob::v3::BookT<lob::ChecksumSink, 16u>, lob::v4::BookT<lob::ChecksumSink, 16u>, lob::v5::BookT<lob::ChecksumSink, 16u> >, (anonymous namespace)::with_version<(anonymous namespace)::cmd_replay((anonymous namespace)::Args const&)::$_0>(std::__1::basic_string_view<char, std::__1::char_traits<char> >, (anonymous namespace)::cmd_replay((anonymous namespace)::Args const&)::$_0&&)::{lambda<typename $T0>()#1}>((anonymous namespace)::with_version<(anonymous namespace)::cmd_replay((anonymous namespace)::Args const&)::$_0>(std::__1::basic_string_view<char, std::__1::char_traits<char> >, (anonymous namespace)::cmd_replay((anonymous namespace)::Args const&)::$_0&&)::{lambda<typename $T0>()#1}&&)::{lambda<unsigned long... $N0>(std::__1::integer_sequence<unsigned long, ($N0)...>)#1}::operator()<0ul, 1ul, 2ul, 3ul, 4ul, 5ul>(std::__1::integer_sequence<unsigned long, 0ul, 1ul, 2ul, 3ul, 4ul, 5ul>) const
0 1 0 0 0 0 0 0 0 0
293 2 2 2 0 0 0 1 1 1
294 1 0 0 1 1 1 0 0 0
295 9 3 3 0 0 0 6 1 1
fl=/usr/include/c++/v1/__algorithm/comp.h
fn=unsigned int lob::v5::BookT<lob::ChecksumSink, 16u>::match<(lob::Side)0>(unsigned long, long, unsigned int)
41 32396 0 0 32396 1327 0 0 0 0
fn=unsigned int lob::v5::BookT<lob::ChecksumSink, 16u>::match<(lob::Side)1>(unsigned long, long, unsigned int)
41 32041 0 0 32041 1356 0 0 0 0
fl=/usr/include/c++/v1/__bit/countl.h
fn=unsigned int lob::v5::BookT<lob::ChecksumSink, 16u>::match<(lob::Side)1>(unsigned long, long, unsigned int)
28 1069736 0 0 534868 20 0 0 0 0
fl=/usr/include/c++/v1/__bit/countr.h
fn=unsigned int lob::v5::BookT<lob::ChecksumSink, 16u>::match<(lob::Side)0>(unsigned long, long, unsigned int)
28 1339860 0 0 535944 19 1 0 0 0
fl=/usr/include/c++/v1/__functional/operations.h
fn=auto lob::for_each_type<std::__1::tuple<lob::v0::Book<lob::ChecksumSink>, lob::v1::Book<lob::ChecksumSink>, lob::v2::Book<lob::ChecksumSink>, lob::v3::BookT<lob::ChecksumSink, 16u>, lob::v4::BookT<lob::ChecksumSink, 16u>, lob::v5::BookT<lob::ChecksumSink, 16u> >, (anonymous namespace)::with_version<(anonymous namespace)::cmd_replay((anonymous namespace)::Args const&)::$_0>(std::__1::basic_string_view<char, std::__1::char_traits<char> >, (anonymous namespace)::cmd_replay((anonymous namespace)::Args const&)::$_0&&)::{lambda<typename $T0>()#1}>((anonymous namespace)::with_version<(anonymous namespace)::cmd_replay((anonymous namespace)::Args const&)::$_0>(std::__1::basic_string_view<char, std::__1::char_traits<char> >, (anonymous namespace)::cmd_replay((anonymous namespace)::Args const&)::$_0&&)::{lambda<typename $T0>()#1}&&)::{lambda<unsigned long... $N0>(std::__1::integer_sequence<unsigned long, ($N0)...>)#1}::operator()<0ul, 1ul, 2ul, 3ul, 4ul, 5ul>(std::__1::integer_sequence<unsigned long, 0ul, 1ul, 2ul, 3ul, 4ul, 5ul>) const
300 4401 0 0 4401 4226 0 0 0 0
fn=lob::v5::BookT<lob::ChecksumSink, 16u>::index_erase(unsigned long)
300 33635 1 1 33635 31900 0 0 0 0
fn=lob::v5::BookT<lob::ChecksumSink, 16u>::index_insert(unsigned long, unsigned int)
300 4334 0 0 4334 33 0 0 0 0
fn=void lob::v5::BookT<lob::ChecksumSink, 16u>::cancel_in<boost::unordered::unordered_flat_map<unsigned int, unsigned int, boost::hash<unsigned int>, std::__1::equal_to<unsigned int>, std::__1::allocator<std::__1::pair<unsigned int const, unsigned int> > >, unsigned int>(boost::unordered::unordered_flat_map<unsigned int, unsigned int, boost::hash<unsigned int>, std::__1::equal_to<unsigned int>, std::__1::allocator<std::__1::pair<unsigned int const, unsigned int> > >&, unsigned int, unsigned long)
300 432239 0 0 432239 409748 0 0 0 0
fn=void lob::v5::BookT<lob::ChecksumSink, 16u>::modify_in<boost::unordered::unordered_flat_map<unsigned int, unsigned int, boost::hash<unsigned int>, std::__1::equal_to<unsigned int>, std::__1::allocator<std::__1::pair<unsigned int const, unsigned int> > >, unsigned int>(boost::unordered::unordered_flat_map<unsigned int, unsigned int, boost::hash<unsigned int>, std::__1::equal_to<unsigned int>, std::__1::allocator<std::__1::pair<unsigned int const, unsigned int> > >&, unsigned int, unsigned long, long, unsigned int)
300 56729 0 0 56729 53553 0 0 0 0
fl=/usr/include/c++/v1/__iterator/wrap_iter.h
fn=auto lob::for_each_type<std::__1::tuple<lob::v0::Book<lob::ChecksumSink>, lob::v1::Book<lob::ChecksumSink>, lob::v2::Book<lob::ChecksumSink>, lob::v3::BookT<lob::ChecksumSink, 16u>, lob::v4::BookT<lob::ChecksumSink, 16u>, lob::v5::BookT<lob::ChecksumSink, 16u> >, (anonymous namespace)::with_version<(anonymous namespace)::cmd_replay((anonymous namespace)::Args const&)::$_0>(std::__1::basic_string_view<char, std::__1::char_traits<char> >, (anonymous namespace)::cmd_replay((anonymous namespace)::Args const&)::$_0&&)::{lambda<typename $T0>()#1}>((anonymous namespace)::with_version<(anonymous namespace)::cmd_replay((anonymous namespace)::Args const&)::$_0>(std::__1::basic_string_view<char, std::__1::char_traits<char> >, (anonymous namespace)::cmd_replay((anonymous namespace)::Args const&)::$_0&&)::{lambda<typename $T0>()#1}&&)::{lambda<unsigned long... $N0>(std::__1::integer_sequence<unsigned long, ($N0)...>)#1}::operator()<0ul, 1ul, 2ul, 3ul, 4ul, 5ul>(std::__1::integer_sequence<unsigned long, 0ul, 1ul, 2ul, 3ul, 4ul, 5ul>) const
65 1000000 0 0 0 0 0 0 0 0
125 1000001 0 0 1000000 9 0 0 0 0
fl=/usr/include/c++/v1/__math/rounding_functions.h
fn=boost::unordered::detail::foa::table_locator<boost::unordered::detail::foa::group15<boost::unordered::detail::foa::plain_integral>, std::__1::pair<unsigned int const, unsigned int> > boost::unordered::detail::foa::table_core<boost::unordered::detail::foa::flat_map_types<unsigned int, unsigned int>, boost::unordered::detail::foa::group15<boost::unordered::detail::foa::plain_integral>, boost::unordered::detail::foa::table_arrays, boost::unordered::detail::foa::plain_size_control, boost::hash<unsigned int>, std::__1::equal_to<unsigned int>, std::__1::allocator<std::__1::pair<unsigned int const, unsigned int> > >::unchecked_emplace_with_rehash<boost::unordered::detail::foa::try_emplace_args_t, unsigned int&, unsigned int&>(unsigned long, boost::unordered::detail::foa::try_emplace_args_t&&, unsigned int&, unsigned int&)
29 11 0 0 0 0 0 0 0 0
fl=/usr/include/c++/v1/__memory/allocator.h
fn=lob::v5::BookT<lob::ChecksumSink, 16u>::alloc_node(unsigned long, lob::Side, long, unsigned int)
100 32 0 0 0 0 0 0 0 0
fl=/usr/include/c++/v1/__memory/construct_at.h
fn=lob::v5::BookT<lob::ChecksumSink, 16u>::alloc_node(unsigned long, lob::Side, long, unsigned int)
38 35882 0 0 0 0 0 17941 9003 8968
fl=/usr/include/c++/v1/__memory/uninitialized_algorithms.h
fn=lob::v5::BookT<lob::ChecksumSink, 16u>::alloc_node(unsigned long, lob::Side, long, unsigned int)
0 16 0 0 16 5 0 0 0 0
638 80 0 0 0 0 0 16 0 0
fl=/usr/include/c++/v1/__new/allocate.h
fn=boost::unordered::detail::foa::table_core<boost::unordered::detail::foa::flat_map_types<unsigned int, unsigned int>, boost::unordered::detail::foa::group15<boost::unordered::detail::foa::plain_integral>, boost::unordered::detail::foa::table_arrays, boost::unordered::detail::foa::plain_size_control, boost::hash<unsigned int>, std::__1::equal_to<unsigned int>, std::__1::allocator<std::__1::pair<unsigned int const, unsigned int> > >::unchecked_rehash(boost::unordered::detail::foa::table_arrays<std::__1::pair<unsigned int const, unsigned int>, boost::unordered::detail::foa::group15<boost::unordered::detail::foa::plain_integral>, boost::unordered::detail::foa::pow2_size_policy, std::__1::allocator<std::__1::pair<unsigned int const, unsigned int> > >&)
63 10 0 0 0 0 0 10 0 0
fn=boost::unordered::detail::foa::table_locator<boost::unordered::detail::foa::group15<boost::unordered::detail::foa::plain_integral>, std::__1::pair<unsigned int const, unsigned int> > boost::unordered::detail::foa::table_core<boost::unordered::detail::foa::flat_map_types<unsigned int, unsigned int>, boost::unordered::detail::foa::group15<boost::unordered::detail::foa::plain_integral>, boost::unordered::detail::foa::table_arrays, boost::unordered::detail::foa::plain_size_control, boost::hash<unsigned int>, std::__1::equal_to<unsigned int>, std::__1::allocator<std::__1::pair<unsigned int const, unsigned int> > >::unchecked_emplace_with_rehash<boost::unordered::detail::foa::try_emplace_args_t, unsigned int&, unsigned int&>(unsigned long, boost::unordered::detail::foa::try_emplace_args_t&&, unsigned int&, unsigned int&)
43 22 0 0 0 0 0 11 0 0
fn=lob::v5::BookT<lob::ChecksumSink, 16u>::alloc_node(unsigned long, lob::Side, long, unsigned int)
0 95 1 1 95 0 0 0 0 0
37 16 0 0 0 0 0 0 0 0
43 32 0 0 0 0 0 16 1 1
63 45 0 0 0 0 0 15 0 0
fl=/usr/include/c++/v1/__split_buffer
fn=lob::v5::BookT<lob::ChecksumSink, 16u>::alloc_node(unsigned long, lob::Side, long, unsigned int)
334 16 0 0 0 0 0 0 0 0
335 16 0 0 0 0 0 0 0 0
341 32 0 0 0 0 0 0 0 0
fl=/usr/include/c++/v1/__utility/pair.h
fn=_ZN5boost9unordered6detail3foa10table_coreINS2_14flat_map_typesIjjEENS2_7group15INS2_14plain_integralEEENS2_12table_arraysENS2_18plain_size_controlENS_4hashIjEENSt3__18equal_toIjEENSD_9allocatorINSD_4pairIKjjEEEEE22for_all_elements_whileIZNSL_22for_all_elements_whileIZNSL_16for_all_elementsIZNSL_16unchecked_rehashERNS9_ISJ_S8_NS2_16pow2_size_policyESK_EEEUlPSJ_E_EEDTcmclfL1p0_LDnEEcvv_EERKSQ_T_EUlSS_E_EESU_SW_SX_EUlPS8_jSS_E_EEDTcmclfp0_LDnELi0ELDnEEcvv_EESW_SX_
196 80358 0 0 26786 0 0 53572 6701 4331
fn=boost::unordered::detail::foa::table_locator<boost::unordered::detail::foa::group15<boost::unordered::detail::foa::plain_integral>, std::__1::pair<unsigned int const, unsigned int> > boost::unordered::detail::foa::table_core<boost::unordered::detail::foa::flat_map_types<unsigned int, unsigned int>, boost::unordered::detail::foa::group15<boost::unordered::detail::foa::plain_integral>, boost::unordered::detail::foa::table_arrays, boost::unordered::detail::foa::plain_size_control, boost::hash<unsigned int>, std::__1::equal_to<unsigned int>, std::__1::allocator<std::__1::pair<unsigned int const, unsigned int> > >::unchecked_emplace_with_rehash<boost::unordered::detail::foa::try_emplace_args_t, unsigned int&, unsigned int&>(unsigned long, boost::unordered::detail::foa::try_emplace_args_t&&, unsigned int&, unsigned int&)
445 22 0 0 11 0 0 11 9 6
446 22 0 0 11 0 0 11 0 0
fn=lob::v5::BookT<lob::ChecksumSink, 16u>::index_insert(unsigned long, unsigned int)
445 503945 0 0 0 0 0 503945 467717 516
446 1007890 0 0 503945 0 0 503945 0 0
fl=/usr/include/c++/v1/__utility/swap.h
fn=lob::v5::BookT<lob::ChecksumSink, 16u>::alloc_node(unsigned long, lob::Side, long, unsigned int)
44 48 0 0 0 0 0 48 5 0
fl=/usr/include/c++/v1/__vector/vector.h
fn=auto lob::for_each_type<std::__1::tuple<lob::v0::Book<lob::ChecksumSink>, lob::v1::Book<lob::ChecksumSink>, lob::v2::Book<lob::ChecksumSink>, lob::v3::BookT<lob::ChecksumSink, 16u>, lob::v4::BookT<lob::ChecksumSink, 16u>, lob::v5::BookT<lob::ChecksumSink, 16u> >, (anonymous namespace)::with_version<(anonymous namespace)::cmd_replay((anonymous namespace)::Args const&)::$_0>(std::__1::basic_string_view<char, std::__1::char_traits<char> >, (anonymous namespace)::cmd_replay((anonymous namespace)::Args const&)::$_0&&)::{lambda<typename $T0>()#1}>((anonymous namespace)::with_version<(anonymous namespace)::cmd_replay((anonymous namespace)::Args const&)::$_0>(std::__1::basic_string_view<char, std::__1::char_traits<char> >, (anonymous namespace)::cmd_replay((anonymous namespace)::Args const&)::$_0&&)::{lambda<typename $T0>()#1}&&)::{lambda<unsigned long... $N0>(std::__1::integer_sequence<unsigned long, ($N0)...>)#1}::operator()<0ul, 1ul, 2ul, 3ul, 4ul, 5ul>(std::__1::integer_sequence<unsigned long, 0ul, 1ul, 2ul, 3ul, 4ul, 5ul>) const
0 1 0 0 0 0 0 1 1 1
388 1 0 0 1 0 0 0 0 0
449 1 0 0 1 1 1 0 0 0
fn=lob::v5::BookT<lob::ChecksumSink, 16u>::alloc_node(unsigned long, lob::Side, long, unsigned int)
0 36010 0 0 16 0 0 96 0 0
388 89705 1 1 35882 0 0 0 0 0
391 16 0 0 0 0 0 0 0 0
407 1979942 0 0 503956 0 0 0 0 0
475 17925 0 0 0 0 0 0 0 0
844 32 0 0 0 0 0 0 0 0
902 48 1 1 0 0 0 0 0 0
905 112 1 1 0 0 0 0 0 0
1128 16 0 0 0 0 0 0 0 0
1131 32 1 1 0 0 0 0 0 0
1146 53823 0 0 17941 0 0 0 0 0
1149 17925 0 0 0 0 0 0 0 0
1152 17941 0 0 0 0 0 17941 0 0
fn=lob::v5::BookT<lob::ChecksumSink, 16u>::remove_node(unsigned int)
407 2714538 1 1 452955 0 0 0 0 0
fn=lob::v5::BookT<lob::ChecksumSink, 16u>::rest(unsigned long, lob::Side, long, unsigned int)
407 1511707 0 0 503956 0 0 0 0 0
fn=unsigned int lob::v5::BookT<lob::ChecksumSink, 16u>::match<(lob::Side)0>(unsigned long, long, unsigned int)
407 130768 0 0 49186 0 0 0 0 0
fn=unsigned int lob::v5::BookT<lob::ChecksumSink, 16u>::match<(lob::Side)1>(unsigned long, long, unsigned int)
407 129415 0 0 48687 0 0 0 0 0
fn=void lob::v5::BookT<lob::ChecksumSink, 16u>::cancel_in<boost::unordered::unordered_flat_map<unsigned int, unsigned int, boost::hash<unsigned int>, std::__1::equal_to<unsigned int>, std::__1::allocator<std::__1::pair<unsigned int const, unsigned int> > >, unsigned int>(boost::unordered::unordered_flat_map<unsigned int, unsigned int, boost::hash<unsigned int>, std::__1::equal_to<unsigned int>, std::__1::allocator<std::__1::pair<unsigned int const, unsigned int> > >&, unsigned int, unsigned long)
407 1722060 1 1 430515 0 0 0 0 0
fn=void lob::v5::BookT<lob::ChecksumSink, 16u>::modify_in<boost::unordered::unordered_flat_map<unsigned int, unsigned int, boost::hash<unsigned int>, std::__1::equal_to<unsigned int>, std::__1::allocator<std::__1::pair<unsigned int const, unsigned int> > >, unsigned int>(boost::unordered::unordered_flat_map<unsigned int, unsigned int, boost::hash<unsigned int>, std::__1::equal_to<unsigned int>, std::__1::allocator<std::__1::pair<unsigned int const, unsigned int> > >&, unsigned int, unsigned long, long, unsigned int)
407 226072 0 0 56518 0 0 0 0 0
fl=/usr/include/c++/v1/map
fn=unsigned int lob::v5::BookT<lob::ChecksumSink, 16u>::match<(lob::Side)0>(unsigned long, long, unsigned int)
1031 535945 0 0 267973 2 1 0 0 0
fn=unsigned int lob::v5::BookT<lob::ChecksumSink, 16u>::match<(lob::Side)1>(unsigned long, long, unsigned int)
1031 534868 0 0 267434 2 0 0 0 0
fl=???
fn=???
0 247 9 9 162 67 7 6 0 0
fn=operator delete(void*)
0 125 0 0 25 0 0 25 0 0
fn=operator delete(void*, unsigned long)
0 125 1 1 25 0 0 25 0 0
fn=operator new(unsigned long)
0 459 2 2 81 0 0 108 0 0
summary: 241110455 319 309 65825901 2449831 375236 36826122 1449182 30893
