==67361== Cachegrind, a high-precision tracing profiler
==67361== Copyright (C) 2002-2017, and GNU GPL'd, by Nicholas Nethercote et al.
==67361== Using Valgrind-3.22.0 and LibVEX; rerun with -h for copyright info
==67361== Command: /home/wang/sources/cxx/book/build/profile/book replay --workload data/itch12302019_QQQ.ops --version v9
==67361== 
==67361== 
==67361== I refs:        511,883,180
==67361== I1  misses:            255
==67361== LLi misses:            255
==67361== I1  miss rate:        0.00%
==67361== LLi miss rate:        0.00%
==67361== 
==67361== D refs:        204,257,126  (143,331,327 rd   + 60,925,799 wr)
==67361== D1  misses:      3,028,668  (  1,710,721 rd   +  1,317,947 wr)
==67361== LLd misses:        975,541  (    947,134 rd   +     28,407 wr)
==67361== D1  miss rate:         1.5% (        1.2%     +        2.2%  )
==67361== LLd miss rate:         0.5% (        0.7%     +        0.0%  )
==67361== 
==67361== LL refs:         3,028,923  (  1,710,976 rd   +  1,317,947 wr)
==67361== LL misses:         975,796  (    947,389 rd   +     28,407 wr)
==67361== LL miss rate:          0.1% (        0.1%     +        0.0%  )
