==15575== Cachegrind, a high-precision tracing profiler
==15575== Copyright (C) 2002-2017, and GNU GPL'd, by Nicholas Nethercote et al.
==15575== Using Valgrind-3.22.0 and LibVEX; rerun with -h for copyright info
==15575== Command: /home/wang/sources/cxx/book/build/profile/book replay --workload data/syn_aggressive_s42.ops --version v0
==15575== 
==15575== 
==15575== I refs:        473,034,928
==15575== I1  misses:            290
==15575== LLi misses:            290
==15575== I1  miss rate:        0.00%
==15575== LLi miss rate:        0.00%
==15575== 
==15575== D refs:        192,267,729  (119,281,126 rd   + 72,986,603 wr)
==15575== D1  misses:      3,389,825  (  2,590,290 rd   +    799,535 wr)
==15575== LLd misses:        379,140  (    375,135 rd   +      4,005 wr)
==15575== D1  miss rate:         1.8% (        2.2%     +        1.1%  )
==15575== LLd miss rate:         0.2% (        0.3%     +        0.0%  )
==15575== 
==15575== LL refs:         3,390,115  (  2,590,580 rd   +    799,535 wr)
==15575== LL misses:         379,430  (    375,425 rd   +      4,005 wr)
==15575== LL miss rate:          0.1% (        0.1%     +        0.0%  )
