==96278== Cachegrind, a high-precision tracing profiler
==96278== Copyright (C) 2002-2017, and GNU GPL'd, by Nicholas Nethercote et al.
==96278== Using Valgrind-3.22.0 and LibVEX; rerun with -h for copyright info
==96278== Command: /home/wang/sources/cxx/book/build/profile/book replay --workload data/syn_deep_s42.ops --version v16
==96278== 
==96278== 
==96278== I refs:        170,267,044
==96278== I1  misses:            363
==96278== LLi misses:            356
==96278== I1  miss rate:        0.00%
==96278== LLi miss rate:        0.00%
==96278== 
==96278== D refs:         64,585,379  (44,153,889 rd   + 20,431,490 wr)
==96278== D1  misses:      3,417,214  ( 1,909,517 rd   +  1,507,697 wr)
==96278== LLd misses:        414,709  (   375,230 rd   +     39,479 wr)
==96278== D1  miss rate:         5.3% (       4.3%     +        7.4%  )
==96278== LLd miss rate:         0.6% (       0.8%     +        0.2%  )
==96278== 
==96278== LL refs:         3,417,577  ( 1,909,880 rd   +  1,507,697 wr)
==96278== LL misses:         415,065  (   375,586 rd   +     39,479 wr)
==96278== LL miss rate:          0.2% (       0.2%     +        0.2%  )
