==100569== Cachegrind, a high-precision tracing profiler
==100569== Copyright (C) 2002-2017, and GNU GPL'd, by Nicholas Nethercote et al.
==100569== Using Valgrind-3.22.0 and LibVEX; rerun with -h for copyright info
==100569== Command: /home/wang/sources/cxx/book/build/profile/book replay --workload data/syn_default_s42.ops --version v16
==100569== 
==100569== 
==100569== I refs:        167,756,632
==100569== I1  misses:            319
==100569== LLi misses:            318
==100569== I1  miss rate:        0.00%
==100569== LLi miss rate:        0.00%
==100569== 
==100569== D refs:         61,982,966  (42,819,341 rd   + 19,163,625 wr)
==100569== D1  misses:      2,338,804  ( 1,277,530 rd   +  1,061,274 wr)
==100569== LLd misses:        379,020  (   375,167 rd   +      3,853 wr)
==100569== D1  miss rate:         3.8% (       3.0%     +        5.5%  )
==100569== LLd miss rate:         0.6% (       0.9%     +        0.0%  )
==100569== 
==100569== LL refs:         2,339,123  ( 1,277,849 rd   +  1,061,274 wr)
==100569== LL misses:         379,338  (   375,485 rd   +      3,853 wr)
==100569== LL miss rate:          0.2% (       0.2%     +        0.0%  )
