desc: I1 cache:         32768 B, 64 B, 8-way associative
desc: D1 cache:         49152 B, 64 B, 12-way associative
desc: LL cache:         6291456 B, 64 B, 12-way associative
cmd: /home/wang/sources/cxx/book/build/profile/book replay --workload data/syn_aggressive_s42.ops --version v15
events: Ir I1mr ILmr Dr D1mr DLmr Dw D1mw DLmw 
fl=./elf/../sysdeps/generic/dl-new-hash.h
fn=_dl_lookup_symbol_x
69 1 0 0 0 0 0 0 0 0
70 2 0 0 0 0 0 0 0 0
74 11 0 0 11 2 2 0 0 0
77 22 0 0 0 0 0 0 0 0
80 11 0 0 11 0 0 0 0 0
81 22 0 0 0 0 0 0 0 0
87 1 1 1 0 0 0 0 0 0
88 1 0 0 0 0 0 0 0 0
89 2 0 0 0 0 0 0 0 0
90 1 0 0 0 0 0 0 0 0
99 10 0 0 0 0 0 0 0 0
101 10 0 0 0 0 0 0 0 0
102 20 0 0 0 0 0 0 0 0
104 10 1 1 0 0 0 0 0 0
105 10 0 0 0 0 0 0 0 0
fl=./elf/../sysdeps/generic/dl-protected.h
fn=do_lookup_x
29 4 0 0 0 0 0 0 0 0
fl=./elf/../sysdeps/generic/ldsodefs.h
fn=do_lookup_x
139 2 0 0 1 0 0 0 0 0
140 3 0 0 0 0 0 0 0 0
fl=./elf/../sysdeps/x86_64/dl-machine.h
fn=_dl_fixup
234 1 0 0 0 0 0 1 0 0
fl=./elf/../sysdeps/x86_64/dl-runtime.h
fn=_dl_fixup
28 1 0 0 0 0 0 0 0 0
fl=./elf/../sysdeps/x86_64/dl-trampoline.h
fn=_dl_runtime_resolve_xsave
71 1 1 1 0 0 0 0 0 0
76 1 0 0 0 0 0 1 0 0
79 1 0 0 0 0 0 0 0 0
81 1 0 0 0 0 0 0 0 0
91 1 0 0 1 1 1 0 0 0
97 1 0 0 0 0 0 1 1 1
98 1 0 0 0 0 0 1 0 0
99 1 1 1 0 0 0 1 0 0
100 1 0 0 0 0 0 1 0 0
101 1 0 0 0 0 0 1 0 0
102 1 0 0 0 0 0 1 0 0
103 1 0 0 0 0 0 1 0 0
107 1 0 0 0 0 0 0 0 0
108 1 0 0 0 0 0 0 0 0
111 1 0 0 0 0 0 1 1 0
112 1 0 0 0 0 0 1 0 0
114 1 0 0 0 0 0 1 0 0
115 1 0 0 0 0 0 1 0 0
116 1 1 1 0 0 0 1 0 0
117 1 0 0 0 0 0 1 0 0
118 1 0 0 0 0 0 1 0 0
119 1 0 0 0 0 0 1 0 0
121 1 0 0 1 0 0 33 9 6
128 1 0 0 1 0 0 0 0 0
129 1 0 0 1 0 0 0 0 0
130 1 0 0 0 0 0 1 1 1
131 1 0 0 0 0 0 0 0 0
136 1 0 0 0 0 0 0 0 0
137 1 0 0 0 0 0 0 0 0
138 1 0 0 36 0 0 0 0 0
140 1 1 1 1 0 0 0 0 0
141 1 0 0 1 0 0 0 0 0
142 1 0 0 1 0 0 0 0 0
143 1 0 0 1 0 0 0 0 0
144 1 0 0 1 0 0 0 0 0
145 1 0 0 1 0 0 0 0 0
146 1 0 0 1 0 0 0 0 0
148 1 0 0 0 0 0 0 0 0
150 1 0 0 1 0 0 0 0 0
154 1 0 0 0 0 0 0 0 0
156 1 0 0 0 0 0 0 0 0
fl=./elf/./elf/dl-lookup.c
fn=_dl_lookup_symbol_x
772 13 2 2 0 0 0 9 3 3
774 2 0 0 0 0 0 1 0 0
775 4 0 0 0 0 0 1 0 0
778 1 0 0 1 1 1 0 0 0
782 2 0 0 0 0 0 0 0 0
785 2 1 1 1 0 0 0 0 0
787 2 0 0 2 0 0 0 0 0
791 14 0 0 0 0 0 3 0 0
792 17 2 2 7 0 0 7 1 1
797 5 0 0 2 0 0 0 0 0
816 1 0 0 0 0 0 1 0 0
820 2 0 0 1 0 0 0 0 0
821 7 0 0 1 0 0 0 0 0
828 1 0 0 1 0 0 0 0 0
856 4 1 1 1 0 0 0 0 0
870 3 0 0 1 1 1 0 0 0
873 2 0 0 1 0 0 0 0 0
890 4 0 0 1 0 0 0 0 0
892 9 1 1 7 0 0 0 0 0
fn=check_match
70 15 1 1 2 1 1 6 1 1
73 8 1 1 2 0 0 0 0 0
86 5 0 0 0 0 0 0 0 0
89 8 1 1 2 0 0 1 0 0
93 1 0 0 1 1 1 0 0 0
94 2 0 0 0 0 0 0 0 0
144 2 1 1 0 0 0 0 0 0
146 6 0 0 2 1 1 0 0 0
147 4 1 1 0 0 0 0 0 0
161 1 0 0 0 0 0 0 0 0
162 8 0 0 7 0 0 0 0 0
fn=do_lookup_x
347 14 2 2 2 0 0 10 2 2
348 1 0 0 1 1 1 0 0 0
353 1 0 0 0 0 0 0 0 0
354 1 0 0 1 0 0 0 0 0
358 8 1 1 8 6 6 0 0 0
361 8 0 0 0 0 0 0 0 0
365 10 0 0 1 0 0 0 0 0
386 8 1 1 4 3 3 0 0 0
390 8 0 0 4 1 1 0 0 0
396 12 0 0 4 3 3 0 0 0
400 4 0 0 0 0 0 4 0 0
401 4 0 0 0 0 0 4 0 0
404 20 0 0 12 6 6 0 0 0
405 12 1 1 8 2 2 0 0 0
408 4 0 0 4 0 0 0 0 0
409 8 0 0 0 0 0 0 0 0
411 4 0 0 4 4 4 0 0 0
412 3 0 0 0 0 0 1 0 0
413 8 0 0 8 0 0 0 0 0
415 7 1 1 1 0 0 2 0 0
416 16 0 0 8 0 0 0 0 0
419 28 0 0 4 0 0 0 0 0
422 2 0 0 2 1 1 0 0 0
423 3 1 1 1 0 0 0 0 0
424 2 0 0 0 0 0 0 0 0
426 2 0 0 1 0 0 0 0 0
429 5 1 1 1 1 1 0 0 0
431 3 0 0 1 0 0 0 0 0
432 25 2 2 7 0 0 13 2 2
433 2 0 0 0 0 0 0 0 0
436 3 0 0 0 0 0 0 0 0
461 8 1 1 6 0 0 0 0 0
476 2 1 1 0 0 0 0 0 0
483 4 0 0 1 0 0 0 0 0
487 3 1 1 1 1 1 0 0 0
499 2 0 0 1 0 0 1 0 0
500 1 0 0 0 0 0 1 0 0
501 1 0 0 0 0 0 0 0 0
518 9 0 0 0 0 0 0 0 0
522 8 0 0 7 0 0 0 0 0
fl=./elf/./elf/dl-runtime.c
fn=_dl_fixup
46 11 2 2 0 0 0 6 0 0
48 5 0 0 4 4 4 0 0 0
49 3 1 1 2 1 1 0 0 0
54 1 0 0 1 1 1 0 0 0
55 4 0 0 1 1 1 0 0 0
56 7 0 0 1 1 1 1 1 1
58 2 0 0 1 0 0 0 0 0
63 2 0 0 0 0 0 0 0 0
67 2 0 0 1 1 1 0 0 0
69 2 0 0 0 0 0 0 0 0
71 3 1 1 1 1 1 0 0 0
75 3 0 0 2 2 2 0 0 0
76 4 0 0 1 0 0 0 0 0
77 3 0 0 1 1 1 0 0 0
84 1 1 1 0 0 0 0 0 0
85 3 0 0 1 1 0 0 0 0
95 11 0 0 2 1 1 3 0 0
99 5 1 1 3 0 0 0 0 0
109 10 0 0 4 0 0 1 0 0
124 4 1 1 1 0 0 0 0 0
133 3 0 0 1 1 1 0 0 0
159 3 0 0 1 0 0 0 0 0
163 8 1 1 7 0 0 0 0 0
fl=./malloc/./malloc/arena.c
fn=_mid_memalign.isra.0
153 4 0 0 0 0 0 0 0 0
fn=free
153 39 0 0 0 0 0 0 0 0
fn=malloc
153 22 0 0 0 0 0 0 0 0
fl=./malloc/./malloc/malloc.c
fn=_int_free
1792 7 0 0 7 3 0 0 0 0
3163 12 1 1 6 0 0 6 0 0
3165 24 0 0 6 4 4 6 0 0
3166 6 0 0 0 0 0 6 0 0
3167 12 0 0 0 0 0 6 0 0
4495 91 1 1 0 0 0 52 2 0
4499 39 1 1 13 0 0 0 0 0
4505 52 0 0 0 0 0 0 0 0
4506 26 0 0 0 0 0 0 0 0
4510 65 0 0 0 0 0 0 0 0
4517 26 0 0 0 0 0 0 0 0
4518 78 1 1 39 3 0 0 0 0
4521 6 0 0 0 0 0 0 0 0
4527 18 0 0 12 1 1 0 0 0
4547 30 1 1 12 0 0 0 0 0
4550 6 0 0 0 0 0 0 0 0
4561 14 0 0 0 0 0 0 0 0
4637 14 0 0 7 0 0 0 0 0
4640 14 0 0 7 3 0 0 0 0
4643 14 1 1 0 0 0 0 0 0
4646 14 0 0 0 0 0 0 0 0
4658 71 1 1 58 0 0 0 0 0
fn=_int_free_maybe_consolidate
4770 121 1 1 11 2 0 77 0 0
4776 22 0 0 0 0 0 0 0 0
4778 8 0 0 2 0 0 0 0 0
4781 6 0 0 0 0 0 0 0 0
4784 10 2 2 6 2 0 0 0 0
4798 121 1 1 99 0 0 0 0 0
fn=_int_free_merge_chunk
1992 27 0 0 9 0 0 0 0 0
4665 72 1 1 0 0 0 54 0 0
4666 9 0 0 0 0 0 0 0 0
4670 54 0 0 9 3 0 0 0 0
4673 36 1 1 9 3 0 0 0 0
4675 27 1 1 9 3 0 0 0 0
4678 27 0 0 9 2 0 0 0 0
4681 18 0 0 0 0 0 0 0 0
4682 18 0 0 0 0 0 0 0 0
4683 18 0 0 9 3 0 0 0 0
4689 18 1 1 9 0 0 0 0 0
4691 6 0 0 6 0 0 0 0 0
4692 6 0 0 0 0 0 0 0 0
4693 6 0 0 0 0 0 0 0 0
4694 24 0 0 6 2 0 0 0 0
4696 12 0 0 0 0 0 6 0 0
4701 27 0 0 0 0 0 0 0 0
4702 63 0 0 54 0 0 0 0 0
4714 18 0 0 9 0 0 0 0 0
4720 18 0 0 9 3 0 0 0 0
4721 2 1 1 0 0 0 1 0 0
4722 2 0 0 0 0 0 0 0 0
4724 8 0 0 8 0 0 0 0 0
4732 9 0 0 0 0 0 0 0 0
4733 36 1 1 9 0 0 0 0 0
4734 18 0 0 9 1 0 0 0 0
4736 9 0 0 0 0 0 9 0 0
4738 18 0 0 0 0 0 0 0 0
4740 21 1 1 0 0 0 7 0 0
4743 9 0 0 0 0 0 9 0 0
4744 9 0 0 0 0 0 9 0 0
4746 27 0 0 0 0 0 9 0 0
4747 9 0 0 0 0 0 9 0 0
fn=_int_malloc
1326 26 0 0 0 0 0 0 0 0
1345 78 0 0 0 0 0 0 0 0
1794 13 1 1 13 0 0 0 0 0
2008 4 0 0 1 0 0 0 0 0
2552 6 1 1 2 1 1 2 0 0
2553 1 1 1 0 0 0 1 0 0
2564 2 1 1 1 1 1 0 0 0
2589 4 0 0 1 0 0 1 0 0
2590 2 0 0 0 0 0 1 0 0
2599 12 1 1 3 0 0 0 0 0
2605 3 0 0 2 0 0 0 0 0
2608 3 1 1 0 0 0 0 0 0
2669 3 1 1 1 0 0 1 0 0
2677 2 0 0 1 0 0 0 0 0
2678 3 0 0 1 0 0 1 0 0
2691 3 1 1 1 0 0 0 0 0
2693 1 0 0 1 0 0 0 0 0
2699 5 0 0 1 0 0 1 0 0
2707 2 0 0 0 0 0 0 0 0
2709 4 2 2 0 0 0 2 0 0
2710 3 0 0 1 0 0 0 0 0
2711 1 0 0 0 0 0 0 0 0
2712 1 0 0 0 0 0 0 0 0
2715 2 0 0 0 0 0 0 0 0
2744 7 1 1 3 0 0 0 0 0
2746 2 1 1 0 0 0 1 0 0
2752 8 0 0 1 0 0 0 0 0
2753 6 0 0 1 0 0 1 0 0
2921 3 1 1 2 0 0 0 0 0
2922 1 0 0 0 0 0 1 0 0
2926 1 0 0 1 0 0 0 0 0
2930 5 1 1 2 0 0 0 0 0
2932 1 0 0 0 0 0 0 0 0
2933 1 0 0 0 0 0 0 0 0
2934 1 0 0 0 0 0 1 0 0
2935 7 0 0 0 0 0 1 0 0
2936 2 0 0 0 0 0 1 1 1
2938 1 0 0 0 0 0 0 0 0
3846 143 2 2 13 2 1 91 3 2
3887 26 0 0 0 0 0 0 0 0
3914 26 0 0 0 0 0 0 0 0
3916 4 0 0 0 0 0 0 0 0
3919 1 0 0 1 1 1 0 0 0
3921 2 0 0 0 0 0 0 0 0
3930 3 2 2 0 0 0 0 0 0
3977 24 1 1 0 0 0 0 0 0
3979 20 0 0 0 0 0 0 0 0
3980 8 1 1 0 0 0 0 0 0
3982 12 0 0 4 4 4 0 0 0
4039 115 1 1 0 0 0 0 0 0
4040 27 0 0 9 1 0 0 0 0
4058 39 1 1 13 0 0 0 0 0
4059 39 0 0 0 0 0 13 0 0
4060 39 1 1 26 2 0 0 0 0
4069 14 0 0 0 0 0 7 0 0
4070 92 2 2 21 2 1 13 0 0
4072 8 0 0 8 0 0 0 0 0
4073 16 0 0 8 2 1 0 0 0
4074 8 0 0 0 0 0 0 0 0
4076 16 0 0 0 0 0 0 0 0
4077 24 1 1 8 2 1 0 0 0
4079 8 0 0 8 2 0 0 0 0
4080 32 0 0 0 0 0 0 0 0
4082 32 0 0 8 0 0 0 0 0
4084 16 1 1 8 0 0 0 0 0
4085 16 0 0 8 0 0 0 0 0
4087 16 0 0 0 0 0 0 0 0
4098 32 0 0 0 0 0 0 0 0
4099 2 1 1 1 0 0 0 0 0
4127 8 0 0 0 0 0 8 0 0
4128 8 0 0 0 0 0 8 0 0
4132 16 0 0 0 0 0 0 0 0
4161 17 2 2 0 0 0 0 0 0
4163 4 1 1 0 0 0 2 0 0
4164 8 0 0 0 0 0 0 0 0
4165 2 0 0 2 0 0 0 0 0
4169 98 4 4 0 0 0 6 0 0
4170 18 1 1 0 0 0 0 0 0
4171 6 0 0 6 4 2 0 0 0
4174 12 0 0 0 0 0 0 0 0
4218 24 0 0 0 0 0 6 0 0
4221 56 1 1 16 4 1 0 0 0
4222 8 0 0 0 0 0 8 0 0
4223 8 0 0 0 0 0 8 0 0
4224 8 0 0 0 0 0 8 0 0
4225 8 0 0 0 0 0 8 0 0
4230 16 0 0 16 0 0 0 0 0
4231 16 0 0 0 0 0 0 0 0
4240 32 1 1 16 0 0 0 0 0
4246 14 0 0 0 0 0 0 0 0
4257 39 0 0 0 0 0 0 0 0
4259 36 0 0 0 0 0 0 0 0
4262 27 0 0 9 8 6 0 0 0
4263 13 1 1 0 0 0 0 0 0
4330 13 0 0 0 0 0 0 0 0
4331 26 0 0 0 0 0 0 0 0
4332 26 0 0 0 0 0 0 0 0
4333 26 0 0 13 0 0 0 0 0
4334 78 0 0 0 0 0 0 0 0
4339 52 1 1 0 0 0 0 0 0
4343 75 1 1 0 0 0 0 0 0
4346 52 1 1 13 0 0 0 0 0
4443 13 1 1 13 0 0 0 0 0
4444 26 0 0 13 3 1 0 0 0
4446 26 0 0 13 0 0 0 0 0
4449 39 0 0 0 0 0 0 0 0
4451 12 0 0 0 0 0 0 0 0
4452 24 1 1 0 0 0 0 0 0
4453 12 0 0 0 0 0 12 0 0
4454 96 1 1 0 0 0 12 0 0
4456 24 0 0 0 0 0 12 12 12
4459 24 0 0 0 0 0 0 0 0
4460 39 0 0 0 0 0 13 2 1
4461 13 0 0 0 0 0 0 0 0
4466 4 0 0 1 0 0 1 0 0
4482 1 0 0 0 0 0 0 0 0
4487 156 3 2 117 0 0 0 0 0
fn=_int_memalign
1326 4 0 0 0 0 0 0 0 0
1345 16 1 1 0 0 0 0 0 0
4714 4 0 0 0 0 0 0 0 0
4756 2 1 1 0 0 0 0 0 0
4757 6 0 0 0 0 0 2 1 1
4758 4 0 0 0 0 0 2 0 0
5039 16 1 1 0 0 0 12 2 0
5069 8 0 0 0 0 0 4 0 0
5071 6 0 0 2 0 0 0 0 0
5074 2 0 0 0 0 0 0 0 0
5076 8 0 0 0 0 0 0 0 0
5083 10 1 1 0 0 0 0 0 0
5085 8 0 0 0 0 0 0 0 0
5086 1 0 0 0 0 0 0 0 0
5089 2 0 0 0 0 0 0 0 0
5090 8 0 0 2 0 0 0 0 0
5093 4 0 0 0 0 0 0 0 0
5101 20 1 1 0 0 0 4 1 1
5103 2 0 0 2 0 0 0 0 0
5104 10 0 0 2 0 0 2 0 0
5105 4 0 0 0 0 0 2 0 0
5106 2 0 0 0 0 0 0 0 0
5108 18 1 1 2 0 0 0 0 0
5113 6 0 0 2 0 0 0 0 0
5115 4 0 0 0 0 0 0 0 0
5116 2 0 0 0 0 0 0 0 0
5117 4 0 0 2 0 0 0 0 0
5118 4 0 0 0 0 0 0 0 0
5120 2 0 0 0 0 0 0 0 0
5121 4 0 0 0 0 0 0 0 0
5122 2 1 1 2 0 0 0 0 0
5129 2 0 0 0 0 0 0 0 0
5130 6 2 2 0 0 0 2 0 0
5134 6 1 1 0 0 0 2 0 0
5140 2 0 0 0 0 0 0 0 0
5141 18 0 0 14 0 0 0 0 0
fn=_mid_memalign.isra.0
1326 4 0 0 0 0 0 0 0 0
1345 10 0 0 0 0 0 0 0 0
3575 14 1 1 0 0 0 8 0 0
3581 4 1 1 0 0 0 0 0 0
3585 4 0 0 0 0 0 0 0 0
3590 6 2 2 0 0 0 0 0 0
3598 6 0 0 0 0 0 0 0 0
3615 6 0 0 0 0 0 0 0 0
3617 4 1 1 2 1 0 0 0 0
3638 4 0 0 2 1 0 0 0 0
3640 10 1 1 0 0 0 2 0 0
3641 10 1 1 2 0 0 0 0 0
3643 4 1 1 0 0 0 0 0 0
3662 12 0 0 10 0 0 0 0 0
fn=aligned_alloc
3556 14 1 1 0 0 0 6 1 0
3557 4 0 0 2 2 0 0 0 0
3564 10 0 0 0 0 0 0 0 0
3571 6 0 0 0 0 0 0 0 0
3572 6 1 1 6 0 0 0 0 0
fn=alloc_perturb
1985 39 1 1 13 0 0 0 0 0
1987 13 0 0 13 0 0 0 0 0
fn=free
3359 91 2 2 0 0 0 52 1 0
3363 26 0 0 0 0 0 0 0 0
3371 26 0 0 26 10 2 0 0 0
3373 13 0 0 0 0 0 0 0 0
3375 39 0 0 13 3 0 0 0 0
3392 39 0 0 26 6 0 0 0 0
3398 39 1 1 0 0 0 13 0 0
3401 13 0 0 0 0 0 13 0 0
3402 78 0 0 65 0 0 0 0 0
fn=malloc
1326 24 0 0 0 0 0 0 0 0
1345 60 1 1 0 0 0 0 0 0
3178 2 0 0 1 1 1 0 0 0
3182 2 0 0 0 0 0 0 0 0
3186 4 1 1 1 1 1 1 0 0
3190 2 0 0 0 0 0 1 0 0
3191 1 0 0 0 0 0 1 0 0
3294 96 1 1 0 0 0 48 0 0
3301 24 0 0 12 1 1 0 0 0
3311 24 0 0 0 0 0 0 0 0
3313 48 0 0 24 2 2 0 0 0
3316 24 0 0 12 1 1 0 0 0
3318 18 1 1 6 2 2 0 0 0
3326 22 1 1 11 1 1 0 0 0
3328 44 0 0 0 0 0 11 1 1
3329 55 1 1 11 0 0 0 0 0
3354 72 1 1 60 0 0 0 0 0
fn=unlink_chunk.isra.0
1608 14 1 1 0 0 0 7 0 0
1610 35 0 0 14 0 0 0 0 0
1613 14 0 0 14 0 0 0 0 0
1614 14 0 0 7 0 0 0 0 0
1616 28 1 1 14 4 0 0 0 0
1619 7 0 0 0 0 0 7 0 0
1620 7 0 0 0 0 0 7 0 0
1621 29 0 0 5 0 0 0 0 0
1623 10 0 0 5 0 0 0 0 0
1624 15 0 0 10 0 0 0 0 0
1627 10 0 0 5 2 0 0 0 0
1641 5 0 0 0 0 0 5 0 0
1642 5 1 1 0 0 0 5 0 0
1645 14 0 0 14 0 0 0 0 0
fl=./malloc/./malloc/morecore.c
fn=__glibc_morecore
25 3 1 1 0 0 0 1 0 0
26 2 0 0 1 0 0 0 0 0
29 1 0 0 0 0 0 1 0 0
30 2 0 0 0 0 0 0 0 0
34 2 0 0 2 0 0 0 0 0
fl=./misc/../sysdeps/unix/sysv/linux/brk.c
fn=brk
36 1 1 1 0 0 0 0 0 0
37 2 0 0 1 0 0 1 0 0
38 2 0 0 0 0 0 0 0 0
44 1 0 0 0 0 0 0 0 0
45 1 0 0 1 0 0 0 0 0
fl=./misc/../sysdeps/unix/sysv/linux/brk_call.h
fn=brk
24 2 0 0 0 0 0 0 0 0
fl=./misc/./misc/sbrk.c
fn=sbrk
37 8 1 1 0 0 0 4 0 0
40 2 0 0 2 2 2 0 0 0
43 2 1 1 1 1 1 0 0 0
58 2 0 0 0 0 0 0 0 0
62 2 0 0 0 0 0 0 0 0
66 4 1 1 0 0 0 0 0 0
74 3 1 1 0 0 0 1 0 0
78 7 0 0 5 0 0 0 0 0
fl=./string/../sysdeps/x86_64/multiarch/../multiarch/strcmp-sse2.S
fn=strcmp
98 1 1 1 0 0 0 0 0 0
131 1 0 0 0 0 0 0 0 0
132 1 0 0 0 0 0 0 0 0
134 1 0 0 0 0 0 0 0 0
135 1 0 0 0 0 0 0 0 0
156 1 0 0 0 0 0 0 0 0
157 1 0 0 0 0 0 0 0 0
201 1 1 1 0 0 0 0 0 0
202 1 0 0 0 0 0 0 0 0
203 1 0 0 0 0 0 0 0 0
204 1 0 0 0 0 0 0 0 0
205 1 0 0 0 0 0 0 0 0
206 1 0 0 0 0 0 0 0 0
207 1 0 0 0 0 0 0 0 0
208 1 0 0 0 0 0 0 0 0
209 1 0 0 0 0 0 0 0 0
210 1 0 0 0 0 0 0 0 0
211 1 0 0 0 0 0 0 0 0
212 1 0 0 0 0 0 0 0 0
214 1 0 0 0 0 0 0 0 0
215 1 0 0 0 0 0 0 0 0
216 1 0 0 0 0 0 0 0 0
217 1 0 0 1 1 1 0 0 0
218 1 0 0 0 0 0 0 0 0
219 1 0 0 0 0 0 0 0 0
1851 1 1 1 0 0 0 0 0 0
1852 1 0 0 1 0 0 0 0 0
1853 1 0 0 1 1 1 0 0 0
1854 1 0 0 0 0 0 0 0 0
1855 1 0 0 0 0 0 0 0 0
1857 1 0 0 0 0 0 0 0 0
1858 1 0 0 0 0 0 0 0 0
1859 1 1 1 0 0 0 0 0 0
1860 1 0 0 0 0 0 0 0 0
1861 1 0 0 0 0 0 0 0 0
1862 1 0 0 0 0 0 0 0 0
1863 1 0 0 0 0 0 0 0 0
1864 1 0 0 1 0 0 0 0 0
1868 1 0 0 0 0 0 0 0 0
1869 1 0 0 0 0 0 0 0 0
1870 1 0 0 0 0 0 0 0 0
1876 1 0 0 0 0 0 0 0 0
1877 1 0 0 0 0 0 0 0 0
1878 2 0 0 0 0 0 0 0 0
1882 1 1 1 0 0 0 0 0 0
1883 1 0 0 0 0 0 0 0 0
1886 1 0 0 1 0 0 0 0 0
1887 1 0 0 1 0 0 0 0 0
1888 1 0 0 0 0 0 0 0 0
1890 1 0 0 0 0 0 0 0 0
1891 1 0 0 0 0 0 0 0 0
1892 1 0 0 0 0 0 0 0 0
1896 1 0 0 0 0 0 0 0 0
1897 1 0 0 0 0 0 0 0 0
1898 1 0 0 0 0 0 0 0 0
1899 1 0 0 0 0 0 0 0 0
1900 1 0 0 0 0 0 0 0 0
1901 1 1 1 0 0 0 0 0 0
2093 1 1 1 0 0 0 0 0 0
2095 1 0 0 0 0 0 0 0 0
2096 1 0 0 0 0 0 0 0 0
2097 1 0 0 0 0 0 0 0 0
2098 1 0 0 0 0 0 0 0 0
2099 2 0 0 0 0 0 0 0 0
2104 1 1 1 0 0 0 0 0 0
2110 1 0 0 1 0 0 0 0 0
2111 1 0 0 1 0 0 0 0 0
2119 1 0 0 0 0 0 0 0 0
2120 1 0 0 1 0 0 0 0 0
fl=./string/../sysdeps/x86_64/multiarch/memmove-vec-unaligned-erms.S
fn=__memcpy_avx_unaligned_erms
255 12 1 1 0 0 0 0 0 0
256 12 0 0 0 0 0 0 0 0
262 12 0 0 0 0 0 0 0 0
263 12 0 0 0 0 0 0 0 0
265 11 0 0 11 1 0 0 0 0
266 11 0 0 0 0 0 0 0 0
267 11 0 0 0 0 0 0 0 0
270 2 0 0 2 0 0 0 0 0
271 2 0 0 0 0 0 2 0 0
272 2 0 0 0 0 0 2 0 0
275 4 0 0 2 0 0 0 0 0
305 1 0 0 0 0 0 0 0 0
306 1 0 0 0 0 0 0 0 0
308 1 0 0 0 0 0 0 0 0
309 1 0 0 0 0 0 0 0 0
311 1 0 0 0 0 0 0 0 0
315 1 0 0 0 0 0 0 0 0
316 1 1 1 0 0 0 0 0 0
317 1 0 0 0 0 0 0 0 0
325 1 0 0 1 0 0 0 0 0
375 1 1 1 1 0 0 0 0 0
376 1 0 0 1 0 0 0 0 0
377 1 0 0 0 0 0 1 1 1
378 1 0 0 0 0 0 1 0 0
379 1 0 0 0 0 0 1 0 0
380 1 0 0 0 0 0 1 0 0
381 2 0 0 1 0 0 0 0 0
386 9 2 1 9 3 1 0 0 0
387 9 0 0 0 0 0 0 0 0
392 7 0 0 0 0 0 0 0 0
393 7 0 0 0 0 0 0 0 0
395 2 0 0 2 0 0 0 0 0
396 2 0 0 0 0 0 0 0 0
397 2 0 0 0 0 0 0 0 0
399 1 0 0 1 0 0 0 0 0
400 1 0 0 1 0 0 0 0 0
401 1 0 0 1 0 0 0 0 0
402 1 0 0 1 0 0 0 0 0
403 1 0 0 1 0 0 0 0 0
404 1 1 1 1 0 0 0 0 0
405 1 0 0 0 0 0 1 1 1
406 1 0 0 0 0 0 1 0 0
407 1 0 0 0 0 0 1 1 1
408 1 0 0 0 0 0 1 0 0
409 1 0 0 0 0 0 1 1 1
410 1 0 0 0 0 0 1 0 0
411 1 0 0 0 0 0 1 1 1
412 1 0 0 0 0 0 1 0 0
413 2 0 0 1 0 0 0 0 0
417 5 0 0 0 0 0 0 0 0
418 5 0 0 0 0 0 0 0 0
422 5 0 0 0 0 0 0 0 0
424 5 1 1 0 0 0 0 0 0
428 5 0 0 5 1 1 0 0 0
429 5 0 0 0 0 0 0 0 0
440 5 0 0 0 0 0 0 0 0
443 5 0 0 0 0 0 0 0 0
445 5 0 0 0 0 0 0 0 0
447 5 0 0 0 0 0 0 0 0
451 5 0 0 0 0 0 0 0 0
452 5 0 0 0 0 0 0 0 0
461 3 0 0 3 0 0 0 0 0
462 3 0 0 3 0 0 0 0 0
464 3 0 0 0 0 0 0 0 0
466 3 0 0 0 0 0 0 0 0
467 3 1 1 3 0 0 0 0 0
468 3 0 0 3 0 0 0 0 0
471 3 0 0 0 0 0 0 0 0
473 3 0 0 0 0 0 0 0 0
475 3 0 0 0 0 0 0 0 0
477 6 0 0 0 0 0 0 0 0
483 25 0 0 25 0 0 0 0 0
484 25 0 0 25 0 0 0 0 0
485 25 0 0 25 0 0 0 0 0
486 25 0 0 25 0 0 0 0 0
487 25 0 0 0 0 0 0 0 0
488 25 0 0 0 0 0 25 22 22
489 25 0 0 0 0 0 25 3 3
490 25 1 1 0 0 0 25 22 22
491 25 0 0 0 0 0 25 3 3
492 25 0 0 0 0 0 0 0 0
493 25 0 0 0 0 0 0 0 0
494 25 0 0 0 0 0 0 0 0
496 3 0 0 0 0 0 3 1 1
497 3 0 0 0 0 0 3 2 2
498 3 0 0 0 0 0 3 0 0
499 3 0 0 0 0 0 3 0 0
501 3 0 0 0 0 0 3 0 0
505 6 0 0 3 0 0 0 0 0
518 2 0 0 2 0 0 0 0 0
519 2 0 0 2 0 0 0 0 0
521 2 1 1 0 0 0 0 0 0
522 2 0 0 2 0 0 0 0 0
523 2 0 0 2 0 0 0 0 0
525 2 0 0 0 0 0 0 0 0
527 2 0 0 0 0 0 0 0 0
529 4 0 0 0 0 0 0 0 0
535 94 0 0 94 0 0 0 0 0
536 94 0 0 94 0 0 0 0 0
537 94 0 0 94 0 0 0 0 0
538 94 0 0 94 0 0 0 0 0
539 94 0 0 0 0 0 0 0 0
540 94 0 0 0 0 0 94 64 64
541 94 1 1 0 0 0 94 31 31
542 94 0 0 0 0 0 94 63 63
543 94 0 0 0 0 0 94 31 31
544 94 0 0 0 0 0 0 0 0
545 94 0 0 0 0 0 0 0 0
546 94 0 0 0 0 0 0 0 0
548 2 0 0 0 0 0 2 1 1
549 2 0 0 0 0 0 2 1 1
550 2 0 0 0 0 0 2 0 0
551 2 0 0 0 0 0 2 0 0
553 2 0 0 0 0 0 2 0 0
554 4 0 0 2 0 0 0 0 0
563 2 1 1 2 1 0 0 0 0
570 2 0 0 0 0 0 0 0 0
571 2 0 0 0 0 0 0 0 0
577 2 0 0 0 0 0 0 0 0
580 2 0 0 0 0 0 0 0 0
582 2 0 0 0 0 0 0 0 0
585 2 0 0 0 0 0 0 0 0
586 2 0 0 0 0 0 0 0 0
588 2 0 0 0 0 0 0 0 0
590 49074 0 0 49072 567 0 49072 767 766
592 2 0 0 0 0 0 2 1 0
594 2 0 0 0 0 0 2 1 0
596 4 0 0 2 1 0 0 0 0
601 2 1 1 0 0 0 0 0 0
602 2 0 0 0 0 0 0 0 0
606 2 0 0 0 0 0 0 0 0
608 2 0 0 0 0 0 0 0 0
611 2 0 0 0 0 0 0 0 0
615 2 0 0 2 2 0 0 0 0
616 2 0 0 0 0 0 0 0 0
620 2 0 0 2 0 0 0 0 0
624 2 0 0 0 0 0 0 0 0
fl=/home/wang/git-repositories/vcpkg/installed/x64-linux-clang-libcxx/include/boost/unordered/detail/foa/core.hpp
fn=unsigned int lob::v15::BookT<lob::ChecksumSink, 16u>::match<(lob::Side)0>(unsigned long, long, unsigned int)
0 80655 1 1 0 0 0 0 0 0
fn=unsigned int lob::v15::BookT<lob::ChecksumSink, 16u>::match<(lob::Side)1>(unsigned long, long, unsigned int)
0 80322 1 1 0 0 0 0 0 0
fl=/home/wang/sources/cxx/book/include/lob/events.hpp
fn=lob::v15::BookT<lob::ChecksumSink, 16u>::modify(unsigned long, long, unsigned int)
92 93099 1 1 93099 0 0 0 0 0
93 881019 1 1 93141 0 0 93099 0 0
fn=unsigned int lob::v15::BookT<lob::ChecksumSink, 16u>::match<(lob::Side)0>(unsigned long, long, unsigned int)
92 449529 0 0 149843 0 0 149843 0 0
93 1798116 1 1 149843 0 0 149843 0 0
fn=unsigned int lob::v15::BookT<lob::ChecksumSink, 16u>::match<(lob::Side)1>(unsigned long, long, unsigned int)
92 446100 1 1 148700 0 0 148700 0 0
93 1784400 0 0 148700 0 0 148700 0 0
fn=void lob::replay<lob::v15::BookT<lob::ChecksumSink, 16u> >(lob::v15::BookT<lob::ChecksumSink, 16u>&, std::__1::span<lob::Op const, 18446744073709551615ul>)
0 1849032 0 0 0 0 0 773497 0 0
92 773639 0 0 773639 4 1 0 0 0
93 7000407 2 2 774065 0 0 142 0 0
fl=/home/wang/sources/cxx/book/include/lob/replay.hpp
fn=void lob::replay<lob::v15::BookT<lob::ChecksumSink, 16u> >(lob::v15::BookT<lob::ChecksumSink, 16u>&, std::__1::span<lob::Op const, 18446744073709551615ul>)
0 6 1 1 0 0 0 0 0 0
52 7 1 1 0 0 0 6 1 1
53 1000001 0 0 0 0 0 0 0 0
57 9 2 2 7 1 1 0 0 0
fl=/home/wang/sources/cxx/book/include/lob/v11/exact_div.hpp
fn=lob::v15::BookT<lob::ChecksumSink, 16u>::modify(unsigned long, long, unsigned int)
37 196152 0 0 130768 0 0 0 0 0
fn=lob::v15::BookT<lob::ChecksumSink, 16u>::remove_from_level(lob::v15::BookT<lob::ChecksumSink, 16u>::Loc const&)
37 83145 0 0 55430 0 0 0 0 0
fn=void lob::replay<lob::v15::BookT<lob::ChecksumSink, 16u> >(lob::v15::BookT<lob::ChecksumSink, 16u>&, std::__1::span<lob::Op const, 18446744073709551615ul>)
37 2320917 2 2 1547278 0 0 0 0 0
fl=/home/wang/sources/cxx/book/include/lob/v15/book.hpp
fn=lob::v15::BookT<lob::ChecksumSink, 16u>::anchor_if_on_tick(long)
364 3 0 0 0 0 0 1 0 0
365 1 0 0 0 0 0 1 0 0
592 10 1 1 1 0 0 0 0 0
593 1 0 0 1 0 0 0 0 0
fn=lob::v15::BookT<lob::ChecksumSink, 16u>::modify(unsigned long, long, unsigned int)
0 561783 3 3 237476 0 0 31839 0 0
177 694940 1 1 0 0 0 416964 0 0
180 138988 0 0 0 0 0 0 0 0
181 138988 0 0 0 0 0 0 0 0
183 208482 0 0 69494 0 0 138988 0 0
185 277976 1 1 0 0 0 0 0 0
186 83558 1 1 41779 337 0 0 0 0
187 41779 1 1 0 0 0 41779 0 0
188 41779 0 0 41779 0 0 0 0 0
189 41779 0 0 0 0 0 0 0 0
193 138575 1 1 0 0 0 55430 0 0
194 27715 0 0 27715 0 0 0 0 0
196 625446 1 1 486458 0 0 0 0 0
315 23605 0 0 0 0 0 0 0 0
345 347470 0 0 138988 63838 0 0 0 0
353 83558 0 0 41779 0 0 0 0 0
358 130768 1 1 65384 0 0 0 0 0
359 172547 1 1 0 0 0 0 0 0
361 55430 0 0 55430 0 0 0 0 0
378 83558 1 1 0 0 0 0 0 0
384 47210 1 1 23605 0 0 0 0 0
385 23605 0 0 0 0 0 0 0 0
386 94406 0 0 23605 0 0 47196 0 0
387 23605 0 0 0 0 0 0 0 0
392 118039 1 1 14 0 0 118025 0 0
408 47210 0 0 23605 244 0 0 0 0
410 141630 1 1 23605 0 0 0 0 0
411 23605 0 0 0 0 0 23605 1535 0
412 23605 0 0 0 0 0 23605 0 0
413 23605 1 1 0 0 0 23605 0 0
414 23605 0 0 0 0 0 23605 0 0
415 23605 0 0 23605 72 0 0 0 0
436 69494 0 0 0 0 0 0 0 0
437 83145 0 0 0 0 0 0 0 0
438 83145 0 0 0 0 0 0 0 0
439 158084 2 2 0 0 0 0 0 0
440 27715 0 0 27715 0 0 0 0 0
441 27715 0 0 0 0 0 0 0 0
442 110860 0 0 0 0 0 0 0 0
443 55430 0 0 0 0 0 0 0 0
448 27715 0 0 0 0 0 0 0 0
449 4124 0 0 0 0 0 0 0 0
450 2032 0 0 0 0 0 2032 0 0
452 2092 0 0 0 0 0 2092 0 0
453 8248 1 1 0 0 0 0 0 0
517 47210 0 0 23605 0 0 0 0 0
521 70815 0 0 23605 0 0 0 0 0
522 23647 0 0 0 0 0 14 0 0
523 14 0 0 0 0 0 0 0 0
527 47210 0 0 23605 0 0 0 0 0
528 47210 0 0 23605 0 0 23605 0 0
529 23605 0 0 23605 0 0 0 0 0
fn=lob::v15::BookT<lob::ChecksumSink, 16u>::remove_from_level(lob::v15::BookT<lob::ChecksumSink, 16u>::Loc const&)
0 83145 0 0 0 0 0 55430 0 0
315 27715 0 0 0 0 0 0 0 0
353 55430 1 1 27715 0 0 0 0 0
358 27715 0 0 27715 0 0 0 0 0
359 27715 0 0 0 0 0 0 0 0
397 55430 0 0 27715 0 0 27715 0 0
398 55430 1 1 0 0 0 27715 0 0
420 55430 0 0 27715 0 0 0 0 0
421 55430 0 0 27715 0 0 0 0 0
424 138575 1 1 0 0 0 0 0 0
425 138575 0 0 0 0 0 0 0 0
426 27715 0 0 0 0 0 27715 16420 0
427 27715 0 0 0 0 0 27715 16156 0
428 27715 0 0 27715 24 0 0 0 0
552 27715 0 0 27715 0 0 0 0 0
553 83145 1 1 27715 0 0 0 0 0
554 83145 0 0 83145 213 0 0 0 0
556 27715 0 0 27715 0 0 0 0 0
559 221720 0 0 55430 6 0 0 0 0
563 83145 0 0 83145 0 0 0 0 0
fn=unsigned int lob::v15::BookT<lob::ChecksumSink, 16u>::match<(lob::Side)0>(unsigned long, long, unsigned int)
0 1206712 2 2 2690 0 0 242828 709 0
361 162882 0 0 81441 0 0 0 0 0
397 165042 0 0 82521 0 0 82521 0 0
398 165042 0 0 82521 0 0 82521 0 0
420 165042 0 0 82521 0 0 0 0 0
421 165042 0 0 82521 0 0 0 0 0
424 412605 0 0 0 0 0 0 0 0
425 412605 0 0 0 0 0 0 0 0
426 82521 0 0 0 0 0 82521 0 0
427 82521 0 0 0 0 0 82521 35113 0
428 82521 0 0 82521 0 0 0 0 0
463 565124 1 1 0 0 0 484392 0 0
473 161464 1 1 0 0 0 0 0 0
476 244323 0 0 0 0 0 0 0 0
479 81441 0 0 0 0 0 0 0 0
484 81441 0 0 0 0 0 0 0 0
486 162959 0 0 0 0 0 0 0 0
487 813640 1 1 162728 0 0 162728 0 0
488 752051 2 2 150552 0 0 0 0 0
491 599372 0 0 0 0 0 0 0 0
492 299686 0 0 299686 19019 0 0 0 0
494 449529 0 0 0 0 0 149843 0 0
495 149843 0 0 149843 0 0 0 0 0
496 149843 0 0 0 0 0 0 0 0
502 161310 0 0 80655 0 0 0 0 0
503 2690 0 0 1345 0 0 0 0 0
510 807320 1 1 565124 0 0 0 0 0
fn=unsigned int lob::v15::BookT<lob::ChecksumSink, 16u>::match<(lob::Side)1>(unsigned long, long, unsigned int)
0 1282328 5 5 83766 0 0 241845 742 0
361 162244 0 0 81122 0 0 0 0 0
397 163358 0 0 81679 0 0 81679 0 0
398 163358 0 0 81679 0 0 81679 0 0
420 163358 0 0 81679 0 0 0 0 0
421 163358 0 0 81679 0 0 0 0 0
424 408395 0 0 0 0 0 0 0 0
425 408395 0 0 0 0 0 0 0 0
426 81679 0 0 0 0 0 81679 0 0
427 81679 0 0 0 0 0 81679 33736 0
428 81679 0 0 81679 0 0 0 0 0
463 562807 1 1 0 0 0 482406 0 0
473 160802 0 0 0 0 0 0 0 0
476 243366 0 0 0 0 0 0 0 0
479 81122 1 1 0 0 0 0 0 0
480 81122 0 0 0 0 0 0 0 0
484 81122 0 0 0 0 0 0 0 0
486 162323 0 0 0 0 0 0 0 0
487 810430 1 1 162086 0 0 162086 0 0
488 746384 1 1 149421 0 0 0 0 0
491 594800 0 0 0 0 0 0 0 0
492 297400 0 0 297400 18160 0 0 0 0
494 446100 0 0 0 0 0 148700 0 0
495 148700 0 0 148700 0 0 0 0 0
496 148700 1 1 0 0 0 0 0 0
502 160644 0 0 80322 0 0 0 0 0
503 2644 0 0 1322 0 0 0 0 0
507 2644 0 0 0 0 0 0 0 0
510 804010 1 1 562807 0 0 0 0 0
fn=void lob::replay<lob::v15::BookT<lob::ChecksumSink, 16u> >(lob::v15::BookT<lob::ChecksumSink, 16u>&, std::__1::span<lob::Op const, 18446744073709551615ul>)
0 3573588 1 1 1943060 125000 125000 628468 0 0
150 4861012 1 1 1000000 162964 162961 0 0 0
152 3142340 1 1 1885404 78501 78501 0 0 0
156 416964 0 0 138988 8539 8539 69494 0 0
162 628468 0 0 0 0 0 0 0 0
163 1256936 0 0 0 0 0 0 0 0
172 604076 0 0 604076 180767 0 0 0 0
174 302038 0 0 302038 0 0 0 0 0
315 2320917 0 0 0 0 0 0 0 0
345 1510190 0 0 604076 96242 0 0 0 0
353 604078 0 0 302039 0 0 0 0 0
358 1245240 1 1 773639 0 0 0 0 0
359 1547278 0 0 0 0 0 0 0 0
361 1256934 0 0 1256934 0 0 0 0 0
384 1886404 1 1 471601 0 0 471601 1 1
385 471601 0 0 0 0 0 0 0 0
386 1878258 0 0 469600 21613 2 939058 0 0
387 469600 0 0 0 0 0 0 0 0
392 2360290 1 1 284 0 0 2358005 10031 1
397 604076 1 1 302038 0 0 302038 0 0
398 302038 0 0 0 0 0 302038 0 0
408 1414803 0 0 471601 2413 25 0 0 0
410 2358005 2 2 471601 0 0 0 0 0
411 471601 0 0 0 0 0 471601 11160 0
412 471601 0 0 0 0 0 471601 0 0
413 471601 0 0 0 0 0 471601 0 0
414 471601 0 0 0 0 0 471601 0 0
415 471601 0 0 471601 615 7 0 0 0
420 604076 1 1 302038 0 0 0 0 0
421 604076 0 0 302038 0 0 0 0 0
424 1510190 0 0 0 0 0 0 0 0
425 1510190 0 0 0 0 0 0 0 0
426 302038 0 0 0 0 0 302038 178449 0
427 302038 0 0 0 0 0 302038 175979 0
428 302038 0 0 302038 276 0 0 0 0
437 1885404 0 0 0 0 0 0 0 0
438 1885401 0 0 0 0 0 0 0 0
439 3614225 0 0 142 0 0 157009 0 0
440 628468 1 1 628468 4 1 0 0 0
442 2513868 0 0 0 0 0 0 0 0
443 1885404 1 1 0 0 0 628468 0 0
448 628468 0 0 0 0 0 0 0 0
449 157009 0 0 0 0 0 0 0 0
450 157400 0 0 0 0 0 78700 0 0
452 156618 0 0 0 0 0 78309 0 0
453 314018 0 0 0 0 0 0 0 0
517 943208 0 0 471601 1 0 1 0 0
521 1414803 0 0 471601 0 0 0 0 0
522 471885 1 1 0 0 0 142 0 0
523 142 0 0 0 0 0 0 0 0
527 471743 0 0 471743 0 0 0 0 0
528 943202 0 0 471601 0 0 471601 1 0
529 471601 0 0 471601 4 1 0 0 0
533 604076 0 0 0 0 0 604076 1 0
535 906114 0 0 302038 0 0 0 0 0
536 604076 0 0 604076 2318 1 0 0 0
538 302038 0 0 302038 0 0 0 0 0
541 2114266 0 0 302038 50 0 0 0 0
fl=/home/wang/sources/cxx/book/include/lob/v15/order_index.hpp
fn=lob::v15::BookT<lob::ChecksumSink, 16u>::modify(unsigned long, long, unsigned int)
0 277976 0 0 69494 0 0 0 0 0
58 138988 0 0 69494 0 0 0 0 0
59 138988 0 0 0 0 0 0 0 0
64 138988 0 0 0 0 0 0 0 0
95 8220 1 1 4110 0 0 0 0 0
99 24660 0 0 12330 0 0 4110 0 0
100 12330 0 0 8220 0 0 0 0 0
101 4110 1 1 4110 0 0 0 0 0
102 4110 0 0 0 0 0 0 0 0
119 277976 1 1 69494 0 0 0 0 0
122 555952 0 0 0 0 0 416964 0 0
128 347470 1 1 0 0 0 0 0 0
130 208482 0 0 69494 47088 0 0 0 0
fn=lob::v15::OrderIndex::grow()
0 8460 1 1 768 1 0 0 0 0
119 10752 2 2 2688 0 0 0 0 0
128 10752 3 3 0 0 0 0 0 0
130 5376 1 1 2688 1024 0 0 0 0
143 2688 0 0 0 0 0 0 0 0
145 2688 1 1 0 0 0 2688 0 0
152 2 1 1 0 0 0 2 0 0
153 10 0 0 0 0 0 2 0 0
154 4 0 0 0 0 0 2 0 0
155 4 0 0 0 0 0 2 0 0
156 8 0 0 0 0 0 2 0 0
157 2 0 0 0 0 0 2 0 0
158 790 1 1 0 0 0 0 0 0
159 1536 0 0 0 0 0 1536 1536 1536
160 1536 2 2 0 0 0 1536 0 0
163 12 1 1 0 0 0 10 1 0
165 2 0 0 2 0 0 0 0 0
166 2 0 0 0 0 0 0 0 0
167 2308 1 1 0 0 0 0 0 0
169 16128 4 3 5376 710 0 0 0 0
171 5376 0 0 2688 0 0 2688 0 0
185 18 2 2 8 4 0 0 0 0
fn=unsigned int lob::v15::BookT<lob::ChecksumSink, 16u>::match<(lob::Side)0>(unsigned long, long, unsigned int)
0 247563 0 0 82521 0 0 0 0 0
58 165042 0 0 82521 0 0 0 0 0
59 247563 1 1 0 0 0 0 0 0
64 165042 0 0 0 0 0 0 0 0
99 495126 0 0 247563 0 0 82521 0 0
100 247563 0 0 165042 0 0 0 0 0
101 82521 1 1 82521 0 0 0 0 0
119 330084 0 0 82521 0 0 0 0 0
122 660168 1 1 0 0 0 495126 0 0
128 412605 1 1 0 0 0 0 0 0
130 247563 1 1 82521 44067 0 0 0 0
fn=unsigned int lob::v15::BookT<lob::ChecksumSink, 16u>::match<(lob::Side)1>(unsigned long, long, unsigned int)
0 245037 1 1 81679 0 0 0 0 0
58 163358 0 0 81679 0 0 0 0 0
59 245037 0 0 0 0 0 0 0 0
64 163358 0 0 0 0 0 0 0 0
99 490074 0 0 245037 0 0 81679 0 0
100 245037 1 1 163358 0 0 0 0 0
101 81679 0 0 81679 0 0 0 0 0
119 326716 0 0 81679 0 0 0 0 0
122 653432 1 1 0 0 0 490074 0 0
128 408395 1 1 0 0 0 0 0 0
130 245037 0 0 81679 42750 0 0 0 0
fn=void lob::replay<lob::v15::BookT<lob::ChecksumSink, 16u> >(lob::v15::BookT<lob::ChecksumSink, 16u>&, std::__1::span<lob::Op const, 18446744073709551615ul>)
0 4833945 1 1 1558978 4 0 157011 0 0
58 604076 0 0 302038 0 0 0 0 0
59 906114 1 1 0 0 0 0 0 0
64 604076 1 1 0 0 0 0 0 0
74 1256936 0 0 628468 2 1 0 0 0
75 6 1 1 0 0 0 1 0 0
76 2 0 0 0 0 0 1 0 0
78 1885403 0 0 628467 0 0 0 0 0
79 1885404 1 1 0 0 0 0 0 0
81 1885404 0 0 1256936 1 1 0 0 0
82 8 1 1 0 0 0 4 0 0
86 1885404 0 0 0 0 0 0 0 0
87 1256936 1 1 628468 0 0 0 0 0
90 628468 0 0 628468 0 0 0 0 0
95 1219848 2 2 458905 0 0 0 0 0
99 2753430 2 2 1376715 0 0 458905 0 0
100 1376715 0 0 917810 0 0 0 0 0
101 772639 2 2 615772 0 0 0 0 0
119 3722024 0 0 930506 0 0 0 0 0
122 3673240 0 0 0 0 0 1812228 0 0
128 6537934 3 3 628468 564565 256 0 0 0
130 4676922 1 1 302038 204445 0 0 0 0
143 1256936 0 0 0 0 0 0 0 0
145 628468 0 0 0 0 0 628468 0 0
fl=/home/wang/sources/cxx/book/include/lob/v3/hier_bitmap.hpp
fn=lob::v15::BookT<lob::ChecksumSink, 16u>::modify(unsigned long, long, unsigned int)
48 83145 0 0 55430 0 0 0 0 0
57 47182 0 0 0 0 0 0 0 0
58 70773 1 1 23591 22 0 0 0 0
59 70773 0 0 47182 0 0 47182 215 0
95 138575 0 0 0 0 0 0 0 0
fn=lob::v15::BookT<lob::ChecksumSink, 16u>::remove_from_level(lob::v15::BookT<lob::ChecksumSink, 16u>::Loc const&)
78 83145 0 0 27715 0 0 0 0 0
79 83145 0 0 27715 24 0 0 0 0
80 27715 1 1 0 0 0 0 0 0
fn=lob::v3::HierBitmap<16u>::set(unsigned int)
55 156 1 1 156 0 0 0 0 0
57 312 0 0 0 0 0 0 0 0
58 468 0 0 156 0 0 0 0 0
59 468 0 0 312 0 0 312 63 0
63 156 0 0 156 0 0 0 0 0
fn=unsigned int lob::v15::BookT<lob::ChecksumSink, 16u>::match<(lob::Side)0>(unsigned long, long, unsigned int)
0 84767 0 0 82786 0 0 0 0 0
48 244323 1 1 162882 0 0 0 0 0
67 2690 0 0 0 0 0 0 0 0
68 5380 1 1 1345 0 0 0 0 0
95 407205 0 0 0 0 0 0 0 0
fn=unsigned int lob::v15::BookT<lob::ChecksumSink, 16u>::match<(lob::Side)1>(unsigned long, long, unsigned int)
0 3245 0 0 1322 0 0 0 0 0
48 243366 0 0 162244 0 0 0 0 0
67 2644 0 0 0 0 0 0 0 0
68 5288 0 0 1322 0 0 0 0 0
95 405610 0 0 0 0 0 0 0 0
fn=void lob::replay<lob::v15::BookT<lob::ChecksumSink, 16u> >(lob::v15::BookT<lob::ChecksumSink, 16u>&, std::__1::span<lob::Op const, 18446744073709551615ul>)
0 2357289 0 0 1414377 0 0 0 0 0
48 2513872 0 0 1256936 10 2 0 0 0
57 942921 2 2 0 0 0 0 0 0
58 1885848 1 1 942921 326 6 0 0 0
59 1414395 0 0 942927 1 1 942924 3 1
78 906114 1 1 302038 0 0 0 0 0
79 906114 0 0 302038 315 0 0 0 0
80 302038 0 0 0 0 0 0 0 0
95 3142335 0 0 0 0 0 0 0 0
fl=/home/wang/sources/cxx/book/source/main.cxx
fn=auto lob::for_each_type<std::__1::tuple<lob::v0::Book<lob::ChecksumSink>, lob::v1::Book<lob::ChecksumSink>, lob::v2::Book<lob::ChecksumSink>, lob::v3::BookT<lob::ChecksumSink, 16u>, lob::v4::BookT<lob::ChecksumSink, 16u>, lob::v5::BookT<lob::ChecksumSink, 16u>, lob::v7::BookT<lob::ChecksumSink, 16u>, lob::v8::BookT<lob::ChecksumSink, 16u>, lob::v9::BookT<lob::ChecksumSink, 16u>, lob::v10::BookT<lob::ChecksumSink, 16u>, lob::v11::BookT<lob::ChecksumSink, 16u>, lob::v12::BookT<lob::ChecksumSink, 16u>, lob::v13::BookT<lob::ChecksumSink, 16u>, lob::v14::BookT<lob::ChecksumSink, 16u>, lob::v15::BookT<lob::ChecksumSink, 16u> >, (anonymous namespace)::with_version<(anonymous namespace)::cmd_replay((anonymous namespace)::Args const&)::$_0>(std::__1::basic_string_view<char, std::__1::char_traits<char> >, (anonymous namespace)::cmd_replay((anonymous namespace)::Args const&)::$_0&&)::{lambda<typename $T0>()#1}>((anonymous namespace)::with_version<(anonymous namespace)::cmd_replay((anonymous namespace)::Args const&)::$_0>(std::__1::basic_string_view<char, std::__1::char_traits<char> >, (anonymous namespace)::cmd_replay((anonymous namespace)::Args const&)::$_0&&)::{lambda<typename $T0>()#1}&&)::{lambda<unsigned long... $N0>(std::__1::integer_sequence<unsigned long, ($N0)...>)#1}::operator()<0ul, 1ul, 2ul, 3ul, 4ul, 5ul, 6ul, 7ul, 8ul, 9ul, 10ul, 11ul, 12ul, 13ul, 14ul>(std::__1::integer_sequence<unsigned long, 0ul, 1ul, 2ul, 3ul, 4ul, 5ul, 6ul, 7ul, 8ul, 9ul, 10ul, 11ul, 12ul, 13ul, 14ul>) const
293 2 1 1 0 0 0 1 1 1
294 2 0 0 1 1 1 1 0 0
295 9 1 1 0 0 0 6 1 1
fl=/usr/include/c++/v1/__algorithm/comp.h
fn=unsigned int lob::v15::BookT<lob::ChecksumSink, 16u>::match<(lob::Side)0>(unsigned long, long, unsigned int)
41 149843 0 0 149843 153 0 0 0 0
fn=unsigned int lob::v15::BookT<lob::ChecksumSink, 16u>::match<(lob::Side)1>(unsigned long, long, unsigned int)
41 148700 0 0 148700 151 0 0 0 0
fl=/usr/include/c++/v1/__bit/countr.h
fn=lob::v15::BookT<lob::ChecksumSink, 16u>::modify(unsigned long, long, unsigned int)
28 249848 2 2 55430 0 0 0 0 0
fn=lob::v15::OrderIndex::grow()
28 5382 0 0 0 0 0 0 0 0
fn=unsigned int lob::v15::BookT<lob::ChecksumSink, 16u>::match<(lob::Side)0>(unsigned long, long, unsigned int)
28 572247 1 1 162882 0 0 0 0 0
fn=unsigned int lob::v15::BookT<lob::ChecksumSink, 16u>::match<(lob::Side)1>(unsigned long, long, unsigned int)
28 568968 0 0 162244 0 0 0 0 0
fn=void lob::replay<lob::v15::BookT<lob::ChecksumSink, 16u> >(lob::v15::BookT<lob::ChecksumSink, 16u>&, std::__1::span<lob::Op const, 18446744073709551615ul>)
28 4374880 0 0 1256934 8 0 0 0 0
fl=/usr/include/c++/v1/__iterator/wrap_iter.h
fn=void lob::replay<lob::v15::BookT<lob::ChecksumSink, 16u> >(lob::v15::BookT<lob::ChecksumSink, 16u>&, std::__1::span<lob::Op const, 18446744073709551615ul>)
65 1000000 0 0 0 0 0 0 0 0
125 1000001 0 0 0 0 0 0 0 0
fl=/usr/include/c++/v1/__memory/allocator.h
fn=void lob::replay<lob::v15::BookT<lob::ChecksumSink, 16u> >(lob::v15::BookT<lob::ChecksumSink, 16u>&, std::__1::span<lob::Op const, 18446744073709551615ul>)
100 24 1 1 0 0 0 0 0 0
fl=/usr/include/c++/v1/__memory/construct_at.h
fn=void lob::replay<lob::v15::BookT<lob::ChecksumSink, 16u> >(lob::v15::BookT<lob::ChecksumSink, 16u>&, std::__1::span<lob::Op const, 18446744073709551615ul>)
38 4002 0 0 0 0 0 2001 1000 998
fl=/usr/include/c++/v1/__memory/uninitialized_algorithms.h
fn=void lob::replay<lob::v15::BookT<lob::ChecksumSink, 16u> >(lob::v15::BookT<lob::ChecksumSink, 16u>&, std::__1::span<lob::Op const, 18446744073709551615ul>)
0 12 0 0 12 1 0 0 0 0
638 48 0 0 0 0 0 12 0 0
fl=/usr/include/c++/v1/__memory/unique_ptr.h
fn=auto lob::for_each_type<std::__1::tuple<lob::v0::Book<lob::ChecksumSink>, lob::v1::Book<lob::ChecksumSink>, lob::v2::Book<lob::ChecksumSink>, lob::v3::BookT<lob::ChecksumSink, 16u>, lob::v4::BookT<lob::ChecksumSink, 16u>, lob::v5::BookT<lob::ChecksumSink, 16u>, lob::v7::BookT<lob::ChecksumSink, 16u>, lob::v8::BookT<lob::ChecksumSink, 16u>, lob::v9::BookT<lob::ChecksumSink, 16u>, lob::v10::BookT<lob::ChecksumSink, 16u>, lob::v11::BookT<lob::ChecksumSink, 16u>, lob::v12::BookT<lob::ChecksumSink, 16u>, lob::v13::BookT<lob::ChecksumSink, 16u>, lob::v14::BookT<lob::ChecksumSink, 16u>, lob::v15::BookT<lob::ChecksumSink, 16u> >, (anonymous namespace)::with_version<(anonymous namespace)::cmd_replay((anonymous namespace)::Args const&)::$_0>(std::__1::basic_string_view<char, std::__1::char_traits<char> >, (anonymous namespace)::cmd_replay((anonymous namespace)::Args const&)::$_0&&)::{lambda<typename $T0>()#1}>((anonymous namespace)::with_version<(anonymous namespace)::cmd_replay((anonymous namespace)::Args const&)::$_0>(std::__1::basic_string_view<char, std::__1::char_traits<char> >, (anonymous namespace)::cmd_replay((anonymous namespace)::Args const&)::$_0&&)::{lambda<typename $T0>()#1}&&)::{lambda<unsigned long... $N0>(std::__1::integer_sequence<unsigned long, ($N0)...>)#1}::operator()<0ul, 1ul, 2ul, 3ul, 4ul, 5ul, 6ul, 7ul, 8ul, 9ul, 10ul, 11ul, 12ul, 13ul, 14ul>(std::__1::integer_sequence<unsigned long, 0ul, 1ul, 2ul, 3ul, 4ul, 5ul, 6ul, 7ul, 8ul, 9ul, 10ul, 11ul, 12ul, 13ul, 14ul>) const
268 1 0 0 1 1 1 0 0 0
fn=lob::v15::OrderIndex::grow()
281 2 0 0 2 0 0 0 0 0
282 2 0 0 0 0 0 2 0 0
287 2 1 1 2 0 0 0 0 0
288 2 0 0 0 0 0 2 0 0
289 4 0 0 0 0 0 0 0 0
fl=/usr/include/c++/v1/__new/allocate.h
fn=void lob::replay<lob::v15::BookT<lob::ChecksumSink, 16u> >(lob::v15::BookT<lob::ChecksumSink, 16u>&, std::__1::span<lob::Op const, 18446744073709551615ul>)
0 60 1 1 48 1 0 0 0 0
37 12 0 0 0 0 0 0 0 0
43 36 0 0 0 0 0 12 0 0
63 33 0 0 11 0 0 11 0 0
fl=/usr/include/c++/v1/__split_buffer
fn=void lob::replay<lob::v15::BookT<lob::ChecksumSink, 16u> >(lob::v15::BookT<lob::ChecksumSink, 16u>&, std::__1::span<lob::Op const, 18446744073709551615ul>)
334 12 0 0 0 0 0 0 0 0
335 12 0 0 0 0 0 0 0 0
341 24 0 0 0 0 0 0 0 0
fl=/usr/include/c++/v1/__utility/pair.h
fn=void lob::replay<lob::v15::BookT<lob::ChecksumSink, 16u> >(lob::v15::BookT<lob::ChecksumSink, 16u>&, std::__1::span<lob::Op const, 18446744073709551615ul>)
165 4399276 1 1 0 0 0 4399276 1 1
fl=/usr/include/c++/v1/__utility/swap.h
fn=void lob::replay<lob::v15::BookT<lob::ChecksumSink, 16u> >(lob::v15::BookT<lob::ChecksumSink, 16u>&, std::__1::span<lob::Op const, 18446744073709551615ul>)
0 24 0 0 12 0 0 0 0 0
44 36 0 0 0 0 0 36 1 0
fl=/usr/include/c++/v1/__vector/vector.h
fn=auto lob::for_each_type<std::__1::tuple<lob::v0::Book<lob::ChecksumSink>, lob::v1::Book<lob::ChecksumSink>, lob::v2::Book<lob::ChecksumSink>, lob::v3::BookT<lob::ChecksumSink, 16u>, lob::v4::BookT<lob::ChecksumSink, 16u>, lob::v5::BookT<lob::ChecksumSink, 16u>, lob::v7::BookT<lob::ChecksumSink, 16u>, lob::v8::BookT<lob::ChecksumSink, 16u>, lob::v9::BookT<lob::ChecksumSink, 16u>, lob::v10::BookT<lob::ChecksumSink, 16u>, lob::v11::BookT<lob::ChecksumSink, 16u>, lob::v12::BookT<lob::ChecksumSink, 16u>, lob::v13::BookT<lob::ChecksumSink, 16u>, lob::v14::BookT<lob::ChecksumSink, 16u>, lob::v15::BookT<lob::ChecksumSink, 16u> >, (anonymous namespace)::with_version<(anonymous namespace)::cmd_replay((anonymous namespace)::Args const&)::$_0>(std::__1::basic_string_view<char, std::__1::char_traits<char> >, (anonymous namespace)::cmd_replay((anonymous namespace)::Args const&)::$_0&&)::{lambda<typename $T0>()#1}>((anonymous namespace)::with_version<(anonymous namespace)::cmd_replay((anonymous namespace)::Args const&)::$_0>(std::__1::basic_string_view<char, std::__1::char_traits<char> >, (anonymous namespace)::cmd_replay((anonymous namespace)::Args const&)::$_0&&)::{lambda<typename $T0>()#1}&&)::{lambda<unsigned long... $N0>(std::__1::integer_sequence<unsigned long, ($N0)...>)#1}::operator()<0ul, 1ul, 2ul, 3ul, 4ul, 5ul, 6ul, 7ul, 8ul, 9ul, 10ul, 11ul, 12ul, 13ul, 14ul>(std::__1::integer_sequence<unsigned long, 0ul, 1ul, 2ul, 3ul, 4ul, 5ul, 6ul, 7ul, 8ul, 9ul, 10ul, 11ul, 12ul, 13ul, 14ul>) const
388 5 0 0 1 0 0 0 0 0
449 1 1 1 1 1 1 0 0 0
fn=lob::v15::BookT<lob::ChecksumSink, 16u>::modify(unsigned long, long, unsigned int)
0 14 0 0 14 0 0 0 0 0
407 94420 2 2 23605 0 0 0 0 0
411 208482 1 1 69494 0 0 0 0 0
fn=lob::v15::BookT<lob::ChecksumSink, 16u>::remove_from_level(lob::v15::BookT<lob::ChecksumSink, 16u>::Loc const&)
407 110860 0 0 27715 0 0 0 0 0
fn=unsigned int lob::v15::BookT<lob::ChecksumSink, 16u>::match<(lob::Side)0>(unsigned long, long, unsigned int)
407 532050 0 0 232364 0 0 0 0 0
fn=unsigned int lob::v15::BookT<lob::ChecksumSink, 16u>::match<(lob::Side)1>(unsigned long, long, unsigned int)
407 527779 0 0 230379 0 0 0 0 0
fn=void lob::replay<lob::v15::BookT<lob::ChecksumSink, 16u> >(lob::v15::BookT<lob::ChecksumSink, 16u>&, std::__1::span<lob::Op const, 18446744073709551615ul>)
0 4074 1 1 12 0 0 60 1 0
388 12006 1 1 2001 0 0 0 0 0
391 12 0 0 0 0 0 0 0 0
407 2922992 2 2 304039 0 0 0 0 0
475 1989 0 0 0 0 0 0 0 0
844 24 0 0 0 0 0 0 0 0
902 36 1 1 0 0 0 0 0 0
905 96 0 0 0 0 0 0 0 0
1128 12 0 0 0 0 0 0 0 0
1131 24 0 0 0 0 0 0 0 0
1146 8004 0 0 2001 0 0 2001 0 0
1149 1989 0 0 0 0 0 0 0 0
1152 2001 0 0 0 0 0 2001 0 0
fl=/usr/include/c++/v1/map
fn=unsigned int lob::v15::BookT<lob::ChecksumSink, 16u>::match<(lob::Side)0>(unsigned long, long, unsigned int)
1031 162882 0 0 81441 0 0 0 0 0
fn=unsigned int lob::v15::BookT<lob::ChecksumSink, 16u>::match<(lob::Side)1>(unsigned long, long, unsigned int)
1031 162244 0 0 81122 0 0 0 0 0
fl=???
fn=???
0 119 8 8 79 22 9 2 0 0
fn=operator delete(void*)
0 55 0 0 11 0 0 11 0 0
fn=operator delete(void*, std::align_val_t)
0 10 1 1 2 0 0 2 0 0
fn=operator delete(void*, unsigned long)
0 55 1 1 11 0 0 11 0 0
fn=operator new(unsigned long)
0 204 3 2 36 0 0 48 1 1
fn=operator new(unsigned long, std::align_val_t)
0 54 3 3 8 0 0 8 0 0
summary: 195169417 329 325 48381616 1687672 375415 24995571 483925 3594
