desc: I1 cache:         32768 B, 64 B, 8-way associative
desc: D1 cache:         49152 B, 64 B, 12-way associative
desc: LL cache:         6291456 B, 64 B, 12-way associative
cmd: /home/wang/sources/cxx/book/build/profile/book replay --workload data/itch12302019_AAPL.ops --version v2
events: Ir I1mr ILmr Dr D1mr DLmr Dw D1mw DLmw 
fl=./malloc/./malloc/arena.c
fn=free
153 552486 0 0 0 0 0 0 0 0
fn=malloc
153 12558 0 0 0 0 0 0 0 0
fl=./malloc/./malloc/malloc.c
fn=_int_free
1792 11467 0 0 11467 35 2 0 0 0
1992 34296 1 1 11432 0 0 0 0 0
3163 345390 1 1 172695 0 0 172695 0 0
3165 690780 0 0 172695 62 4 172695 0 0
3166 172695 0 0 0 0 0 172695 0 0
3167 345390 0 0 0 0 0 172695 0 0
4495 1289134 1 1 0 0 0 736648 10 0
4499 552486 1 1 184162 0 0 0 0 0
4505 736648 0 0 0 0 0 0 0 0
4506 368324 0 0 0 0 0 0 0 0
4510 920810 0 0 0 0 0 0 0 0
4517 368324 0 0 0 0 0 0 0 0
4518 1104972 1 1 552486 43 1 0 0 0
4521 184127 0 0 0 0 0 0 0 0
4527 552381 0 0 368254 293 1 0 0 0
4547 920635 1 1 368254 44 0 0 0 0
4550 172695 0 0 0 0 0 0 0 0
4561 22934 0 0 0 0 0 0 0 0
4572 45728 0 0 11432 1870 189 0 0 0
4574 34296 0 0 11432 1738 0 0 0 0
4593 11432 0 0 0 0 0 0 0 0
4595 11432 0 0 0 0 0 11432 1149 0
4596 11432 0 0 0 0 0 0 0 0
4600 34296 0 0 11432 0 0 0 0 0
4602 22864 0 0 11432 1666 0 0 0 0
4606 22864 0 0 0 0 0 0 0 0
4608 34296 0 0 0 0 0 11432 0 0
4609 11432 0 0 0 0 0 11432 0 0
4628 45728 0 0 0 0 0 0 0 0
4637 70 0 0 35 0 0 0 0 0
4640 70 0 0 35 15 0 0 0 0
4643 70 1 1 0 0 0 0 0 0
4646 70 0 0 0 0 0 0 0 0
4658 1104937 1 1 920775 0 0 0 0 0
fn=_int_free_maybe_consolidate
4770 385 3 2 35 15 0 245 1 0
4776 70 0 0 0 0 0 0 0 0
4778 72 0 0 18 0 0 0 0 0
4781 54 0 0 0 0 0 0 0 0
4784 90 2 2 54 14 3 0 0 0
4785 15 0 0 9 0 0 0 0 0
4798 373 1 1 306 0 0 0 0 0
fn=_int_free_merge_chunk
1992 105 0 0 35 0 0 0 0 0
4665 280 1 1 0 0 0 210 0 0
4666 35 0 0 0 0 0 0 0 0
4670 210 0 0 35 15 0 0 0 0
4673 140 1 1 35 15 0 0 0 0
4675 105 1 1 35 12 1 0 0 0
4678 105 0 0 35 8 0 0 0 0
4681 70 0 0 0 0 0 0 0 0
4682 70 0 0 0 0 0 0 0 0
4683 70 0 0 35 15 0 0 0 0
4689 70 1 1 35 0 0 0 0 0
4691 12 0 0 12 0 0 0 0 0
4692 12 0 0 0 0 0 0 0 0
4693 12 0 0 0 0 0 0 0 0
4694 48 0 0 12 7 0 0 0 0
4696 24 0 0 0 0 0 12 2 0
4701 105 0 0 0 0 0 0 0 0
4702 245 0 0 210 0 0 0 0 0
4714 70 0 0 35 0 0 0 0 0
4720 48 0 0 24 4 0 0 0 0
4721 2 0 0 0 0 0 1 1 0
4722 2 0 0 0 0 0 0 0 0
4724 23 0 0 23 0 0 0 0 0
4732 24 0 0 0 0 0 0 0 0
4733 96 1 1 24 0 0 0 0 0
4734 48 0 0 24 0 0 0 0 0
4736 24 0 0 0 0 0 24 2 0
4738 48 0 0 0 0 0 0 0 0
4740 72 1 1 0 0 0 24 0 0
4743 24 0 0 0 0 0 24 0 0
4744 24 0 0 0 0 0 24 0 0
4746 72 0 0 0 0 0 24 0 0
4747 24 0 0 0 0 0 24 0 0
4756 11 0 0 0 0 0 0 0 0
4757 33 0 0 0 0 0 11 0 0
4758 22 1 1 0 0 0 11 0 0
fn=_int_malloc
1326 12558 0 0 0 0 0 0 0 0
1345 37674 0 0 0 0 0 0 0 0
1794 6279 1 1 6279 0 0 0 0 0
1985 2733 0 0 911 0 0 0 0 0
2008 24 0 0 6 0 0 0 0 0
2552 78 0 0 26 26 9 26 0 0
2553 6 1 1 0 0 0 6 0 0
2564 26 1 1 13 13 3 0 0 0
2565 21 0 0 14 0 0 0 0 0
2568 28 0 0 7 0 0 0 0 0
2576 42 0 0 7 0 0 14 3 0
2577 14 0 0 0 0 0 0 0 0
2589 24 0 0 6 0 0 6 0 0
2590 12 0 0 0 0 0 6 0 0
2599 72 1 1 18 0 0 0 0 0
2605 18 0 0 12 0 0 0 0 0
2608 18 1 1 0 0 0 0 0 0
2669 18 1 1 6 0 0 6 0 0
2677 12 0 0 6 0 0 0 0 0
2678 18 0 0 6 0 0 6 0 0
2691 18 1 1 6 0 0 0 0 0
2693 6 0 0 6 0 0 0 0 0
2699 30 0 0 6 0 0 6 0 0
2707 12 0 0 0 0 0 0 0 0
2709 24 2 2 0 0 0 12 0 0
2710 18 0 0 6 0 0 0 0 0
2711 6 0 0 0 0 0 0 0 0
2712 6 0 0 0 0 0 0 0 0
2715 12 0 0 0 0 0 0 0 0
2744 42 1 1 18 0 0 0 0 0
2746 12 1 1 0 0 0 6 0 0
2752 48 0 0 6 0 0 0 0 0
2753 36 0 0 6 0 0 6 0 0
2921 18 1 1 12 0 0 0 0 0
2922 5 0 0 0 0 0 5 0 0
2926 6 0 0 6 0 0 0 0 0
2930 30 1 1 12 0 0 0 0 0
2932 6 0 0 0 0 0 0 0 0
2933 6 0 0 0 0 0 0 0 0
2934 6 0 0 0 0 0 6 0 0
2935 42 0 0 0 0 0 6 0 0
2936 12 0 0 0 0 0 6 6 5
2938 6 0 0 0 0 0 0 0 0
3159 332 1 1 0 0 0 166 0 0
3163 10452 1 1 5226 6 0 5226 0 0
3165 11802 0 0 5255 1 0 5284 0 0
3166 5421 1 1 195 0 0 5226 0 0
3167 10452 0 0 0 0 0 5226 0 0
3168 332 0 0 0 0 0 0 0 0
3178 18 0 0 18 0 0 0 0 0
3182 36 0 0 0 0 0 0 0 0
3186 72 1 1 18 0 0 18 0 0
3190 36 0 0 36 0 0 0 0 0
3191 36 0 0 0 0 0 18 0 0
3199 18 0 0 18 0 0 0 0 0
3846 69069 2 2 6279 891 1 43953 898 5
3887 12558 0 0 0 0 0 0 0 0
3914 12558 0 0 0 0 0 0 0 0
3916 24932 0 0 0 0 0 0 0 0
3917 844 0 0 0 0 0 0 0 0
3919 6233 0 0 6233 749 1 0 0 0
3921 12466 0 0 0 0 0 0 0 0
3923 1688 0 0 0 0 0 0 0 0
3926 1688 1 1 844 0 0 0 0 0
3927 4220 0 0 844 645 0 844 0 0
3930 16167 2 2 0 0 0 0 0 0
3932 1688 0 0 844 145 0 0 0 0
3933 1688 0 0 0 0 0 0 0 0
3939 1688 0 0 0 0 0 0 0 0
3940 5064 1 1 2532 0 0 0 0 0
3945 7563 0 0 1688 0 0 0 0 0
3946 27530 1 1 5260 0 0 0 0 0
3948 10062 0 0 0 0 0 0 0 0
3950 10062 0 0 5031 0 0 0 0 0
3951 30186 0 0 5031 4628 1 5031 0 0
3977 92 1 1 0 0 0 0 0 0
3979 12490 0 0 0 0 0 0 0 0
3980 10786 1 1 0 0 0 0 0 0
3982 16179 0 0 5393 103 6 0 0 0
3984 27 0 0 27 27 0 0 0 0
3985 54 0 0 27 26 4 0 0 0
3987 27 0 0 27 21 4 0 0 0
3988 27 0 0 0 0 0 27 0 0
3989 27 0 0 0 0 0 27 0 0
3991 81 1 1 0 0 0 0 0 0
3997 54 0 0 0 0 0 0 0 0
3998 162 1 1 81 0 0 0 0 0
4003 633 0 0 54 0 0 0 0 0
4004 342 0 0 0 0 0 0 0 0
4006 332 0 0 0 0 0 0 0 0
4008 166 0 0 166 0 0 0 0 0
4009 166 0 0 166 157 20 0 0 0
4010 332 0 0 0 0 0 0 0 0
4012 166 0 0 0 0 0 166 0 0
4013 166 0 0 0 0 0 166 158 41
4020 27 0 0 0 0 0 0 0 0
4039 705 1 1 0 0 0 0 0 0
4040 126 0 0 42 3 0 0 0 0
4041 48 0 0 0 0 0 16 14 6
4058 16224 1 1 5408 0 0 0 0 0
4059 16224 0 0 0 0 0 5408 5 1
4060 16224 1 1 10816 0 0 0 0 0
4069 4306 0 0 0 0 0 2153 0 0
4070 27875 2 2 5656 68 1 5408 0 0
4072 2371 0 0 2371 9 0 0 0 0
4073 4742 0 0 2371 22 0 0 0 0
4074 2371 0 0 0 0 0 0 0 0
4076 4742 0 0 0 0 0 0 0 0
4077 7113 1 1 2371 36 0 0 0 0
4079 2371 0 0 2371 42 1 0 0 0
4080 9484 0 0 0 0 0 0 0 0
4082 9484 0 0 2371 0 0 0 0 0
4084 4742 1 1 2371 11 0 0 0 0
4085 4742 0 0 2371 0 0 0 0 0
4087 4742 0 0 0 0 0 0 0 0
4098 9484 0 0 0 0 0 0 0 0
4099 4240 1 1 2120 0 0 0 0 0
4100 4214 0 0 0 0 0 0 0 0
4101 2107 0 0 0 0 0 0 0 0
4104 2088 0 0 0 0 0 0 0 0
4105 2088 1 1 0 0 0 0 0 0
4106 2088 0 0 0 0 0 2088 0 0
4107 6264 0 0 0 0 0 2088 0 0
4108 6264 1 1 0 0 0 2088 1951 440
4109 4176 0 0 0 0 0 0 0 0
4111 4090 0 0 0 0 0 2045 477 114
4115 16704 0 0 0 0 0 2088 0 0
4117 6264 1 1 0 0 0 2088 14 2
4118 2088 0 0 0 0 0 2088 0 0
4121 2123 0 0 0 0 0 0 0 0
4122 6264 0 0 0 0 0 2088 31 0
4123 2088 0 0 0 0 0 0 0 0
4127 283 0 0 0 0 0 283 0 0
4128 283 0 0 0 0 0 283 0 0
4132 566 0 0 0 0 0 0 0 0
4134 70 0 0 0 0 0 35 0 0
4135 105 0 0 0 0 0 0 0 0
4140 70 0 0 0 0 0 0 0 0
4141 181 0 0 120 0 0 0 0 0
4144 22 0 0 0 0 0 0 0 0
4161 499 2 2 0 0 0 0 0 0
4163 442 0 0 0 0 0 221 0 0
4164 884 0 0 0 0 0 0 0 0
4165 221 0 0 221 21 12 0 0 0
4169 503 5 5 0 0 0 27 0 0
4170 79 1 1 0 0 0 0 0 0
4171 27 0 0 27 21 3 0 0 0
4174 54 0 0 0 0 0 0 0 0
4177 2 0 0 0 0 0 0 0 0
4179 8 0 0 4 1 0 0 0 0
4180 4 0 0 0 0 0 0 0 0
4186 4 1 1 0 0 0 1 0 0
4187 1 0 0 1 0 0 0 0 0
4188 3 0 0 0 0 0 2 0 0
4192 3 1 1 1 0 0 0 0 0
4193 2 0 0 0 0 0 0 0 0
4199 1 0 0 0 0 0 0 0 0
4205 4 0 0 0 0 0 1 0 0
4206 1 0 0 1 0 0 0 0 0
4207 2 0 0 1 0 0 0 0 0
4209 1 0 0 0 0 0 1 0 0
4210 3 0 0 1 0 0 1 0 0
4212 1 0 0 1 0 0 0 0 0
4213 2 0 0 1 0 0 0 0 0
4218 100 0 0 0 0 0 25 0 0
4221 1736 2 2 496 21 3 0 0 0
4222 248 0 0 0 0 0 248 0 0
4223 248 0 0 0 0 0 248 0 0
4224 248 0 0 0 0 0 248 3 3
4225 248 0 0 0 0 0 248 0 0
4230 496 0 0 496 0 0 0 0 0
4231 496 0 0 0 0 0 0 0 0
4232 1 0 0 1 1 0 0 0 0
4233 4 0 0 0 0 0 0 0 0
4240 992 2 2 496 0 0 0 0 0
4246 82 0 0 0 0 0 0 0 0
4248 18 0 0 0 0 0 0 0 0
4257 9888 1 1 0 0 0 0 0 0
4259 148 0 0 0 0 0 0 0 0
4262 111 0 0 37 17 9 0 0 0
4263 3307 1 1 8 2 0 0 0 0
4266 5 0 0 5 0 0 0 0 0
4267 30 0 0 5 0 0 0 0 0
4273 10 1 1 5 0 0 0 0 0
4278 15 0 0 0 0 0 5 0 0
4279 15 0 0 0 0 0 10 0 0
4282 20 0 0 10 0 0 0 0 0
4284 2 1 1 2 0 0 0 0 0
4285 6 1 1 0 0 0 0 0 0
4291 3 0 0 0 0 0 0 0 0
4295 12 1 1 3 0 0 0 0 0
4296 6 0 0 3 0 0 0 0 0
4299 3 0 0 0 0 0 3 3 1
4300 3 0 0 0 0 0 3 0 0
4301 3 0 0 0 0 0 3 0 0
4302 6 0 0 0 0 0 0 0 0
4304 6 0 0 0 0 0 3 2 1
4307 24 1 1 0 0 0 3 0 0
4309 9 0 0 0 0 0 3 0 0
4310 3 0 0 0 0 0 3 0 0
4313 3 0 0 0 0 0 0 0 0
4330 3291 0 0 0 0 0 0 0 0
4331 6582 0 0 0 0 0 0 0 0
4332 6582 0 0 0 0 0 0 0 0
4333 6582 0 0 3291 37 1 0 0 0
4334 19746 0 0 0 0 0 0 0 0
4339 13265 1 1 0 0 0 0 0 0
4343 35721 2 2 0 0 0 0 0 0
4346 38864 1 1 9716 0 0 0 0 0
4348 92 0 0 0 0 0 0 0 0
4349 46 0 0 0 0 0 0 0 0
4353 1356 0 0 0 0 0 0 0 0
4355 616 0 0 0 0 0 0 0 0
4357 1232 0 0 0 0 0 0 0 0
4361 62 0 0 62 22 3 0 0 0
4364 124 0 0 0 0 0 0 0 0
4366 140 0 0 0 0 0 28 0 0
4367 28 0 0 0 0 0 0 0 0
4368 28 0 0 0 0 0 0 0 0
4373 136 0 0 34 15 5 0 0 0
4376 68 0 0 0 0 0 0 0 0
4378 102 1 1 0 0 0 34 0 0
4381 102 0 0 0 0 0 68 9 0
4384 136 0 0 68 0 0 0 0 0
4394 34 0 0 0 0 0 0 0 0
4399 136 0 0 34 0 0 0 0 0
4400 68 1 1 34 0 0 0 0 0
4403 34 0 0 0 0 0 34 27 14
4404 34 0 0 0 0 0 34 0 0
4405 34 0 0 0 0 0 34 0 0
4408 68 0 0 0 0 0 0 0 0
4409 34 0 0 0 0 0 34 0 0
4410 68 0 0 0 0 0 0 0 0
4412 26 0 0 0 0 0 13 3 0
4415 272 1 1 0 0 0 34 0 0
4417 102 0 0 0 0 0 34 4 3
4418 34 0 0 0 0 0 34 0 0
4421 34 0 0 0 0 0 0 0 0
4443 3257 1 1 3257 0 0 0 0 0
4444 6514 0 0 3257 25 1 0 0 0
4446 6514 0 0 3257 29 1 0 0 0
4449 9771 0 0 0 0 0 0 0 0
4451 3244 0 0 0 0 0 0 0 0
4452 6488 1 1 0 0 0 0 0 0
4453 3244 0 0 0 0 0 3244 0 0
4454 25952 1 1 0 0 0 3244 0 0
4456 6488 0 0 0 0 0 3244 3240 66
4459 6498 0 0 0 0 0 0 0 0
4460 9786 0 0 0 0 0 3262 28 1
4461 3262 0 0 0 0 0 0 0 0
4466 52 0 0 13 0 0 13 0 0
4482 20 0 0 0 0 0 0 0 0
4487 75348 3 2 56511 0 0 0 0 0
fn=alloc_perturb
1985 16050 1 1 5350 0 0 0 0 0
1987 5350 0 0 5350 0 0 0 0 0
fn=free
3359 1289169 2 2 0 0 0 736668 0 0
3363 368334 0 0 0 0 0 0 0 0
3371 368334 0 0 368334 222 5 0 0 0
3373 184167 0 0 0 0 0 0 0 0
3375 552501 0 0 184167 9920 127 0 0 0
3379 15 1 1 5 5 0 0 0 0
3381 20 0 0 5 5 0 0 0 0
3383 8 0 0 0 0 0 4 0 0
3384 8 0 0 0 0 0 4 0 0
3385 4 0 0 0 0 0 0 0 0
3388 10 0 0 0 0 0 5 1 0
3392 552486 0 0 368324 74 9 0 0 0
3398 552486 1 1 0 0 0 184162 20 0
3401 184167 0 0 0 0 0 184167 0 0
3402 1105002 1 1 920835 0 0 0 0 0
fn=malloc
1326 368338 0 0 0 0 0 0 0 0
1345 920845 1 1 0 0 0 0 0 0
3178 355780 0 0 177890 24 1 0 0 0
3182 355780 0 0 0 0 0 0 0 0
3186 711560 0 0 177890 5933 1 177890 0 0
3190 355780 0 0 0 0 0 177890 0 0
3191 177890 0 0 0 0 0 177890 0 0
3294 1473352 1 1 0 0 0 736676 1 1
3301 368338 0 0 184169 28 3 0 0 0
3311 368338 0 0 0 0 0 0 0 0
3313 736676 0 0 368338 26 4 0 0 0
3316 368338 0 0 184169 15 2 0 0 0
3318 552381 1 1 184127 31 4 0 0 0
3326 12558 1 1 6279 867 1 0 0 0
3328 25116 1 1 0 0 0 6279 882 3
3329 31395 1 1 6279 8 0 0 0 0
3354 1105014 1 1 920845 0 0 0 0 0
fn=malloc_consolidate
4811 144 2 2 0 0 0 96 15 7
4826 16 0 0 0 0 0 16 0 0
4828 32 0 0 0 0 0 16 0 0
4839 16 0 0 0 0 0 0 0 0
4841 320 0 0 320 0 0 0 0 0
4842 320 0 0 0 0 0 0 0 0
4845 488 1 1 0 0 0 0 0 0
4849 732 0 0 244 212 1 0 0 0
4850 976 0 0 0 0 0 0 0 0
4855 1220 1 1 244 59 0 0 0 0
4858 488 0 0 0 0 0 0 0 0
4859 244 0 0 0 0 0 0 0 0
4860 732 0 0 244 204 0 0 0 0
4862 488 0 0 0 0 0 0 0 0
4863 8 0 0 8 0 0 0 0 0
4864 8 0 0 0 0 0 0 0 0
4865 8 0 0 0 0 0 0 0 0
4866 32 0 0 8 1 1 0 0 0
4868 96 0 0 40 0 0 48 1 1
4871 488 1 1 244 8 2 0 0 0
4874 486 1 1 243 205 22 0 0 0
4875 13 1 1 0 0 0 0 0 0
4876 104 0 0 39 0 0 39 5 5
4878 460 0 0 0 0 0 230 0 0
4880 243 0 0 243 0 0 0 0 0
4881 486 0 0 0 0 0 243 0 0
4882 486 0 0 243 0 0 243 3 1
4884 486 0 0 0 0 0 0 0 0
4889 729 0 0 0 0 0 243 0 0
4891 243 0 0 0 0 0 243 0 0
4892 269 0 0 0 0 0 256 0 0
4896 1 0 0 0 0 0 0 0 0
4897 2 0 0 0 0 0 1 0 0
4898 2 0 0 0 0 0 1 0 0
4901 723 0 0 0 0 0 0 0 0
4904 480 0 0 160 0 0 0 0 0
4905 128 0 0 112 0 0 0 0 0
fn=munmap_chunk
3024 10 1 1 0 0 0 5 0 0
3025 10 0 0 10 10 0 0 0 0
3026 15 0 0 5 0 0 0 0 0
3028 10 0 0 0 0 0 0 0 0
3030 5 0 0 0 0 0 0 0 0
3031 15 0 0 5 0 0 0 0 0
3032 5 0 0 0 0 0 0 0 0
3038 20 0 0 0 0 0 0 0 0
3039 25 1 1 0 0 0 0 0 0
3042 5 0 0 10 0 0 0 0 0
3043 15 0 0 10 0 0 0 0 0
3048 10 0 0 0 0 0 0 0 0
3049 5 0 0 5 0 0 0 0 0
fn=sysmalloc_mmap.isra.0
2008 28 0 0 7 0 0 0 0 0
2400 42 1 1 0 0 0 28 2 0
2413 21 0 0 0 0 0 0 0 0
2418 14 0 0 0 0 0 0 0 0
2421 70 1 1 0 0 0 7 3 0
2424 14 1 1 0 0 0 0 0 0
2428 14 0 0 0 0 0 0 0 0
2432 28 0 0 0 0 0 7 0 0
2448 21 0 0 0 0 0 0 0 0
2466 7 0 0 0 0 0 7 7 7
2467 21 1 1 0 0 0 7 0 0
2471 21 0 0 14 0 0 0 0 0
2472 27 0 0 10 0 0 0 0 0
2475 21 1 1 14 0 0 0 0 0
2476 33 0 0 13 0 0 0 0 0
2481 49 0 0 35 0 0 0 0 0
fn=systrim.constprop.0
2957 18 1 1 0 0 0 12 0 0
2966 9 0 0 6 0 0 0 0 0
2968 3 0 0 0 0 0 0 0 0
2969 6 0 0 0 0 0 0 0 0
2970 1 0 0 0 0 0 0 0 0
2974 9 0 0 3 0 0 0 0 0
2975 3 0 0 0 0 0 0 0 0
2978 15 1 1 6 6 0 0 0 0
2980 6 0 0 0 0 0 0 0 0
2987 6 0 0 0 0 0 2 0 0
2988 8 0 0 2 0 0 0 0 0
3000 6 1 1 0 0 0 2 0 0
3001 4 0 0 0 0 0 2 0 0
3003 2 0 0 0 0 0 0 0 0
3005 4 0 0 0 0 0 0 0 0
3009 4 0 0 0 0 0 0 0 0
3012 2 0 0 2 0 0 0 0 0
3013 8 0 0 2 0 0 2 0 0
3015 4 0 0 0 0 0 0 0 0
3020 18 0 0 15 0 0 0 0 0
fn=unlink_chunk.isra.0
1608 146 1 1 0 0 0 73 0 0
1610 365 0 0 146 21 4 0 0 0
1613 146 0 0 146 4 2 0 0 0
1614 146 0 0 73 0 0 0 0 0
1616 292 1 1 146 24 14 0 0 0
1619 73 0 0 0 0 0 73 0 0
1620 73 0 0 0 0 0 73 0 0
1621 236 0 0 30 4 0 0 0 0
1623 54 0 0 27 0 0 0 0 0
1624 81 0 0 54 0 0 0 0 0
1627 54 0 0 27 3 0 0 0 0
1641 27 0 0 0 0 0 27 0 0
1642 27 1 1 0 0 0 27 0 0
1645 146 0 0 146 0 0 0 0 0
fl=./malloc/./malloc/morecore.c
fn=__glibc_morecore
25 36 1 1 0 0 0 12 0 0
26 24 0 0 12 0 0 0 0 0
29 12 0 0 0 0 0 12 0 0
30 24 0 0 0 0 0 0 0 0
34 24 0 0 24 0 0 0 0 0
fl=./misc/../sysdeps/unix/syscall-template.S
fn=munmap
117 25 2 2 0 0 0 0 0 0
122 5 0 0 5 0 0 0 0 0
fl=./misc/../sysdeps/unix/sysv/linux/brk.c
fn=brk
36 8 1 1 0 0 0 0 0 0
37 16 0 0 8 0 0 8 0 0
38 16 0 0 0 0 0 0 0 0
44 8 0 0 0 0 0 0 0 0
45 8 0 0 8 0 0 0 0 0
fl=./misc/../sysdeps/unix/sysv/linux/brk_call.h
fn=brk
24 16 0 0 0 0 0 0 0 0
fl=./misc/../sysdeps/unix/sysv/linux/mmap64.c
fn=mmap
47 49 1 1 0 0 0 21 0 0
50 14 0 0 0 0 0 0 0 0
53 49 1 1 0 0 0 0 0 0
58 42 1 1 0 0 0 0 0 0
60 28 0 0 28 0 0 0 0 0
fl=./misc/../sysdeps/unix/sysv/linux/setvmaname.c
fn=__set_vma_name
33 49 2 2 0 0 0 28 2 0
35 35 0 0 14 7 3 7 0 0
49 63 0 0 49 0 0 0 0 0
fl=./misc/./misc/sbrk.c
fn=sbrk
37 96 1 1 0 0 0 48 1 0
40 24 0 0 24 16 9 0 0 0
43 24 4 2 12 8 4 0 0 0
58 24 0 0 0 0 0 0 0 0
62 24 0 0 0 0 0 0 0 0
66 32 1 1 0 0 0 0 0 0
68 4 0 0 0 0 0 0 0 0
74 24 1 1 0 0 0 8 0 0
78 84 0 0 60 0 0 0 0 0
fl=./string/../sysdeps/x86_64/multiarch/memmove-vec-unaligned-erms.S
fn=__memcpy_avx_unaligned_erms
255 16 1 1 0 0 0 0 0 0
256 16 0 0 0 0 0 0 0 0
262 16 0 0 0 0 0 0 0 0
263 16 0 0 0 0 0 0 0 0
265 14 0 0 14 5 0 0 0 0
266 14 0 0 0 0 0 0 0 0
267 14 0 0 0 0 0 0 0 0
270 1 0 0 1 0 0 0 0 0
271 1 0 0 0 0 0 1 0 0
272 1 0 0 0 0 0 1 0 0
275 2 0 0 1 0 0 0 0 0
305 2 0 0 0 0 0 0 0 0
306 2 0 0 0 0 0 0 0 0
308 1 0 0 0 0 0 0 0 0
309 1 0 0 0 0 0 0 0 0
311 1 0 0 0 0 0 0 0 0
315 1 0 0 0 0 0 0 0 0
316 1 1 1 0 0 0 0 0 0
317 1 0 0 0 0 0 0 0 0
325 1 0 0 1 0 0 0 0 0
342 1 0 0 1 0 0 0 0 0
343 1 0 0 1 0 0 0 0 0
344 1 0 0 0 0 0 1 0 0
345 1 0 0 0 0 0 1 0 0
347 1 0 0 1 0 0 0 0 0
375 1 1 1 1 0 0 0 0 0
376 1 0 0 1 0 0 0 0 0
377 1 0 0 0 0 0 1 1 1
378 1 0 0 0 0 0 1 0 0
379 1 0 0 0 0 0 1 0 0
380 1 0 0 0 0 0 1 0 0
381 2 0 0 1 0 0 0 0 0
386 13 4 1 13 6 1 0 0 0
387 13 0 0 0 0 0 0 0 0
392 7 0 0 0 0 0 0 0 0
393 7 0 0 0 0 0 0 0 0
395 2 0 0 2 0 0 0 0 0
396 2 0 0 0 0 0 0 0 0
397 2 0 0 0 0 0 0 0 0
399 1 0 0 1 0 0 0 0 0
400 1 0 0 1 0 0 0 0 0
401 1 0 0 1 0 0 0 0 0
402 1 0 0 1 0 0 0 0 0
403 1 0 0 1 0 0 0 0 0
404 1 1 1 1 0 0 0 0 0
405 1 0 0 0 0 0 1 1 1
406 1 0 0 0 0 0 1 0 0
407 1 0 0 0 0 0 1 1 1
408 1 0 0 0 0 0 1 0 0
409 1 0 0 0 0 0 1 1 1
410 1 0 0 0 0 0 1 0 0
411 1 0 0 0 0 0 1 0 0
412 1 0 0 0 0 0 1 0 0
413 2 0 0 1 0 0 0 0 0
417 5 0 0 0 0 0 0 0 0
418 5 0 0 0 0 0 0 0 0
422 5 0 0 0 0 0 0 0 0
424 5 1 1 0 0 0 0 0 0
428 5 0 0 5 4 1 0 0 0
429 5 0 0 0 0 0 0 0 0
440 5 0 0 0 0 0 0 0 0
443 5 0 0 0 0 0 0 0 0
445 5 0 0 0 0 0 0 0 0
447 5 0 0 0 0 0 0 0 0
451 5 0 0 0 0 0 0 0 0
452 5 0 0 0 0 0 0 0 0
461 5 0 0 5 0 0 0 0 0
462 5 0 0 5 0 0 0 0 0
464 5 0 0 0 0 0 0 0 0
466 5 0 0 0 0 0 0 0 0
467 5 1 1 5 0 0 0 0 0
468 5 0 0 5 0 0 0 0 0
471 5 0 0 0 0 0 0 0 0
473 5 0 0 0 0 0 0 0 0
475 5 0 0 0 0 0 0 0 0
477 10 0 0 0 0 0 0 0 0
483 88 0 0 88 7 0 0 0 0
484 88 0 0 88 17 0 0 0 0
485 88 0 0 88 6 0 0 0 0
486 88 0 0 88 15 0 0 0 0
487 88 0 0 0 0 0 0 0 0
488 88 0 0 0 0 0 88 59 59
489 88 0 0 0 0 0 88 30 30
490 88 1 1 0 0 0 88 58 58
491 88 0 0 0 0 0 88 30 30
492 88 0 0 0 0 0 0 0 0
493 88 0 0 0 0 0 0 0 0
494 88 0 0 0 0 0 0 0 0
496 5 0 0 0 0 0 5 3 3
497 5 0 0 0 0 0 5 2 2
498 5 0 0 0 0 0 5 0 0
499 5 0 0 0 0 0 5 0 0
501 5 0 0 0 0 0 5 0 0
505 10 0 0 5 0 0 0 0 0
563 6 1 1 6 5 0 0 0 0
570 6 0 0 0 0 0 0 0 0
571 6 0 0 0 0 0 0 0 0
577 3 0 0 0 0 0 0 0 0
580 3 0 0 0 0 0 0 0 0
582 3 0 0 0 0 0 0 0 0
585 3 0 0 0 0 0 0 0 0
586 3 0 0 0 0 0 0 0 0
588 3 0 0 0 0 0 0 0 0
590 515955 0 0 515952 8045 0 515952 8063 6240
592 3 0 0 0 0 0 3 3 0
594 3 0 0 0 0 0 3 2 0
596 6 0 0 3 3 0 0 0 0
601 6 1 1 0 0 0 0 0 0
602 6 0 0 0 0 0 0 0 0
606 6 0 0 0 0 0 0 0 0
608 6 0 0 0 0 0 0 0 0
611 6 0 0 0 0 0 0 0 0
615 6 0 0 6 6 0 0 0 0
616 6 0 0 0 0 0 0 0 0
620 6 0 0 6 0 0 0 0 0
624 6 0 0 0 0 0 0 0 0
648 3 0 0 0 0 0 0 0 0
650 3 0 0 0 0 0 0 0 0
652 3 0 0 0 0 0 0 0 0
654 3 1 1 0 0 0 0 0 0
657 3 0 0 0 0 0 0 0 0
658 3 0 0 0 0 0 0 0 0
660 257907 0 0 257904 3976 0 257904 4031 4029
663 3 0 0 0 0 0 3 2 0
665 3 0 0 0 0 0 3 2 0
667 6 0 0 3 2 0 0 0 0
fl=./string/../sysdeps/x86_64/multiarch/memset-vec-unaligned-erms.S
fn=__memset_avx2_unaligned_erms
158 33 1 1 0 0 0 0 0 0
159 66 0 0 0 0 0 0 0 0
164 33 0 0 0 0 0 0 0 0
165 33 0 0 0 0 0 0 0 0
166 33 0 0 0 0 0 0 0 0
167 33 0 0 0 0 0 0 0 0
168 33 0 0 0 0 0 0 0 0
170 6 0 0 0 0 0 6 3 3
171 6 0 0 0 0 0 6 0 0
172 12 0 0 6 0 0 0 0 0
181 9 0 0 0 0 0 9 1 1
182 9 0 0 0 0 0 9 1 1
184 18 0 0 9 0 0 0 0 0
237 27 1 1 27 17 6 0 0 0
238 27 0 0 0 0 0 0 0 0
244 14 0 0 0 0 0 14 7 7
245 14 0 0 0 0 0 14 4 4
257 14 0 0 0 0 0 0 0 0
260 14 0 0 0 0 0 0 0 0
261 14 0 0 0 0 0 0 0 0
273 5 0 0 0 0 0 5 2 2
274 5 0 0 0 0 0 5 3 3
287 5 0 0 0 0 0 0 0 0
288 5 0 0 0 0 0 0 0 0
290 5 0 0 0 0 0 0 0 0
293 4 0 0 0 0 0 0 0 0
296 4 0 0 0 0 0 0 0 0
299 29 0 0 0 0 0 29 22 22
300 29 0 0 0 0 0 29 6 6
301 29 0 0 0 0 0 29 23 23
302 29 0 0 0 0 0 29 6 6
303 29 0 0 0 0 0 0 0 0
304 29 0 0 0 0 0 0 0 0
305 33 0 0 0 0 0 0 0 0
308 5 1 1 0 0 0 5 2 2
309 5 0 0 0 0 0 5 2 2
310 5 0 0 0 0 0 5 2 2
311 5 0 0 0 0 0 5 2 2
314 10 0 0 5 0 0 0 0 0
325 13 1 1 0 0 0 0 0 0
326 13 0 0 0 0 0 0 0 0
327 13 0 0 0 0 0 0 0 0
328 389133 0 0 0 0 0 389120 6092 4619
329 13 0 0 0 0 0 0 0 0
330 26 0 0 13 1 0 0 0 0
fl=/home/wang/git-repositories/vcpkg/installed/x64-linux-clang-libcxx/include/boost/unordered/detail/foa/core.hpp
fn=(anonymous namespace)::cmd_replay((anonymous namespace)::Args const&)
0 2500565 0 0 795712 0 0 0 0 0
271 1795034 1 1 0 0 0 0 0 0
272 1699041 0 0 0 0 0 0 0 0
279 3386458 0 0 1693229 9 6 0 0 0
336 897517 0 0 897517 163382 0 0 0 0
404 1591424 0 0 0 0 0 0 0 0
849 5569984 0 0 2387136 953 0 0 0 0
881 101805 0 0 0 0 0 0 0 0
882 305415 0 0 0 0 0 0 0 0
883 101805 0 0 0 0 0 0 0 0
927 1658196 0 0 0 0 0 0 0 0
1727 1795034 0 0 0 0 0 0 0 0
1729 897517 0 0 0 0 0 0 0 0
1732 1603048 0 0 0 0 0 0 0 0
1733 801524 0 0 0 0 0 0 0 0
1737 2487294 0 0 0 0 0 0 0 0
1743 66772 1 1 0 0 0 0 0 0
1745 101805 0 0 0 0 0 0 0 0
1750 101805 0 0 0 0 0 0 0 0
1955 795712 0 0 795712 0 0 0 0 0
2266 5569984 1 1 1591424 9 6 795712 0 0
fn=_ZN5boost9unordered6detail3foa10table_coreINS2_14flat_map_typesImN3lob2v24BookINS5_12ChecksumSinkEE3LocEEENS2_7group15INS2_14plain_integralEEENS2_12table_arraysENS2_18plain_size_controlENS_4hashImEENSt3__18equal_toImEENSJ_9allocatorINSJ_4pairIKmSA_EEEEE22for_all_elements_whileIZNSR_22for_all_elements_whileIZNSR_16for_all_elementsIZNSR_16unchecked_rehashERNSF_ISP_SE_NS2_16pow2_size_policyESQ_EEEUlPSP_E_EEDTcmclfL1p0_LDnEEcvv_EERKSW_T_EUlSY_E_EES10_S12_S13_EUlPSE_jSY_E_EEDTcmclfp0_LDnELi0ELDnEEcvv_EES12_S13_
0 268871 1 1 243291 5 0 4402 42 0
296 529950 0 0 264975 11080 0 0 0 0
297 244353 0 0 0 0 0 0 0 0
313 20622 1 1 0 0 0 0 0 0
389 477778 0 0 238889 94 2 0 0 0
849 238889 0 0 0 0 0 0 0 0
882 10928 0 0 5464 0 0 0 0 0
927 716667 2 2 0 0 0 0 0 0
1033 33 1 1 33 2 0 0 0 0
1034 32 0 0 32 0 0 0 0 0
1955 238889 0 0 238889 0 0 0 0 0
1961 123732 0 0 0 0 0 0 0 0
2032 238889 0 0 238889 0 0 0 0 0
2063 66 0 0 0 0 0 0 0 0
2064 20718 0 0 32 0 0 0 0 0
2065 41244 0 0 0 0 0 0 0 0
2067 539644 0 0 0 0 0 0 0 0
2069 477778 0 0 0 0 0 0 0 0
2075 66 1 1 33 0 0 0 0 0
2292 477778 0 0 477778 0 0 0 0 0
2350 238889 1 1 238889 0 0 0 0 0
2373 977412 0 0 0 0 0 0 0 0
2375 256535 0 0 0 0 0 0 0 0
2377 955556 0 0 238889 0 0 0 0 0
fn=boost::unordered::detail::foa::table_core<boost::unordered::detail::foa::flat_map_types<unsigned long, lob::v2::Book<lob::ChecksumSink>::Loc>, boost::unordered::detail::foa::group15<boost::unordered::detail::foa::plain_integral>, boost::unordered::detail::foa::table_arrays, boost::unordered::detail::foa::plain_size_control, boost::hash<unsigned long>, std::__1::equal_to<unsigned long>, std::__1::allocator<std::__1::pair<unsigned long const, lob::v2::Book<lob::ChecksumSink>::Loc> > >::unchecked_rehash(boost::unordered::detail::foa::table_arrays<std::__1::pair<unsigned long const, lob::v2::Book<lob::ChecksumSink>::Loc>, boost::unordered::detail::foa::group15<boost::unordered::detail::foa::plain_integral>, boost::unordered::detail::foa::pow2_size_policy, std::__1::allocator<std::__1::pair<unsigned long const, lob::v2::Book<lob::ChecksumSink>::Loc> > >&)
0 132 0 0 0 0 0 33 0 0
1033 66 0 0 66 15 5 0 0 0
1096 66 0 0 0 0 0 0 0 0
1108 64 0 0 32 0 0 0 0 0
1563 396 1 1 66 15 0 0 0 0
1811 165 0 0 33 0 0 0 0 0
2025 165 0 0 0 0 0 99 0 0
2054 33 0 0 0 0 0 33 0 0
2288 165 1 1 0 0 0 66 0 0
2289 33 1 1 0 0 0 33 1 0
2320 66 1 1 33 0 0 33 15 6
2321 33 1 1 0 0 0 33 0 0
2322 165 0 0 99 0 0 0 0 0
fn=boost::unordered::detail::foa::table_locator<boost::unordered::detail::foa::group15<boost::unordered::detail::foa::plain_integral>, std::__1::pair<unsigned long const, lob::v2::Book<lob::ChecksumSink>::Loc> > boost::unordered::detail::foa::table_core<boost::unordered::detail::foa::flat_map_types<unsigned long, lob::v2::Book<lob::ChecksumSink>::Loc>, boost::unordered::detail::foa::group15<boost::unordered::detail::foa::plain_integral>, boost::unordered::detail::foa::table_arrays, boost::unordered::detail::foa::plain_size_control, boost::hash<unsigned long>, std::__1::equal_to<unsigned long>, std::__1::allocator<std::__1::pair<unsigned long const, lob::v2::Book<lob::ChecksumSink>::Loc> > >::unchecked_emplace_with_rehash<boost::unordered::detail::foa::try_emplace_args_t, unsigned long&, lob::v2::Book<lob::ChecksumSink>::Loc>(unsigned long, boost::unordered::detail::foa::try_emplace_args_t&&, unsigned long&, lob::v2::Book<lob::ChecksumSink>::Loc&&)
0 594 2 2 99 0 0 33 0 0
296 66 0 0 33 1 0 0 0 0
297 66 0 0 0 0 0 0 0 0
389 99 0 0 33 2 0 0 0 0
837 132 0 0 0 0 0 0 0 0
842 66 0 0 0 0 0 0 0 0
849 33 0 0 0 0 0 0 0 0
859 66 0 0 0 0 0 0 0 0
927 66 0 0 0 0 0 0 0 0
1031 132 1 1 0 0 0 132 8 0
1051 66 0 0 0 0 0 33 0 0
1057 132 0 0 0 0 0 0 0 0
1058 99 0 0 0 0 0 0 0 0
1059 33 0 0 0 0 0 0 0 0
1066 33 0 0 0 0 0 0 0 0
1073 66 0 0 0 0 0 0 0 0
1085 33 0 0 0 0 0 0 0 0
1108 33 0 0 0 0 0 0 0 0
1125 99 0 0 0 0 0 33 0 0
1126 33 0 0 0 0 0 0 0 0
1689 33 0 0 33 0 0 0 0 0
1983 330 2 2 0 0 0 198 0 0
1988 132 1 1 0 0 0 99 2 1
1999 66 0 0 0 0 0 33 0 0
2000 33 0 0 33 0 0 0 0 0
2002 297 0 0 231 15 4 0 0 0
2132 594 1 1 66 19 6 0 0 0
2373 66 0 0 0 0 0 0 0 0
2375 33 0 0 0 0 0 0 0 0
2377 165 1 1 0 0 0 0 0 0
fn=lob::v2::Book<lob::ChecksumSink>::modify(unsigned long, long, unsigned int)
0 182010 1 1 53169 15 0 0 0 0
271 40218 0 0 0 0 0 0 0 0
272 37958 0 0 0 0 0 0 0 0
279 2386 0 0 2386 0 0 0 0 0
336 20109 0 0 20109 2632 0 0 0 0
849 35446 0 0 17723 0 0 0 0 0
881 2386 0 0 0 0 0 0 0 0
882 7158 0 0 0 0 0 0 0 0
883 2386 0 0 0 0 0 0 0 0
927 36874 0 0 0 0 0 0 0 0
1727 40218 0 0 0 0 0 0 0 0
1729 20109 0 0 0 0 0 0 0 0
1732 35698 0 0 0 0 0 0 0 0
1733 17849 1 1 0 0 0 0 0 0
1737 55311 0 0 0 0 0 0 0 0
1743 1428 0 0 0 0 0 0 0 0
1745 2386 0 0 0 0 0 0 0 0
1750 2386 0 0 0 0 0 0 0 0
1955 17723 0 0 17723 0 0 0 0 0
fn=lob::v2::Book<lob::ChecksumSink>::push(unsigned long, lob::Side, long, unsigned int)
0 4091996 2 2 795712 0 0 0 0 0
271 1818296 0 0 0 0 0 0 0 0
272 946563 0 0 0 0 0 0 0 0
279 1818296 0 0 909148 7 1 0 0 0
336 909148 0 0 909148 594644 1 0 0 0
849 5569984 1 1 2387136 1939 22 0 0 0
881 113436 0 0 0 0 0 0 0 0
882 340308 0 0 0 0 0 0 0 0
883 113436 0 0 0 0 0 0 0 0
927 76498 0 0 0 0 0 0 0 0
1727 1818296 0 0 0 0 0 0 0 0
1729 909148 0 0 0 0 0 0 0 0
1732 74830 0 0 0 0 0 0 0 0
1733 37415 0 0 0 0 0 0 0 0
1737 76498 0 0 0 0 0 0 0 0
1743 76498 0 0 0 0 0 0 0 0
1745 909148 0 0 0 0 0 0 0 0
1750 113436 0 0 0 0 0 0 0 0
1955 795712 0 0 795712 1 1 0 0 0
fn=void lob::v2::Book<lob::ChecksumSink>::rest<std::__1::map<long, lob::v2::Book<lob::ChecksumSink>::Level, std::__1::greater<void>, std::__1::allocator<std::__1::pair<long const, lob::v2::Book<lob::ChecksumSink>::Level> > > >(std::__1::map<long, lob::v2::Book<lob::ChecksumSink>::Level, std::__1::greater<void>, std::__1::allocator<std::__1::pair<long const, lob::v2::Book<lob::ChecksumSink>::Level> > >&, unsigned long, lob::Side, long, unsigned int)
0 6802744 4 3 2416799 8 0 37934 0 0
271 913944 0 0 0 0 0 0 0 0
272 475732 0 0 0 0 0 0 0 0
279 456972 0 0 456972 4 0 0 0 0
296 909332 0 0 454666 3664 0 0 0 0
297 855067 1 1 0 0 0 0 0 0
336 456972 0 0 456972 4 0 0 0 0
849 400419 0 0 0 0 0 0 0 0
881 56553 0 0 0 0 0 0 0 0
882 278189 0 0 0 0 0 0 0 0
883 56553 0 0 0 0 0 0 0 0
927 839150 0 0 0 0 0 0 0 0
1727 913944 0 0 0 0 0 0 0 0
1729 456972 1 1 0 0 0 0 0 0
1732 37520 0 0 0 0 0 0 0 0
1733 18760 0 0 0 0 0 0 0 0
1737 38348 0 0 0 0 0 0 0 0
1743 38348 0 0 0 0 0 0 0 0
1745 456972 0 0 0 0 0 0 0 0
1750 56553 0 0 0 0 0 0 0 0
1955 400419 0 0 400419 0 0 0 0 0
1970 400401 0 0 400401 0 0 0 0 0
2373 1818664 0 0 0 0 0 0 0 0
2375 574242 0 0 0 0 0 0 0 0
2377 1601604 0 0 0 0 0 0 0 0
fn=void lob::v2::Book<lob::ChecksumSink>::rest<std::__1::map<long, lob::v2::Book<lob::ChecksumSink>::Level, std::__1::less<void>, std::__1::allocator<std::__1::pair<long const, lob::v2::Book<lob::ChecksumSink>::Level> > > >(std::__1::map<long, lob::v2::Book<lob::ChecksumSink>::Level, std::__1::less<void>, std::__1::allocator<std::__1::pair<long const, lob::v2::Book<lob::ChecksumSink>::Level> > >&, unsigned long, lob::Side, long, unsigned int)
0 6719710 4 4 2386402 2 0 37730 0 0
271 904352 1 1 0 0 0 0 0 0
272 470831 0 0 0 0 0 0 0 0
279 452176 0 0 452176 1 0 0 0 0
296 896458 0 0 448229 3270 0 0 0 0
297 843507 0 0 0 0 0 0 0 0
336 452176 0 0 452176 1 0 0 0 0
849 395293 0 0 0 0 0 0 0 0
881 56883 0 0 0 0 0 0 0 0
882 276551 0 0 0 0 0 0 0 0
883 56883 0 0 0 0 0 0 0 0
927 828706 0 0 0 0 0 0 0 0
1727 904352 0 0 0 0 0 0 0 0
1729 452176 0 0 0 0 0 0 0 0
1732 37310 0 0 0 0 0 0 0 0
1733 18655 0 0 0 0 0 0 0 0
1737 38150 0 0 0 0 0 0 0 0
1743 38150 0 0 0 0 0 0 0 0
1745 452176 0 0 0 0 0 0 0 0
1750 56883 0 0 0 0 0 0 0 0
1955 395293 0 0 395293 0 0 0 0 0
1970 395278 0 0 395278 0 0 0 0 0
2373 1792916 0 0 0 0 0 0 0 0
2375 564516 0 0 0 0 0 0 0 0
2377 1581112 0 0 0 0 0 0 0 0
fl=/home/wang/git-repositories/vcpkg/installed/x64-linux-clang-libcxx/include/boost/unordered/detail/foa/table.hpp
fn=(anonymous namespace)::cmd_replay((anonymous namespace)::Args const&)
40 795712 0 0 0 0 0 795712 0 0
fn=_ZN5boost9unordered6detail3foa10table_coreINS2_14flat_map_typesImN3lob2v24BookINS5_12ChecksumSinkEE3LocEEENS2_7group15INS2_14plain_integralEEENS2_12table_arraysENS2_18plain_size_controlENS_4hashImEENSt3__18equal_toImEENSJ_9allocatorINSJ_4pairIKmSA_EEEEE22for_all_elements_whileIZNSR_22for_all_elements_whileIZNSR_16for_all_elementsIZNSR_16unchecked_rehashERNSF_ISP_SE_NS2_16pow2_size_policyESQ_EEEUlPSP_E_EEDTcmclfL1p0_LDnEEcvv_EERKSW_T_EUlSY_E_EES10_S12_S13_EUlPSE_jSY_E_EEDTcmclfp0_LDnELi0ELDnEEcvv_EES12_S13_
40 238889 0 0 0 0 0 238889 0 0
46 5464 0 0 5464 0 0 0 0 0
fn=boost::unordered::detail::foa::table_locator<boost::unordered::detail::foa::group15<boost::unordered::detail::foa::plain_integral>, std::__1::pair<unsigned long const, lob::v2::Book<lob::ChecksumSink>::Loc> > boost::unordered::detail::foa::table_core<boost::unordered::detail::foa::flat_map_types<unsigned long, lob::v2::Book<lob::ChecksumSink>::Loc>, boost::unordered::detail::foa::group15<boost::unordered::detail::foa::plain_integral>, boost::unordered::detail::foa::table_arrays, boost::unordered::detail::foa::plain_size_control, boost::hash<unsigned long>, std::__1::equal_to<unsigned long>, std::__1::allocator<std::__1::pair<unsigned long const, lob::v2::Book<lob::ChecksumSink>::Loc> > >::unchecked_emplace_with_rehash<boost::unordered::detail::foa::try_emplace_args_t, unsigned long&, lob::v2::Book<lob::ChecksumSink>::Loc>(unsigned long, boost::unordered::detail::foa::try_emplace_args_t&&, unsigned long&, lob::v2::Book<lob::ChecksumSink>::Loc&&)
0 99 1 1 33 1 1 33 0 0
40 66 0 0 0 0 0 66 0 0
fn=void lob::v2::Book<lob::ChecksumSink>::rest<std::__1::map<long, lob::v2::Book<lob::ChecksumSink>::Level, std::__1::greater<void>, std::__1::allocator<std::__1::pair<long const, lob::v2::Book<lob::ChecksumSink>::Level> > > >(std::__1::map<long, lob::v2::Book<lob::ChecksumSink>::Level, std::__1::greater<void>, std::__1::allocator<std::__1::pair<long const, lob::v2::Book<lob::ChecksumSink>::Level> > >&, unsigned long, lob::Side, long, unsigned int)
0 18 0 0 0 0 0 0 0 0
40 400401 0 0 0 0 0 400401 0 0
46 54265 0 0 54265 0 0 0 0 0
640 1201257 0 0 800838 0 0 0 0 0
650 54 0 0 0 0 0 18 0 0
fn=void lob::v2::Book<lob::ChecksumSink>::rest<std::__1::map<long, lob::v2::Book<lob::ChecksumSink>::Level, std::__1::less<void>, std::__1::allocator<std::__1::pair<long const, lob::v2::Book<lob::ChecksumSink>::Level> > > >(std::__1::map<long, lob::v2::Book<lob::ChecksumSink>::Level, std::__1::less<void>, std::__1::allocator<std::__1::pair<long const, lob::v2::Book<lob::ChecksumSink>::Level> > >&, unsigned long, lob::Side, long, unsigned int)
0 15 0 0 0 0 0 0 0 0
40 395278 0 0 0 0 0 395278 0 0
46 52951 0 0 52951 0 0 0 0 0
640 1185879 1 1 790586 0 0 0 0 0
650 45 0 0 0 0 0 15 0 0
fl=/home/wang/git-repositories/vcpkg/installed/x64-linux-clang-libcxx/include/boost/unordered/detail/mulx.hpp
fn=(anonymous namespace)::cmd_replay((anonymous namespace)::Args const&)
45 1591424 0 0 0 0 0 0 0 0
46 795712 1 1 0 0 0 0 0 0
fn=_ZN5boost9unordered6detail3foa10table_coreINS2_14flat_map_typesImN3lob2v24BookINS5_12ChecksumSinkEE3LocEEENS2_7group15INS2_14plain_integralEEENS2_12table_arraysENS2_18plain_size_controlENS_4hashImEENSt3__18equal_toImEENSJ_9allocatorINSJ_4pairIKmSA_EEEEE22for_all_elements_whileIZNSR_22for_all_elements_whileIZNSR_16for_all_elementsIZNSR_16unchecked_rehashERNSF_ISP_SE_NS2_16pow2_size_policyESQ_EEEUlPSP_E_EEDTcmclfL1p0_LDnEEcvv_EERKSW_T_EUlSY_E_EES10_S12_S13_EUlPSE_jSY_E_EEDTcmclfp0_LDnELi0ELDnEEcvv_EES12_S13_
45 238889 0 0 238889 64304 15197 0 0 0
46 238889 0 0 0 0 0 0 0 0
fn=lob::v2::Book<lob::ChecksumSink>::modify(unsigned long, long, unsigned int)
45 17723 0 0 0 0 0 0 0 0
46 17723 0 0 0 0 0 0 0 0
fn=lob::v2::Book<lob::ChecksumSink>::push(unsigned long, lob::Side, long, unsigned int)
45 1591424 0 0 0 0 0 0 0 0
46 795712 0 0 0 0 0 0 0 0
fn=void lob::v2::Book<lob::ChecksumSink>::rest<std::__1::map<long, lob::v2::Book<lob::ChecksumSink>::Level, std::__1::greater<void>, std::__1::allocator<std::__1::pair<long const, lob::v2::Book<lob::ChecksumSink>::Level> > > >(std::__1::map<long, lob::v2::Book<lob::ChecksumSink>::Level, std::__1::greater<void>, std::__1::allocator<std::__1::pair<long const, lob::v2::Book<lob::ChecksumSink>::Level> > >&, unsigned long, lob::Side, long, unsigned int)
45 400419 0 0 0 0 0 0 0 0
46 400419 0 0 0 0 0 0 0 0
fn=void lob::v2::Book<lob::ChecksumSink>::rest<std::__1::map<long, lob::v2::Book<lob::ChecksumSink>::Level, std::__1::less<void>, std::__1::allocator<std::__1::pair<long const, lob::v2::Book<lob::ChecksumSink>::Level> > > >(std::__1::map<long, lob::v2::Book<lob::ChecksumSink>::Level, std::__1::less<void>, std::__1::allocator<std::__1::pair<long const, lob::v2::Book<lob::ChecksumSink>::Level> > >&, unsigned long, lob::Side, long, unsigned int)
45 395293 0 0 0 0 0 0 0 0
46 395293 0 0 0 0 0 0 0 0
fl=/home/wang/sources/cxx/book/include/lob/events.hpp
fn=(anonymous namespace)::cmd_replay((anonymous namespace)::Args const&)
0 6365696 0 0 795712 0 0 795712 0 0
92 795712 0 0 795712 0 0 0 0 0
93 1591424 0 0 795712 0 0 0 0 0
fn=lob::v2::Book<lob::ChecksumSink>::modify(unsigned long, long, unsigned int)
0 17723 1 1 17723 0 0 0 0 0
92 17723 0 0 17723 0 0 0 0 0
93 124061 0 0 17723 0 0 0 0 0
fn=void lob::v2::Book<lob::ChecksumSink>::rest<std::__1::map<long, lob::v2::Book<lob::ChecksumSink>::Level, std::__1::greater<void>, std::__1::allocator<std::__1::pair<long const, lob::v2::Book<lob::ChecksumSink>::Level> > > >(std::__1::map<long, lob::v2::Book<lob::ChecksumSink>::Level, std::__1::greater<void>, std::__1::allocator<std::__1::pair<long const, lob::v2::Book<lob::ChecksumSink>::Level> > >&, unsigned long, lob::Side, long, unsigned int)
81 400419 1 1 400419 0 0 0 0 0
92 400419 0 0 400419 0 0 0 0 0
93 5205447 0 0 1201257 18 5 400419 0 0
fn=void lob::v2::Book<lob::ChecksumSink>::rest<std::__1::map<long, lob::v2::Book<lob::ChecksumSink>::Level, std::__1::less<void>, std::__1::allocator<std::__1::pair<long const, lob::v2::Book<lob::ChecksumSink>::Level> > > >(std::__1::map<long, lob::v2::Book<lob::ChecksumSink>::Level, std::__1::less<void>, std::__1::allocator<std::__1::pair<long const, lob::v2::Book<lob::ChecksumSink>::Level> > >&, unsigned long, lob::Side, long, unsigned int)
81 395293 0 0 395293 0 0 0 0 0
92 395293 0 0 395293 0 0 0 0 0
93 5138809 1 1 1185879 18 6 395293 0 0
fl=/home/wang/sources/cxx/book/include/lob/replay.hpp
fn=(anonymous namespace)::cmd_replay((anonymous namespace)::Args const&)
0 2404859 1 1 1609147 201143 201143 0 0 0
21 8010289 1 1 1609147 300741 300724 0 0 0
23 5569984 1 1 2387136 99418 99418 795712 1 1
29 88615 0 0 35446 2146 2146 17723 0 0
37 1609148 0 0 0 0 0 0 0 0
fl=/home/wang/sources/cxx/book/include/lob/v2/book.hpp
fn=(anonymous namespace)::cmd_replay((anonymous namespace)::Args const&)
0 3973434 0 0 1191005 0 0 795712 0 0
60 1591424 0 0 1591424 167062 2781 0 0 0
62 795712 0 0 795712 0 0 0 0 0
203 790586 0 0 395293 0 0 395293 0 0
204 395293 0 0 0 0 0 395293 0 0
221 1581172 0 0 395293 9969 156 0 0 0
222 251826 0 0 0 0 0 251826 49747 434
224 143467 1 1 0 0 0 143467 0 0
225 790586 0 0 0 0 0 0 0 0
226 274962 0 0 0 0 0 137481 26561 2057
228 257812 0 0 0 0 0 257812 0 0
229 395293 0 0 395293 0 0 0 0 0
280 795712 0 0 0 0 0 0 0 0
281 1591424 0 0 0 0 0 1591424 53 5
284 395293 1 1 395293 7423 87 0 0 0
287 790586 0 0 395293 0 0 0 0 0
289 1591424 0 0 795712 0 0 0 0 0
290 1201257 0 0 0 0 0 400419 3 0
fn=auto lob::v2::Book<lob::ChecksumSink>::erase(boost::unordered::detail::foa::table_iterator<boost::unordered::detail::foa::flat_map_types<unsigned long, lob::v2::Book<lob::ChecksumSink>::Loc>, boost::unordered::detail::foa::group15<boost::unordered::detail::foa::plain_integral>*, false>)::{lambda(auto:1&)#1}::operator()<std::__1::map<long, lob::v2::Book<lob::ChecksumSink>::Level, std::__1::greater<void>, std::__1::allocator<std::__1::pair<long const, lob::v2::Book<lob::ChecksumSink>::Level> > > >(std::__1::map<long, lob::v2::Book<lob::ChecksumSink>::Level, std::__1::greater<void>, std::__1::allocator<std::__1::pair<long const, lob::v2::Book<lob::ChecksumSink>::Level> > >&) const
0 1201257 0 0 800838 0 0 0 0 0
203 800838 0 0 400419 0 0 400419 0 0
204 400419 0 0 0 0 0 400419 0 0
221 1601676 1 1 400419 9288 453 0 0 0
222 259220 0 0 0 0 0 259220 43593 792
224 141199 0 0 0 0 0 141199 0 0
225 800838 0 0 0 0 0 0 0 0
226 287538 0 0 0 0 0 143769 27040 4561
228 256650 0 0 0 0 0 256650 0 0
229 400419 1 1 400419 0 0 0 0 0
281 400419 0 0 0 0 0 400419 0 0
282 400419 0 0 400419 0 0 0 0 0
284 1201257 0 0 1201257 7857 178 0 0 0
287 800838 0 0 400419 0 0 0 0 0
288 624768 0 0 624768 0 0 0 0 0
fn=lob::v2::Book<lob::ChecksumSink>::alloc_node(unsigned long, unsigned int)
0 795712 0 0 0 0 0 0 0 0
189 5569984 1 1 0 0 0 4774272 0 0
190 1591424 0 0 795712 0 0 0 0 0
191 795712 0 0 0 0 0 0 0 0
192 2305806 0 0 768602 21159 568 768602 0 0
193 768602 0 0 0 0 0 0 0 0
194 54220 0 0 0 0 0 0 0 0
198 2414246 0 0 0 0 0 2387136 26375 313
199 6365696 1 1 5569984 5 0 0 0 0
fn=lob::v2::Book<lob::ChecksumSink>::modify(unsigned long, long, unsigned int)
0 106338 1 1 35446 730 4 17723 0 0
65 194953 2 2 0 0 0 141784 0 0
68 35446 1 1 0 0 0 0 0 0
69 35446 0 0 0 0 0 0 0 0
71 17723 0 0 0 0 0 0 0 0
72 17723 0 0 17723 1217 0 0 0 0
73 70892 0 0 17723 0 0 0 0 0
74 35446 1 1 17723 43 0 0 0 0
75 17723 0 0 0 0 0 17723 0 0
76 17723 0 0 17723 0 0 0 0 0
84 141784 0 0 124061 0 0 0 0 0
185 35446 0 0 17723 0 0 0 0 0
fn=lob::v2::Book<lob::ChecksumSink>::push(unsigned long, lob::Side, long, unsigned int)
0 2387136 0 0 0 0 0 0 0 0
50 5569984 1 1 0 0 0 5569984 0 0
51 1591424 1 1 0 0 0 0 0 0
52 1591424 0 0 0 0 0 0 0 0
233 1591424 0 0 0 0 0 0 0 0
234 2402514 1 1 0 0 0 400419 0 0
236 2371758 0 0 0 0 0 395293 1 1
237 1591424 0 0 0 0 0 0 0 0
239 5205447 0 0 2402514 0 0 0 0 0
241 5138809 1 1 2371758 0 0 0 0 0
fn=unsigned int lob::v2::Book<lob::ChecksumSink>::match<std::__1::map<long, lob::v2::Book<lob::ChecksumSink>::Level, std::__1::greater<void>, std::__1::allocator<std::__1::pair<long const, lob::v2::Book<lob::ChecksumSink>::Level> > >, lob::v2::Book<lob::ChecksumSink>::add(unsigned long, lob::Side, long, unsigned int)::{lambda(long)#2}>(std::__1::map<long, lob::v2::Book<lob::ChecksumSink>::Level, std::__1::greater<void>, std::__1::allocator<std::__1::pair<long const, lob::v2::Book<lob::ChecksumSink>::Level> > >&, unsigned long, unsigned int, lob::v2::Book<lob::ChecksumSink>::add(unsigned long, lob::Side, long, unsigned int)::{lambda(long)#2})
0 3557637 1 1 395293 5 1 790586 3 1
236 395292 0 0 395292 0 0 0 0 0
245 3162344 1 1 0 0 0 2767051 4 1
246 1185879 1 1 0 0 0 0 0 0
248 790584 0 0 395292 29 0 0 0 0
266 3557637 1 1 2767051 0 0 0 0 0
fn=unsigned int lob::v2::Book<lob::ChecksumSink>::match<std::__1::map<long, lob::v2::Book<lob::ChecksumSink>::Level, std::__1::less<void>, std::__1::allocator<std::__1::pair<long const, lob::v2::Book<lob::ChecksumSink>::Level> > >, lob::v2::Book<lob::ChecksumSink>::add(unsigned long, lob::Side, long, unsigned int)::{lambda(long)#1}>(std::__1::map<long, lob::v2::Book<lob::ChecksumSink>::Level, std::__1::less<void>, std::__1::allocator<std::__1::pair<long const, lob::v2::Book<lob::ChecksumSink>::Level> > >&, unsigned long, unsigned int, lob::v2::Book<lob::ChecksumSink>::add(unsigned long, lob::Side, long, unsigned int)::{lambda(long)#1})
0 3603771 1 1 400419 7 0 800838 8 0
234 400419 0 0 400419 0 0 0 0 0
245 3203352 1 1 0 0 0 2802933 7 0
246 1201257 1 1 0 0 0 0 0 0
248 800838 0 0 400419 28 0 0 0 0
266 3603771 0 0 2802933 0 0 0 0 0
fn=void lob::v2::Book<lob::ChecksumSink>::rest<std::__1::map<long, lob::v2::Book<lob::ChecksumSink>::Level, std::__1::greater<void>, std::__1::allocator<std::__1::pair<long const, lob::v2::Book<lob::ChecksumSink>::Level> > > >(std::__1::map<long, lob::v2::Book<lob::ChecksumSink>::Level, std::__1::greater<void>, std::__1::allocator<std::__1::pair<long const, lob::v2::Book<lob::ChecksumSink>::Level> > >&, unsigned long, lob::Side, long, unsigned int)
0 1460571 2 2 443638 0 0 400419 0 0
166 88035 0 0 0 0 0 88035 0 0
168 176070 0 0 0 0 0 88035 1199 0
209 1601676 0 0 400419 0 0 400419 0 0
210 800838 1 1 0 0 0 400419 0 0
211 400419 0 0 0 0 0 0 0 0
212 624768 0 0 0 0 0 312384 35929 872
214 88035 0 0 0 0 0 88035 0 0
215 400419 0 0 0 0 0 400419 0 0
216 400419 0 0 400419 9509 124 0 0 0
270 5205447 1 1 0 0 0 3603771 0 0
271 1601676 0 0 0 0 0 400419 0 0
274 1201257 0 0 800838 0 0 400419 0 0
275 2002095 0 0 400419 0 0 1201257 0 0
276 400419 0 0 400419 7 3 0 0 0
277 3203352 0 0 2802933 11 3 0 0 0
fn=void lob::v2::Book<lob::ChecksumSink>::rest<std::__1::map<long, lob::v2::Book<lob::ChecksumSink>::Level, std::__1::less<void>, std::__1::allocator<std::__1::pair<long const, lob::v2::Book<lob::ChecksumSink>::Level> > > >(std::__1::map<long, lob::v2::Book<lob::ChecksumSink>::Level, std::__1::less<void>, std::__1::allocator<std::__1::pair<long const, lob::v2::Book<lob::ChecksumSink>::Level> > >&, unsigned long, lob::Side, long, unsigned int)
0 1441275 0 0 437859 0 0 395293 0 0
166 96085 1 1 0 0 0 96085 0 0
168 192170 0 0 0 0 0 96085 1115 0
209 1581172 1 1 395293 0 0 395293 0 0
210 790586 0 0 0 0 0 395293 0 0
211 395293 0 0 0 0 0 0 0 0
212 598416 0 0 0 0 0 299208 35132 414
214 96085 0 0 0 0 0 96085 0 0
215 395293 0 0 0 0 0 395293 0 0
216 395293 0 0 395293 8004 58 0 0 0
270 5138809 2 2 0 0 0 3557637 0 0
271 1581172 0 0 0 0 0 395293 0 0
274 1185879 1 1 790586 0 0 395293 0 0
275 1976465 0 0 395293 0 0 1185879 0 0
276 395293 1 1 395293 9 3 0 0 0
277 3162344 1 1 2767051 9 2 0 0 0
fl=/home/wang/sources/cxx/book/source/main.cxx
fn=(anonymous namespace)::cmd_replay((anonymous namespace)::Args const&)
0 1 0 0 0 0 0 0 0 0
290 2 1 1 0 0 0 1 1 1
292 9 1 1 0 0 0 6 0 0
fl=/usr/include/c++/v1/__functional/operations.h
fn=(anonymous namespace)::cmd_replay((anonymous namespace)::Args const&)
300 829098 0 0 829098 214456 255 0 0 0
375 13014835 0 0 4601807 60350 573 0 0 0
fn=auto lob::v2::Book<lob::ChecksumSink>::erase(boost::unordered::detail::foa::table_iterator<boost::unordered::detail::foa::flat_map_types<unsigned long, lob::v2::Book<lob::ChecksumSink>::Loc>, boost::unordered::detail::foa::group15<boost::unordered::detail::foa::plain_integral>*, false>)::{lambda(auto:1&)#1}::operator()<std::__1::map<long, lob::v2::Book<lob::ChecksumSink>::Level, std::__1::greater<void>, std::__1::allocator<std::__1::pair<long const, lob::v2::Book<lob::ChecksumSink>::Level> > > >(std::__1::map<long, lob::v2::Book<lob::ChecksumSink>::Level, std::__1::greater<void>, std::__1::allocator<std::__1::pair<long const, lob::v2::Book<lob::ChecksumSink>::Level> > >&) const
462 16739040 1 1 5846626 70257 1532 0 0 0
fn=lob::v2::Book<lob::ChecksumSink>::modify(unsigned long, long, unsigned int)
300 18437 0 0 18437 3509 8 0 0 0
375 274054 0 0 97098 182 1 0 0 0
462 384319 0 0 134175 162 0 0 0 0
fn=lob::v2::Book<lob::ChecksumSink>::push(unsigned long, lob::Side, long, unsigned int)
300 38249 0 0 38249 37785 2745 0 0 0
fn=void lob::v2::Book<lob::ChecksumSink>::rest<std::__1::map<long, lob::v2::Book<lob::ChecksumSink>::Level, std::__1::greater<void>, std::__1::allocator<std::__1::pair<long const, lob::v2::Book<lob::ChecksumSink>::Level> > > >(std::__1::map<long, lob::v2::Book<lob::ChecksumSink>::Level, std::__1::greater<void>, std::__1::allocator<std::__1::pair<long const, lob::v2::Book<lob::ChecksumSink>::Level> > >&, unsigned long, lob::Side, long, unsigned int)
300 38348 0 0 38348 0 0 0 0 0
462 10651182 0 0 5325591 60855 1848 0 0 0
fn=void lob::v2::Book<lob::ChecksumSink>::rest<std::__1::map<long, lob::v2::Book<lob::ChecksumSink>::Level, std::__1::less<void>, std::__1::allocator<std::__1::pair<long const, lob::v2::Book<lob::ChecksumSink>::Level> > > >(std::__1::map<long, lob::v2::Book<lob::ChecksumSink>::Level, std::__1::less<void>, std::__1::allocator<std::__1::pair<long const, lob::v2::Book<lob::ChecksumSink>::Level> > >&, unsigned long, lob::Side, long, unsigned int)
300 38150 0 0 38150 1 0 0 0 0
375 8024250 0 0 4012125 40353 731 0 0 0
fl=/usr/include/c++/v1/__iterator/wrap_iter.h
fn=(anonymous namespace)::cmd_replay((anonymous namespace)::Args const&)
65 1609147 1 1 0 0 0 0 0 0
125 1609149 0 0 1609147 20 6 1 0 0
fl=/usr/include/c++/v1/__math/rounding_functions.h
fn=boost::unordered::detail::foa::table_locator<boost::unordered::detail::foa::group15<boost::unordered::detail::foa::plain_integral>, std::__1::pair<unsigned long const, lob::v2::Book<lob::ChecksumSink>::Loc> > boost::unordered::detail::foa::table_core<boost::unordered::detail::foa::flat_map_types<unsigned long, lob::v2::Book<lob::ChecksumSink>::Loc>, boost::unordered::detail::foa::group15<boost::unordered::detail::foa::plain_integral>, boost::unordered::detail::foa::table_arrays, boost::unordered::detail::foa::plain_size_control, boost::hash<unsigned long>, std::__1::equal_to<unsigned long>, std::__1::allocator<std::__1::pair<unsigned long const, lob::v2::Book<lob::ChecksumSink>::Loc> > >::unchecked_emplace_with_rehash<boost::unordered::detail::foa::try_emplace_args_t, unsigned long&, lob::v2::Book<lob::ChecksumSink>::Loc>(unsigned long, boost::unordered::detail::foa::try_emplace_args_t&&, unsigned long&, lob::v2::Book<lob::ChecksumSink>::Loc&&)
29 33 0 0 0 0 0 0 0 0
fl=/usr/include/c++/v1/__memory/allocator.h
fn=lob::v2::Book<lob::ChecksumSink>::alloc_node(unsigned long, unsigned int)
100 32 0 0 0 0 0 0 0 0
fl=/usr/include/c++/v1/__memory/construct_at.h
fn=lob::v2::Book<lob::ChecksumSink>::alloc_node(unsigned long, unsigned int)
38 81330 1 1 0 0 0 54220 10187 8402
fl=/usr/include/c++/v1/__memory/uninitialized_algorithms.h
fn=lob::v2::Book<lob::ChecksumSink>::alloc_node(unsigned long, unsigned int)
0 16 0 0 16 5 0 0 0 0
638 64 0 0 0 0 0 16 0 0
fl=/usr/include/c++/v1/__new/allocate.h
fn=(anonymous namespace)::cmd_replay((anonymous namespace)::Args const&)
63 288255 1 1 0 0 0 96085 0 0
fn=auto lob::v2::Book<lob::ChecksumSink>::erase(boost::unordered::detail::foa::table_iterator<boost::unordered::detail::foa::flat_map_types<unsigned long, lob::v2::Book<lob::ChecksumSink>::Loc>, boost::unordered::detail::foa::group15<boost::unordered::detail::foa::plain_integral>*, false>)::{lambda(auto:1&)#1}::operator()<std::__1::map<long, lob::v2::Book<lob::ChecksumSink>::Level, std::__1::greater<void>, std::__1::allocator<std::__1::pair<long const, lob::v2::Book<lob::ChecksumSink>::Level> > > >(std::__1::map<long, lob::v2::Book<lob::ChecksumSink>::Level, std::__1::greater<void>, std::__1::allocator<std::__1::pair<long const, lob::v2::Book<lob::ChecksumSink>::Level> > >&) const
63 352140 0 0 88035 0 0 0 0 0
fn=boost::unordered::detail::foa::table_core<boost::unordered::detail::foa::flat_map_types<unsigned long, lob::v2::Book<lob::ChecksumSink>::Loc>, boost::unordered::detail::foa::group15<boost::unordered::detail::foa::plain_integral>, boost::unordered::detail::foa::table_arrays, boost::unordered::detail::foa::plain_size_control, boost::hash<unsigned long>, std::__1::equal_to<unsigned long>, std::__1::allocator<std::__1::pair<unsigned long const, lob::v2::Book<lob::ChecksumSink>::Loc> > >::unchecked_rehash(boost::unordered::detail::foa::table_arrays<std::__1::pair<unsigned long const, lob::v2::Book<lob::ChecksumSink>::Loc>, boost::unordered::detail::foa::group15<boost::unordered::detail::foa::plain_integral>, boost::unordered::detail::foa::pow2_size_policy, std::__1::allocator<std::__1::pair<unsigned long const, lob::v2::Book<lob::ChecksumSink>::Loc> > >&)
57 32 0 0 0 0 0 0 0 0
63 32 0 0 0 0 0 32 0 0
fn=boost::unordered::detail::foa::table_locator<boost::unordered::detail::foa::group15<boost::unordered::detail::foa::plain_integral>, std::__1::pair<unsigned long const, lob::v2::Book<lob::ChecksumSink>::Loc> > boost::unordered::detail::foa::table_core<boost::unordered::detail::foa::flat_map_types<unsigned long, lob::v2::Book<lob::ChecksumSink>::Loc>, boost::unordered::detail::foa::group15<boost::unordered::detail::foa::plain_integral>, boost::unordered::detail::foa::table_arrays, boost::unordered::detail::foa::plain_size_control, boost::hash<unsigned long>, std::__1::equal_to<unsigned long>, std::__1::allocator<std::__1::pair<unsigned long const, lob::v2::Book<lob::ChecksumSink>::Loc> > >::unchecked_emplace_with_rehash<boost::unordered::detail::foa::try_emplace_args_t, unsigned long&, lob::v2::Book<lob::ChecksumSink>::Loc>(unsigned long, boost::unordered::detail::foa::try_emplace_args_t&&, unsigned long&, lob::v2::Book<lob::ChecksumSink>::Loc&&)
0 132 1 1 0 0 0 99 0 0
37 33 0 0 0 0 0 0 0 0
43 66 0 0 0 0 0 33 0 0
fn=lob::v2::Book<lob::ChecksumSink>::alloc_node(unsigned long, unsigned int)
0 63 1 1 63 0 0 0 0 0
37 32 0 0 0 0 0 0 0 0
43 48 0 0 0 0 0 16 1 1
63 45 0 0 0 0 0 15 0 0
fn=void lob::v2::Book<lob::ChecksumSink>::rest<std::__1::map<long, lob::v2::Book<lob::ChecksumSink>::Level, std::__1::greater<void>, std::__1::allocator<std::__1::pair<long const, lob::v2::Book<lob::ChecksumSink>::Level> > > >(std::__1::map<long, lob::v2::Book<lob::ChecksumSink>::Level, std::__1::greater<void>, std::__1::allocator<std::__1::pair<long const, lob::v2::Book<lob::ChecksumSink>::Level> > >&, unsigned long, lob::Side, long, unsigned int)
43 264105 0 0 0 0 0 88035 0 0
fn=void lob::v2::Book<lob::ChecksumSink>::rest<std::__1::map<long, lob::v2::Book<lob::ChecksumSink>::Level, std::__1::less<void>, std::__1::allocator<std::__1::pair<long const, lob::v2::Book<lob::ChecksumSink>::Level> > > >(std::__1::map<long, lob::v2::Book<lob::ChecksumSink>::Level, std::__1::less<void>, std::__1::allocator<std::__1::pair<long const, lob::v2::Book<lob::ChecksumSink>::Level> > >&, unsigned long, lob::Side, long, unsigned int)
43 288255 0 0 0 0 0 96085 0 0
fl=/usr/include/c++/v1/__split_buffer
fn=lob::v2::Book<lob::ChecksumSink>::alloc_node(unsigned long, unsigned int)
335 16 0 0 0 0 0 0 0 0
341 32 0 0 0 0 0 0 0 0
fl=/usr/include/c++/v1/__tree
fn=(anonymous namespace)::cmd_replay((anonymous namespace)::Args const&)
0 6746784 1 1 4997100 33968 201 0 0 0
105 265964 0 0 265964 0 0 0 0 0
163 73712 0 0 19091 1483 69 0 0 0
191 384340 0 0 96085 0 0 0 0 0
193 132982 0 0 0 0 0 0 0 0
680 395293 0 0 0 0 0 0 0 0
884 395293 0 0 395293 0 0 0 0 0
1824 288255 0 0 96085 0 0 0 0 0
1825 74136 0 0 0 0 0 37068 0 0
1826 96085 0 0 96085 0 0 0 0 0
1827 192170 0 0 0 0 0 96085 0 0
1994 790586 0 0 0 0 0 0 0 0
2049 9203614 1 1 0 0 0 0 0 0
2050 4206514 0 0 0 0 0 0 0 0
fn=auto lob::v2::Book<lob::ChecksumSink>::erase(boost::unordered::detail::foa::table_iterator<boost::unordered::detail::foa::flat_map_types<unsigned long, lob::v2::Book<lob::ChecksumSink>::Loc>, boost::unordered::detail::foa::group15<boost::unordered::detail::foa::plain_integral>*, false>)::{lambda(auto:1&)#1}::operator()<std::__1::map<long, lob::v2::Book<lob::ChecksumSink>::Level, std::__1::greater<void>, std::__1::allocator<std::__1::pair<long const, lob::v2::Book<lob::ChecksumSink>::Level> > > >(std::__1::map<long, lob::v2::Book<lob::ChecksumSink>::Level, std::__1::greater<void>, std::__1::allocator<std::__1::pair<long const, lob::v2::Book<lob::ChecksumSink>::Level> > >&) const
0 7263985 0 0 5846626 35750 644 0 0 0
105 207288 0 0 207288 0 0 0 0 0
163 91694 0 0 24423 2133 309 0 0 0
191 264105 0 0 88035 0 0 0 0 0
193 103644 0 0 0 0 0 0 0 0
680 400419 0 0 0 0 0 0 0 0
862 400419 0 0 0 0 0 0 0 0
884 400419 0 0 400419 0 0 0 0 0
1824 176070 1 1 88035 0 0 0 0 0
1825 36379 0 0 0 0 0 36379 0 0
1826 88035 0 0 88035 0 0 0 0 0
1827 176070 0 0 0 0 0 88035 0 0
1994 800838 0 0 0 0 0 0 0 0
2049 11693252 0 0 0 0 0 0 0 0
2050 5446207 0 0 0 0 0 0 0 0
fn=lob::v2::Book<lob::ChecksumSink>::modify(unsigned long, long, unsigned int)
0 248996 1 1 213550 187 2 0 0 0
680 17723 0 0 0 0 0 0 0 0
862 17723 1 1 0 0 0 0 0 0
884 17723 0 0 17723 0 0 0 0 0
1994 44066 0 0 0 0 0 0 0 0
2049 462546 0 0 0 0 0 0 0 0
2050 213550 0 0 0 0 0 0 0 0
fn=unsigned int lob::v2::Book<lob::ChecksumSink>::match<std::__1::map<long, lob::v2::Book<lob::ChecksumSink>::Level, std::__1::greater<void>, std::__1::allocator<std::__1::pair<long const, lob::v2::Book<lob::ChecksumSink>::Level> > >, lob::v2::Book<lob::ChecksumSink>::add(unsigned long, lob::Side, long, unsigned int)::{lambda(long)#2}>(std::__1::map<long, lob::v2::Book<lob::ChecksumSink>::Level, std::__1::greater<void>, std::__1::allocator<std::__1::pair<long const, lob::v2::Book<lob::ChecksumSink>::Level> > >&, unsigned long, unsigned int, lob::v2::Book<lob::ChecksumSink>::add(unsigned long, lob::Side, long, unsigned int)::{lambda(long)#2})
915 395292 0 0 395292 0 0 0 0 0
fn=unsigned int lob::v2::Book<lob::ChecksumSink>::match<std::__1::map<long, lob::v2::Book<lob::ChecksumSink>::Level, std::__1::less<void>, std::__1::allocator<std::__1::pair<long const, lob::v2::Book<lob::ChecksumSink>::Level> > >, lob::v2::Book<lob::ChecksumSink>::add(unsigned long, lob::Side, long, unsigned int)::{lambda(long)#1}>(std::__1::map<long, lob::v2::Book<lob::ChecksumSink>::Level, std::__1::less<void>, std::__1::allocator<std::__1::pair<long const, lob::v2::Book<lob::ChecksumSink>::Level> > >&, unsigned long, unsigned int, lob::v2::Book<lob::ChecksumSink>::add(unsigned long, lob::Side, long, unsigned int)::{lambda(long)#1})
915 400419 0 0 400419 0 0 0 0 0
fn=void lob::v2::Book<lob::ChecksumSink>::rest<std::__1::map<long, lob::v2::Book<lob::ChecksumSink>::Level, std::__1::greater<void>, std::__1::allocator<std::__1::pair<long const, lob::v2::Book<lob::ChecksumSink>::Level> > > >(std::__1::map<long, lob::v2::Book<lob::ChecksumSink>::Level, std::__1::greater<void>, std::__1::allocator<std::__1::pair<long const, lob::v2::Book<lob::ChecksumSink>::Level> > >&, unsigned long, lob::Side, long, unsigned int)
0 5531247 1 1 88035 0 0 0 0 0
884 400419 0 0 400419 4 0 0 0 0
1591 1201258 0 0 0 0 0 400419 4 0
1593 5325591 0 0 0 0 0 0 0 0
1594 17528684 0 0 4382171 12403 425 0 0 0
1601 943420 0 0 0 0 0 0 0 0
1602 1893108 0 0 631036 9965 334 0 0 0
1673 88035 0 0 0 0 0 88035 0 0
1674 88035 1 1 0 0 0 88035 0 0
1676 88035 0 0 0 0 0 88035 0 0
1677 352140 0 0 176070 20 0 0 0 0
1678 39501 0 0 0 0 0 39501 0 0
1679 264105 0 0 88035 0 0 88035 0 0
1680 88035 0 0 88035 0 0 0 0 0
fn=void lob::v2::Book<lob::ChecksumSink>::rest<std::__1::map<long, lob::v2::Book<lob::ChecksumSink>::Level, std::__1::less<void>, std::__1::allocator<std::__1::pair<long const, lob::v2::Book<lob::ChecksumSink>::Level> > > >(std::__1::map<long, lob::v2::Book<lob::ChecksumSink>::Level, std::__1::less<void>, std::__1::allocator<std::__1::pair<long const, lob::v2::Book<lob::ChecksumSink>::Level> > >&, unsigned long, lob::Side, long, unsigned int)
0 4238329 1 1 96085 0 0 0 0 0
884 395293 0 0 395293 0 0 0 0 0
1591 1185880 0 0 0 0 0 395293 1 0
1593 4012125 0 0 0 0 0 0 0 0
1594 12687260 0 0 3171815 7901 112 0 0 0
1601 840310 0 0 0 0 0 0 0 0
1602 1623306 0 0 541102 6163 118 0 0 0
1673 96085 0 0 0 0 0 96085 0 0
1674 96085 0 0 0 0 0 96085 0 0
1676 96085 0 0 0 0 0 96085 0 0
1677 384340 0 0 192170 10 0 0 0 0
1678 39754 0 0 0 0 0 39754 0 0
1679 288255 0 0 96085 0 0 96085 0 0
1680 96085 0 0 96085 0 0 0 0 0
fn=void std::__1::__tree_balance_after_insert[abi:ne210105]<std::__1::__tree_node_base<void*>*>(std::__1::__tree_node_base<void*>*, std::__1::__tree_node_base<void*>*)
0 64054 0 0 0 0 0 0 0 0
105 319587 1 1 238607 0 0 0 0 0
235 15362 0 0 15362 0 0 0 0 0
236 30724 0 0 15362 0 0 15362 0 0
237 30724 0 0 0 0 0 0 0 0
239 20975 0 0 5613 0 0 15362 0 0
240 5613 0 0 0 0 0 0 0 0
241 12938 0 0 0 0 0 12938 0 0
243 2424 0 0 0 0 0 2424 0 0
244 15362 1 1 0 0 0 15362 0 0
254 10538 0 0 10538 0 0 0 0 0
255 77422 1 1 38711 0 0 38711 0 0
256 77422 0 0 0 0 0 0 0 0
258 75975 0 0 37264 0 0 38711 0 0
259 38711 0 0 0 0 0 0 0 0
260 33194 0 0 0 0 0 33194 0 0
262 7081 0 0 0 0 0 5517 0 0
263 38711 1 1 0 0 0 38711 0 0
278 368240 1 1 0 0 0 184120 0 0
279 689064 0 0 218287 0 0 0 0 0
281 76156 0 0 0 0 0 0 0 0
282 65227 0 0 65227 0 0 0 0 0
283 203774 0 0 36660 1651 38 0 0 0
285 28080 0 0 0 0 0 28080 0 0
287 56160 0 0 0 0 0 28080 0 0
288 56160 0 0 0 0 0 28080 0 0
290 63756 0 0 0 0 0 0 0 0
295 37147 0 0 0 0 0 37147 0 0
297 37147 0 0 0 0 0 37147 0 0
303 36310 1 1 7226 885 57 0 0 0
305 6105 0 0 0 0 0 6105 0 0
307 12210 0 0 0 0 0 6105 0 0
308 12210 0 0 0 0 0 6105 0 0
310 8084 0 0 0 0 0 0 0 0
315 4824 0 0 0 0 0 4824 0 0
317 4824 0 0 0 0 0 4824 0 0
323 184120 0 0 184120 0 0 0 0 0
569 230389 0 0 230389 0 0 0 0 0
571 64680 1 1 0 0 0 64680 315 9
fn=void std::__1::__tree_remove[abi:ne210105]<std::__1::__tree_node_base<void*>*>(std::__1::__tree_node_base<void*>*, std::__1::__tree_node_base<void*>*)
0 328888 0 0 54316 0 0 32566 0 0
105 1071873 2 2 495640 3816 545 0 0 0
163 85911 0 0 28637 0 0 0 0 0
235 12336 0 0 12336 0 0 0 0 0
236 26728 1 1 13364 82 6 13364 0 0
237 26728 0 0 0 0 0 0 0 0
239 26728 0 0 13364 0 0 13364 0 0
240 13364 0 0 0 0 0 0 0 0
241 11982 1 1 0 0 0 11982 0 0
243 1714 0 0 0 0 0 1382 0 0
244 13364 0 0 0 0 0 13364 0 0
254 3317 0 0 3317 0 0 0 0 0
255 12152 0 0 6076 113 9 6076 0 0
256 12152 0 0 0 0 0 0 0 0
258 12152 0 0 6076 0 0 6076 0 0
259 6076 1 1 0 0 0 0 0 0
260 3266 0 0 0 0 0 3266 0 0
262 5155 0 0 0 0 0 2810 0 0
263 6076 0 0 0 0 0 6076 0 0
339 831708 1 1 207927 0 0 0 0 0
341 180300 0 0 180300 0 0 0 0 0
345 360600 0 0 0 0 0 0 0 0
346 61977 0 0 20659 66 8 20659 393 51
347 184120 0 0 0 0 0 0 0 0
348 119278 0 0 0 0 0 119278 0 0
349 238556 0 0 0 0 0 0 0 0
350 119275 0 0 119275 0 0 0 0 0
354 64842 0 0 0 0 0 64842 0 0
358 184120 0 0 184120 0 0 0 0 0
361 482489 1 1 0 0 0 0 0 0
363 39974 0 0 19987 0 0 19987 0 0
364 19987 0 0 0 0 0 0 0 0
365 16183 0 0 0 0 0 16183 0 0
367 7608 0 0 0 0 0 3804 0 0
368 39974 0 0 19987 0 0 19987 0 0
370 39974 0 0 19987 0 0 19987 0 0
371 39974 0 0 0 0 0 0 0 0
373 39974 0 0 19987 0 0 19987 0 0
374 39974 0 0 0 0 0 0 0 0
379 552356 1 1 0 0 0 0 0 0
392 106450 0 0 0 0 0 0 0 0
393 20659 0 0 0 0 0 20659 0 0
401 43441 0 0 0 0 0 0 0 0
403 66424 0 0 0 0 0 0 0 0
404 6397 0 0 0 0 0 6397 0 0
405 6397 0 0 0 0 0 6397 4 1
409 19191 0 0 6397 0 0 0 0 0
412 6397 0 0 6397 0 0 0 0 0
415 143804 1 1 55296 7108 2134 0 0 0
416 89727 0 0 29909 0 0 0 0 0
417 27273 0 0 0 0 0 27273 0 0
420 128392 0 0 27266 71 25 0 0 0
429 22146 0 0 7552 513 94 0 0 0
431 2200 0 0 0 0 0 2200 0 0
432 2200 0 0 0 0 0 2200 0 0
439 11878 0 0 5939 22 2 5939 0 0
440 5939 1 1 0 0 0 5939 0 0
441 5939 0 0 0 0 0 5939 0 0
446 20458 1 1 0 0 0 0 0 0
447 559 0 0 0 0 0 559 0 0
448 559 0 0 0 0 0 559 0 0
452 1677 0 0 559 0 0 0 0 0
455 559 0 0 559 0 0 0 0 0
458 43441 2 2 16092 1288 96 0 0 0
459 23820 1 1 7940 0 0 0 0 0
460 6912 0 0 0 0 0 6912 0 0
463 19688 0 0 6912 0 0 0 0 0
472 3505 0 0 94 0 0 0 0 0
474 1122 0 0 94 0 0 1028 0 0
475 1028 0 0 0 0 0 1028 0 0
482 6634 0 0 3317 0 0 3317 0 0
483 3317 0 0 0 0 0 3317 0 0
484 3317 0 0 0 0 0 3317 0 0
492 184120 0 0 184120 0 0 0 0 0
569 43441 0 0 43441 0 0 0 0 0
571 46869 0 0 0 0 0 46869 980 125
fl=/usr/include/c++/v1/__utility/pair.h
fn=_ZN5boost9unordered6detail3foa10table_coreINS2_14flat_map_typesImN3lob2v24BookINS5_12ChecksumSinkEE3LocEEENS2_7group15INS2_14plain_integralEEENS2_12table_arraysENS2_18plain_size_controlENS_4hashImEENSt3__18equal_toImEENSJ_9allocatorINSJ_4pairIKmSA_EEEEE22for_all_elements_whileIZNSR_22for_all_elements_whileIZNSR_16for_all_elementsIZNSR_16unchecked_rehashERNSF_ISP_SE_NS2_16pow2_size_policyESQ_EEEUlPSP_E_EEDTcmclfL1p0_LDnEEcvv_EERKSW_T_EUlSY_E_EES10_S12_S13_EUlPSE_jSY_E_EEDTcmclfp0_LDnELi0ELDnEEcvv_EES12_S13_
196 1433334 0 0 716667 67800 18126 716667 136724 123142
fn=boost::unordered::detail::foa::table_locator<boost::unordered::detail::foa::group15<boost::unordered::detail::foa::plain_integral>, std::__1::pair<unsigned long const, lob::v2::Book<lob::ChecksumSink>::Loc> > boost::unordered::detail::foa::table_core<boost::unordered::detail::foa::flat_map_types<unsigned long, lob::v2::Book<lob::ChecksumSink>::Loc>, boost::unordered::detail::foa::group15<boost::unordered::detail::foa::plain_integral>, boost::unordered::detail::foa::table_arrays, boost::unordered::detail::foa::plain_size_control, boost::hash<unsigned long>, std::__1::equal_to<unsigned long>, std::__1::allocator<std::__1::pair<unsigned long const, lob::v2::Book<lob::ChecksumSink>::Loc> > >::unchecked_emplace_with_rehash<boost::unordered::detail::foa::try_emplace_args_t, unsigned long&, lob::v2::Book<lob::ChecksumSink>::Loc>(unsigned long, boost::unordered::detail::foa::try_emplace_args_t&&, unsigned long&, lob::v2::Book<lob::ChecksumSink>::Loc&&)
445 66 0 0 33 2 1 33 22 20
446 132 0 0 66 0 0 66 5 5
fn=void lob::v2::Book<lob::ChecksumSink>::rest<std::__1::map<long, lob::v2::Book<lob::ChecksumSink>::Level, std::__1::greater<void>, std::__1::allocator<std::__1::pair<long const, lob::v2::Book<lob::ChecksumSink>::Level> > > >(std::__1::map<long, lob::v2::Book<lob::ChecksumSink>::Level, std::__1::greater<void>, std::__1::allocator<std::__1::pair<long const, lob::v2::Book<lob::ChecksumSink>::Level> > >&, unsigned long, lob::Side, long, unsigned int)
445 488436 0 0 0 0 0 488436 369503 3796
446 1601604 1 1 800802 0 0 800802 125507 11169
fn=void lob::v2::Book<lob::ChecksumSink>::rest<std::__1::map<long, lob::v2::Book<lob::ChecksumSink>::Level, std::__1::less<void>, std::__1::allocator<std::__1::pair<long const, lob::v2::Book<lob::ChecksumSink>::Level> > > >(std::__1::map<long, lob::v2::Book<lob::ChecksumSink>::Level, std::__1::less<void>, std::__1::allocator<std::__1::pair<long const, lob::v2::Book<lob::ChecksumSink>::Level> > >&, unsigned long, lob::Side, long, unsigned int)
445 491363 0 0 0 0 0 491363 363752 3128
446 1581112 0 0 790556 0 0 790556 122347 6781
fl=/usr/include/c++/v1/__utility/swap.h
fn=lob::v2::Book<lob::ChecksumSink>::alloc_node(unsigned long, unsigned int)
44 48 0 0 0 0 0 48 5 0
fl=/usr/include/c++/v1/__vector/vector.h
fn=(anonymous namespace)::cmd_replay((anonymous namespace)::Args const&)
0 1 0 0 0 0 0 1 0 0
388 1 0 0 1 0 0 0 0 0
407 1980731 0 0 795712 0 0 0 0 0
449 1 0 0 1 1 1 0 0 0
fn=auto lob::v2::Book<lob::ChecksumSink>::erase(boost::unordered::detail::foa::table_iterator<boost::unordered::detail::foa::flat_map_types<unsigned long, lob::v2::Book<lob::ChecksumSink>::Loc>, boost::unordered::detail::foa::group15<boost::unordered::detail::foa::plain_integral>*, false>)::{lambda(auto:1&)#1}::operator()<std::__1::map<long, lob::v2::Book<lob::ChecksumSink>::Level, std::__1::greater<void>, std::__1::allocator<std::__1::pair<long const, lob::v2::Book<lob::ChecksumSink>::Level> > > >(std::__1::map<long, lob::v2::Book<lob::ChecksumSink>::Level, std::__1::greater<void>, std::__1::allocator<std::__1::pair<long const, lob::v2::Book<lob::ChecksumSink>::Level> > >&) const
407 1203827 0 0 400419 0 0 0 0 0
fn=lob::v2::Book<lob::ChecksumSink>::alloc_node(unsigned long, unsigned int)
0 96 1 1 0 0 0 64 0 0
388 243990 1 1 54220 0 0 0 0 0
391 64 1 1 0 0 0 0 0 0
407 2360026 0 0 795712 0 0 0 0 0
475 27094 0 0 0 0 0 0 0 0
902 32 0 0 0 0 0 0 0 0
905 80 0 0 0 0 0 0 0 0
1128 16 0 0 0 0 0 0 0 0
1131 32 0 0 0 0 0 0 0 0
1146 81330 0 0 27110 0 0 0 0 0
1149 27094 0 0 0 0 0 0 0 0
1152 27110 0 0 0 0 0 27110 0 0
fn=lob::v2::Book<lob::ChecksumSink>::modify(unsigned long, long, unsigned int)
407 35446 0 0 17723 0 0 0 0 0
fn=void lob::v2::Book<lob::ChecksumSink>::rest<std::__1::map<long, lob::v2::Book<lob::ChecksumSink>::Level, std::__1::greater<void>, std::__1::allocator<std::__1::pair<long const, lob::v2::Book<lob::ChecksumSink>::Level> > > >(std::__1::map<long, lob::v2::Book<lob::ChecksumSink>::Level, std::__1::greater<void>, std::__1::allocator<std::__1::pair<long const, lob::v2::Book<lob::ChecksumSink>::Level> > >&, unsigned long, lob::Side, long, unsigned int)
407 1113222 0 0 400419 0 0 0 0 0
fn=void lob::v2::Book<lob::ChecksumSink>::rest<std::__1::map<long, lob::v2::Book<lob::ChecksumSink>::Level, std::__1::less<void>, std::__1::allocator<std::__1::pair<long const, lob::v2::Book<lob::ChecksumSink>::Level> > > >(std::__1::map<long, lob::v2::Book<lob::ChecksumSink>::Level, std::__1::less<void>, std::__1::allocator<std::__1::pair<long const, lob::v2::Book<lob::ChecksumSink>::Level> > >&, unsigned long, lob::Side, long, unsigned int)
407 1089794 0 0 395293 0 0 0 0 0
fl=/usr/include/c++/v1/map
fn=unsigned int lob::v2::Book<lob::ChecksumSink>::match<std::__1::map<long, lob::v2::Book<lob::ChecksumSink>::Level, std::__1::greater<void>, std::__1::allocator<std::__1::pair<long const, lob::v2::Book<lob::ChecksumSink>::Level> > >, lob::v2::Book<lob::ChecksumSink>::add(unsigned long, lob::Side, long, unsigned int)::{lambda(long)#2}>(std::__1::map<long, lob::v2::Book<lob::ChecksumSink>::Level, std::__1::greater<void>, std::__1::allocator<std::__1::pair<long const, lob::v2::Book<lob::ChecksumSink>::Level> > >&, unsigned long, unsigned int, lob::v2::Book<lob::ChecksumSink>::add(unsigned long, lob::Side, long, unsigned int)::{lambda(long)#2})
1031 395293 1 1 395293 1 1 0 0 0
fn=unsigned int lob::v2::Book<lob::ChecksumSink>::match<std::__1::map<long, lob::v2::Book<lob::ChecksumSink>::Level, std::__1::less<void>, std::__1::allocator<std::__1::pair<long const, lob::v2::Book<lob::ChecksumSink>::Level> > >, lob::v2::Book<lob::ChecksumSink>::add(unsigned long, lob::Side, long, unsigned int)::{lambda(long)#1}>(std::__1::map<long, lob::v2::Book<lob::ChecksumSink>::Level, std::__1::less<void>, std::__1::allocator<std::__1::pair<long const, lob::v2::Book<lob::ChecksumSink>::Level> > >&, unsigned long, unsigned int, lob::v2::Book<lob::ChecksumSink>::add(unsigned long, lob::Side, long, unsigned int)::{lambda(long)#1})
1031 400419 1 1 400419 0 0 0 0 0
fl=???
fn=???
0 1473391 6 6 920888 805 16 0 0 0
fn=operator delete(void*)
0 920835 0 0 184167 0 0 184167 0 0
fn=operator delete(void*, unsigned long)
0 920835 1 1 184167 0 0 184167 0 0
fn=operator new(unsigned long)
0 3130873 2 2 552507 0 0 736676 8 0
summary: 516816843 294 286 147140944 2417876 654704 61570360 1404049 181978
