desc: I1 cache:         32768 B, 64 B, 8-way associative
desc: D1 cache:         49152 B, 64 B, 12-way associative
desc: LL cache:         6291456 B, 64 B, 12-way associative
cmd: /home/wang/sources/cxx/book/build/profile/book replay --workload data/itch12302019_AAPL.ops --version v15
events: Ir I1mr ILmr Dr D1mr DLmr Dw D1mw DLmw 
fl=./elf/../sysdeps/generic/dl-new-hash.h
fn=_dl_lookup_symbol_x
69 1 0 0 0 0 0 0 0 0
70 2 0 0 0 0 0 0 0 0
74 11 0 0 11 2 2 0 0 0
77 22 0 0 0 0 0 0 0 0
80 11 0 0 11 0 0 0 0 0
81 22 0 0 0 0 0 0 0 0
87 1 1 1 0 0 0 0 0 0
88 1 0 0 0 0 0 0 0 0
89 2 0 0 0 0 0 0 0 0
90 1 0 0 0 0 0 0 0 0
99 10 0 0 0 0 0 0 0 0
101 10 0 0 0 0 0 0 0 0
102 20 0 0 0 0 0 0 0 0
104 10 1 1 0 0 0 0 0 0
105 10 0 0 0 0 0 0 0 0
fl=./elf/../sysdeps/generic/dl-protected.h
fn=do_lookup_x
29 4 0 0 0 0 0 0 0 0
fl=./elf/../sysdeps/generic/ldsodefs.h
fn=do_lookup_x
139 2 0 0 1 0 0 0 0 0
140 3 0 0 0 0 0 0 0 0
fl=./elf/../sysdeps/x86_64/dl-machine.h
fn=_dl_fixup
234 1 0 0 0 0 0 1 0 0
fl=./elf/../sysdeps/x86_64/dl-runtime.h
fn=_dl_fixup
28 1 0 0 0 0 0 0 0 0
fl=./elf/../sysdeps/x86_64/dl-trampoline.h
fn=_dl_runtime_resolve_xsave
71 1 1 1 0 0 0 0 0 0
76 1 0 0 0 0 0 1 0 0
79 1 0 0 0 0 0 0 0 0
81 1 0 0 0 0 0 0 0 0
91 1 0 0 1 1 1 0 0 0
97 1 0 0 0 0 0 1 1 1
98 1 0 0 0 0 0 1 0 0
99 1 1 1 0 0 0 1 0 0
100 1 0 0 0 0 0 1 0 0
101 1 0 0 0 0 0 1 0 0
102 1 0 0 0 0 0 1 0 0
103 1 0 0 0 0 0 1 0 0
107 1 0 0 0 0 0 0 0 0
108 1 0 0 0 0 0 0 0 0
111 1 0 0 0 0 0 1 1 0
112 1 0 0 0 0 0 1 0 0
114 1 0 0 0 0 0 1 0 0
115 1 0 0 0 0 0 1 0 0
116 1 1 1 0 0 0 1 0 0
117 1 0 0 0 0 0 1 0 0
118 1 0 0 0 0 0 1 0 0
119 1 0 0 0 0 0 1 0 0
121 1 0 0 1 0 0 33 9 6
128 1 0 0 1 0 0 0 0 0
129 1 0 0 1 0 0 0 0 0
130 1 0 0 0 0 0 1 1 1
131 1 0 0 0 0 0 0 0 0
136 1 0 0 0 0 0 0 0 0
137 1 0 0 0 0 0 0 0 0
138 1 0 0 36 0 0 0 0 0
140 1 1 1 1 0 0 0 0 0
141 1 0 0 1 0 0 0 0 0
142 1 0 0 1 0 0 0 0 0
143 1 0 0 1 0 0 0 0 0
144 1 0 0 1 0 0 0 0 0
145 1 0 0 1 0 0 0 0 0
146 1 0 0 1 0 0 0 0 0
148 1 0 0 0 0 0 0 0 0
150 1 0 0 1 0 0 0 0 0
154 1 0 0 0 0 0 0 0 0
156 1 0 0 0 0 0 0 0 0
fl=./elf/./elf/dl-lookup.c
fn=_dl_lookup_symbol_x
772 13 2 2 0 0 0 9 3 3
774 2 0 0 0 0 0 1 0 0
775 4 0 0 0 0 0 1 0 0
778 1 0 0 1 1 1 0 0 0
782 2 0 0 0 0 0 0 0 0
785 2 1 1 1 0 0 0 0 0
787 2 0 0 2 0 0 0 0 0
791 14 0 0 0 0 0 3 0 0
792 17 2 2 7 0 0 7 1 1
797 5 0 0 2 0 0 0 0 0
816 1 0 0 0 0 0 1 0 0
820 2 0 0 1 0 0 0 0 0
821 7 0 0 1 0 0 0 0 0
828 1 0 0 1 0 0 0 0 0
856 4 1 1 1 0 0 0 0 0
870 3 0 0 1 1 1 0 0 0
873 2 0 0 1 0 0 0 0 0
890 4 0 0 1 0 0 0 0 0
892 9 1 1 7 0 0 0 0 0
fn=check_match
70 15 1 1 2 1 1 6 1 1
73 8 1 1 2 0 0 0 0 0
86 5 0 0 0 0 0 0 0 0
89 8 1 1 2 0 0 1 0 0
93 1 0 0 1 1 1 0 0 0
94 2 0 0 0 0 0 0 0 0
144 2 1 1 0 0 0 0 0 0
146 6 0 0 2 1 1 0 0 0
147 4 1 1 0 0 0 0 0 0
161 1 0 0 0 0 0 0 0 0
162 8 0 0 7 0 0 0 0 0
fn=do_lookup_x
347 14 2 2 2 0 0 10 2 2
348 1 0 0 1 1 1 0 0 0
353 1 0 0 0 0 0 0 0 0
354 1 0 0 1 0 0 0 0 0
358 8 1 1 8 6 6 0 0 0
361 8 0 0 0 0 0 0 0 0
365 10 0 0 1 0 0 0 0 0
386 8 1 1 4 3 3 0 0 0
390 8 0 0 4 1 1 0 0 0
396 12 0 0 4 3 3 0 0 0
400 4 0 0 0 0 0 4 0 0
401 4 0 0 0 0 0 4 0 0
404 20 0 0 12 6 6 0 0 0
405 12 1 1 8 2 2 0 0 0
408 4 0 0 4 0 0 0 0 0
409 8 0 0 0 0 0 0 0 0
411 4 0 0 4 4 4 0 0 0
412 3 0 0 0 0 0 1 0 0
413 8 0 0 8 0 0 0 0 0
415 7 1 1 1 0 0 2 0 0
416 16 0 0 8 0 0 0 0 0
419 28 0 0 4 0 0 0 0 0
422 2 0 0 2 1 1 0 0 0
423 3 1 1 1 0 0 0 0 0
424 2 0 0 0 0 0 0 0 0
426 2 0 0 1 0 0 0 0 0
429 5 1 1 1 1 1 0 0 0
431 3 0 0 1 0 0 0 0 0
432 25 2 2 7 0 0 13 2 2
433 2 0 0 0 0 0 0 0 0
436 3 0 0 0 0 0 0 0 0
461 8 1 1 6 0 0 0 0 0
476 2 1 1 0 0 0 0 0 0
483 4 0 0 1 0 0 0 0 0
487 3 1 1 1 1 1 0 0 0
499 2 0 0 1 0 0 1 0 0
500 1 0 0 0 0 0 1 0 0
501 1 0 0 0 0 0 0 0 0
518 9 0 0 0 0 0 0 0 0
522 8 0 0 7 0 0 0 0 0
fl=./elf/./elf/dl-runtime.c
fn=_dl_fixup
46 11 2 2 0 0 0 6 0 0
48 5 0 0 4 4 4 0 0 0
49 3 1 1 2 1 1 0 0 0
54 1 0 0 1 1 1 0 0 0
55 4 0 0 1 1 1 0 0 0
56 7 0 0 1 1 1 1 1 1
58 2 0 0 1 0 0 0 0 0
63 2 0 0 0 0 0 0 0 0
67 2 0 0 1 1 1 0 0 0
69 2 0 0 0 0 0 0 0 0
71 3 1 1 1 1 1 0 0 0
75 3 0 0 2 2 2 0 0 0
76 4 0 0 1 0 0 0 0 0
77 3 0 0 1 1 1 0 0 0
84 1 1 1 0 0 0 0 0 0
85 3 0 0 1 1 0 0 0 0
95 11 0 0 2 1 1 3 0 0
99 5 1 1 3 0 0 0 0 0
109 10 0 0 4 0 0 1 0 0
124 4 1 1 1 0 0 0 0 0
133 3 0 0 1 1 1 0 0 0
159 3 0 0 1 0 0 0 0 0
163 8 1 1 7 0 0 0 0 0
fl=./malloc/./malloc/arena.c
fn=_mid_memalign.isra.0
153 10 0 0 0 0 0 0 0 0
fn=free
153 135 0 0 0 0 0 0 0 0
fn=malloc
153 72 0 0 0 0 0 0 0 0
fl=./malloc/./malloc/malloc.c
fn=_int_free
1792 25 0 0 25 9 0 0 0 0
1992 45 1 1 15 0 0 0 0 0
3163 40 1 1 20 0 0 20 0 0
3165 80 0 0 20 12 5 20 0 0
3166 20 0 0 0 0 0 20 0 0
3167 40 0 0 0 0 0 20 0 0
4495 315 1 1 0 0 0 180 15 1
4499 135 1 1 45 0 0 0 0 0
4505 180 0 0 0 0 0 0 0 0
4506 90 0 0 0 0 0 0 0 0
4510 225 0 0 0 0 0 0 0 0
4517 90 0 0 0 0 0 0 0 0
4518 270 1 1 135 15 0 0 0 0
4521 35 0 0 0 0 0 0 0 0
4527 105 0 0 70 11 3 0 0 0
4547 175 1 1 70 10 0 0 0 0
4550 20 0 0 0 0 0 0 0 0
4561 50 0 0 0 0 0 0 0 0
4572 60 0 0 15 1 1 0 0 0
4574 45 0 0 15 3 1 0 0 0
4593 15 0 0 0 0 0 0 0 0
4595 15 0 0 0 0 0 15 3 1
4596 15 0 0 0 0 0 0 0 0
4600 45 0 0 15 0 0 0 0 0
4602 30 0 0 15 3 1 0 0 0
4606 30 0 0 0 0 0 0 0 0
4608 45 0 0 0 0 0 15 0 0
4609 15 0 0 0 0 0 15 0 0
4628 60 0 0 0 0 0 0 0 0
4637 20 0 0 10 0 0 0 0 0
4640 20 0 0 10 6 0 0 0 0
4643 20 1 1 0 0 0 0 0 0
4646 20 0 0 0 0 0 0 0 0
4658 260 1 1 215 0 0 0 0 0
fn=_int_free_maybe_consolidate
4770 165 1 1 15 5 0 105 0 0
4776 30 0 0 0 0 0 0 0 0
4778 20 0 0 5 0 0 0 0 0
4781 15 0 0 0 0 0 0 0 0
4784 25 2 2 15 5 0 0 0 0
4785 5 0 0 3 0 0 0 0 0
4798 161 1 1 132 0 0 0 0 0
fn=_int_free_merge_chunk
1992 36 0 0 12 0 0 0 0 0
4665 96 1 1 0 0 0 72 0 0
4666 12 0 0 0 0 0 0 0 0
4670 72 0 0 12 6 0 0 0 0
4673 48 1 1 12 6 0 0 0 0
4675 36 1 1 12 6 0 0 0 0
4678 36 0 0 12 2 0 0 0 0
4681 24 0 0 0 0 0 0 0 0
4682 24 0 0 0 0 0 0 0 0
4683 24 0 0 12 6 0 0 0 0
4689 24 1 1 12 0 0 0 0 0
4691 8 0 0 8 0 0 0 0 0
4692 8 0 0 0 0 0 0 0 0
4693 8 0 0 0 0 0 0 0 0
4694 32 0 0 8 4 0 0 0 0
4696 16 0 0 0 0 0 8 0 0
4701 36 0 0 0 0 0 0 0 0
4702 84 0 0 72 0 0 0 0 0
4714 24 0 0 12 0 0 0 0 0
4720 20 0 0 10 3 0 0 0 0
4721 4 1 1 0 0 0 2 0 0
4722 4 0 0 0 0 0 0 0 0
4724 8 0 0 8 0 0 0 0 0
4732 10 0 0 0 0 0 0 0 0
4733 40 1 1 10 0 0 0 0 0
4734 20 0 0 10 1 0 0 0 0
4736 10 0 0 0 0 0 10 0 0
4738 20 0 0 0 0 0 0 0 0
4740 24 1 1 0 0 0 8 0 0
4743 10 0 0 0 0 0 10 0 0
4744 10 0 0 0 0 0 10 0 0
4746 30 0 0 0 0 0 10 0 0
4747 10 0 0 0 0 0 10 0 0
4756 2 0 0 0 0 0 0 0 0
4757 6 0 0 0 0 0 2 0 0
4758 4 0 0 0 0 0 2 0 0
fn=_int_malloc
1326 82 0 0 0 0 0 0 0 0
1345 246 0 0 0 0 0 0 0 0
1794 41 1 1 41 0 0 0 0 0
1985 9 0 0 3 0 0 0 0 0
2008 4 0 0 1 0 0 0 0 0
2552 42 0 0 14 14 1 14 0 0
2553 1 1 1 0 0 0 1 0 0
2564 14 1 1 7 6 1 0 0 0
2565 18 0 0 12 0 0 0 0 0
2568 24 0 0 6 0 0 0 0 0
2576 36 0 0 6 0 0 12 2 0
2577 12 0 0 0 0 0 0 0 0
2589 4 0 0 1 0 0 1 0 0
2590 2 0 0 0 0 0 1 0 0
2599 12 1 1 3 0 0 0 0 0
2605 3 0 0 2 0 0 0 0 0
2608 3 1 1 0 0 0 0 0 0
2669 3 1 1 1 0 0 1 0 0
2677 2 0 0 1 0 0 0 0 0
2678 3 0 0 1 0 0 1 0 0
2691 3 1 1 1 0 0 0 0 0
2693 1 0 0 1 0 0 0 0 0
2699 5 0 0 1 0 0 1 0 0
2707 2 0 0 0 0 0 0 0 0
2709 4 2 2 0 0 0 2 0 0
2710 3 0 0 1 0 0 0 0 0
2711 1 0 0 0 0 0 0 0 0
2712 1 0 0 0 0 0 0 0 0
2715 2 0 0 0 0 0 0 0 0
2744 7 1 1 3 0 0 0 0 0
2746 2 1 1 0 0 0 1 0 0
2752 8 0 0 1 0 0 0 0 0
2753 6 0 0 1 0 0 1 0 0
2921 3 1 1 2 0 0 0 0 0
2922 1 0 0 0 0 0 1 0 0
2926 1 0 0 1 0 0 0 0 0
2930 5 1 1 2 0 0 0 0 0
2932 1 0 0 0 0 0 0 0 0
2933 1 0 0 0 0 0 0 0 0
2934 1 0 0 0 0 0 1 0 0
2935 7 0 0 0 0 0 1 0 0
2936 2 0 0 0 0 0 1 1 1
2938 1 0 0 0 0 0 0 0 0
3846 451 2 2 41 19 1 287 13 1
3887 82 0 0 0 0 0 0 0 0
3914 82 0 0 0 0 0 0 0 0
3916 88 0 0 0 0 0 0 0 0
3919 22 0 0 22 7 1 0 0 0
3921 44 0 0 0 0 0 0 0 0
3930 66 2 2 0 0 0 0 0 0
3977 38 1 1 0 0 0 0 0 0
3979 62 0 0 0 0 0 0 0 0
3980 50 1 1 0 0 0 0 0 0
3982 75 0 0 25 11 4 0 0 0
4039 290 1 1 0 0 0 0 0 0
4040 48 0 0 16 10 0 0 0 0
4058 123 1 1 41 0 0 0 0 0
4059 123 0 0 0 0 0 41 0 0
4060 123 1 1 82 8 0 0 0 0
4069 58 0 0 0 0 0 29 0 0
4070 247 2 2 54 17 1 41 0 0
4072 31 0 0 31 3 0 0 0 0
4073 62 0 0 31 12 2 0 0 0
4074 31 0 0 0 0 0 0 0 0
4076 62 0 0 0 0 0 0 0 0
4077 93 1 1 31 13 1 0 0 0
4079 31 0 0 31 13 0 0 0 0
4080 124 0 0 0 0 0 0 0 0
4082 124 0 0 31 0 0 0 0 0
4084 62 1 1 31 1 0 0 0 0
4085 62 0 0 31 0 0 0 0 0
4087 62 0 0 0 0 0 0 0 0
4098 124 0 0 0 0 0 0 0 0
4099 40 1 1 20 0 0 0 0 0
4100 36 0 0 0 0 0 0 0 0
4101 18 0 0 0 0 0 0 0 0
4104 18 0 0 0 0 0 0 0 0
4105 18 1 1 0 0 0 0 0 0
4106 18 0 0 0 0 0 18 0 0
4107 54 0 0 0 0 0 18 0 0
4108 54 1 1 0 0 0 18 18 3
4109 36 0 0 0 0 0 0 0 0
4111 36 0 0 0 0 0 18 3 1
4115 144 0 0 0 0 0 18 0 0
4117 54 1 1 0 0 0 18 2 0
4118 18 0 0 0 0 0 18 0 0
4121 18 0 0 0 0 0 0 0 0
4122 54 0 0 0 0 0 18 5 0
4123 18 0 0 0 0 0 0 0 0
4127 13 0 0 0 0 0 13 0 0
4128 13 0 0 0 0 0 13 0 0
4132 26 0 0 0 0 0 0 0 0
4161 27 2 2 0 0 0 0 0 0
4163 6 1 1 0 0 0 3 0 0
4164 12 0 0 0 0 0 0 0 0
4165 3 0 0 3 1 0 0 0 0
4169 178 4 4 0 0 0 10 0 0
4170 30 1 1 0 0 0 0 0 0
4171 10 0 0 10 8 2 0 0 0
4174 20 0 0 0 0 0 0 0 0
4218 40 0 0 0 0 0 10 1 0
4221 91 1 1 26 10 1 0 0 0
4222 13 0 0 0 0 0 13 0 0
4223 13 0 0 0 0 0 13 0 0
4224 13 0 0 0 0 0 13 0 0
4225 13 0 0 0 0 0 13 0 0
4230 26 0 0 26 0 0 0 0 0
4231 26 0 0 0 0 0 0 0 0
4240 52 1 1 26 0 0 0 0 0
4246 22 0 0 0 0 0 0 0 0
4257 69 0 0 0 0 0 0 0 0
4259 64 0 0 0 0 0 0 0 0
4262 48 0 0 16 13 7 0 0 0
4263 24 1 1 1 0 0 0 0 0
4266 1 0 0 1 0 0 0 0 0
4267 6 0 0 1 0 0 0 0 0
4273 2 1 1 1 0 0 0 0 0
4278 3 0 0 0 0 0 1 0 0
4279 3 0 0 0 0 0 2 1 0
4282 4 0 0 2 0 0 0 0 0
4291 1 0 0 0 0 0 0 0 0
4295 4 1 1 1 0 0 0 0 0
4296 2 0 0 1 0 0 0 0 0
4299 1 0 0 0 0 0 1 1 0
4300 1 0 0 0 0 0 1 0 0
4301 1 0 0 0 0 0 1 0 0
4302 2 0 0 0 0 0 0 0 0
4304 2 0 0 0 0 0 1 0 0
4307 8 1 1 0 0 0 1 0 0
4309 3 0 0 0 0 0 1 1 0
4310 1 0 0 0 0 0 1 0 0
4313 1 0 0 0 0 0 0 0 0
4330 22 0 0 0 0 0 0 0 0
4331 44 0 0 0 0 0 0 0 0
4332 44 0 0 0 0 0 0 0 0
4333 44 0 0 22 5 0 0 0 0
4334 132 0 0 0 0 0 0 0 0
4339 101 1 1 0 0 0 0 0 0
4343 124 2 2 0 0 0 0 0 0
4346 88 1 1 22 0 0 0 0 0
4348 16 0 0 0 0 0 0 0 0
4349 8 0 0 0 0 0 0 0 0
4353 152 0 0 0 0 0 0 0 0
4355 70 0 0 0 0 0 0 0 0
4357 140 0 0 0 0 0 0 0 0
4361 6 0 0 6 4 0 0 0 0
4364 12 0 0 0 0 0 0 0 0
4366 15 0 0 0 0 0 3 0 0
4367 3 0 0 0 0 0 0 0 0
4368 3 0 0 0 0 0 0 0 0
4373 12 0 0 3 2 0 0 0 0
4376 6 0 0 0 0 0 0 0 0
4378 9 1 1 0 0 0 3 0 0
4381 9 0 0 0 0 0 6 3 1
4384 12 0 0 6 0 0 0 0 0
4394 3 0 0 0 0 0 0 0 0
4399 12 0 0 3 0 0 0 0 0
4400 6 1 1 3 0 0 0 0 0
4403 3 0 0 0 0 0 3 3 0
4404 3 0 0 0 0 0 3 0 0
4405 3 0 0 0 0 0 3 0 0
4408 6 0 0 0 0 0 0 0 0
4409 3 0 0 0 0 0 3 0 0
4410 6 0 0 0 0 0 0 0 0
4412 6 0 0 0 0 0 3 3 0
4415 24 1 1 0 0 0 3 0 0
4417 9 0 0 0 0 0 3 0 0
4418 3 0 0 0 0 0 3 0 0
4421 3 0 0 0 0 0 0 0 0
4443 19 1 1 19 0 0 0 0 0
4444 38 0 0 19 8 1 0 0 0
4446 38 0 0 19 5 0 0 0 0
4449 57 0 0 0 0 0 0 0 0
4451 12 0 0 0 0 0 0 0 0
4452 24 1 1 0 0 0 0 0 0
4453 12 0 0 0 0 0 12 0 0
4454 96 1 1 0 0 0 12 0 0
4456 24 0 0 0 0 0 12 12 12
4459 26 0 0 0 0 0 0 0 0
4460 60 0 0 0 0 0 20 2 1
4461 20 0 0 0 0 0 0 0 0
4466 28 0 0 7 0 0 7 0 0
4482 13 0 0 0 0 0 0 0 0
4487 492 3 2 369 0 0 0 0 0
fn=_int_memalign
1326 10 0 0 0 0 0 0 0 0
1345 40 1 1 0 0 0 0 0 0
4714 6 0 0 0 0 0 0 0 0
4720 2 0 0 1 0 0 0 0 0
4721 1 0 0 0 0 0 1 0 0
4722 2 0 0 0 0 0 0 0 0
4732 1 0 0 0 0 0 0 0 0
4733 4 0 0 1 0 0 0 0 0
4734 2 0 0 1 0 0 0 0 0
4736 1 0 0 0 0 0 1 1 0
4738 2 0 0 0 0 0 0 0 0
4740 3 0 0 0 0 0 1 0 0
4743 1 0 0 0 0 0 1 0 0
4744 1 0 0 0 0 0 1 0 0
4746 3 0 0 0 0 0 1 0 0
4747 1 0 0 0 0 0 1 0 0
4756 2 1 1 0 0 0 0 0 0
4757 6 0 0 0 0 0 2 1 1
4758 4 0 0 0 0 0 2 0 0
5039 40 1 1 0 0 0 30 4 0
5069 20 0 0 0 0 0 10 0 0
5071 15 0 0 5 0 0 0 0 0
5074 5 0 0 0 0 0 0 0 0
5076 20 0 0 0 0 0 0 0 0
5083 20 1 1 0 0 0 0 0 0
5085 16 0 0 0 0 0 0 0 0
5086 1 0 0 0 0 0 0 0 0
5089 2 0 0 0 0 0 0 0 0
5090 16 0 0 4 0 0 0 0 0
5093 8 0 0 0 0 0 0 0 0
5095 4 0 0 2 0 0 2 0 0
5096 4 0 0 0 0 0 2 0 0
5097 2 0 0 0 0 0 0 0 0
5101 20 1 1 0 0 0 4 1 1
5103 2 0 0 2 0 0 0 0 0
5104 10 0 0 2 0 0 2 0 0
5105 4 0 0 0 0 0 2 0 0
5106 2 0 0 0 0 0 0 0 0
5108 18 1 1 2 0 0 0 0 0
5113 9 0 0 3 0 0 0 0 0
5115 6 0 0 0 0 0 0 0 0
5116 3 0 0 0 0 0 0 0 0
5117 6 0 0 3 0 0 0 0 0
5118 6 0 0 0 0 0 0 0 0
5120 3 0 0 0 0 0 0 0 0
5121 6 0 0 0 0 0 0 0 0
5122 3 1 1 3 0 0 0 0 0
5123 1 0 0 0 0 0 0 0 0
5129 3 0 0 0 0 0 0 0 0
5130 9 2 2 0 0 0 3 0 0
5134 9 1 1 0 0 0 3 0 0
5140 3 0 0 0 0 0 0 0 0
5141 45 0 0 35 0 0 0 0 0
fn=_mid_memalign.isra.0
1326 10 0 0 0 0 0 0 0 0
1345 25 0 0 0 0 0 0 0 0
3575 35 1 1 0 0 0 20 0 0
3581 10 1 1 0 0 0 0 0 0
3585 10 0 0 0 0 0 0 0 0
3590 15 2 2 0 0 0 0 0 0
3598 15 0 0 0 0 0 0 0 0
3615 15 0 0 0 0 0 0 0 0
3617 10 1 1 5 4 0 0 0 0
3638 10 0 0 5 5 0 0 0 0
3640 25 1 1 0 0 0 5 0 0
3641 25 1 1 5 0 0 0 0 0
3643 10 1 1 0 0 0 0 0 0
3662 30 0 0 25 0 0 0 0 0
fn=aligned_alloc
3556 35 1 1 0 0 0 15 3 0
3557 10 0 0 5 5 0 0 0 0
3564 25 0 0 0 0 0 0 0 0
3571 15 0 0 0 0 0 0 0 0
3572 15 1 1 15 0 0 0 0 0
fn=alloc_perturb
1985 114 1 1 38 0 0 0 0 0
1987 38 0 0 38 0 0 0 0 0
fn=free
3359 343 2 2 0 0 0 196 8 0
3363 98 0 0 0 0 0 0 0 0
3371 98 0 0 98 51 7 0 0 0
3373 49 0 0 0 0 0 0 0 0
3375 147 0 0 49 13 0 0 0 0
3379 12 1 1 4 4 0 0 0 0
3381 16 0 0 4 4 0 0 0 0
3383 6 0 0 0 0 0 3 0 0
3384 6 0 0 0 0 0 3 0 0
3385 3 0 0 0 0 0 0 0 0
3388 8 0 0 0 0 0 4 0 0
3392 135 0 0 90 31 0 0 0 0
3398 135 1 1 0 0 0 45 0 0
3401 49 0 0 0 0 0 49 0 0
3402 294 1 1 245 0 0 0 0 0
fn=malloc
1326 90 0 0 0 0 0 0 0 0
1345 225 1 1 0 0 0 0 0 0
3178 18 0 0 9 8 2 0 0 0
3182 18 0 0 0 0 0 0 0 0
3186 36 1 1 9 8 3 9 0 0
3190 18 0 0 0 0 0 9 0 0
3191 9 0 0 0 0 0 9 0 0
3294 360 1 1 0 0 0 180 0 0
3301 90 0 0 45 21 3 0 0 0
3311 90 0 0 0 0 0 0 0 0
3313 180 0 0 90 37 4 0 0 0
3316 90 0 0 45 22 2 0 0 0
3318 105 1 1 35 17 4 0 0 0
3326 72 1 1 36 17 1 0 0 0
3328 144 0 0 0 0 0 36 9 1
3329 180 1 1 36 0 0 0 0 0
3354 270 1 1 225 0 0 0 0 0
fn=munmap_chunk
3024 8 1 1 0 0 0 4 0 0
3025 8 0 0 8 8 0 0 0 0
3026 12 0 0 4 0 0 0 0 0
3028 8 0 0 0 0 0 0 0 0
3030 4 0 0 0 0 0 0 0 0
3031 12 0 0 4 0 0 0 0 0
3032 4 0 0 0 0 0 0 0 0
3038 16 0 0 0 0 0 0 0 0
3039 20 1 1 0 0 0 0 0 0
3042 4 0 0 8 0 0 0 0 0
3043 12 0 0 8 0 0 0 0 0
3048 8 0 0 0 0 0 0 0 0
3049 4 0 0 4 0 0 0 0 0
fn=sysmalloc_mmap.isra.0
2008 24 0 0 6 0 0 0 0 0
2400 36 1 1 0 0 0 24 0 0
2413 18 0 0 0 0 0 0 0 0
2418 12 0 0 0 0 0 0 0 0
2421 60 1 1 0 0 0 6 6 0
2424 12 1 1 0 0 0 0 0 0
2428 12 0 0 0 0 0 0 0 0
2432 24 0 0 0 0 0 6 0 0
2448 18 0 0 0 0 0 0 0 0
2466 6 0 0 0 0 0 6 6 6
2467 18 1 1 0 0 0 6 0 0
2471 18 0 0 12 0 0 0 0 0
2472 24 0 0 9 0 0 0 0 0
2475 18 1 1 12 0 0 0 0 0
2476 30 0 0 12 0 0 0 0 0
2481 42 0 0 30 0 0 0 0 0
fn=systrim.constprop.0
2957 6 1 1 0 0 0 4 0 0
2966 3 0 0 2 0 0 0 0 0
2968 1 0 0 0 0 0 0 0 0
2969 2 0 0 0 0 0 0 0 0
2974 3 0 0 1 0 0 0 0 0
2975 1 0 0 0 0 0 0 0 0
2978 5 1 1 2 2 0 0 0 0
2980 2 0 0 0 0 0 0 0 0
2987 3 0 0 0 0 0 1 0 0
2988 4 0 0 1 0 0 0 0 0
3000 3 1 1 0 0 0 1 0 0
3001 2 0 0 0 0 0 1 0 0
3003 1 0 0 0 0 0 0 0 0
3005 2 0 0 0 0 0 0 0 0
3009 2 0 0 0 0 0 0 0 0
3012 1 0 0 1 0 0 0 0 0
3013 4 0 0 1 0 0 1 0 0
3015 2 0 0 0 0 0 0 0 0
3020 6 0 0 5 0 0 0 0 0
fn=unlink_chunk.isra.0
1608 30 1 1 0 0 0 15 0 0
1610 75 0 0 30 1 0 0 0 0
1613 30 0 0 30 2 0 0 0 0
1614 30 0 0 15 0 0 0 0 0
1616 60 3 1 30 6 0 0 0 0
1619 15 0 0 0 0 0 15 0 0
1620 15 0 0 0 0 0 15 0 0
1621 66 0 0 12 1 0 0 0 0
1623 20 0 0 10 0 0 0 0 0
1624 30 0 0 20 0 0 0 0 0
1627 20 0 0 10 4 0 0 0 0
1641 10 0 0 0 0 0 10 0 0
1642 10 1 1 0 0 0 10 0 0
1645 30 0 0 30 0 0 0 0 0
fl=./malloc/./malloc/morecore.c
fn=__glibc_morecore
25 12 1 1 0 0 0 4 0 0
26 8 0 0 4 0 0 0 0 0
29 4 0 0 0 0 0 4 0 0
30 8 0 0 0 0 0 0 0 0
34 8 0 0 8 0 0 0 0 0
fl=./misc/../sysdeps/unix/syscall-template.S
fn=munmap
117 20 2 2 0 0 0 0 0 0
122 4 0 0 4 0 0 0 0 0
fl=./misc/../sysdeps/unix/sysv/linux/brk.c
fn=brk
36 2 1 1 0 0 0 0 0 0
37 4 0 0 2 0 0 2 0 0
38 4 0 0 0 0 0 0 0 0
44 2 0 0 0 0 0 0 0 0
45 2 0 0 2 0 0 0 0 0
fl=./misc/../sysdeps/unix/sysv/linux/brk_call.h
fn=brk
24 4 0 0 0 0 0 0 0 0
fl=./misc/../sysdeps/unix/sysv/linux/mmap64.c
fn=mmap
47 42 1 1 0 0 0 18 0 0
50 12 0 0 0 0 0 0 0 0
53 42 1 1 0 0 0 0 0 0
58 36 1 1 0 0 0 0 0 0
60 24 0 0 24 0 0 0 0 0
fl=./misc/../sysdeps/unix/sysv/linux/setvmaname.c
fn=__set_vma_name
33 42 2 2 0 0 0 24 0 0
35 30 0 0 12 6 1 6 0 0
49 54 0 0 42 0 0 0 0 0
fl=./misc/./misc/sbrk.c
fn=sbrk
37 32 1 1 0 0 0 16 2 0
40 8 0 0 8 4 2 0 0 0
43 8 2 1 4 2 1 0 0 0
58 8 0 0 0 0 0 0 0 0
62 8 0 0 0 0 0 0 0 0
66 8 1 1 0 0 0 0 0 0
68 2 0 0 0 0 0 0 0 0
74 6 1 1 0 0 0 2 0 0
78 28 0 0 20 0 0 0 0 0
fl=./string/../sysdeps/x86_64/multiarch/../multiarch/strcmp-sse2.S
fn=strcmp
98 1 1 1 0 0 0 0 0 0
131 1 0 0 0 0 0 0 0 0
132 1 0 0 0 0 0 0 0 0
134 1 0 0 0 0 0 0 0 0
135 1 0 0 0 0 0 0 0 0
156 1 0 0 0 0 0 0 0 0
157 1 0 0 0 0 0 0 0 0
201 1 1 1 0 0 0 0 0 0
202 1 0 0 0 0 0 0 0 0
203 1 0 0 0 0 0 0 0 0
204 1 0 0 0 0 0 0 0 0
205 1 0 0 0 0 0 0 0 0
206 1 0 0 0 0 0 0 0 0
207 1 0 0 0 0 0 0 0 0
208 1 0 0 0 0 0 0 0 0
209 1 0 0 0 0 0 0 0 0
210 1 0 0 0 0 0 0 0 0
211 1 0 0 0 0 0 0 0 0
212 1 0 0 0 0 0 0 0 0
214 1 0 0 0 0 0 0 0 0
215 1 0 0 0 0 0 0 0 0
216 1 0 0 0 0 0 0 0 0
217 1 0 0 1 1 1 0 0 0
218 1 0 0 0 0 0 0 0 0
219 1 0 0 0 0 0 0 0 0
1851 1 1 1 0 0 0 0 0 0
1852 1 0 0 1 0 0 0 0 0
1853 1 0 0 1 1 1 0 0 0
1854 1 0 0 0 0 0 0 0 0
1855 1 0 0 0 0 0 0 0 0
1857 1 0 0 0 0 0 0 0 0
1858 1 0 0 0 0 0 0 0 0
1859 1 1 1 0 0 0 0 0 0
1860 1 0 0 0 0 0 0 0 0
1861 1 0 0 0 0 0 0 0 0
1862 1 0 0 0 0 0 0 0 0
1863 1 0 0 0 0 0 0 0 0
1864 1 0 0 1 0 0 0 0 0
1868 1 0 0 0 0 0 0 0 0
1869 1 0 0 0 0 0 0 0 0
1870 1 0 0 0 0 0 0 0 0
1876 1 0 0 0 0 0 0 0 0
1877 1 0 0 0 0 0 0 0 0
1878 2 0 0 0 0 0 0 0 0
1882 1 1 1 0 0 0 0 0 0
1883 1 0 0 0 0 0 0 0 0
1886 1 0 0 1 0 0 0 0 0
1887 1 0 0 1 0 0 0 0 0
1888 1 0 0 0 0 0 0 0 0
1890 1 0 0 0 0 0 0 0 0
1891 1 0 0 0 0 0 0 0 0
1892 1 0 0 0 0 0 0 0 0
1896 1 0 0 0 0 0 0 0 0
1897 1 0 0 0 0 0 0 0 0
1898 1 0 0 0 0 0 0 0 0
1899 1 0 0 0 0 0 0 0 0
1900 1 0 0 0 0 0 0 0 0
1901 1 1 1 0 0 0 0 0 0
2093 1 1 1 0 0 0 0 0 0
2095 1 0 0 0 0 0 0 0 0
2096 1 0 0 0 0 0 0 0 0
2097 1 0 0 0 0 0 0 0 0
2098 1 0 0 0 0 0 0 0 0
2099 2 0 0 0 0 0 0 0 0
2104 1 1 1 0 0 0 0 0 0
2110 1 0 0 1 0 0 0 0 0
2111 1 0 0 1 0 0 0 0 0
2119 1 0 0 0 0 0 0 0 0
2120 1 0 0 1 0 0 0 0 0
fl=./string/../sysdeps/x86_64/multiarch/memmove-vec-unaligned-erms.S
fn=__memcpy_avx_unaligned_erms
255 16 1 1 0 0 0 0 0 0
256 16 0 0 0 0 0 0 0 0
262 16 0 0 0 0 0 0 0 0
263 16 0 0 0 0 0 0 0 0
265 15 0 0 15 7 0 0 0 0
266 15 0 0 0 0 0 0 0 0
267 15 0 0 0 0 0 0 0 0
270 2 0 0 2 0 0 0 0 0
271 2 0 0 0 0 0 2 0 0
272 2 0 0 0 0 0 2 0 0
275 4 0 0 2 0 0 0 0 0
305 1 0 0 0 0 0 0 0 0
306 1 0 0 0 0 0 0 0 0
308 1 0 0 0 0 0 0 0 0
309 1 0 0 0 0 0 0 0 0
311 1 0 0 0 0 0 0 0 0
315 1 0 0 0 0 0 0 0 0
316 1 1 1 0 0 0 0 0 0
317 1 0 0 0 0 0 0 0 0
325 1 0 0 1 0 0 0 0 0
375 1 1 1 1 0 0 0 0 0
376 1 0 0 1 0 0 0 0 0
377 1 0 0 0 0 0 1 1 1
378 1 0 0 0 0 0 1 0 0
379 1 0 0 0 0 0 1 0 0
380 1 0 0 0 0 0 1 0 0
381 2 0 0 1 0 0 0 0 0
386 13 3 1 13 10 1 0 0 0
387 13 0 0 0 0 0 0 0 0
392 7 0 0 0 0 0 0 0 0
393 7 0 0 0 0 0 0 0 0
395 2 0 0 2 0 0 0 0 0
396 2 0 0 0 0 0 0 0 0
397 2 0 0 0 0 0 0 0 0
399 1 0 0 1 0 0 0 0 0
400 1 0 0 1 0 0 0 0 0
401 1 0 0 1 0 0 0 0 0
402 1 0 0 1 0 0 0 0 0
403 1 0 0 1 0 0 0 0 0
404 1 1 1 1 0 0 0 0 0
405 1 0 0 0 0 0 1 1 1
406 1 0 0 0 0 0 1 0 0
407 1 0 0 0 0 0 1 1 1
408 1 0 0 0 0 0 1 0 0
409 1 0 0 0 0 0 1 1 1
410 1 0 0 0 0 0 1 0 0
411 1 0 0 0 0 0 1 1 1
412 1 0 0 0 0 0 1 0 0
413 2 0 0 1 0 0 0 0 0
417 5 0 0 0 0 0 0 0 0
418 5 0 0 0 0 0 0 0 0
422 5 0 0 0 0 0 0 0 0
424 5 1 1 0 0 0 0 0 0
428 5 0 0 5 4 1 0 0 0
429 5 0 0 0 0 0 0 0 0
440 5 0 0 0 0 0 0 0 0
443 5 0 0 0 0 0 0 0 0
445 5 0 0 0 0 0 0 0 0
447 5 0 0 0 0 0 0 0 0
451 5 0 0 0 0 0 0 0 0
452 5 0 0 0 0 0 0 0 0
461 3 0 0 3 0 0 0 0 0
462 3 0 0 3 0 0 0 0 0
464 3 0 0 0 0 0 0 0 0
466 3 0 0 0 0 0 0 0 0
467 3 1 1 3 0 0 0 0 0
468 3 0 0 3 0 0 0 0 0
471 3 0 0 0 0 0 0 0 0
473 3 0 0 0 0 0 0 0 0
475 3 0 0 0 0 0 0 0 0
477 6 0 0 0 0 0 0 0 0
483 25 0 0 25 6 0 0 0 0
484 25 0 0 25 0 0 0 0 0
485 25 0 0 25 5 0 0 0 0
486 25 0 0 25 0 0 0 0 0
487 25 0 0 0 0 0 0 0 0
488 25 0 0 0 0 0 25 22 22
489 25 0 0 0 0 0 25 3 3
490 25 1 1 0 0 0 25 22 22
491 25 0 0 0 0 0 25 3 3
492 25 0 0 0 0 0 0 0 0
493 25 0 0 0 0 0 0 0 0
494 25 0 0 0 0 0 0 0 0
496 3 0 0 0 0 0 3 1 1
497 3 0 0 0 0 0 3 2 2
498 3 0 0 0 0 0 3 0 0
499 3 0 0 0 0 0 3 0 0
501 3 0 0 0 0 0 3 0 0
505 6 0 0 3 0 0 0 0 0
518 2 0 0 2 0 0 0 0 0
519 2 0 0 2 1 0 0 0 0
521 2 1 1 0 0 0 0 0 0
522 2 0 0 2 0 0 0 0 0
523 2 0 0 2 0 0 0 0 0
525 2 0 0 0 0 0 0 0 0
527 2 0 0 0 0 0 0 0 0
529 4 0 0 0 0 0 0 0 0
535 94 0 0 94 14 0 0 0 0
536 94 0 0 94 4 0 0 0 0
537 94 0 0 94 12 0 0 0 0
538 94 0 0 94 5 0 0 0 0
539 94 0 0 0 0 0 0 0 0
540 94 0 0 0 0 0 94 64 64
541 94 1 1 0 0 0 94 31 31
542 94 0 0 0 0 0 94 63 63
543 94 0 0 0 0 0 94 31 31
544 94 0 0 0 0 0 0 0 0
545 94 0 0 0 0 0 0 0 0
546 94 0 0 0 0 0 0 0 0
548 2 0 0 0 0 0 2 1 1
549 2 0 0 0 0 0 2 1 1
550 2 0 0 0 0 0 2 0 0
551 2 0 0 0 0 0 2 0 0
553 2 0 0 0 0 0 2 0 0
554 4 0 0 2 0 0 0 0 0
563 6 1 1 6 5 0 0 0 0
570 6 0 0 0 0 0 0 0 0
571 6 0 0 0 0 0 0 0 0
577 5 0 0 0 0 0 0 0 0
580 5 0 0 0 0 0 0 0 0
582 5 0 0 0 0 0 0 0 0
585 5 0 0 0 0 0 0 0 0
586 5 0 0 0 0 0 0 0 0
588 5 0 0 0 0 0 0 0 0
590 966437 0 0 966432 14984 0 966432 15103 15099
592 5 0 0 0 0 0 5 4 0
594 5 0 0 0 0 0 5 4 0
596 10 0 0 5 4 0 0 0 0
601 6 1 1 0 0 0 0 0 0
602 6 0 0 0 0 0 0 0 0
606 6 0 0 0 0 0 0 0 0
608 6 0 0 0 0 0 0 0 0
611 6 0 0 0 0 0 0 0 0
615 6 0 0 6 6 0 0 0 0
616 6 0 0 0 0 0 0 0 0
620 6 0 0 6 0 0 0 0 0
624 6 0 0 0 0 0 0 0 0
648 1 0 0 0 0 0 0 0 0
650 1 0 0 0 0 0 0 0 0
652 1 0 0 0 0 0 0 0 0
654 1 1 1 0 0 0 0 0 0
657 1 0 0 0 0 0 0 0 0
658 1 0 0 0 0 0 0 0 0
660 65489 0 0 65488 1022 0 65488 1024 1023
663 1 0 0 0 0 0 1 1 0
665 1 0 0 0 0 0 1 1 0
667 2 0 0 1 1 0 0 0 0
fl=/home/wang/sources/cxx/book/include/lob/events.hpp
fn=lob::v15::BookT<lob::ChecksumSink, 16u>::modify(unsigned long, long, unsigned int)
92 17723 0 0 17723 0 0 0 0 0
93 159507 0 0 17723 0 0 17723 0 0
fn=void lob::replay<lob::v15::BookT<lob::ChecksumSink, 16u> >(lob::v15::BookT<lob::ChecksumSink, 16u>&, std::__1::span<lob::Op const, 18446744073709551615ul>)
0 3978560 0 0 0 0 0 1591424 0 0
92 1591424 0 0 1591424 11 1 0 0 0
93 13527104 1 1 1591424 0 0 0 0 0
fl=/home/wang/sources/cxx/book/include/lob/replay.hpp
fn=void lob::replay<lob::v15::BookT<lob::ChecksumSink, 16u> >(lob::v15::BookT<lob::ChecksumSink, 16u>&, std::__1::span<lob::Op const, 18446744073709551615ul>)
0 6 1 1 0 0 0 0 0 0
52 7 1 1 0 0 0 6 1 1
53 1609148 0 0 0 0 0 0 0 0
57 9 2 2 7 1 1 0 0 0
fl=/home/wang/sources/cxx/book/include/lob/v11/exact_div.hpp
fn=lob::v15::BookT<lob::ChecksumSink, 16u>::modify(unsigned long, long, unsigned int)
37 53169 0 0 35446 0 0 0 0 0
fn=void lob::replay<lob::v15::BookT<lob::ChecksumSink, 16u> >(lob::v15::BookT<lob::ChecksumSink, 16u>&, std::__1::span<lob::Op const, 18446744073709551615ul>)
37 4774272 2 2 3182848 0 0 0 0 0
fl=/home/wang/sources/cxx/book/include/lob/v15/book.hpp
fn=auto lob::v15::BookT<lob::ChecksumSink, 16u>::unlink_off_grid(lob::v15::BookT<lob::ChecksumSink, 16u>::Loc const&)::{lambda(auto:1&)#1}::operator()<std::__1::map<long, lob::v15::BookT<lob::ChecksumSink, 16u>::Level, std::__1::greater<void>, std::__1::allocator<std::__1::pair<long const, lob::v15::BookT<lob::ChecksumSink, 16u>::Level> > > >(std::__1::map<long, lob::v15::BookT<lob::ChecksumSink, 16u>::Level, std::__1::greater<void>, std::__1::allocator<std::__1::pair<long const, lob::v15::BookT<lob::ChecksumSink, 16u>::Level> > >&) const
0 13 0 0 13 0 0 0 0 0
373 21 0 0 7 2 0 7 0 0
374 20 0 0 6 0 0 7 0 0
397 26 0 0 13 0 0 13 0 0
398 13 0 0 0 0 0 13 0 0
420 26 0 0 13 0 0 0 0 0
421 26 0 0 13 0 0 0 0 0
424 65 0 0 0 0 0 0 0 0
425 65 0 0 0 0 0 0 0 0
426 13 0 0 0 0 0 13 1 0
427 13 0 0 0 0 0 13 4 1
428 13 1 1 13 0 0 0 0 0
574 39 1 1 0 0 0 39 0 0
575 13 0 0 13 0 0 0 0 0
576 13 1 1 0 0 0 0 0 0
577 39 0 0 39 2 1 0 0 0
579 13 0 0 13 0 0 0 0 0
580 26 0 0 13 0 0 0 0 0
584 52 0 0 52 0 0 0 0 0
fn=auto lob::v15::BookT<lob::ChecksumSink, 16u>::unlink_off_grid(lob::v15::BookT<lob::ChecksumSink, 16u>::Loc const&)::{lambda(auto:1&)#1}::operator()<std::__1::map<long, lob::v15::BookT<lob::ChecksumSink, 16u>::Level, std::__1::less<void>, std::__1::allocator<std::__1::pair<long const, lob::v15::BookT<lob::ChecksumSink, 16u>::Level> > > >(std::__1::map<long, lob::v15::BookT<lob::ChecksumSink, 16u>::Level, std::__1::less<void>, std::__1::allocator<std::__1::pair<long const, lob::v15::BookT<lob::ChecksumSink, 16u>::Level> > >&) const
0 29 0 0 29 0 0 0 0 0
373 65 0 0 21 5 0 22 0 0
374 65 0 0 21 7 0 22 0 0
397 58 0 0 29 0 0 29 0 0
398 29 0 0 0 0 0 29 0 0
420 58 0 0 29 0 0 0 0 0
421 58 0 0 29 0 0 0 0 0
424 145 0 0 0 0 0 0 0 0
425 145 0 0 0 0 0 0 0 0
426 29 0 0 0 0 0 29 2 0
427 29 0 0 0 0 0 29 4 3
428 29 1 1 29 0 0 0 0 0
574 87 1 1 0 0 0 87 0 0
575 29 0 0 29 0 0 0 0 0
576 29 1 1 0 0 0 0 0 0
577 87 0 0 87 3 2 0 0 0
579 29 0 0 29 0 0 0 0 0
580 58 0 0 29 0 0 0 0 0
584 116 1 1 116 0 0 0 0 0
fn=lob::v15::BookT<lob::ChecksumSink, 16u>::anchor_if_on_tick(long)
364 3 0 0 0 0 0 1 0 0
365 1 0 0 0 0 0 1 0 0
592 10 1 1 1 0 0 0 0 0
593 1 0 0 1 0 0 0 0 0
fn=lob::v15::BookT<lob::ChecksumSink, 16u>::modify(unsigned long, long, unsigned int)
0 106338 0 0 35446 0 0 0 0 0
177 177230 1 1 0 0 0 106338 490 0
180 35446 0 0 0 0 0 0 0 0
181 35446 0 0 0 0 0 0 0 0
183 53169 0 0 17723 0 0 35446 0 0
185 70892 1 1 0 0 0 0 0 0
186 35446 1 1 17723 64 1 0 0 0
187 17723 1 1 0 0 0 17723 0 0
188 17723 0 0 17723 0 0 0 0 0
189 17723 0 0 0 0 0 0 0 0
196 159507 1 1 124061 0 0 0 0 0
345 88615 0 0 35446 1218 7 0 0 0
353 35446 0 0 17723 0 0 0 0 0
358 35446 0 0 17723 0 0 0 0 0
359 53169 0 0 0 0 0 0 0 0
378 35446 1 1 0 0 0 0 0 0
436 17723 0 0 0 0 0 0 0 0
fn=lob::v15::BookT<lob::ChecksumSink, 16u>::off_grid_level(lob::Side, long)
0 42 1 1 0 0 0 0 0 0
330 29 0 0 0 0 0 29 0 0
332 58 1 1 0 0 0 29 1 0
373 121 0 0 37 9 2 42 0 0
374 126 0 0 42 12 2 42 0 0
566 378 1 1 0 0 0 294 3 0
567 184 0 0 29 0 0 0 0 0
569 378 1 1 294 0 0 0 0 0
fn=lob::v15::BookT<lob::ChecksumSink, 16u>::unlink_off_grid(lob::v15::BookT<lob::ChecksumSink, 16u>::Loc const&)
573 84 1 1 0 0 0 0 0 0
574 84 0 0 0 0 0 84 0 0
585 84 0 0 42 0 0 0 0 0
586 52 0 0 0 0 0 13 3 0
588 116 0 0 0 0 0 29 1 0
589 84 0 0 42 0 0 0 0 0
fn=void lob::replay<lob::v15::BookT<lob::ChecksumSink, 16u> >(lob::v15::BookT<lob::ChecksumSink, 16u>&, std::__1::span<lob::Op const, 18446744073709551615ul>)
0 4031941 0 0 3200613 201143 201143 795712 0 0
150 8010289 1 1 1609147 300734 300724 0 0 0
152 3978560 1 1 2387136 99418 99418 0 0 0
156 106338 1 1 35446 2146 2146 17723 0 0
162 795712 0 0 0 0 0 0 0 0
163 1591424 0 0 0 0 0 0 0 0
172 1591424 0 0 1591424 47846 2901 0 0 0
174 795712 0 0 795712 0 0 0 0 0
315 4774020 0 0 0 0 0 0 0 0
345 3978560 0 0 1591424 52145 1147 0 0 0
353 1591426 0 0 795713 0 0 0 0 0
358 2387136 0 0 1591424 0 0 0 0 0
359 3182848 0 0 0 0 0 0 0 0
361 1591422 0 0 1591422 0 0 0 0 0
384 3182848 1 1 795712 0 0 795712 6 2
385 795712 0 0 0 0 0 0 0 0
386 3074408 0 0 768602 11715 469 1537204 0 0
387 768602 0 0 0 0 0 0 0 0
392 4005670 1 1 0 0 0 3978560 5877 222
397 1591340 1 1 795670 0 0 795670 0 0
398 795670 0 0 0 0 0 795670 0 0
408 2387136 0 0 795712 33475 5718 0 0 0
410 3978560 1 1 795712 0 0 0 0 0
411 795712 0 0 0 0 0 795712 37989 1171
412 795712 0 0 0 0 0 795712 0 0
413 795712 0 0 0 0 0 795712 0 0
414 795712 0 0 0 0 0 795712 0 0
415 795712 0 0 795712 10295 1522 0 0 0
420 1591340 1 1 795670 0 0 0 0 0
421 1591340 0 0 795670 0 0 0 0 0
424 3978350 0 0 0 0 0 0 0 0
425 3978350 0 0 0 0 0 0 0 0
426 795670 0 0 0 0 0 795670 47302 1166
427 795670 0 0 0 0 0 795670 35586 7026
428 795670 0 0 795670 3439 353 0 0 0
437 2387136 0 0 0 0 0 0 0 0
438 2387133 0 0 0 0 0 0 0 0
439 4774146 0 0 0 0 0 0 0 0
440 795712 1 1 795712 16 2 0 0 0
442 3182844 0 0 0 0 0 0 0 0
443 2387136 1 1 0 0 0 795712 0 0
448 795712 0 0 0 0 0 0 0 0
517 1591430 0 0 795712 5 0 1 0 0
521 2387010 0 0 795670 0 0 0 0 0
522 795670 0 0 0 0 0 0 0 0
524 294 0 0 42 0 0 42 0 0
527 795712 0 0 795712 0 0 0 0 0
528 1591424 0 0 795712 0 0 795712 5 0
529 795712 0 0 795712 11 1 0 0 0
533 1591424 0 0 0 0 0 1591424 19 1
535 2387010 0 0 795670 0 0 0 0 0
536 1591340 0 0 1591340 20156 2810 0 0 0
538 795670 0 0 795670 0 0 0 0 0
541 5569690 0 0 795670 187 7 0 0 0
543 168 0 0 0 0 0 42 3 0
fl=/home/wang/sources/cxx/book/include/lob/v15/order_index.hpp
fn=lob::v15::BookT<lob::ChecksumSink, 16u>::modify(unsigned long, long, unsigned int)
0 71438 0 0 17905 0 0 0 0 0
58 35446 0 0 17723 0 0 0 0 0
59 35446 0 0 0 0 0 0 0 0
63 374 0 0 0 0 0 0 0 0
64 35820 0 0 0 0 0 0 0 0
65 374 0 0 187 0 0 0 0 0
119 70892 1 1 17723 0 0 0 0 0
122 141784 0 0 0 0 0 106338 494 0
128 89363 1 1 0 0 0 0 0 0
130 53543 0 0 17910 1923 0 0 0 0
fn=lob::v15::OrderIndex::grow()
0 87334 1 1 7936 4 0 0 0 0
119 111104 3 3 27776 0 0 0 0 0
128 111120 7 6 0 0 0 0 0 0
130 55560 1 1 27780 12850 0 0 0 0
142 8 0 0 0 0 0 0 0 0
143 27780 0 0 0 0 0 0 0 0
145 27776 1 1 0 0 0 27776 0 0
148 4 0 0 4 0 0 0 0 0
152 5 1 1 0 0 0 5 0 0
153 25 0 0 0 0 0 5 0 0
154 10 0 0 0 0 0 5 0 0
155 10 0 0 0 0 0 5 0 0
156 20 0 0 0 0 0 5 0 0
157 5 0 0 0 0 0 5 0 0
158 7991 1 1 0 0 0 0 0 0
159 15872 0 0 0 0 0 15872 15871 13824
160 15872 2 2 0 0 0 15872 0 0
163 30 1 1 0 0 0 25 3 0
165 5 0 0 5 0 0 0 0 0
166 5 0 0 0 0 0 0 0 0
167 23818 1 1 0 0 0 0 0 0
169 166656 2 1 55552 7895 0 0 0 0
171 55552 0 0 27776 0 0 27776 0 0
185 45 1 1 20 10 0 0 0 0
fn=void lob::replay<lob::v15::BookT<lob::ChecksumSink, 16u> >(lob::v15::BookT<lob::ChecksumSink, 16u>&, std::__1::span<lob::Op const, 18446744073709551615ul>)
0 7202218 0 0 2400652 10 0 5 0 0
58 1591424 0 0 795712 0 0 0 0 0
59 2387136 1 1 0 0 0 0 0 0
63 14032 0 0 0 0 0 0 0 0
64 1605456 1 1 0 0 0 0 0 0
65 14032 0 0 7016 0 0 0 0 0
74 1591424 0 0 795712 6 1 0 0 0
75 6 1 1 0 0 0 1 0 0
76 2 0 0 0 0 0 1 0 0
78 2387135 0 0 795711 0 0 0 0 0
79 2387136 1 1 0 0 0 0 0 0
81 2387136 0 0 1591424 1 1 0 0 0
82 20 1 1 0 0 0 10 0 0
85 6936 0 0 0 0 0 0 0 0
86 2394072 0 0 0 0 0 0 0 0
87 1598360 1 1 799180 0 0 0 0 0
90 795712 0 0 795712 0 0 0 0 0
95 2387136 1 1 795712 0 0 0 0 0
99 4774272 1 1 2387136 0 0 795712 0 0
100 2443264 0 0 1605456 0 0 0 0 0
101 795712 1 1 795712 0 0 0 0 0
119 6365696 0 0 1591424 0 0 0 0 0
122 7957120 0 0 0 0 0 4774272 0 0
128 10415348 3 3 795712 763725 256 0 0 0
130 7196954 1 1 813485 138845 0 0 0 0
142 14578 0 0 0 0 0 0 0 0
143 1606002 0 0 0 0 0 0 0 0
145 795712 0 0 0 0 0 795712 0 0
148 7289 0 0 7289 0 0 0 0 0
fl=/home/wang/sources/cxx/book/include/lob/v3/hier_bitmap.hpp
fn=void lob::replay<lob::v15::BookT<lob::ChecksumSink, 16u> >(lob::v15::BookT<lob::ChecksumSink, 16u>&, std::__1::span<lob::Op const, 18446744073709551615ul>)
0 3976579 0 0 2387052 0 0 0 0 0
48 3182848 0 0 1591424 54 4 0 0 0
57 1593171 2 2 0 0 0 0 0 0
58 3190004 1 1 1593171 2203 178 0 0 0
59 2392557 0 0 1595020 2 1 1595002 18 3
78 2387010 1 1 795670 0 0 0 0 0
79 2387010 0 0 795670 2163 57 0 0 0
80 795670 0 0 0 0 0 0 0 0
83 1831 0 0 0 0 0 0 0 0
84 5565 0 0 1849 25 0 0 0 0
95 3978555 0 0 0 0 0 0 0 0
fl=/home/wang/sources/cxx/book/source/main.cxx
fn=auto lob::for_each_type<std::__1::tuple<lob::v0::Book<lob::ChecksumSink>, lob::v1::Book<lob::ChecksumSink>, lob::v2::Book<lob::ChecksumSink>, lob::v3::BookT<lob::ChecksumSink, 16u>, lob::v4::BookT<lob::ChecksumSink, 16u>, lob::v5::BookT<lob::ChecksumSink, 16u>, lob::v7::BookT<lob::ChecksumSink, 16u>, lob::v8::BookT<lob::ChecksumSink, 16u>, lob::v9::BookT<lob::ChecksumSink, 16u>, lob::v10::BookT<lob::ChecksumSink, 16u>, lob::v11::BookT<lob::ChecksumSink, 16u>, lob::v12::BookT<lob::ChecksumSink, 16u>, lob::v13::BookT<lob::ChecksumSink, 16u>, lob::v14::BookT<lob::ChecksumSink, 16u>, lob::v15::BookT<lob::ChecksumSink, 16u> >, (anonymous namespace)::with_version<(anonymous namespace)::cmd_replay((anonymous namespace)::Args const&)::$_0>(std::__1::basic_string_view<char, std::__1::char_traits<char> >, (anonymous namespace)::cmd_replay((anonymous namespace)::Args const&)::$_0&&)::{lambda<typename $T0>()#1}>((anonymous namespace)::with_version<(anonymous namespace)::cmd_replay((anonymous namespace)::Args const&)::$_0>(std::__1::basic_string_view<char, std::__1::char_traits<char> >, (anonymous namespace)::cmd_replay((anonymous namespace)::Args const&)::$_0&&)::{lambda<typename $T0>()#1}&&)::{lambda<unsigned long... $N0>(std::__1::integer_sequence<unsigned long, ($N0)...>)#1}::operator()<0ul, 1ul, 2ul, 3ul, 4ul, 5ul, 6ul, 7ul, 8ul, 9ul, 10ul, 11ul, 12ul, 13ul, 14ul>(std::__1::integer_sequence<unsigned long, 0ul, 1ul, 2ul, 3ul, 4ul, 5ul, 6ul, 7ul, 8ul, 9ul, 10ul, 11ul, 12ul, 13ul, 14ul>) const
293 2 1 1 0 0 0 1 1 1
294 2 0 0 1 1 1 1 0 0
295 9 1 1 0 0 0 6 1 1
fl=/usr/include/c++/v1/__bit/countr.h
fn=lob::v15::BookT<lob::ChecksumSink, 16u>::modify(unsigned long, long, unsigned int)
28 35446 1 1 0 0 0 0 0 0
fn=lob::v15::OrderIndex::grow()
28 55567 0 0 0 0 0 0 0 0
fn=void lob::replay<lob::v15::BookT<lob::ChecksumSink, 16u> >(lob::v15::BookT<lob::ChecksumSink, 16u>&, std::__1::span<lob::Op const, 18446744073709551615ul>)
28 6365692 0 0 1591422 59 3 0 0 0
fl=/usr/include/c++/v1/__functional/operations.h
fn=auto lob::v15::BookT<lob::ChecksumSink, 16u>::unlink_off_grid(lob::v15::BookT<lob::ChecksumSink, 16u>::Loc const&)::{lambda(auto:1&)#1}::operator()<std::__1::map<long, lob::v15::BookT<lob::ChecksumSink, 16u>::Level, std::__1::greater<void>, std::__1::allocator<std::__1::pair<long const, lob::v15::BookT<lob::ChecksumSink, 16u>::Level> > > >(std::__1::map<long, lob::v15::BookT<lob::ChecksumSink, 16u>::Level, std::__1::greater<void>, std::__1::allocator<std::__1::pair<long const, lob::v15::BookT<lob::ChecksumSink, 16u>::Level> > >&) const
462 103 1 1 43 6 3 0 0 0
fn=auto lob::v15::BookT<lob::ChecksumSink, 16u>::unlink_off_grid(lob::v15::BookT<lob::ChecksumSink, 16u>::Loc const&)::{lambda(auto:1&)#1}::operator()<std::__1::map<long, lob::v15::BookT<lob::ChecksumSink, 16u>::Level, std::__1::less<void>, std::__1::allocator<std::__1::pair<long const, lob::v15::BookT<lob::ChecksumSink, 16u>::Level> > > >(std::__1::map<long, lob::v15::BookT<lob::ChecksumSink, 16u>::Level, std::__1::less<void>, std::__1::allocator<std::__1::pair<long const, lob::v15::BookT<lob::ChecksumSink, 16u>::Level> > >&) const
375 308 1 1 122 39 5 0 0 0
fn=lob::v15::BookT<lob::ChecksumSink, 16u>::off_grid_level(lob::Side, long)
375 158 0 0 79 41 14 0 0 0
462 52 0 0 26 3 0 0 0 0
fl=/usr/include/c++/v1/__iterator/wrap_iter.h
fn=void lob::replay<lob::v15::BookT<lob::ChecksumSink, 16u> >(lob::v15::BookT<lob::ChecksumSink, 16u>&, std::__1::span<lob::Op const, 18446744073709551615ul>)
65 1609147 0 0 0 0 0 0 0 0
125 1609148 0 0 0 0 0 0 0 0
fl=/usr/include/c++/v1/__memory/allocator.h
fn=void lob::replay<lob::v15::BookT<lob::ChecksumSink, 16u> >(lob::v15::BookT<lob::ChecksumSink, 16u>&, std::__1::span<lob::Op const, 18446744073709551615ul>)
100 32 1 1 0 0 0 0 0 0
fl=/usr/include/c++/v1/__memory/construct_at.h
fn=void lob::replay<lob::v15::BookT<lob::ChecksumSink, 16u> >(lob::v15::BookT<lob::ChecksumSink, 16u>&, std::__1::span<lob::Op const, 18446744073709551615ul>)
38 54220 0 0 0 0 0 27110 13572 13557
fl=/usr/include/c++/v1/__memory/uninitialized_algorithms.h
fn=void lob::replay<lob::v15::BookT<lob::ChecksumSink, 16u> >(lob::v15::BookT<lob::ChecksumSink, 16u>&, std::__1::span<lob::Op const, 18446744073709551615ul>)
0 16 0 0 16 5 0 0 0 0
638 64 0 0 0 0 0 16 0 0
fl=/usr/include/c++/v1/__memory/unique_ptr.h
fn=auto lob::for_each_type<std::__1::tuple<lob::v0::Book<lob::ChecksumSink>, lob::v1::Book<lob::ChecksumSink>, lob::v2::Book<lob::ChecksumSink>, lob::v3::BookT<lob::ChecksumSink, 16u>, lob::v4::BookT<lob::ChecksumSink, 16u>, lob::v5::BookT<lob::ChecksumSink, 16u>, lob::v7::BookT<lob::ChecksumSink, 16u>, lob::v8::BookT<lob::ChecksumSink, 16u>, lob::v9::BookT<lob::ChecksumSink, 16u>, lob::v10::BookT<lob::ChecksumSink, 16u>, lob::v11::BookT<lob::ChecksumSink, 16u>, lob::v12::BookT<lob::ChecksumSink, 16u>, lob::v13::BookT<lob::ChecksumSink, 16u>, lob::v14::BookT<lob::ChecksumSink, 16u>, lob::v15::BookT<lob::ChecksumSink, 16u> >, (anonymous namespace)::with_version<(anonymous namespace)::cmd_replay((anonymous namespace)::Args const&)::$_0>(std::__1::basic_string_view<char, std::__1::char_traits<char> >, (anonymous namespace)::cmd_replay((anonymous namespace)::Args const&)::$_0&&)::{lambda<typename $T0>()#1}>((anonymous namespace)::with_version<(anonymous namespace)::cmd_replay((anonymous namespace)::Args const&)::$_0>(std::__1::basic_string_view<char, std::__1::char_traits<char> >, (anonymous namespace)::cmd_replay((anonymous namespace)::Args const&)::$_0&&)::{lambda<typename $T0>()#1}&&)::{lambda<unsigned long... $N0>(std::__1::integer_sequence<unsigned long, ($N0)...>)#1}::operator()<0ul, 1ul, 2ul, 3ul, 4ul, 5ul, 6ul, 7ul, 8ul, 9ul, 10ul, 11ul, 12ul, 13ul, 14ul>(std::__1::integer_sequence<unsigned long, 0ul, 1ul, 2ul, 3ul, 4ul, 5ul, 6ul, 7ul, 8ul, 9ul, 10ul, 11ul, 12ul, 13ul, 14ul>) const
268 1 0 0 1 1 1 0 0 0
fn=lob::v15::OrderIndex::grow()
281 5 0 0 5 0 0 0 0 0
282 5 0 0 0 0 0 5 0 0
287 5 1 1 5 0 0 0 0 0
288 5 0 0 0 0 0 5 0 0
289 10 0 0 0 0 0 0 0 0
fl=/usr/include/c++/v1/__new/allocate.h
fn=auto lob::v15::BookT<lob::ChecksumSink, 16u>::unlink_off_grid(lob::v15::BookT<lob::ChecksumSink, 16u>::Loc const&)::{lambda(auto:1&)#1}::operator()<std::__1::map<long, lob::v15::BookT<lob::ChecksumSink, 16u>::Level, std::__1::greater<void>, std::__1::allocator<std::__1::pair<long const, lob::v15::BookT<lob::ChecksumSink, 16u>::Level> > > >(std::__1::map<long, lob::v15::BookT<lob::ChecksumSink, 16u>::Level, std::__1::greater<void>, std::__1::allocator<std::__1::pair<long const, lob::v15::BookT<lob::ChecksumSink, 16u>::Level> > >&) const
63 21 1 1 0 0 0 7 0 0
fn=auto lob::v15::BookT<lob::ChecksumSink, 16u>::unlink_off_grid(lob::v15::BookT<lob::ChecksumSink, 16u>::Loc const&)::{lambda(auto:1&)#1}::operator()<std::__1::map<long, lob::v15::BookT<lob::ChecksumSink, 16u>::Level, std::__1::less<void>, std::__1::allocator<std::__1::pair<long const, lob::v15::BookT<lob::ChecksumSink, 16u>::Level> > > >(std::__1::map<long, lob::v15::BookT<lob::ChecksumSink, 16u>::Level, std::__1::less<void>, std::__1::allocator<std::__1::pair<long const, lob::v15::BookT<lob::ChecksumSink, 16u>::Level> > >&) const
63 66 1 1 0 0 0 22 0 0
fn=lob::v15::BookT<lob::ChecksumSink, 16u>::off_grid_level(lob::Side, long)
43 87 1 1 0 0 0 29 0 0
fn=void lob::replay<lob::v15::BookT<lob::ChecksumSink, 16u> >(lob::v15::BookT<lob::ChecksumSink, 16u>&, std::__1::span<lob::Op const, 18446744073709551615ul>)
0 80 1 1 64 5 0 0 0 0
37 16 0 0 0 0 0 0 0 0
43 48 0 0 0 0 0 16 0 0
63 45 0 0 15 0 0 15 0 0
fl=/usr/include/c++/v1/__split_buffer
fn=void lob::replay<lob::v15::BookT<lob::ChecksumSink, 16u> >(lob::v15::BookT<lob::ChecksumSink, 16u>&, std::__1::span<lob::Op const, 18446744073709551615ul>)
334 16 0 0 0 0 0 0 0 0
335 16 0 0 0 0 0 0 0 0
341 32 0 0 0 0 0 0 0 0
fl=/usr/include/c++/v1/__tree
fn=auto lob::v15::BookT<lob::ChecksumSink, 16u>::unlink_off_grid(lob::v15::BookT<lob::ChecksumSink, 16u>::Loc const&)::{lambda(auto:1&)#1}::operator()<std::__1::map<long, lob::v15::BookT<lob::ChecksumSink, 16u>::Level, std::__1::greater<void>, std::__1::allocator<std::__1::pair<long const, lob::v15::BookT<lob::ChecksumSink, 16u>::Level> > > >(std::__1::map<long, lob::v15::BookT<lob::ChecksumSink, 16u>::Level, std::__1::greater<void>, std::__1::allocator<std::__1::pair<long const, lob::v15::BookT<lob::ChecksumSink, 16u>::Level> > >&) const
0 103 1 1 43 3 1 0 0 0
105 10 0 0 10 0 0 0 0 0
163 8 0 0 2 0 0 0 0 0
191 21 0 0 7 0 0 0 0 0
193 5 0 0 0 0 0 0 0 0
680 13 0 0 0 0 0 0 0 0
862 13 0 0 0 0 0 0 0 0
884 13 0 0 13 2 0 0 0 0
915 19 0 0 13 0 0 0 0 0
1824 14 0 0 7 0 0 0 0 0
1825 2 0 0 0 0 0 2 0 0
1826 7 0 0 7 0 0 0 0 0
1827 14 0 0 0 0 0 7 0 0
1994 26 0 0 0 0 0 0 0 0
2049 86 0 0 0 0 0 0 0 0
2050 30 0 0 0 0 0 0 0 0
fn=auto lob::v15::BookT<lob::ChecksumSink, 16u>::unlink_off_grid(lob::v15::BookT<lob::ChecksumSink, 16u>::Loc const&)::{lambda(auto:1&)#1}::operator()<std::__1::map<long, lob::v15::BookT<lob::ChecksumSink, 16u>::Level, std::__1::less<void>, std::__1::allocator<std::__1::pair<long const, lob::v15::BookT<lob::ChecksumSink, 16u>::Level> > > >(std::__1::map<long, lob::v15::BookT<lob::ChecksumSink, 16u>::Level, std::__1::less<void>, std::__1::allocator<std::__1::pair<long const, lob::v15::BookT<lob::ChecksumSink, 16u>::Level> > >&) const
0 287 1 1 122 10 1 0 0 0
105 50 0 0 50 0 0 0 0 0
163 34 0 0 9 1 0 0 0 0
191 66 0 0 22 0 0 0 0 0
193 25 0 0 0 0 0 0 0 0
680 29 0 0 0 0 0 0 0 0
862 29 0 0 0 0 0 0 0 0
884 29 0 0 29 1 0 0 0 0
915 63 0 0 42 0 0 0 0 0
1824 44 0 0 22 0 0 0 0 0
1825 7 0 0 0 0 0 7 0 0
1826 22 0 0 22 0 0 0 0 0
1827 44 0 0 0 0 0 22 0 0
1994 58 0 0 0 0 0 0 0 0
2049 244 0 0 0 0 0 0 0 0
2050 93 0 0 0 0 0 0 0 0
fn=lob::v15::BookT<lob::ChecksumSink, 16u>::off_grid_level(lob::Side, long)
0 456 1 1 0 0 0 0 0 0
862 42 1 1 0 0 0 0 0 0
884 42 0 0 42 0 0 0 0 0
915 121 0 0 79 0 0 0 0 0
1593 105 0 0 0 0 0 0 0 0
1594 74 0 0 37 8 4 0 0 0
1601 68 0 0 0 0 0 0 0 0
1602 165 0 0 55 6 3 0 0 0
1673 29 0 0 0 0 0 29 0 0
1674 29 0 0 0 0 0 29 0 0
1676 29 0 0 0 0 0 29 0 0
1677 116 0 0 58 7 3 0 0 0
1678 6 0 0 0 0 0 6 0 0
1679 87 0 0 29 0 0 29 0 0
fn=void std::__1::__tree_balance_after_insert[abi:ne210105]<std::__1::__tree_node_base<void*>*>(std::__1::__tree_node_base<void*>*, std::__1::__tree_node_base<void*>*)
0 13 1 1 0 0 0 0 0 0
105 69 1 1 49 0 0 0 0 0
235 6 0 0 6 0 0 0 0 0
236 12 0 0 6 0 0 6 0 0
237 12 0 0 0 0 0 0 0 0
239 10 0 0 4 0 0 6 0 0
240 4 1 1 0 0 0 0 0 0
241 6 0 0 0 0 0 6 0 0
244 6 0 0 0 0 0 6 0 0
254 2 0 0 2 0 0 0 0 0
255 10 0 0 5 0 0 5 0 0
256 10 0 0 0 0 0 0 0 0
258 10 0 0 5 0 0 5 0 0
259 5 0 0 0 0 0 0 0 0
260 1 0 0 0 0 0 1 0 0
262 5 0 0 0 0 0 4 0 0
263 5 0 0 0 0 0 5 0 0
278 58 1 1 0 0 0 29 0 0
279 109 1 1 32 0 0 0 0 0
281 16 0 0 0 0 0 0 0 0
282 7 0 0 7 0 0 0 0 0
283 20 0 0 3 2 1 0 0 0
285 3 0 0 0 0 0 3 0 0
287 6 0 0 0 0 0 3 0 0
288 6 0 0 0 0 0 3 0 0
290 6 0 0 0 0 0 0 0 0
295 4 1 1 0 0 0 4 0 0
297 4 0 0 0 0 0 4 0 0
303 30 0 0 6 2 2 0 0 0
305 5 0 0 0 0 0 5 0 0
307 10 0 0 0 0 0 5 0 0
308 10 0 0 0 0 0 5 0 0
310 7 0 0 0 0 0 0 0 0
315 4 1 1 0 0 0 4 0 0
317 4 0 0 0 0 0 4 0 0
323 29 0 0 29 0 0 0 0 0
569 35 0 0 35 0 0 0 0 0
571 13 0 0 0 0 0 13 0 0
fn=void std::__1::__tree_remove[abi:ne210105]<std::__1::__tree_node_base<void*>*>(std::__1::__tree_node_base<void*>*, std::__1::__tree_node_base<void*>*)
0 84 2 2 15 0 0 11 0 0
105 186 1 1 94 5 2 0 0 0
163 27 0 0 9 0 0 0 0 0
235 3 0 0 3 0 0 0 0 0
236 6 0 0 3 0 0 3 0 0
237 6 0 0 0 0 0 0 0 0
239 6 0 0 3 0 0 3 0 0
240 3 0 0 0 0 0 0 0 0
241 2 1 1 0 0 0 2 0 0
243 1 0 0 0 0 0 1 0 0
244 3 0 0 0 0 0 3 0 0
254 2 0 0 2 0 0 0 0 0
255 4 0 0 2 0 0 2 0 0
256 4 0 0 0 0 0 0 0 0
258 4 1 1 2 0 0 2 0 0
259 2 0 0 0 0 0 0 0 0
260 2 0 0 0 0 0 2 0 0
263 2 0 0 0 0 0 2 0 0
339 152 1 1 38 0 0 0 0 0
341 27 0 0 27 0 0 0 0 0
345 54 1 1 0 0 0 0 0 0
346 18 0 0 6 0 0 6 1 1
347 29 0 0 0 0 0 0 0 0
348 16 0 0 0 0 0 16 0 0
349 32 1 1 0 0 0 0 0 0
350 12 0 0 12 0 0 0 0 0
354 13 0 0 0 0 0 13 0 0
358 29 0 0 29 0 0 0 0 0
361 68 0 0 0 0 0 0 0 0
363 14 0 0 7 0 0 7 0 0
364 7 0 0 0 0 0 0 0 0
365 7 0 0 0 0 0 7 0 0
368 14 0 0 7 0 0 7 0 0
370 14 0 0 7 0 0 7 0 0
371 14 0 0 0 0 0 0 0 0
373 14 0 0 7 0 0 7 0 0
374 14 0 0 0 0 0 0 0 0
379 83 1 1 0 0 0 0 0 0
392 34 0 0 0 0 0 0 0 0
393 6 0 0 0 0 0 6 0 0
401 13 0 0 0 0 0 0 0 0
403 14 0 0 0 0 0 0 0 0
415 33 1 1 13 6 3 0 0 0
416 21 1 1 7 0 0 0 0 0
417 4 0 0 0 0 0 4 0 0
420 14 0 0 2 0 0 0 0 0
429 9 1 1 3 0 0 0 0 0
439 6 0 0 3 0 0 3 0 0
440 3 0 0 0 0 0 3 0 0
441 3 0 0 0 0 0 3 0 0
446 12 1 1 0 0 0 0 0 0
458 22 0 0 8 0 0 0 0 0
459 12 0 0 4 0 0 0 0 0
460 4 0 0 0 0 0 4 0 0
463 14 0 0 4 0 0 0 0 0
472 2 0 0 0 0 0 0 0 0
482 4 0 0 2 0 0 2 0 0
483 2 0 0 0 0 0 2 0 0
484 2 0 0 0 0 0 2 0 0
492 29 0 0 29 0 0 0 0 0
569 13 1 1 13 0 0 0 0 0
571 12 0 0 0 0 0 12 0 0
fl=/usr/include/c++/v1/__utility/pair.h
fn=lob::v15::BookT<lob::ChecksumSink, 16u>::off_grid_level(lob::Side, long)
445 29 0 0 0 0 0 29 4 1
fn=void lob::replay<lob::v15::BookT<lob::ChecksumSink, 16u> >(lob::v15::BookT<lob::ChecksumSink, 16u>&, std::__1::span<lob::Op const, 18446744073709551615ul>)
165 5569984 1 1 0 0 0 5569984 1 1
fl=/usr/include/c++/v1/__utility/swap.h
fn=void lob::replay<lob::v15::BookT<lob::ChecksumSink, 16u> >(lob::v15::BookT<lob::ChecksumSink, 16u>&, std::__1::span<lob::Op const, 18446744073709551615ul>)
0 32 0 0 16 0 0 0 0 0
44 48 0 0 0 0 0 48 5 0
fl=/usr/include/c++/v1/__vector/vector.h
fn=auto lob::for_each_type<std::__1::tuple<lob::v0::Book<lob::ChecksumSink>, lob::v1::Book<lob::ChecksumSink>, lob::v2::Book<lob::ChecksumSink>, lob::v3::BookT<lob::ChecksumSink, 16u>, lob::v4::BookT<lob::ChecksumSink, 16u>, lob::v5::BookT<lob::ChecksumSink, 16u>, lob::v7::BookT<lob::ChecksumSink, 16u>, lob::v8::BookT<lob::ChecksumSink, 16u>, lob::v9::BookT<lob::ChecksumSink, 16u>, lob::v10::BookT<lob::ChecksumSink, 16u>, lob::v11::BookT<lob::ChecksumSink, 16u>, lob::v12::BookT<lob::ChecksumSink, 16u>, lob::v13::BookT<lob::ChecksumSink, 16u>, lob::v14::BookT<lob::ChecksumSink, 16u>, lob::v15::BookT<lob::ChecksumSink, 16u> >, (anonymous namespace)::with_version<(anonymous namespace)::cmd_replay((anonymous namespace)::Args const&)::$_0>(std::__1::basic_string_view<char, std::__1::char_traits<char> >, (anonymous namespace)::cmd_replay((anonymous namespace)::Args const&)::$_0&&)::{lambda<typename $T0>()#1}>((anonymous namespace)::with_version<(anonymous namespace)::cmd_replay((anonymous namespace)::Args const&)::$_0>(std::__1::basic_string_view<char, std::__1::char_traits<char> >, (anonymous namespace)::cmd_replay((anonymous namespace)::Args const&)::$_0&&)::{lambda<typename $T0>()#1}&&)::{lambda<unsigned long... $N0>(std::__1::integer_sequence<unsigned long, ($N0)...>)#1}::operator()<0ul, 1ul, 2ul, 3ul, 4ul, 5ul, 6ul, 7ul, 8ul, 9ul, 10ul, 11ul, 12ul, 13ul, 14ul>(std::__1::integer_sequence<unsigned long, 0ul, 1ul, 2ul, 3ul, 4ul, 5ul, 6ul, 7ul, 8ul, 9ul, 10ul, 11ul, 12ul, 13ul, 14ul>) const
388 5 0 0 1 0 0 0 0 0
449 1 1 1 1 1 1 0 0 0
fn=auto lob::v15::BookT<lob::ChecksumSink, 16u>::unlink_off_grid(lob::v15::BookT<lob::ChecksumSink, 16u>::Loc const&)::{lambda(auto:1&)#1}::operator()<std::__1::map<long, lob::v15::BookT<lob::ChecksumSink, 16u>::Level, std::__1::greater<void>, std::__1::allocator<std::__1::pair<long const, lob::v15::BookT<lob::ChecksumSink, 16u>::Level> > > >(std::__1::map<long, lob::v15::BookT<lob::ChecksumSink, 16u>::Level, std::__1::greater<void>, std::__1::allocator<std::__1::pair<long const, lob::v15::BookT<lob::ChecksumSink, 16u>::Level> > >&) const
407 52 0 0 13 0 0 0 0 0
fn=auto lob::v15::BookT<lob::ChecksumSink, 16u>::unlink_off_grid(lob::v15::BookT<lob::ChecksumSink, 16u>::Loc const&)::{lambda(auto:1&)#1}::operator()<std::__1::map<long, lob::v15::BookT<lob::ChecksumSink, 16u>::Level, std::__1::less<void>, std::__1::allocator<std::__1::pair<long const, lob::v15::BookT<lob::ChecksumSink, 16u>::Level> > > >(std::__1::map<long, lob::v15::BookT<lob::ChecksumSink, 16u>::Level, std::__1::less<void>, std::__1::allocator<std::__1::pair<long const, lob::v15::BookT<lob::ChecksumSink, 16u>::Level> > >&) const
407 116 0 0 29 0 0 0 0 0
fn=lob::v15::BookT<lob::ChecksumSink, 16u>::modify(unsigned long, long, unsigned int)
411 53169 1 1 17723 0 0 0 0 0
fn=void lob::replay<lob::v15::BookT<lob::ChecksumSink, 16u> >(lob::v15::BookT<lob::ChecksumSink, 16u>&, std::__1::span<lob::Op const, 18446744073709551615ul>)
0 54316 1 1 16 0 0 80 1 0
388 162660 1 1 27110 0 0 0 0 0
391 16 0 0 0 0 0 0 0 0
407 6338502 1 1 822822 0 0 0 0 0
475 27094 0 0 0 0 0 0 0 0
844 32 0 0 0 0 0 0 0 0
902 48 1 1 0 0 0 0 0 0
905 128 0 0 0 0 0 0 0 0
1128 16 0 0 0 0 0 0 0 0
1131 32 0 0 0 0 0 0 0 0
1146 108440 0 0 27110 0 0 27110 0 0
1149 27094 0 0 0 0 0 0 0 0
1152 27110 0 0 0 0 0 27110 0 0
fl=/usr/include/c++/v1/map
fn=auto lob::v15::BookT<lob::ChecksumSink, 16u>::unlink_off_grid(lob::v15::BookT<lob::ChecksumSink, 16u>::Loc const&)::{lambda(auto:1&)#1}::operator()<std::__1::map<long, lob::v15::BookT<lob::ChecksumSink, 16u>::Level, std::__1::greater<void>, std::__1::allocator<std::__1::pair<long const, lob::v15::BookT<lob::ChecksumSink, 16u>::Level> > > >(std::__1::map<long, lob::v15::BookT<lob::ChecksumSink, 16u>::Level, std::__1::greater<void>, std::__1::allocator<std::__1::pair<long const, lob::v15::BookT<lob::ChecksumSink, 16u>::Level> > >&) const
1031 21 0 0 14 0 0 0 0 0
fn=auto lob::v15::BookT<lob::ChecksumSink, 16u>::unlink_off_grid(lob::v15::BookT<lob::ChecksumSink, 16u>::Loc const&)::{lambda(auto:1&)#1}::operator()<std::__1::map<long, lob::v15::BookT<lob::ChecksumSink, 16u>::Level, std::__1::less<void>, std::__1::allocator<std::__1::pair<long const, lob::v15::BookT<lob::ChecksumSink, 16u>::Level> > > >(std::__1::map<long, lob::v15::BookT<lob::ChecksumSink, 16u>::Level, std::__1::less<void>, std::__1::allocator<std::__1::pair<long const, lob::v15::BookT<lob::ChecksumSink, 16u>::Level> > >&) const
1031 66 0 0 44 0 0 0 0 0
fn=lob::v15::BookT<lob::ChecksumSink, 16u>::off_grid_level(lob::Side, long)
1031 126 0 0 84 0 0 0 0 0
fl=???
fn=???
0 405 8 8 260 135 18 2 0 0
fn=operator delete(void*)
0 220 0 0 44 0 0 44 0 0
fn=operator delete(void*, std::align_val_t)
0 25 1 1 5 0 0 5 0 0
fn=operator delete(void*, unsigned long)
0 220 1 1 44 0 0 44 0 0
fn=operator new(unsigned long)
0 765 4 2 135 0 0 180 5 1
fn=operator new(unsigned long, std::align_val_t)
0 135 3 3 20 0 0 20 0 0
summary: 259212062 337 327 67074062 1730862 619062 33284444 173812 53403
