==54756== Cachegrind, a high-precision tracing profiler
==54756== Copyright (C) 2002-2017, and GNU GPL'd, by Nicholas Nethercote et al.
==54756== Using Valgrind-3.22.0 and LibVEX; rerun with -h for copyright info
==54756== Command: /home/wang/sources/cxx/book/build/profile/book replay --workload data/syn_default_s42.ops --version v9
==54756== 
==54756== 
==54756== I refs:        214,331,463
==54756== I1  misses:            233
==54756== LLi misses:            233
==54756== I1  miss rate:        0.00%
==54756== LLi miss rate:        0.00%
==54756== 
==54756== D refs:         85,970,088  (60,011,154 rd   + 25,958,934 wr)
==54756== D1  misses:      2,277,854  ( 1,247,520 rd   +  1,030,334 wr)
==54756== LLd misses:        380,183  (   375,165 rd   +      5,018 wr)
==54756== D1  miss rate:         2.6% (       2.1%     +        4.0%  )
==54756== LLd miss rate:         0.4% (       0.6%     +        0.0%  )
==54756== 
==54756== LL refs:         2,278,087  ( 1,247,753 rd   +  1,030,334 wr)
==54756== LL misses:         380,416  (   375,398 rd   +      5,018 wr)
==54756== LL miss rate:          0.1% (       0.1%     +        0.0%  )
