==83773== Cachegrind, a high-precision tracing profiler
==83773== Copyright (C) 2002-2017, and GNU GPL'd, by Nicholas Nethercote et al.
==83773== Using Valgrind-3.22.0 and LibVEX; rerun with -h for copyright info
==83773== Command: /home/wang/sources/cxx/book/build/profile/book replay --workload data/syn_deep_s42.ops --version v14
==83773== 
==83773== 
==83773== I refs:        175,607,387
==83773== I1  misses:            312
==83773== LLi misses:            312
==83773== I1  miss rate:        0.00%
==83773== LLi miss rate:        0.00%
==83773== 
==83773== D refs:         70,536,020  (49,523,811 rd   + 21,012,209 wr)
==83773== D1  misses:      4,045,004  ( 2,402,584 rd   +  1,642,420 wr)
==83773== LLd misses:        415,155  (   375,246 rd   +     39,909 wr)
==83773== D1  miss rate:         5.7% (       4.9%     +        7.8%  )
==83773== LLd miss rate:         0.6% (       0.8%     +        0.2%  )
==83773== 
==83773== LL refs:         4,045,316  ( 2,402,896 rd   +  1,642,420 wr)
==83773== LL misses:         415,467  (   375,558 rd   +     39,909 wr)
==83773== LL miss rate:          0.2% (       0.2%     +        0.2%  )
