==34717== Cachegrind, a high-precision tracing profiler
==34717== Copyright (C) 2002-2017, and GNU GPL'd, by Nicholas Nethercote et al.
==34717== Using Valgrind-3.22.0 and LibVEX; rerun with -h for copyright info
==34717== Command: /home/wang/sources/cxx/book/build/profile/book replay --workload data/itch12302019_QQQ.ops --version v4
==34717== 
==34717== 
==34717== I refs:        495,864,447
==34717== I1  misses:            274
==34717== LLi misses:            265
==34717== I1  miss rate:        0.00%
==34717== LLi miss rate:        0.00%
==34717== 
==34717== D refs:        197,983,223  (135,509,276 rd   + 62,473,947 wr)
==34717== D1  misses:      3,016,083  (  1,706,399 rd   +  1,309,684 wr)
==34717== LLd misses:        975,519  (    947,130 rd   +     28,389 wr)
==34717== D1  miss rate:         1.5% (        1.3%     +        2.1%  )
==34717== LLd miss rate:         0.5% (        0.7%     +        0.0%  )
==34717== 
==34717== LL refs:         3,016,357  (  1,706,673 rd   +  1,309,684 wr)
==34717== LL misses:         975,784  (    947,395 rd   +     28,389 wr)
==34717== LL miss rate:          0.1% (        0.2%     +        0.0%  )
