==26199== Cachegrind, a high-precision tracing profiler
==26199== Copyright (C) 2002-2017, and GNU GPL'd, by Nicholas Nethercote et al.
==26199== Using Valgrind-3.22.0 and LibVEX; rerun with -h for copyright info
==26199== Command: /home/wang/sources/cxx/book/build/profile/book replay --workload data/syn_deep_s42.ops --version v4
==26199== 
==26199== 
==26199== I refs:        207,765,433
==26199== I1  misses:            302
==26199== LLi misses:            302
==26199== I1  miss rate:        0.00%
==26199== LLi miss rate:        0.00%
==26199== 
==26199== D refs:         83,917,890  (56,457,024 rd   + 27,460,866 wr)
==26199== D1  misses:      4,009,960  ( 2,398,849 rd   +  1,611,111 wr)
==26199== LLd misses:        415,143  (   375,243 rd   +     39,900 wr)
==26199== D1  miss rate:         4.8% (       4.2%     +        5.9%  )
==26199== LLd miss rate:         0.5% (       0.7%     +        0.1%  )
==26199== 
==26199== LL refs:         4,010,262  ( 2,399,151 rd   +  1,611,111 wr)
==26199== LL misses:         415,445  (   375,545 rd   +     39,900 wr)
==26199== LL miss rate:          0.1% (       0.1%     +        0.1%  )
