==34604== Cachegrind, a high-precision tracing profiler
==34604== Copyright (C) 2002-2017, and GNU GPL'd, by Nicholas Nethercote et al.
==34604== Using Valgrind-3.22.0 and LibVEX; rerun with -h for copyright info
==34604== Command: /home/wang/sources/cxx/book/build/profile/book replay --workload data/itch12302019_AAPL.ops --version v4
==34604== 
==34604== 
==34604== I refs:        340,148,384
==34604== I1  misses:            273
==34604== LLi misses:            266
==34604== I1  miss rate:        0.00%
==34604== LLi miss rate:        0.00%
==34604== 
==34604== D refs:        135,090,030  (92,716,777 rd   + 42,373,253 wr)
==34604== D1  misses:      3,058,572  ( 1,840,178 rd   +  1,218,394 wr)
==34604== LLd misses:        770,799  (   638,515 rd   +    132,284 wr)
==34604== D1  miss rate:         2.3% (       2.0%     +        2.9%  )
==34604== LLd miss rate:         0.6% (       0.7%     +        0.3%  )
==34604== 
==34604== LL refs:         3,058,845  ( 1,840,451 rd   +  1,218,394 wr)
==34604== LL misses:         771,065  (   638,781 rd   +    132,284 wr)
==34604== LL miss rate:          0.2% (       0.1%     +        0.3%  )
