desc: I1 cache:         32768 B, 64 B, 8-way associative
desc: D1 cache:         49152 B, 64 B, 12-way associative
desc: LL cache:         6291456 B, 64 B, 12-way associative
cmd: /home/wang/sources/cxx/book/build/profile/book replay --workload data/itch12302019_QQQ.ops --version v19
events: Ir I1mr ILmr Dr D1mr DLmr Dw D1mw DLmw 
fl=./elf/../sysdeps/generic/dl-new-hash.h
fn=_dl_lookup_symbol_x
69 2 0 0 0 0 0 0 0 0
70 4 0 0 0 0 0 0 0 0
74 15 0 0 15 1 1 0 0 0
77 30 0 0 0 0 0 0 0 0
80 14 0 0 14 0 0 0 0 0
81 28 0 0 0 0 0 0 0 0
87 1 1 1 0 0 0 0 0 0
88 1 0 0 0 0 0 0 0 0
89 2 0 0 0 0 0 0 0 0
90 1 0 0 0 0 0 0 0 0
99 13 0 0 0 0 0 0 0 0
101 13 0 0 0 0 0 0 0 0
102 26 0 0 0 0 0 0 0 0
104 13 1 1 0 0 0 0 0 0
105 13 0 0 0 0 0 0 0 0
fl=./elf/../sysdeps/generic/dl-protected.h
fn=do_lookup_x
29 8 0 0 0 0 0 0 0 0
fl=./elf/../sysdeps/generic/ldsodefs.h
fn=do_lookup_x
139 4 0 0 2 0 0 0 0 0
140 6 0 0 0 0 0 0 0 0
fl=./elf/../sysdeps/x86_64/dl-machine.h
fn=_dl_fixup
234 2 0 0 0 0 0 2 0 0
fl=./elf/../sysdeps/x86_64/dl-runtime.h
fn=_dl_fixup
28 2 0 0 0 0 0 0 0 0
fl=./elf/../sysdeps/x86_64/dl-trampoline.h
fn=_dl_runtime_resolve_xsave
71 2 1 1 0 0 0 0 0 0
76 2 0 0 0 0 0 2 0 0
79 2 0 0 0 0 0 0 0 0
81 2 0 0 0 0 0 0 0 0
91 2 0 0 2 1 1 0 0 0
97 2 0 0 0 0 0 2 1 1
98 2 0 0 0 0 0 2 0 0
99 2 1 1 0 0 0 2 0 0
100 2 0 0 0 0 0 2 0 0
101 2 0 0 0 0 0 2 0 0
102 2 0 0 0 0 0 2 0 0
103 2 0 0 0 0 0 2 0 0
107 2 0 0 0 0 0 0 0 0
108 2 0 0 0 0 0 0 0 0
111 2 0 0 0 0 0 2 1 0
112 2 0 0 0 0 0 2 0 0
114 2 0 0 0 0 0 2 0 0
115 2 0 0 0 0 0 2 0 0
116 2 1 1 0 0 0 2 0 0
117 2 0 0 0 0 0 2 0 0
118 2 0 0 0 0 0 2 0 0
119 2 0 0 0 0 0 2 0 0
121 2 0 0 2 0 0 66 8 6
128 2 0 0 2 0 0 0 0 0
129 2 0 0 2 0 0 0 0 0
130 2 0 0 0 0 0 2 1 1
131 2 0 0 0 0 0 0 0 0
136 2 0 0 0 0 0 0 0 0
137 2 0 0 0 0 0 0 0 0
138 2 0 0 72 0 0 0 0 0
140 2 1 1 2 0 0 0 0 0
141 2 0 0 2 0 0 0 0 0
142 2 0 0 2 0 0 0 0 0
143 2 0 0 2 0 0 0 0 0
144 2 0 0 2 0 0 0 0 0
145 2 0 0 2 0 0 0 0 0
146 2 0 0 2 0 0 0 0 0
148 2 0 0 0 0 0 0 0 0
150 2 0 0 2 0 0 0 0 0
154 2 0 0 0 0 0 0 0 0
156 2 0 0 0 0 0 0 0 0
fl=./elf/./elf/dl-lookup.c
fn=_dl_lookup_symbol_x
772 26 2 2 0 0 0 18 3 3
774 4 0 0 0 0 0 2 0 0
775 8 0 0 0 0 0 2 0 0
778 2 0 0 2 1 1 0 0 0
782 4 0 0 0 0 0 0 0 0
785 4 1 1 2 0 0 0 0 0
787 4 0 0 4 0 0 0 0 0
791 28 0 0 0 0 0 6 0 0
792 34 2 2 14 0 0 14 1 1
797 10 0 0 4 0 0 0 0 0
816 2 0 0 0 0 0 2 0 0
820 4 0 0 2 0 0 0 0 0
821 14 0 0 2 0 0 0 0 0
828 2 0 0 2 0 0 0 0 0
856 8 1 1 2 0 0 0 0 0
870 6 0 0 2 1 1 0 0 0
873 4 0 0 2 0 0 0 0 0
890 8 0 0 2 0 0 0 0 0
892 18 1 1 14 0 0 0 0 0
fn=check_match
70 30 1 1 4 2 2 12 1 1
73 16 1 1 4 0 0 0 0 0
86 10 0 0 0 0 0 0 0 0
89 16 1 1 4 0 0 2 0 0
93 2 0 0 2 1 1 0 0 0
94 4 0 0 0 0 0 0 0 0
144 4 1 1 0 0 0 0 0 0
146 12 0 0 4 2 2 0 0 0
147 8 1 1 0 0 0 0 0 0
161 2 0 0 0 0 0 0 0 0
162 16 0 0 14 0 0 0 0 0
fn=do_lookup_x
347 28 2 2 4 0 0 20 2 2
348 2 0 0 2 1 1 0 0 0
353 2 0 0 0 0 0 0 0 0
354 2 0 0 2 0 0 0 0 0
358 16 1 1 16 6 6 0 0 0
361 16 0 0 0 0 0 0 0 0
365 20 0 0 2 0 0 0 0 0
386 16 1 1 8 3 3 0 0 0
390 16 0 0 8 1 1 0 0 0
396 24 0 0 8 3 3 0 0 0
400 8 0 0 0 0 0 8 0 0
401 8 0 0 0 0 0 8 0 0
404 40 0 0 24 6 6 0 0 0
405 24 1 1 16 2 2 0 0 0
408 8 0 0 8 0 0 0 0 0
409 16 0 0 0 0 0 0 0 0
411 8 0 0 8 6 6 0 0 0
412 6 0 0 0 0 0 2 0 0
413 16 0 0 16 0 0 0 0 0
415 14 1 1 2 0 0 4 0 0
416 32 0 0 16 0 0 0 0 0
419 56 0 0 8 0 0 0 0 0
422 4 0 0 4 2 2 0 0 0
423 6 1 1 2 0 0 0 0 0
424 4 0 0 0 0 0 0 0 0
426 4 0 0 2 0 0 0 0 0
429 15 1 1 3 2 2 0 0 0
431 6 0 0 2 0 0 0 0 0
432 50 2 2 14 0 0 26 2 2
433 4 0 0 0 0 0 0 0 0
436 6 0 0 0 0 0 0 0 0
439 3 0 0 0 0 0 0 0 0
461 16 1 1 12 0 0 0 0 0
476 4 1 1 0 0 0 0 0 0
483 8 0 0 2 0 0 0 0 0
487 6 1 1 2 1 1 0 0 0
499 4 0 0 2 0 0 2 0 0
500 2 0 0 0 0 0 2 0 0
501 2 0 0 0 0 0 0 0 0
518 18 0 0 0 0 0 0 0 0
522 16 0 0 14 0 0 0 0 0
fl=./elf/./elf/dl-runtime.c
fn=_dl_fixup
46 22 2 2 0 0 0 12 0 0
48 10 0 0 8 4 4 0 0 0
49 6 1 1 4 1 1 0 0 0
54 2 0 0 2 1 1 0 0 0
55 8 0 0 2 1 1 0 0 0
56 14 0 0 2 2 2 2 1 1
58 4 0 0 2 0 0 0 0 0
63 4 0 0 0 0 0 0 0 0
67 4 0 0 2 2 2 0 0 0
69 4 0 0 0 0 0 0 0 0
71 6 1 1 2 1 1 0 0 0
75 6 0 0 4 3 3 0 0 0
76 8 0 0 2 0 0 0 0 0
77 6 0 0 2 1 1 0 0 0
84 2 1 1 0 0 0 0 0 0
85 6 0 0 2 0 0 0 0 0
95 22 0 0 4 1 1 6 0 0
99 10 1 1 6 0 0 0 0 0
109 20 0 0 8 0 0 2 0 0
124 8 1 1 2 0 0 0 0 0
133 6 0 0 2 1 1 0 0 0
159 6 0 0 2 0 0 0 0 0
163 16 1 1 14 0 0 0 0 0
fl=./malloc/./malloc/arena.c
fn=_mid_memalign.isra.0
153 12 0 0 0 0 0 0 0 0
fn=free
153 78 0 0 0 0 0 0 0 0
fn=malloc
153 46 0 0 0 0 0 0 0 0
fl=./malloc/./malloc/malloc.c
fn=_int_free
1792 14 0 0 14 7 0 0 0 0
1992 9 1 1 3 0 0 0 0 0
3163 24 1 1 12 0 0 12 0 0
3165 48 0 0 12 6 4 12 0 0
3166 12 0 0 0 0 0 12 0 0
3167 24 0 0 0 0 0 12 0 0
4495 182 1 1 0 0 0 104 0 0
4499 78 1 1 26 0 0 0 0 0
4505 104 0 0 0 0 0 0 0 0
4506 52 0 0 0 0 0 0 0 0
4510 130 0 0 0 0 0 0 0 0
4517 52 0 0 0 0 0 0 0 0
4518 156 1 1 78 8 0 0 0 0
4521 15 0 0 0 0 0 0 0 0
4527 45 0 0 30 6 2 0 0 0
4547 75 1 1 30 6 1 0 0 0
4550 12 0 0 0 0 0 0 0 0
4561 28 0 0 0 0 0 0 0 0
4572 12 0 0 3 0 0 0 0 0
4574 9 0 0 3 2 0 0 0 0
4593 3 0 0 0 0 0 0 0 0
4595 3 0 0 0 0 0 3 2 0
4596 3 0 0 0 0 0 0 0 0
4600 9 0 0 3 0 0 0 0 0
4602 6 0 0 3 2 0 0 0 0
4606 6 0 0 0 0 0 0 0 0
4608 9 0 0 0 0 0 3 0 0
4609 3 0 0 0 0 0 3 0 0
4628 12 0 0 0 0 0 0 0 0
4637 22 0 0 11 0 0 0 0 0
4640 22 0 0 11 5 0 0 0 0
4643 22 1 1 0 0 0 0 0 0
4646 22 0 0 0 0 0 0 0 0
4658 145 1 1 119 0 0 0 0 0
fn=_int_free_maybe_consolidate
4770 165 1 1 15 5 0 105 0 0
4776 30 0 0 0 0 0 0 0 0
4778 16 0 0 4 0 0 0 0 0
4781 12 0 0 0 0 0 0 0 0
4784 20 2 2 12 4 1 0 0 0
4798 165 1 1 135 0 0 0 0 0
fn=_int_free_merge_chunk
1992 39 0 0 13 0 0 0 0 0
4665 104 1 1 0 0 0 78 3 0
4666 13 0 0 0 0 0 0 0 0
4670 78 0 0 13 5 0 0 0 0
4673 52 1 1 13 5 0 0 0 0
4675 39 1 1 13 10 0 0 0 0
4678 39 0 0 13 5 0 0 0 0
4681 26 0 0 0 0 0 0 0 0
4682 26 0 0 0 0 0 0 0 0
4683 26 0 0 13 10 0 0 0 0
4689 26 1 1 13 0 0 0 0 0
4691 3 0 0 3 0 0 0 0 0
4692 3 0 0 0 0 0 0 0 0
4693 3 0 0 0 0 0 0 0 0
4694 12 0 0 3 1 1 0 0 0
4696 6 0 0 0 0 0 3 0 0
4701 39 0 0 0 0 0 0 0 0
4702 91 0 0 78 0 0 0 0 0
4714 26 0 0 13 0 0 0 0 0
4720 20 0 0 10 4 1 0 0 0
4721 6 1 1 0 0 0 3 0 0
4722 6 0 0 0 0 0 0 0 0
4724 7 0 0 7 0 0 0 0 0
4732 10 0 0 0 0 0 0 0 0
4733 40 1 1 10 0 0 0 0 0
4734 20 0 0 10 0 0 0 0 0
4736 10 0 0 0 0 0 10 3 0
4738 20 0 0 0 0 0 0 0 0
4740 24 0 0 0 0 0 8 0 0
4743 10 0 0 0 0 0 10 0 0
4744 10 0 0 0 0 0 10 0 0
4746 30 0 0 0 0 0 10 0 0
4747 10 1 1 0 0 0 10 0 0
4756 3 0 0 0 0 0 0 0 0
4757 9 0 0 0 0 0 3 0 0
4758 6 0 0 0 0 0 3 0 0
fn=_int_malloc
1326 58 0 0 0 0 0 0 0 0
1345 174 0 0 0 0 0 0 0 0
1794 29 1 1 29 0 0 0 0 0
1985 36 1 1 12 0 0 0 0 0
2008 4 0 0 1 0 0 0 0 0
2552 30 0 0 10 10 3 10 0 0
2553 1 1 1 0 0 0 1 0 0
2564 10 1 1 5 4 1 0 0 0
2565 12 0 0 8 0 0 0 0 0
2568 16 0 0 4 0 0 0 0 0
2576 24 0 0 4 0 0 8 4 1
2577 8 0 0 0 0 0 0 0 0
2589 4 0 0 1 0 0 1 0 0
2590 2 0 0 0 0 0 1 0 0
2599 12 1 1 3 0 0 0 0 0
2605 3 0 0 2 0 0 0 0 0
2608 3 1 1 0 0 0 0 0 0
2669 3 1 1 1 0 0 1 0 0
2677 2 0 0 1 0 0 0 0 0
2678 3 0 0 1 0 0 1 0 0
2691 3 1 1 1 0 0 0 0 0
2693 1 0 0 1 0 0 0 0 0
2699 5 0 0 1 0 0 1 0 0
2707 2 0 0 0 0 0 0 0 0
2709 4 2 2 0 0 0 2 0 0
2710 3 0 0 1 0 0 0 0 0
2711 1 0 0 0 0 0 0 0 0
2712 1 0 0 0 0 0 0 0 0
2715 2 0 0 0 0 0 0 0 0
2744 7 1 1 3 0 0 0 0 0
2746 2 1 1 0 0 0 1 0 0
2752 8 0 0 1 0 0 0 0 0
2753 6 0 0 1 0 0 1 0 0
2921 3 1 1 2 0 0 0 0 0
2922 1 0 0 0 0 0 1 0 0
2926 1 0 0 1 0 0 0 0 0
2930 5 1 1 2 0 0 0 0 0
2932 1 0 0 0 0 0 0 0 0
2933 1 0 0 0 0 0 0 0 0
2934 1 0 0 0 0 0 1 0 0
2935 7 0 0 0 0 0 1 0 0
2936 2 0 0 0 0 0 1 1 1
2938 1 0 0 0 0 0 0 0 0
3846 319 2 2 29 15 2 203 12 2
3887 58 0 0 0 0 0 0 0 0
3914 58 0 0 0 0 0 0 0 0
3916 40 0 0 0 0 0 0 0 0
3919 10 0 0 10 3 0 0 0 0
3921 20 0 0 0 0 0 0 0 0
3930 30 2 2 0 0 0 0 0 0
3977 38 1 1 0 0 0 0 0 0
3979 32 0 0 0 0 0 0 0 0
3980 24 1 1 0 0 0 0 0 0
3982 36 0 0 12 5 1 0 0 0
4039 271 1 1 0 0 0 0 0 0
4040 51 0 0 17 11 2 0 0 0
4058 87 1 1 29 0 0 0 0 0
4059 87 0 0 0 0 0 29 9 2
4060 87 1 1 58 12 2 0 0 0
4069 40 0 0 0 0 0 20 0 0
4070 201 1 1 47 15 2 29 0 0
4072 25 0 0 25 1 1 0 0 0
4073 50 0 0 25 7 1 0 0 0
4074 25 0 0 0 0 0 0 0 0
4076 50 0 0 0 0 0 0 0 0
4077 75 1 1 25 8 1 0 0 0
4079 25 0 0 25 8 1 0 0 0
4080 100 0 0 0 0 0 0 0 0
4082 100 0 0 25 0 0 0 0 0
4084 50 1 1 25 1 0 0 0 0
4085 50 0 0 25 0 0 0 0 0
4087 50 0 0 0 0 0 0 0 0
4098 100 0 0 0 0 0 0 0 0
4099 20 1 1 10 0 0 0 0 0
4100 12 0 0 0 0 0 0 0 0
4101 6 0 0 0 0 0 0 0 0
4104 6 0 0 0 0 0 0 0 0
4105 6 1 1 0 0 0 0 0 0
4106 6 0 0 0 0 0 6 0 0
4107 18 0 0 0 0 0 6 0 0
4108 18 1 1 0 0 0 6 6 0
4109 12 0 0 0 0 0 0 0 0
4111 12 0 0 0 0 0 6 0 0
4115 48 0 0 0 0 0 6 0 0
4117 18 1 1 0 0 0 6 0 0
4118 6 0 0 0 0 0 6 0 0
4121 7 0 0 0 0 0 0 0 0
4122 18 0 0 0 0 0 6 0 0
4123 6 0 0 0 0 0 0 0 0
4127 19 0 0 0 0 0 19 0 0
4128 19 0 0 0 0 0 19 0 0
4132 38 0 0 0 0 0 0 0 0
4134 2 0 0 0 0 0 1 0 0
4135 3 0 0 0 0 0 0 0 0
4140 2 0 0 0 0 0 0 0 0
4161 39 2 2 0 0 0 0 0 0
4163 4 1 1 0 0 0 2 0 0
4164 8 0 0 0 0 0 0 0 0
4165 2 0 0 2 2 1 0 0 0
4169 241 2 2 0 0 0 16 0 0
4170 48 1 1 0 0 0 0 0 0
4171 16 0 0 16 14 6 0 0 0
4174 32 0 0 0 0 0 0 0 0
4218 64 0 0 0 0 0 16 1 0
4221 126 1 1 36 8 1 0 0 0
4222 18 0 0 0 0 0 18 0 0
4223 18 0 0 0 0 0 18 0 0
4224 18 0 0 0 0 0 18 0 0
4225 18 0 0 0 0 0 18 0 0
4230 36 0 0 36 0 0 0 0 0
4231 36 0 0 0 0 0 0 0 0
4240 72 1 1 36 0 0 0 0 0
4246 26 0 0 0 0 0 0 0 0
4257 66 1 1 0 0 0 0 0 0
4259 64 0 0 0 0 0 0 0 0
4262 48 0 0 16 14 8 0 0 0
4263 22 1 1 0 0 0 0 0 0
4330 22 0 0 0 0 0 0 0 0
4331 44 0 0 0 0 0 0 0 0
4332 44 0 0 0 0 0 0 0 0
4333 44 0 0 22 6 1 0 0 0
4334 132 0 0 0 0 0 0 0 0
4339 98 1 1 0 0 0 0 0 0
4343 80 1 1 0 0 0 0 0 0
4346 56 1 1 14 0 0 0 0 0
4348 20 0 0 0 0 0 0 0 0
4349 10 0 0 0 0 0 0 0 0
4353 226 0 0 0 0 0 0 0 0
4355 98 0 0 0 0 0 0 0 0
4357 196 0 0 0 0 0 0 0 0
4361 15 0 0 15 10 1 0 0 0
4364 30 0 0 0 0 0 0 0 0
4366 20 0 0 0 0 0 4 0 0
4367 4 0 0 0 0 0 0 0 0
4368 4 0 0 0 0 0 0 0 0
4373 44 1 1 11 8 1 0 0 0
4376 22 0 0 0 0 0 0 0 0
4378 33 1 1 0 0 0 11 0 0
4381 33 0 0 0 0 0 22 8 0
4384 44 0 0 22 0 0 0 0 0
4386 1 0 0 1 0 0 0 0 0
4387 3 1 1 0 0 0 0 0 0
4394 10 0 0 0 0 0 0 0 0
4399 40 0 0 10 0 0 0 0 0
4400 20 1 1 10 0 0 0 0 0
4403 10 0 0 0 0 0 10 10 1
4404 10 0 0 0 0 0 10 0 0
4405 10 0 0 0 0 0 10 0 0
4408 20 0 0 0 0 0 0 0 0
4409 3 0 0 0 0 0 3 0 0
4410 20 0 0 0 0 0 0 0 0
4412 20 0 0 0 0 0 10 3 0
4415 80 0 0 0 0 0 10 0 0
4417 30 0 0 0 0 0 10 1 0
4418 10 0 0 0 0 0 10 0 0
4421 11 0 0 0 0 0 0 0 0
4443 11 1 1 11 0 0 0 0 0
4444 22 0 0 11 5 1 0 0 0
4446 22 0 0 11 3 1 0 0 0
4449 33 0 0 0 0 0 0 0 0
4451 6 0 0 0 0 0 0 0 0
4452 12 1 1 0 0 0 0 0 0
4453 6 0 0 0 0 0 6 0 0
4454 48 1 1 0 0 0 6 0 0
4456 12 0 0 0 0 0 6 6 5
4459 12 0 0 0 0 0 0 0 0
4460 33 0 0 0 0 0 11 3 1
4461 11 0 0 0 0 0 0 0 0
4466 20 0 0 5 0 0 5 0 0
4482 9 0 0 0 0 0 0 0 0
4487 348 2 2 261 0 0 0 0 0
fn=_int_memalign
1326 12 0 0 0 0 0 0 0 0
1345 48 1 1 0 0 0 0 0 0
4714 4 0 0 0 0 0 0 0 0
4756 2 1 1 0 0 0 0 0 0
4757 6 0 0 0 0 0 2 0 0
4758 4 0 0 0 0 0 2 0 0
5039 48 1 1 0 0 0 36 6 1
5069 24 0 0 0 0 0 12 0 0
5071 18 0 0 6 0 0 0 0 0
5074 6 0 0 0 0 0 0 0 0
5076 24 0 0 0 0 0 0 0 0
5083 30 1 1 0 0 0 0 0 0
5085 24 0 0 0 0 0 0 0 0
5086 2 0 0 0 0 0 0 0 0
5089 4 0 0 0 0 0 0 0 0
5090 24 0 0 6 0 0 0 0 0
5093 12 0 0 0 0 0 0 0 0
5095 8 0 0 4 0 0 4 0 0
5096 8 0 0 0 0 0 4 0 0
5097 4 0 0 0 0 0 0 0 0
5101 20 1 1 0 0 0 4 2 2
5103 2 0 0 2 0 0 0 0 0
5104 10 0 0 2 0 0 2 0 0
5105 4 0 0 0 0 0 2 0 0
5106 2 0 0 0 0 0 0 0 0
5108 18 1 1 2 0 0 0 0 0
5113 6 0 0 2 0 0 0 0 0
5115 4 0 0 0 0 0 0 0 0
5116 2 0 0 0 0 0 0 0 0
5117 4 0 0 2 0 0 0 0 0
5118 4 0 0 0 0 0 0 0 0
5120 2 0 0 0 0 0 0 0 0
5121 4 0 0 0 0 0 0 0 0
5122 2 1 1 2 0 0 0 0 0
5129 2 0 0 0 0 0 0 0 0
5130 6 2 2 0 0 0 2 0 0
5134 6 1 1 0 0 0 2 0 0
5140 2 0 0 0 0 0 0 0 0
5141 54 0 0 42 0 0 0 0 0
fn=_mid_memalign.isra.0
1326 12 0 0 0 0 0 0 0 0
1345 30 0 0 0 0 0 0 0 0
3575 42 1 1 0 0 0 24 0 0
3581 12 1 1 0 0 0 0 0 0
3585 12 0 0 0 0 0 0 0 0
3590 18 2 2 0 0 0 0 0 0
3598 18 0 0 0 0 0 0 0 0
3615 18 0 0 0 0 0 0 0 0
3617 12 1 1 6 6 1 0 0 0
3638 12 0 0 6 6 1 0 0 0
3640 30 1 1 0 0 0 6 0 0
3641 30 1 1 6 0 0 0 0 0
3643 12 1 1 0 0 0 0 0 0
3662 36 0 0 30 0 0 0 0 0
fn=aligned_alloc
3556 42 1 1 0 0 0 18 1 0
3557 12 0 0 6 6 1 0 0 0
3564 30 0 0 0 0 0 0 0 0
3571 18 0 0 0 0 0 0 0 0
3572 18 1 1 18 0 0 0 0 0
fn=alloc_perturb
1985 51 1 1 17 0 0 0 0 0
1987 17 0 0 17 0 0 0 0 0
fn=free
3359 203 2 2 0 0 0 116 0 0
3363 58 0 0 0 0 0 0 0 0
3371 58 0 0 58 28 4 0 0 0
3373 29 0 0 0 0 0 0 0 0
3375 87 0 0 29 19 5 0 0 0
3379 9 1 1 3 0 0 0 0 0
3381 12 0 0 3 2 0 0 0 0
3383 6 0 0 0 0 0 3 0 0
3384 6 0 0 0 0 0 3 0 0
3385 3 0 0 0 0 0 0 0 0
3388 6 0 0 0 0 0 3 0 0
3392 78 0 0 52 16 0 0 0 0
3398 78 1 1 0 0 0 26 8 0
3401 29 0 0 0 0 0 29 0 0
3402 174 1 1 145 0 0 0 0 0
fn=malloc
1326 50 0 0 0 0 0 0 0 0
1345 125 1 1 0 0 0 0 0 0
3178 4 0 0 2 1 1 0 0 0
3182 4 0 0 0 0 0 0 0 0
3186 8 1 1 2 1 1 2 0 0
3190 4 0 0 0 0 0 2 0 0
3191 2 0 0 0 0 0 2 0 0
3294 200 1 1 0 0 0 100 10 2
3301 50 0 0 25 10 1 0 0 0
3311 50 0 0 0 0 0 0 0 0
3313 100 0 0 50 18 2 0 0 0
3316 50 0 0 25 9 1 0 0 0
3318 45 1 1 15 7 2 0 0 0
3326 46 1 1 23 9 1 0 0 0
3328 92 0 0 0 0 0 23 0 0
3329 115 1 1 23 0 0 0 0 0
3354 150 1 1 125 0 0 0 0 0
fn=munmap_chunk
3024 6 1 1 0 0 0 3 0 0
3025 6 0 0 6 6 0 0 0 0
3026 9 0 0 3 0 0 0 0 0
3028 6 0 0 0 0 0 0 0 0
3030 3 0 0 0 0 0 0 0 0
3031 9 0 0 3 0 0 0 0 0
3032 3 0 0 0 0 0 0 0 0
3038 12 0 0 0 0 0 0 0 0
3039 15 1 1 0 0 0 0 0 0
3042 3 0 0 6 0 0 0 0 0
3043 9 0 0 6 0 0 0 0 0
3048 6 0 0 0 0 0 0 0 0
3049 3 0 0 3 0 0 0 0 0
fn=sysmalloc_mmap.isra.0
2008 16 0 0 4 0 0 0 0 0
2400 24 1 1 0 0 0 16 0 0
2413 12 0 0 0 0 0 0 0 0
2418 8 0 0 0 0 0 0 0 0
2421 40 1 1 0 0 0 4 4 1
2424 8 1 1 0 0 0 0 0 0
2428 8 0 0 0 0 0 0 0 0
2432 16 0 0 0 0 0 4 0 0
2448 12 0 0 0 0 0 0 0 0
2466 4 0 0 0 0 0 4 4 4
2467 12 1 1 0 0 0 4 0 0
2471 12 0 0 8 0 0 0 0 0
2472 16 0 0 6 0 0 0 0 0
2475 12 1 1 8 0 0 0 0 0
2476 20 0 0 8 0 0 0 0 0
2481 28 0 0 20 0 0 0 0 0
fn=unlink_chunk.isra.0
1608 34 1 1 0 0 0 17 0 0
1610 85 0 0 34 9 1 0 0 0
1613 34 0 0 34 3 1 0 0 0
1614 34 0 0 17 0 0 0 0 0
1616 68 1 1 34 3 1 0 0 0
1619 17 0 0 0 0 0 17 0 0
1620 17 0 0 0 0 0 17 0 0
1621 76 0 0 14 3 0 0 0 0
1623 28 0 0 14 0 0 0 0 0
1624 42 0 0 28 0 0 0 0 0
1627 28 0 0 14 1 0 0 0 0
1641 14 0 0 0 0 0 14 0 0
1642 14 0 0 0 0 0 14 0 0
1645 34 1 1 34 0 0 0 0 0
fl=./malloc/./malloc/morecore.c
fn=__glibc_morecore
25 3 1 1 0 0 0 1 0 0
26 2 0 0 1 0 0 0 0 0
29 1 0 0 0 0 0 1 1 0
30 2 0 0 0 0 0 0 0 0
34 2 0 0 2 0 0 0 0 0
fl=./misc/../sysdeps/unix/syscall-template.S
fn=munmap
117 15 2 2 0 0 0 0 0 0
122 3 0 0 3 0 0 0 0 0
fl=./misc/../sysdeps/unix/sysv/linux/brk.c
fn=brk
36 1 1 1 0 0 0 0 0 0
37 2 0 0 1 0 0 1 0 0
38 2 0 0 0 0 0 0 0 0
44 1 0 0 0 0 0 0 0 0
45 1 0 0 1 0 0 0 0 0
fl=./misc/../sysdeps/unix/sysv/linux/brk_call.h
fn=brk
24 2 0 0 0 0 0 0 0 0
fl=./misc/../sysdeps/unix/sysv/linux/mmap64.c
fn=mmap
47 28 1 1 0 0 0 12 0 0
50 8 0 0 0 0 0 0 0 0
53 28 1 1 0 0 0 0 0 0
58 24 1 1 0 0 0 0 0 0
60 16 0 0 16 0 0 0 0 0
fl=./misc/../sysdeps/unix/sysv/linux/setvmaname.c
fn=__set_vma_name
33 28 2 2 0 0 0 16 0 0
35 20 0 0 8 4 2 4 0 0
49 36 0 0 28 0 0 0 0 0
fl=./misc/./misc/sbrk.c
fn=sbrk
37 8 1 1 0 0 0 4 0 0
40 2 0 0 2 2 2 0 0 0
43 2 1 1 1 1 1 0 0 0
58 2 0 0 0 0 0 0 0 0
62 2 0 0 0 0 0 0 0 0
66 4 1 1 0 0 0 0 0 0
74 3 1 1 0 0 0 1 0 0
78 7 0 0 5 0 0 0 0 0
fl=./string/../sysdeps/x86_64/multiarch/../multiarch/strcmp-sse2.S
fn=strcmp
98 2 1 1 0 0 0 0 0 0
131 2 0 0 0 0 0 0 0 0
132 2 0 0 0 0 0 0 0 0
134 2 0 0 0 0 0 0 0 0
135 2 0 0 0 0 0 0 0 0
156 2 0 0 0 0 0 0 0 0
157 2 0 0 0 0 0 0 0 0
158 2 0 0 0 0 0 0 0 0
159 2 0 0 0 0 0 0 0 0
160 2 0 0 2 2 2 0 0 0
161 2 1 1 2 0 0 0 0 0
162 2 0 0 2 0 0 0 0 0
163 2 0 0 2 0 0 0 0 0
180 2 0 0 0 0 0 0 0 0
181 2 0 0 0 0 0 0 0 0
182 2 0 0 0 0 0 0 0 0
183 2 0 0 0 0 0 0 0 0
184 2 0 0 0 0 0 0 0 0
185 2 0 0 0 0 0 0 0 0
186 2 0 0 0 0 0 0 0 0
191 1 0 0 0 0 0 0 0 0
192 3 0 0 0 0 0 0 0 0
201 1 1 1 0 0 0 0 0 0
202 1 0 0 0 0 0 0 0 0
203 1 0 0 0 0 0 0 0 0
204 1 0 0 0 0 0 0 0 0
205 1 0 0 0 0 0 0 0 0
206 1 0 0 0 0 0 0 0 0
207 1 0 0 0 0 0 0 0 0
208 1 0 0 0 0 0 0 0 0
209 1 0 0 0 0 0 0 0 0
214 1 0 0 0 0 0 0 0 0
215 1 0 0 0 0 0 0 0 0
216 1 0 0 0 0 0 0 0 0
217 1 0 0 1 1 1 0 0 0
218 1 0 0 0 0 0 0 0 0
219 1 0 0 0 0 0 0 0 0
1613 1 1 1 0 0 0 0 0 0
1614 1 0 0 1 0 0 0 0 0
1615 1 0 0 1 0 0 0 0 0
1616 1 0 0 0 0 0 0 0 0
1617 1 0 0 0 0 0 0 0 0
1619 1 0 0 0 0 0 0 0 0
1620 1 0 0 0 0 0 0 0 0
1621 1 1 1 0 0 0 0 0 0
1622 1 0 0 0 0 0 0 0 0
1623 1 0 0 0 0 0 0 0 0
1624 1 0 0 0 0 0 0 0 0
1625 1 0 0 0 0 0 0 0 0
2095 1 1 1 0 0 0 0 0 0
2096 1 0 0 0 0 0 0 0 0
2097 1 0 0 0 0 0 0 0 0
2098 1 0 0 0 0 0 0 0 0
2104 2 1 1 0 0 0 0 0 0
2110 2 0 0 2 0 0 0 0 0
2111 2 0 0 2 0 0 0 0 0
2119 2 0 0 0 0 0 0 0 0
2120 2 0 0 2 0 0 0 0 0
fl=./string/../sysdeps/x86_64/multiarch/memset-vec-unaligned-erms.S
fn=__memset_avx2_unaligned_erms
158 7 1 1 0 0 0 0 0 0
159 14 0 0 0 0 0 0 0 0
164 7 0 0 0 0 0 0 0 0
165 7 0 0 0 0 0 0 0 0
166 7 0 0 0 0 0 0 0 0
167 7 0 0 0 0 0 0 0 0
168 7 0 0 0 0 0 0 0 0
170 1 0 0 0 0 0 1 1 1
171 1 0 0 0 0 0 1 0 0
172 2 0 0 1 0 0 0 0 0
237 6 1 1 6 6 2 0 0 0
238 6 0 0 0 0 0 0 0 0
244 3 0 0 0 0 0 3 0 0
245 3 0 0 0 0 0 3 3 1
257 3 0 0 0 0 0 0 0 0
260 3 0 0 0 0 0 0 0 0
261 3 0 0 0 0 0 0 0 0
273 3 0 0 0 0 0 3 0 0
274 3 0 0 0 0 0 3 3 1
287 3 0 0 0 0 0 0 0 0
288 3 0 0 0 0 0 0 0 0
290 3 0 0 0 0 0 0 0 0
293 3 0 0 0 0 0 0 0 0
296 3 0 0 0 0 0 0 0 0
299 24 1 1 0 0 0 24 8 2
300 24 0 0 0 0 0 24 14 0
301 24 0 0 0 0 0 24 10 3
302 24 0 0 0 0 0 24 14 0
303 24 0 0 0 0 0 0 0 0
304 24 0 0 0 0 0 0 0 0
305 27 0 0 0 0 0 0 0 0
308 3 0 0 0 0 0 3 0 0
309 3 0 0 0 0 0 3 1 0
310 3 0 0 0 0 0 3 0 0
311 3 0 0 0 0 0 3 0 0
314 6 0 0 3 0 0 0 0 0
325 3 1 1 0 0 0 0 0 0
326 3 0 0 0 0 0 0 0 0
327 3 0 0 0 0 0 0 0 0
328 28675 0 0 0 0 0 28672 444 255
329 3 0 0 0 0 0 0 0 0
330 6 0 0 3 0 0 0 0 0
fl=/home/wang/git-repositories/vcpkg/installed/x64-linux-clang-libcxx/include/boost/unordered/detail/foa/core.hpp
fn=_ZN5boost9unordered6detail3foa10table_coreINS2_14flat_map_typesImlEENS2_7group15INS2_14plain_integralEEENS2_12table_arraysENS2_18plain_size_controlENS_4hashImEENSt3__18equal_toImEENSD_9allocatorINSD_4pairIKmlEEEEE22for_all_elements_whileIZNSL_22for_all_elements_whileIZNSL_16for_all_elementsIZNSL_16unchecked_rehashERNS9_ISJ_S8_NS2_16pow2_size_policyESK_EEEUlPSJ_E_EEDTcmclfL1p0_LDnEEcvv_EERKSQ_T_EUlSS_E_EESU_SW_SX_EUlPS8_jSS_E_EEDTcmclfp0_LDnELi0ELDnEEcvv_EESW_SX_
1033 1 1 1 1 0 0 0 0 0
2061 7 1 1 0 0 0 7 0 0
2063 2 0 0 0 0 0 0 0 0
2075 8 1 1 7 0 0 0 0 0
fn=boost::unordered::detail::foa::table_core<boost::unordered::detail::foa::flat_map_types<unsigned long, long>, boost::unordered::detail::foa::group15<boost::unordered::detail::foa::plain_integral>, boost::unordered::detail::foa::table_arrays, boost::unordered::detail::foa::plain_size_control, boost::hash<unsigned long>, std::__1::equal_to<unsigned long>, std::__1::allocator<std::__1::pair<unsigned long const, long> > >::unchecked_rehash(boost::unordered::detail::foa::table_arrays<std::__1::pair<unsigned long const, long>, boost::unordered::detail::foa::group15<boost::unordered::detail::foa::plain_integral>, boost::unordered::detail::foa::pow2_size_policy, std::__1::allocator<std::__1::pair<unsigned long const, long> > >&)
0 4 1 1 0 0 0 1 0 0
1033 2 0 0 2 0 0 0 0 0
1096 2 0 0 0 0 0 0 0 0
1563 12 1 1 2 0 0 0 0 0
1811 5 1 1 1 0 0 0 0 0
2025 5 0 0 0 0 0 3 0 0
2054 1 0 0 0 0 0 1 0 0
2288 5 1 1 0 0 0 2 0 0
2289 1 0 0 0 0 0 1 0 0
2320 2 0 0 1 0 0 1 0 0
2321 1 0 0 0 0 0 1 0 0
2322 5 0 0 3 0 0 0 0 0
fn=boost::unordered::detail::foa::table_locator<boost::unordered::detail::foa::group15<boost::unordered::detail::foa::plain_integral>, std::__1::pair<unsigned long const, long> > boost::unordered::detail::foa::table_core<boost::unordered::detail::foa::flat_map_types<unsigned long, long>, boost::unordered::detail::foa::group15<boost::unordered::detail::foa::plain_integral>, boost::unordered::detail::foa::table_arrays, boost::unordered::detail::foa::plain_size_control, boost::hash<unsigned long>, std::__1::equal_to<unsigned long>, std::__1::allocator<std::__1::pair<unsigned long const, long> > >::unchecked_emplace_with_rehash<boost::unordered::detail::foa::try_emplace_args_t, unsigned long const&>(unsigned long, boost::unordered::detail::foa::try_emplace_args_t&&, unsigned long const&)
0 16 1 1 1 0 0 1 0 0
296 2 1 1 1 0 0 0 0 0
297 2 0 0 0 0 0 0 0 0
389 3 1 1 1 0 0 0 0 0
837 4 0 0 0 0 0 0 0 0
842 2 0 0 0 0 0 0 0 0
849 1 0 0 0 0 0 0 0 0
859 2 1 1 0 0 0 0 0 0
927 2 0 0 0 0 0 0 0 0
1031 4 1 1 0 0 0 4 0 0
1051 2 0 0 0 0 0 1 0 0
1057 4 0 0 0 0 0 0 0 0
1058 3 0 0 0 0 0 0 0 0
1059 1 0 0 0 0 0 0 0 0
1066 1 0 0 0 0 0 0 0 0
1073 2 0 0 0 0 0 0 0 0
1085 1 0 0 0 0 0 0 0 0
1113 2 0 0 0 0 0 1 0 0
1125 4 1 1 1 0 0 1 0 0
1689 1 0 0 1 0 0 0 0 0
1983 11 0 0 0 0 0 6 0 0
1988 4 0 0 0 0 0 3 0 0
1999 2 0 0 0 0 0 1 0 0
2000 1 0 0 1 0 0 0 0 0
2002 9 0 0 7 0 0 0 0 0
2132 18 1 1 2 1 1 0 0 0
2373 2 0 0 0 0 0 0 0 0
2375 1 0 0 0 0 0 0 0 0
2377 5 0 0 0 0 0 0 0 0
fn=lob::v19::BookT<lob::ChecksumSink, 16u>::loc_of(unsigned int, unsigned long) const
0 64 0 0 16 0 0 0 0 0
271 32 0 0 0 0 0 0 0 0
272 32 0 0 0 0 0 0 0 0
336 16 0 0 16 5 1 0 0 0
849 112 1 1 48 14 10 0 0 0
927 32 0 0 0 0 0 0 0 0
1727 32 0 0 0 0 0 0 0 0
1729 16 0 0 0 0 0 0 0 0
1732 32 0 0 0 0 0 0 0 0
1733 16 1 1 0 0 0 0 0 0
1737 32 0 0 0 0 0 0 0 0
1955 16 0 0 16 3 1 0 0 0
fn=lob::v19::BookT<lob::ChecksumSink, 16u>::off_grid_level(lob::Side, long, unsigned long)
0 242 3 3 79 15 10 0 0 0
271 32 0 0 0 0 0 0 0 0
272 16 0 0 0 0 0 0 0 0
279 16 0 0 16 3 1 0 0 0
296 30 0 0 15 0 0 0 0 0
297 30 0 0 0 0 0 0 0 0
336 16 1 1 16 5 1 0 0 0
849 16 0 0 0 0 0 0 0 0
927 30 0 0 0 0 0 0 0 0
1727 32 0 0 0 0 0 0 0 0
1729 16 0 0 0 0 0 0 0 0
1745 16 0 0 0 0 0 0 0 0
1955 16 0 0 16 4 1 0 0 0
1970 30 1 0 0 0 0 15 0 0
2373 60 0 0 0 0 0 0 0 0
2375 15 1 1 0 0 0 0 0 0
2377 75 0 0 0 0 0 0 0 0
fn=lob::v19::BookT<lob::ChecksumSink, 16u>::unlink_off_grid(lob::v19::BookT<lob::ChecksumSink, 16u>::Loc const&, unsigned long)
0 64 1 1 16 0 0 0 0 0
271 32 0 0 0 0 0 0 0 0
272 32 0 0 0 0 0 0 0 0
279 48 1 1 32 3 0 0 0 0
336 16 0 0 16 0 0 0 0 0
404 16 0 0 0 0 0 0 0 0
849 112 0 0 48 0 0 0 0 0
927 32 0 0 0 0 0 0 0 0
1727 32 0 0 0 0 0 0 0 0
1729 16 0 0 0 0 0 0 0 0
1732 32 0 0 0 0 0 0 0 0
1733 16 0 0 0 0 0 0 0 0
1737 48 1 1 0 0 0 0 0 0
1955 16 0 0 16 0 0 0 0 0
2266 112 0 0 32 3 2 16 0 0
fn=lob::v19::OrderTable::grow()
1033 6 1 1 6 6 2 0 0 0
fl=/home/wang/git-repositories/vcpkg/installed/x64-linux-clang-libcxx/include/boost/unordered/detail/foa/table.hpp
fn=boost::unordered::detail::foa::table_locator<boost::unordered::detail::foa::group15<boost::unordered::detail::foa::plain_integral>, std::__1::pair<unsigned long const, long> > boost::unordered::detail::foa::table_core<boost::unordered::detail::foa::flat_map_types<unsigned long, long>, boost::unordered::detail::foa::group15<boost::unordered::detail::foa::plain_integral>, boost::unordered::detail::foa::table_arrays, boost::unordered::detail::foa::plain_size_control, boost::hash<unsigned long>, std::__1::equal_to<unsigned long>, std::__1::allocator<std::__1::pair<unsigned long const, long> > >::unchecked_emplace_with_rehash<boost::unordered::detail::foa::try_emplace_args_t, unsigned long const&>(unsigned long, boost::unordered::detail::foa::try_emplace_args_t&&, unsigned long const&)
0 3 0 0 1 0 0 1 0 0
40 2 0 0 0 0 0 2 0 0
fn=lob::v19::BookT<lob::ChecksumSink, 16u>::off_grid_level(lob::Side, long, unsigned long)
0 1 0 0 0 0 0 0 0 0
40 15 0 0 0 0 0 15 0 0
626 1 0 0 1 0 0 0 0 0
640 48 1 1 32 0 0 0 0 0
641 15 0 0 0 0 0 0 0 0
650 3 1 1 0 0 0 1 0 0
fn=lob::v19::BookT<lob::ChecksumSink, 16u>::unlink_off_grid(lob::v19::BookT<lob::ChecksumSink, 16u>::Loc const&, unsigned long)
0 16 0 0 16 0 0 0 0 0
40 16 0 0 0 0 0 16 0 0
140 16 0 0 0 0 0 0 0 0
fn=lob::v19::OrderTable::grow()
390 12 0 0 0 0 0 0 0 0
fl=/home/wang/git-repositories/vcpkg/installed/x64-linux-clang-libcxx/include/boost/unordered/detail/mulx.hpp
fn=lob::v19::BookT<lob::ChecksumSink, 16u>::loc_of(unsigned int, unsigned long) const
45 16 0 0 0 0 0 0 0 0
46 16 0 0 0 0 0 0 0 0
fn=lob::v19::BookT<lob::ChecksumSink, 16u>::off_grid_level(lob::Side, long, unsigned long)
45 32 0 0 0 0 0 0 0 0
46 16 0 0 0 0 0 0 0 0
fn=lob::v19::BookT<lob::ChecksumSink, 16u>::unlink_off_grid(lob::v19::BookT<lob::ChecksumSink, 16u>::Loc const&, unsigned long)
45 16 0 0 0 0 0 0 0 0
46 16 1 1 0 0 0 0 0 0
fl=/home/wang/sources/cxx/book/include/lob/events.hpp
fn=lob::v19::BookT<lob::ChecksumSink, 16u>::modify(unsigned long, long, unsigned int)
92 41028 0 0 41028 0 0 0 0 0
93 246168 1 1 41028 0 0 0 0 0
fn=void lob::replay<lob::v19::BookT<lob::ChecksumSink, 16u> >(lob::v19::BookT<lob::ChecksumSink, 16u>&, std::__1::span<lob::Op const, 18446744073709551615ul>)
0 4884384 2 2 1221096 0 0 1221096 0 0
92 2442192 0 0 2442192 7 2 0 0 0
93 24421920 1 1 3663288 0 0 1221096 0 0
fl=/home/wang/sources/cxx/book/include/lob/replay.hpp
fn=void lob::replay<lob::v19::BookT<lob::ChecksumSink, 16u> >(lob::v19::BookT<lob::ChecksumSink, 16u>&, std::__1::span<lob::Op const, 18446744073709551615ul>)
0 18 1 1 0 0 0 8 1 1
53 2483221 0 0 0 0 0 0 0 0
57 1 0 0 1 0 0 0 0 0
fl=/home/wang/sources/cxx/book/include/lob/v11/exact_div.hpp
fn=void lob::replay<lob::v19::BookT<lob::ChecksumSink, 16u> >(lob::v19::BookT<lob::ChecksumSink, 16u>&, std::__1::span<lob::Op const, 18446744073709551615ul>)
37 3663288 0 0 2442192 0 0 0 0 0
fl=/home/wang/sources/cxx/book/include/lob/v19/book.hpp
fn=auto lob::v19::BookT<lob::ChecksumSink, 16u>::unlink_off_grid(lob::v19::BookT<lob::ChecksumSink, 16u>::Loc const&, unsigned long)::{lambda(auto:1&)#1}::operator()<std::__1::map<long, lob::v19::BookT<lob::ChecksumSink, 16u>::Level, std::__1::greater<void>, std::__1::allocator<std::__1::pair<long const, lob::v19::BookT<lob::ChecksumSink, 16u>::Level> > > >(std::__1::map<long, lob::v19::BookT<lob::ChecksumSink, 16u>::Level, std::__1::greater<void>, std::__1::allocator<std::__1::pair<long const, lob::v19::BookT<lob::ChecksumSink, 16u>::Level> > >&) const
0 15 1 1 5 0 0 0 0 0
414 6 0 0 0 0 0 3 0 0
415 8 0 0 2 0 0 3 0 0
466 10 0 0 5 0 0 0 0 0
467 5 0 0 5 0 0 0 0 0
469 5 0 0 0 0 0 0 0 0
470 7 0 0 0 0 0 0 0 0
471 11 1 1 0 0 0 0 0 0
472 5 0 0 0 0 0 5 1 0
473 5 0 0 0 0 0 5 0 0
607 15 0 0 0 0 0 15 0 0
608 5 0 0 5 0 0 0 0 0
609 5 0 0 0 0 0 0 0 0
611 10 0 0 5 0 0 0 0 0
615 20 0 0 20 0 0 0 0 0
fn=auto lob::v19::BookT<lob::ChecksumSink, 16u>::unlink_off_grid(lob::v19::BookT<lob::ChecksumSink, 16u>::Loc const&, unsigned long)::{lambda(auto:1&)#1}::operator()<std::__1::map<long, lob::v19::BookT<lob::ChecksumSink, 16u>::Level, std::__1::less<void>, std::__1::allocator<std::__1::pair<long const, lob::v19::BookT<lob::ChecksumSink, 16u>::Level> > > >(std::__1::map<long, lob::v19::BookT<lob::ChecksumSink, 16u>::Level, std::__1::less<void>, std::__1::allocator<std::__1::pair<long const, lob::v19::BookT<lob::ChecksumSink, 16u>::Level> > >&) const
0 33 0 0 11 0 0 0 0 0
414 25 1 1 7 0 0 9 0 0
415 26 0 0 8 1 0 9 0 0
466 22 0 0 11 0 0 0 0 0
467 11 0 0 11 0 0 0 0 0
469 11 1 1 0 0 0 0 0 0
470 11 0 0 0 0 0 0 0 0
471 24 1 1 0 0 0 0 0 0
472 11 0 0 0 0 0 11 0 0
473 11 0 0 0 0 0 11 2 0
607 33 1 1 0 0 0 33 0 0
608 11 0 0 11 0 0 0 0 0
609 11 1 1 0 0 0 0 0 0
611 22 0 0 11 0 0 0 0 0
615 44 0 0 44 0 0 0 0 0
fn=lob::v19::BookT<lob::ChecksumSink, 16u>::anchor_if_on_tick(long)
405 3 0 0 0 0 0 1 0 0
406 1 0 0 0 0 0 1 0 0
623 10 1 1 1 0 0 0 0 0
624 1 0 0 1 0 0 0 0 0
fn=lob::v19::BookT<lob::ChecksumSink, 16u>::loc_of(unsigned int, unsigned long) const
0 16 0 0 0 0 0 0 0 0
365 82088 0 0 0 0 0 0 0 0
366 41044 0 0 0 0 0 0 0 0
382 205220 1 1 0 0 0 205220 0 0
383 41044 0 0 41044 0 0 0 0 0
384 123132 1 1 16 0 0 0 0 0
386 369396 0 0 205220 0 0 0 0 0
402 82056 1 1 82056 0 0 0 0 0
fn=lob::v19::BookT<lob::ChecksumSink, 16u>::modify(unsigned long, long, unsigned int)
0 451308 2 2 164112 0 0 82056 0 0
224 369252 2 2 0 0 0 246168 204 1
225 41028 0 0 0 0 0 0 0 0
226 82056 0 0 0 0 0 0 0 0
227 82056 0 0 0 0 0 0 0 0
228 82056 0 0 0 0 0 0 0 0
230 246168 0 0 0 0 0 123084 214 2
232 164112 0 0 0 0 0 0 0 0
233 41028 0 0 0 0 0 41028 0 0
234 41028 0 0 41028 0 0 0 0 0
238 41028 0 0 41028 0 0 0 0 0
242 328224 1 1 287196 0 0 0 0 0
fn=lob::v19::BookT<lob::ChecksumSink, 16u>::off_grid_level(lob::Side, long, unsigned long)
0 48 1 1 0 0 0 16 0 0
414 48 0 0 16 2 0 16 0 0
415 46 0 0 14 0 0 16 0 0
597 176 1 1 0 0 0 112 1 0
598 72 2 2 12 0 0 0 0 0
600 32 0 0 0 0 0 16 0 0
601 144 0 0 112 0 0 0 0 0
fn=lob::v19::BookT<lob::ChecksumSink, 16u>::relink_after_grow()
0 10 0 0 5 0 0 0 0 0
431 24 1 1 12 6 1 0 0 0
433 15858 1 1 5286 2634 913 5286 0 0
434 15858 1 1 5286 0 0 5286 0 0
438 3928 0 0 0 0 0 0 0 0
440 13 0 0 0 0 0 0 0 0
441 41 0 0 0 0 0 0 0 0
443 6 0 0 6 4 0 0 0 0
fn=lob::v19::BookT<lob::ChecksumSink, 16u>::unlink_off_grid(lob::v19::BookT<lob::ChecksumSink, 16u>::Loc const&, unsigned long)
0 27 0 0 0 0 0 0 0 0
605 144 1 1 0 0 0 96 2 0
607 32 0 0 0 0 0 32 0 0
616 32 1 1 16 0 0 0 0 0
617 15 0 0 0 0 0 5 0 0
619 33 0 0 0 0 0 11 0 0
620 128 0 0 112 0 0 0 0 0
fn=void lob::replay<lob::v19::BookT<lob::ChecksumSink, 16u> >(lob::v19::BookT<lob::ChecksumSink, 16u>&, std::__1::span<lob::Op const, 18446744073709551615ul>)
0 9850880 2 2 6146505 310406 310402 0 0 0
193 12334044 1 1 2483220 463718 463714 0 0 0
195 4884384 1 1 3663288 151956 151956 0 0 0
199 205140 0 0 82056 5136 5136 41028 0 0
205 1221096 0 0 0 0 0 0 0 0
206 3663288 0 0 0 0 0 0 0 0
207 1221096 0 0 0 0 0 1221096 0 0
209 1221096 0 0 0 0 0 0 0 0
210 24 1 1 0 0 0 18 0 0
211 2442192 1 1 1221096 0 0 0 0 0
217 2442192 1 1 0 0 0 0 0 0
218 3663288 0 0 2442192 0 0 1221096 0 0
221 1221096 0 0 1221096 0 0 0 0 0
356 7326480 1 1 0 0 0 0 0 0
363 12210960 0 0 0 0 0 0 0 0
365 2442192 0 0 0 0 0 0 0 0
394 2 0 0 1 0 0 0 0 0
399 2442192 0 0 1221096 0 0 0 0 0
400 3663288 1 1 0 0 0 0 0 0
402 2442190 0 0 2442190 0 0 0 0 0
452 1221096 0 0 1221096 7859 1635 0 0 0
453 2442192 0 0 0 0 0 0 0 0
456 3663288 0 0 0 0 0 0 0 0
457 1221096 0 0 0 0 0 0 0 0
458 1221096 0 0 0 0 0 1221096 19275 0
459 1221096 0 0 0 0 0 1221096 0 0
460 1221096 0 0 0 0 0 1221096 0 0
461 1221096 1 1 0 0 0 1221096 0 0
468 1221080 0 0 0 0 0 0 0 0
469 2442160 0 0 0 0 0 0 0 0
470 13431880 1 1 0 0 0 0 0 0
471 10989720 0 0 1221080 0 0 0 0 0
472 1221080 0 0 0 0 0 1221080 47056 121
473 2442160 1 1 0 0 0 1221080 26032 28
482 3663288 0 0 0 0 0 0 0 0
483 3663285 0 0 0 0 0 0 0 0
484 7326528 0 0 0 0 0 0 0 0
485 1221096 1 1 1221096 4 1 0 0 0
486 1221096 0 0 0 0 0 0 0 0
487 4884380 0 0 0 0 0 0 0 0
488 2442192 1 1 0 0 0 0 0 0
494 1221096 0 0 0 0 0 0 0 0
561 2442197 1 1 1221096 0 0 2 1 1
563 6105480 0 0 0 0 0 1221096 3 0
565 1221096 0 0 0 0 0 0 0 0
566 3663240 0 0 1221080 0 0 0 0 0
567 1221080 0 0 0 0 0 0 0 0
569 96 0 0 0 0 0 32 0 0
572 1221096 0 0 1221096 7 2 0 0 0
585 2442192 1 1 0 0 0 0 0 0
588 6105400 0 0 2442160 0 0 0 0 0
589 1221080 0 0 1221080 0 0 0 0 0
590 4884320 0 0 0 0 0 0 0 0
592 160 0 0 0 0 0 64 0 0
fl=/home/wang/sources/cxx/book/include/lob/v19/order_table.hpp
fn=auto lob::v19::BookT<lob::ChecksumSink, 16u>::unlink_off_grid(lob::v19::BookT<lob::ChecksumSink, 16u>::Loc const&, unsigned long)::{lambda(auto:1&)#1}::operator()<std::__1::map<long, lob::v19::BookT<lob::ChecksumSink, 16u>::Level, std::__1::greater<void>, std::__1::allocator<std::__1::pair<long const, lob::v19::BookT<lob::ChecksumSink, 16u>::Level> > > >(std::__1::map<long, lob::v19::BookT<lob::ChecksumSink, 16u>::Level, std::__1::greater<void>, std::__1::allocator<std::__1::pair<long const, lob::v19::BookT<lob::ChecksumSink, 16u>::Level> > >&) const
74 37 0 0 7 0 0 0 0 0
75 16 0 0 0 0 0 0 0 0
fn=auto lob::v19::BookT<lob::ChecksumSink, 16u>::unlink_off_grid(lob::v19::BookT<lob::ChecksumSink, 16u>::Loc const&, unsigned long)::{lambda(auto:1&)#1}::operator()<std::__1::map<long, lob::v19::BookT<lob::ChecksumSink, 16u>::Level, std::__1::less<void>, std::__1::allocator<std::__1::pair<long const, lob::v19::BookT<lob::ChecksumSink, 16u>::Level> > > >(std::__1::map<long, lob::v19::BookT<lob::ChecksumSink, 16u>::Level, std::__1::less<void>, std::__1::allocator<std::__1::pair<long const, lob::v19::BookT<lob::ChecksumSink, 16u>::Level> > >&) const
74 72 0 0 13 0 0 0 0 0
75 28 0 0 0 0 0 0 0 0
fn=lob::v19::BookT<lob::ChecksumSink, 16u>::loc_of(unsigned int, unsigned long) const
74 205220 0 0 41044 0 0 0 0 0
75 123132 0 0 0 0 0 0 0 0
fn=lob::v19::BookT<lob::ChecksumSink, 16u>::modify(unsigned long, long, unsigned int)
0 86442 0 0 0 0 0 0 0 0
74 205140 1 1 82056 0 0 0 0 0
75 164112 0 0 0 0 0 0 0 0
88 123084 0 0 0 0 0 0 0 0
92 86890 0 0 0 0 0 0 0 0
93 4834 0 0 2417 0 0 0 0 0
163 205140 0 0 82056 0 0 0 0 0
165 7251 0 0 0 0 0 0 0 0
167 41028 0 0 0 0 0 0 0 0
172 91724 1 1 0 0 0 0 0 0
174 86890 0 0 43445 273 0 0 0 0
fn=lob::v19::BookT<lob::ChecksumSink, 16u>::relink_after_grow()
0 5268 0 0 12 2 0 0 0 0
143 10572 0 0 0 0 0 0 0 0
144 10572 0 0 10572 3771 0 0 0 0
fn=lob::v19::OrderTable::grow()
0 145602 3 3 80699 2 0 0 0 0
144 21684 0 0 21684 12673 0 0 0 0
163 64512 0 0 16128 0 0 0 0 0
165 188 0 0 0 0 0 0 0 0
167 32256 0 0 0 0 0 0 0 0
184 16175 1 1 16175 472 0 0 0 0
185 80840 4 4 0 0 0 0 0 0
187 84284 1 1 0 0 0 16128 0 0
188 80640 0 0 16128 0 0 16128 12576 0
191 141 0 0 47 0 0 0 0 0
195 6 0 0 0 0 0 6 0 0
196 6 0 0 0 0 0 6 0 0
197 24 1 1 0 0 0 6 0 0
198 6 0 0 0 0 0 6 0 0
200 12 0 0 0 0 0 6 0 0
201 16194 1 1 0 0 0 0 0 0
202 32256 1 1 0 0 0 32256 32256 32256
203 32256 1 1 0 0 0 32256 0 0
207 48 2 1 0 0 0 42 2 0
210 6 0 0 6 0 0 0 0 0
211 6 0 0 0 0 0 0 0 0
212 24 0 0 0 0 0 6 0 0
213 48396 0 0 0 0 0 0 0 0
215 127598 0 0 30706 254 0 0 0 0
216 16128 1 1 16128 10400 0 0 0 0
218 112896 2 2 16128 0 0 16128 0 0
219 16128 0 0 0 0 0 16128 3658 0
222 129036 0 0 0 0 0 0 0 0
224 241488 0 0 47952 489 0 0 0 0
226 64512 1 1 16128 12336 0 16128 0 0
227 64512 1 1 16128 0 0 16128 0 0
267 60 0 0 36 6 1 0 0 0
fn=void lob::replay<lob::v19::BookT<lob::ChecksumSink, 16u> >(lob::v19::BookT<lob::ChecksumSink, 16u>&, std::__1::span<lob::Op const, 18446744073709551615ul>)
0 8815241 2 2 2564881 1 1 1221102 0 0
74 34190608 4 3 7326544 3 0 0 0 0
75 7326576 0 0 0 0 0 0 0 0
88 2442192 0 0 1221096 0 0 0 0 0
92 2584258 0 0 0 0 0 0 0 0
93 142066 0 0 71033 0 0 0 0 0
100 3663288 0 0 1221096 1 1 0 0 0
101 2427620 1 1 0 0 0 1213810 0 0
102 3641430 0 0 2427620 0 0 0 0 0
103 6 0 0 0 0 0 2 0 0
105 1213810 0 0 0 0 0 1213810 2 1
106 2427624 0 0 2 0 0 1213810 0 0
109 14572 1 1 7286 0 0 0 0 0
111 21858 0 0 14572 0 0 0 0 0
112 12 1 1 0 0 0 4 0 0
116 14670 0 0 0 0 0 0 0 0
120 14670 1 1 7335 0 0 0 0 0
122 7286 1 1 0 0 0 7286 4 0
123 14572 0 0 14572 0 0 0 0 0
129 1221096 0 0 0 0 0 0 0 0
131 2442192 0 0 0 0 0 0 0 0
132 1221096 0 0 0 0 0 0 0 0
133 3663288 1 1 1221096 0 0 0 0 0
134 1221096 0 0 0 0 0 1221096 0 0
135 4884384 0 0 1221096 10152 0 0 0 0
136 2797357 1 1 71033 0 0 0 0 0
137 1221096 0 0 1221096 0 0 0 0 0
163 18323726 2 2 6112766 0 0 0 0 0
165 854393 0 0 0 0 0 0 0 0
167 3663288 0 0 0 0 0 0 0 0
172 2826697 1 1 0 0 0 0 0 0
174 2606214 0 0 1299464 48600 0 0 0 0
184 1292567 0 0 1292567 89299 5 0 0 0
185 6391364 2 2 0 0 0 0 0 0
187 4891670 0 0 0 0 0 1221096 0 0
188 4884384 1 1 1221096 0 0 1221096 1113459 256
191 214413 0 0 71471 65150 0 0 0 0
fl=/home/wang/sources/cxx/book/include/lob/v3/hier_bitmap.hpp
fn=lob::v19::BookT<lob::ChecksumSink, 16u>::relink_after_grow()
0 3245 0 0 888 0 0 0 0 0
112 36864 0 0 0 0 0 0 0 0
113 47966 2 2 12288 1542 469 0 0 0
115 3928 0 0 0 0 0 0 0 0
fn=void lob::replay<lob::v19::BookT<lob::ChecksumSink, 16u> >(lob::v19::BookT<lob::ChecksumSink, 16u>&, std::__1::span<lob::Op const, 18446744073709551615ul>)
0 1373 0 0 0 0 0 0 0 0
48 3663288 0 0 2442192 24 4 0 0 0
57 2443533 0 0 0 0 0 0 0 0
58 3667254 0 0 1222418 552 59 0 0 0
59 3667359 1 1 2444871 1 1 2444836 10 1
78 3663240 0 0 1221080 0 0 0 0 0
79 3663240 0 0 1221080 1189 25 0 0 0
80 1221080 0 0 0 0 0 0 0 0
83 1373 0 0 0 0 0 0 0 0
84 4154 0 0 1373 5 0 0 0 0
95 6105475 0 0 0 0 0 0 0 0
fl=/home/wang/sources/cxx/book/source/main.cxx
fn=auto lob::for_each_type<std::__1::tuple<lob::v0::Book<lob::ChecksumSink>, lob::v1::Book<lob::ChecksumSink>, lob::v2::Book<lob::ChecksumSink>, lob::v3::BookT<lob::ChecksumSink, 16u>, lob::v4::BookT<lob::ChecksumSink, 16u>, lob::v5::BookT<lob::ChecksumSink, 16u>, lob::v7::BookT<lob::ChecksumSink, 16u>, lob::v8::BookT<lob::ChecksumSink, 16u>, lob::v9::BookT<lob::ChecksumSink, 16u>, lob::v10::BookT<lob::ChecksumSink, 16u>, lob::v11::BookT<lob::ChecksumSink, 16u>, lob::v12::BookT<lob::ChecksumSink, 16u>, lob::v13::BookT<lob::ChecksumSink, 16u>, lob::v14::BookT<lob::ChecksumSink, 16u>, lob::v15::BookT<lob::ChecksumSink, 16u>, lob::v16::BookT<lob::ChecksumSink, 16u>, lob::v17::BookT<lob::ChecksumSink, 16u>, lob::v18::BookT<lob::ChecksumSink, 16u>, lob::v19::BookT<lob::ChecksumSink, 16u> >, (anonymous namespace)::with_version<(anonymous namespace)::cmd_replay((anonymous namespace)::Args const&)::$_0>(std::__1::basic_string_view<char, std::__1::char_traits<char> >, (anonymous namespace)::cmd_replay((anonymous namespace)::Args const&)::$_0&&)::{lambda<typename $T0>()#1}>((anonymous namespace)::with_version<(anonymous namespace)::cmd_replay((anonymous namespace)::Args const&)::$_0>(std::__1::basic_string_view<char, std::__1::char_traits<char> >, (anonymous namespace)::cmd_replay((anonymous namespace)::Args const&)::$_0&&)::{lambda<typename $T0>()#1}&&)::{lambda<unsigned long... $N0>(std::__1::integer_sequence<unsigned long, ($N0)...>)#1}::operator()<0ul, 1ul, 2ul, 3ul, 4ul, 5ul, 6ul, 7ul, 8ul, 9ul, 10ul, 11ul, 12ul, 13ul, 14ul, 15ul, 16ul, 17ul, 18ul>(std::__1::integer_sequence<unsigned long, 0ul, 1ul, 2ul, 3ul, 4ul, 5ul, 6ul, 7ul, 8ul, 9ul, 10ul, 11ul, 12ul, 13ul, 14ul, 15ul, 16ul, 17ul, 18ul>) const
294 2 1 1 0 0 0 1 1 1
295 3 1 1 1 1 1 1 1 1
296 9 1 1 0 0 0 6 1 1
fl=/usr/include/c++/v1/__algorithm/fill_n.h
fn=std::__1::vector<unsigned int, std::__1::allocator<unsigned int> >::assign(unsigned long, unsigned int const&)
0 60 2 2 0 0 0 0 0 0
fl=/usr/include/c++/v1/__bit/countr.h
fn=lob::v19::BookT<lob::ChecksumSink, 16u>::modify(unsigned long, long, unsigned int)
28 82056 1 1 0 0 0 0 0 0
fn=lob::v19::BookT<lob::ChecksumSink, 16u>::relink_after_grow()
28 10488 2 2 0 0 0 0 0 0
fn=lob::v19::OrderTable::grow()
28 32256 0 0 0 0 0 0 0 0
fn=void lob::replay<lob::v19::BookT<lob::ChecksumSink, 16u> >(lob::v19::BookT<lob::ChecksumSink, 16u>&, std::__1::span<lob::Op const, 18446744073709551615ul>)
28 8554955 0 0 2442190 23 2 0 0 0
fl=/usr/include/c++/v1/__functional/operations.h
fn=auto lob::v19::BookT<lob::ChecksumSink, 16u>::unlink_off_grid(lob::v19::BookT<lob::ChecksumSink, 16u>::Loc const&, unsigned long)::{lambda(auto:1&)#1}::operator()<std::__1::map<long, lob::v19::BookT<lob::ChecksumSink, 16u>::Level, std::__1::greater<void>, std::__1::allocator<std::__1::pair<long const, lob::v19::BookT<lob::ChecksumSink, 16u>::Level> > > >(std::__1::map<long, lob::v19::BookT<lob::ChecksumSink, 16u>::Level, std::__1::greater<void>, std::__1::allocator<std::__1::pair<long const, lob::v19::BookT<lob::ChecksumSink, 16u>::Level> > >&) const
462 23 1 1 11 2 0 0 0 0
fn=auto lob::v19::BookT<lob::ChecksumSink, 16u>::unlink_off_grid(lob::v19::BookT<lob::ChecksumSink, 16u>::Loc const&, unsigned long)::{lambda(auto:1&)#1}::operator()<std::__1::map<long, lob::v19::BookT<lob::ChecksumSink, 16u>::Level, std::__1::less<void>, std::__1::allocator<std::__1::pair<long const, lob::v19::BookT<lob::ChecksumSink, 16u>::Level> > > >(std::__1::map<long, lob::v19::BookT<lob::ChecksumSink, 16u>::Level, std::__1::less<void>, std::__1::allocator<std::__1::pair<long const, lob::v19::BookT<lob::ChecksumSink, 16u>::Level> > >&) const
375 83 1 1 35 6 0 0 0 0
fn=lob::v19::BookT<lob::ChecksumSink, 16u>::loc_of(unsigned int, unsigned long) const
300 16 0 0 16 9 5 0 0 0
fn=lob::v19::BookT<lob::ChecksumSink, 16u>::off_grid_level(lob::Side, long, unsigned long)
375 42 0 0 21 0 0 0 0 0
462 12 0 0 6 1 0 0 0 0
fn=lob::v19::BookT<lob::ChecksumSink, 16u>::unlink_off_grid(lob::v19::BookT<lob::ChecksumSink, 16u>::Loc const&, unsigned long)
300 16 0 0 16 0 0 0 0 0
fl=/usr/include/c++/v1/__iterator/wrap_iter.h
fn=void lob::replay<lob::v19::BookT<lob::ChecksumSink, 16u> >(lob::v19::BookT<lob::ChecksumSink, 16u>&, std::__1::span<lob::Op const, 18446744073709551615ul>)
65 2483220 0 0 0 0 0 0 0 0
125 2483221 1 1 0 0 0 0 0 0
fl=/usr/include/c++/v1/__math/rounding_functions.h
fn=boost::unordered::detail::foa::table_locator<boost::unordered::detail::foa::group15<boost::unordered::detail::foa::plain_integral>, std::__1::pair<unsigned long const, long> > boost::unordered::detail::foa::table_core<boost::unordered::detail::foa::flat_map_types<unsigned long, long>, boost::unordered::detail::foa::group15<boost::unordered::detail::foa::plain_integral>, boost::unordered::detail::foa::table_arrays, boost::unordered::detail::foa::plain_size_control, boost::hash<unsigned long>, std::__1::equal_to<unsigned long>, std::__1::allocator<std::__1::pair<unsigned long const, long> > >::unchecked_emplace_with_rehash<boost::unordered::detail::foa::try_emplace_args_t, unsigned long const&>(unsigned long, boost::unordered::detail::foa::try_emplace_args_t&&, unsigned long const&)
29 1 0 0 0 0 0 0 0 0
fl=/usr/include/c++/v1/__memory/construct_at.h
fn=std::__1::vector<unsigned int, std::__1::allocator<unsigned int> >::assign(unsigned long, unsigned int const&)
38 10086 1 1 6 6 1 8064 4027 2109
fl=/usr/include/c++/v1/__memory/unique_ptr.h
fn=lob::v19::OrderTable::grow()
91 12 1 1 0 0 0 6 5 0
281 6 0 0 6 0 0 0 0 0
282 6 0 0 0 0 0 6 0 0
287 6 0 0 6 0 0 0 0 0
288 6 0 0 0 0 0 6 0 0
289 24 0 0 0 0 0 0 0 0
597 6 0 0 6 0 0 0 0 0
598 6 0 0 0 0 0 6 0 0
606 6 1 1 6 5 1 0 0 0
607 6 0 0 0 0 0 6 0 0
609 12 0 0 0 0 0 0 0 0
617 12 1 1 0 0 0 0 0 0
765 42 1 1 0 0 0 12 5 0
fn=void lob::replay<lob::v19::BookT<lob::ChecksumSink, 16u> >(lob::v19::BookT<lob::ChecksumSink, 16u>&, std::__1::span<lob::Op const, 18446744073709551615ul>)
583 1221096 0 0 1221096 0 0 0 0 0
fl=/usr/include/c++/v1/__new/allocate.h
fn=auto lob::v19::BookT<lob::ChecksumSink, 16u>::unlink_off_grid(lob::v19::BookT<lob::ChecksumSink, 16u>::Loc const&, unsigned long)::{lambda(auto:1&)#1}::operator()<std::__1::map<long, lob::v19::BookT<lob::ChecksumSink, 16u>::Level, std::__1::greater<void>, std::__1::allocator<std::__1::pair<long const, lob::v19::BookT<lob::ChecksumSink, 16u>::Level> > > >(std::__1::map<long, lob::v19::BookT<lob::ChecksumSink, 16u>::Level, std::__1::greater<void>, std::__1::allocator<std::__1::pair<long const, lob::v19::BookT<lob::ChecksumSink, 16u>::Level> > >&) const
63 9 1 1 0 0 0 3 0 0
fn=auto lob::v19::BookT<lob::ChecksumSink, 16u>::unlink_off_grid(lob::v19::BookT<lob::ChecksumSink, 16u>::Loc const&, unsigned long)::{lambda(auto:1&)#1}::operator()<std::__1::map<long, lob::v19::BookT<lob::ChecksumSink, 16u>::Level, std::__1::less<void>, std::__1::allocator<std::__1::pair<long const, lob::v19::BookT<lob::ChecksumSink, 16u>::Level> > > >(std::__1::map<long, lob::v19::BookT<lob::ChecksumSink, 16u>::Level, std::__1::less<void>, std::__1::allocator<std::__1::pair<long const, lob::v19::BookT<lob::ChecksumSink, 16u>::Level> > >&) const
63 27 0 0 0 0 0 9 0 0
fn=boost::unordered::detail::foa::table_locator<boost::unordered::detail::foa::group15<boost::unordered::detail::foa::plain_integral>, std::__1::pair<unsigned long const, long> > boost::unordered::detail::foa::table_core<boost::unordered::detail::foa::flat_map_types<unsigned long, long>, boost::unordered::detail::foa::group15<boost::unordered::detail::foa::plain_integral>, boost::unordered::detail::foa::table_arrays, boost::unordered::detail::foa::plain_size_control, boost::hash<unsigned long>, std::__1::equal_to<unsigned long>, std::__1::allocator<std::__1::pair<unsigned long const, long> > >::unchecked_emplace_with_rehash<boost::unordered::detail::foa::try_emplace_args_t, unsigned long const&>(unsigned long, boost::unordered::detail::foa::try_emplace_args_t&&, unsigned long const&)
0 2 1 1 0 0 0 1 0 0
37 1 0 0 0 0 0 0 0 0
43 2 0 0 0 0 0 1 0 0
fn=lob::v19::BookT<lob::ChecksumSink, 16u>::off_grid_level(lob::Side, long, unsigned long)
43 36 1 1 0 0 0 12 1 0
fn=std::__1::vector<unsigned int, std::__1::allocator<unsigned int> >::assign(unsigned long, unsigned int const&)
37 6 0 0 0 0 0 0 0 0
43 6 0 0 0 0 0 6 0 0
63 5 0 0 0 0 0 5 0 0
fl=/usr/include/c++/v1/__tree
fn=auto lob::v19::BookT<lob::ChecksumSink, 16u>::unlink_off_grid(lob::v19::BookT<lob::ChecksumSink, 16u>::Loc const&, unsigned long)::{lambda(auto:1&)#1}::operator()<std::__1::map<long, lob::v19::BookT<lob::ChecksumSink, 16u>::Level, std::__1::greater<void>, std::__1::allocator<std::__1::pair<long const, lob::v19::BookT<lob::ChecksumSink, 16u>::Level> > > >(std::__1::map<long, lob::v19::BookT<lob::ChecksumSink, 16u>::Level, std::__1::greater<void>, std::__1::allocator<std::__1::pair<long const, lob::v19::BookT<lob::ChecksumSink, 16u>::Level> > >&) const
0 40 1 1 16 0 0 0 0 0
105 4 0 0 4 0 0 0 0 0
163 4 0 0 1 0 0 0 0 0
191 9 0 0 3 0 0 0 0 0
193 2 0 0 0 0 0 0 0 0
680 5 0 0 0 0 0 0 0 0
862 5 0 0 0 0 0 0 0 0
884 5 1 1 5 1 0 0 0 0
915 4 0 0 2 0 0 0 0 0
1824 6 0 0 3 0 0 0 0 0
1825 3 0 0 0 0 0 3 0 0
1826 3 0 0 3 0 0 0 0 0
1827 6 0 0 0 0 0 3 1 0
1994 10 0 0 0 0 0 0 0 0
2049 22 0 0 0 0 0 0 0 0
2050 6 0 0 0 0 0 0 0 0
fn=auto lob::v19::BookT<lob::ChecksumSink, 16u>::unlink_off_grid(lob::v19::BookT<lob::ChecksumSink, 16u>::Loc const&, unsigned long)::{lambda(auto:1&)#1}::operator()<std::__1::map<long, lob::v19::BookT<lob::ChecksumSink, 16u>::Level, std::__1::less<void>, std::__1::allocator<std::__1::pair<long const, lob::v19::BookT<lob::ChecksumSink, 16u>::Level> > > >(std::__1::map<long, lob::v19::BookT<lob::ChecksumSink, 16u>::Level, std::__1::less<void>, std::__1::allocator<std::__1::pair<long const, lob::v19::BookT<lob::ChecksumSink, 16u>::Level> > >&) const
0 106 0 0 46 3 0 0 0 0
105 12 0 0 12 0 0 0 0 0
163 12 0 0 3 0 0 0 0 0
191 27 0 0 9 0 0 0 0 0
193 6 0 0 0 0 0 0 0 0
680 11 0 0 0 0 0 0 0 0
862 11 0 0 0 0 0 0 0 0
884 11 0 0 11 0 0 0 0 0
915 23 0 0 15 0 0 0 0 0
1824 18 1 1 9 0 0 0 0 0
1825 9 0 0 0 0 0 9 0 0
1826 9 0 0 9 0 0 0 0 0
1827 18 0 0 0 0 0 9 1 0
1994 22 0 0 0 0 0 0 0 0
2049 70 0 0 0 0 0 0 0 0
2050 24 0 0 0 0 0 0 0 0
fn=lob::v19::BookT<lob::ChecksumSink, 16u>::off_grid_level(lob::Side, long, unsigned long)
0 169 1 1 0 0 0 0 0 0
862 16 1 1 0 0 0 0 0 0
884 16 0 0 16 0 0 0 0 0
915 44 0 0 30 0 0 0 0 0
1593 27 0 0 0 0 0 0 0 0
1594 18 0 0 18 1 0 0 0 0
1601 9 0 0 0 0 0 0 0 0
1602 15 0 0 5 0 0 0 0 0
1673 24 0 0 0 0 0 12 0 0
1674 12 0 0 0 0 0 12 0 0
1676 12 0 0 0 0 0 12 0 0
1677 48 0 0 24 0 0 0 0 0
1678 8 0 0 0 0 0 8 0 0
1679 48 0 0 12 0 0 12 0 0
fn=lob::v19::BookT<lob::ChecksumSink, 16u>::relink_after_grow()
0 72 0 0 0 0 0 0 0 0
105 84 0 0 84 14 3 0 0 0
163 64 0 0 17 5 2 0 0 0
191 126 0 0 42 8 1 0 0 0
193 71 0 0 0 0 0 0 0 0
680 54 0 0 0 0 0 0 0 0
859 12 0 0 0 0 0 0 0 0
915 12 1 1 12 6 1 0 0 0
fn=void std::__1::__tree_balance_after_insert[abi:ne210105]<std::__1::__tree_node_base<void*>*>(std::__1::__tree_node_base<void*>*, std::__1::__tree_node_base<void*>*)
0 3 1 1 0 0 0 0 0 0
105 16 1 1 12 0 0 0 0 0
235 1 0 0 1 0 0 0 0 0
236 2 0 0 1 0 0 1 0 0
237 2 0 0 0 0 0 0 0 0
239 1 0 0 0 0 0 1 0 0
241 1 0 0 0 0 0 1 0 0
244 1 0 0 0 0 0 1 0 0
254 1 0 0 1 0 0 0 0 0
255 4 0 0 2 0 0 2 0 0
256 4 0 0 0 0 0 0 0 0
258 4 1 1 2 0 0 2 0 0
259 2 0 0 0 0 0 0 0 0
260 2 0 0 0 0 0 2 0 0
263 2 0 0 0 0 0 2 0 0
278 24 1 1 0 0 0 12 0 0
279 36 0 0 10 0 0 0 0 0
281 4 0 0 0 0 0 0 0 0
282 4 1 1 4 0 0 0 0 0
283 12 0 0 2 0 0 0 0 0
285 2 0 0 0 0 0 2 0 0
287 4 0 0 0 0 0 2 0 0
288 4 0 0 0 0 0 2 0 0
290 3 0 0 0 0 0 0 0 0
295 2 0 0 0 0 0 2 0 0
297 2 0 0 0 0 0 2 0 0
323 12 0 0 12 0 0 0 0 0
569 11 0 0 11 0 0 0 0 0
571 3 0 0 0 0 0 3 0 0
fn=void std::__1::__tree_remove[abi:ne210105]<std::__1::__tree_node_base<void*>*>(std::__1::__tree_node_base<void*>*, std::__1::__tree_node_base<void*>*)
0 29 0 0 3 0 0 3 0 0
105 59 1 1 28 1 0 0 0 0
235 1 0 0 1 0 0 0 0 0
236 2 1 1 1 0 0 1 0 0
237 2 0 0 0 0 0 0 0 0
239 2 0 0 1 0 0 1 0 0
240 1 0 0 0 0 0 0 0 0
241 1 0 0 0 0 0 1 0 0
244 1 0 0 0 0 0 1 0 0
255 2 0 0 1 0 0 1 0 0
256 2 0 0 0 0 0 0 0 0
258 2 1 1 1 0 0 1 0 0
259 1 0 0 0 0 0 0 0 0
262 2 0 0 0 0 0 1 0 0
263 1 1 1 0 0 0 1 0 0
339 48 1 1 12 0 0 0 0 0
341 12 1 1 12 0 0 0 0 0
345 24 0 0 0 0 0 0 0 0
346 12 0 0 4 0 0 4 1 0
347 12 0 0 0 0 0 0 0 0
348 12 0 0 0 0 0 12 0 0
349 24 0 0 0 0 0 0 0 0
350 7 0 0 7 0 0 0 0 0
358 12 0 0 12 0 0 0 0 0
361 31 1 1 0 0 0 0 0 0
379 30 1 1 0 0 0 0 0 0
392 14 0 0 0 0 0 0 0 0
393 4 0 0 0 0 0 4 0 0
401 3 0 0 0 0 0 0 0 0
403 6 1 1 0 0 0 0 0 0
415 11 1 1 4 0 0 0 0 0
416 6 0 0 2 0 0 0 0 0
417 2 0 0 0 0 0 2 0 0
420 7 1 1 1 0 0 0 0 0
429 3 1 1 1 0 0 0 0 0
431 1 0 0 0 0 0 1 0 0
432 1 0 0 0 0 0 1 0 0
439 2 0 0 1 0 0 1 0 0
440 1 0 0 0 0 0 1 0 0
441 1 0 0 0 0 0 1 0 0
492 12 0 0 12 0 0 0 0 0
569 3 0 0 3 0 0 0 0 0
571 1 0 0 0 0 0 1 0 0
fl=/usr/include/c++/v1/__utility/pair.h
fn=boost::unordered::detail::foa::table_locator<boost::unordered::detail::foa::group15<boost::unordered::detail::foa::plain_integral>, std::__1::pair<unsigned long const, long> > boost::unordered::detail::foa::table_core<boost::unordered::detail::foa::flat_map_types<unsigned long, long>, boost::unordered::detail::foa::group15<boost::unordered::detail::foa::plain_integral>, boost::unordered::detail::foa::table_arrays, boost::unordered::detail::foa::plain_size_control, boost::hash<unsigned long>, std::__1::equal_to<unsigned long>, std::__1::allocator<std::__1::pair<unsigned long const, long> > >::unchecked_emplace_with_rehash<boost::unordered::detail::foa::try_emplace_args_t, unsigned long const&>(unsigned long, boost::unordered::detail::foa::try_emplace_args_t&&, unsigned long const&)
445 2 0 0 1 0 0 1 0 0
446 1 0 0 0 0 0 1 0 0
fn=lob::v19::BookT<lob::ChecksumSink, 16u>::off_grid_level(lob::Side, long, unsigned long)
445 27 0 0 0 0 0 27 8 4
446 27 1 1 0 0 0 27 0 0
fl=/usr/include/c++/v1/__vector/vector.h
fn=auto lob::for_each_type<std::__1::tuple<lob::v0::Book<lob::ChecksumSink>, lob::v1::Book<lob::ChecksumSink>, lob::v2::Book<lob::ChecksumSink>, lob::v3::BookT<lob::ChecksumSink, 16u>, lob::v4::BookT<lob::ChecksumSink, 16u>, lob::v5::BookT<lob::ChecksumSink, 16u>, lob::v7::BookT<lob::ChecksumSink, 16u>, lob::v8::BookT<lob::ChecksumSink, 16u>, lob::v9::BookT<lob::ChecksumSink, 16u>, lob::v10::BookT<lob::ChecksumSink, 16u>, lob::v11::BookT<lob::ChecksumSink, 16u>, lob::v12::BookT<lob::ChecksumSink, 16u>, lob::v13::BookT<lob::ChecksumSink, 16u>, lob::v14::BookT<lob::ChecksumSink, 16u>, lob::v15::BookT<lob::ChecksumSink, 16u>, lob::v16::BookT<lob::ChecksumSink, 16u>, lob::v17::BookT<lob::ChecksumSink, 16u>, lob::v18::BookT<lob::ChecksumSink, 16u>, lob::v19::BookT<lob::ChecksumSink, 16u> >, (anonymous namespace)::with_version<(anonymous namespace)::cmd_replay((anonymous namespace)::Args const&)::$_0>(std::__1::basic_string_view<char, std::__1::char_traits<char> >, (anonymous namespace)::cmd_replay((anonymous namespace)::Args const&)::$_0&&)::{lambda<typename $T0>()#1}>((anonymous namespace)::with_version<(anonymous namespace)::cmd_replay((anonymous namespace)::Args const&)::$_0>(std::__1::basic_string_view<char, std::__1::char_traits<char> >, (anonymous namespace)::cmd_replay((anonymous namespace)::Args const&)::$_0&&)::{lambda<typename $T0>()#1}&&)::{lambda<unsigned long... $N0>(std::__1::integer_sequence<unsigned long, ($N0)...>)#1}::operator()<0ul, 1ul, 2ul, 3ul, 4ul, 5ul, 6ul, 7ul, 8ul, 9ul, 10ul, 11ul, 12ul, 13ul, 14ul, 15ul, 16ul, 17ul, 18ul>(std::__1::integer_sequence<unsigned long, 0ul, 1ul, 2ul, 3ul, 4ul, 5ul, 6ul, 7ul, 8ul, 9ul, 10ul, 11ul, 12ul, 13ul, 14ul, 15ul, 16ul, 17ul, 18ul>) const
388 4 0 0 1 0 0 0 0 0
449 1 0 0 1 1 1 0 0 0
fn=lob::v19::BookT<lob::ChecksumSink, 16u>::relink_after_grow()
388 6 0 0 6 0 0 0 0 0
764 6 0 0 0 0 0 6 0 0
fn=lob::v19::OrderTable::grow()
407 16128 0 0 16128 0 0 0 0 0
fn=std::__1::vector<unsigned int, std::__1::allocator<unsigned int> >::assign(unsigned long, unsigned int const&)
0 12 0 0 0 0 0 0 0 0
391 36 0 0 12 5 1 0 0 0
572 12 0 0 0 0 0 0 0 0
575 6 0 0 0 0 0 6 0 0
577 12 0 0 0 0 0 6 0 0
741 6 0 0 0 0 0 0 0 0
746 12 1 1 0 0 0 6 2 0
764 5 0 0 0 0 0 5 0 0
889 12 0 0 0 0 0 0 0 0
893 20 0 0 0 0 0 10 0 0
902 18 1 1 0 0 0 0 0 0
905 36 1 1 0 0 0 0 0 0
935 4074 0 0 0 0 0 0 0 0
1080 48 1 1 0 0 0 30 0 0
1081 12 0 0 0 0 0 0 0 0
1093 42 1 1 36 2 0 0 0 0
fn=void lob::replay<lob::v19::BookT<lob::ChecksumSink, 16u> >(lob::v19::BookT<lob::ChecksumSink, 16u>&, std::__1::span<lob::Op const, 18446744073709551615ul>)
394 2442192 0 0 2442192 1 1 0 0 0
fl=/usr/include/c++/v1/map
fn=auto lob::v19::BookT<lob::ChecksumSink, 16u>::unlink_off_grid(lob::v19::BookT<lob::ChecksumSink, 16u>::Loc const&, unsigned long)::{lambda(auto:1&)#1}::operator()<std::__1::map<long, lob::v19::BookT<lob::ChecksumSink, 16u>::Level, std::__1::greater<void>, std::__1::allocator<std::__1::pair<long const, lob::v19::BookT<lob::ChecksumSink, 16u>::Level> > > >(std::__1::map<long, lob::v19::BookT<lob::ChecksumSink, 16u>::Level, std::__1::greater<void>, std::__1::allocator<std::__1::pair<long const, lob::v19::BookT<lob::ChecksumSink, 16u>::Level> > >&) const
1031 9 0 0 6 0 0 0 0 0
fn=auto lob::v19::BookT<lob::ChecksumSink, 16u>::unlink_off_grid(lob::v19::BookT<lob::ChecksumSink, 16u>::Loc const&, unsigned long)::{lambda(auto:1&)#1}::operator()<std::__1::map<long, lob::v19::BookT<lob::ChecksumSink, 16u>::Level, std::__1::less<void>, std::__1::allocator<std::__1::pair<long const, lob::v19::BookT<lob::ChecksumSink, 16u>::Level> > > >(std::__1::map<long, lob::v19::BookT<lob::ChecksumSink, 16u>::Level, std::__1::less<void>, std::__1::allocator<std::__1::pair<long const, lob::v19::BookT<lob::ChecksumSink, 16u>::Level> > >&) const
1031 27 0 0 18 0 0 0 0 0
fn=lob::v19::BookT<lob::ChecksumSink, 16u>::off_grid_level(lob::Side, long, unsigned long)
1031 48 0 0 32 0 0 0 0 0
fl=???
fn=???
0 253 12 12 160 94 21 4 0 0
fn=operator delete(void*)
0 115 0 0 23 0 0 23 0 0
fn=operator delete(void*, std::align_val_t)
0 30 1 1 6 0 0 6 0 0
fn=operator delete(void*, unsigned long)
0 85 1 1 17 0 0 17 0 0
fn=operator delete[](void*)
0 30 0 0 6 0 0 6 0 0
fn=operator new(unsigned long)
0 425 2 2 75 0 0 100 0 0
fn=operator new(unsigned long, std::align_val_t)
0 162 3 3 24 0 0 24 0 0
fn=operator new[](unsigned long)
0 30 0 0 6 0 0 6 0 0
summary: 399431373 363 360 86492358 1199694 934541 25360450 1259440 35088
