==16806== Cachegrind, a high-precision tracing profiler
==16806== Copyright (C) 2002-2017, and GNU GPL'd, by Nicholas Nethercote et al.
==16806== Using Valgrind-3.22.0 and LibVEX; rerun with -h for copyright info
==16806== Command: /home/wang/sources/cxx/book/build/profile/book replay --workload data/itch12302019_SPY.ops --version v0
==16806== 
==16806== 
==16806== I refs:        1,137,663,016
==16806== I1  misses:              283
==16806== LLi misses:              278
==16806== I1  miss rate:          0.00%
==16806== LLi miss rate:          0.00%
==16806== 
==16806== D refs:          449,970,111  (287,955,959 rd   + 162,014,152 wr)
==16806== D1  misses:        4,176,271  (  3,886,225 rd   +     290,046 wr)
==16806== LLd misses:          851,200  (    845,840 rd   +       5,360 wr)
==16806== D1  miss rate:           0.9% (        1.3%     +         0.2%  )
==16806== LLd miss rate:           0.2% (        0.3%     +         0.0%  )
==16806== 
==16806== LL refs:           4,176,554  (  3,886,508 rd   +     290,046 wr)
==16806== LL misses:           851,478  (    846,118 rd   +       5,360 wr)
==16806== LL miss rate:            0.1% (        0.1%     +         0.0%  )
