==83830== Cachegrind, a high-precision tracing profiler
==83830== Copyright (C) 2002-2017, and GNU GPL'd, by Nicholas Nethercote et al.
==83830== Using Valgrind-3.22.0 and LibVEX; rerun with -h for copyright info
==83830== Command: /home/wang/sources/cxx/book/build/profile/book replay --workload data/itch12302019_AAPL.ops --version v14
==83830== 
==83830== 
==83830== I refs:        280,282,362
==83830== I1  misses:            255
==83830== LLi misses:            255
==83830== I1  miss rate:        0.00%
==83830== LLi miss rate:        0.00%
==83830== 
==83830== D refs:        110,159,521  (78,591,732 rd   + 31,567,789 wr)
==83830== D1  misses:      3,051,926  ( 1,838,820 rd   +  1,213,106 wr)
==83830== LLd misses:        770,912  (   638,620 rd   +    132,292 wr)
==83830== D1  miss rate:         2.8% (       2.3%     +        3.8%  )
==83830== LLd miss rate:         0.7% (       0.8%     +        0.4%  )
==83830== 
==83830== LL refs:         3,052,181  ( 1,839,075 rd   +  1,213,106 wr)
==83830== LL misses:         771,167  (   638,875 rd   +    132,292 wr)
==83830== LL miss rate:          0.2% (       0.2%     +        0.4%  )
