==90576== Cachegrind, a high-precision tracing profiler
==90576== Copyright (C) 2002-2017, and GNU GPL'd, by Nicholas Nethercote et al.
==90576== Using Valgrind-3.22.0 and LibVEX; rerun with -h for copyright info
==90576== Command: /home/wang/sources/cxx/book/build/profile/book replay --workload data/syn_default_s42.ops --version v15
==90576== 
==90576== 
==90576== I refs:        168,138,556
==90576== I1  misses:            313
==90576== LLi misses:            309
==90576== I1  miss rate:        0.00%
==90576== LLi miss rate:        0.00%
==90576== 
==90576== D refs:         64,130,885  (42,821,654 rd   + 21,309,231 wr)
==90576== D1  misses:      2,319,120  ( 1,719,681 rd   +    599,439 wr)
==90576== LLd misses:        379,002  (   375,408 rd   +      3,594 wr)
==90576== D1  miss rate:         3.6% (       4.0%     +        2.8%  )
==90576== LLd miss rate:         0.6% (       0.9%     +        0.0%  )
==90576== 
==90576== LL refs:         2,319,433  ( 1,719,994 rd   +    599,439 wr)
==90576== LL misses:         379,311  (   375,717 rd   +      3,594 wr)
==90576== LL miss rate:          0.2% (       0.2%     +        0.0%  )
