desc: I1 cache:         32768 B, 64 B, 8-way associative
desc: D1 cache:         49152 B, 64 B, 12-way associative
desc: LL cache:         6291456 B, 64 B, 12-way associative
cmd: /home/wang/sources/cxx/book/build/profile/book replay --workload data/itch12302019_SPY.ops --version v15
events: Ir I1mr ILmr Dr D1mr DLmr Dw D1mw DLmw 
fl=./elf/../sysdeps/generic/dl-new-hash.h
fn=_dl_lookup_symbol_x
69 1 0 0 0 0 0 0 0 0
70 2 0 0 0 0 0 0 0 0
74 11 0 0 11 2 2 0 0 0
77 22 0 0 0 0 0 0 0 0
80 11 0 0 11 0 0 0 0 0
81 22 0 0 0 0 0 0 0 0
87 1 1 1 0 0 0 0 0 0
88 1 0 0 0 0 0 0 0 0
89 2 0 0 0 0 0 0 0 0
90 1 0 0 0 0 0 0 0 0
99 10 0 0 0 0 0 0 0 0
101 10 0 0 0 0 0 0 0 0
102 20 0 0 0 0 0 0 0 0
104 10 1 1 0 0 0 0 0 0
105 10 0 0 0 0 0 0 0 0
fl=./elf/../sysdeps/generic/dl-protected.h
fn=do_lookup_x
29 4 0 0 0 0 0 0 0 0
fl=./elf/../sysdeps/generic/ldsodefs.h
fn=do_lookup_x
139 2 0 0 1 0 0 0 0 0
140 3 0 0 0 0 0 0 0 0
fl=./elf/../sysdeps/x86_64/dl-machine.h
fn=_dl_fixup
234 1 0 0 0 0 0 1 0 0
fl=./elf/../sysdeps/x86_64/dl-runtime.h
fn=_dl_fixup
28 1 0 0 0 0 0 0 0 0
fl=./elf/../sysdeps/x86_64/dl-trampoline.h
fn=_dl_runtime_resolve_xsave
71 1 1 1 0 0 0 0 0 0
76 1 0 0 0 0 0 1 0 0
79 1 0 0 0 0 0 0 0 0
81 1 0 0 0 0 0 0 0 0
91 1 0 0 1 1 1 0 0 0
97 1 0 0 0 0 0 1 1 1
98 1 0 0 0 0 0 1 0 0
99 1 1 1 0 0 0 1 0 0
100 1 0 0 0 0 0 1 0 0
101 1 0 0 0 0 0 1 0 0
102 1 0 0 0 0 0 1 0 0
103 1 0 0 0 0 0 1 0 0
107 1 0 0 0 0 0 0 0 0
108 1 0 0 0 0 0 0 0 0
111 1 0 0 0 0 0 1 1 0
112 1 0 0 0 0 0 1 0 0
114 1 0 0 0 0 0 1 0 0
115 1 0 0 0 0 0 1 0 0
116 1 1 1 0 0 0 1 0 0
117 1 0 0 0 0 0 1 0 0
118 1 0 0 0 0 0 1 0 0
119 1 0 0 0 0 0 1 0 0
121 1 0 0 1 0 0 33 9 6
128 1 0 0 1 0 0 0 0 0
129 1 0 0 1 0 0 0 0 0
130 1 0 0 0 0 0 1 1 1
131 1 0 0 0 0 0 0 0 0
136 1 0 0 0 0 0 0 0 0
137 1 0 0 0 0 0 0 0 0
138 1 0 0 36 0 0 0 0 0
140 1 1 1 1 0 0 0 0 0
141 1 0 0 1 0 0 0 0 0
142 1 0 0 1 0 0 0 0 0
143 1 0 0 1 0 0 0 0 0
144 1 0 0 1 0 0 0 0 0
145 1 0 0 1 0 0 0 0 0
146 1 0 0 1 0 0 0 0 0
148 1 0 0 0 0 0 0 0 0
150 1 0 0 1 0 0 0 0 0
154 1 0 0 0 0 0 0 0 0
156 1 0 0 0 0 0 0 0 0
fl=./elf/./elf/dl-lookup.c
fn=_dl_lookup_symbol_x
772 13 2 2 0 0 0 9 3 3
774 2 0 0 0 0 0 1 0 0
775 4 0 0 0 0 0 1 0 0
778 1 0 0 1 1 1 0 0 0
782 2 0 0 0 0 0 0 0 0
785 2 1 1 1 0 0 0 0 0
787 2 0 0 2 0 0 0 0 0
791 14 0 0 0 0 0 3 0 0
792 17 2 2 7 0 0 7 1 1
797 5 0 0 2 0 0 0 0 0
816 1 0 0 0 0 0 1 0 0
820 2 0 0 1 0 0 0 0 0
821 7 0 0 1 0 0 0 0 0
828 1 0 0 1 0 0 0 0 0
856 4 1 1 1 0 0 0 0 0
870 3 0 0 1 1 1 0 0 0
873 2 0 0 1 0 0 0 0 0
890 4 0 0 1 0 0 0 0 0
892 9 1 1 7 0 0 0 0 0
fn=check_match
70 15 1 1 2 1 1 6 1 1
73 8 1 1 2 0 0 0 0 0
86 5 0 0 0 0 0 0 0 0
89 8 1 1 2 0 0 1 0 0
93 1 0 0 1 1 1 0 0 0
94 2 0 0 0 0 0 0 0 0
144 2 1 1 0 0 0 0 0 0
146 6 0 0 2 1 1 0 0 0
147 4 1 1 0 0 0 0 0 0
161 1 0 0 0 0 0 0 0 0
162 8 0 0 7 0 0 0 0 0
fn=do_lookup_x
347 14 2 2 2 0 0 10 2 2
348 1 0 0 1 1 1 0 0 0
353 1 0 0 0 0 0 0 0 0
354 1 0 0 1 0 0 0 0 0
358 8 1 1 8 6 6 0 0 0
361 8 0 0 0 0 0 0 0 0
365 10 0 0 1 0 0 0 0 0
386 8 1 1 4 3 3 0 0 0
390 8 0 0 4 1 1 0 0 0
396 12 0 0 4 3 3 0 0 0
400 4 0 0 0 0 0 4 0 0
401 4 0 0 0 0 0 4 0 0
404 20 0 0 12 6 6 0 0 0
405 12 1 1 8 2 2 0 0 0
408 4 0 0 4 0 0 0 0 0
409 8 0 0 0 0 0 0 0 0
411 4 0 0 4 4 4 0 0 0
412 3 0 0 0 0 0 1 0 0
413 8 0 0 8 0 0 0 0 0
415 7 1 1 1 0 0 2 0 0
416 16 0 0 8 0 0 0 0 0
419 28 0 0 4 0 0 0 0 0
422 2 0 0 2 1 1 0 0 0
423 3 1 1 1 0 0 0 0 0
424 2 0 0 0 0 0 0 0 0
426 2 0 0 1 0 0 0 0 0
429 5 1 1 1 1 1 0 0 0
431 3 0 0 1 0 0 0 0 0
432 25 2 2 7 0 0 13 2 2
433 2 0 0 0 0 0 0 0 0
436 3 0 0 0 0 0 0 0 0
461 8 1 1 6 0 0 0 0 0
476 2 1 1 0 0 0 0 0 0
483 4 0 0 1 0 0 0 0 0
487 3 1 1 1 1 1 0 0 0
499 2 0 0 1 0 0 1 0 0
500 1 0 0 0 0 0 1 0 0
501 1 0 0 0 0 0 0 0 0
518 9 0 0 0 0 0 0 0 0
522 8 0 0 7 0 0 0 0 0
fl=./elf/./elf/dl-runtime.c
fn=_dl_fixup
46 11 2 2 0 0 0 6 0 0
48 5 0 0 4 4 4 0 0 0
49 3 1 1 2 1 1 0 0 0
54 1 0 0 1 1 1 0 0 0
55 4 0 0 1 1 1 0 0 0
56 7 0 0 1 1 1 1 1 1
58 2 0 0 1 0 0 0 0 0
63 2 0 0 0 0 0 0 0 0
67 2 0 0 1 1 1 0 0 0
69 2 0 0 0 0 0 0 0 0
71 3 1 1 1 1 1 0 0 0
75 3 0 0 2 2 2 0 0 0
76 4 0 0 1 0 0 0 0 0
77 3 0 0 1 1 1 0 0 0
84 1 1 1 0 0 0 0 0 0
85 3 0 0 1 1 0 0 0 0
95 11 0 0 2 1 1 3 0 0
99 5 1 1 3 0 0 0 0 0
109 10 0 0 4 0 0 1 0 0
124 4 1 1 1 0 0 0 0 0
133 3 0 0 1 1 1 0 0 0
159 3 0 0 1 0 0 0 0 0
163 8 1 1 7 0 0 0 0 0
fl=./malloc/./malloc/arena.c
fn=_mid_memalign.isra.0
153 4 0 0 0 0 0 0 0 0
fn=free
153 81 0 0 0 0 0 0 0 0
fn=malloc
153 40 0 0 0 0 0 0 0 0
fl=./malloc/./malloc/malloc.c
fn=_int_free
1792 10 0 0 10 4 1 0 0 0
1992 9 1 1 3 0 0 0 0 0
3163 34 1 1 17 0 0 17 0 0
3165 68 0 0 17 7 5 17 0 0
3166 17 0 0 0 0 0 17 0 0
3167 34 0 0 0 0 0 17 0 0
4495 189 1 1 0 0 0 108 4 1
4499 81 1 1 27 0 0 0 0 0
4505 108 0 0 0 0 0 0 0 0
4506 54 0 0 0 0 0 0 0 0
4510 135 0 0 0 0 0 0 0 0
4517 54 0 0 0 0 0 0 0 0
4518 162 1 1 81 5 1 0 0 0
4521 20 0 0 0 0 0 0 0 0
4527 60 0 0 40 5 2 0 0 0
4547 100 1 1 40 4 1 0 0 0
4550 17 0 0 0 0 0 0 0 0
4561 20 0 0 0 0 0 0 0 0
4572 12 0 0 3 0 0 0 0 0
4574 9 0 0 3 1 1 0 0 0
4593 3 0 0 0 0 0 0 0 0
4595 3 0 0 0 0 0 3 1 1
4596 3 0 0 0 0 0 0 0 0
4600 9 0 0 3 0 0 0 0 0
4602 6 0 0 3 1 1 0 0 0
4606 6 0 0 0 0 0 0 0 0
4608 9 0 0 0 0 0 3 0 0
4609 3 0 0 0 0 0 3 0 0
4628 12 0 0 0 0 0 0 0 0
4637 14 0 0 7 0 0 0 0 0
4640 14 0 0 7 3 0 0 0 0
4643 14 1 1 0 0 0 0 0 0
4646 14 0 0 0 0 0 0 0 0
4658 155 1 1 128 0 0 0 0 0
fn=_int_free_maybe_consolidate
4770 121 1 1 11 2 0 77 0 0
4776 22 0 0 0 0 0 0 0 0
4778 8 0 0 2 0 0 0 0 0
4781 6 0 0 0 0 0 0 0 0
4784 10 2 2 6 2 1 0 0 0
4798 121 1 1 99 0 0 0 0 0
fn=_int_free_merge_chunk
1992 27 0 0 9 0 0 0 0 0
4665 72 1 1 0 0 0 54 0 0
4666 9 0 0 0 0 0 0 0 0
4670 54 0 0 9 3 0 0 0 0
4673 36 1 1 9 3 0 0 0 0
4675 27 1 1 9 3 0 0 0 0
4678 27 0 0 9 2 0 0 0 0
4681 18 0 0 0 0 0 0 0 0
4682 18 0 0 0 0 0 0 0 0
4683 18 0 0 9 3 0 0 0 0
4689 18 1 1 9 0 0 0 0 0
4691 6 0 0 6 0 0 0 0 0
4692 6 0 0 0 0 0 0 0 0
4693 6 0 0 0 0 0 0 0 0
4694 24 0 0 6 2 0 0 0 0
4696 12 0 0 0 0 0 6 0 0
4701 27 0 0 0 0 0 0 0 0
4702 63 0 0 54 0 0 0 0 0
4714 18 0 0 9 0 0 0 0 0
4720 18 0 0 9 3 0 0 0 0
4721 2 1 1 0 0 0 1 0 0
4722 2 0 0 0 0 0 0 0 0
4724 8 0 0 8 0 0 0 0 0
4732 9 0 0 0 0 0 0 0 0
4733 36 1 1 9 0 0 0 0 0
4734 18 0 0 9 1 0 0 0 0
4736 9 0 0 0 0 0 9 0 0
4738 18 0 0 0 0 0 0 0 0
4740 21 1 1 0 0 0 7 0 0
4743 9 0 0 0 0 0 9 0 0
4744 9 0 0 0 0 0 9 0 0
4746 27 0 0 0 0 0 9 0 0
4747 9 0 0 0 0 0 9 0 0
fn=_int_malloc
1326 44 0 0 0 0 0 0 0 0
1345 132 0 0 0 0 0 0 0 0
1794 22 1 1 22 0 0 0 0 0
1985 3 0 0 1 0 0 0 0 0
2008 4 0 0 1 0 0 0 0 0
2552 6 0 0 2 1 1 2 0 0
2553 1 1 1 0 0 0 1 0 0
2564 2 1 1 1 1 1 0 0 0
2589 4 0 0 1 0 0 1 0 0
2590 2 0 0 0 0 0 1 0 0
2599 12 1 1 3 0 0 0 0 0
2605 3 0 0 2 0 0 0 0 0
2608 3 1 1 0 0 0 0 0 0
2669 3 1 1 1 0 0 1 0 0
2677 2 0 0 1 0 0 0 0 0
2678 3 0 0 1 0 0 1 0 0
2691 3 1 1 1 0 0 0 0 0
2693 1 0 0 1 0 0 0 0 0
2699 5 0 0 1 0 0 1 0 0
2707 2 0 0 0 0 0 0 0 0
2709 4 2 2 0 0 0 2 0 0
2710 3 0 0 1 0 0 0 0 0
2711 1 0 0 0 0 0 0 0 0
2712 1 0 0 0 0 0 0 0 0
2715 2 0 0 0 0 0 0 0 0
2744 7 1 1 3 0 0 0 0 0
2746 2 1 1 0 0 0 1 0 0
2752 8 0 0 1 0 0 0 0 0
2753 6 0 0 1 0 0 1 0 0
2921 3 1 1 2 0 0 0 0 0
2922 1 0 0 0 0 0 1 0 0
2926 1 0 0 1 0 0 0 0 0
2930 5 1 1 2 0 0 0 0 0
2932 1 0 0 0 0 0 0 0 0
2933 1 0 0 0 0 0 0 0 0
2934 1 0 0 0 0 0 1 0 0
2935 7 0 0 0 0 0 1 0 0
2936 2 0 0 0 0 0 1 1 1
2938 1 0 0 0 0 0 0 0 0
3846 242 2 2 22 9 2 154 7 2
3887 44 0 0 0 0 0 0 0 0
3914 44 0 0 0 0 0 0 0 0
3916 40 0 0 0 0 0 0 0 0
3919 10 0 0 10 3 1 0 0 0
3921 20 0 0 0 0 0 0 0 0
3930 30 2 2 0 0 0 0 0 0
3977 24 1 1 0 0 0 0 0 0
3979 38 0 0 0 0 0 0 0 0
3980 26 1 1 0 0 0 0 0 0
3982 39 0 0 13 7 4 0 0 0
4039 115 1 1 0 0 0 0 0 0
4040 27 0 0 9 6 1 0 0 0
4058 66 1 1 22 0 0 0 0 0
4059 66 0 0 0 0 0 22 0 0
4060 66 1 1 44 4 2 0 0 0
4069 32 0 0 0 0 0 16 0 0
4070 140 2 2 31 9 2 22 0 0
4072 17 0 0 17 0 0 0 0 0
4073 34 0 0 17 7 2 0 0 0
4074 17 0 0 0 0 0 0 0 0
4076 34 0 0 0 0 0 0 0 0
4077 51 1 1 17 7 2 0 0 0
4079 17 0 0 17 6 1 0 0 0
4080 68 0 0 0 0 0 0 0 0
4082 68 0 0 17 0 0 0 0 0
4084 34 1 1 17 0 0 0 0 0
4085 34 0 0 17 0 0 0 0 0
4087 34 0 0 0 0 0 0 0 0
4098 68 0 0 0 0 0 0 0 0
4099 20 1 1 10 0 0 0 0 0
4100 16 0 0 0 0 0 0 0 0
4101 8 0 0 0 0 0 0 0 0
4104 8 0 0 0 0 0 0 0 0
4105 8 1 1 0 0 0 0 0 0
4106 8 0 0 0 0 0 8 0 0
4107 24 0 0 0 0 0 8 0 0
4108 24 1 1 0 0 0 8 8 0
4109 16 0 0 0 0 0 0 0 0
4111 16 0 0 0 0 0 8 2 0
4115 64 0 0 0 0 0 8 0 0
4117 24 1 1 0 0 0 8 0 0
4118 8 0 0 0 0 0 8 0 0
4121 8 0 0 0 0 0 0 0 0
4122 24 0 0 0 0 0 8 2 0
4123 8 0 0 0 0 0 0 0 0
4127 9 0 0 0 0 0 9 0 0
4128 9 0 0 0 0 0 9 0 0
4132 18 0 0 0 0 0 0 0 0
4161 19 2 2 0 0 0 0 0 0
4163 4 1 1 0 0 0 2 0 0
4164 8 0 0 0 0 0 0 0 0
4165 2 0 0 2 0 0 0 0 0
4169 111 4 4 0 0 0 7 0 0
4170 21 1 1 0 0 0 0 0 0
4171 7 0 0 7 6 3 0 0 0
4174 14 0 0 0 0 0 0 0 0
4218 28 0 0 0 0 0 7 1 1
4221 63 1 1 18 6 2 0 0 0
4222 9 0 0 0 0 0 9 0 0
4223 9 0 0 0 0 0 9 0 0
4224 9 0 0 0 0 0 9 0 0
4225 9 0 0 0 0 0 9 0 0
4230 18 0 0 18 0 0 0 0 0
4231 18 0 0 0 0 0 0 0 0
4240 36 1 1 18 0 0 0 0 0
4246 16 0 0 0 0 0 0 0 0
4257 42 0 0 0 0 0 0 0 0
4259 36 0 0 0 0 0 0 0 0
4262 27 0 0 9 8 6 0 0 0
4263 14 1 1 0 0 0 0 0 0
4330 14 0 0 0 0 0 0 0 0
4331 28 0 0 0 0 0 0 0 0
4332 28 0 0 0 0 0 0 0 0
4333 28 0 0 14 2 0 0 0 0
4334 84 0 0 0 0 0 0 0 0
4339 61 1 1 0 0 0 0 0 0
4343 86 2 2 0 0 0 0 0 0
4346 64 1 1 16 0 0 0 0 0
4348 8 0 0 0 0 0 0 0 0
4349 4 0 0 0 0 0 0 0 0
4353 50 0 0 0 0 0 0 0 0
4355 23 0 0 0 0 0 0 0 0
4357 46 0 0 0 0 0 0 0 0
4361 2 0 0 2 0 0 0 0 0
4364 4 0 0 0 0 0 0 0 0
4366 5 0 0 0 0 0 1 0 0
4367 1 0 0 0 0 0 0 0 0
4368 1 0 0 0 0 0 0 0 0
4373 4 0 0 1 0 0 0 0 0
4376 2 0 0 0 0 0 0 0 0
4378 3 1 1 0 0 0 1 0 0
4381 3 0 0 0 0 0 2 1 1
4384 4 0 0 2 0 0 0 0 0
4394 1 0 0 0 0 0 0 0 0
4399 4 0 0 1 0 0 0 0 0
4400 2 1 1 1 0 0 0 0 0
4403 1 0 0 0 0 0 1 1 0
4404 1 0 0 0 0 0 1 0 0
4405 1 0 0 0 0 0 1 0 0
4408 2 0 0 0 0 0 0 0 0
4409 1 0 0 0 0 0 1 0 0
4410 2 0 0 0 0 0 0 0 0
4412 2 0 0 0 0 0 1 1 0
4415 8 1 1 0 0 0 1 0 0
4417 3 0 0 0 0 0 1 0 0
4418 1 0 0 0 0 0 1 0 0
4421 1 0 0 0 0 0 0 0 0
4443 13 1 1 13 0 0 0 0 0
4444 26 0 0 13 3 2 0 0 0
4446 26 0 0 13 2 0 0 0 0
4449 39 0 0 0 0 0 0 0 0
4451 12 0 0 0 0 0 0 0 0
4452 24 1 1 0 0 0 0 0 0
4453 12 0 0 0 0 0 12 0 0
4454 96 1 1 0 0 0 12 0 0
4456 24 0 0 0 0 0 12 12 12
4459 24 0 0 0 0 0 0 0 0
4460 39 0 0 0 0 0 13 2 2
4461 13 0 0 0 0 0 0 0 0
4466 4 0 0 1 0 0 1 0 0
4482 1 0 0 0 0 0 0 0 0
4487 264 3 2 198 0 0 0 0 0
fn=_int_memalign
1326 4 0 0 0 0 0 0 0 0
1345 16 1 1 0 0 0 0 0 0
4714 4 0 0 0 0 0 0 0 0
4756 2 1 1 0 0 0 0 0 0
4757 6 0 0 0 0 0 2 1 1
4758 4 0 0 0 0 0 2 0 0
5039 16 1 1 0 0 0 12 2 1
5069 8 0 0 0 0 0 4 0 0
5071 6 0 0 2 0 0 0 0 0
5074 2 0 0 0 0 0 0 0 0
5076 8 0 0 0 0 0 0 0 0
5083 10 1 1 0 0 0 0 0 0
5085 8 0 0 0 0 0 0 0 0
5086 1 0 0 0 0 0 0 0 0
5089 2 0 0 0 0 0 0 0 0
5090 8 0 0 2 0 0 0 0 0
5093 4 0 0 0 0 0 0 0 0
5101 20 1 1 0 0 0 4 1 1
5103 2 0 0 2 0 0 0 0 0
5104 10 0 0 2 0 0 2 0 0
5105 4 0 0 0 0 0 2 0 0
5106 2 0 0 0 0 0 0 0 0
5108 18 1 1 2 0 0 0 0 0
5113 6 0 0 2 0 0 0 0 0
5115 4 0 0 0 0 0 0 0 0
5116 2 0 0 0 0 0 0 0 0
5117 4 0 0 2 0 0 0 0 0
5118 4 0 0 0 0 0 0 0 0
5120 2 0 0 0 0 0 0 0 0
5121 4 0 0 0 0 0 0 0 0
5122 2 1 1 2 0 0 0 0 0
5129 2 0 0 0 0 0 0 0 0
5130 6 2 2 0 0 0 2 0 0
5134 6 1 1 0 0 0 2 0 0
5140 2 0 0 0 0 0 0 0 0
5141 18 0 0 14 0 0 0 0 0
fn=_mid_memalign.isra.0
1326 4 0 0 0 0 0 0 0 0
1345 10 0 0 0 0 0 0 0 0
3575 14 1 1 0 0 0 8 0 0
3581 4 1 1 0 0 0 0 0 0
3585 4 0 0 0 0 0 0 0 0
3590 6 2 2 0 0 0 0 0 0
3598 6 0 0 0 0 0 0 0 0
3615 6 0 0 0 0 0 0 0 0
3617 4 1 1 2 2 1 0 0 0
3638 4 0 0 2 2 1 0 0 0
3640 10 1 1 0 0 0 2 0 0
3641 10 1 1 2 0 0 0 0 0
3643 4 1 1 0 0 0 0 0 0
3662 12 0 0 10 0 0 0 0 0
fn=aligned_alloc
3556 14 1 1 0 0 0 6 1 0
3557 4 0 0 2 2 1 0 0 0
3564 10 0 0 0 0 0 0 0 0
3571 6 0 0 0 0 0 0 0 0
3572 6 1 1 6 0 0 0 0 0
fn=alloc_perturb
1985 63 1 1 21 0 0 0 0 0
1987 21 0 0 21 0 0 0 0 0
fn=free
3359 189 2 2 0 0 0 108 2 0
3363 54 0 0 0 0 0 0 0 0
3371 54 0 0 54 22 6 0 0 0
3373 27 0 0 0 0 0 0 0 0
3375 81 0 0 27 3 0 0 0 0
3392 81 0 0 54 10 2 0 0 0
3398 81 1 1 0 0 0 27 0 0
3401 27 0 0 0 0 0 27 0 0
3402 162 0 0 135 0 0 0 0 0
fn=malloc
1326 52 0 0 0 0 0 0 0 0
1345 130 1 1 0 0 0 0 0 0
3178 12 0 0 6 2 1 0 0 0
3182 12 0 0 0 0 0 0 0 0
3186 24 1 1 6 2 1 6 0 0
3190 12 0 0 0 0 0 6 0 0
3191 6 0 0 0 0 0 6 0 0
3294 208 1 1 0 0 0 104 0 0
3301 52 0 0 26 7 1 0 0 0
3311 52 0 0 0 0 0 0 0 0
3313 104 0 0 52 14 2 0 0 0
3316 52 0 0 26 8 1 0 0 0
3318 60 1 1 20 5 2 0 0 0
3326 40 1 1 20 8 1 0 0 0
3328 80 0 0 0 0 0 20 3 1
3329 100 1 1 20 0 0 0 0 0
3354 156 1 1 130 0 0 0 0 0
fn=unlink_chunk.isra.0
1608 16 1 1 0 0 0 8 0 0
1610 40 0 0 16 0 0 0 0 0
1613 16 0 0 16 0 0 0 0 0
1614 16 0 0 8 0 0 0 0 0
1616 32 1 1 16 4 0 0 0 0
1619 8 0 0 0 0 0 8 0 0
1620 8 0 0 0 0 0 8 0 0
1621 34 0 0 6 1 0 0 0 0
1623 12 0 0 6 0 0 0 0 0
1624 18 0 0 12 0 0 0 0 0
1627 12 0 0 6 2 0 0 0 0
1641 6 0 0 0 0 0 6 0 0
1642 6 1 1 0 0 0 6 0 0
1645 16 0 0 16 0 0 0 0 0
fl=./malloc/./malloc/morecore.c
fn=__glibc_morecore
25 3 1 1 0 0 0 1 0 0
26 2 0 0 1 0 0 0 0 0
29 1 0 0 0 0 0 1 0 0
30 2 0 0 0 0 0 0 0 0
34 2 0 0 2 0 0 0 0 0
fl=./misc/../sysdeps/unix/sysv/linux/brk.c
fn=brk
36 1 1 1 0 0 0 0 0 0
37 2 0 0 1 0 0 1 0 0
38 2 0 0 0 0 0 0 0 0
44 1 0 0 0 0 0 0 0 0
45 1 0 0 1 0 0 0 0 0
fl=./misc/../sysdeps/unix/sysv/linux/brk_call.h
fn=brk
24 2 0 0 0 0 0 0 0 0
fl=./misc/./misc/sbrk.c
fn=sbrk
37 8 1 1 0 0 0 4 0 0
40 2 0 0 2 2 2 0 0 0
43 2 1 1 1 1 1 0 0 0
58 2 0 0 0 0 0 0 0 0
62 2 0 0 0 0 0 0 0 0
66 4 1 1 0 0 0 0 0 0
74 3 1 1 0 0 0 1 0 0
78 7 0 0 5 0 0 0 0 0
fl=./string/../sysdeps/x86_64/multiarch/../multiarch/strcmp-sse2.S
fn=strcmp
98 1 1 1 0 0 0 0 0 0
131 1 0 0 0 0 0 0 0 0
132 1 0 0 0 0 0 0 0 0
134 1 0 0 0 0 0 0 0 0
135 1 0 0 0 0 0 0 0 0
156 1 0 0 0 0 0 0 0 0
157 1 0 0 0 0 0 0 0 0
201 1 1 1 0 0 0 0 0 0
202 1 0 0 0 0 0 0 0 0
203 1 0 0 0 0 0 0 0 0
204 1 0 0 0 0 0 0 0 0
205 1 0 0 0 0 0 0 0 0
206 1 0 0 0 0 0 0 0 0
207 1 0 0 0 0 0 0 0 0
208 1 0 0 0 0 0 0 0 0
209 1 0 0 0 0 0 0 0 0
210 1 0 0 0 0 0 0 0 0
211 1 0 0 0 0 0 0 0 0
212 1 0 0 0 0 0 0 0 0
214 1 0 0 0 0 0 0 0 0
215 1 0 0 0 0 0 0 0 0
216 1 0 0 0 0 0 0 0 0
217 1 0 0 1 1 1 0 0 0
218 1 0 0 0 0 0 0 0 0
219 1 0 0 0 0 0 0 0 0
1851 1 1 1 0 0 0 0 0 0
1852 1 0 0 1 0 0 0 0 0
1853 1 0 0 1 1 1 0 0 0
1854 1 0 0 0 0 0 0 0 0
1855 1 0 0 0 0 0 0 0 0
1857 1 0 0 0 0 0 0 0 0
1858 1 0 0 0 0 0 0 0 0
1859 1 1 1 0 0 0 0 0 0
1860 1 0 0 0 0 0 0 0 0
1861 1 0 0 0 0 0 0 0 0
1862 1 0 0 0 0 0 0 0 0
1863 1 0 0 0 0 0 0 0 0
1864 1 0 0 1 0 0 0 0 0
1868 1 0 0 0 0 0 0 0 0
1869 1 0 0 0 0 0 0 0 0
1870 1 0 0 0 0 0 0 0 0
1876 1 0 0 0 0 0 0 0 0
1877 1 0 0 0 0 0 0 0 0
1878 2 0 0 0 0 0 0 0 0
1882 1 1 1 0 0 0 0 0 0
1883 1 0 0 0 0 0 0 0 0
1886 1 0 0 1 0 0 0 0 0
1887 1 0 0 1 0 0 0 0 0
1888 1 0 0 0 0 0 0 0 0
1890 1 0 0 0 0 0 0 0 0
1891 1 0 0 0 0 0 0 0 0
1892 1 0 0 0 0 0 0 0 0
1896 1 0 0 0 0 0 0 0 0
1897 1 0 0 0 0 0 0 0 0
1898 1 0 0 0 0 0 0 0 0
1899 1 0 0 0 0 0 0 0 0
1900 1 0 0 0 0 0 0 0 0
1901 1 1 1 0 0 0 0 0 0
2093 1 1 1 0 0 0 0 0 0
2095 1 0 0 0 0 0 0 0 0
2096 1 0 0 0 0 0 0 0 0
2097 1 0 0 0 0 0 0 0 0
2098 1 0 0 0 0 0 0 0 0
2099 2 0 0 0 0 0 0 0 0
2104 1 1 1 0 0 0 0 0 0
2110 1 0 0 1 0 0 0 0 0
2111 1 0 0 1 0 0 0 0 0
2119 1 0 0 0 0 0 0 0 0
2120 1 0 0 1 0 0 0 0 0
fl=./string/../sysdeps/x86_64/multiarch/memmove-vec-unaligned-erms.S
fn=__memcpy_avx_unaligned_erms
255 12 1 1 0 0 0 0 0 0
256 12 0 0 0 0 0 0 0 0
262 12 0 0 0 0 0 0 0 0
263 12 0 0 0 0 0 0 0 0
265 11 0 0 11 3 0 0 0 0
266 11 0 0 0 0 0 0 0 0
267 11 0 0 0 0 0 0 0 0
270 2 0 0 2 0 0 0 0 0
271 2 0 0 0 0 0 2 0 0
272 2 0 0 0 0 0 2 0 0
275 4 0 0 2 0 0 0 0 0
305 1 0 0 0 0 0 0 0 0
306 1 0 0 0 0 0 0 0 0
308 1 0 0 0 0 0 0 0 0
309 1 0 0 0 0 0 0 0 0
311 1 0 0 0 0 0 0 0 0
315 1 0 0 0 0 0 0 0 0
316 1 1 1 0 0 0 0 0 0
317 1 0 0 0 0 0 0 0 0
325 1 0 0 1 0 0 0 0 0
375 1 1 1 1 0 0 0 0 0
376 1 0 0 1 0 0 0 0 0
377 1 0 0 0 0 0 1 1 1
378 1 0 0 0 0 0 1 0 0
379 1 0 0 0 0 0 1 0 0
380 1 0 0 0 0 0 1 0 0
381 2 0 0 1 0 0 0 0 0
386 9 2 1 9 6 1 0 0 0
387 9 0 0 0 0 0 0 0 0
392 7 0 0 0 0 0 0 0 0
393 7 0 0 0 0 0 0 0 0
395 2 0 0 2 0 0 0 0 0
396 2 0 0 0 0 0 0 0 0
397 2 0 0 0 0 0 0 0 0
399 1 0 0 1 0 0 0 0 0
400 1 0 0 1 0 0 0 0 0
401 1 0 0 1 0 0 0 0 0
402 1 0 0 1 0 0 0 0 0
403 1 0 0 1 0 0 0 0 0
404 1 1 1 1 0 0 0 0 0
405 1 0 0 0 0 0 1 1 1
406 1 0 0 0 0 0 1 0 0
407 1 0 0 0 0 0 1 1 1
408 1 0 0 0 0 0 1 0 0
409 1 0 0 0 0 0 1 1 1
410 1 0 0 0 0 0 1 0 0
411 1 0 0 0 0 0 1 1 1
412 1 0 0 0 0 0 1 0 0
413 2 0 0 1 0 0 0 0 0
417 5 0 0 0 0 0 0 0 0
418 5 0 0 0 0 0 0 0 0
422 5 0 0 0 0 0 0 0 0
424 5 1 1 0 0 0 0 0 0
428 5 0 0 5 4 1 0 0 0
429 5 0 0 0 0 0 0 0 0
440 5 0 0 0 0 0 0 0 0
443 5 0 0 0 0 0 0 0 0
445 5 0 0 0 0 0 0 0 0
447 5 0 0 0 0 0 0 0 0
451 5 0 0 0 0 0 0 0 0
452 5 0 0 0 0 0 0 0 0
461 3 0 0 3 0 0 0 0 0
462 3 0 0 3 0 0 0 0 0
464 3 0 0 0 0 0 0 0 0
466 3 0 0 0 0 0 0 0 0
467 3 1 1 3 0 0 0 0 0
468 3 0 0 3 0 0 0 0 0
471 3 0 0 0 0 0 0 0 0
473 3 0 0 0 0 0 0 0 0
475 3 0 0 0 0 0 0 0 0
477 6 0 0 0 0 0 0 0 0
483 25 0 0 25 0 0 0 0 0
484 25 0 0 25 0 0 0 0 0
485 25 0 0 25 2 0 0 0 0
486 25 0 0 25 0 0 0 0 0
487 25 0 0 0 0 0 0 0 0
488 25 0 0 0 0 0 25 22 22
489 25 0 0 0 0 0 25 3 3
490 25 1 1 0 0 0 25 22 22
491 25 0 0 0 0 0 25 3 3
492 25 0 0 0 0 0 0 0 0
493 25 0 0 0 0 0 0 0 0
494 25 0 0 0 0 0 0 0 0
496 3 0 0 0 0 0 3 1 1
497 3 0 0 0 0 0 3 2 2
498 3 0 0 0 0 0 3 0 0
499 3 0 0 0 0 0 3 0 0
501 3 0 0 0 0 0 3 0 0
505 6 0 0 3 0 0 0 0 0
518 2 0 0 2 0 0 0 0 0
519 2 0 0 2 1 0 0 0 0
521 2 1 1 0 0 0 0 0 0
522 2 0 0 2 0 0 0 0 0
523 2 0 0 2 0 0 0 0 0
525 2 0 0 0 0 0 0 0 0
527 2 0 0 0 0 0 0 0 0
529 4 0 0 0 0 0 0 0 0
535 94 0 0 94 9 0 0 0 0
536 94 0 0 94 1 0 0 0 0
537 94 0 0 94 6 0 0 0 0
538 94 0 0 94 0 0 0 0 0
539 94 0 0 0 0 0 0 0 0
540 94 0 0 0 0 0 94 64 64
541 94 1 1 0 0 0 94 31 31
542 94 0 0 0 0 0 94 63 63
543 94 0 0 0 0 0 94 31 31
544 94 0 0 0 0 0 0 0 0
545 94 0 0 0 0 0 0 0 0
546 94 0 0 0 0 0 0 0 0
548 2 0 0 0 0 0 2 1 1
549 2 0 0 0 0 0 2 1 1
550 2 0 0 0 0 0 2 0 0
551 2 0 0 0 0 0 2 0 0
553 2 0 0 0 0 0 2 0 0
554 4 0 0 2 0 0 0 0 0
563 2 1 1 2 2 0 0 0 0
570 2 0 0 0 0 0 0 0 0
571 2 0 0 0 0 0 0 0 0
577 2 0 0 0 0 0 0 0 0
580 2 0 0 0 0 0 0 0 0
582 2 0 0 0 0 0 0 0 0
585 2 0 0 0 0 0 0 0 0
586 2 0 0 0 0 0 0 0 0
588 2 0 0 0 0 0 0 0 0
590 49074 0 0 49072 681 0 49072 767 766
592 2 0 0 0 0 0 2 1 0
594 2 0 0 0 0 0 2 1 0
596 4 0 0 2 1 0 0 0 0
601 2 1 1 0 0 0 0 0 0
602 2 0 0 0 0 0 0 0 0
606 2 0 0 0 0 0 0 0 0
608 2 0 0 0 0 0 0 0 0
611 2 0 0 0 0 0 0 0 0
615 2 0 0 2 2 0 0 0 0
616 2 0 0 0 0 0 0 0 0
620 2 0 0 2 0 0 0 0 0
624 2 0 0 0 0 0 0 0 0
fl=/home/wang/sources/cxx/book/include/lob/events.hpp
fn=lob::v15::BookT<lob::ChecksumSink, 16u>::modify(unsigned long, long, unsigned int)
92 31166 0 0 31166 0 0 0 0 0
93 280494 0 0 31166 0 0 31166 0 0
fn=void lob::replay<lob::v15::BookT<lob::ChecksumSink, 16u> >(lob::v15::BookT<lob::ChecksumSink, 16u>&, std::__1::span<lob::Op const, 18446744073709551615ul>)
0 5545730 0 0 0 0 0 2218292 0 0
92 2218292 0 0 2218292 4 2 0 0 0
93 18855482 1 1 2218292 0 0 0 0 0
fl=/home/wang/sources/cxx/book/include/lob/replay.hpp
fn=void lob::replay<lob::v15::BookT<lob::ChecksumSink, 16u> >(lob::v15::BookT<lob::ChecksumSink, 16u>&, std::__1::span<lob::Op const, 18446744073709551615ul>)
0 6 1 1 0 0 0 0 0 0
52 7 1 1 0 0 0 6 1 1
53 2249459 0 0 0 0 0 0 0 0
57 9 2 2 7 1 1 0 0 0
fl=/home/wang/sources/cxx/book/include/lob/v11/exact_div.hpp
fn=lob::v15::BookT<lob::ChecksumSink, 16u>::modify(unsigned long, long, unsigned int)
37 93498 0 0 62332 0 0 0 0 0
fn=void lob::replay<lob::v15::BookT<lob::ChecksumSink, 16u> >(lob::v15::BookT<lob::ChecksumSink, 16u>&, std::__1::span<lob::Op const, 18446744073709551615ul>)
37 6654876 2 2 4436584 0 0 0 0 0
fl=/home/wang/sources/cxx/book/include/lob/v15/book.hpp
fn=auto lob::v15::BookT<lob::ChecksumSink, 16u>::unlink_off_grid(lob::v15::BookT<lob::ChecksumSink, 16u>::Loc const&)::{lambda(auto:1&)#1}::operator()<std::__1::map<long, lob::v15::BookT<lob::ChecksumSink, 16u>::Level, std::__1::greater<void>, std::__1::allocator<std::__1::pair<long const, lob::v15::BookT<lob::ChecksumSink, 16u>::Level> > > >(std::__1::map<long, lob::v15::BookT<lob::ChecksumSink, 16u>::Level, std::__1::greater<void>, std::__1::allocator<std::__1::pair<long const, lob::v15::BookT<lob::ChecksumSink, 16u>::Level> > >&) const
0 7 0 0 7 0 0 0 0 0
373 8 0 0 0 0 0 4 0 0
374 11 0 0 3 0 0 4 0 0
397 14 0 0 7 0 0 7 0 0
398 7 0 0 0 0 0 7 0 0
420 14 0 0 7 0 0 0 0 0
421 14 0 0 7 0 0 0 0 0
424 35 0 0 0 0 0 0 0 0
425 35 0 0 0 0 0 0 0 0
426 7 0 0 0 0 0 7 3 2
427 7 0 0 0 0 0 7 0 0
428 7 1 1 7 0 0 0 0 0
574 21 1 1 0 0 0 21 0 0
575 7 0 0 7 0 0 0 0 0
576 7 1 1 0 0 0 0 0 0
577 21 0 0 21 2 1 0 0 0
579 7 0 0 7 0 0 0 0 0
580 14 0 0 7 0 0 0 0 0
584 28 0 0 28 0 0 0 0 0
fn=auto lob::v15::BookT<lob::ChecksumSink, 16u>::unlink_off_grid(lob::v15::BookT<lob::ChecksumSink, 16u>::Loc const&)::{lambda(auto:1&)#1}::operator()<std::__1::map<long, lob::v15::BookT<lob::ChecksumSink, 16u>::Level, std::__1::less<void>, std::__1::allocator<std::__1::pair<long const, lob::v15::BookT<lob::ChecksumSink, 16u>::Level> > > >(std::__1::map<long, lob::v15::BookT<lob::ChecksumSink, 16u>::Level, std::__1::less<void>, std::__1::allocator<std::__1::pair<long const, lob::v15::BookT<lob::ChecksumSink, 16u>::Level> > >&) const
0 10 0 0 10 0 0 0 0 0
373 29 0 0 9 0 0 10 0 0
374 30 0 0 10 1 1 10 0 0
397 20 0 0 10 0 0 10 0 0
398 10 0 0 0 0 0 10 0 0
420 20 0 0 10 0 0 0 0 0
421 20 0 0 10 0 0 0 0 0
424 50 0 0 0 0 0 0 0 0
425 50 0 0 0 0 0 0 0 0
426 10 0 0 0 0 0 10 0 0
427 10 0 0 0 0 0 10 0 0
428 10 1 1 10 0 0 0 0 0
574 30 1 1 0 0 0 30 0 0
575 10 0 0 10 0 0 0 0 0
576 10 1 1 0 0 0 0 0 0
577 30 0 0 30 0 0 0 0 0
579 10 0 0 10 0 0 0 0 0
580 20 0 0 10 0 0 0 0 0
584 40 1 1 40 0 0 0 0 0
fn=lob::v15::BookT<lob::ChecksumSink, 16u>::anchor_if_on_tick(long)
364 3 0 0 0 0 0 1 0 0
365 1 0 0 0 0 0 1 0 0
592 10 1 1 1 0 0 0 0 0
593 1 0 0 1 0 0 0 0 0
fn=lob::v15::BookT<lob::ChecksumSink, 16u>::modify(unsigned long, long, unsigned int)
0 186996 0 0 62332 0 0 0 0 0
177 311660 1 1 0 0 0 186996 187 0
180 62332 0 0 0 0 0 0 0 0
181 62332 0 0 0 0 0 0 0 0
183 93498 0 0 31166 0 0 62332 0 0
185 124664 1 1 0 0 0 0 0 0
186 62332 1 1 31166 3 0 0 0 0
187 31166 1 1 0 0 0 31166 0 0
188 31166 0 0 31166 0 0 0 0 0
189 31166 0 0 0 0 0 0 0 0
196 280494 1 1 218162 0 0 0 0 0
345 155830 0 0 62332 531 1 0 0 0
353 62332 0 0 31166 0 0 0 0 0
358 62332 0 0 31166 0 0 0 0 0
359 93498 0 0 0 0 0 0 0 0
378 62332 1 1 0 0 0 0 0 0
436 31166 0 0 0 0 0 0 0 0
fn=lob::v15::BookT<lob::ChecksumSink, 16u>::off_grid_level(lob::Side, long)
0 17 1 1 0 0 0 0 0 0
330 14 0 0 0 0 0 14 0 0
332 28 1 1 0 0 0 14 1 0
373 44 0 0 10 0 0 17 0 0
374 51 0 0 17 2 0 17 0 0
566 153 1 1 0 0 0 119 0 0
567 79 0 0 14 0 0 0 0 0
569 153 1 1 119 0 0 0 0 0
fn=lob::v15::BookT<lob::ChecksumSink, 16u>::unlink_off_grid(lob::v15::BookT<lob::ChecksumSink, 16u>::Loc const&)
573 34 1 1 0 0 0 0 0 0
574 34 0 0 0 0 0 34 0 0
585 34 0 0 17 0 0 0 0 0
586 28 0 0 0 0 0 7 0 0
588 40 0 0 0 0 0 10 0 0
589 34 0 0 17 0 0 0 0 0
fn=void lob::replay<lob::v15::BookT<lob::ChecksumSink, 16u> >(lob::v15::BookT<lob::ChecksumSink, 16u>&, std::__1::span<lob::Op const, 18446744073709551615ul>)
0 5639315 0 0 4467767 281182 281182 1109146 0 0
150 11184958 1 1 2249458 420513 420512 0 0 0
152 5545730 1 1 3327438 137943 137943 0 0 0
156 186996 0 0 62332 3910 3910 31166 0 0
162 1109146 0 0 0 0 0 0 0 0
163 2218292 0 0 0 0 0 0 0 0
172 2218292 0 0 2218292 31392 292 0 0 0
174 1109146 0 0 1109146 0 0 0 0 0
315 6654774 0 0 0 0 0 0 0 0
345 5545730 0 0 2218292 35568 128 0 0 0
353 2218294 0 0 1109147 0 0 0 0 0
358 3327438 0 0 2218292 0 0 0 0 0
359 4436584 0 0 0 0 0 0 0 0
361 2218280 0 0 2218280 0 0 0 0 0
384 4436584 1 1 1109146 0 0 1109146 3 2
385 1109146 0 0 0 0 0 0 0 0
386 4428788 0 0 1107197 7622 0 2214394 0 0
387 1107197 0 0 0 0 0 0 0 0
392 5547679 1 1 0 0 0 5545730 3332 1
397 2218258 1 1 1109129 0 0 1109129 0 0
398 1109129 0 0 0 0 0 1109129 0 0
408 3327438 0 0 1109146 11167 1249 0 0 0
410 5545730 1 1 1109146 0 0 0 0 0
411 1109146 0 0 0 0 0 1109146 13914 84
412 1109146 0 0 0 0 0 1109146 0 0
413 1109146 0 0 0 0 0 1109146 0 0
414 1109146 0 0 0 0 0 1109146 0 0
415 1109146 0 0 1109146 3300 295 0 0 0
420 2218258 1 1 1109129 0 0 0 0 0
421 2218258 0 0 1109129 0 0 0 0 0
424 5545645 0 0 0 0 0 0 0 0
425 5545645 0 0 0 0 0 0 0 0
426 1109129 0 0 0 0 0 1109129 44353 264
427 1109129 0 0 0 0 0 1109129 16231 212
428 1109129 0 0 1109129 846 48 0 0 0
437 3327438 0 0 0 0 0 0 0 0
438 3327420 0 0 0 0 0 0 0 0
439 6654825 0 0 0 0 0 0 0 0
440 1109146 1 1 1109146 4 2 0 0 0
442 4436560 0 0 0 0 0 0 0 0
443 3327438 1 1 0 0 0 1109146 0 0
448 1109146 0 0 0 0 0 0 0 0
517 2218298 0 0 1109146 1 0 1 0 0
521 3327387 0 0 1109129 0 0 0 0 0
522 1109129 0 0 0 0 0 0 0 0
524 119 0 0 17 0 0 17 0 0
527 1109146 0 0 1109146 0 0 0 0 0
528 2218292 0 0 1109146 0 0 1109146 1 0
529 1109146 0 0 1109146 4 2 0 0 0
533 2218292 0 0 0 0 0 2218292 2 1
535 3327387 0 0 1109129 0 0 0 0 0
536 2218258 0 0 2218258 7983 608 0 0 0
538 1109129 0 0 1109129 0 0 0 0 0
541 7763903 0 0 1109129 90 18 0 0 0
543 68 0 0 0 0 0 17 0 0
fl=/home/wang/sources/cxx/book/include/lob/v15/order_index.hpp
fn=lob::v15::BookT<lob::ChecksumSink, 16u>::modify(unsigned long, long, unsigned int)
0 125132 0 0 31322 0 0 0 0 0
58 62332 0 0 31166 0 0 0 0 0
59 62332 0 0 0 0 0 0 0 0
63 348 0 0 0 0 0 0 0 0
64 62680 0 0 0 0 0 0 0 0
65 348 0 0 174 0 0 0 0 0
119 124664 1 1 31166 0 0 0 0 0
122 249328 0 0 0 0 0 186996 203 0
128 156526 1 1 0 0 0 0 0 0
130 93846 0 0 31340 740 0 0 0 0
fn=lob::v15::OrderIndex::grow()
0 8462 1 1 768 1 1 0 0 0
119 10752 3 3 2688 0 0 0 0 0
128 10756 5 5 0 0 0 0 0 0
130 5378 1 1 2689 860 0 0 0 0
142 2 0 0 0 0 0 0 0 0
143 2689 0 0 0 0 0 0 0 0
145 2688 1 1 0 0 0 2688 0 0
148 1 0 0 1 0 0 0 0 0
152 2 1 1 0 0 0 2 0 0
153 10 0 0 0 0 0 2 0 0
154 4 0 0 0 0 0 2 0 0
155 4 0 0 0 0 0 2 0 0
156 8 0 0 0 0 0 2 0 0
157 2 0 0 0 0 0 2 0 0
158 790 1 1 0 0 0 0 0 0
159 1536 0 0 0 0 0 1536 1536 1536
160 1536 2 2 0 0 0 1536 0 0
163 12 1 1 0 0 0 10 1 0
165 2 0 0 2 0 0 0 0 0
166 2 0 0 0 0 0 0 0 0
167 2308 1 1 0 0 0 0 0 0
169 16128 3 3 5376 732 0 0 0 0
171 5376 0 0 2688 0 0 2688 0 0
185 18 1 1 8 4 1 0 0 0
fn=void lob::replay<lob::v15::BookT<lob::ChecksumSink, 16u> >(lob::v15::BookT<lob::ChecksumSink, 16u>&, std::__1::span<lob::Op const, 18446744073709551615ul>)
0 10012786 0 0 3337586 4 2 2 0 0
58 2218292 0 0 1109146 0 0 0 0 0
59 3327438 1 1 0 0 0 0 0 0
63 10884 0 0 0 0 0 0 0 0
64 2229176 1 1 0 0 0 0 0 0
65 10884 0 0 5442 0 0 0 0 0
74 2218292 0 0 1109146 2 1 0 0 0
75 6 1 1 0 0 0 1 0 0
76 2 0 0 0 0 0 1 0 0
78 3327437 0 0 1109145 0 0 0 0 0
79 3327438 1 1 0 0 0 0 0 0
81 3327438 0 0 2218292 1 1 0 0 0
82 8 1 1 0 0 0 4 0 0
85 9962 0 0 0 0 0 0 0 0
86 3337400 0 0 0 0 0 0 0 0
87 2228254 1 1 1114127 0 0 0 0 0
90 1109146 0 0 1109146 0 0 0 0 0
95 3327438 1 1 1109146 0 0 0 0 0
99 6654876 1 1 3327438 0 0 1109146 0 0
100 3370974 0 0 2229176 0 0 0 0 0
101 1109146 1 1 1109146 0 0 0 0 0
119 8873168 0 0 2218292 0 0 0 0 0
122 11091460 0 0 0 0 0 6654876 0 0
128 14482470 3 3 1109146 714968 256 0 0 0
130 10014100 1 1 1125039 78108 0 0 0 0
142 10940 0 0 0 0 0 0 0 0
143 2229232 0 0 0 0 0 0 0 0
145 1109146 0 0 0 0 0 1109146 0 0
148 5470 0 0 5470 0 0 0 0 0
fl=/home/wang/sources/cxx/book/include/lob/v3/hier_bitmap.hpp
fn=void lob::replay<lob::v15::BookT<lob::ChecksumSink, 16u> >(lob::v15::BookT<lob::ChecksumSink, 16u>&, std::__1::span<lob::Op const, 18446744073709551615ul>)
0 5532557 0 0 3327404 0 0 0 0 0
48 4436584 0 0 2218292 13 7 0 0 0
57 2231439 2 2 0 0 0 0 0 0
58 4489240 1 1 2231439 383 81 0 0 0
59 3367158 0 0 2244696 1 1 2244620 5 3
78 3327387 1 1 1109129 0 0 0 0 0
79 3327387 0 0 1109129 742 44 0 0 0
80 1109129 0 0 0 0 0 0 0 0
83 13181 0 0 0 0 0 0 0 0
84 39847 1 1 13257 0 0 0 0 0
95 5545700 0 0 0 0 0 0 0 0
fl=/home/wang/sources/cxx/book/source/main.cxx
fn=auto lob::for_each_type<std::__1::tuple<lob::v0::Book<lob::ChecksumSink>, lob::v1::Book<lob::ChecksumSink>, lob::v2::Book<lob::ChecksumSink>, lob::v3::BookT<lob::ChecksumSink, 16u>, lob::v4::BookT<lob::ChecksumSink, 16u>, lob::v5::BookT<lob::ChecksumSink, 16u>, lob::v7::BookT<lob::ChecksumSink, 16u>, lob::v8::BookT<lob::ChecksumSink, 16u>, lob::v9::BookT<lob::ChecksumSink, 16u>, lob::v10::BookT<lob::ChecksumSink, 16u>, lob::v11::BookT<lob::ChecksumSink, 16u>, lob::v12::BookT<lob::ChecksumSink, 16u>, lob::v13::BookT<lob::ChecksumSink, 16u>, lob::v14::BookT<lob::ChecksumSink, 16u>, lob::v15::BookT<lob::ChecksumSink, 16u> >, (anonymous namespace)::with_version<(anonymous namespace)::cmd_replay((anonymous namespace)::Args const&)::$_0>(std::__1::basic_string_view<char, std::__1::char_traits<char> >, (anonymous namespace)::cmd_replay((anonymous namespace)::Args const&)::$_0&&)::{lambda<typename $T0>()#1}>((anonymous namespace)::with_version<(anonymous namespace)::cmd_replay((anonymous namespace)::Args const&)::$_0>(std::__1::basic_string_view<char, std::__1::char_traits<char> >, (anonymous namespace)::cmd_replay((anonymous namespace)::Args const&)::$_0&&)::{lambda<typename $T0>()#1}&&)::{lambda<unsigned long... $N0>(std::__1::integer_sequence<unsigned long, ($N0)...>)#1}::operator()<0ul, 1ul, 2ul, 3ul, 4ul, 5ul, 6ul, 7ul, 8ul, 9ul, 10ul, 11ul, 12ul, 13ul, 14ul>(std::__1::integer_sequence<unsigned long, 0ul, 1ul, 2ul, 3ul, 4ul, 5ul, 6ul, 7ul, 8ul, 9ul, 10ul, 11ul, 12ul, 13ul, 14ul>) const
293 2 1 1 0 0 0 1 1 1
294 2 0 0 1 1 1 1 0 0
295 9 1 1 0 0 0 6 1 1
fl=/usr/include/c++/v1/__bit/countr.h
fn=lob::v15::BookT<lob::ChecksumSink, 16u>::modify(unsigned long, long, unsigned int)
28 62332 2 1 0 0 0 0 0 0
fn=lob::v15::OrderIndex::grow()
28 5382 0 0 0 0 0 0 0 0
fn=void lob::replay<lob::v15::BookT<lob::ChecksumSink, 16u> >(lob::v15::BookT<lob::ChecksumSink, 16u>&, std::__1::span<lob::Op const, 18446744073709551615ul>)
28 8873144 0 0 2218280 11 4 0 0 0
fl=/usr/include/c++/v1/__functional/operations.h
fn=auto lob::v15::BookT<lob::ChecksumSink, 16u>::unlink_off_grid(lob::v15::BookT<lob::ChecksumSink, 16u>::Loc const&)::{lambda(auto:1&)#1}::operator()<std::__1::map<long, lob::v15::BookT<lob::ChecksumSink, 16u>::Level, std::__1::greater<void>, std::__1::allocator<std::__1::pair<long const, lob::v15::BookT<lob::ChecksumSink, 16u>::Level> > > >(std::__1::map<long, lob::v15::BookT<lob::ChecksumSink, 16u>::Level, std::__1::greater<void>, std::__1::allocator<std::__1::pair<long const, lob::v15::BookT<lob::ChecksumSink, 16u>::Level> > >&) const
462 49 1 1 21 7 3 0 0 0
fn=auto lob::v15::BookT<lob::ChecksumSink, 16u>::unlink_off_grid(lob::v15::BookT<lob::ChecksumSink, 16u>::Loc const&)::{lambda(auto:1&)#1}::operator()<std::__1::map<long, lob::v15::BookT<lob::ChecksumSink, 16u>::Level, std::__1::less<void>, std::__1::allocator<std::__1::pair<long const, lob::v15::BookT<lob::ChecksumSink, 16u>::Level> > > >(std::__1::map<long, lob::v15::BookT<lob::ChecksumSink, 16u>::Level, std::__1::less<void>, std::__1::allocator<std::__1::pair<long const, lob::v15::BookT<lob::ChecksumSink, 16u>::Level> > >&) const
375 70 1 1 30 4 4 0 0 0
fn=lob::v15::BookT<lob::ChecksumSink, 16u>::off_grid_level(lob::Side, long)
375 38 0 0 19 1 0 0 0 0
462 20 0 0 10 2 0 0 0 0
fl=/usr/include/c++/v1/__iterator/wrap_iter.h
fn=void lob::replay<lob::v15::BookT<lob::ChecksumSink, 16u> >(lob::v15::BookT<lob::ChecksumSink, 16u>&, std::__1::span<lob::Op const, 18446744073709551615ul>)
65 2249458 0 0 0 0 0 0 0 0
125 2249459 0 0 0 0 0 0 0 0
fl=/usr/include/c++/v1/__memory/allocator.h
fn=void lob::replay<lob::v15::BookT<lob::ChecksumSink, 16u> >(lob::v15::BookT<lob::ChecksumSink, 16u>&, std::__1::span<lob::Op const, 18446744073709551615ul>)
100 24 1 1 0 0 0 0 0 0
fl=/usr/include/c++/v1/__memory/construct_at.h
fn=void lob::replay<lob::v15::BookT<lob::ChecksumSink, 16u> >(lob::v15::BookT<lob::ChecksumSink, 16u>&, std::__1::span<lob::Op const, 18446744073709551615ul>)
38 3898 0 0 0 0 0 1949 984 972
fl=/usr/include/c++/v1/__memory/uninitialized_algorithms.h
fn=void lob::replay<lob::v15::BookT<lob::ChecksumSink, 16u> >(lob::v15::BookT<lob::ChecksumSink, 16u>&, std::__1::span<lob::Op const, 18446744073709551615ul>)
0 12 0 0 12 1 0 0 0 0
638 48 0 0 0 0 0 12 0 0
fl=/usr/include/c++/v1/__memory/unique_ptr.h
fn=auto lob::for_each_type<std::__1::tuple<lob::v0::Book<lob::ChecksumSink>, lob::v1::Book<lob::ChecksumSink>, lob::v2::Book<lob::ChecksumSink>, lob::v3::BookT<lob::ChecksumSink, 16u>, lob::v4::BookT<lob::ChecksumSink, 16u>, lob::v5::BookT<lob::ChecksumSink, 16u>, lob::v7::BookT<lob::ChecksumSink, 16u>, lob::v8::BookT<lob::ChecksumSink, 16u>, lob::v9::BookT<lob::ChecksumSink, 16u>, lob::v10::BookT<lob::ChecksumSink, 16u>, lob::v11::BookT<lob::ChecksumSink, 16u>, lob::v12::BookT<lob::ChecksumSink, 16u>, lob::v13::BookT<lob::ChecksumSink, 16u>, lob::v14::BookT<lob::ChecksumSink, 16u>, lob::v15::BookT<lob::ChecksumSink, 16u> >, (anonymous namespace)::with_version<(anonymous namespace)::cmd_replay((anonymous namespace)::Args const&)::$_0>(std::__1::basic_string_view<char, std::__1::char_traits<char> >, (anonymous namespace)::cmd_replay((anonymous namespace)::Args const&)::$_0&&)::{lambda<typename $T0>()#1}>((anonymous namespace)::with_version<(anonymous namespace)::cmd_replay((anonymous namespace)::Args const&)::$_0>(std::__1::basic_string_view<char, std::__1::char_traits<char> >, (anonymous namespace)::cmd_replay((anonymous namespace)::Args const&)::$_0&&)::{lambda<typename $T0>()#1}&&)::{lambda<unsigned long... $N0>(std::__1::integer_sequence<unsigned long, ($N0)...>)#1}::operator()<0ul, 1ul, 2ul, 3ul, 4ul, 5ul, 6ul, 7ul, 8ul, 9ul, 10ul, 11ul, 12ul, 13ul, 14ul>(std::__1::integer_sequence<unsigned long, 0ul, 1ul, 2ul, 3ul, 4ul, 5ul, 6ul, 7ul, 8ul, 9ul, 10ul, 11ul, 12ul, 13ul, 14ul>) const
268 1 0 0 1 1 1 0 0 0
fn=lob::v15::OrderIndex::grow()
281 2 0 0 2 0 0 0 0 0
282 2 0 0 0 0 0 2 0 0
287 2 1 1 2 0 0 0 0 0
288 2 0 0 0 0 0 2 0 0
289 4 0 0 0 0 0 0 0 0
fl=/usr/include/c++/v1/__new/allocate.h
fn=auto lob::v15::BookT<lob::ChecksumSink, 16u>::unlink_off_grid(lob::v15::BookT<lob::ChecksumSink, 16u>::Loc const&)::{lambda(auto:1&)#1}::operator()<std::__1::map<long, lob::v15::BookT<lob::ChecksumSink, 16u>::Level, std::__1::greater<void>, std::__1::allocator<std::__1::pair<long const, lob::v15::BookT<lob::ChecksumSink, 16u>::Level> > > >(std::__1::map<long, lob::v15::BookT<lob::ChecksumSink, 16u>::Level, std::__1::greater<void>, std::__1::allocator<std::__1::pair<long const, lob::v15::BookT<lob::ChecksumSink, 16u>::Level> > >&) const
63 12 1 1 0 0 0 4 0 0
fn=auto lob::v15::BookT<lob::ChecksumSink, 16u>::unlink_off_grid(lob::v15::BookT<lob::ChecksumSink, 16u>::Loc const&)::{lambda(auto:1&)#1}::operator()<std::__1::map<long, lob::v15::BookT<lob::ChecksumSink, 16u>::Level, std::__1::less<void>, std::__1::allocator<std::__1::pair<long const, lob::v15::BookT<lob::ChecksumSink, 16u>::Level> > > >(std::__1::map<long, lob::v15::BookT<lob::ChecksumSink, 16u>::Level, std::__1::less<void>, std::__1::allocator<std::__1::pair<long const, lob::v15::BookT<lob::ChecksumSink, 16u>::Level> > >&) const
63 30 1 1 0 0 0 10 0 0
fn=lob::v15::BookT<lob::ChecksumSink, 16u>::off_grid_level(lob::Side, long)
43 42 1 1 0 0 0 14 0 0
fn=void lob::replay<lob::v15::BookT<lob::ChecksumSink, 16u> >(lob::v15::BookT<lob::ChecksumSink, 16u>&, std::__1::span<lob::Op const, 18446744073709551615ul>)
0 60 1 1 48 1 0 0 0 0
37 12 0 0 0 0 0 0 0 0
43 36 0 0 0 0 0 12 0 0
63 33 0 0 11 0 0 11 0 0
fl=/usr/include/c++/v1/__split_buffer
fn=void lob::replay<lob::v15::BookT<lob::ChecksumSink, 16u> >(lob::v15::BookT<lob::ChecksumSink, 16u>&, std::__1::span<lob::Op const, 18446744073709551615ul>)
334 12 0 0 0 0 0 0 0 0
335 12 0 0 0 0 0 0 0 0
341 24 0 0 0 0 0 0 0 0
fl=/usr/include/c++/v1/__tree
fn=auto lob::v15::BookT<lob::ChecksumSink, 16u>::unlink_off_grid(lob::v15::BookT<lob::ChecksumSink, 16u>::Loc const&)::{lambda(auto:1&)#1}::operator()<std::__1::map<long, lob::v15::BookT<lob::ChecksumSink, 16u>::Level, std::__1::greater<void>, std::__1::allocator<std::__1::pair<long const, lob::v15::BookT<lob::ChecksumSink, 16u>::Level> > > >(std::__1::map<long, lob::v15::BookT<lob::ChecksumSink, 16u>::Level, std::__1::greater<void>, std::__1::allocator<std::__1::pair<long const, lob::v15::BookT<lob::ChecksumSink, 16u>::Level> > >&) const
0 55 1 1 21 2 1 0 0 0
105 10 0 0 10 0 0 0 0 0
191 12 0 0 4 0 0 0 0 0
193 5 0 0 0 0 0 0 0 0
680 7 0 0 0 0 0 0 0 0
862 7 0 0 0 0 0 0 0 0
884 7 0 0 7 0 0 0 0 0
915 6 0 0 3 0 0 0 0 0
1824 8 0 0 4 0 0 0 0 0
1825 2 0 0 0 0 0 2 0 0
1826 4 0 0 4 0 0 0 0 0
1827 8 0 0 0 0 0 4 0 0
1994 14 0 0 0 0 0 0 0 0
2049 42 0 0 0 0 0 0 0 0
2050 14 0 0 0 0 0 0 0 0
fn=auto lob::v15::BookT<lob::ChecksumSink, 16u>::unlink_off_grid(lob::v15::BookT<lob::ChecksumSink, 16u>::Loc const&)::{lambda(auto:1&)#1}::operator()<std::__1::map<long, lob::v15::BookT<lob::ChecksumSink, 16u>::Level, std::__1::less<void>, std::__1::allocator<std::__1::pair<long const, lob::v15::BookT<lob::ChecksumSink, 16u>::Level> > > >(std::__1::map<long, lob::v15::BookT<lob::ChecksumSink, 16u>::Level, std::__1::less<void>, std::__1::allocator<std::__1::pair<long const, lob::v15::BookT<lob::ChecksumSink, 16u>::Level> > >&) const
0 90 1 1 30 1 1 0 0 0
105 12 0 0 12 0 0 0 0 0
163 16 0 0 4 0 0 0 0 0
191 30 0 0 10 0 0 0 0 0
193 6 0 0 0 0 0 0 0 0
680 10 0 0 0 0 0 0 0 0
862 10 0 0 0 0 0 0 0 0
884 10 0 0 10 0 0 0 0 0
915 29 0 0 19 0 0 0 0 0
1824 20 0 0 10 0 0 0 0 0
1825 9 0 0 0 0 0 9 0 0
1826 10 0 0 10 0 0 0 0 0
1827 20 0 0 0 0 0 10 0 0
1994 20 0 0 0 0 0 0 0 0
2049 60 0 0 0 0 0 0 0 0
2050 20 0 0 0 0 0 0 0 0
fn=lob::v15::BookT<lob::ChecksumSink, 16u>::off_grid_level(lob::Side, long)
0 179 1 1 0 0 0 0 0 0
862 17 1 1 0 0 0 0 0 0
884 17 0 0 17 0 0 0 0 0
915 44 0 0 27 0 0 0 0 0
1593 29 0 0 0 0 0 0 0 0
1594 38 0 0 19 0 0 0 0 0
1601 10 0 0 0 0 0 0 0 0
1602 21 0 0 7 1 0 0 0 0
1673 14 0 0 0 0 0 14 0 0
1674 14 0 0 0 0 0 14 0 0
1676 14 0 0 0 0 0 14 0 0
1677 56 0 0 28 0 0 0 0 0
1678 9 0 0 0 0 0 9 0 0
1679 42 0 0 14 0 0 14 0 0
fn=void std::__1::__tree_balance_after_insert[abi:ne210105]<std::__1::__tree_node_base<void*>*>(std::__1::__tree_node_base<void*>*, std::__1::__tree_node_base<void*>*)
0 8 1 1 0 0 0 0 0 0
105 38 1 1 28 0 0 0 0 0
235 2 0 0 2 0 0 0 0 0
236 4 0 0 2 0 0 2 0 0
237 4 0 0 0 0 0 0 0 0
239 3 0 0 1 0 0 2 0 0
240 1 1 1 0 0 0 0 0 0
241 2 0 0 0 0 0 2 0 0
244 2 0 0 0 0 0 2 0 0
254 1 0 0 1 0 0 0 0 0
255 8 0 0 4 0 0 4 0 0
256 8 0 0 0 0 0 0 0 0
258 8 0 0 4 0 0 4 0 0
259 4 0 0 0 0 0 0 0 0
260 4 0 0 0 0 0 4 0 0
263 4 1 1 0 0 0 4 0 0
278 28 1 1 0 0 0 14 0 0
279 48 1 1 13 0 0 0 0 0
281 9 0 0 0 0 0 0 0 0
282 6 0 0 6 0 0 0 0 0
283 16 0 0 2 0 0 0 0 0
285 2 0 0 0 0 0 2 0 0
287 4 0 0 0 0 0 2 0 0
288 4 0 0 0 0 0 2 0 0
290 7 0 0 0 0 0 0 0 0
295 4 1 1 0 0 0 4 0 0
297 4 0 0 0 0 0 4 0 0
303 10 0 0 2 0 0 0 0 0
305 2 0 0 0 0 0 2 0 0
307 4 0 0 0 0 0 2 0 0
308 4 0 0 0 0 0 2 0 0
310 2 0 0 0 0 0 0 0 0
315 1 0 0 0 0 0 1 0 0
317 1 0 0 0 0 0 1 0 0
323 14 0 0 14 0 0 0 0 0
569 14 0 0 14 0 0 0 0 0
571 6 0 0 0 0 0 6 0 0
fn=void std::__1::__tree_remove[abi:ne210105]<std::__1::__tree_node_base<void*>*>(std::__1::__tree_node_base<void*>*, std::__1::__tree_node_base<void*>*)
0 41 1 1 7 0 0 7 0 0
105 88 1 1 45 2 2 0 0 0
163 3 0 0 1 0 0 0 0 0
235 2 0 0 2 0 0 0 0 0
236 4 0 0 2 0 0 2 0 0
237 4 0 0 0 0 0 0 0 0
239 4 0 0 2 0 0 2 0 0
240 2 0 0 0 0 0 0 0 0
241 2 0 0 0 0 0 2 0 0
244 2 0 0 0 0 0 2 0 0
254 1 0 0 1 0 0 0 0 0
255 6 0 0 3 0 0 3 0 0
256 6 0 0 0 0 0 0 0 0
258 6 0 0 3 0 0 3 0 0
259 3 0 0 0 0 0 0 0 0
260 1 0 0 0 0 0 1 0 0
262 4 0 0 0 0 0 2 0 0
263 3 0 0 0 0 0 3 0 0
339 60 1 1 15 0 0 0 0 0
341 14 0 0 14 0 0 0 0 0
345 28 1 1 0 0 0 0 0 0
346 9 0 0 3 0 0 3 0 0
347 14 0 0 0 0 0 0 0 0
348 12 0 0 0 0 0 12 0 0
349 24 0 0 0 0 0 0 0 0
350 8 0 0 8 0 0 0 0 0
354 2 0 0 0 0 0 2 0 0
358 14 0 0 14 0 0 0 0 0
361 36 0 0 0 0 0 0 0 0
363 2 1 1 1 0 0 1 0 0
364 1 0 0 0 0 0 0 0 0
365 1 0 0 0 0 0 1 0 0
368 2 0 0 1 0 0 1 0 0
370 2 0 0 1 0 0 1 0 0
371 2 0 0 0 0 0 0 0 0
373 2 0 0 1 0 0 1 0 0
374 2 0 0 0 0 0 0 0 0
379 38 0 0 0 0 0 0 0 0
392 20 0 0 0 0 0 0 0 0
393 3 0 0 0 0 0 3 0 0
401 7 0 0 0 0 0 0 0 0
403 12 0 0 0 0 0 0 0 0
415 22 1 1 8 1 1 0 0 0
416 12 0 0 4 0 0 0 0 0
417 4 0 0 0 0 0 4 0 0
420 11 0 0 1 0 0 0 0 0
429 6 1 1 2 0 0 0 0 0
431 2 0 0 0 0 0 2 0 0
432 2 0 0 0 0 0 2 0 0
439 4 0 0 2 0 0 2 0 0
440 2 0 0 0 0 0 2 0 0
441 2 0 0 0 0 0 2 0 0
446 2 1 1 0 0 0 0 0 0
458 5 2 2 2 0 0 0 0 0
472 1 0 0 0 0 0 0 0 0
482 2 0 0 1 0 0 1 0 0
483 1 0 0 0 0 0 1 0 0
484 1 0 0 0 0 0 1 0 0
492 14 0 0 14 0 0 0 0 0
569 7 1 1 7 0 0 0 0 0
571 4 3 3 0 0 0 4 0 0
fl=/usr/include/c++/v1/__utility/pair.h
fn=lob::v15::BookT<lob::ChecksumSink, 16u>::off_grid_level(lob::Side, long)
445 14 0 0 0 0 0 14 0 0
fn=void lob::replay<lob::v15::BookT<lob::ChecksumSink, 16u> >(lob::v15::BookT<lob::ChecksumSink, 16u>&, std::__1::span<lob::Op const, 18446744073709551615ul>)
165 7764022 1 1 0 0 0 7764022 1 1
fl=/usr/include/c++/v1/__utility/swap.h
fn=void lob::replay<lob::v15::BookT<lob::ChecksumSink, 16u> >(lob::v15::BookT<lob::ChecksumSink, 16u>&, std::__1::span<lob::Op const, 18446744073709551615ul>)
0 24 0 0 12 0 0 0 0 0
44 36 0 0 0 0 0 36 1 0
fl=/usr/include/c++/v1/__vector/vector.h
fn=auto lob::for_each_type<std::__1::tuple<lob::v0::Book<lob::ChecksumSink>, lob::v1::Book<lob::ChecksumSink>, lob::v2::Book<lob::ChecksumSink>, lob::v3::BookT<lob::ChecksumSink, 16u>, lob::v4::BookT<lob::ChecksumSink, 16u>, lob::v5::BookT<lob::ChecksumSink, 16u>, lob::v7::BookT<lob::ChecksumSink, 16u>, lob::v8::BookT<lob::ChecksumSink, 16u>, lob::v9::BookT<lob::ChecksumSink, 16u>, lob::v10::BookT<lob::ChecksumSink, 16u>, lob::v11::BookT<lob::ChecksumSink, 16u>, lob::v12::BookT<lob::ChecksumSink, 16u>, lob::v13::BookT<lob::ChecksumSink, 16u>, lob::v14::BookT<lob::ChecksumSink, 16u>, lob::v15::BookT<lob::ChecksumSink, 16u> >, (anonymous namespace)::with_version<(anonymous namespace)::cmd_replay((anonymous namespace)::Args const&)::$_0>(std::__1::basic_string_view<char, std::__1::char_traits<char> >, (anonymous namespace)::cmd_replay((anonymous namespace)::Args const&)::$_0&&)::{lambda<typename $T0>()#1}>((anonymous namespace)::with_version<(anonymous namespace)::cmd_replay((anonymous namespace)::Args const&)::$_0>(std::__1::basic_string_view<char, std::__1::char_traits<char> >, (anonymous namespace)::cmd_replay((anonymous namespace)::Args const&)::$_0&&)::{lambda<typename $T0>()#1}&&)::{lambda<unsigned long... $N0>(std::__1::integer_sequence<unsigned long, ($N0)...>)#1}::operator()<0ul, 1ul, 2ul, 3ul, 4ul, 5ul, 6ul, 7ul, 8ul, 9ul, 10ul, 11ul, 12ul, 13ul, 14ul>(std::__1::integer_sequence<unsigned long, 0ul, 1ul, 2ul, 3ul, 4ul, 5ul, 6ul, 7ul, 8ul, 9ul, 10ul, 11ul, 12ul, 13ul, 14ul>) const
388 5 0 0 1 0 0 0 0 0
449 1 1 1 1 1 1 0 0 0
fn=auto lob::v15::BookT<lob::ChecksumSink, 16u>::unlink_off_grid(lob::v15::BookT<lob::ChecksumSink, 16u>::Loc const&)::{lambda(auto:1&)#1}::operator()<std::__1::map<long, lob::v15::BookT<lob::ChecksumSink, 16u>::Level, std::__1::greater<void>, std::__1::allocator<std::__1::pair<long const, lob::v15::BookT<lob::ChecksumSink, 16u>::Level> > > >(std::__1::map<long, lob::v15::BookT<lob::ChecksumSink, 16u>::Level, std::__1::greater<void>, std::__1::allocator<std::__1::pair<long const, lob::v15::BookT<lob::ChecksumSink, 16u>::Level> > >&) const
407 28 0 0 7 0 0 0 0 0
fn=auto lob::v15::BookT<lob::ChecksumSink, 16u>::unlink_off_grid(lob::v15::BookT<lob::ChecksumSink, 16u>::Loc const&)::{lambda(auto:1&)#1}::operator()<std::__1::map<long, lob::v15::BookT<lob::ChecksumSink, 16u>::Level, std::__1::less<void>, std::__1::allocator<std::__1::pair<long const, lob::v15::BookT<lob::ChecksumSink, 16u>::Level> > > >(std::__1::map<long, lob::v15::BookT<lob::ChecksumSink, 16u>::Level, std::__1::less<void>, std::__1::allocator<std::__1::pair<long const, lob::v15::BookT<lob::ChecksumSink, 16u>::Level> > >&) const
407 40 0 0 10 0 0 0 0 0
fn=lob::v15::BookT<lob::ChecksumSink, 16u>::modify(unsigned long, long, unsigned int)
411 93498 1 1 31166 0 0 0 0 0
fn=void lob::replay<lob::v15::BookT<lob::ChecksumSink, 16u> >(lob::v15::BookT<lob::ChecksumSink, 16u>&, std::__1::span<lob::Op const, 18446744073709551615ul>)
0 3970 1 1 12 0 0 60 1 0
388 11694 1 1 1949 0 0 0 0 0
391 12 0 0 0 0 0 0 0 0
407 8871185 1 1 1111095 0 0 0 0 0
475 1937 0 0 0 0 0 0 0 0
844 24 0 0 0 0 0 0 0 0
902 36 1 1 0 0 0 0 0 0
905 96 0 0 0 0 0 0 0 0
1128 12 0 0 0 0 0 0 0 0
1131 24 0 0 0 0 0 0 0 0
1146 7796 0 0 1949 0 0 1949 0 0
1149 1937 0 0 0 0 0 0 0 0
1152 1949 0 0 0 0 0 1949 0 0
fl=/usr/include/c++/v1/map
fn=auto lob::v15::BookT<lob::ChecksumSink, 16u>::unlink_off_grid(lob::v15::BookT<lob::ChecksumSink, 16u>::Loc const&)::{lambda(auto:1&)#1}::operator()<std::__1::map<long, lob::v15::BookT<lob::ChecksumSink, 16u>::Level, std::__1::greater<void>, std::__1::allocator<std::__1::pair<long const, lob::v15::BookT<lob::ChecksumSink, 16u>::Level> > > >(std::__1::map<long, lob::v15::BookT<lob::ChecksumSink, 16u>::Level, std::__1::greater<void>, std::__1::allocator<std::__1::pair<long const, lob::v15::BookT<lob::ChecksumSink, 16u>::Level> > >&) const
1031 12 0 0 8 0 0 0 0 0
fn=auto lob::v15::BookT<lob::ChecksumSink, 16u>::unlink_off_grid(lob::v15::BookT<lob::ChecksumSink, 16u>::Loc const&)::{lambda(auto:1&)#1}::operator()<std::__1::map<long, lob::v15::BookT<lob::ChecksumSink, 16u>::Level, std::__1::less<void>, std::__1::allocator<std::__1::pair<long const, lob::v15::BookT<lob::ChecksumSink, 16u>::Level> > > >(std::__1::map<long, lob::v15::BookT<lob::ChecksumSink, 16u>::Level, std::__1::less<void>, std::__1::allocator<std::__1::pair<long const, lob::v15::BookT<lob::ChecksumSink, 16u>::Level> > >&) const
1031 30 0 0 20 0 0 0 0 0
fn=lob::v15::BookT<lob::ChecksumSink, 16u>::off_grid_level(lob::Side, long)
1031 51 0 0 34 0 0 0 0 0
fl=???
fn=???
0 231 8 8 149 54 16 2 0 0
fn=operator delete(void*)
0 125 0 0 25 0 0 25 0 0
fn=operator delete(void*, std::align_val_t)
0 10 1 1 2 0 0 2 0 0
fn=operator delete(void*, unsigned long)
0 125 1 1 25 0 0 25 0 0
fn=operator new(unsigned long)
0 442 3 2 78 0 0 104 1 1
fn=operator new(unsigned long, std::align_val_t)
0 54 3 3 8 0 0 8 0 0
summary: 359205370 309 305 92031392 1739730 846749 44984268 81856 4140
