desc: I1 cache:         32768 B, 64 B, 8-way associative
desc: D1 cache:         49152 B, 64 B, 12-way associative
desc: LL cache:         6291456 B, 64 B, 12-way associative
cmd: /home/wang/sources/cxx/book/build/profile/book replay --workload data/syn_aggressive_s42.ops --version v16
events: Ir I1mr ILmr Dr D1mr DLmr Dw D1mw DLmw 
fl=./elf/../sysdeps/generic/dl-new-hash.h
fn=_dl_lookup_symbol_x
69 2 0 0 0 0 0 0 0 0
70 4 0 0 0 0 0 0 0 0
74 15 0 0 15 3 2 0 0 0
77 30 0 0 0 0 0 0 0 0
80 14 0 0 14 0 0 0 0 0
81 28 0 0 0 0 0 0 0 0
87 1 1 1 0 0 0 0 0 0
88 1 0 0 0 0 0 0 0 0
89 2 0 0 0 0 0 0 0 0
90 1 0 0 0 0 0 0 0 0
99 13 0 0 0 0 0 0 0 0
101 13 0 0 0 0 0 0 0 0
102 26 0 0 0 0 0 0 0 0
104 13 1 1 0 0 0 0 0 0
105 13 0 0 0 0 0 0 0 0
fl=./elf/../sysdeps/generic/dl-protected.h
fn=do_lookup_x
29 8 0 0 0 0 0 0 0 0
fl=./elf/../sysdeps/generic/ldsodefs.h
fn=do_lookup_x
139 4 0 0 2 0 0 0 0 0
140 6 0 0 0 0 0 0 0 0
fl=./elf/../sysdeps/x86_64/dl-machine.h
fn=_dl_fixup
234 2 0 0 0 0 0 2 0 0
fl=./elf/../sysdeps/x86_64/dl-runtime.h
fn=_dl_fixup
28 2 0 0 0 0 0 0 0 0
fl=./elf/../sysdeps/x86_64/dl-trampoline.h
fn=_dl_runtime_resolve_xsave
71 2 1 1 0 0 0 0 0 0
76 2 0 0 0 0 0 2 0 0
79 2 0 0 0 0 0 0 0 0
81 2 0 0 0 0 0 0 0 0
91 2 0 0 2 2 1 0 0 0
97 2 0 0 0 0 0 2 2 1
98 2 0 0 0 0 0 2 0 0
99 2 1 1 0 0 0 2 0 0
100 2 0 0 0 0 0 2 0 0
101 2 0 0 0 0 0 2 0 0
102 2 0 0 0 0 0 2 0 0
103 2 0 0 0 0 0 2 0 0
107 2 0 0 0 0 0 0 0 0
108 2 0 0 0 0 0 0 0 0
111 2 0 0 0 0 0 2 1 0
112 2 0 0 0 0 0 2 0 0
114 2 0 0 0 0 0 2 0 0
115 2 0 0 0 0 0 2 0 0
116 2 1 1 0 0 0 2 0 0
117 2 0 0 0 0 0 2 0 0
118 2 0 0 0 0 0 2 0 0
119 2 0 0 0 0 0 2 0 0
121 2 0 0 2 0 0 66 16 8
128 2 0 0 2 0 0 0 0 0
129 2 0 0 2 0 0 0 0 0
130 2 0 0 0 0 0 2 2 1
131 2 0 0 0 0 0 0 0 0
136 2 0 0 0 0 0 0 0 0
137 2 0 0 0 0 0 0 0 0
138 2 0 0 72 0 0 0 0 0
140 2 1 1 2 0 0 0 0 0
141 2 0 0 2 0 0 0 0 0
142 2 0 0 2 0 0 0 0 0
143 2 0 0 2 0 0 0 0 0
144 2 0 0 2 0 0 0 0 0
145 2 0 0 2 0 0 0 0 0
146 2 0 0 2 0 0 0 0 0
148 2 0 0 0 0 0 0 0 0
150 2 0 0 2 0 0 0 0 0
154 2 0 0 0 0 0 0 0 0
156 2 0 0 0 0 0 0 0 0
fl=./elf/./elf/dl-lookup.c
fn=_dl_lookup_symbol_x
772 26 2 2 0 0 0 18 6 3
774 4 0 0 0 0 0 2 0 0
775 8 0 0 0 0 0 2 0 0
778 2 0 0 2 2 1 0 0 0
782 4 0 0 0 0 0 0 0 0
785 4 1 1 2 0 0 0 0 0
787 4 0 0 4 0 0 0 0 0
791 28 0 0 0 0 0 6 0 0
792 34 2 2 14 0 0 14 2 1
797 10 0 0 4 0 0 0 0 0
816 2 0 0 0 0 0 2 0 0
820 4 0 0 2 0 0 0 0 0
821 14 0 0 2 0 0 0 0 0
828 2 0 0 2 0 0 0 0 0
856 8 1 1 2 0 0 0 0 0
870 6 0 0 2 2 1 0 0 0
873 4 0 0 2 0 0 0 0 0
890 8 0 0 2 0 0 0 0 0
892 18 1 1 14 0 0 0 0 0
fn=check_match
70 30 1 1 4 2 2 12 2 1
73 16 1 1 4 0 0 0 0 0
86 10 0 0 0 0 0 0 0 0
89 16 1 1 4 0 0 2 0 0
93 2 0 0 2 2 1 0 0 0
94 4 0 0 0 0 0 0 0 0
144 4 1 1 0 0 0 0 0 0
146 12 0 0 4 2 2 0 0 0
147 8 1 1 0 0 0 0 0 0
161 2 0 0 0 0 0 0 0 0
162 16 0 0 14 0 0 0 0 0
fn=do_lookup_x
347 28 2 2 4 0 0 20 4 2
348 2 0 0 2 2 1 0 0 0
353 2 0 0 0 0 0 0 0 0
354 2 0 0 2 0 0 0 0 0
358 16 1 1 16 12 6 0 0 0
361 16 0 0 0 0 0 0 0 0
365 20 0 0 2 0 0 0 0 0
386 16 1 1 8 6 3 0 0 0
390 16 0 0 8 2 1 0 0 0
396 24 0 0 8 6 3 0 0 0
400 8 0 0 0 0 0 8 0 0
401 8 0 0 0 0 0 8 0 0
404 40 0 0 24 12 6 0 0 0
405 24 1 1 16 4 2 0 0 0
408 8 0 0 8 0 0 0 0 0
409 16 0 0 0 0 0 0 0 0
411 8 0 0 8 8 6 0 0 0
412 6 0 0 0 0 0 2 0 0
413 16 0 0 16 0 0 0 0 0
415 14 1 1 2 0 0 4 0 0
416 32 0 0 16 0 0 0 0 0
419 56 0 0 8 0 0 0 0 0
422 4 0 0 4 2 2 0 0 0
423 6 1 1 2 0 0 0 0 0
424 4 0 0 0 0 0 0 0 0
426 4 0 0 2 0 0 0 0 0
429 15 1 1 3 2 2 0 0 0
431 6 0 0 2 0 0 0 0 0
432 50 2 2 14 0 0 26 4 2
433 4 0 0 0 0 0 0 0 0
436 6 0 0 0 0 0 0 0 0
439 3 0 0 0 0 0 0 0 0
461 16 1 1 12 0 0 0 0 0
476 4 1 1 0 0 0 0 0 0
483 8 0 0 2 0 0 0 0 0
487 6 1 1 2 2 1 0 0 0
499 4 0 0 2 0 0 2 0 0
500 2 0 0 0 0 0 2 0 0
501 2 0 0 0 0 0 0 0 0
518 18 0 0 0 0 0 0 0 0
522 16 0 0 14 0 0 0 0 0
fl=./elf/./elf/dl-runtime.c
fn=_dl_fixup
46 22 2 2 0 0 0 12 0 0
48 10 0 0 8 8 4 0 0 0
49 6 1 1 4 2 1 0 0 0
54 2 0 0 2 2 1 0 0 0
55 8 0 0 2 2 1 0 0 0
56 14 0 0 2 2 2 2 2 1
58 4 0 0 2 0 0 0 0 0
63 4 0 0 0 0 0 0 0 0
67 4 0 0 2 2 2 0 0 0
69 4 0 0 0 0 0 0 0 0
71 6 1 1 2 2 1 0 0 0
75 6 0 0 4 4 3 0 0 0
76 8 0 0 2 0 0 0 0 0
77 6 0 0 2 2 1 0 0 0
84 2 1 1 0 0 0 0 0 0
85 6 0 0 2 1 0 0 0 0
95 22 0 0 4 2 1 6 0 0
99 10 1 1 6 0 0 0 0 0
109 20 0 0 8 0 0 2 0 0
124 8 1 1 2 0 0 0 0 0
133 6 0 0 2 2 1 0 0 0
159 6 0 0 2 0 0 0 0 0
163 16 1 1 14 0 0 0 0 0
fl=./malloc/./malloc/arena.c
fn=_mid_memalign.isra.0
153 4 0 0 0 0 0 0 0 0
fn=free
153 45 0 0 0 0 0 0 0 0
fn=malloc
153 22 0 0 0 0 0 0 0 0
fl=./malloc/./malloc/malloc.c
fn=_int_free
1792 7 0 0 7 3 0 0 0 0
3163 16 1 1 8 0 0 8 0 0
3165 32 0 0 8 6 4 8 0 0
3166 8 0 0 0 0 0 8 0 0
3167 16 0 0 0 0 0 8 0 0
4495 105 1 1 0 0 0 60 0 0
4499 45 1 1 15 0 0 0 0 0
4505 60 0 0 0 0 0 0 0 0
4506 30 0 0 0 0 0 0 0 0
4510 75 0 0 0 0 0 0 0 0
4517 30 0 0 0 0 0 0 0 0
4518 90 1 1 45 3 0 0 0 0
4521 8 0 0 0 0 0 0 0 0
4527 24 0 0 16 3 1 0 0 0
4547 40 1 1 16 2 0 0 0 0
4550 8 0 0 0 0 0 0 0 0
4561 14 0 0 0 0 0 0 0 0
4637 14 0 0 7 0 0 0 0 0
4640 14 0 0 7 3 0 0 0 0
4643 14 1 1 0 0 0 0 0 0
4646 14 0 0 0 0 0 0 0 0
4658 83 1 1 68 0 0 0 0 0
fn=_int_free_maybe_consolidate
4770 110 1 1 10 2 0 70 0 0
4776 20 0 0 0 0 0 0 0 0
4778 8 0 0 2 0 0 0 0 0
4781 6 0 0 0 0 0 0 0 0
4784 10 2 2 6 2 0 0 0 0
4798 110 1 1 90 0 0 0 0 0
fn=_int_free_merge_chunk
1992 24 0 0 8 0 0 0 0 0
4665 64 1 1 0 0 0 48 0 0
4666 8 0 0 0 0 0 0 0 0
4670 48 0 0 8 3 0 0 0 0
4673 32 1 1 8 3 0 0 0 0
4675 24 1 1 8 3 0 0 0 0
4678 24 0 0 8 2 0 0 0 0
4681 16 0 0 0 0 0 0 0 0
4682 16 0 0 0 0 0 0 0 0
4683 16 0 0 8 3 0 0 0 0
4689 16 1 1 8 0 0 0 0 0
4691 6 0 0 6 0 0 0 0 0
4692 6 0 0 0 0 0 0 0 0
4693 6 0 0 0 0 0 0 0 0
4694 24 0 0 6 1 0 0 0 0
4696 12 0 0 0 0 0 6 2 0
4701 24 0 0 0 0 0 0 0 0
4702 56 0 0 48 0 0 0 0 0
4714 16 0 0 8 0 0 0 0 0
4720 16 0 0 8 2 0 0 0 0
4724 8 0 0 8 0 0 0 0 0
4732 8 0 0 0 0 0 0 0 0
4733 32 1 1 8 0 0 0 0 0
4734 16 0 0 8 0 0 0 0 0
4736 8 0 0 0 0 0 8 0 0
4738 16 0 0 0 0 0 0 0 0
4740 21 1 1 0 0 0 7 0 0
4743 8 0 0 0 0 0 8 0 0
4744 8 0 0 0 0 0 8 0 0
4746 24 0 0 0 0 0 8 0 0
4747 8 0 0 0 0 0 8 0 0
fn=_int_malloc
1326 26 0 0 0 0 0 0 0 0
1345 78 0 0 0 0 0 0 0 0
1794 13 1 1 13 0 0 0 0 0
2008 4 0 0 1 0 0 0 0 0
2552 6 1 1 2 1 1 2 0 0
2553 1 1 1 0 0 0 1 0 0
2564 2 1 1 1 1 1 0 0 0
2589 4 0 0 1 0 0 1 0 0
2590 2 0 0 0 0 0 1 0 0
2599 12 1 1 3 0 0 0 0 0
2605 3 0 0 2 0 0 0 0 0
2608 3 1 1 0 0 0 0 0 0
2669 3 1 1 1 0 0 1 0 0
2677 2 0 0 1 0 0 0 0 0
2678 3 0 0 1 0 0 1 0 0
2691 3 1 1 1 0 0 0 0 0
2693 1 0 0 1 0 0 0 0 0
2699 5 0 0 1 0 0 1 0 0
2707 2 0 0 0 0 0 0 0 0
2709 4 2 2 0 0 0 2 0 0
2710 3 0 0 1 0 0 0 0 0
2711 1 0 0 0 0 0 0 0 0
2712 1 0 0 0 0 0 0 0 0
2715 2 0 0 0 0 0 0 0 0
2744 7 1 1 3 0 0 0 0 0
2746 2 1 1 0 0 0 1 0 0
2752 8 0 0 1 0 0 0 0 0
2753 6 0 0 1 0 0 1 0 0
2921 3 1 1 2 0 0 0 0 0
2922 1 0 0 0 0 0 1 0 0
2926 1 0 0 1 0 0 0 0 0
2930 5 1 1 2 0 0 0 0 0
2932 1 0 0 0 0 0 0 0 0
2933 1 0 0 0 0 0 0 0 0
2934 1 0 0 0 0 0 1 0 0
2935 7 0 0 0 0 0 1 0 0
2936 2 0 0 0 0 0 1 1 1
2938 1 0 0 0 0 0 0 0 0
3846 143 2 2 13 2 1 91 3 2
3887 26 0 0 0 0 0 0 0 0
3914 26 0 0 0 0 0 0 0 0
3916 4 0 0 0 0 0 0 0 0
3919 1 0 0 1 1 1 0 0 0
3921 2 0 0 0 0 0 0 0 0
3930 3 2 2 0 0 0 0 0 0
3977 24 1 1 0 0 0 0 0 0
3979 20 0 0 0 0 0 0 0 0
3980 8 1 1 0 0 0 0 0 0
3982 12 0 0 4 4 4 0 0 0
4039 115 1 1 0 0 0 0 0 0
4040 27 0 0 9 1 0 0 0 0
4058 39 1 1 13 0 0 0 0 0
4059 39 0 0 0 0 0 13 1 1
4060 39 1 1 26 2 0 0 0 0
4069 12 0 0 0 0 0 6 0 0
4070 86 1 1 19 2 1 13 0 0
4072 6 0 0 6 0 0 0 0 0
4073 12 0 0 6 2 0 0 0 0
4074 6 0 0 0 0 0 0 0 0
4076 12 0 0 0 0 0 0 0 0
4077 18 1 1 6 1 0 0 0 0
4079 6 0 0 6 1 0 0 0 0
4080 24 0 0 0 0 0 0 0 0
4082 24 0 0 6 0 0 0 0 0
4084 12 1 1 6 0 0 0 0 0
4085 12 0 0 6 0 0 0 0 0
4087 12 0 0 0 0 0 0 0 0
4098 24 0 0 0 0 0 0 0 0
4127 6 0 0 0 0 0 6 0 0
4128 6 0 0 0 0 0 6 0 0
4132 12 0 0 0 0 0 0 0 0
4161 13 2 2 0 0 0 0 0 0
4169 98 4 4 0 0 0 6 0 0
4170 18 1 1 0 0 0 0 0 0
4171 6 0 0 6 4 2 0 0 0
4174 12 0 0 0 0 0 0 0 0
4218 24 0 0 0 0 0 6 2 0
4221 42 2 2 12 3 0 0 0 0
4222 6 0 0 0 0 0 6 0 0
4223 6 0 0 0 0 0 6 0 0
4224 6 0 0 0 0 0 6 0 0
4225 6 0 0 0 0 0 6 0 0
4230 12 0 0 12 0 0 0 0 0
4231 12 0 0 0 0 0 0 0 0
4240 24 1 1 12 0 0 0 0 0
4246 12 0 0 0 0 0 0 0 0
4257 39 1 1 0 0 0 0 0 0
4259 36 0 0 0 0 0 0 0 0
4262 27 0 0 9 8 6 0 0 0
4263 13 1 1 0 0 0 0 0 0
4330 13 0 0 0 0 0 0 0 0
4331 26 0 0 0 0 0 0 0 0
4332 26 0 0 0 0 0 0 0 0
4333 26 0 0 13 1 1 0 0 0
4334 78 0 0 0 0 0 0 0 0
4339 52 1 1 0 0 0 0 0 0
4343 75 1 1 0 0 0 0 0 0
4346 52 1 1 13 0 0 0 0 0
4443 13 1 1 13 0 0 0 0 0
4444 26 0 0 13 3 1 0 0 0
4446 26 0 0 13 1 1 0 0 0
4449 39 0 0 0 0 0 0 0 0
4451 12 0 0 0 0 0 0 0 0
4452 24 1 1 0 0 0 0 0 0
4453 12 0 0 0 0 0 12 0 0
4454 96 1 1 0 0 0 12 0 0
4456 24 0 0 0 0 0 12 12 12
4459 24 0 0 0 0 0 0 0 0
4460 39 0 0 0 0 0 13 2 1
4461 13 0 0 0 0 0 0 0 0
4466 4 0 0 1 0 0 1 0 0
4482 1 0 0 0 0 0 0 0 0
4487 156 2 2 117 0 0 0 0 0
fn=_int_memalign
1326 4 0 0 0 0 0 0 0 0
1345 16 1 1 0 0 0 0 0 0
4714 4 0 0 0 0 0 0 0 0
4756 2 1 1 0 0 0 0 0 0
4757 6 0 0 0 0 0 2 2 2
4758 4 0 0 0 0 0 2 0 0
5039 16 1 1 0 0 0 12 0 0
5069 8 0 0 0 0 0 4 0 0
5071 6 0 0 2 0 0 0 0 0
5074 2 0 0 0 0 0 0 0 0
5076 8 0 0 0 0 0 0 0 0
5083 5 1 1 0 0 0 0 0 0
5085 4 0 0 0 0 0 0 0 0
5090 4 0 0 1 0 0 0 0 0
5093 2 0 0 0 0 0 0 0 0
5101 10 1 1 0 0 0 2 0 0
5103 1 0 0 1 0 0 0 0 0
5104 5 0 0 1 0 0 1 0 0
5105 2 0 0 0 0 0 1 0 0
5106 1 0 0 0 0 0 0 0 0
5108 9 0 0 1 0 0 0 0 0
5113 6 1 1 2 0 0 0 0 0
5115 4 0 0 0 0 0 0 0 0
5116 2 0 0 0 0 0 0 0 0
5117 4 0 0 2 0 0 0 0 0
5118 4 0 0 0 0 0 0 0 0
5120 2 0 0 0 0 0 0 0 0
5121 4 0 0 0 0 0 0 0 0
5122 2 1 1 2 0 0 0 0 0
5129 2 0 0 0 0 0 0 0 0
5130 6 2 2 0 0 0 2 0 0
5134 6 1 1 0 0 0 2 0 0
5140 2 0 0 0 0 0 0 0 0
5141 18 0 0 14 0 0 0 0 0
fn=_mid_memalign.isra.0
1326 4 0 0 0 0 0 0 0 0
1345 10 0 0 0 0 0 0 0 0
3575 14 1 1 0 0 0 8 0 0
3581 4 1 1 0 0 0 0 0 0
3585 4 0 0 0 0 0 0 0 0
3590 6 2 2 0 0 0 0 0 0
3598 6 0 0 0 0 0 0 0 0
3615 6 0 0 0 0 0 0 0 0
3617 4 1 1 2 2 0 0 0 0
3638 4 0 0 2 2 0 0 0 0
3640 10 1 1 0 0 0 2 2 0
3641 10 1 1 2 0 0 0 0 0
3643 4 1 1 0 0 0 0 0 0
3662 12 0 0 10 0 0 0 0 0
fn=aligned_alloc
3556 14 1 1 0 0 0 6 0 0
3557 4 0 0 2 1 0 0 0 0
3564 10 0 0 0 0 0 0 0 0
3571 6 0 0 0 0 0 0 0 0
3572 6 1 1 6 0 0 0 0 0
fn=alloc_perturb
1985 39 1 1 13 0 0 0 0 0
1987 13 0 0 13 0 0 0 0 0
fn=free
3359 105 2 2 0 0 0 60 0 0
3363 30 0 0 0 0 0 0 0 0
3371 30 0 0 30 12 2 0 0 0
3373 15 0 0 0 0 0 0 0 0
3375 45 0 0 15 3 1 0 0 0
3392 45 0 0 30 6 0 0 0 0
3398 45 1 1 0 0 0 15 2 0
3401 15 0 0 0 0 0 15 0 0
3402 90 0 0 75 0 0 0 0 0
fn=malloc
1326 28 0 0 0 0 0 0 0 0
1345 70 1 1 0 0 0 0 0 0
3178 6 0 0 3 3 1 0 0 0
3182 6 0 0 0 0 0 0 0 0
3186 12 1 1 3 2 1 3 0 0
3190 6 0 0 0 0 0 3 0 0
3191 3 0 0 0 0 0 3 0 0
3294 112 1 1 0 0 0 56 1 1
3301 28 0 0 14 1 1 0 0 0
3311 28 0 0 0 0 0 0 0 0
3313 56 0 0 28 2 2 0 0 0
3316 28 0 0 14 1 1 0 0 0
3318 24 1 1 8 4 2 0 0 0
3326 22 1 1 11 1 1 0 0 0
3328 44 0 0 0 0 0 11 0 0
3329 55 1 1 11 0 0 0 0 0
3354 84 1 1 70 0 0 0 0 0
fn=unlink_chunk.isra.0
1608 12 1 1 0 0 0 6 0 0
1610 30 0 0 12 0 0 0 0 0
1613 12 0 0 12 0 0 0 0 0
1614 12 0 0 6 0 0 0 0 0
1616 24 1 1 12 3 0 0 0 0
1619 6 0 0 0 0 0 6 0 0
1620 6 0 0 0 0 0 6 0 0
1621 27 0 0 5 2 0 0 0 0
1623 10 0 0 5 0 0 0 0 0
1624 15 0 0 10 0 0 0 0 0
1627 10 0 0 5 2 0 0 0 0
1641 5 0 0 0 0 0 5 0 0
1642 5 1 1 0 0 0 5 0 0
1645 12 0 0 12 0 0 0 0 0
fl=./malloc/./malloc/morecore.c
fn=__glibc_morecore
25 3 1 1 0 0 0 1 0 0
26 2 0 0 1 0 0 0 0 0
29 1 0 0 0 0 0 1 0 0
30 2 0 0 0 0 0 0 0 0
34 2 0 0 2 0 0 0 0 0
fl=./misc/../sysdeps/unix/sysv/linux/brk.c
fn=brk
36 1 1 1 0 0 0 0 0 0
37 2 0 0 1 0 0 1 0 0
38 2 0 0 0 0 0 0 0 0
44 1 0 0 0 0 0 0 0 0
45 1 0 0 1 0 0 0 0 0
fl=./misc/../sysdeps/unix/sysv/linux/brk_call.h
fn=brk
24 2 0 0 0 0 0 0 0 0
fl=./misc/./misc/sbrk.c
fn=sbrk
37 8 1 1 0 0 0 4 0 0
40 2 0 0 2 2 2 0 0 0
43 2 1 1 1 1 1 0 0 0
58 2 0 0 0 0 0 0 0 0
62 2 0 0 0 0 0 0 0 0
66 4 1 1 0 0 0 0 0 0
74 3 1 1 0 0 0 1 0 0
78 7 0 0 5 0 0 0 0 0
fl=./string/../sysdeps/x86_64/multiarch/../multiarch/strcmp-sse2.S
fn=strcmp
98 2 1 1 0 0 0 0 0 0
131 2 0 0 0 0 0 0 0 0
132 2 0 0 0 0 0 0 0 0
134 2 0 0 0 0 0 0 0 0
135 2 0 0 0 0 0 0 0 0
156 2 0 0 0 0 0 0 0 0
157 2 0 0 0 0 0 0 0 0
158 1 0 0 0 0 0 0 0 0
159 1 0 0 0 0 0 0 0 0
160 1 0 0 1 1 1 0 0 0
161 1 1 1 1 0 0 0 0 0
162 1 0 0 1 0 0 0 0 0
163 1 0 0 1 0 0 0 0 0
180 1 0 0 0 0 0 0 0 0
181 1 0 0 0 0 0 0 0 0
182 1 0 0 0 0 0 0 0 0
183 1 0 0 0 0 0 0 0 0
184 1 0 0 0 0 0 0 0 0
185 1 0 0 0 0 0 0 0 0
186 1 0 0 0 0 0 0 0 0
191 1 0 0 0 0 0 0 0 0
192 3 0 0 0 0 0 0 0 0
201 2 1 1 0 0 0 0 0 0
202 2 0 0 0 0 0 0 0 0
203 2 0 0 0 0 0 0 0 0
204 2 0 0 0 0 0 0 0 0
205 2 0 0 0 0 0 0 0 0
206 2 0 0 0 0 0 0 0 0
207 2 0 0 0 0 0 0 0 0
208 2 0 0 0 0 0 0 0 0
209 2 0 0 0 0 0 0 0 0
210 2 0 0 0 0 0 0 0 0
211 2 0 0 0 0 0 0 0 0
212 2 0 0 0 0 0 0 0 0
214 2 0 0 0 0 0 0 0 0
215 2 0 0 0 0 0 0 0 0
216 2 0 0 0 0 0 0 0 0
217 2 0 0 2 2 1 0 0 0
218 2 0 0 0 0 0 0 0 0
219 2 0 0 0 0 0 0 0 0
1494 1 1 1 0 0 0 0 0 0
1495 1 0 0 1 0 0 0 0 0
1496 1 0 0 1 1 1 0 0 0
1497 1 0 0 0 0 0 0 0 0
1498 1 0 0 0 0 0 0 0 0
1500 1 0 0 0 0 0 0 0 0
1501 1 0 0 0 0 0 0 0 0
1502 1 1 1 0 0 0 0 0 0
1503 1 0 0 0 0 0 0 0 0
1504 1 0 0 0 0 0 0 0 0
1505 1 0 0 0 0 0 0 0 0
1506 1 0 0 0 0 0 0 0 0
1507 1 0 0 1 0 0 0 0 0
1511 1 0 0 0 0 0 0 0 0
1512 1 0 0 0 0 0 0 0 0
1513 1 0 0 0 0 0 0 0 0
1519 1 0 0 0 0 0 0 0 0
1520 1 0 0 0 0 0 0 0 0
1521 2 0 0 0 0 0 0 0 0
1525 1 1 1 0 0 0 0 0 0
1526 1 0 0 0 0 0 0 0 0
1529 1 0 0 1 0 0 0 0 0
1530 1 0 0 1 0 0 0 0 0
1531 1 0 0 0 0 0 0 0 0
1533 1 0 0 0 0 0 0 0 0
1534 1 0 0 0 0 0 0 0 0
1535 1 0 0 0 0 0 0 0 0
1539 1 0 0 0 0 0 0 0 0
1540 1 0 0 0 0 0 0 0 0
1541 1 0 0 0 0 0 0 0 0
1542 1 0 0 0 0 0 0 0 0
1543 1 0 0 0 0 0 0 0 0
1544 1 1 1 0 0 0 0 0 0
1851 1 1 1 0 0 0 0 0 0
1852 1 0 0 1 0 0 0 0 0
1853 1 0 0 1 0 0 0 0 0
1854 1 0 0 0 0 0 0 0 0
1855 1 0 0 0 0 0 0 0 0
1857 1 0 0 0 0 0 0 0 0
1858 1 0 0 0 0 0 0 0 0
1859 1 1 1 0 0 0 0 0 0
1860 1 0 0 0 0 0 0 0 0
1861 1 0 0 0 0 0 0 0 0
1862 1 0 0 0 0 0 0 0 0
1863 1 0 0 0 0 0 0 0 0
2093 1 1 1 0 0 0 0 0 0
2095 2 0 0 0 0 0 0 0 0
2096 2 0 0 0 0 0 0 0 0
2097 2 0 0 0 0 0 0 0 0
2098 2 0 0 0 0 0 0 0 0
2099 4 0 0 0 0 0 0 0 0
2104 2 1 1 0 0 0 0 0 0
2110 2 0 0 2 0 0 0 0 0
2111 2 0 0 2 0 0 0 0 0
2119 2 0 0 0 0 0 0 0 0
2120 2 0 0 2 0 0 0 0 0
fl=./string/../sysdeps/x86_64/multiarch/memmove-vec-unaligned-erms.S
fn=__memcpy_avx_unaligned_erms
255 12 1 1 0 0 0 0 0 0
256 12 0 0 0 0 0 0 0 0
262 12 0 0 0 0 0 0 0 0
263 12 0 0 0 0 0 0 0 0
265 11 0 0 11 1 0 0 0 0
266 11 0 0 0 0 0 0 0 0
267 11 0 0 0 0 0 0 0 0
270 2 0 0 2 0 0 0 0 0
271 2 0 0 0 0 0 2 0 0
272 2 0 0 0 0 0 2 0 0
275 4 0 0 2 0 0 0 0 0
305 1 0 0 0 0 0 0 0 0
306 1 0 0 0 0 0 0 0 0
308 1 0 0 0 0 0 0 0 0
309 1 0 0 0 0 0 0 0 0
311 1 0 0 0 0 0 0 0 0
315 1 0 0 0 0 0 0 0 0
316 1 1 1 0 0 0 0 0 0
317 1 0 0 0 0 0 0 0 0
325 1 0 0 1 0 0 0 0 0
375 1 1 1 1 0 0 0 0 0
376 1 0 0 1 0 0 0 0 0
377 1 0 0 0 0 0 1 1 1
378 1 0 0 0 0 0 1 0 0
379 1 0 0 0 0 0 1 1 1
380 1 0 0 0 0 0 1 0 0
381 2 0 0 1 0 0 0 0 0
386 9 2 1 9 3 1 0 0 0
387 9 0 0 0 0 0 0 0 0
392 7 0 0 0 0 0 0 0 0
393 7 0 0 0 0 0 0 0 0
395 2 0 0 2 0 0 0 0 0
396 2 0 0 0 0 0 0 0 0
397 2 0 0 0 0 0 0 0 0
399 1 0 0 1 0 0 0 0 0
400 1 0 0 1 0 0 0 0 0
401 1 0 0 1 0 0 0 0 0
402 1 0 0 1 0 0 0 0 0
403 1 0 0 1 0 0 0 0 0
404 1 1 1 1 0 0 0 0 0
405 1 0 0 0 0 0 1 0 0
406 1 0 0 0 0 0 1 1 1
407 1 0 0 0 0 0 1 0 0
408 1 0 0 0 0 0 1 1 1
409 1 0 0 0 0 0 1 1 1
410 1 0 0 0 0 0 1 0 0
411 1 0 0 0 0 0 1 0 0
412 1 0 0 0 0 0 1 0 0
413 2 0 0 1 0 0 0 0 0
417 5 0 0 0 0 0 0 0 0
418 5 0 0 0 0 0 0 0 0
422 5 0 0 0 0 0 0 0 0
424 5 1 1 0 0 0 0 0 0
428 5 0 0 5 1 1 0 0 0
429 5 0 0 0 0 0 0 0 0
440 5 0 0 0 0 0 0 0 0
443 5 0 0 0 0 0 0 0 0
445 5 0 0 0 0 0 0 0 0
447 5 0 0 0 0 0 0 0 0
451 5 0 0 0 0 0 0 0 0
452 5 0 0 0 0 0 0 0 0
461 3 0 0 3 0 0 0 0 0
462 3 0 0 3 0 0 0 0 0
464 3 0 0 0 0 0 0 0 0
466 3 0 0 0 0 0 0 0 0
467 3 1 1 3 0 0 0 0 0
468 3 0 0 3 0 0 0 0 0
471 3 0 0 0 0 0 0 0 0
473 3 0 0 0 0 0 0 0 0
475 3 0 0 0 0 0 0 0 0
477 6 0 0 0 0 0 0 0 0
483 25 0 0 25 0 0 0 0 0
484 25 0 0 25 0 0 0 0 0
485 25 0 0 25 0 0 0 0 0
486 25 0 0 25 0 0 0 0 0
487 25 0 0 0 0 0 0 0 0
488 25 0 0 0 0 0 25 11 11
489 25 0 0 0 0 0 25 15 15
490 25 1 1 0 0 0 25 10 10
491 25 0 0 0 0 0 25 15 15
492 25 0 0 0 0 0 0 0 0
493 25 0 0 0 0 0 0 0 0
494 25 0 0 0 0 0 0 0 0
496 3 0 0 0 0 0 3 1 1
497 3 0 0 0 0 0 3 2 2
498 3 0 0 0 0 0 3 0 0
499 3 0 0 0 0 0 3 0 0
501 3 0 0 0 0 0 3 0 0
505 6 0 0 3 0 0 0 0 0
518 2 0 0 2 0 0 0 0 0
519 2 0 0 2 0 0 0 0 0
521 2 1 1 0 0 0 0 0 0
522 2 0 0 2 0 0 0 0 0
523 2 0 0 2 0 0 0 0 0
525 2 0 0 0 0 0 0 0 0
527 2 0 0 0 0 0 0 0 0
529 4 0 0 0 0 0 0 0 0
535 94 0 0 94 0 0 0 0 0
536 94 0 0 94 0 0 0 0 0
537 94 0 0 94 0 0 0 0 0
538 94 0 0 94 0 0 0 0 0
539 94 0 0 0 0 0 0 0 0
540 94 0 0 0 0 0 94 94 94
541 94 1 1 0 0 0 94 0 0
542 94 0 0 0 0 0 94 94 94
543 94 0 0 0 0 0 94 0 0
544 94 0 0 0 0 0 0 0 0
545 94 0 0 0 0 0 0 0 0
546 94 0 0 0 0 0 0 0 0
548 2 0 0 0 0 0 2 0 0
549 2 0 0 0 0 0 2 2 2
550 2 0 0 0 0 0 2 0 0
551 2 0 0 0 0 0 2 0 0
553 2 0 0 0 0 0 2 0 0
554 4 0 0 2 0 0 0 0 0
563 2 1 1 2 0 0 0 0 0
570 2 0 0 0 0 0 0 0 0
571 2 0 0 0 0 0 0 0 0
577 2 0 0 0 0 0 0 0 0
580 2 0 0 0 0 0 0 0 0
582 2 0 0 0 0 0 0 0 0
585 2 0 0 0 0 0 0 0 0
586 2 0 0 0 0 0 0 0 0
588 2 0 0 0 0 0 0 0 0
590 49106 0 0 49104 581 0 49104 767 765
592 2 0 0 0 0 0 2 1 0
594 2 0 0 0 0 0 2 1 0
596 4 0 0 2 1 0 0 0 0
601 2 1 1 0 0 0 0 0 0
602 2 0 0 0 0 0 0 0 0
606 2 0 0 0 0 0 0 0 0
608 2 0 0 0 0 0 0 0 0
611 2 0 0 0 0 0 0 0 0
615 2 0 0 2 2 0 0 0 0
616 2 0 0 0 0 0 0 0 0
620 2 0 0 2 0 0 0 0 0
624 2 0 0 0 0 0 0 0 0
fl=./string/../sysdeps/x86_64/multiarch/memset-vec-unaligned-erms.S
fn=__memset_avx2_unaligned_erms
158 2 1 1 0 0 0 0 0 0
159 4 0 0 0 0 0 0 0 0
164 2 0 0 0 0 0 0 0 0
165 2 0 0 0 0 0 0 0 0
166 2 0 0 0 0 0 0 0 0
167 2 0 0 0 0 0 0 0 0
168 2 0 0 0 0 0 0 0 0
237 2 1 1 2 2 0 0 0 0
238 2 0 0 0 0 0 0 0 0
244 2 0 0 0 0 0 2 0 0
245 2 0 0 0 0 0 2 2 0
257 2 0 0 0 0 0 0 0 0
260 2 0 0 0 0 0 0 0 0
261 2 0 0 0 0 0 0 0 0
273 2 0 0 0 0 0 2 0 0
274 2 0 0 0 0 0 2 2 0
287 2 0 0 0 0 0 0 0 0
288 2 0 0 0 0 0 0 0 0
290 2 0 0 0 0 0 0 0 0
293 2 0 0 0 0 0 0 0 0
296 2 0 0 0 0 0 0 0 0
299 9 1 1 0 0 0 9 2 0
300 9 0 0 0 0 0 9 6 0
301 9 0 0 0 0 0 9 3 0
302 9 0 0 0 0 0 9 6 0
303 9 0 0 0 0 0 0 0 0
304 9 0 0 0 0 0 0 0 0
305 11 0 0 0 0 0 0 0 0
308 2 0 0 0 0 0 2 0 0
309 2 0 0 0 0 0 2 1 0
310 2 0 0 0 0 0 2 0 0
311 2 0 0 0 0 0 2 1 0
314 4 0 0 2 0 0 0 0 0
fl=/home/wang/git-repositories/vcpkg/installed/x64-linux-clang-libcxx/include/boost/unordered/detail/foa/core.hpp
fn=unsigned int lob::v16::BookT<lob::ChecksumSink, 16u>::match<(lob::Side)0>(unsigned long, long, unsigned int)
0 80655 1 1 0 0 0 0 0 0
fn=unsigned int lob::v16::BookT<lob::ChecksumSink, 16u>::match<(lob::Side)1>(unsigned long, long, unsigned int)
0 80322 1 1 0 0 0 0 0 0
fl=/home/wang/sources/cxx/book/include/lob/events.hpp
fn=lob::v16::BookT<lob::ChecksumSink, 16u>::modify(unsigned long, long, unsigned int)
0 83145 1 1 0 0 0 55430 0 0
92 93099 1 1 93099 0 0 0 0 0
93 881005 2 2 93141 0 0 93099 0 0
fn=unsigned int lob::v16::BookT<lob::ChecksumSink, 16u>::match<(lob::Side)0>(unsigned long, long, unsigned int)
0 149843 0 0 149843 0 0 0 0 0
92 449529 0 0 149843 0 0 149843 0 0
93 1798116 1 1 149843 0 0 149843 0 0
fn=unsigned int lob::v16::BookT<lob::ChecksumSink, 16u>::match<(lob::Side)1>(unsigned long, long, unsigned int)
0 148700 0 0 148700 0 0 0 0 0
92 446100 0 0 148700 0 0 148700 0 0
93 1784400 1 1 148700 0 0 148700 0 0
fn=void lob::replay<lob::v16::BookT<lob::ChecksumSink, 16u> >(lob::v16::BookT<lob::ChecksumSink, 16u>&, std::__1::span<lob::Op const, 18446744073709551615ul>)
0 604218 1 1 0 0 0 302038 0 0
92 773639 0 0 773639 4 1 0 0 0
93 8716680 2 2 1547420 0 0 471601 0 0
fl=/home/wang/sources/cxx/book/include/lob/replay.hpp
fn=void lob::replay<lob::v16::BookT<lob::ChecksumSink, 16u> >(lob::v16::BookT<lob::ChecksumSink, 16u>&, std::__1::span<lob::Op const, 18446744073709551615ul>)
0 7 0 0 0 0 0 1 1 1
52 7 1 1 0 0 0 6 1 1
53 1000001 0 0 0 0 0 0 0 0
57 9 2 2 7 1 1 0 0 0
fl=/home/wang/sources/cxx/book/include/lob/v11/exact_div.hpp
fn=lob::v16::BookT<lob::ChecksumSink, 16u>::modify(unsigned long, long, unsigned int)
37 196152 0 0 130768 0 0 0 0 0
fn=lob::v16::BookT<lob::ChecksumSink, 16u>::remove_from_level(lob::v16::BookT<lob::ChecksumSink, 16u>::Loc const&)
37 83145 0 0 55430 0 0 0 0 0
fn=void lob::replay<lob::v16::BookT<lob::ChecksumSink, 16u> >(lob::v16::BookT<lob::ChecksumSink, 16u>&, std::__1::span<lob::Op const, 18446744073709551615ul>)
37 2320917 0 0 1547278 0 0 0 0 0
fl=/home/wang/sources/cxx/book/include/lob/v16/book.hpp
fn=lob::v16::BookT<lob::ChecksumSink, 16u>::anchor_if_on_tick(long)
373 3 1 1 0 0 0 1 0 0
374 1 0 0 0 0 0 1 0 0
601 10 1 1 1 0 0 0 0 0
602 1 0 0 1 0 0 0 0 0
fn=lob::v16::BookT<lob::ChecksumSink, 16u>::modify(unsigned long, long, unsigned int)
0 513448 2 2 265191 0 0 0 0 0
186 764434 1 1 0 0 0 416964 0 0
189 138988 0 0 0 0 0 0 0 0
190 138988 0 0 0 0 0 0 0 0
192 208482 0 0 69494 0 0 138988 0 0
194 277976 0 0 0 0 0 0 0 0
195 83558 1 1 41779 364 0 0 0 0
196 41779 0 0 0 0 0 41779 0 0
197 41779 0 0 41779 0 0 0 0 0
198 41779 0 0 0 0 0 0 0 0
202 166290 1 1 0 0 0 83145 0 0
203 27715 0 0 27715 0 0 0 0 0
205 625446 0 0 486458 0 0 0 0 0
324 23605 0 0 0 0 0 0 0 0
354 416964 1 1 138988 64582 0 69494 2 2
362 83558 0 0 41779 0 0 0 0 0
367 130768 2 2 65384 0 0 0 0 0
368 172547 0 0 0 0 0 0 0 0
370 55430 0 0 55430 0 0 0 0 0
387 83558 0 0 0 0 0 0 0 0
393 47210 1 1 23605 0 0 0 0 0
394 23605 0 0 0 0 0 0 0 0
395 70815 0 0 23605 0 0 23605 0 0
396 23605 0 0 0 0 0 0 0 0
401 141644 2 2 23619 0 0 118025 0 0
417 47210 0 0 23605 273 0 0 0 0
419 141630 2 2 23605 0 0 0 0 0
420 23605 0 0 0 0 0 23605 1600 0
421 23605 0 0 0 0 0 23605 0 0
422 23605 0 0 0 0 0 23605 0 0
423 23605 0 0 0 0 0 23605 0 0
424 23605 0 0 23605 74 0 0 0 0
445 69494 0 0 0 0 0 0 0 0
446 83145 1 1 0 0 0 0 0 0
447 83145 0 0 0 0 0 0 0 0
448 158084 1 1 55444 0 0 0 0 0
449 27715 0 0 27715 0 0 0 0 0
450 27715 0 0 0 0 0 0 0 0
451 110860 0 0 0 0 0 0 0 0
452 55430 0 0 0 0 0 0 0 0
457 51306 0 0 0 0 0 0 0 0
458 4124 0 0 0 0 0 0 0 0
459 8128 1 1 0 0 0 2032 0 0
461 8368 0 0 0 0 0 2092 0 0
462 8248 0 0 0 0 0 0 0 0
526 47210 0 0 23605 0 0 0 0 0
530 70815 1 1 23605 0 0 0 0 0
531 23647 0 0 0 0 0 14 0 0
532 14 0 0 0 0 0 0 0 0
536 47224 1 1 23619 0 0 0 0 0
537 23605 0 0 0 0 0 23605 0 0
538 23605 0 0 23605 0 0 0 0 0
fn=lob::v16::BookT<lob::ChecksumSink, 16u>::remove_from_level(lob::v16::BookT<lob::ChecksumSink, 16u>::Loc const&)
0 83145 0 0 0 0 0 55430 0 0
324 27715 0 0 0 0 0 0 0 0
362 55430 1 1 27715 0 0 0 0 0
367 27715 0 0 27715 0 0 0 0 0
368 27715 0 0 0 0 0 0 0 0
406 55430 0 0 27715 0 0 27715 0 0
407 55430 0 0 0 0 0 27715 0 0
429 55430 0 0 27715 0 0 0 0 0
430 55430 0 0 27715 0 0 0 0 0
433 138575 0 0 0 0 0 0 0 0
434 138575 1 1 0 0 0 0 0 0
435 27715 0 0 0 0 0 27715 16569 0
436 27715 0 0 0 0 0 27715 16319 0
437 27715 0 0 27715 23 0 0 0 0
561 27715 0 0 27715 0 0 0 0 0
562 83145 0 0 27715 0 0 0 0 0
563 83145 1 1 83145 232 0 0 0 0
565 27715 0 0 27715 0 0 0 0 0
568 221720 1 1 55430 8 0 0 0 0
572 83145 0 0 83145 0 0 0 0 0
fn=unsigned int lob::v16::BookT<lob::ChecksumSink, 16u>::match<(lob::Side)0>(unsigned long, long, unsigned int)
0 1370072 3 3 2690 0 0 405556 0 0
370 162882 1 1 81441 0 0 0 0 0
406 165042 0 0 82521 0 0 82521 0 0
407 165042 0 0 82521 0 0 82521 0 0
429 165042 0 0 82521 0 0 0 0 0
430 165042 0 0 82521 0 0 0 0 0
433 412605 0 0 82521 0 0 0 0 0
434 330084 0 0 82521 0 0 0 0 0
435 82521 0 0 0 0 0 82521 0 0
436 165042 0 0 0 0 0 82521 35817 0
437 82521 0 0 82521 0 0 0 0 0
472 565124 1 1 0 0 0 484392 720 0
482 161464 0 0 0 0 0 0 0 0
485 244323 0 0 0 0 0 0 0 0
488 81441 0 0 0 0 0 0 0 0
493 81441 0 0 0 0 0 0 0 0
495 162959 0 0 0 0 0 0 0 0
496 895004 1 1 162728 0 0 162728 0 0
497 601499 2 2 150552 0 0 0 0 0
500 599372 0 0 0 0 0 0 0 0
501 299686 0 0 299686 19348 0 0 0 0
503 449529 0 0 0 0 0 149843 0 0
504 149843 0 0 149843 0 0 0 0 0
505 149843 0 0 0 0 0 0 0 0
511 161310 0 0 80655 0 0 0 0 0
512 2690 1 1 1345 0 0 0 0 0
519 807320 1 1 565124 0 0 0 0 0
fn=unsigned int lob::v16::BookT<lob::ChecksumSink, 16u>::match<(lob::Side)1>(unsigned long, long, unsigned int)
0 1445056 4 4 83766 0 0 403931 0 0
370 162244 0 0 81122 0 0 0 0 0
406 163358 0 0 81679 0 0 81679 0 0
407 163358 0 0 81679 0 0 81679 0 0
429 163358 0 0 81679 0 0 0 0 0
430 163358 0 0 81679 0 0 0 0 0
433 408395 0 0 81679 0 0 0 0 0
434 326716 0 0 81679 0 0 0 0 0
435 81679 0 0 0 0 0 81679 0 0
436 163358 0 0 0 0 0 81679 34368 0
437 81679 0 0 81679 0 0 0 0 0
472 562807 0 0 0 0 0 482406 775 0
482 160802 0 0 0 0 0 0 0 0
485 243366 0 0 0 0 0 0 0 0
488 81122 0 0 0 0 0 0 0 0
489 81122 0 0 0 0 0 0 0 0
493 81122 0 0 0 0 0 0 0 0
495 162323 0 0 0 0 0 0 0 0
496 891473 1 1 162086 0 0 162086 0 0
497 596963 2 2 149421 0 0 0 0 0
500 594800 0 0 0 0 0 0 0 0
501 297400 0 0 297400 18497 0 0 0 0
503 446100 0 0 0 0 0 148700 0 0
504 148700 0 0 148700 0 0 0 0 0
505 148700 0 0 0 0 0 0 0 0
511 160644 0 0 80322 0 0 0 0 0
512 2644 1 1 1322 0 0 0 0 0
516 2644 0 0 0 0 0 0 0 0
519 804010 1 1 562807 0 0 0 0 0
fn=void lob::replay<lob::v16::BookT<lob::ChecksumSink, 16u> >(lob::v16::BookT<lob::ChecksumSink, 16u>&, std::__1::span<lob::Op const, 18446744073709551615ul>)
0 5936918 2 2 2414662 125000 125000 1558974 0 0
158 4861012 1 1 1000000 162964 162961 0 0 0
160 3142340 2 2 1885404 78501 78501 0 0 0
164 416964 1 0 138988 8539 8539 69494 0 0
170 628468 0 0 0 0 0 0 0 0
171 1558974 0 0 0 0 0 0 0 0
172 628468 0 0 0 0 0 628468 0 0
181 604076 0 0 604076 182602 0 0 0 0
183 302038 0 0 302038 0 0 0 0 0
324 2320917 1 1 0 0 0 0 0 0
354 1510190 1 1 604076 96999 0 0 0 0
362 604078 0 0 302039 0 0 0 0 0
367 1245240 1 1 773639 0 0 0 0 0
368 1547278 0 0 0 0 0 0 0 0
370 1256934 0 0 1256934 0 0 0 0 0
393 1415087 0 0 471743 0 0 142 0 0
394 471601 0 0 0 0 0 0 0 0
395 1878258 0 0 469600 22038 2 939058 0 0
396 469600 0 0 0 0 0 0 0 0
397 6003 0 0 0 0 0 0 0 0
401 2833750 0 0 471743 0 0 2358005 10202 1
406 604076 0 0 302038 0 0 302038 0 0
407 302038 0 0 0 0 0 302038 0 0
417 1414803 1 1 471601 2655 23 0 0 0
419 2358005 0 0 471601 0 0 0 0 0
420 471601 0 0 0 0 0 471601 11595 0
421 471601 0 0 0 0 0 471601 0 0
422 471601 1 1 0 0 0 471601 0 0
423 471601 0 0 0 0 0 471601 0 0
424 943060 0 0 943060 672 7 0 0 0
429 604076 0 0 302038 0 0 0 0 0
430 604076 0 0 302038 0 0 0 0 0
433 1510190 0 0 0 0 0 0 0 0
434 1510190 1 1 0 0 0 0 0 0
435 302038 0 0 0 0 0 302038 180329 0
436 604076 0 0 302038 0 0 302038 177926 0
437 302038 0 0 302038 289 0 0 0 0
446 1885404 0 0 0 0 0 0 0 0
447 1885401 0 0 0 0 0 0 0 0
448 3614225 1 1 0 0 0 157009 0 0
449 628468 0 0 628468 4 1 0 0 0
451 2513868 0 0 0 0 0 0 0 0
452 2513872 1 1 0 0 0 1256936 0 0
457 628468 0 0 0 0 0 0 0 0
458 157009 0 0 0 0 0 0 0 0
459 157400 1 1 0 0 0 78700 0 0
461 156618 0 0 0 0 0 78309 0 0
462 471027 0 0 157009 0 0 0 0 0
526 943207 0 0 471601 1 0 1 0 0
530 1414803 0 0 471601 0 0 0 0 0
531 472027 0 0 0 0 0 142 0 0
532 142 0 0 0 0 0 0 0 0
536 943344 1 1 943344 0 0 0 0 0
537 471601 0 0 0 0 0 471601 1 0
538 471601 0 0 471601 4 1 0 0 0
542 604076 0 0 0 0 0 604076 0 0
544 906114 1 1 302038 0 0 0 0 0
545 604076 0 0 604076 2636 0 0 0 0
547 302038 0 0 302038 0 0 0 0 0
550 2114266 1 1 302038 72 0 0 0 0
fl=/home/wang/sources/cxx/book/include/lob/v16/order_index.hpp
fn=lob::v16::BookT<lob::ChecksumSink, 16u>::modify(unsigned long, long, unsigned int)
0 208482 1 1 69494 0 0 0 0 0
72 138988 0 0 0 0 0 0 0 0
77 138988 0 0 0 0 0 0 0 0
80 208482 0 0 0 0 0 0 0 0
119 16440 1 1 0 0 0 0 0 0
123 36990 1 1 8220 0 0 0 0 0
124 12330 0 0 0 0 0 4110 0 0
125 12330 0 0 4110 0 0 0 0 0
126 8220 0 0 0 0 0 0 0 0
127 4110 1 1 4110 0 0 0 0 0
128 4110 0 0 0 0 0 0 0 0
144 277976 0 0 69494 0 0 0 0 0
147 138988 0 0 0 0 0 0 0 0
152 347470 1 1 0 0 0 0 0 0
154 208482 0 0 69494 47631 0 0 0 0
fn=lob::v16::OrderIndex::alloc(unsigned long)
0 4 0 0 2 0 0 0 0 0
178 10 1 1 0 0 0 6 0 0
179 2 0 0 0 0 0 2 0 0
180 8 1 1 0 0 0 2 0 0
181 4 0 0 0 0 0 2 0 0
182 4 0 0 0 0 0 2 0 0
183 8 0 0 0 0 0 2 0 0
184 2 1 1 0 0 0 2 0 0
186 792 2 2 0 0 0 0 0 0
187 1536 0 0 0 0 0 1536 1536 1536
188 1536 2 2 0 0 0 1536 0 0
190 10 0 0 8 1 0 0 0 0
fn=lob::v16::OrderIndex::grow()
0 5000 2 2 2688 1 0 0 0 0
144 10752 1 1 2688 1 0 0 0 0
168 2688 1 1 2688 20 0 0 0 0
169 13440 5 5 0 0 0 0 0 0
171 10752 1 1 0 0 0 2688 0 0
172 8064 1 1 2688 0 0 2688 1034 0
191 16 1 1 0 0 0 14 0 0
193 2 0 0 2 0 0 0 0 0
194 4 0 0 0 0 0 2 1 0
195 2308 0 0 0 0 0 0 0 0
197 16128 3 3 5376 742 0 0 0 0
199 5376 0 0 2688 0 0 2688 0 0
214 20 1 1 12 2 0 0 0 0
fn=unsigned int lob::v16::BookT<lob::ChecksumSink, 16u>::match<(lob::Side)0>(unsigned long, long, unsigned int)
0 330084 0 0 82521 0 0 0 0 0
72 165042 1 1 0 0 0 0 0 0
77 165042 1 1 0 0 0 0 0 0
80 82521 0 0 0 0 0 0 0 0
119 247563 0 0 0 0 0 0 0 0
123 577647 1 1 82521 0 0 0 0 0
124 247563 0 0 0 0 0 82521 0 0
125 330084 0 0 82521 0 0 0 0 0
126 165042 0 0 0 0 0 0 0 0
127 82521 1 1 82521 0 0 0 0 0
144 330084 0 0 82521 0 0 0 0 0
147 165042 0 0 0 0 0 0 0 0
152 412605 1 1 0 0 0 0 0 0
154 247563 0 0 82521 44958 0 0 0 0
fn=unsigned int lob::v16::BookT<lob::ChecksumSink, 16u>::match<(lob::Side)1>(unsigned long, long, unsigned int)
0 326716 0 0 81679 0 0 0 0 0
72 163358 1 1 0 0 0 0 0 0
77 163358 1 1 0 0 0 0 0 0
80 81679 0 0 0 0 0 0 0 0
119 245037 0 0 0 0 0 0 0 0
123 571753 1 1 81679 0 0 0 0 0
124 245037 0 0 0 0 0 81679 0 0
125 326716 0 0 81679 0 0 0 0 0
126 163358 0 0 0 0 0 0 0 0
127 81679 1 1 81679 0 0 0 0 0
144 326716 0 0 81679 0 0 0 0 0
147 163358 0 0 0 0 0 0 0 0
152 408395 1 1 0 0 0 0 0 0
154 245037 0 0 81679 43627 0 0 0 0
fn=void lob::replay<lob::v16::BookT<lob::ChecksumSink, 16u> >(lob::v16::BookT<lob::ChecksumSink, 16u>&, std::__1::span<lob::Op const, 18446744073709551615ul>)
0 3722034 0 0 1558976 3 1 1558974 0 0
72 906114 0 0 0 0 0 0 0 0
77 604076 0 0 0 0 0 0 0 0
80 906114 0 0 0 0 0 0 0 0
87 1885404 0 0 628468 2 1 0 0 0
88 1256936 1 1 0 0 0 628468 0 0
89 1885404 0 0 1256936 0 0 0 0 0
90 8 2 2 0 0 0 2 1 0
94 628468 0 0 628468 0 0 0 0 0
95 628468 0 0 0 0 0 628468 2 0
119 2137658 4 4 302038 0 0 0 0 0
123 3369202 0 0 615772 0 0 0 0 0
124 1376715 0 0 0 0 0 458905 0 0
125 1835620 1 1 458905 3 0 0 0 0
126 1074677 0 0 0 0 0 0 0 0
127 760943 2 2 458905 0 0 0 0 0
128 156867 0 0 0 0 0 0 0 0
144 3722024 1 1 930506 0 0 0 0 0
147 3746416 2 2 0 0 0 0 0 0
152 1510190 1 1 0 0 0 0 0 0
154 906114 0 0 302038 206887 0 0 0 0
168 628468 0 0 628468 42 6 0 0 0
169 3770808 2 2 0 0 0 0 0 0
171 2513872 0 0 0 0 0 628468 0 0
172 2513872 0 0 628468 0 0 628468 566570 256
fl=/home/wang/sources/cxx/book/include/lob/v3/hier_bitmap.hpp
fn=lob::v16::BookT<lob::ChecksumSink, 16u>::modify(unsigned long, long, unsigned int)
48 83145 0 0 55430 0 0 0 0 0
57 47182 0 0 0 0 0 0 0 0
58 70773 0 0 23591 21 0 0 0 0
59 70773 0 0 47182 0 0 47182 291 0
95 138575 1 1 0 0 0 0 0 0
fn=lob::v16::BookT<lob::ChecksumSink, 16u>::remove_from_level(lob::v16::BookT<lob::ChecksumSink, 16u>::Loc const&)
78 83145 0 0 27715 0 0 0 0 0
79 83145 0 0 27715 21 0 0 0 0
80 27715 0 0 0 0 0 0 0 0
fn=lob::v3::HierBitmap<16u>::set(unsigned int)
55 156 1 1 156 0 0 0 0 0
57 312 0 0 0 0 0 0 0 0
58 468 0 0 156 0 0 0 0 0
59 468 0 0 312 0 0 312 0 0
63 156 0 0 156 0 0 0 0 0
fn=unsigned int lob::v16::BookT<lob::ChecksumSink, 16u>::match<(lob::Side)0>(unsigned long, long, unsigned int)
0 83422 0 0 81441 0 0 0 0 0
48 244323 1 1 162882 0 0 0 0 0
67 2690 0 0 0 0 0 0 0 0
68 5380 1 1 1345 0 0 0 0 0
95 407205 0 0 0 0 0 0 0 0
fn=unsigned int lob::v16::BookT<lob::ChecksumSink, 16u>::match<(lob::Side)1>(unsigned long, long, unsigned int)
0 1923 0 0 0 0 0 0 0 0
48 243366 1 1 162244 0 0 0 0 0
67 2644 0 0 0 0 0 0 0 0
68 5288 0 0 1322 0 0 0 0 0
95 405610 0 0 0 0 0 0 0 0
fn=void lob::replay<lob::v16::BookT<lob::ChecksumSink, 16u> >(lob::v16::BookT<lob::ChecksumSink, 16u>&, std::__1::span<lob::Op const, 18446744073709551615ul>)
0 1414377 0 0 942918 0 0 0 0 0
48 2513872 1 1 1256936 10 2 0 0 0
57 942921 0 0 0 0 0 0 0 0
58 1414386 0 0 471462 316 7 0 0 0
59 1414395 1 1 942927 1 1 942924 3 1
78 906114 0 0 302038 0 0 0 0 0
79 906114 0 0 302038 269 0 0 0 0
80 302038 0 0 0 0 0 0 0 0
95 3142335 0 0 0 0 0 0 0 0
fl=/home/wang/sources/cxx/book/source/main.cxx
fn=auto lob::for_each_type<std::__1::tuple<lob::v0::Book<lob::ChecksumSink>, lob::v1::Book<lob::ChecksumSink>, lob::v2::Book<lob::ChecksumSink>, lob::v3::BookT<lob::ChecksumSink, 16u>, lob::v4::BookT<lob::ChecksumSink, 16u>, lob::v5::BookT<lob::ChecksumSink, 16u>, lob::v7::BookT<lob::ChecksumSink, 16u>, lob::v8::BookT<lob::ChecksumSink, 16u>, lob::v9::BookT<lob::ChecksumSink, 16u>, lob::v10::BookT<lob::ChecksumSink, 16u>, lob::v11::BookT<lob::ChecksumSink, 16u>, lob::v12::BookT<lob::ChecksumSink, 16u>, lob::v13::BookT<lob::ChecksumSink, 16u>, lob::v14::BookT<lob::ChecksumSink, 16u>, lob::v15::BookT<lob::ChecksumSink, 16u>, lob::v16::BookT<lob::ChecksumSink, 16u> >, (anonymous namespace)::with_version<(anonymous namespace)::cmd_replay((anonymous namespace)::Args const&)::$_0>(std::__1::basic_string_view<char, std::__1::char_traits<char> >, (anonymous namespace)::cmd_replay((anonymous namespace)::Args const&)::$_0&&)::{lambda<typename $T0>()#1}>((anonymous namespace)::with_version<(anonymous namespace)::cmd_replay((anonymous namespace)::Args const&)::$_0>(std::__1::basic_string_view<char, std::__1::char_traits<char> >, (anonymous namespace)::cmd_replay((anonymous namespace)::Args const&)::$_0&&)::{lambda<typename $T0>()#1}&&)::{lambda<unsigned long... $N0>(std::__1::integer_sequence<unsigned long, ($N0)...>)#1}::operator()<0ul, 1ul, 2ul, 3ul, 4ul, 5ul, 6ul, 7ul, 8ul, 9ul, 10ul, 11ul, 12ul, 13ul, 14ul, 15ul>(std::__1::integer_sequence<unsigned long, 0ul, 1ul, 2ul, 3ul, 4ul, 5ul, 6ul, 7ul, 8ul, 9ul, 10ul, 11ul, 12ul, 13ul, 14ul, 15ul>) const
293 2 1 1 0 0 0 1 1 1
294 3 0 0 1 1 1 1 1 1
295 9 2 2 0 0 0 6 1 1
fl=/usr/include/c++/v1/__algorithm/comp.h
fn=unsigned int lob::v16::BookT<lob::ChecksumSink, 16u>::match<(lob::Side)0>(unsigned long, long, unsigned int)
41 149843 0 0 149843 159 0 0 0 0
fn=unsigned int lob::v16::BookT<lob::ChecksumSink, 16u>::match<(lob::Side)1>(unsigned long, long, unsigned int)
41 148700 0 0 148700 152 0 0 0 0
fl=/usr/include/c++/v1/__bit/countr.h
fn=lob::v16::BookT<lob::ChecksumSink, 16u>::modify(unsigned long, long, unsigned int)
28 249848 1 1 55430 0 0 0 0 0
fn=lob::v16::OrderIndex::alloc(unsigned long)
28 6 0 0 0 0 0 0 0 0
fn=lob::v16::OrderIndex::grow()
28 5376 0 0 0 0 0 0 0 0
fn=unsigned int lob::v16::BookT<lob::ChecksumSink, 16u>::match<(lob::Side)0>(unsigned long, long, unsigned int)
28 572247 0 0 162882 0 0 0 0 0
fn=unsigned int lob::v16::BookT<lob::ChecksumSink, 16u>::match<(lob::Side)1>(unsigned long, long, unsigned int)
28 568968 0 0 162244 0 0 0 0 0
fn=void lob::replay<lob::v16::BookT<lob::ChecksumSink, 16u> >(lob::v16::BookT<lob::ChecksumSink, 16u>&, std::__1::span<lob::Op const, 18446744073709551615ul>)
28 4374880 0 0 1256934 8 0 0 0 0
fl=/usr/include/c++/v1/__iterator/wrap_iter.h
fn=void lob::replay<lob::v16::BookT<lob::ChecksumSink, 16u> >(lob::v16::BookT<lob::ChecksumSink, 16u>&, std::__1::span<lob::Op const, 18446744073709551615ul>)
65 1000000 0 0 0 0 0 0 0 0
125 1000001 1 1 0 0 0 0 0 0
fl=/usr/include/c++/v1/__memory/allocator.h
fn=void lob::replay<lob::v16::BookT<lob::ChecksumSink, 16u> >(lob::v16::BookT<lob::ChecksumSink, 16u>&, std::__1::span<lob::Op const, 18446744073709551615ul>)
100 24 0 0 0 0 0 0 0 0
fl=/usr/include/c++/v1/__memory/construct_at.h
fn=void lob::replay<lob::v16::BookT<lob::ChecksumSink, 16u> >(lob::v16::BookT<lob::ChecksumSink, 16u>&, std::__1::span<lob::Op const, 18446744073709551615ul>)
38 4002 0 0 0 0 0 2001 1000 998
fl=/usr/include/c++/v1/__memory/uninitialized_algorithms.h
fn=void lob::replay<lob::v16::BookT<lob::ChecksumSink, 16u> >(lob::v16::BookT<lob::ChecksumSink, 16u>&, std::__1::span<lob::Op const, 18446744073709551615ul>)
0 12 0 0 12 1 0 0 0 0
638 48 0 0 0 0 0 12 0 0
fl=/usr/include/c++/v1/__memory/unique_ptr.h
fn=lob::v16::BookT<lob::ChecksumSink, 16u>::modify(unsigned long, long, unsigned int)
583 4110 0 0 4110 0 0 0 0 0
fn=lob::v16::OrderIndex::alloc(unsigned long)
91 2 0 0 0 0 0 2 0 0
287 2 0 0 2 0 0 0 0 0
288 2 0 0 0 0 0 2 0 0
289 4 0 0 0 0 0 0 0 0
606 2 0 0 2 0 0 0 0 0
607 2 0 0 0 0 0 2 0 0
609 4 0 0 0 0 0 0 0 0
765 14 0 0 0 0 0 4 0 0
fn=lob::v16::OrderIndex::grow()
281 2 0 0 2 0 0 0 0 0
282 2 0 0 0 0 0 2 0 0
fn=unsigned int lob::v16::BookT<lob::ChecksumSink, 16u>::match<(lob::Side)0>(unsigned long, long, unsigned int)
583 82521 0 0 82521 0 0 0 0 0
fn=unsigned int lob::v16::BookT<lob::ChecksumSink, 16u>::match<(lob::Side)1>(unsigned long, long, unsigned int)
583 81679 0 0 81679 0 0 0 0 0
fn=void lob::replay<lob::v16::BookT<lob::ChecksumSink, 16u> >(lob::v16::BookT<lob::ChecksumSink, 16u>&, std::__1::span<lob::Op const, 18446744073709551615ul>)
583 458905 1 1 458905 0 0 0 0 0
fl=/usr/include/c++/v1/__new/allocate.h
fn=void lob::replay<lob::v16::BookT<lob::ChecksumSink, 16u> >(lob::v16::BookT<lob::ChecksumSink, 16u>&, std::__1::span<lob::Op const, 18446744073709551615ul>)
0 48 0 0 48 1 0 0 0 0
37 12 0 0 0 0 0 0 0 0
43 36 0 0 0 0 0 12 1 1
63 33 0 0 11 0 0 11 0 0
fl=/usr/include/c++/v1/__split_buffer
fn=void lob::replay<lob::v16::BookT<lob::ChecksumSink, 16u> >(lob::v16::BookT<lob::ChecksumSink, 16u>&, std::__1::span<lob::Op const, 18446744073709551615ul>)
334 12 0 0 0 0 0 0 0 0
335 12 0 0 0 0 0 0 0 0
341 24 1 1 0 0 0 0 0 0
fl=/usr/include/c++/v1/__utility/swap.h
fn=void lob::replay<lob::v16::BookT<lob::ChecksumSink, 16u> >(lob::v16::BookT<lob::ChecksumSink, 16u>&, std::__1::span<lob::Op const, 18446744073709551615ul>)
44 36 0 0 0 0 0 36 1 0
fl=/usr/include/c++/v1/__vector/vector.h
fn=auto lob::for_each_type<std::__1::tuple<lob::v0::Book<lob::ChecksumSink>, lob::v1::Book<lob::ChecksumSink>, lob::v2::Book<lob::ChecksumSink>, lob::v3::BookT<lob::ChecksumSink, 16u>, lob::v4::BookT<lob::ChecksumSink, 16u>, lob::v5::BookT<lob::ChecksumSink, 16u>, lob::v7::BookT<lob::ChecksumSink, 16u>, lob::v8::BookT<lob::ChecksumSink, 16u>, lob::v9::BookT<lob::ChecksumSink, 16u>, lob::v10::BookT<lob::ChecksumSink, 16u>, lob::v11::BookT<lob::ChecksumSink, 16u>, lob::v12::BookT<lob::ChecksumSink, 16u>, lob::v13::BookT<lob::ChecksumSink, 16u>, lob::v14::BookT<lob::ChecksumSink, 16u>, lob::v15::BookT<lob::ChecksumSink, 16u>, lob::v16::BookT<lob::ChecksumSink, 16u> >, (anonymous namespace)::with_version<(anonymous namespace)::cmd_replay((anonymous namespace)::Args const&)::$_0>(std::__1::basic_string_view<char, std::__1::char_traits<char> >, (anonymous namespace)::cmd_replay((anonymous namespace)::Args const&)::$_0&&)::{lambda<typename $T0>()#1}>((anonymous namespace)::with_version<(anonymous namespace)::cmd_replay((anonymous namespace)::Args const&)::$_0>(std::__1::basic_string_view<char, std::__1::char_traits<char> >, (anonymous namespace)::cmd_replay((anonymous namespace)::Args const&)::$_0&&)::{lambda<typename $T0>()#1}&&)::{lambda<unsigned long... $N0>(std::__1::integer_sequence<unsigned long, ($N0)...>)#1}::operator()<0ul, 1ul, 2ul, 3ul, 4ul, 5ul, 6ul, 7ul, 8ul, 9ul, 10ul, 11ul, 12ul, 13ul, 14ul, 15ul>(std::__1::integer_sequence<unsigned long, 0ul, 1ul, 2ul, 3ul, 4ul, 5ul, 6ul, 7ul, 8ul, 9ul, 10ul, 11ul, 12ul, 13ul, 14ul, 15ul>) const
388 5 0 0 1 0 0 0 0 0
449 1 0 0 1 1 1 0 0 0
fn=lob::v16::BookT<lob::ChecksumSink, 16u>::modify(unsigned long, long, unsigned int)
0 14 0 0 14 0 0 0 0 0
407 94420 2 2 23605 0 0 0 0 0
411 208482 0 0 69494 0 0 0 0 0
fn=lob::v16::BookT<lob::ChecksumSink, 16u>::remove_from_level(lob::v16::BookT<lob::ChecksumSink, 16u>::Loc const&)
407 110860 0 0 27715 0 0 0 0 0
fn=unsigned int lob::v16::BookT<lob::ChecksumSink, 16u>::match<(lob::Side)0>(unsigned long, long, unsigned int)
407 532050 0 0 232364 0 0 0 0 0
fn=unsigned int lob::v16::BookT<lob::ChecksumSink, 16u>::match<(lob::Side)1>(unsigned long, long, unsigned int)
407 527779 0 0 230379 0 0 0 0 0
fn=void lob::replay<lob::v16::BookT<lob::ChecksumSink, 16u> >(lob::v16::BookT<lob::ChecksumSink, 16u>&, std::__1::span<lob::Op const, 18446744073709551615ul>)
0 4050 1 1 12 0 0 36 0 0
388 6003 1 1 2001 0 0 0 0 0
391 12 0 0 0 0 0 0 0 0
407 2922992 2 2 304039 0 0 0 0 0
475 1989 0 0 0 0 0 0 0 0
844 24 0 0 0 0 0 0 0 0
902 36 0 0 0 0 0 0 0 0
905 96 0 0 0 0 0 0 0 0
1128 12 1 1 0 0 0 0 0 0
1131 24 1 1 0 0 0 0 0 0
1146 8004 0 0 2001 0 0 2001 0 0
1149 1989 0 0 0 0 0 0 0 0
1152 2001 0 0 0 0 0 2001 0 0
fl=/usr/include/c++/v1/map
fn=unsigned int lob::v16::BookT<lob::ChecksumSink, 16u>::match<(lob::Side)0>(unsigned long, long, unsigned int)
1031 162882 0 0 81441 0 0 0 0 0
fn=unsigned int lob::v16::BookT<lob::ChecksumSink, 16u>::match<(lob::Side)1>(unsigned long, long, unsigned int)
1031 162244 0 0 81122 0 0 0 0 0
fl=???
fn=???
0 145 12 12 95 33 11 4 0 0
fn=operator delete(void*)
0 65 0 0 13 0 0 13 0 0
fn=operator delete(void*, std::align_val_t)
0 10 1 1 2 0 0 2 0 0
fn=operator delete(void*, unsigned long)
0 55 1 1 11 0 0 11 0 0
fn=operator delete[](void*)
0 10 0 0 2 0 0 2 0 0
fn=operator new(unsigned long)
0 238 2 2 42 0 0 56 0 0
fn=operator new(unsigned long, std::align_val_t)
0 54 3 3 8 0 0 8 1 0
fn=operator new[](unsigned long)
0 10 0 0 2 0 0 2 0 0
summary: 194331571 339 337 48222498 1132124 375174 22810185 1057781 3854
