desc: I1 cache:         32768 B, 64 B, 8-way associative
desc: D1 cache:         49152 B, 64 B, 12-way associative
desc: LL cache:         6291456 B, 64 B, 12-way associative
cmd: /home/wang/sources/cxx/book/build/profile/book replay --workload data/syn_aggressive_s42.ops --version v0
events: Ir I1mr ILmr Dr D1mr DLmr Dw D1mw DLmw 
fl=./elf/../sysdeps/generic/dl-new-hash.h
fn=_dl_lookup_symbol_x
69 1 0 0 0 0 0 0 0 0
70 2 0 0 0 0 0 0 0 0
74 13 0 0 13 1 1 0 0 0
77 26 0 0 0 0 0 0 0 0
80 13 0 0 13 0 0 0 0 0
81 26 0 0 0 0 0 0 0 0
87 1 1 1 0 0 0 0 0 0
88 1 0 0 0 0 0 0 0 0
89 2 0 0 0 0 0 0 0 0
90 1 0 0 0 0 0 0 0 0
99 12 0 0 0 0 0 0 0 0
101 12 0 0 0 0 0 0 0 0
102 24 0 0 0 0 0 0 0 0
104 12 1 1 0 0 0 0 0 0
105 12 0 0 0 0 0 0 0 0
fl=./elf/../sysdeps/generic/dl-protected.h
fn=do_lookup_x
29 4 0 0 0 0 0 0 0 0
fl=./elf/../sysdeps/generic/ldsodefs.h
fn=do_lookup_x
139 2 0 0 1 0 0 0 0 0
140 3 0 0 0 0 0 0 0 0
fl=./elf/../sysdeps/x86_64/dl-machine.h
fn=_dl_fixup
234 1 0 0 0 0 0 1 0 0
fl=./elf/../sysdeps/x86_64/dl-runtime.h
fn=_dl_fixup
28 1 0 0 0 0 0 0 0 0
fl=./elf/../sysdeps/x86_64/dl-trampoline.h
fn=_dl_runtime_resolve_xsave
71 1 1 1 0 0 0 0 0 0
76 1 0 0 0 0 0 1 0 0
79 1 0 0 0 0 0 0 0 0
81 1 0 0 0 0 0 0 0 0
91 1 0 0 1 1 1 0 0 0
97 1 0 0 0 0 0 1 1 1
98 1 0 0 0 0 0 1 0 0
99 1 1 1 0 0 0 1 0 0
100 1 0 0 0 0 0 1 0 0
101 1 0 0 0 0 0 1 0 0
102 1 0 0 0 0 0 1 0 0
103 1 0 0 0 0 0 1 0 0
107 1 0 0 0 0 0 0 0 0
108 1 0 0 0 0 0 0 0 0
111 1 0 0 0 0 0 1 1 1
112 1 0 0 0 0 0 1 0 0
114 1 0 0 0 0 0 1 0 0
115 1 0 0 0 0 0 1 0 0
116 1 1 1 0 0 0 1 0 0
117 1 0 0 0 0 0 1 0 0
118 1 0 0 0 0 0 1 0 0
119 1 0 0 0 0 0 1 0 0
121 1 0 0 1 0 0 33 6 6
128 1 0 0 1 0 0 0 0 0
129 1 0 0 1 0 0 0 0 0
130 1 0 0 0 0 0 1 1 1
131 1 0 0 0 0 0 0 0 0
136 1 0 0 0 0 0 0 0 0
137 1 0 0 0 0 0 0 0 0
138 1 0 0 36 0 0 0 0 0
140 1 1 1 1 0 0 0 0 0
141 1 0 0 1 0 0 0 0 0
142 1 0 0 1 0 0 0 0 0
143 1 0 0 1 0 0 0 0 0
144 1 0 0 1 0 0 0 0 0
145 1 0 0 1 0 0 0 0 0
146 1 0 0 1 0 0 0 0 0
148 1 0 0 0 0 0 0 0 0
150 1 0 0 1 0 0 0 0 0
154 1 0 0 0 0 0 0 0 0
156 1 0 0 0 0 0 0 0 0
fl=./elf/./elf/dl-lookup.c
fn=_dl_lookup_symbol_x
772 13 2 2 0 0 0 9 3 3
774 2 0 0 0 0 0 1 0 0
775 4 0 0 0 0 0 1 0 0
778 1 0 0 1 1 1 0 0 0
782 2 0 0 0 0 0 0 0 0
785 2 1 1 1 0 0 0 0 0
787 2 0 0 2 0 0 0 0 0
791 14 0 0 0 0 0 3 0 0
792 17 2 2 7 0 0 7 1 1
797 5 0 0 2 0 0 0 0 0
816 1 0 0 0 0 0 1 0 0
820 2 0 0 1 0 0 0 0 0
821 7 0 0 1 0 0 0 0 0
828 1 0 0 1 0 0 0 0 0
856 4 1 1 1 0 0 0 0 0
870 3 0 0 1 1 1 0 0 0
873 2 0 0 1 0 0 0 0 0
890 4 0 0 1 0 0 0 0 0
892 9 1 1 7 0 0 0 0 0
fn=check_match
70 15 1 1 2 1 1 6 1 1
73 8 1 1 2 0 0 0 0 0
86 5 0 0 0 0 0 0 0 0
89 8 1 1 2 0 0 1 0 0
93 1 0 0 1 1 1 0 0 0
94 2 0 0 0 0 0 0 0 0
144 2 1 1 0 0 0 0 0 0
146 6 0 0 2 1 1 0 0 0
147 4 1 1 0 0 0 0 0 0
161 1 0 0 0 0 0 0 0 0
162 8 0 0 7 0 0 0 0 0
fn=do_lookup_x
347 14 2 2 2 0 0 10 2 2
348 1 0 0 1 1 1 0 0 0
353 1 0 0 0 0 0 0 0 0
354 1 0 0 1 0 0 0 0 0
358 6 1 1 6 5 5 0 0 0
361 6 0 0 0 0 0 0 0 0
365 8 0 0 1 0 0 0 0 0
386 6 1 1 3 2 2 0 0 0
390 6 0 0 3 1 1 0 0 0
396 9 0 0 3 2 2 0 0 0
400 3 0 0 0 0 0 3 0 0
401 3 0 0 0 0 0 3 0 0
404 15 0 0 9 4 4 0 0 0
405 9 1 1 6 1 1 0 0 0
408 3 0 0 3 0 0 0 0 0
409 6 0 0 0 0 0 0 0 0
411 3 0 0 3 3 3 0 0 0
412 3 0 0 0 0 0 1 0 0
413 6 0 0 6 0 0 0 0 0
415 7 1 1 1 0 0 2 0 0
416 12 0 0 6 0 0 0 0 0
419 21 0 0 3 0 0 0 0 0
422 2 0 0 2 1 1 0 0 0
423 3 1 1 1 0 0 0 0 0
424 2 0 0 0 0 0 0 0 0
426 2 0 0 1 0 0 0 0 0
429 15 1 1 3 1 1 0 0 0
431 3 0 0 1 0 0 0 0 0
432 25 2 2 7 0 0 13 2 2
433 2 0 0 0 0 0 0 0 0
436 3 0 0 0 0 0 0 0 0
439 6 0 0 0 0 0 0 0 0
461 8 1 1 6 0 0 0 0 0
476 2 1 1 0 0 0 0 0 0
483 8 0 0 1 0 0 0 0 0
499 2 0 0 1 0 0 1 0 0
500 1 0 0 0 0 0 1 0 0
501 1 0 0 0 0 0 0 0 0
518 6 0 0 0 0 0 0 0 0
522 8 0 0 7 0 0 0 0 0
fl=./elf/./elf/dl-runtime.c
fn=_dl_fixup
46 11 2 2 0 0 0 6 0 0
48 5 0 0 4 4 4 0 0 0
49 3 1 1 2 0 0 0 0 0
54 1 0 0 1 1 1 0 0 0
55 4 0 0 1 1 1 0 0 0
56 7 0 0 1 1 1 1 1 1
58 2 0 0 1 0 0 0 0 0
63 2 0 0 0 0 0 0 0 0
67 2 0 0 1 1 1 0 0 0
69 2 0 0 0 0 0 0 0 0
71 3 1 1 1 1 1 0 0 0
75 3 0 0 2 2 2 0 0 0
76 4 0 0 1 0 0 0 0 0
77 3 0 0 1 1 1 0 0 0
84 1 1 1 0 0 0 0 0 0
85 3 0 0 1 0 0 0 0 0
95 11 0 0 2 1 1 3 0 0
99 5 1 1 3 0 0 0 0 0
109 10 0 0 4 0 0 1 0 0
124 4 1 1 1 0 0 0 0 0
133 3 0 0 1 1 1 0 0 0
159 3 0 0 1 1 1 0 0 0
163 8 1 1 7 0 0 0 0 0
fl=./malloc/./malloc/arena.c
fn=free
153 2975664 0 0 0 0 0 0 0 0
fn=malloc
153 74696 0 0 0 0 0 0 0 0
fl=./malloc/./malloc/malloc.c
fn=_int_free
1792 267811 0 0 267811 0 0 0 0 0
1992 803421 1 1 267807 0 0 0 0 0
3163 1448154 1 1 724077 0 0 724077 0 0
3165 2896308 0 0 724077 4 3 724077 0 0
3166 724077 0 0 0 0 0 724077 0 0
3167 1448154 0 0 0 0 0 724077 0 0
4495 6943216 1 1 0 0 0 3967552 13 0
4499 2975664 1 1 991888 0 0 0 0 0
4505 3967552 0 0 0 0 0 0 0 0
4506 1983776 0 0 0 0 0 0 0 0
4510 4959440 0 0 0 0 0 0 0 0
4517 1983776 0 0 0 0 0 0 0 0
4518 5951328 1 1 2975664 0 0 0 0 0
4521 991884 0 0 0 0 0 0 0 0
4527 2975652 0 0 1983768 2 1 0 0 0
4547 4959420 1 1 1983768 0 0 0 0 0
4550 724077 0 0 0 0 0 0 0 0
4561 535622 0 0 0 0 0 0 0 0
4572 1071228 0 0 267807 39450 1 0 0 0
4574 803421 0 0 267807 26 0 0 0 0
4593 267807 0 0 0 0 0 0 0 0
4595 267807 0 0 0 0 0 267807 2 1
4596 267807 0 0 0 0 0 0 0 0
4600 803421 0 0 267807 0 0 0 0 0
4602 535614 0 0 267807 41 0 0 0 0
4606 535614 0 0 0 0 0 0 0 0
4608 803421 0 0 0 0 0 267807 0 0
4609 267807 0 0 0 0 0 267807 0 0
4628 1071228 0 0 0 0 0 0 0 0
4637 8 0 0 4 0 0 0 0 0
4640 8 0 0 4 0 0 0 0 0
4643 8 1 1 0 0 0 0 0 0
4646 8 0 0 0 0 0 0 0 0
4658 5951324 1 1 4959436 0 0 0 0 0
fn=_int_free_maybe_consolidate
4770 44 1 1 4 0 0 28 0 0
4776 8 0 0 0 0 0 0 0 0
4798 44 1 1 36 0 0 0 0 0
fn=_int_free_merge_chunk
1992 12 0 0 4 0 0 0 0 0
4665 32 1 1 0 0 0 24 0 0
4666 4 0 0 0 0 0 0 0 0
4670 24 0 0 4 0 0 0 0 0
4673 16 1 1 4 0 0 0 0 0
4675 12 1 1 4 0 0 0 0 0
4678 12 0 0 4 0 0 0 0 0
4681 8 0 0 0 0 0 0 0 0
4682 8 0 0 0 0 0 0 0 0
4683 8 0 0 4 0 0 0 0 0
4689 8 1 1 4 0 0 0 0 0
4701 12 0 0 0 0 0 0 0 0
4702 28 0 0 24 0 0 0 0 0
4714 8 0 0 4 0 0 0 0 0
4720 8 0 0 4 2 0 0 0 0
4724 4 0 0 4 0 0 0 0 0
4732 4 0 0 0 0 0 0 0 0
4733 16 1 1 4 0 0 0 0 0
4734 8 0 0 4 0 0 0 0 0
4736 4 0 0 0 0 0 4 0 0
4738 8 0 0 0 0 0 0 0 0
4740 12 1 1 0 0 0 4 1 0
4743 4 0 0 0 0 0 4 0 0
4744 4 0 0 0 0 0 4 0 0
4746 12 0 0 0 0 0 4 0 0
4747 4 0 0 0 0 0 4 0 0
fn=_int_malloc
1326 74696 0 0 0 0 0 0 0 0
1345 224088 0 0 0 0 0 0 0 0
1794 37348 1 1 37348 0 0 0 0 0
1985 99924 0 0 33308 0 0 0 0 0
2008 4 0 0 1 0 0 0 0 0
2552 6 0 0 2 2 1 2 0 0
2553 1 1 1 0 0 0 1 0 0
2564 2 1 1 1 1 1 0 0 0
2589 4 0 0 1 0 0 1 0 0
2590 2 0 0 0 0 0 1 0 0
2599 12 1 1 3 0 0 0 0 0
2605 3 0 0 2 0 0 0 0 0
2608 3 1 1 0 0 0 0 0 0
2669 3 1 1 1 0 0 1 0 0
2677 2 0 0 1 0 0 0 0 0
2678 3 0 0 1 0 0 1 0 0
2691 3 1 1 1 0 0 0 0 0
2693 1 0 0 1 0 0 0 0 0
2699 5 0 0 1 0 0 1 0 0
2707 2 0 0 0 0 0 0 0 0
2709 4 2 2 0 0 0 2 0 0
2710 3 0 0 1 0 0 0 0 0
2711 1 0 0 0 0 0 0 0 0
2712 1 0 0 0 0 0 0 0 0
2715 2 0 0 0 0 0 0 0 0
2744 7 1 1 3 0 0 0 0 0
2746 2 1 1 0 0 0 1 0 0
2752 8 0 0 1 0 0 0 0 0
2753 6 0 0 1 0 0 1 0 0
2921 3 1 1 2 0 0 0 0 0
2922 1 0 0 0 0 0 1 0 0
2926 1 0 0 1 0 0 0 0 0
2930 5 1 1 2 0 0 0 0 0
2932 1 0 0 0 0 0 0 0 0
2933 1 0 0 0 0 0 0 0 0
2934 1 0 0 0 0 0 1 0 0
2935 7 0 0 0 0 0 1 0 0
2936 2 0 0 0 0 0 1 1 1
2938 1 0 0 0 0 0 0 0 0
3163 466044 1 1 233022 2 0 233022 0 0
3165 499358 0 0 233024 2 0 233026 0 0
3166 233024 0 0 2 0 0 233022 0 0
3167 466044 0 0 0 0 0 233022 0 0
3178 2 0 0 2 0 0 0 0 0
3182 4 0 0 0 0 0 0 0 0
3186 8 1 1 2 0 0 2 0 0
3190 4 0 0 4 0 0 0 0 0
3191 4 0 0 0 0 0 2 0 0
3199 2 0 0 2 0 0 0 0 0
3846 410828 2 2 37348 813 1 261436 97 4
3887 74696 0 0 0 0 0 0 0 0
3914 74696 0 0 0 0 0 0 0 0
3916 149360 0 0 0 0 0 0 0 0
3917 33302 0 0 0 0 0 0 0 0
3919 37340 0 0 37340 5 2 0 0 0
3921 74680 0 0 0 0 0 0 0 0
3923 66604 0 0 0 0 0 0 0 0
3926 66604 1 1 33302 0 0 0 0 0
3927 166510 0 0 33302 1717 0 33302 0 0
3930 12114 2 2 0 0 0 0 0 0
3932 66604 0 0 33302 295 0 0 0 0
3933 66604 0 0 0 0 0 0 0 0
3939 66604 0 0 0 0 0 0 0 0
3940 199812 1 1 99906 0 0 0 0 0
3945 332926 0 0 66604 0 0 0 0 0
3946 1231758 1 1 233038 0 0 0 0 0
3948 466040 0 0 0 0 0 0 0 0
3950 466040 0 0 233020 0 0 0 0 0
3951 1398120 0 0 233020 57913 13 233020 0 0
3977 16 1 1 0 0 0 0 0 0
3979 74698 0 0 0 0 0 0 0 0
3980 8082 1 1 0 0 0 0 0 0
3982 12123 0 0 4041 10 7 0 0 0
4039 55 1 1 0 0 0 0 0 0
4040 15 0 0 5 0 0 0 0 0
4058 12138 1 1 4046 0 0 0 0 0
4059 12138 0 0 0 0 0 4046 5 1
4060 12138 1 1 8092 0 0 0 0 0
4069 852 0 0 0 0 0 426 0 0
4070 20257 2 2 4052 6 3 4046 0 0
4072 426 0 0 426 0 0 0 0 0
4073 852 0 0 426 2 0 0 0 0
4074 426 0 0 0 0 0 0 0 0
4076 852 0 0 0 0 0 0 0 0
4077 1278 1 1 426 2 0 0 0 0
4079 426 0 0 426 1 0 0 0 0
4080 1704 0 0 0 0 0 0 0 0
4082 1704 0 0 426 0 0 0 0 0
4084 852 1 1 426 0 0 0 0 0
4085 852 0 0 426 0 0 0 0 0
4087 852 0 0 0 0 0 0 0 0
4098 1704 0 0 0 0 0 0 0 0
4099 852 1 1 426 0 0 0 0 0
4100 844 0 0 0 0 0 0 0 0
4101 422 0 0 0 0 0 0 0 0
4104 418 0 0 0 0 0 0 0 0
4105 418 1 1 0 0 0 0 0 0
4106 418 0 0 0 0 0 418 0 0
4107 1254 0 0 0 0 0 418 0 0
4108 1254 1 1 0 0 0 418 239 0
4109 836 0 0 0 0 0 0 0 0
4111 696 0 0 0 0 0 348 84 0
4115 3344 0 0 0 0 0 418 0 0
4117 1254 1 1 0 0 0 418 0 0
4118 418 0 0 0 0 0 418 0 0
4121 420 0 0 0 0 0 0 0 0
4122 1254 0 0 0 0 0 418 0 0
4123 418 0 0 0 0 0 0 0 0
4127 8 0 0 0 0 0 8 0 0
4128 8 0 0 0 0 0 8 0 0
4132 16 0 0 0 0 0 0 0 0
4134 4 0 0 0 0 0 2 0 0
4135 6 0 0 0 0 0 0 0 0
4140 4 0 0 0 0 0 0 0 0
4141 12 0 0 8 0 0 0 0 0
4161 13 2 2 0 0 0 0 0 0
4163 4 0 0 0 0 0 2 0 0
4164 8 0 0 0 0 0 0 0 0
4165 2 0 0 2 0 0 0 0 0
4169 53 2 2 0 0 0 4 0 0
4170 12 1 1 0 0 0 0 0 0
4171 4 0 0 4 3 0 0 0 0
4174 8 0 0 0 0 0 0 0 0
4218 16 0 0 0 0 0 4 1 0
4221 42 2 2 12 2 0 0 0 0
4222 6 0 0 0 0 0 6 0 0
4223 6 0 0 0 0 0 6 0 0
4224 6 0 0 0 0 0 6 0 0
4225 6 0 0 0 0 0 6 0 0
4230 12 0 0 12 0 0 0 0 0
4231 12 0 0 0 0 0 0 0 0
4240 24 1 1 12 0 0 0 0 0
4246 12 0 0 0 0 0 0 0 0
4248 2 0 0 0 0 0 0 0 0
4257 10878 1 1 0 0 0 0 0 0
4259 20 0 0 0 0 0 0 0 0
4262 15 0 0 5 5 5 0 0 0
4263 3626 1 1 0 0 0 0 0 0
4330 3626 0 0 0 0 0 0 0 0
4331 7252 0 0 0 0 0 0 0 0
4332 7252 0 0 0 0 0 0 0 0
4333 7252 0 0 3626 4 3 0 0 0
4334 21756 0 0 0 0 0 0 0 0
4339 14530 1 1 0 0 0 0 0 0
4343 39826 2 2 0 0 0 0 0 0
4346 43424 1 1 10856 0 0 0 0 0
4348 32 0 0 0 0 0 0 0 0
4349 16 0 0 0 0 0 0 0 0
4353 158 0 0 0 0 0 0 0 0
4355 67 0 0 0 0 0 0 0 0
4357 134 0 0 0 0 0 0 0 0
4361 12 0 0 12 0 0 0 0 0
4364 24 0 0 0 0 0 0 0 0
4366 30 0 0 0 0 0 6 0 0
4367 6 0 0 0 0 0 0 0 0
4368 6 0 0 0 0 0 0 0 0
4373 24 0 0 6 0 0 0 0 0
4376 12 0 0 0 0 0 0 0 0
4378 18 1 1 0 0 0 6 0 0
4381 18 0 0 0 0 0 12 0 0
4384 24 0 0 12 0 0 0 0 0
4386 2 0 0 2 0 0 0 0 0
4387 6 1 1 0 0 0 0 0 0
4394 4 0 0 0 0 0 0 0 0
4399 16 0 0 4 0 0 0 0 0
4400 8 1 1 4 0 0 0 0 0
4403 4 0 0 0 0 0 4 2 0
4404 4 0 0 0 0 0 4 0 0
4405 4 0 0 0 0 0 4 0 0
4408 8 0 0 0 0 0 0 0 0
4409 4 0 0 0 0 0 4 0 0
4410 8 0 0 0 0 0 0 0 0
4412 8 0 0 0 0 0 4 0 0
4415 32 1 1 0 0 0 4 0 0
4417 12 0 0 0 0 0 4 0 0
4418 4 0 0 0 0 0 4 0 0
4421 6 0 0 0 0 0 0 0 0
4443 3620 1 1 3620 0 0 0 0 0
4444 7240 0 0 3620 4 1 0 0 0
4446 7240 0 0 3620 1 1 0 0 0
4449 10860 0 0 0 0 0 0 0 0
4451 3619 0 0 0 0 0 0 0 0
4452 7238 1 1 0 0 0 0 0 0
4453 3619 0 0 0 0 0 3619 0 0
4454 28952 1 1 0 0 0 3619 0 0
4456 7238 0 0 0 0 0 3619 3176 3176
4459 7238 0 0 0 0 0 0 0 0
4460 10860 0 0 0 0 0 3620 3 1
4461 3620 0 0 0 0 0 0 0 0
4466 4 0 0 1 0 0 1 0 0
4482 1 0 0 0 0 0 0 0 0
4487 448176 2 2 336132 0 0 0 0 0
fn=alloc_perturb
1985 12114 1 1 4038 0 0 0 0 0
1987 4038 0 0 4038 0 0 0 0 0
fn=free
3359 6943216 2 2 0 0 0 3967552 0 0
3363 1983776 0 0 0 0 0 0 0 0
3371 1983776 0 0 1983776 10 2 0 0 0
3373 991888 0 0 0 0 0 0 0 0
3375 2975664 0 0 991888 99748 2 0 0 0
3392 2975664 0 0 1983776 0 0 0 0 0
3398 2975664 1 1 0 0 0 991888 0 0
3401 991888 0 0 0 0 0 991888 0 0
3402 5951328 0 0 4959440 0 0 0 0 0
fn=malloc
1326 1988850 0 0 0 0 0 0 0 0
1345 4972125 1 1 0 0 0 0 0 0
3178 1914154 0 0 957077 1 1 0 0 0
3182 1914154 0 0 0 0 0 0 0 0
3186 3828308 0 0 957077 2987 3 957077 0 0
3190 1914154 0 0 0 0 0 957077 0 0
3191 957077 0 0 0 0 0 957077 0 0
3294 7955400 1 1 0 0 0 3977700 1 1
3301 1988850 0 0 994425 3 1 0 0 0
3311 1988850 0 0 0 0 0 0 0 0
3313 3977700 0 0 1988850 6 2 0 0 0
3316 1988850 0 0 994425 3 1 0 0 0
3318 2983260 1 1 994420 4 2 0 0 0
3326 74696 1 1 37348 22 1 0 0 0
3328 149392 1 1 0 0 0 37348 0 0
3329 186740 1 1 37348 0 0 0 0 0
3354 5966550 1 1 4972125 0 0 0 0 0
fn=unlink_chunk.isra.0
1608 12 1 1 0 0 0 6 0 0
1610 30 0 0 12 0 0 0 0 0
1613 12 0 0 12 0 0 0 0 0
1614 12 0 0 6 0 0 0 0 0
1616 24 1 1 12 0 0 0 0 0
1619 6 0 0 0 0 0 6 0 0
1620 6 0 0 0 0 0 6 0 0
1621 24 0 0 4 0 0 0 0 0
1623 8 0 0 4 0 0 0 0 0
1624 12 0 0 8 0 0 0 0 0
1627 8 0 0 4 2 1 0 0 0
1641 4 0 0 0 0 0 4 0 0
1642 4 1 1 0 0 0 4 0 0
1645 12 0 0 12 0 0 0 0 0
fl=./malloc/./malloc/morecore.c
fn=__glibc_morecore
25 3 1 1 0 0 0 1 0 0
26 2 0 0 1 0 0 0 0 0
29 1 0 0 0 0 0 1 0 0
30 2 0 0 0 0 0 0 0 0
34 2 0 0 2 0 0 0 0 0
fl=./misc/../sysdeps/unix/sysv/linux/brk.c
fn=brk
36 1 1 1 0 0 0 0 0 0
37 2 0 0 1 0 0 1 0 0
38 2 0 0 0 0 0 0 0 0
44 1 0 0 0 0 0 0 0 0
45 1 0 0 1 0 0 0 0 0
fl=./misc/../sysdeps/unix/sysv/linux/brk_call.h
fn=brk
24 2 0 0 0 0 0 0 0 0
fl=./misc/./misc/sbrk.c
fn=sbrk
37 8 1 1 0 0 0 4 0 0
40 2 0 0 2 2 2 0 0 0
43 2 1 1 1 1 1 0 0 0
58 2 0 0 0 0 0 0 0 0
62 2 0 0 0 0 0 0 0 0
66 4 1 1 0 0 0 0 0 0
74 3 1 1 0 0 0 1 0 0
78 7 0 0 5 0 0 0 0 0
fl=./string/../sysdeps/x86_64/multiarch/../multiarch/strcmp-sse2.S
fn=strcmp
98 1 1 1 0 0 0 0 0 0
131 1 0 0 0 0 0 0 0 0
132 1 0 0 0 0 0 0 0 0
134 1 0 0 0 0 0 0 0 0
135 1 0 0 0 0 0 0 0 0
156 1 0 0 0 0 0 0 0 0
157 1 0 0 0 0 0 0 0 0
158 1 0 0 0 0 0 0 0 0
159 1 0 0 0 0 0 0 0 0
160 1 0 0 1 1 1 0 0 0
161 1 1 1 1 0 0 0 0 0
162 1 0 0 1 0 0 0 0 0
163 1 0 0 1 0 0 0 0 0
180 1 0 0 0 0 0 0 0 0
181 1 0 0 0 0 0 0 0 0
182 1 0 0 0 0 0 0 0 0
183 1 0 0 0 0 0 0 0 0
184 1 0 0 0 0 0 0 0 0
185 1 0 0 0 0 0 0 0 0
186 1 0 0 0 0 0 0 0 0
191 1 0 0 0 0 0 0 0 0
192 3 0 0 0 0 0 0 0 0
201 1 1 1 0 0 0 0 0 0
202 1 0 0 0 0 0 0 0 0
203 1 0 0 0 0 0 0 0 0
204 1 0 0 0 0 0 0 0 0
205 1 0 0 0 0 0 0 0 0
206 1 0 0 0 0 0 0 0 0
207 1 0 0 0 0 0 0 0 0
208 1 0 0 0 0 0 0 0 0
229 1 1 1 1 0 0 0 0 0
230 1 0 0 0 0 0 0 0 0
231 1 0 0 0 0 0 0 0 0
233 1 0 0 1 0 0 0 0 0
239 1 0 0 0 0 0 0 0 0
240 1 0 0 0 0 0 0 0 0
241 1 0 0 0 0 0 0 0 0
242 1 0 0 0 0 0 0 0 0
243 1 0 0 0 0 0 0 0 0
248 1 0 0 0 0 0 0 0 0
250 1 0 0 0 0 0 0 0 0
251 1 0 0 0 0 0 0 0 0
252 2 0 0 0 0 0 0 0 0
260 1 1 1 1 0 0 0 0 0
261 1 0 0 1 0 0 0 0 0
264 1 0 0 0 0 0 0 0 0
265 1 0 0 0 0 0 0 0 0
266 1 0 0 0 0 0 0 0 0
267 1 0 0 0 0 0 0 0 0
268 1 0 0 0 0 0 0 0 0
269 1 0 0 0 0 0 0 0 0
2093 1 1 1 0 0 0 0 0 0
2095 1 0 0 0 0 0 0 0 0
2096 1 0 0 0 0 0 0 0 0
2097 1 0 0 0 0 0 0 0 0
2098 1 0 0 0 0 0 0 0 0
2104 1 1 1 0 0 0 0 0 0
2110 1 0 0 1 0 0 0 0 0
2111 1 0 0 1 0 0 0 0 0
2119 1 0 0 0 0 0 0 0 0
2120 1 0 0 1 0 0 0 0 0
fl=./string/../sysdeps/x86_64/multiarch/memset-vec-unaligned-erms.S
fn=__memset_avx2_unaligned_erms
158 11 1 1 0 0 0 0 0 0
159 22 0 0 0 0 0 0 0 0
164 11 0 0 0 0 0 0 0 0
165 11 0 0 0 0 0 0 0 0
166 10 0 0 0 0 0 0 0 0
167 10 0 0 0 0 0 0 0 0
168 10 0 0 0 0 0 0 0 0
170 1 0 0 0 0 0 1 0 0
171 1 0 0 0 0 0 1 0 0
172 2 0 0 1 0 0 0 0 0
181 1 0 0 0 0 0 1 0 0
182 1 0 0 0 0 0 1 0 0
184 2 0 0 1 0 0 0 0 0
237 9 1 1 9 3 1 0 0 0
238 9 0 0 0 0 0 0 0 0
244 5 0 0 0 0 0 5 1 1
245 5 0 0 0 0 0 5 3 3
257 5 0 0 0 0 0 0 0 0
260 5 0 0 0 0 0 0 0 0
261 5 0 0 0 0 0 0 0 0
273 4 0 0 0 0 0 4 1 1
274 4 0 0 0 0 0 4 3 3
287 4 0 0 0 0 0 0 0 0
288 4 0 0 0 0 0 0 0 0
290 4 0 0 0 0 0 0 0 0
293 3 0 0 0 0 0 0 0 0
296 3 0 0 0 0 0 0 0 0
299 18 0 0 0 0 0 18 1 1
300 18 0 0 0 0 0 18 16 16
301 18 0 0 0 0 0 18 2 2
302 18 0 0 0 0 0 18 15 15
303 18 0 0 0 0 0 0 0 0
304 18 0 0 0 0 0 0 0 0
305 21 0 0 0 0 0 0 0 0
308 4 1 1 0 0 0 4 0 0
309 4 0 0 0 0 0 4 0 0
310 4 0 0 0 0 0 4 0 0
311 4 0 0 0 0 0 4 0 0
314 8 0 0 4 0 0 0 0 0
325 4 0 0 0 0 0 0 0 0
326 4 0 0 0 0 0 0 0 0
327 4 0 0 0 0 0 0 0 0
328 47956 0 0 0 0 0 47952 744 744
329 4 0 0 0 0 0 0 0 0
330 8 0 0 4 0 0 0 0 0
337 1 1 1 0 0 0 0 0 0
346 1 0 0 0 0 0 0 0 0
347 1 0 0 0 0 0 0 0 0
378 1 1 1 0 0 0 1 0 0
379 1 0 0 0 0 0 1 0 0
380 1 0 0 1 0 0 0 0 0
fl=/home/wang/sources/cxx/book/include/lob/events.hpp
fn=lob::v0::Book<lob::ChecksumSink>::cancel(unsigned long)
0 302038 0 0 0 0 0 0 0 0
92 302038 0 0 302038 0 0 0 0 0
93 1812228 1 1 302038 0 0 0 0 0
fn=lob::v0::Book<lob::ChecksumSink>::modify(unsigned long, long, unsigned int)
92 69494 0 0 69494 0 0 0 0 0
93 555952 1 1 97209 0 0 27715 0 0
fn=unsigned int lob::v0::Book<lob::ChecksumSink>::match<std::__1::map<long, lob::v0::Book<lob::ChecksumSink>::Level, std::__1::greater<void>, std::__1::allocator<std::__1::pair<long const, lob::v0::Book<lob::ChecksumSink>::Level> > >, lob::v0::Book<lob::ChecksumSink>::add(unsigned long, lob::Side, long, unsigned int)::{lambda(long)#2}>(std::__1::map<long, lob::v0::Book<lob::ChecksumSink>::Level, std::__1::greater<void>, std::__1::allocator<std::__1::pair<long const, lob::v0::Book<lob::ChecksumSink>::Level> > >&, unsigned long, unsigned int, lob::v0::Book<lob::ChecksumSink>::add(unsigned long, lob::Side, long, unsigned int)::{lambda(long)#2})
92 594800 0 0 148700 0 0 148700 0 0
93 1784400 1 1 446100 0 0 148700 0 0
fn=unsigned int lob::v0::Book<lob::ChecksumSink>::match<std::__1::map<long, lob::v0::Book<lob::ChecksumSink>::Level, std::__1::less<void>, std::__1::allocator<std::__1::pair<long const, lob::v0::Book<lob::ChecksumSink>::Level> > >, lob::v0::Book<lob::ChecksumSink>::add(unsigned long, lob::Side, long, unsigned int)::{lambda(long)#1}>(std::__1::map<long, lob::v0::Book<lob::ChecksumSink>::Level, std::__1::less<void>, std::__1::allocator<std::__1::pair<long const, lob::v0::Book<lob::ChecksumSink>::Level> > >&, unsigned long, unsigned int, lob::v0::Book<lob::ChecksumSink>::add(unsigned long, lob::Side, long, unsigned int)::{lambda(long)#1})
92 599372 0 0 149843 0 0 149843 0 0
93 1798116 1 1 449529 0 0 149843 0 0
fn=void lob::v0::Book<lob::ChecksumSink>::rest<std::__1::map<long, lob::v0::Book<lob::ChecksumSink>::Level, std::__1::greater<void>, std::__1::allocator<std::__1::pair<long const, lob::v0::Book<lob::ChecksumSink>::Level> > > >(std::__1::map<long, lob::v0::Book<lob::ChecksumSink>::Level, std::__1::greater<void>, std::__1::allocator<std::__1::pair<long const, lob::v0::Book<lob::ChecksumSink>::Level> > >&, unsigned long, lob::Side, long, unsigned int)
81 247741 1 1 0 0 0 0 0 0
92 247741 0 0 247741 0 0 0 0 0
93 3220633 0 0 495482 4 1 247741 0 0
fn=void lob::v0::Book<lob::ChecksumSink>::rest<std::__1::map<long, lob::v0::Book<lob::ChecksumSink>::Level, std::__1::less<void>, std::__1::allocator<std::__1::pair<long const, lob::v0::Book<lob::ChecksumSink>::Level> > > >(std::__1::map<long, lob::v0::Book<lob::ChecksumSink>::Level, std::__1::less<void>, std::__1::allocator<std::__1::pair<long const, lob::v0::Book<lob::ChecksumSink>::Level> > >&, unsigned long, lob::Side, long, unsigned int)
81 247465 0 0 0 0 0 0 0 0
92 247465 0 0 247465 0 0 0 0 0
93 3217045 1 1 494930 2 0 247465 0 0
fl=/home/wang/sources/cxx/book/include/lob/replay.hpp
fn=(anonymous namespace)::cmd_replay((anonymous namespace)::Args const&)
0 2000001 0 0 1000000 125000 125000 0 0 0
21 4861012 1 1 1000000 162963 162961 0 0 0
23 3770808 1 1 1885404 78501 78501 628468 1 1
26 906114 0 0 0 0 0 302038 0 0
29 277976 0 0 138988 8539 8539 69494 0 0
37 1000002 0 0 0 0 0 0 0 0
fl=/home/wang/sources/cxx/book/include/lob/v0/book.hpp
fn=auto lob::v0::Book<lob::ChecksumSink>::erase(std::__1::__hash_map_iterator<std::__1::__hash_iterator<std::__1::__hash_node<std::__1::__hash_value_type<unsigned long, lob::v0::Book<lob::ChecksumSink>::Loc>, void*>*> >)::{lambda(auto:1&)#1}::operator()<std::__1::map<long, lob::v0::Book<lob::ChecksumSink>::Level, std::__1::greater<void>, std::__1::allocator<std::__1::pair<long const, lob::v0::Book<lob::ChecksumSink>::Level> > > >(std::__1::map<long, lob::v0::Book<lob::ChecksumSink>::Level, std::__1::greater<void>, std::__1::allocator<std::__1::pair<long const, lob::v0::Book<lob::ChecksumSink>::Level> > >&) const
203 661660 1 1 0 0 0 496245 0 0
204 165415 0 0 165415 0 0 0 0 0
206 661660 0 0 330830 0 0 0 0 0
208 165415 0 0 0 0 0 0 0 0
209 658996 0 0 658996 0 0 0 0 0
fn=auto lob::v0::Book<lob::ChecksumSink>::erase(std::__1::__hash_map_iterator<std::__1::__hash_iterator<std::__1::__hash_node<std::__1::__hash_value_type<unsigned long, lob::v0::Book<lob::ChecksumSink>::Loc>, void*>*> >)::{lambda(auto:1&)#1}::operator()<std::__1::map<long, lob::v0::Book<lob::ChecksumSink>::Level, std::__1::less<void>, std::__1::allocator<std::__1::pair<long const, lob::v0::Book<lob::ChecksumSink>::Level> > > >(std::__1::map<long, lob::v0::Book<lob::ChecksumSink>::Level, std::__1::less<void>, std::__1::allocator<std::__1::pair<long const, lob::v0::Book<lob::ChecksumSink>::Level> > >&) const
203 657352 1 1 0 0 0 493014 0 0
204 164338 0 0 164338 0 0 0 0 0
206 657352 0 0 328676 0 0 0 0 0
208 164338 0 0 0 0 0 0 0 0
209 654796 0 0 654796 0 0 0 0 0
fn=lob::v0::Book<lob::ChecksumSink>::cancel(unsigned long)
0 1358622 1 1 0 0 0 302038 0 0
48 2416304 1 1 0 0 0 1812228 0 0
51 302038 0 0 302038 122906 0 0 0 0
53 302038 0 0 302038 0 0 0 0 0
54 2416304 0 0 2114266 0 0 0 0 0
202 302038 1 1 0 0 0 0 0 0
203 302038 0 0 0 0 0 302038 0 0
210 604076 0 0 302038 0 0 0 0 0
211 454704 1 1 0 0 0 151568 0 0
213 451410 0 0 0 0 0 150470 0 0
fn=lob::v0::Book<lob::ChecksumSink>::modify(unsigned long, long, unsigned int)
0 463978 1 1 93099 28092 0 124924 0 0
56 555952 0 0 0 0 0 416964 0 0
59 138988 1 1 0 0 0 0 0 0
60 138988 0 0 0 0 0 0 0 0
62 69494 0 0 0 0 0 0 0 0
63 277976 0 0 69494 13725 0 0 0 0
64 83558 1 1 41779 593 0 0 0 0
65 41779 0 0 0 0 0 41779 0 0
66 41779 0 0 41779 0 0 0 0 0
69 27715 0 0 27715 0 0 0 0 0
72 27715 0 0 27715 0 0 0 0 0
74 555952 2 2 486458 0 0 0 0 0
154 83558 0 0 41779 0 0 0 0 0
158 27715 0 0 0 0 0 0 0 0
159 69235 2 2 27694 0 0 13847 0 0
161 69340 0 0 27736 0 0 13868 0 0
162 55430 0 0 0 0 0 0 0 0
164 70932 0 0 11822 0 0 11822 0 0
166 70698 0 0 11783 0 0 11783 0 0
203 27715 0 0 0 0 0 27715 0 0
210 83145 0 0 0 0 0 0 0 0
211 41541 1 1 0 0 0 13847 0 0
213 41604 0 0 0 0 0 13868 0 0
fn=lob::v0::Book<lob::ChecksumSink>::push(unsigned long, lob::Side, long, unsigned int)
0 2357002 1 1 0 0 0 0 0 0
41 3770808 1 1 0 0 0 3142340 0 0
42 1256936 0 0 0 0 0 0 0 0
43 1256936 0 0 0 0 0 0 0 0
46 941202 0 0 784335 0 0 0 0 0
158 1256936 1 1 0 0 0 0 0 0
159 1887294 1 1 0 0 0 314549 1 1
161 1883514 0 0 0 0 0 313919 0 0
162 1256936 0 0 0 0 0 0 0 0
164 2595109 0 0 943676 0 0 0 0 0
166 2592502 0 0 942728 0 0 0 0 0
fn=unsigned int lob::v0::Book<lob::ChecksumSink>::match<std::__1::map<long, lob::v0::Book<lob::ChecksumSink>::Level, std::__1::greater<void>, std::__1::allocator<std::__1::pair<long const, lob::v0::Book<lob::ChecksumSink>::Level> > >, lob::v0::Book<lob::ChecksumSink>::add(unsigned long, lob::Side, long, unsigned int)::{lambda(long)#2}>(std::__1::map<long, lob::v0::Book<lob::ChecksumSink>::Level, std::__1::greater<void>, std::__1::allocator<std::__1::pair<long const, lob::v0::Book<lob::ChecksumSink>::Level> > >&, unsigned long, unsigned int, lob::v0::Book<lob::ChecksumSink>::add(unsigned long, lob::Side, long, unsigned int)::{lambda(long)#2})
0 2197101 0 0 0 0 0 327787 0 0
161 328508 0 0 328508 2 0 0 0 0
170 2950083 1 1 0 0 0 2622296 0 0
171 984082 0 0 0 0 0 0 0 0
173 575973 0 0 0 0 0 0 0 0
175 298121 1 1 0 0 0 0 0 0
177 594800 0 0 0 0 0 0 0 0
178 148700 0 0 148700 0 0 0 0 0
180 446100 0 0 0 0 0 148700 0 0
181 148700 0 0 148700 0 0 0 0 0
182 148700 0 0 0 0 0 0 0 0
187 80322 0 0 0 0 0 0 0 0
189 2950083 0 0 2294509 0 0 0 0 0
fn=unsigned int lob::v0::Book<lob::ChecksumSink>::match<std::__1::map<long, lob::v0::Book<lob::ChecksumSink>::Level, std::__1::less<void>, std::__1::allocator<std::__1::pair<long const, lob::v0::Book<lob::ChecksumSink>::Level> > >, lob::v0::Book<lob::ChecksumSink>::add(unsigned long, lob::Side, long, unsigned int)::{lambda(long)#1}>(std::__1::map<long, lob::v0::Book<lob::ChecksumSink>::Level, std::__1::less<void>, std::__1::allocator<std::__1::pair<long const, lob::v0::Book<lob::ChecksumSink>::Level> > >&, unsigned long, unsigned int, lob::v0::Book<lob::ChecksumSink>::add(unsigned long, lob::Side, long, unsigned int)::{lambda(long)#1})
0 2202740 0 0 0 0 0 328396 0 0
159 329104 0 0 329104 0 0 0 0 0
170 2955564 1 1 0 0 0 2627168 1 1
171 985897 0 0 0 0 0 0 0 0
173 576844 0 0 0 0 0 0 0 0
175 300395 0 0 0 0 0 0 0 0
177 599372 0 0 0 0 0 0 0 0
178 149843 0 0 149843 0 0 0 0 0
180 449529 0 0 0 0 0 149843 0 0
181 149843 0 0 149843 1 0 0 0 0
182 149843 0 0 0 0 0 0 0 0
187 80655 0 0 0 0 0 0 0 0
189 2955564 1 1 2298772 0 0 0 0 0
fn=void lob::v0::Book<lob::ChecksumSink>::rest<std::__1::map<long, lob::v0::Book<lob::ChecksumSink>::Level, std::__1::greater<void>, std::__1::allocator<std::__1::pair<long const, lob::v0::Book<lob::ChecksumSink>::Level> > > >(std::__1::map<long, lob::v0::Book<lob::ChecksumSink>::Level, std::__1::greater<void>, std::__1::allocator<std::__1::pair<long const, lob::v0::Book<lob::ChecksumSink>::Level> > >&, unsigned long, lob::Side, long, unsigned int)
0 495482 0 0 0 0 0 0 0 0
138 4006 0 0 0 0 0 2003 49 0
193 3468374 2 2 0 0 0 2229669 0 0
196 247741 0 0 0 0 0 0 0 0
197 1238705 1 1 247741 0 0 743223 0 0
198 247741 0 0 247741 1 0 0 0 0
199 1981928 0 0 1734187 1 0 0 0 0
fn=void lob::v0::Book<lob::ChecksumSink>::rest<std::__1::map<long, lob::v0::Book<lob::ChecksumSink>::Level, std::__1::less<void>, std::__1::allocator<std::__1::pair<long const, lob::v0::Book<lob::ChecksumSink>::Level> > > >(std::__1::map<long, lob::v0::Book<lob::ChecksumSink>::Level, std::__1::less<void>, std::__1::allocator<std::__1::pair<long const, lob::v0::Book<lob::ChecksumSink>::Level> > >&, unsigned long, lob::Side, long, unsigned int)
0 494930 0 0 0 0 0 0 0 0
138 3998 0 0 0 0 0 1999 47 0
193 3464510 1 1 0 0 0 2227185 0 0
196 247465 0 0 0 0 0 0 0 0
197 1237325 0 0 247465 0 0 742395 0 0
198 247465 0 0 247465 1 0 0 0 0
199 1979720 0 0 1732255 1 0 0 0 0
fl=/home/wang/sources/cxx/book/source/main.cxx
fn=(anonymous namespace)::cmd_replay((anonymous namespace)::Args const&)
0 1 0 0 0 0 0 0 0 0
283 2 1 1 1 0 0 1 1 1
285 9 1 1 0 0 0 6 2 2
fl=/usr/include/c++/v1/__algorithm/comp.h
fn=unsigned int lob::v0::Book<lob::ChecksumSink>::match<std::__1::map<long, lob::v0::Book<lob::ChecksumSink>::Level, std::__1::greater<void>, std::__1::allocator<std::__1::pair<long const, lob::v0::Book<lob::ChecksumSink>::Level> > >, lob::v0::Book<lob::ChecksumSink>::add(unsigned long, lob::Side, long, unsigned int)::{lambda(long)#2}>(std::__1::map<long, lob::v0::Book<lob::ChecksumSink>::Level, std::__1::greater<void>, std::__1::allocator<std::__1::pair<long const, lob::v0::Book<lob::ChecksumSink>::Level> > >&, unsigned long, unsigned int, lob::v0::Book<lob::ChecksumSink>::add(unsigned long, lob::Side, long, unsigned int)::{lambda(long)#2})
41 148700 0 0 148700 11090 0 0 0 0
fn=unsigned int lob::v0::Book<lob::ChecksumSink>::match<std::__1::map<long, lob::v0::Book<lob::ChecksumSink>::Level, std::__1::less<void>, std::__1::allocator<std::__1::pair<long const, lob::v0::Book<lob::ChecksumSink>::Level> > >, lob::v0::Book<lob::ChecksumSink>::add(unsigned long, lob::Side, long, unsigned int)::{lambda(long)#1}>(std::__1::map<long, lob::v0::Book<lob::ChecksumSink>::Level, std::__1::less<void>, std::__1::allocator<std::__1::pair<long const, lob::v0::Book<lob::ChecksumSink>::Level> > >&, unsigned long, unsigned int, lob::v0::Book<lob::ChecksumSink>::add(unsigned long, lob::Side, long, unsigned int)::{lambda(long)#1})
41 149843 0 0 149843 11266 0 0 0 0
fl=/usr/include/c++/v1/__functional/operations.h
fn=auto lob::v0::Book<lob::ChecksumSink>::erase(std::__1::__hash_map_iterator<std::__1::__hash_iterator<std::__1::__hash_node<std::__1::__hash_value_type<unsigned long, lob::v0::Book<lob::ChecksumSink>::Loc>, void*>*> >)::{lambda(auto:1&)#1}::operator()<std::__1::map<long, lob::v0::Book<lob::ChecksumSink>::Level, std::__1::greater<void>, std::__1::allocator<std::__1::pair<long const, lob::v0::Book<lob::ChecksumSink>::Level> > > >(std::__1::map<long, lob::v0::Book<lob::ChecksumSink>::Level, std::__1::greater<void>, std::__1::allocator<std::__1::pair<long const, lob::v0::Book<lob::ChecksumSink>::Level> > >&) const
462 2198113 0 0 842981 5730 0 0 0 0
fn=auto lob::v0::Book<lob::ChecksumSink>::erase(std::__1::__hash_map_iterator<std::__1::__hash_iterator<std::__1::__hash_node<std::__1::__hash_value_type<unsigned long, lob::v0::Book<lob::ChecksumSink>::Loc>, void*>*> >)::{lambda(auto:1&)#1}::operator()<std::__1::map<long, lob::v0::Book<lob::ChecksumSink>::Level, std::__1::less<void>, std::__1::allocator<std::__1::pair<long const, lob::v0::Book<lob::ChecksumSink>::Level> > > >(std::__1::map<long, lob::v0::Book<lob::ChecksumSink>::Level, std::__1::less<void>, std::__1::allocator<std::__1::pair<long const, lob::v0::Book<lob::ChecksumSink>::Level> > >&) const
375 2065972 0 0 798216 5652 0 0 0 0
fn=lob::v0::Book<lob::ChecksumSink>::cancel(unsigned long)
300 302038 0 0 302038 64281 0 0 0 0
fn=lob::v0::Book<lob::ChecksumSink>::modify(unsigned long, long, unsigned int)
300 69494 0 0 69494 14776 0 0 0 0
375 261008 0 0 100842 667 0 0 0 0
462 279293 0 0 107111 714 1 0 0 0
fn=unsigned long std::__1::__hash_table<std::__1::__hash_value_type<unsigned long, lob::v0::Book<lob::ChecksumSink>::Loc>, std::__1::__unordered_map_hasher<unsigned long, std::__1::pair<unsigned long const, lob::v0::Book<lob::ChecksumSink>::Loc>, std::__1::hash<unsigned long>, std::__1::equal_to<unsigned long>, true>, std::__1::__unordered_map_equal<unsigned long, std::__1::pair<unsigned long const, lob::v0::Book<lob::ChecksumSink>::Loc>, std::__1::equal_to<unsigned long>, std::__1::hash<unsigned long>, true>, std::__1::allocator<std::__1::pair<unsigned long const, lob::v0::Book<lob::ChecksumSink>::Loc> > >::__erase_unique<unsigned long>(unsigned long const&)
300 164200 0 0 164200 28627 0 0 0 0
fn=void lob::v0::Book<lob::ChecksumSink>::rest<std::__1::map<long, lob::v0::Book<lob::ChecksumSink>::Level, std::__1::greater<void>, std::__1::allocator<std::__1::pair<long const, lob::v0::Book<lob::ChecksumSink>::Level> > > >(std::__1::map<long, lob::v0::Book<lob::ChecksumSink>::Level, std::__1::greater<void>, std::__1::allocator<std::__1::pair<long const, lob::v0::Book<lob::ChecksumSink>::Level> > >&, unsigned long, lob::Side, long, unsigned int)
462 1787758 0 0 893879 4266 1 0 0 0
fn=void lob::v0::Book<lob::ChecksumSink>::rest<std::__1::map<long, lob::v0::Book<lob::ChecksumSink>::Level, std::__1::less<void>, std::__1::allocator<std::__1::pair<long const, lob::v0::Book<lob::ChecksumSink>::Level> > > >(std::__1::map<long, lob::v0::Book<lob::ChecksumSink>::Level, std::__1::less<void>, std::__1::allocator<std::__1::pair<long const, lob::v0::Book<lob::ChecksumSink>::Level> > >&, unsigned long, lob::Side, long, unsigned int)
375 1658160 0 0 829080 4438 1 0 0 0
fl=/usr/include/c++/v1/__hash_table
fn=lob::v0::Book<lob::ChecksumSink>::cancel(unsigned long)
0 1233755 1 1 327641 229548 0 0 0 0
106 327641 1 1 327641 250822 0 0 0 0
162 4743093 0 0 0 0 0 0 0 0
600 302038 0 0 302038 0 0 0 0 0
1812 1208152 0 0 302038 0 0 0 0 0
1815 302038 0 0 302038 195120 0 0 0 0
1816 604076 0 0 0 0 0 0 0 0
1817 25603 0 0 0 0 0 0 0 0
1818 1336167 0 0 0 0 0 0 0 0
1820 302038 0 0 0 0 0 0 0 0
1895 906114 0 0 0 0 0 302038 0 0
fn=lob::v0::Book<lob::ChecksumSink>::modify(unsigned long, long, unsigned int)
0 283877 0 0 75395 52634 0 0 0 0
106 75395 1 1 75395 57591 0 0 0 0
162 1092369 1 1 0 0 0 0 0 0
600 69494 0 0 69494 0 0 0 0 0
1812 277976 1 1 69494 0 0 0 0 0
1815 69494 0 0 69494 44561 0 0 0 0
1816 138988 0 0 0 0 0 0 0 0
1817 5901 0 0 0 0 0 0 0 0
1818 307481 0 0 0 0 0 0 0 0
1820 69494 0 0 0 0 0 0 0 0
1895 83145 1 1 0 0 0 27715 0 0
fn=lob::v0::Book<lob::ChecksumSink>::push(unsigned long, lob::Side, long, unsigned int)
0 197424 1 1 197422 82619 0 0 0 0
106 197226 2 2 197226 37312 0 0 0 0
162 10106202 1 1 0 0 0 0 0 0
600 628468 0 0 628468 1 1 0 0 0
1833 2513870 1 1 628467 0 0 0 0 0
1836 628467 0 0 628467 69040 0 0 0 0
1837 1256935 0 0 0 0 0 0 0 0
1838 294119 0 0 0 0 0 0 0 0
1839 986522 0 0 0 0 0 0 0 0
fn=std::__1::__hash_table<std::__1::__hash_value_type<unsigned long, lob::v0::Book<lob::ChecksumSink>::Loc>, std::__1::__unordered_map_hasher<unsigned long, std::__1::pair<unsigned long const, lob::v0::Book<lob::ChecksumSink>::Loc>, std::__1::hash<unsigned long>, std::__1::equal_to<unsigned long>, true>, std::__1::__unordered_map_equal<unsigned long, std::__1::pair<unsigned long const, lob::v0::Book<lob::ChecksumSink>::Loc>, std::__1::equal_to<unsigned long>, std::__1::hash<unsigned long>, true>, std::__1::allocator<std::__1::pair<unsigned long const, lob::v0::Book<lob::ChecksumSink>::Loc> > >::remove(std::__1::__hash_const_iterator<std::__1::__hash_node<std::__1::__hash_value_type<unsigned long, lob::v0::Book<lob::ChecksumSink>::Loc>, void*>*>)
0 1017906 1 1 0 0 0 0 0 0
106 1945489 0 0 1945489 320938 0 0 0 0
162 22792059 2 2 0 0 0 0 0 0
600 493953 0 0 493953 0 0 0 0 0
1939 1975812 1 1 0 0 0 1481859 0 0
1945 493953 0 0 493953 0 0 0 0 0
1946 1571112 0 0 523704 0 0 0 0 0
1951 2497242 1 1 0 0 0 0 0 0
1952 2371375 1 1 464864 0 0 0 0 0
1953 417075 0 0 0 0 0 417075 0 0
1956 1482108 0 0 493953 0 0 0 0 0
1958 1035488 0 0 0 0 0 0 0 0
1959 445256 0 0 0 0 0 445256 135429 0
1962 939209 0 0 445256 0 0 493953 0 0
1963 493953 0 0 0 0 0 493953 0 0
1964 493953 0 0 493953 0 0 0 0 0
1966 2469765 0 0 1975812 0 0 0 0 0
fn=std::__1::pair<std::__1::__hash_iterator<std::__1::__hash_node<std::__1::__hash_value_type<unsigned long, lob::v0::Book<lob::ChecksumSink>::Loc>, void*>*>, bool> std::__1::__hash_table<std::__1::__hash_value_type<unsigned long, lob::v0::Book<lob::ChecksumSink>::Loc>, std::__1::__unordered_map_hasher<unsigned long, std::__1::pair<unsigned long const, lob::v0::Book<lob::ChecksumSink>::Loc>, std::__1::hash<unsigned long>, std::__1::equal_to<unsigned long>, true>, std::__1::__unordered_map_equal<unsigned long, std::__1::pair<unsigned long const, lob::v0::Book<lob::ChecksumSink>::Loc>, std::__1::equal_to<unsigned long>, std::__1::hash<unsigned long>, true>, std::__1::allocator<std::__1::pair<unsigned long const, lob::v0::Book<lob::ChecksumSink>::Loc> > >::__emplace_unique_key_args<unsigned long, unsigned long&, lob::v0::Book<lob::ChecksumSink>::Loc>(unsigned long const&, unsigned long&, lob::v0::Book<lob::ChecksumSink>::Loc&&)
0 3778678 2 2 651786 0 0 11 0 0
106 574648 1 1 574648 1429 0 0 0 0
109 495206 0 0 0 0 0 495206 0 0
155 495206 0 0 0 0 0 495206 0 0
159 44 1 1 0 0 0 0 0 0
162 13044203 1 1 0 0 0 0 0 0
600 495227 1 1 495227 1 0 0 0 0
1567 3961648 1 1 0 0 0 3466442 0 0
1573 1485618 0 0 0 0 0 0 0 0
1575 495205 0 0 495205 0 0 0 0 0
1576 1485615 1 1 0 0 0 495205 0 0
1577 156424 0 0 0 0 0 0 0 0
1578 782454 0 0 0 0 0 0 0 0
1587 6932882 1 1 990412 0 0 0 0 0
1588 22 0 0 0 0 0 0 0 0
1589 121 1 1 11 4 1 0 0 0
1594 495206 0 0 495206 2 0 0 0 0
1595 990413 0 0 0 0 0 0 0 0
1596 418225 1 1 0 0 0 0 0 0
1597 836450 0 0 418225 0 0 418225 2 0
1598 418225 0 0 0 0 0 418225 0 0
1600 418225 0 0 0 0 0 418225 0 0
1601 1254675 0 0 418225 0 0 0 0 0
1602 836448 1 1 0 0 0 418224 0 0
1604 153962 0 0 76981 0 0 76981 0 0
1605 76981 0 0 0 0 0 76981 0 0
1609 990412 1 1 495206 0 0 0 0 0
1614 4456854 0 0 3466442 2 0 0 0 0
1748 22 0 0 0 0 0 0 0 0
1750 20 0 0 0 0 0 0 0 0
1751 10 0 0 0 0 0 10 0 0
1753 22 0 0 0 0 0 0 0 0
fn=unsigned long std::__1::__hash_table<std::__1::__hash_value_type<unsigned long, lob::v0::Book<lob::ChecksumSink>::Loc>, std::__1::__unordered_map_hasher<unsigned long, std::__1::pair<unsigned long const, lob::v0::Book<lob::ChecksumSink>::Loc>, std::__1::hash<unsigned long>, std::__1::equal_to<unsigned long>, true>, std::__1::__unordered_map_equal<unsigned long, std::__1::pair<unsigned long const, lob::v0::Book<lob::ChecksumSink>::Loc>, std::__1::equal_to<unsigned long>, std::__1::hash<unsigned long>, true>, std::__1::allocator<std::__1::pair<unsigned long const, lob::v0::Book<lob::ChecksumSink>::Loc> > >::__erase_unique<unsigned long>(unsigned long const&)
0 1315358 3 3 165958 102562 0 0 0 0
106 165958 0 0 165958 46602 0 0 0 0
162 2637826 1 1 0 0 0 0 0 0
600 164200 0 0 164200 0 0 0 0 0
1812 656800 0 0 164200 0 0 0 0 0
1815 164200 0 0 164200 56758 0 0 0 0
1816 328400 0 0 0 0 0 0 0 0
1817 1758 0 0 0 0 0 0 0 0
1818 665590 0 0 0 0 0 0 0 0
1820 164200 0 0 0 0 0 0 0 0
1895 492600 0 0 0 0 0 164200 0 0
1913 164200 0 0 0 0 0 0 0 0
1919 328400 0 0 164200 0 0 0 0 0
fn=void lob::v0::Book<lob::ChecksumSink>::rest<std::__1::map<long, lob::v0::Book<lob::ChecksumSink>::Level, std::__1::greater<void>, std::__1::allocator<std::__1::pair<long const, lob::v0::Book<lob::ChecksumSink>::Level> > > >(std::__1::map<long, lob::v0::Book<lob::ChecksumSink>::Level, std::__1::greater<void>, std::__1::allocator<std::__1::pair<long const, lob::v0::Book<lob::ChecksumSink>::Level> > >&, unsigned long, lob::Side, long, unsigned int)
829 495482 0 0 0 0 0 247741 0 0
fn=void lob::v0::Book<lob::ChecksumSink>::rest<std::__1::map<long, lob::v0::Book<lob::ChecksumSink>::Level, std::__1::less<void>, std::__1::allocator<std::__1::pair<long const, lob::v0::Book<lob::ChecksumSink>::Level> > > >(std::__1::map<long, lob::v0::Book<lob::ChecksumSink>::Level, std::__1::less<void>, std::__1::allocator<std::__1::pair<long const, lob::v0::Book<lob::ChecksumSink>::Level> > >&, unsigned long, lob::Side, long, unsigned int)
829 494930 1 1 0 0 0 247465 0 0
fn=void std::__1::__hash_table<std::__1::__hash_value_type<unsigned long, lob::v0::Book<lob::ChecksumSink>::Loc>, std::__1::__unordered_map_hasher<unsigned long, std::__1::pair<unsigned long const, lob::v0::Book<lob::ChecksumSink>::Loc>, std::__1::hash<unsigned long>, std::__1::equal_to<unsigned long>, true>, std::__1::__unordered_map_equal<unsigned long, std::__1::pair<unsigned long const, lob::v0::Book<lob::ChecksumSink>::Loc>, std::__1::equal_to<unsigned long>, std::__1::hash<unsigned long>, true>, std::__1::allocator<std::__1::pair<unsigned long const, lob::v0::Book<lob::ChecksumSink>::Loc> > >::__do_rehash<true>(unsigned long)
0 6347 0 0 0 0 0 0 0 0
106 3173 0 0 3173 2211 0 0 0 0
162 6366 1 1 0 0 0 0 0 0
605 10 0 0 10 0 0 0 0 0
1767 66 1 1 0 0 0 55 0 0
1769 23 1 1 0 0 0 0 0 0
1770 11 0 0 0 0 0 11 0 0
1773 44 1 1 0 0 0 11 0 0
1775 11 0 0 11 0 0 0 0 0
1776 22 0 0 0 0 0 0 0 0
1778 10 0 0 0 0 0 10 0 0
1780 9529 1 1 3173 0 0 0 0 0
1782 6326 0 0 0 0 0 0 0 0
1785 6326 0 0 3163 164 0 0 0 0
1786 3163 0 0 0 0 0 3163 0 0
1789 3163 0 0 0 0 0 0 0 0
1805 66 1 1 55 2 0 0 0 0
fl=/usr/include/c++/v1/__iterator/wrap_iter.h
fn=(anonymous namespace)::cmd_replay((anonymous namespace)::Args const&)
125 3000002 0 0 0 0 0 0 0 0
fl=/usr/include/c++/v1/__math/rounding_functions.h
fn=std::__1::pair<std::__1::__hash_iterator<std::__1::__hash_node<std::__1::__hash_value_type<unsigned long, lob::v0::Book<lob::ChecksumSink>::Loc>, void*>*>, bool> std::__1::__hash_table<std::__1::__hash_value_type<unsigned long, lob::v0::Book<lob::ChecksumSink>::Loc>, std::__1::__unordered_map_hasher<unsigned long, std::__1::pair<unsigned long const, lob::v0::Book<lob::ChecksumSink>::Loc>, std::__1::hash<unsigned long>, std::__1::equal_to<unsigned long>, true>, std::__1::__unordered_map_equal<unsigned long, std::__1::pair<unsigned long const, lob::v0::Book<lob::ChecksumSink>::Loc>, std::__1::equal_to<unsigned long>, std::__1::hash<unsigned long>, true>, std::__1::allocator<std::__1::pair<unsigned long const, lob::v0::Book<lob::ChecksumSink>::Loc> > >::__emplace_unique_key_args<unsigned long, unsigned long&, lob::v0::Book<lob::ChecksumSink>::Loc>(unsigned long const&, unsigned long&, lob::v0::Book<lob::ChecksumSink>::Loc&&)
29 11 0 0 0 0 0 0 0 0
fl=/usr/include/c++/v1/__memory/allocator.h
fn=void std::__1::__hash_table<std::__1::__hash_value_type<unsigned long, lob::v0::Book<lob::ChecksumSink>::Loc>, std::__1::__unordered_map_hasher<unsigned long, std::__1::pair<unsigned long const, lob::v0::Book<lob::ChecksumSink>::Loc>, std::__1::hash<unsigned long>, std::__1::equal_to<unsigned long>, true>, std::__1::__unordered_map_equal<unsigned long, std::__1::pair<unsigned long const, lob::v0::Book<lob::ChecksumSink>::Loc>, std::__1::equal_to<unsigned long>, std::__1::hash<unsigned long>, true>, std::__1::allocator<std::__1::pair<unsigned long const, lob::v0::Book<lob::ChecksumSink>::Loc> > >::__do_rehash<true>(unsigned long)
100 33 0 0 0 0 0 0 0 0
fl=/usr/include/c++/v1/__memory/compressed_pair.h
fn=std::__1::__hash_table<std::__1::__hash_value_type<unsigned long, lob::v0::Book<lob::ChecksumSink>::Loc>, std::__1::__unordered_map_hasher<unsigned long, std::__1::pair<unsigned long const, lob::v0::Book<lob::ChecksumSink>::Loc>, std::__1::hash<unsigned long>, std::__1::equal_to<unsigned long>, true>, std::__1::__unordered_map_equal<unsigned long, std::__1::pair<unsigned long const, lob::v0::Book<lob::ChecksumSink>::Loc>, std::__1::equal_to<unsigned long>, std::__1::hash<unsigned long>, true>, std::__1::allocator<std::__1::pair<unsigned long const, lob::v0::Book<lob::ChecksumSink>::Loc> > >::remove(std::__1::__hash_const_iterator<std::__1::__hash_node<std::__1::__hash_value_type<unsigned long, lob::v0::Book<lob::ChecksumSink>::Loc>, void*>*>)
77 987906 1 1 0 0 0 987906 0 0
fl=/usr/include/c++/v1/__memory/construct_at.h
fn=void lob::v0::Book<lob::ChecksumSink>::rest<std::__1::map<long, lob::v0::Book<lob::ChecksumSink>::Level, std::__1::greater<void>, std::__1::allocator<std::__1::pair<long const, lob::v0::Book<lob::ChecksumSink>::Level> > > >(std::__1::map<long, lob::v0::Book<lob::ChecksumSink>::Level, std::__1::greater<void>, std::__1::allocator<std::__1::pair<long const, lob::v0::Book<lob::ChecksumSink>::Level> > >&, unsigned long, lob::Side, long, unsigned int)
38 495482 1 1 0 0 0 495482 345 0
fn=void lob::v0::Book<lob::ChecksumSink>::rest<std::__1::map<long, lob::v0::Book<lob::ChecksumSink>::Level, std::__1::less<void>, std::__1::allocator<std::__1::pair<long const, lob::v0::Book<lob::ChecksumSink>::Level> > > >(std::__1::map<long, lob::v0::Book<lob::ChecksumSink>::Level, std::__1::less<void>, std::__1::allocator<std::__1::pair<long const, lob::v0::Book<lob::ChecksumSink>::Level> > >&, unsigned long, lob::Side, long, unsigned int)
38 494930 0 0 0 0 0 494930 354 0
fl=/usr/include/c++/v1/__memory/unique_ptr.h
fn=lob::v0::Book<lob::ChecksumSink>::cancel(unsigned long)
287 302038 0 0 302038 0 0 0 0 0
288 302038 0 0 0 0 0 302038 0 0
289 604076 0 0 0 0 0 0 0 0
583 302038 1 1 302038 0 0 0 0 0
fn=lob::v0::Book<lob::ChecksumSink>::modify(unsigned long, long, unsigned int)
287 27715 0 0 27715 0 0 0 0 0
288 27715 0 0 0 0 0 27715 0 0
289 55430 0 0 0 0 0 0 0 0
583 69494 0 0 69494 0 0 0 0 0
fn=lob::v0::Book<lob::ChecksumSink>::push(unsigned long, lob::Side, long, unsigned int)
583 628467 0 0 628467 0 0 0 0 0
fn=std::__1::__hash_table<std::__1::__hash_value_type<unsigned long, lob::v0::Book<lob::ChecksumSink>::Loc>, std::__1::__unordered_map_hasher<unsigned long, std::__1::pair<unsigned long const, lob::v0::Book<lob::ChecksumSink>::Loc>, std::__1::hash<unsigned long>, std::__1::equal_to<unsigned long>, true>, std::__1::__unordered_map_equal<unsigned long, std::__1::pair<unsigned long const, lob::v0::Book<lob::ChecksumSink>::Loc>, std::__1::equal_to<unsigned long>, std::__1::hash<unsigned long>, true>, std::__1::allocator<std::__1::pair<unsigned long const, lob::v0::Book<lob::ChecksumSink>::Loc> > >::remove(std::__1::__hash_const_iterator<std::__1::__hash_node<std::__1::__hash_value_type<unsigned long, lob::v0::Book<lob::ChecksumSink>::Loc>, void*>*>)
203 493953 0 0 0 0 0 493953 0 0
204 987906 0 0 0 0 0 987906 0 0
583 493953 0 0 493953 0 0 0 0 0
fn=std::__1::pair<std::__1::__hash_iterator<std::__1::__hash_node<std::__1::__hash_value_type<unsigned long, lob::v0::Book<lob::ChecksumSink>::Loc>, void*>*>, bool> std::__1::__hash_table<std::__1::__hash_value_type<unsigned long, lob::v0::Book<lob::ChecksumSink>::Loc>, std::__1::__unordered_map_hasher<unsigned long, std::__1::pair<unsigned long const, lob::v0::Book<lob::ChecksumSink>::Loc>, std::__1::hash<unsigned long>, std::__1::equal_to<unsigned long>, true>, std::__1::__unordered_map_equal<unsigned long, std::__1::pair<unsigned long const, lob::v0::Book<lob::ChecksumSink>::Loc>, std::__1::equal_to<unsigned long>, std::__1::hash<unsigned long>, true>, std::__1::allocator<std::__1::pair<unsigned long const, lob::v0::Book<lob::ChecksumSink>::Loc> > >::__emplace_unique_key_args<unsigned long, unsigned long&, lob::v0::Book<lob::ChecksumSink>::Loc>(unsigned long const&, unsigned long&, lob::v0::Book<lob::ChecksumSink>::Loc&&)
583 990411 0 0 990411 0 0 0 0 0
fn=unsigned long std::__1::__hash_table<std::__1::__hash_value_type<unsigned long, lob::v0::Book<lob::ChecksumSink>::Loc>, std::__1::__unordered_map_hasher<unsigned long, std::__1::pair<unsigned long const, lob::v0::Book<lob::ChecksumSink>::Loc>, std::__1::hash<unsigned long>, std::__1::equal_to<unsigned long>, true>, std::__1::__unordered_map_equal<unsigned long, std::__1::pair<unsigned long const, lob::v0::Book<lob::ChecksumSink>::Loc>, std::__1::equal_to<unsigned long>, std::__1::hash<unsigned long>, true>, std::__1::allocator<std::__1::pair<unsigned long const, lob::v0::Book<lob::ChecksumSink>::Loc> > >::__erase_unique<unsigned long>(unsigned long const&)
287 164200 0 0 164200 0 0 0 0 0
288 164200 0 0 0 0 0 164200 0 0
289 328400 0 0 0 0 0 0 0 0
583 164200 0 0 164200 0 0 0 0 0
fn=void std::__1::__hash_table<std::__1::__hash_value_type<unsigned long, lob::v0::Book<lob::ChecksumSink>::Loc>, std::__1::__unordered_map_hasher<unsigned long, std::__1::pair<unsigned long const, lob::v0::Book<lob::ChecksumSink>::Loc>, std::__1::hash<unsigned long>, std::__1::equal_to<unsigned long>, true>, std::__1::__unordered_map_equal<unsigned long, std::__1::pair<unsigned long const, lob::v0::Book<lob::ChecksumSink>::Loc>, std::__1::equal_to<unsigned long>, std::__1::hash<unsigned long>, true>, std::__1::allocator<std::__1::pair<unsigned long const, lob::v0::Book<lob::ChecksumSink>::Loc> > >::__do_rehash<true>(unsigned long)
606 11 0 0 11 0 0 0 0 0
607 11 0 0 0 0 0 11 0 0
609 22 0 0 0 0 0 0 0 0
fl=/usr/include/c++/v1/__new/allocate.h
fn=auto lob::v0::Book<lob::ChecksumSink>::erase(std::__1::__hash_map_iterator<std::__1::__hash_iterator<std::__1::__hash_node<std::__1::__hash_value_type<unsigned long, lob::v0::Book<lob::ChecksumSink>::Loc>, void*>*> >)::{lambda(auto:1&)#1}::operator()<std::__1::map<long, lob::v0::Book<lob::ChecksumSink>::Level, std::__1::greater<void>, std::__1::allocator<std::__1::pair<long const, lob::v0::Book<lob::ChecksumSink>::Level> > > >(std::__1::map<long, lob::v0::Book<lob::ChecksumSink>::Level, std::__1::greater<void>, std::__1::allocator<std::__1::pair<long const, lob::v0::Book<lob::ChecksumSink>::Level> > >&) const
63 334826 2 2 1998 0 0 165415 0 0
fn=auto lob::v0::Book<lob::ChecksumSink>::erase(std::__1::__hash_map_iterator<std::__1::__hash_iterator<std::__1::__hash_node<std::__1::__hash_value_type<unsigned long, lob::v0::Book<lob::ChecksumSink>::Loc>, void*>*> >)::{lambda(auto:1&)#1}::operator()<std::__1::map<long, lob::v0::Book<lob::ChecksumSink>::Level, std::__1::less<void>, std::__1::allocator<std::__1::pair<long const, lob::v0::Book<lob::ChecksumSink>::Level> > > >(std::__1::map<long, lob::v0::Book<lob::ChecksumSink>::Level, std::__1::less<void>, std::__1::allocator<std::__1::pair<long const, lob::v0::Book<lob::ChecksumSink>::Level> > >&) const
63 332510 2 2 1917 0 0 164338 0 0
fn=lob::v0::Book<lob::ChecksumSink>::cancel(unsigned long)
63 604076 0 0 0 0 0 302038 0 0
fn=lob::v0::Book<lob::ChecksumSink>::modify(unsigned long, long, unsigned int)
0 27715 0 0 27715 0 0 0 0 0
63 55430 0 0 0 0 0 27715 0 0
fn=std::__1::pair<std::__1::__hash_iterator<std::__1::__hash_node<std::__1::__hash_value_type<unsigned long, lob::v0::Book<lob::ChecksumSink>::Loc>, void*>*>, bool> std::__1::__hash_table<std::__1::__hash_value_type<unsigned long, lob::v0::Book<lob::ChecksumSink>::Loc>, std::__1::__unordered_map_hasher<unsigned long, std::__1::pair<unsigned long const, lob::v0::Book<lob::ChecksumSink>::Loc>, std::__1::hash<unsigned long>, std::__1::equal_to<unsigned long>, true>, std::__1::__unordered_map_equal<unsigned long, std::__1::pair<unsigned long const, lob::v0::Book<lob::ChecksumSink>::Loc>, std::__1::equal_to<unsigned long>, std::__1::hash<unsigned long>, true>, std::__1::allocator<std::__1::pair<unsigned long const, lob::v0::Book<lob::ChecksumSink>::Loc> > >::__emplace_unique_key_args<unsigned long, unsigned long&, lob::v0::Book<lob::ChecksumSink>::Loc>(unsigned long const&, unsigned long&, lob::v0::Book<lob::ChecksumSink>::Loc&&)
43 1485618 1 1 0 0 0 495206 0 0
fn=unsigned int lob::v0::Book<lob::ChecksumSink>::match<std::__1::map<long, lob::v0::Book<lob::ChecksumSink>::Level, std::__1::greater<void>, std::__1::allocator<std::__1::pair<long const, lob::v0::Book<lob::ChecksumSink>::Level> > >, lob::v0::Book<lob::ChecksumSink>::add(unsigned long, lob::Side, long, unsigned int)::{lambda(long)#2}>(std::__1::map<long, lob::v0::Book<lob::ChecksumSink>::Level, std::__1::greater<void>, std::__1::allocator<std::__1::pair<long const, lob::v0::Book<lob::ChecksumSink>::Level> > >&, unsigned long, unsigned int, lob::v0::Book<lob::ChecksumSink>::add(unsigned long, lob::Side, long, unsigned int)::{lambda(long)#2})
0 494475 2 2 329830 0 0 0 0 0
63 167324 0 0 0 0 0 83001 0 0
fn=unsigned int lob::v0::Book<lob::ChecksumSink>::match<std::__1::map<long, lob::v0::Book<lob::ChecksumSink>::Level, std::__1::less<void>, std::__1::allocator<std::__1::pair<long const, lob::v0::Book<lob::ChecksumSink>::Level> > >, lob::v0::Book<lob::ChecksumSink>::add(unsigned long, lob::Side, long, unsigned int)::{lambda(long)#1}>(std::__1::map<long, lob::v0::Book<lob::ChecksumSink>::Level, std::__1::less<void>, std::__1::allocator<std::__1::pair<long const, lob::v0::Book<lob::ChecksumSink>::Level> > >&, unsigned long, unsigned int, lob::v0::Book<lob::ChecksumSink>::add(unsigned long, lob::Side, long, unsigned int)::{lambda(long)#1})
0 496316 2 2 330450 0 0 0 0 0
63 169077 0 0 0 0 0 83866 0 0
fn=unsigned long std::__1::__hash_table<std::__1::__hash_value_type<unsigned long, lob::v0::Book<lob::ChecksumSink>::Loc>, std::__1::__unordered_map_hasher<unsigned long, std::__1::pair<unsigned long const, lob::v0::Book<lob::ChecksumSink>::Loc>, std::__1::hash<unsigned long>, std::__1::equal_to<unsigned long>, true>, std::__1::__unordered_map_equal<unsigned long, std::__1::pair<unsigned long const, lob::v0::Book<lob::ChecksumSink>::Loc>, std::__1::equal_to<unsigned long>, std::__1::hash<unsigned long>, true>, std::__1::allocator<std::__1::pair<unsigned long const, lob::v0::Book<lob::ChecksumSink>::Loc> > >::__erase_unique<unsigned long>(unsigned long const&)
0 328400 0 0 0 0 0 0 0 0
63 328400 0 0 0 0 0 164200 0 0
fn=void lob::v0::Book<lob::ChecksumSink>::rest<std::__1::map<long, lob::v0::Book<lob::ChecksumSink>::Level, std::__1::greater<void>, std::__1::allocator<std::__1::pair<long const, lob::v0::Book<lob::ChecksumSink>::Level> > > >(std::__1::map<long, lob::v0::Book<lob::ChecksumSink>::Level, std::__1::greater<void>, std::__1::allocator<std::__1::pair<long const, lob::v0::Book<lob::ChecksumSink>::Level> > >&, unsigned long, lob::Side, long, unsigned int)
43 501491 0 0 0 0 0 249744 0 0
fn=void lob::v0::Book<lob::ChecksumSink>::rest<std::__1::map<long, lob::v0::Book<lob::ChecksumSink>::Level, std::__1::less<void>, std::__1::allocator<std::__1::pair<long const, lob::v0::Book<lob::ChecksumSink>::Level> > > >(std::__1::map<long, lob::v0::Book<lob::ChecksumSink>::Level, std::__1::less<void>, std::__1::allocator<std::__1::pair<long const, lob::v0::Book<lob::ChecksumSink>::Level> > >&, unsigned long, lob::Side, long, unsigned int)
43 500927 0 0 0 0 0 249464 0 0
fn=void std::__1::__hash_table<std::__1::__hash_value_type<unsigned long, lob::v0::Book<lob::ChecksumSink>::Loc>, std::__1::__unordered_map_hasher<unsigned long, std::__1::pair<unsigned long const, lob::v0::Book<lob::ChecksumSink>::Loc>, std::__1::hash<unsigned long>, std::__1::equal_to<unsigned long>, true>, std::__1::__unordered_map_equal<unsigned long, std::__1::pair<unsigned long const, lob::v0::Book<lob::ChecksumSink>::Loc>, std::__1::equal_to<unsigned long>, std::__1::hash<unsigned long>, true>, std::__1::allocator<std::__1::pair<unsigned long const, lob::v0::Book<lob::ChecksumSink>::Loc> > >::__do_rehash<true>(unsigned long)
0 20 0 0 10 0 0 0 0 0
37 11 0 0 0 0 0 0 0 0
43 22 0 0 0 0 0 11 0 0
57 10 0 0 0 0 0 0 0 0
63 10 0 0 0 0 0 10 0 0
fl=/usr/include/c++/v1/__tree
fn=auto lob::v0::Book<lob::ChecksumSink>::erase(std::__1::__hash_map_iterator<std::__1::__hash_iterator<std::__1::__hash_node<std::__1::__hash_value_type<unsigned long, lob::v0::Book<lob::ChecksumSink>::Loc>, void*>*> >)::{lambda(auto:1&)#1}::operator()<std::__1::map<long, lob::v0::Book<lob::ChecksumSink>::Level, std::__1::greater<void>, std::__1::allocator<std::__1::pair<long const, lob::v0::Book<lob::ChecksumSink>::Level> > > >(std::__1::map<long, lob::v0::Book<lob::ChecksumSink>::Level, std::__1::greater<void>, std::__1::allocator<std::__1::pair<long const, lob::v0::Book<lob::ChecksumSink>::Level> > >&) const
0 1176043 0 0 842981 3932 2 0 0 0
105 2496 0 0 2496 0 0 0 0 0
163 1198 0 0 318 257 0 0 0 0
191 1998 0 0 666 0 0 0 0 0
193 1248 0 0 0 0 0 0 0 0
680 165415 0 0 0 0 0 0 0 0
862 165415 0 0 0 0 0 0 0 0
884 165415 0 0 165415 0 0 0 0 0
1824 1332 1 1 666 0 0 0 0 0
1825 7 0 0 0 0 0 7 0 0
1826 666 0 0 666 0 0 0 0 0
1827 1998 0 0 666 0 0 666 0 0
1994 330830 1 1 0 0 0 0 0 0
2049 1685962 0 0 0 0 0 0 0 0
2050 677566 0 0 0 0 0 0 0 0
fn=auto lob::v0::Book<lob::ChecksumSink>::erase(std::__1::__hash_map_iterator<std::__1::__hash_iterator<std::__1::__hash_node<std::__1::__hash_value_type<unsigned long, lob::v0::Book<lob::ChecksumSink>::Loc>, void*>*> >)::{lambda(auto:1&)#1}::operator()<std::__1::map<long, lob::v0::Book<lob::ChecksumSink>::Level, std::__1::less<void>, std::__1::allocator<std::__1::pair<long const, lob::v0::Book<lob::ChecksumSink>::Level> > > >(std::__1::map<long, lob::v0::Book<lob::ChecksumSink>::Level, std::__1::less<void>, std::__1::allocator<std::__1::pair<long const, lob::v0::Book<lob::ChecksumSink>::Level> > >&) const
0 1129076 0 0 798216 5508 0 0 0 0
105 2488 0 0 2488 0 0 0 0 0
163 1138 0 0 301 224 0 0 0 0
191 1917 0 0 639 0 0 0 0 0
193 1244 0 0 0 0 0 0 0 0
680 164338 0 0 0 0 0 0 0 0
862 164338 0 0 0 0 0 0 0 0
884 164338 0 0 164338 0 0 0 0 0
1824 1278 1 1 639 0 0 0 0 0
1825 5 0 0 0 0 0 5 0 0
1826 639 0 0 639 0 0 0 0 0
1827 1917 0 0 639 0 0 639 0 0
1994 328676 1 1 0 0 0 0 0 0
2049 1596432 0 0 0 0 0 0 0 0
2050 633878 0 0 0 0 0 0 0 0
fn=lob::v0::Book<lob::ChecksumSink>::modify(unsigned long, long, unsigned int)
0 207953 0 0 166174 1174 0 0 0 0
680 41779 0 0 0 0 0 0 0 0
862 41779 1 1 0 0 0 0 0 0
884 41779 0 0 41779 0 0 0 0 0
1994 104317 0 0 0 0 0 0 0 0
2049 415906 0 0 0 0 0 0 0 0
2050 166174 0 0 0 0 0 0 0 0
fn=unsigned int lob::v0::Book<lob::ChecksumSink>::match<std::__1::map<long, lob::v0::Book<lob::ChecksumSink>::Level, std::__1::greater<void>, std::__1::allocator<std::__1::pair<long const, lob::v0::Book<lob::ChecksumSink>::Level> > >, lob::v0::Book<lob::ChecksumSink>::add(unsigned long, lob::Side, long, unsigned int)::{lambda(long)#2}>(std::__1::map<long, lob::v0::Book<lob::ChecksumSink>::Level, std::__1::greater<void>, std::__1::allocator<std::__1::pair<long const, lob::v0::Book<lob::ChecksumSink>::Level> > >&, unsigned long, unsigned int, lob::v0::Book<lob::ChecksumSink>::add(unsigned long, lob::Side, long, unsigned int)::{lambda(long)#2})
0 331167 1 1 329830 0 0 0 0 0
105 2614 0 0 2614 0 0 0 0 0
163 60 0 0 15 0 0 0 0 0
191 5288 0 0 1322 8 0 0 0 0
193 1307 0 0 0 0 0 0 0 0
915 328508 0 0 328508 0 0 0 0 0
1824 2644 0 0 1322 0 0 0 0 0
1825 1322 0 0 0 0 0 1322 0 0
1826 1322 0 0 1322 0 0 0 0 0
1827 3966 0 0 1322 0 0 1322 0 0
fn=unsigned int lob::v0::Book<lob::ChecksumSink>::match<std::__1::map<long, lob::v0::Book<lob::ChecksumSink>::Level, std::__1::less<void>, std::__1::allocator<std::__1::pair<long const, lob::v0::Book<lob::ChecksumSink>::Level> > >, lob::v0::Book<lob::ChecksumSink>::add(unsigned long, lob::Side, long, unsigned int)::{lambda(long)#1}>(std::__1::map<long, lob::v0::Book<lob::ChecksumSink>::Level, std::__1::less<void>, std::__1::allocator<std::__1::pair<long const, lob::v0::Book<lob::ChecksumSink>::Level> > >&, unsigned long, unsigned int, lob::v0::Book<lob::ChecksumSink>::add(unsigned long, lob::Side, long, unsigned int)::{lambda(long)#1})
0 331811 0 0 330449 0 0 0 0 0
105 2656 0 0 2656 0 0 0 0 0
163 68 0 0 17 0 0 0 0 0
191 5380 1 1 1345 3 0 0 0 0
193 1328 0 0 0 0 0 0 0 0
915 329104 0 0 329104 0 0 0 0 0
1824 2690 0 0 1345 0 0 0 0 0
1825 1345 0 0 0 0 0 1345 0 0
1826 1345 0 0 1345 0 0 0 0 0
1827 4035 1 1 1345 0 0 1345 0 0
fn=void lob::v0::Book<lob::ChecksumSink>::rest<std::__1::map<long, lob::v0::Book<lob::ChecksumSink>::Level, std::__1::greater<void>, std::__1::allocator<std::__1::pair<long const, lob::v0::Book<lob::ChecksumSink>::Level> > > >(std::__1::map<long, lob::v0::Book<lob::ChecksumSink>::Level, std::__1::greater<void>, std::__1::allocator<std::__1::pair<long const, lob::v0::Book<lob::ChecksumSink>::Level> > >&, unsigned long, lob::Side, long, unsigned int)
0 904334 1 1 2003 0 0 2003 0 0
884 247741 0 0 247741 1 1 0 0 0
1591 495483 0 0 0 0 0 0 0 0
1593 893879 0 0 0 0 0 0 0 0
1594 2247776 0 0 561944 757 1 0 0 0
1601 331935 0 0 0 0 0 0 0 0
1602 258591 0 0 86197 567 0 0 0 0
1673 2003 0 0 0 0 0 2003 0 0
1674 2003 1 1 0 0 0 2003 0 0
1676 2003 0 0 0 0 0 2003 0 0
1677 8012 0 0 4006 2 0 0 0 0
1678 1340 0 0 0 0 0 1340 0 0
1679 6009 0 0 2003 0 0 2003 0 0
1680 2003 0 0 2003 0 0 0 0 0
fn=void lob::v0::Book<lob::ChecksumSink>::rest<std::__1::map<long, lob::v0::Book<lob::ChecksumSink>::Level, std::__1::less<void>, std::__1::allocator<std::__1::pair<long const, lob::v0::Book<lob::ChecksumSink>::Level> > > >(std::__1::map<long, lob::v0::Book<lob::ChecksumSink>::Level, std::__1::less<void>, std::__1::allocator<std::__1::pair<long const, lob::v0::Book<lob::ChecksumSink>::Level> > >&, unsigned long, lob::Side, long, unsigned int)
0 839509 1 1 1999 0 0 1999 0 0
884 247465 0 0 247465 0 0 0 0 0
1591 494931 0 0 0 0 0 0 0 0
1593 829080 0 0 0 0 0 0 0 0
1594 1962348 0 0 490587 656 0 0 0 0
1601 338493 0 0 0 0 0 0 0 0
1602 279081 0 0 93027 562 0 0 0 0
1673 1999 0 0 0 0 0 1999 0 0
1674 1999 0 0 0 0 0 1999 0 0
1676 1999 0 0 0 0 0 1999 0 0
1677 7996 0 0 3998 6 0 0 0 0
1678 1342 0 0 0 0 0 1342 0 0
1679 5997 1 1 1999 0 0 1999 0 0
1680 1999 0 0 1999 0 0 0 0 0
fn=void std::__1::__tree_balance_after_insert[abi:ne210105]<std::__1::__tree_node_base<void*>*>(std::__1::__tree_node_base<void*>*, std::__1::__tree_node_base<void*>*)
0 449 0 0 0 0 0 0 0 0
105 2987 1 1 2148 0 0 0 0 0
235 317 0 0 317 0 0 0 0 0
236 634 0 0 317 0 0 317 0 0
237 634 0 0 0 0 0 0 0 0
239 509 0 0 192 0 0 317 0 0
240 192 1 1 0 0 0 0 0 0
241 178 0 0 0 0 0 178 0 0
243 139 0 0 0 0 0 139 0 0
244 317 0 0 0 0 0 317 0 0
254 130 0 0 130 0 0 0 0 0
255 538 1 1 269 0 0 269 0 0
256 538 0 0 0 0 0 0 0 0
258 468 0 0 199 0 0 269 0 0
259 269 0 0 0 0 0 0 0 0
260 60 0 0 0 0 0 60 0 0
262 282 0 0 0 0 0 209 0 0
263 269 1 1 0 0 0 269 0 0
278 8004 1 1 0 0 0 4002 0 0
279 13070 1 1 4265 0 0 0 0 0
281 652 0 0 0 0 0 0 0 0
282 318 0 0 318 0 0 0 0 0
283 900 0 0 132 52 0 0 0 0
285 122 0 0 0 0 0 122 0 0
287 244 0 0 0 0 0 122 0 0
288 244 0 0 0 0 0 122 0 0
290 262 0 0 0 0 0 0 0 0
295 196 1 1 0 0 0 196 0 0
297 196 0 0 0 0 0 196 0 0
303 1008 0 0 170 91 0 0 0 0
305 147 0 0 0 0 0 147 0 0
307 294 0 0 0 0 0 147 0 0
308 294 0 0 0 0 0 147 0 0
310 301 0 0 0 0 0 0 0 0
315 187 0 0 0 0 0 187 0 0
317 187 0 0 0 0 0 187 0 0
323 4002 0 0 4002 0 0 0 0 0
569 4468 0 0 4468 0 0 0 0 0
571 627 0 0 0 0 0 627 11 0
fn=void std::__1::__tree_remove[abi:ne210105]<std::__1::__tree_node_base<void*>*>(std::__1::__tree_node_base<void*>*, std::__1::__tree_node_base<void*>*)
0 5991 1 1 483 0 0 415 0 0
105 21198 1 1 9343 266 0 0 0 0
163 1602 0 0 534 0 0 0 0 0
235 54 0 0 54 0 0 0 0 0
236 248 0 0 124 13 0 124 0 0
237 248 0 0 0 0 0 0 0 0
239 248 0 0 124 0 0 124 0 0
240 124 0 0 0 0 0 0 0 0
241 77 0 0 0 0 0 77 0 0
243 52 0 0 0 0 0 47 0 0
244 124 0 0 0 0 0 124 0 0
254 151 0 0 151 0 0 0 0 0
255 408 0 0 204 8 0 204 0 0
256 408 0 0 0 0 0 0 0 0
258 408 0 0 204 0 0 204 0 0
259 204 0 0 0 0 0 0 0 0
260 6 0 0 0 0 0 6 0 0
262 249 0 0 0 0 0 198 0 0
263 204 0 0 0 0 0 204 0 0
339 17880 1 1 4470 0 0 0 0 0
341 3868 0 0 3868 0 0 0 0 0
345 7736 1 1 0 0 0 0 0 0
346 867 0 0 289 17 0 289 81 0
347 3972 0 0 0 0 0 0 0 0
348 3081 0 0 0 0 0 3081 0 0
349 6162 0 0 0 0 0 0 0 0
350 3081 0 0 3081 0 0 0 0 0
354 891 0 0 0 0 0 891 0 0
358 3972 0 0 3972 0 0 0 0 0
361 10892 0 0 0 0 0 0 0 0
363 788 1 1 394 0 0 394 0 0
364 394 0 0 0 0 0 0 0 0
365 30 0 0 0 0 0 30 0 0
367 728 0 0 0 0 0 364 0 0
368 788 0 0 394 0 0 394 0 0
370 788 0 0 394 0 0 394 0 0
371 788 0 0 0 0 0 0 0 0
373 788 0 0 394 0 0 394 0 0
374 788 0 0 0 0 0 0 0 0
379 11916 0 0 0 0 0 0 0 0
392 1408 0 0 0 0 0 0 0 0
393 289 0 0 0 0 0 289 0 0
401 449 0 0 0 0 0 0 0 0
403 268 0 0 0 0 0 0 0 0
404 12 0 0 0 0 0 12 0 0
405 12 0 0 0 0 0 12 0 0
409 36 0 0 12 0 0 0 0 0
412 12 0 0 12 0 0 0 0 0
415 506 1 1 186 58 0 0 0 0
416 309 0 0 103 0 0 0 0 0
417 92 0 0 0 0 0 92 0 0
420 451 0 0 92 0 0 0 0 0
429 141 1 1 47 4 0 0 0 0
431 26 0 0 0 0 0 26 0 0
432 26 0 0 0 0 0 26 0 0
439 84 0 0 42 0 0 42 0 0
440 42 0 0 0 0 0 42 0 0
441 42 0 0 0 0 0 42 0 0
446 630 1 1 0 0 0 0 0 0
447 27 0 0 0 0 0 27 0 0
448 27 0 0 0 0 0 27 0 0
452 81 0 0 27 0 0 0 0 0
455 27 0 0 27 0 0 0 0 0
458 1417 2 2 516 120 0 0 0 0
459 702 0 0 234 0 0 0 0 0
460 164 0 0 0 0 0 164 0 0
463 378 0 0 164 0 0 0 0 0
472 163 0 0 6 0 0 0 0 0
474 76 0 0 6 0 0 70 0 0
475 70 0 0 0 0 0 70 0 0
482 302 0 0 151 0 0 151 0 0
483 151 0 0 0 0 0 151 0 0
484 151 0 0 0 0 0 151 0 0
492 3972 0 0 3972 0 0 0 0 0
569 449 1 1 449 0 0 0 0 0
571 807 3 3 0 0 0 807 61 0
fl=/usr/include/c++/v1/__utility/pair.h
fn=std::__1::pair<std::__1::__hash_iterator<std::__1::__hash_node<std::__1::__hash_value_type<unsigned long, lob::v0::Book<lob::ChecksumSink>::Loc>, void*>*>, bool> std::__1::__hash_table<std::__1::__hash_value_type<unsigned long, lob::v0::Book<lob::ChecksumSink>::Loc>, std::__1::__unordered_map_hasher<unsigned long, std::__1::pair<unsigned long const, lob::v0::Book<lob::ChecksumSink>::Loc>, std::__1::hash<unsigned long>, std::__1::equal_to<unsigned long>, true>, std::__1::__unordered_map_equal<unsigned long, std::__1::pair<unsigned long const, lob::v0::Book<lob::ChecksumSink>::Loc>, std::__1::equal_to<unsigned long>, std::__1::hash<unsigned long>, true>, std::__1::allocator<std::__1::pair<unsigned long const, lob::v0::Book<lob::ChecksumSink>::Loc> > >::__emplace_unique_key_args<unsigned long, unsigned long&, lob::v0::Book<lob::ChecksumSink>::Loc>(unsigned long const&, unsigned long&, lob::v0::Book<lob::ChecksumSink>::Loc&&)
0 495206 0 0 0 0 0 0 0 0
165 2971236 1 1 1485618 0 0 1485618 36076 3
fn=void lob::v0::Book<lob::ChecksumSink>::rest<std::__1::map<long, lob::v0::Book<lob::ChecksumSink>::Level, std::__1::greater<void>, std::__1::allocator<std::__1::pair<long const, lob::v0::Book<lob::ChecksumSink>::Level> > > >(std::__1::map<long, lob::v0::Book<lob::ChecksumSink>::Level, std::__1::greater<void>, std::__1::allocator<std::__1::pair<long const, lob::v0::Book<lob::ChecksumSink>::Level> > >&, unsigned long, lob::Side, long, unsigned int)
445 2003 0 0 0 0 0 2003 328 2
446 2003 0 0 0 0 0 0 0 0
fn=void lob::v0::Book<lob::ChecksumSink>::rest<std::__1::map<long, lob::v0::Book<lob::ChecksumSink>::Level, std::__1::less<void>, std::__1::allocator<std::__1::pair<long const, lob::v0::Book<lob::ChecksumSink>::Level> > > >(std::__1::map<long, lob::v0::Book<lob::ChecksumSink>::Level, std::__1::less<void>, std::__1::allocator<std::__1::pair<long const, lob::v0::Book<lob::ChecksumSink>::Level> > >&, unsigned long, lob::Side, long, unsigned int)
445 1999 1 1 0 0 0 1999 316 4
446 1999 0 0 0 0 0 0 0 0
fl=/usr/include/c++/v1/__vector/vector.h
fn=(anonymous namespace)::cmd_replay((anonymous namespace)::Args const&)
388 1 0 0 1 0 0 0 0 0
449 1 0 0 1 1 1 0 0 0
fl=/usr/include/c++/v1/list
fn=auto lob::v0::Book<lob::ChecksumSink>::erase(std::__1::__hash_map_iterator<std::__1::__hash_iterator<std::__1::__hash_node<std::__1::__hash_value_type<unsigned long, lob::v0::Book<lob::ChecksumSink>::Loc>, void*>*> >)::{lambda(auto:1&)#1}::operator()<std::__1::map<long, lob::v0::Book<lob::ChecksumSink>::Level, std::__1::greater<void>, std::__1::allocator<std::__1::pair<long const, lob::v0::Book<lob::ChecksumSink>::Level> > > >(std::__1::map<long, lob::v0::Book<lob::ChecksumSink>::Level, std::__1::greater<void>, std::__1::allocator<std::__1::pair<long const, lob::v0::Book<lob::ChecksumSink>::Level> > >&) const
388 165415 0 0 165415 0 0 0 0 0
539 166081 0 0 166081 0 0 0 0 0
616 330830 0 0 165415 31528 0 165415 127341 0
617 165415 0 0 0 0 0 165415 122991 0
647 666 0 0 0 0 0 0 0 0
1422 165415 0 0 165415 0 0 0 0 0
1424 330830 0 0 165415 1933 0 165415 0 0
fn=auto lob::v0::Book<lob::ChecksumSink>::erase(std::__1::__hash_map_iterator<std::__1::__hash_iterator<std::__1::__hash_node<std::__1::__hash_value_type<unsigned long, lob::v0::Book<lob::ChecksumSink>::Loc>, void*>*> >)::{lambda(auto:1&)#1}::operator()<std::__1::map<long, lob::v0::Book<lob::ChecksumSink>::Level, std::__1::less<void>, std::__1::allocator<std::__1::pair<long const, lob::v0::Book<lob::ChecksumSink>::Level> > > >(std::__1::map<long, lob::v0::Book<lob::ChecksumSink>::Level, std::__1::less<void>, std::__1::allocator<std::__1::pair<long const, lob::v0::Book<lob::ChecksumSink>::Level> > >&) const
388 164338 0 0 164338 0 0 0 0 0
539 164977 0 0 164977 0 0 0 0 0
616 328676 0 0 164338 31417 0 164338 126461 0
617 164338 0 0 0 0 0 164338 121353 0
647 639 0 0 0 0 0 0 0 0
1422 164338 0 0 164338 0 0 0 0 0
1424 328676 0 0 164338 2024 1 164338 0 0
fn=lob::v0::Book<lob::ChecksumSink>::cancel(unsigned long)
388 302038 0 0 302038 59532 0 0 0 0
fn=lob::v0::Book<lob::ChecksumSink>::modify(unsigned long, long, unsigned int)
388 69494 0 0 69494 0 0 0 0 0
fn=unsigned int lob::v0::Book<lob::ChecksumSink>::match<std::__1::map<long, lob::v0::Book<lob::ChecksumSink>::Level, std::__1::greater<void>, std::__1::allocator<std::__1::pair<long const, lob::v0::Book<lob::ChecksumSink>::Level> > >, lob::v0::Book<lob::ChecksumSink>::add(unsigned long, lob::Side, long, unsigned int)::{lambda(long)#2}>(std::__1::map<long, lob::v0::Book<lob::ChecksumSink>::Level, std::__1::greater<void>, std::__1::allocator<std::__1::pair<long const, lob::v0::Book<lob::ChecksumSink>::Level> > >&, unsigned long, unsigned int, lob::v0::Book<lob::ChecksumSink>::add(unsigned long, lob::Side, long, unsigned int)::{lambda(long)#2})
0 601 0 0 0 0 0 0 0 0
539 231065 0 0 231065 0 0 0 0 0
616 245037 0 0 163358 68 0 81679 0 0
617 81679 0 0 0 0 0 81679 48881 0
647 1322 1 1 0 0 0 0 0 0
829 148700 0 0 148700 0 0 0 0 0
1403 81679 0 0 81679 0 0 0 0 0
1405 81679 0 0 81679 0 0 0 0 0
fn=unsigned int lob::v0::Book<lob::ChecksumSink>::match<std::__1::map<long, lob::v0::Book<lob::ChecksumSink>::Level, std::__1::less<void>, std::__1::allocator<std::__1::pair<long const, lob::v0::Book<lob::ChecksumSink>::Level> > >, lob::v0::Book<lob::ChecksumSink>::add(unsigned long, lob::Side, long, unsigned int)::{lambda(long)#1}>(std::__1::map<long, lob::v0::Book<lob::ChecksumSink>::Level, std::__1::less<void>, std::__1::allocator<std::__1::pair<long const, lob::v0::Book<lob::ChecksumSink>::Level> > >&, unsigned long, unsigned int, lob::v0::Book<lob::ChecksumSink>::add(unsigned long, lob::Side, long, unsigned int)::{lambda(long)#1})
0 636 0 0 0 0 0 0 0 0
539 232552 1 1 232552 0 0 0 0 0
616 247563 0 0 165042 83 0 82521 0 0
617 82521 0 0 0 0 0 82521 49866 0
647 1345 0 0 0 0 0 0 0 0
829 149843 0 0 149843 0 0 0 0 0
1403 82521 0 0 82521 0 0 0 0 0
1405 82521 0 0 82521 0 0 0 0 0
fn=void lob::v0::Book<lob::ChecksumSink>::rest<std::__1::map<long, lob::v0::Book<lob::ChecksumSink>::Level, std::__1::greater<void>, std::__1::allocator<std::__1::pair<long const, lob::v0::Book<lob::ChecksumSink>::Level> > > >(std::__1::map<long, lob::v0::Book<lob::ChecksumSink>::Level, std::__1::greater<void>, std::__1::allocator<std::__1::pair<long const, lob::v0::Book<lob::ChecksumSink>::Level> > >&, unsigned long, lob::Side, long, unsigned int)
300 4006 0 0 0 0 0 4006 77 0
1046 247741 0 0 0 0 0 247741 0 0
1047 495482 0 0 247741 0 0 247741 0 0
1048 247741 0 0 0 0 0 247741 12528 0
1049 247741 0 0 0 0 0 247741 0 0
1335 1238705 0 0 743223 2138 1 247741 0 0
fn=void lob::v0::Book<lob::ChecksumSink>::rest<std::__1::map<long, lob::v0::Book<lob::ChecksumSink>::Level, std::__1::less<void>, std::__1::allocator<std::__1::pair<long const, lob::v0::Book<lob::ChecksumSink>::Level> > > >(std::__1::map<long, lob::v0::Book<lob::ChecksumSink>::Level, std::__1::less<void>, std::__1::allocator<std::__1::pair<long const, lob::v0::Book<lob::ChecksumSink>::Level> > >&, unsigned long, lob::Side, long, unsigned int)
300 3998 0 0 0 0 0 3998 114 0
1046 247465 0 0 0 0 0 247465 0 0
1047 494930 0 0 247465 0 0 247465 0 0
1048 247465 0 0 0 0 0 247465 12228 0
1049 247465 0 0 0 0 0 247465 0 0
1335 1237325 1 1 742395 2324 0 247465 0 0
fl=/usr/include/c++/v1/map
fn=unsigned int lob::v0::Book<lob::ChecksumSink>::match<std::__1::map<long, lob::v0::Book<lob::ChecksumSink>::Level, std::__1::greater<void>, std::__1::allocator<std::__1::pair<long const, lob::v0::Book<lob::ChecksumSink>::Level> > >, lob::v0::Book<lob::ChecksumSink>::add(unsigned long, lob::Side, long, unsigned int)::{lambda(long)#2}>(std::__1::map<long, lob::v0::Book<lob::ChecksumSink>::Level, std::__1::greater<void>, std::__1::allocator<std::__1::pair<long const, lob::v0::Book<lob::ChecksumSink>::Level> > >&, unsigned long, unsigned int, lob::v0::Book<lob::ChecksumSink>::add(unsigned long, lob::Side, long, unsigned int)::{lambda(long)#2})
1031 328508 0 0 328508 0 0 0 0 0
fn=unsigned int lob::v0::Book<lob::ChecksumSink>::match<std::__1::map<long, lob::v0::Book<lob::ChecksumSink>::Level, std::__1::less<void>, std::__1::allocator<std::__1::pair<long const, lob::v0::Book<lob::ChecksumSink>::Level> > >, lob::v0::Book<lob::ChecksumSink>::add(unsigned long, lob::Side, long, unsigned int)::{lambda(long)#1}>(std::__1::map<long, lob::v0::Book<lob::ChecksumSink>::Level, std::__1::less<void>, std::__1::allocator<std::__1::pair<long const, lob::v0::Book<lob::ChecksumSink>::Level> > >&, unsigned long, unsigned int, lob::v0::Book<lob::ChecksumSink>::add(unsigned long, lob::Side, long, unsigned int)::{lambda(long)#1})
1031 329105 0 0 329105 0 0 0 0 0
fn=void lob::v0::Book<lob::ChecksumSink>::rest<std::__1::map<long, lob::v0::Book<lob::ChecksumSink>::Level, std::__1::greater<void>, std::__1::allocator<std::__1::pair<long const, lob::v0::Book<lob::ChecksumSink>::Level> > > >(std::__1::map<long, lob::v0::Book<lob::ChecksumSink>::Level, std::__1::greater<void>, std::__1::allocator<std::__1::pair<long const, lob::v0::Book<lob::ChecksumSink>::Level> > >&, unsigned long, lob::Side, long, unsigned int)
1399 247741 0 0 0 0 0 0 0 0
fn=void lob::v0::Book<lob::ChecksumSink>::rest<std::__1::map<long, lob::v0::Book<lob::ChecksumSink>::Level, std::__1::less<void>, std::__1::allocator<std::__1::pair<long const, lob::v0::Book<lob::ChecksumSink>::Level> > > >(std::__1::map<long, lob::v0::Book<lob::ChecksumSink>::Level, std::__1::less<void>, std::__1::allocator<std::__1::pair<long const, lob::v0::Book<lob::ChecksumSink>::Level> > >&, unsigned long, lob::Side, long, unsigned int)
1399 247465 0 0 0 0 0 0 0 0
fl=/usr/include/c++/v1/unordered_map
fn=std::__1::pair<std::__1::__hash_iterator<std::__1::__hash_node<std::__1::__hash_value_type<unsigned long, lob::v0::Book<lob::ChecksumSink>::Loc>, void*>*>, bool> std::__1::__hash_table<std::__1::__hash_value_type<unsigned long, lob::v0::Book<lob::ChecksumSink>::Loc>, std::__1::__unordered_map_hasher<unsigned long, std::__1::pair<unsigned long const, lob::v0::Book<lob::ChecksumSink>::Loc>, std::__1::hash<unsigned long>, std::__1::equal_to<unsigned long>, true>, std::__1::__unordered_map_equal<unsigned long, std::__1::pair<unsigned long const, lob::v0::Book<lob::ChecksumSink>::Loc>, std::__1::equal_to<unsigned long>, std::__1::hash<unsigned long>, true>, std::__1::allocator<std::__1::pair<unsigned long const, lob::v0::Book<lob::ChecksumSink>::Loc> > >::__emplace_unique_key_args<unsigned long, unsigned long&, lob::v0::Book<lob::ChecksumSink>::Loc>(unsigned long const&, unsigned long&, lob::v0::Book<lob::ChecksumSink>::Loc&&)
658 495206 0 0 495206 0 0 0 0 0
fn=unsigned int lob::v0::Book<lob::ChecksumSink>::match<std::__1::map<long, lob::v0::Book<lob::ChecksumSink>::Level, std::__1::greater<void>, std::__1::allocator<std::__1::pair<long const, lob::v0::Book<lob::ChecksumSink>::Level> > >, lob::v0::Book<lob::ChecksumSink>::add(unsigned long, lob::Side, long, unsigned int)::{lambda(long)#2}>(std::__1::map<long, lob::v0::Book<lob::ChecksumSink>::Level, std::__1::greater<void>, std::__1::allocator<std::__1::pair<long const, lob::v0::Book<lob::ChecksumSink>::Level> > >&, unsigned long, unsigned int, lob::v0::Book<lob::ChecksumSink>::add(unsigned long, lob::Side, long, unsigned int)::{lambda(long)#2})
1244 163358 0 0 0 0 0 81679 0 0
fn=unsigned int lob::v0::Book<lob::ChecksumSink>::match<std::__1::map<long, lob::v0::Book<lob::ChecksumSink>::Level, std::__1::less<void>, std::__1::allocator<std::__1::pair<long const, lob::v0::Book<lob::ChecksumSink>::Level> > >, lob::v0::Book<lob::ChecksumSink>::add(unsigned long, lob::Side, long, unsigned int)::{lambda(long)#1}>(std::__1::map<long, lob::v0::Book<lob::ChecksumSink>::Level, std::__1::less<void>, std::__1::allocator<std::__1::pair<long const, lob::v0::Book<lob::ChecksumSink>::Level> > >&, unsigned long, unsigned int, lob::v0::Book<lob::ChecksumSink>::add(unsigned long, lob::Side, long, unsigned int)::{lambda(long)#1})
1244 165042 0 0 0 0 0 82521 0 0
fn=unsigned long std::__1::__hash_table<std::__1::__hash_value_type<unsigned long, lob::v0::Book<lob::ChecksumSink>::Loc>, std::__1::__unordered_map_hasher<unsigned long, std::__1::pair<unsigned long const, lob::v0::Book<lob::ChecksumSink>::Loc>, std::__1::hash<unsigned long>, std::__1::equal_to<unsigned long>, true>, std::__1::__unordered_map_equal<unsigned long, std::__1::pair<unsigned long const, lob::v0::Book<lob::ChecksumSink>::Loc>, std::__1::equal_to<unsigned long>, std::__1::hash<unsigned long>, true>, std::__1::allocator<std::__1::pair<unsigned long const, lob::v0::Book<lob::ChecksumSink>::Loc> > >::__erase_unique<unsigned long>(unsigned long const&)
658 164200 0 0 164200 0 0 0 0 0
fl=???
fn=???
0 7942740 7 7 4964537 28 8 2 0 0
fn=operator delete(void*)
0 4959440 0 0 991888 0 0 991888 0 0
fn=operator delete(void*, unsigned long)
0 4959440 1 1 991888 0 0 991888 0 0
fn=operator new(unsigned long)
0 16905225 2 2 2983275 0 0 3977700 160 0
fn=std::__1::__next_prime(unsigned long)
0 1481 9 9 135 15 6 30 0 0
summary: 473034928 290 290 119281126 2590290 375135 72986603 799535 4005
