==26372== Cachegrind, a high-precision tracing profiler
==26372== Copyright (C) 2002-2017, and GNU GPL'd, by Nicholas Nethercote et al.
==26372== Using Valgrind-3.22.0 and LibVEX; rerun with -h for copyright info
==26372== Command: /home/wang/sources/cxx/book/build/profile/book replay --workload data/itch12302019_QQQ.ops --version v4
==26372== 
==26372== 
==26372== I refs:        495,864,436
==26372== I1  misses:            273
==26372== LLi misses:            264
==26372== I1  miss rate:        0.00%
==26372== LLi miss rate:        0.00%
==26372== 
==26372== D refs:        197,983,223  (135,509,275 rd   + 62,473,948 wr)
==26372== D1  misses:      3,015,503  (  1,706,214 rd   +  1,309,289 wr)
==26372== LLd misses:        975,520  (    947,129 rd   +     28,391 wr)
==26372== D1  miss rate:         1.5% (        1.3%     +        2.1%  )
==26372== LLd miss rate:         0.5% (        0.7%     +        0.0%  )
==26372== 
==26372== LL refs:         3,015,776  (  1,706,487 rd   +  1,309,289 wr)
==26372== LL misses:         975,784  (    947,393 rd   +     28,391 wr)
==26372== LL miss rate:          0.1% (        0.2%     +        0.0%  )
