desc: I1 cache:         32768 B, 64 B, 8-way associative
desc: D1 cache:         49152 B, 64 B, 12-way associative
desc: LL cache:         6291456 B, 64 B, 12-way associative
cmd: /home/wang/sources/cxx/book/build/profile/book replay --workload data/syn_deep_s42.ops --version v3
events: Ir I1mr ILmr Dr D1mr DLmr Dw D1mw DLmw 
fl=./elf/../sysdeps/generic/dl-new-hash.h
fn=_dl_lookup_symbol_x
69 3 0 0 0 0 0 0 0 0
70 6 0 0 0 0 0 0 0 0
74 11 0 0 11 3 3 0 0 0
77 22 0 0 0 0 0 0 0 0
80 9 0 0 9 0 0 0 0 0
81 18 0 0 0 0 0 0 0 0
87 1 1 1 0 0 0 0 0 0
88 1 0 0 0 0 0 0 0 0
89 2 0 0 0 0 0 0 0 0
90 1 0 0 0 0 0 0 0 0
99 8 0 0 0 0 0 0 0 0
101 8 0 0 0 0 0 0 0 0
102 16 0 0 0 0 0 0 0 0
104 8 1 1 0 0 0 0 0 0
105 8 0 0 0 0 0 0 0 0
fl=./elf/../sysdeps/generic/dl-protected.h
fn=do_lookup_x
29 12 0 0 0 0 0 0 0 0
fl=./elf/../sysdeps/generic/ldsodefs.h
fn=do_lookup_x
139 6 0 0 3 0 0 0 0 0
140 9 0 0 0 0 0 0 0 0
fl=./elf/../sysdeps/x86_64/dl-machine.h
fn=_dl_fixup
234 3 0 0 0 0 0 3 0 0
fl=./elf/../sysdeps/x86_64/dl-runtime.h
fn=_dl_fixup
28 3 0 0 0 0 0 0 0 0
fl=./elf/../sysdeps/x86_64/dl-trampoline.h
fn=_dl_runtime_resolve_xsave
71 3 1 1 0 0 0 0 0 0
76 3 0 0 0 0 0 3 0 0
79 3 0 0 0 0 0 0 0 0
81 3 0 0 0 0 0 0 0 0
91 3 0 0 3 1 1 0 0 0
97 3 0 0 0 0 0 3 1 1
98 3 0 0 0 0 0 3 0 0
99 3 1 1 0 0 0 3 0 0
100 3 0 0 0 0 0 3 0 0
101 3 0 0 0 0 0 3 0 0
102 3 0 0 0 0 0 3 0 0
103 3 0 0 0 0 0 3 0 0
107 3 0 0 0 0 0 0 0 0
108 3 0 0 0 0 0 0 0 0
111 3 0 0 0 0 0 3 1 1
112 3 0 0 0 0 0 3 0 0
114 3 0 0 0 0 0 3 0 0
115 3 0 0 0 0 0 3 0 0
116 3 1 1 0 0 0 3 0 0
117 3 0 0 0 0 0 3 0 0
118 3 0 0 0 0 0 3 0 0
119 3 0 0 0 0 0 3 0 0
121 3 0 0 3 0 0 99 6 6
128 3 0 0 3 0 0 0 0 0
129 3 0 0 3 0 0 0 0 0
130 3 0 0 0 0 0 3 1 1
131 3 0 0 0 0 0 0 0 0
136 3 0 0 0 0 0 0 0 0
137 3 0 0 0 0 0 0 0 0
138 3 0 0 108 0 0 0 0 0
140 3 1 1 3 0 0 0 0 0
141 3 0 0 3 0 0 0 0 0
142 3 0 0 3 0 0 0 0 0
143 3 0 0 3 0 0 0 0 0
144 3 0 0 3 0 0 0 0 0
145 3 0 0 3 0 0 0 0 0
146 3 0 0 3 0 0 0 0 0
148 3 0 0 0 0 0 0 0 0
150 3 0 0 3 0 0 0 0 0
154 3 0 0 0 0 0 0 0 0
156 3 0 0 0 0 0 0 0 0
fl=./elf/./elf/dl-lookup.c
fn=_dl_lookup_symbol_x
772 39 2 2 0 0 0 27 3 3
774 6 0 0 0 0 0 3 0 0
775 12 0 0 0 0 0 3 0 0
778 3 0 0 3 1 1 0 0 0
782 8 0 0 1 0 0 0 0 0
785 6 1 1 3 0 0 0 0 0
787 6 0 0 6 0 0 0 0 0
791 42 0 0 0 0 0 9 0 0
792 51 2 2 21 0 0 21 1 1
797 15 0 0 6 0 0 0 0 0
816 3 0 0 0 0 0 3 0 0
820 6 0 0 3 0 0 0 0 0
821 21 0 0 3 0 0 0 0 0
828 3 0 0 3 0 0 0 0 0
856 12 1 1 3 0 0 0 0 0
870 9 0 0 3 2 2 0 0 0
873 6 0 0 3 0 0 0 0 0
890 12 0 0 3 0 0 0 0 0
892 27 1 1 21 0 0 0 0 0
fn=check_match
70 45 1 1 6 2 2 18 1 1
73 24 1 1 6 0 0 0 0 0
86 15 0 0 0 0 0 0 0 0
89 18 1 1 4 0 0 2 0 0
93 3 0 0 3 2 2 0 0 0
94 6 0 0 0 0 0 0 0 0
96 2 0 0 0 0 0 0 0 0
115 2 0 0 2 1 1 0 0 0
116 8 0 0 3 1 1 0 0 0
117 5 1 1 2 0 0 1 0 0
144 4 1 1 0 0 0 0 0 0
146 12 0 0 4 1 1 0 0 0
147 8 1 1 0 0 0 0 0 0
161 3 0 0 0 0 0 0 0 0
162 24 0 0 21 0 0 0 0 0
fn=do_lookup_x
347 42 2 2 6 0 0 30 2 2
348 3 0 0 3 1 1 0 0 0
353 3 0 0 0 0 0 0 0 0
354 3 0 0 3 0 0 0 0 0
358 30 1 1 30 9 9 0 0 0
361 30 0 0 0 0 0 0 0 0
365 36 0 0 3 0 0 0 0 0
386 30 1 1 15 6 6 0 0 0
390 30 0 0 15 1 1 0 0 0
396 45 0 0 15 6 6 0 0 0
400 15 0 0 0 0 0 15 0 0
401 15 0 0 0 0 0 15 0 0
404 75 0 0 45 12 12 0 0 0
405 45 1 1 30 5 5 0 0 0
408 15 0 0 15 0 0 0 0 0
409 30 0 0 0 0 0 0 0 0
411 15 0 0 15 9 9 0 0 0
412 9 0 0 0 0 0 3 0 0
413 30 0 0 30 0 0 0 0 0
415 21 1 1 3 0 0 6 0 0
416 60 0 0 30 0 0 0 0 0
419 105 0 0 15 0 0 0 0 0
422 6 0 0 6 3 3 0 0 0
423 9 1 1 3 0 0 0 0 0
424 6 0 0 0 0 0 0 0 0
426 6 0 0 3 0 0 0 0 0
429 25 1 1 5 3 3 0 0 0
431 9 0 0 3 0 0 0 0 0
432 75 2 2 21 0 0 39 2 2
433 6 0 0 0 0 0 0 0 0
436 9 0 0 0 0 0 0 0 0
439 6 0 0 0 0 0 0 0 0
461 24 1 1 18 0 0 0 0 0
476 6 1 1 0 0 0 0 0 0
483 16 0 0 3 0 0 0 0 0
487 6 1 1 2 1 1 0 0 0
499 6 0 0 3 0 0 3 0 0
500 3 0 0 0 0 0 3 0 0
501 3 0 0 0 0 0 0 0 0
518 36 0 0 0 0 0 0 0 0
522 24 0 0 21 0 0 0 0 0
fl=./elf/./elf/dl-runtime.c
fn=_dl_fixup
46 33 2 2 0 0 0 18 0 0
48 15 0 0 12 4 4 0 0 0
49 9 1 1 6 1 1 0 0 0
54 3 0 0 3 2 2 0 0 0
55 12 0 0 3 2 2 0 0 0
56 21 0 0 3 3 3 3 1 1
58 6 0 0 3 2 2 0 0 0
63 6 0 0 0 0 0 0 0 0
67 6 0 0 3 3 3 0 0 0
69 5 0 0 0 0 0 0 0 0
71 9 1 1 3 2 2 0 0 0
75 9 0 0 6 5 5 0 0 0
76 12 0 0 3 0 0 0 0 0
77 9 0 0 3 2 2 0 0 0
84 3 1 1 0 0 0 0 0 0
85 9 0 0 3 0 0 0 0 0
95 33 0 0 6 2 2 9 0 0
99 15 1 1 9 0 0 0 0 0
109 30 0 0 12 0 0 3 0 0
124 12 1 1 3 0 0 0 0 0
133 9 0 0 3 1 1 0 0 0
159 9 0 0 3 0 0 0 0 0
163 24 1 1 21 0 0 0 0 0
fl=./malloc/./malloc/arena.c
fn=free
153 63 0 0 0 0 0 0 0 0
fn=malloc
153 54 0 0 0 0 0 0 0 0
fl=./malloc/./malloc/malloc.c
fn=_int_free
1792 14 0 0 14 6 0 0 0 0
3163 14 1 1 7 0 0 7 0 0
3165 28 0 0 7 4 4 7 0 0
3166 7 0 0 0 0 0 7 0 0
3167 14 0 0 0 0 0 7 0 0
4495 147 1 1 0 0 0 84 3 0
4499 63 1 1 21 0 0 0 0 0
4505 84 0 0 0 0 0 0 0 0
4506 42 0 0 0 0 0 0 0 0
4510 105 0 0 0 0 0 0 0 0
4517 42 0 0 0 0 0 0 0 0
4518 126 1 1 63 6 0 0 0 0
4521 7 0 0 0 0 0 0 0 0
4527 21 0 0 14 1 1 0 0 0
4547 35 1 1 14 0 0 0 0 0
4550 7 0 0 0 0 0 0 0 0
4561 28 0 0 0 0 0 0 0 0
4637 28 0 0 14 0 0 0 0 0
4640 28 0 0 14 7 0 0 0 0
4643 28 1 1 0 0 0 0 0 0
4646 28 0 0 0 0 0 0 0 0
4658 112 1 1 91 0 0 0 0 0
fn=_int_free_maybe_consolidate
4770 154 2 1 14 6 0 98 0 0
4776 28 0 0 0 0 0 0 0 0
4778 16 0 0 4 0 0 0 0 0
4781 12 0 0 0 0 0 0 0 0
4784 20 2 2 12 4 0 0 0 0
4785 15 0 0 9 0 0 0 0 0
4798 142 1 1 117 0 0 0 0 0
fn=_int_free_merge_chunk
1992 42 0 0 14 0 0 0 0 0
4665 112 1 1 0 0 0 84 3 0
4666 14 0 0 0 0 0 0 0 0
4670 84 0 0 14 6 0 0 0 0
4673 56 1 1 14 6 0 0 0 0
4675 42 1 1 14 5 0 0 0 0
4678 42 0 0 14 2 0 0 0 0
4681 28 0 0 0 0 0 0 0 0
4682 28 0 0 0 0 0 0 0 0
4683 28 0 0 14 6 0 0 0 0
4689 28 1 1 14 0 0 0 0 0
4691 11 0 0 11 0 0 0 0 0
4692 11 0 0 0 0 0 0 0 0
4693 11 0 0 0 0 0 0 0 0
4694 44 0 0 11 6 0 0 0 0
4696 22 0 0 0 0 0 11 0 0
4701 42 0 0 0 0 0 0 0 0
4702 98 0 0 84 0 0 0 0 0
4714 28 0 0 14 0 0 0 0 0
4720 24 0 0 12 2 0 0 0 0
4721 2 1 1 0 0 0 1 0 0
4722 2 0 0 0 0 0 0 0 0
4724 11 0 0 11 0 0 0 0 0
4732 12 0 0 0 0 0 0 0 0
4733 48 1 1 12 0 0 0 0 0
4734 24 0 0 12 0 0 0 0 0
4736 12 0 0 0 0 0 12 0 0
4738 24 0 0 0 0 0 0 0 0
4740 36 1 1 0 0 0 12 1 0
4743 12 0 0 0 0 0 12 0 0
4744 12 0 0 0 0 0 12 0 0
4746 36 0 0 0 0 0 12 0 0
4747 12 0 0 0 0 0 12 0 0
4756 2 0 0 0 0 0 0 0 0
4757 6 0 0 0 0 0 2 0 0
4758 4 0 0 0 0 0 2 0 0
fn=_int_malloc
1326 54 0 0 0 0 0 0 0 0
1345 162 0 0 0 0 0 0 0 0
1794 27 1 1 27 0 0 0 0 0
1985 6 0 0 2 0 0 0 0 0
2008 4 0 0 1 0 0 0 0 0
2552 42 1 1 14 14 1 14 3 0
2553 1 1 1 0 0 0 1 0 0
2564 14 1 1 7 7 1 0 0 0
2565 18 0 0 12 0 0 0 0 0
2568 24 0 0 6 0 0 0 0 0
2576 36 0 0 6 0 0 12 3 0
2577 12 0 0 0 0 0 0 0 0
2589 4 0 0 1 0 0 1 0 0
2590 2 0 0 0 0 0 1 0 0
2599 12 1 1 3 0 0 0 0 0
2605 3 0 0 2 0 0 0 0 0
2608 3 1 1 0 0 0 0 0 0
2669 3 1 1 1 0 0 1 0 0
2677 2 0 0 1 0 0 0 0 0
2678 3 0 0 1 0 0 1 0 0
2691 3 1 1 1 0 0 0 0 0
2693 1 0 0 1 0 0 0 0 0
2699 5 0 0 1 0 0 1 0 0
2707 2 0 0 0 0 0 0 0 0
2709 4 2 2 0 0 0 2 1 0
2710 3 0 0 1 0 0 0 0 0
2711 1 0 0 0 0 0 0 0 0
2712 1 0 0 0 0 0 0 0 0
2715 2 0 0 0 0 0 0 0 0
2744 7 1 1 3 0 0 0 0 0
2746 2 1 1 0 0 0 1 0 0
2752 8 0 0 1 0 0 0 0 0
2753 6 0 0 1 0 0 1 0 0
2921 3 1 1 2 0 0 0 0 0
2922 1 0 0 0 0 0 1 0 0
2926 1 0 0 1 0 0 0 0 0
2930 5 1 1 2 0 0 0 0 0
2932 1 0 0 0 0 0 0 0 0
2933 1 0 0 0 0 0 0 0 0
2934 1 0 0 0 0 0 1 0 0
2935 7 0 0 0 0 0 1 0 0
2936 2 0 0 0 0 0 1 1 1
2938 1 0 0 0 0 0 0 0 0
3846 297 2 2 27 8 1 189 6 1
3887 54 0 0 0 0 0 0 0 0
3914 54 0 0 0 0 0 0 0 0
3916 12 0 0 0 0 0 0 0 0
3919 3 0 0 3 1 1 0 0 0
3921 6 0 0 0 0 0 0 0 0
3930 9 2 2 0 0 0 0 0 0
3977 48 1 1 0 0 0 0 0 0
3979 30 0 0 0 0 0 0 0 0
3980 14 1 1 0 0 0 0 0 0
3982 21 0 0 7 6 6 0 0 0
4039 347 1 1 0 0 0 0 0 0
4040 60 0 0 20 7 0 0 0 0
4058 81 1 1 27 0 0 0 0 0
4059 81 0 0 0 0 0 27 5 0
4060 81 1 1 54 0 0 0 0 0
4069 24 0 0 0 0 0 12 0 0
4070 181 1 1 41 8 1 27 0 0
4072 14 0 0 14 0 0 0 0 0
4073 28 0 0 14 4 0 0 0 0
4074 14 0 0 0 0 0 0 0 0
4076 28 0 0 0 0 0 0 0 0
4077 42 1 1 14 2 0 0 0 0
4079 14 0 0 14 2 0 0 0 0
4080 56 0 0 0 0 0 0 0 0
4082 56 0 0 14 0 0 0 0 0
4084 28 1 1 14 1 0 0 0 0
4085 28 0 0 14 0 0 0 0 0
4087 28 0 0 0 0 0 0 0 0
4098 56 0 0 0 0 0 0 0 0
4127 14 0 0 0 0 0 14 0 0
4128 14 0 0 0 0 0 14 0 0
4132 28 0 0 0 0 0 0 0 0
4161 29 2 2 0 0 0 0 0 0
4163 2 0 0 0 0 0 1 0 0
4164 4 0 0 0 0 0 0 0 0
4165 1 0 0 1 0 0 0 0 0
4169 212 4 4 0 0 0 13 0 0
4170 39 1 1 0 0 0 0 0 0
4171 13 0 0 13 8 2 0 0 0
4174 26 0 0 0 0 0 0 0 0
4218 52 0 0 0 0 0 13 1 0
4221 98 2 2 28 5 0 0 0 0
4222 14 0 0 0 0 0 14 0 0
4223 14 0 0 0 0 0 14 0 0
4224 14 0 0 0 0 0 14 0 0
4225 14 0 0 0 0 0 14 0 0
4230 28 0 0 28 0 0 0 0 0
4231 28 0 0 0 0 0 0 0 0
4240 56 1 1 28 0 0 0 0 0
4246 24 0 0 0 0 0 0 0 0
4257 81 1 1 0 0 0 0 0 0
4259 80 0 0 0 0 0 0 0 0
4262 60 0 0 20 13 6 0 0 0
4263 29 1 1 2 0 0 0 0 0
4266 2 0 0 2 0 0 0 0 0
4267 12 0 0 2 0 0 0 0 0
4273 4 1 1 2 0 0 0 0 0
4278 6 0 0 0 0 0 2 0 0
4279 6 0 0 0 0 0 4 0 0
4282 8 0 0 4 0 0 0 0 0
4291 2 0 0 0 0 0 0 0 0
4295 8 1 1 2 0 0 0 0 0
4296 4 0 0 2 0 0 0 0 0
4299 2 0 0 0 0 0 2 1 0
4300 2 0 0 0 0 0 2 0 0
4301 2 0 0 0 0 0 2 0 0
4302 4 0 0 0 0 0 0 0 0
4304 2 0 0 0 0 0 1 1 0
4307 16 1 1 0 0 0 2 0 0
4309 6 0 0 0 0 0 2 0 0
4310 2 0 0 0 0 0 2 0 0
4313 2 0 0 0 0 0 0 0 0
4330 25 0 0 0 0 0 0 0 0
4331 50 0 0 0 0 0 0 0 0
4332 50 0 0 0 0 0 0 0 0
4333 50 0 0 25 4 1 0 0 0
4334 150 0 0 0 0 0 0 0 0
4339 98 1 1 0 0 0 0 0 0
4343 124 1 1 0 0 0 0 0 0
4346 80 1 1 20 0 0 0 0 0
4353 6 0 0 0 0 0 0 0 0
4355 1 0 0 0 0 0 0 0 0
4357 2 0 0 0 0 0 0 0 0
4361 2 0 0 2 0 0 0 0 0
4364 4 0 0 0 0 0 0 0 0
4373 8 1 1 2 0 0 0 0 0
4376 4 0 0 0 0 0 0 0 0
4378 6 1 1 0 0 0 2 0 0
4381 6 0 0 0 0 0 4 0 0
4384 8 0 0 4 0 0 0 0 0
4394 2 0 0 0 0 0 0 0 0
4399 8 0 0 2 0 0 0 0 0
4400 4 1 1 2 0 0 0 0 0
4403 2 0 0 0 0 0 2 1 0
4404 2 0 0 0 0 0 2 0 0
4405 2 0 0 0 0 0 2 0 0
4408 4 0 0 0 0 0 0 0 0
4410 4 0 0 0 0 0 0 0 0
4412 4 0 0 0 0 0 2 0 0
4415 16 1 1 0 0 0 2 0 0
4417 6 0 0 0 0 0 2 0 0
4418 2 0 0 0 0 0 2 0 0
4421 2 0 0 0 0 0 0 0 0
4443 23 1 1 23 0 0 0 0 0
4444 46 0 0 23 7 1 0 0 0
4446 46 0 0 23 6 1 0 0 0
4449 69 0 0 0 0 0 0 0 0
4451 16 0 0 0 0 0 0 0 0
4452 32 1 1 0 0 0 0 0 0
4453 16 0 0 0 0 0 16 0 0
4454 128 1 1 0 0 0 16 0 0
4456 32 0 0 0 0 0 16 15 15
4459 36 0 0 0 0 0 0 0 0
4460 75 0 0 0 0 0 25 3 2
4461 25 0 0 0 0 0 0 0 0
4466 28 0 0 7 0 0 7 0 0
4482 13 0 0 0 0 0 0 0 0
4487 324 3 2 243 0 0 0 0 0
fn=alloc_perturb
1985 75 1 1 25 0 0 0 0 0
1987 25 0 0 25 0 0 0 0 0
fn=free
3359 175 2 2 0 0 0 100 5 0
3363 50 0 0 0 0 0 0 0 0
3371 50 0 0 50 22 2 0 0 0
3373 25 0 0 0 0 0 0 0 0
3375 75 0 0 25 10 0 0 0 0
3379 12 1 1 4 4 0 0 0 0
3381 16 0 0 4 4 0 0 0 0
3383 4 0 0 0 0 0 2 0 0
3384 4 0 0 0 0 0 2 0 0
3385 2 0 0 0 0 0 0 0 0
3388 8 0 0 0 0 0 4 0 0
3392 63 0 0 42 12 0 0 0 0
3398 63 1 1 0 0 0 21 0 0
3401 25 0 0 0 0 0 25 0 0
3402 150 1 1 125 0 0 0 0 0
fn=malloc
1326 54 0 0 0 0 0 0 0 0
1345 135 1 1 0 0 0 0 0 0
3294 216 1 1 0 0 0 108 4 0
3301 54 0 0 27 10 1 0 0 0
3311 54 0 0 0 0 0 0 0 0
3313 108 0 0 54 17 2 0 0 0
3316 54 0 0 27 9 1 0 0 0
3318 21 1 1 7 3 3 0 0 0
3326 54 1 1 27 11 1 0 0 0
3328 108 1 1 0 0 0 27 4 1
3329 135 1 1 27 0 0 0 0 0
3354 162 1 1 135 0 0 0 0 0
fn=munmap_chunk
3024 8 1 1 0 0 0 4 0 0
3025 8 0 0 8 8 0 0 0 0
3026 12 0 0 4 0 0 0 0 0
3028 8 0 0 0 0 0 0 0 0
3030 4 0 0 0 0 0 0 0 0
3031 12 0 0 4 0 0 0 0 0
3032 4 0 0 0 0 0 0 0 0
3038 16 0 0 0 0 0 0 0 0
3039 20 1 1 0 0 0 0 0 0
3042 4 0 0 8 0 0 0 0 0
3043 12 0 0 8 0 0 0 0 0
3048 8 0 0 0 0 0 0 0 0
3049 4 0 0 4 0 0 0 0 0
fn=sysmalloc_mmap.isra.0
2008 24 0 0 6 0 0 0 0 0
2400 36 1 1 0 0 0 24 3 0
2413 18 0 0 0 0 0 0 0 0
2418 12 0 0 0 0 0 0 0 0
2421 60 1 1 0 0 0 6 0 0
2424 12 1 1 0 0 0 0 0 0
2428 12 0 0 0 0 0 0 0 0
2432 24 0 0 0 0 0 6 0 0
2448 18 0 0 0 0 0 0 0 0
2466 6 0 0 0 0 0 6 6 5
2467 18 1 1 0 0 0 6 0 0
2471 18 0 0 12 0 0 0 0 0
2472 24 0 0 9 0 0 0 0 0
2475 18 1 1 12 0 0 0 0 0
2476 30 0 0 12 0 0 0 0 0
2481 42 0 0 30 0 0 0 0 0
fn=systrim.constprop.0
2957 18 1 1 0 0 0 12 0 0
2966 9 0 0 6 0 0 0 0 0
2968 3 0 0 0 0 0 0 0 0
2969 6 0 0 0 0 0 0 0 0
2970 1 0 0 0 0 0 0 0 0
2974 9 0 0 3 0 0 0 0 0
2975 3 0 0 0 0 0 0 0 0
2978 15 1 1 6 6 0 0 0 0
2980 6 0 0 0 0 0 0 0 0
2987 6 0 0 0 0 0 2 0 0
2988 8 0 0 2 0 0 0 0 0
3000 6 1 1 0 0 0 2 0 0
3001 4 0 0 0 0 0 2 0 0
3003 2 0 0 0 0 0 0 0 0
3005 4 0 0 0 0 0 0 0 0
3009 4 0 0 0 0 0 0 0 0
3012 2 0 0 2 0 0 0 0 0
3013 8 0 0 2 0 0 2 0 0
3015 4 0 0 0 0 0 0 0 0
3020 18 0 0 15 0 0 0 0 0
fn=unlink_chunk.isra.0
1608 32 1 1 0 0 0 16 0 0
1610 80 0 0 32 0 0 0 0 0
1613 32 0 0 32 0 0 0 0 0
1614 32 0 0 16 0 0 0 0 0
1616 64 2 1 32 5 0 0 0 0
1619 16 0 0 0 0 0 16 0 0
1620 16 0 0 0 0 0 16 0 0
1621 77 0 0 15 1 0 0 0 0
1623 26 0 0 13 0 0 0 0 0
1624 39 0 0 26 0 0 0 0 0
1627 26 0 0 13 2 2 0 0 0
1641 13 0 0 0 0 0 13 0 0
1642 13 1 1 0 0 0 13 0 0
1645 32 0 0 32 0 0 0 0 0
fl=./malloc/./malloc/morecore.c
fn=__glibc_morecore
25 21 1 1 0 0 0 7 0 0
26 14 0 0 7 0 0 0 0 0
29 7 0 0 0 0 0 7 0 0
30 14 0 0 0 0 0 0 0 0
34 14 0 0 14 0 0 0 0 0
fl=./misc/../sysdeps/unix/syscall-template.S
fn=munmap
117 20 2 2 0 0 0 0 0 0
122 4 0 0 4 0 0 0 0 0
fl=./misc/../sysdeps/unix/sysv/linux/brk.c
fn=brk
36 3 1 1 0 0 0 0 0 0
37 6 0 0 3 0 0 3 0 0
38 6 0 0 0 0 0 0 0 0
44 3 0 0 0 0 0 0 0 0
45 3 0 0 3 0 0 0 0 0
fl=./misc/../sysdeps/unix/sysv/linux/brk_call.h
fn=brk
24 6 0 0 0 0 0 0 0 0
fl=./misc/../sysdeps/unix/sysv/linux/mmap64.c
fn=mmap
47 42 1 1 0 0 0 18 3 0
50 12 0 0 0 0 0 0 0 0
53 42 1 1 0 0 0 0 0 0
58 36 1 1 0 0 0 0 0 0
60 24 0 0 24 0 0 0 0 0
fl=./misc/../sysdeps/unix/sysv/linux/setvmaname.c
fn=__set_vma_name
33 42 2 2 0 0 0 24 0 0
35 30 0 0 12 6 1 6 3 0
49 54 0 0 42 0 0 0 0 0
fl=./misc/./misc/sbrk.c
fn=sbrk
37 56 1 1 0 0 0 28 1 0
40 14 0 0 14 6 2 0 0 0
43 14 3 1 7 3 1 0 0 0
58 14 0 0 0 0 0 0 0 0
62 14 0 0 0 0 0 0 0 0
66 12 1 1 0 0 0 0 0 0
68 4 0 0 0 0 0 0 0 0
74 9 1 1 0 0 0 3 2 0
78 49 0 0 35 0 0 0 0 0
fl=./string/../sysdeps/x86_64/multiarch/../multiarch/strcmp-sse2.S
fn=strcmp
98 3 1 1 0 0 0 0 0 0
131 3 0 0 0 0 0 0 0 0
132 3 0 0 0 0 0 0 0 0
134 3 0 0 0 0 0 0 0 0
135 3 0 0 0 0 0 0 0 0
156 3 0 0 0 0 0 0 0 0
157 3 0 0 0 0 0 0 0 0
158 3 0 0 0 0 0 0 0 0
159 3 0 0 0 0 0 0 0 0
160 2 0 0 2 2 2 0 0 0
161 2 1 1 2 1 1 0 0 0
162 2 0 0 2 0 0 0 0 0
163 2 0 0 2 0 0 0 0 0
180 2 0 0 0 0 0 0 0 0
181 2 0 0 0 0 0 0 0 0
182 2 0 0 0 0 0 0 0 0
183 2 0 0 0 0 0 0 0 0
184 2 0 0 0 0 0 0 0 0
185 2 0 0 0 0 0 0 0 0
186 2 0 0 0 0 0 0 0 0
201 1 1 1 0 0 0 0 0 0
202 1 0 0 0 0 0 0 0 0
203 1 0 0 0 0 0 0 0 0
204 1 0 0 0 0 0 0 0 0
205 1 0 0 0 0 0 0 0 0
206 1 0 0 0 0 0 0 0 0
207 1 0 0 0 0 0 0 0 0
208 1 0 0 0 0 0 0 0 0
229 1 1 1 1 0 0 0 0 0
230 1 0 0 0 0 0 0 0 0
231 1 0 0 0 0 0 0 0 0
233 1 0 0 1 1 1 0 0 0
239 1 0 0 0 0 0 0 0 0
240 1 0 0 0 0 0 0 0 0
241 1 0 0 0 0 0 0 0 0
242 1 0 0 0 0 0 0 0 0
243 1 0 0 0 0 0 0 0 0
248 1 0 0 0 0 0 0 0 0
250 1 0 0 0 0 0 0 0 0
251 1 0 0 0 0 0 0 0 0
252 2 0 0 0 0 0 0 0 0
260 1 1 1 1 0 0 0 0 0
261 1 0 0 1 1 1 0 0 0
264 1 0 0 0 0 0 0 0 0
265 1 0 0 0 0 0 0 0 0
266 1 0 0 0 0 0 0 0 0
267 1 0 0 0 0 0 0 0 0
268 1 0 0 0 0 0 0 0 0
269 1 0 0 0 0 0 0 0 0
2093 1 1 1 0 0 0 0 0 0
2095 1 0 0 0 0 0 0 0 0
2096 1 0 0 0 0 0 0 0 0
2097 1 0 0 0 0 0 0 0 0
2098 1 0 0 0 0 0 0 0 0
2104 3 1 1 0 0 0 0 0 0
2110 3 0 0 3 0 0 0 0 0
2111 3 0 0 3 0 0 0 0 0
2119 3 0 0 0 0 0 0 0 0
2120 3 0 0 3 0 0 0 0 0
fl=./string/../sysdeps/x86_64/multiarch/memmove-vec-unaligned-erms.S
fn=__memcpy_avx_unaligned_erms
255 16 1 1 0 0 0 0 0 0
256 16 0 0 0 0 0 0 0 0
262 16 0 0 0 0 0 0 0 0
263 16 0 0 0 0 0 0 0 0
265 14 0 0 14 6 0 0 0 0
266 14 0 0 0 0 0 0 0 0
267 14 0 0 0 0 0 0 0 0
270 1 0 0 1 0 0 0 0 0
271 1 0 0 0 0 0 1 0 0
272 1 0 0 0 0 0 1 0 0
275 2 0 0 1 0 0 0 0 0
305 2 0 0 0 0 0 0 0 0
306 2 0 0 0 0 0 0 0 0
308 1 0 0 0 0 0 0 0 0
309 1 0 0 0 0 0 0 0 0
311 1 0 0 0 0 0 0 0 0
315 1 0 0 0 0 0 0 0 0
316 1 1 1 0 0 0 0 0 0
317 1 0 0 0 0 0 0 0 0
325 1 0 0 1 0 0 0 0 0
342 1 0 0 1 0 0 0 0 0
343 1 0 0 1 0 0 0 0 0
344 1 0 0 0 0 0 1 0 0
345 1 0 0 0 0 0 1 0 0
347 1 0 0 1 0 0 0 0 0
375 1 1 1 1 0 0 0 0 0
376 1 0 0 1 0 0 0 0 0
377 1 0 0 0 0 0 1 0 0
378 1 0 0 0 0 0 1 1 1
379 1 0 0 0 0 0 1 0 0
380 1 0 0 0 0 0 1 0 0
381 2 0 0 1 0 0 0 0 0
386 13 3 1 13 7 1 0 0 0
387 13 0 0 0 0 0 0 0 0
392 7 0 0 0 0 0 0 0 0
393 7 0 0 0 0 0 0 0 0
395 2 0 0 2 0 0 0 0 0
396 2 0 0 0 0 0 0 0 0
397 2 0 0 0 0 0 0 0 0
399 1 0 0 1 0 0 0 0 0
400 1 0 0 1 0 0 0 0 0
401 1 0 0 1 0 0 0 0 0
402 1 0 0 1 0 0 0 0 0
403 1 0 0 1 0 0 0 0 0
404 1 1 1 1 0 0 0 0 0
405 1 0 0 0 0 0 1 1 1
406 1 0 0 0 0 0 1 0 0
407 1 0 0 0 0 0 1 1 1
408 1 0 0 0 0 0 1 0 0
409 1 0 0 0 0 0 1 0 0
410 1 0 0 0 0 0 1 0 0
411 1 0 0 0 0 0 1 0 0
412 1 0 0 0 0 0 1 0 0
413 2 0 0 1 0 0 0 0 0
417 5 0 0 0 0 0 0 0 0
418 5 0 0 0 0 0 0 0 0
422 5 0 0 0 0 0 0 0 0
424 5 1 1 0 0 0 0 0 0
428 5 0 0 5 2 1 0 0 0
429 5 0 0 0 0 0 0 0 0
440 5 0 0 0 0 0 0 0 0
443 5 0 0 0 0 0 0 0 0
445 5 0 0 0 0 0 0 0 0
447 5 0 0 0 0 0 0 0 0
451 5 0 0 0 0 0 0 0 0
452 5 0 0 0 0 0 0 0 0
461 5 0 0 5 0 0 0 0 0
462 5 0 0 5 0 0 0 0 0
464 5 0 0 0 0 0 0 0 0
466 5 0 0 0 0 0 0 0 0
467 5 1 1 5 0 0 0 0 0
468 5 0 0 5 0 0 0 0 0
471 5 0 0 0 0 0 0 0 0
473 5 0 0 0 0 0 0 0 0
475 5 0 0 0 0 0 0 0 0
477 10 0 0 0 0 0 0 0 0
483 88 0 0 88 1 0 0 0 0
484 88 0 0 88 0 0 0 0 0
485 88 0 0 88 2 0 0 0 0
486 88 0 0 88 0 0 0 0 0
487 88 0 0 0 0 0 0 0 0
488 88 0 0 0 0 0 88 8 7
489 88 0 0 0 0 0 88 13 13
490 88 1 1 0 0 0 88 7 5
491 88 0 0 0 0 0 88 14 14
492 88 0 0 0 0 0 0 0 0
493 88 0 0 0 0 0 0 0 0
494 88 0 0 0 0 0 0 0 0
496 5 0 0 0 0 0 5 2 2
497 5 0 0 0 0 0 5 1 1
498 5 0 0 0 0 0 5 0 0
499 5 0 0 0 0 0 5 0 0
501 5 0 0 0 0 0 5 0 0
505 10 0 0 5 0 0 0 0 0
563 6 1 1 6 4 0 0 0 0
570 6 0 0 0 0 0 0 0 0
571 6 0 0 0 0 0 0 0 0
577 3 0 0 0 0 0 0 0 0
580 3 0 0 0 0 0 0 0 0
582 3 0 0 0 0 0 0 0 0
585 3 0 0 0 0 0 0 0 0
586 3 0 0 0 0 0 0 0 0
588 3 0 0 0 0 0 0 0 0
590 638835 0 0 638832 9949 0 638832 9984 3239
592 3 0 0 0 0 0 3 2 0
594 3 0 0 0 0 0 3 3 0
596 6 0 0 3 3 0 0 0 0
601 6 1 1 0 0 0 0 0 0
602 6 0 0 0 0 0 0 0 0
606 6 0 0 0 0 0 0 0 0
608 6 0 0 0 0 0 0 0 0
611 6 0 0 0 0 0 0 0 0
615 6 0 0 6 6 0 0 0 0
616 6 0 0 0 0 0 0 0 0
620 6 0 0 6 0 0 0 0 0
624 6 0 0 0 0 0 0 0 0
648 3 0 0 0 0 0 0 0 0
650 3 0 0 0 0 0 0 0 0
652 3 0 0 0 0 0 0 0 0
654 3 1 1 0 0 0 0 0 0
657 3 0 0 0 0 0 0 0 0
658 3 0 0 0 0 0 0 0 0
660 135075 0 0 135072 2033 0 135072 2111 1732
663 3 0 0 0 0 0 3 2 0
665 3 0 0 0 0 0 3 1 0
667 6 0 0 3 2 0 0 0 0
fl=./string/../sysdeps/x86_64/multiarch/memset-vec-unaligned-erms.S
fn=__memset_avx2_unaligned_erms
158 11 1 1 0 0 0 0 0 0
159 22 0 0 0 0 0 0 0 0
164 11 0 0 0 0 0 0 0 0
165 11 0 0 0 0 0 0 0 0
166 11 0 0 0 0 0 0 0 0
167 11 0 0 0 0 0 0 0 0
168 11 0 0 0 0 0 0 0 0
170 2 0 0 0 0 0 2 2 2
171 2 0 0 0 0 0 2 0 0
172 4 0 0 2 0 0 0 0 0
181 1 0 0 0 0 0 1 0 0
182 1 0 0 0 0 0 1 0 0
184 2 0 0 1 0 0 0 0 0
237 9 1 1 9 5 0 0 0 0
238 9 0 0 0 0 0 0 0 0
244 5 0 0 0 0 0 5 5 5
245 5 0 0 0 0 0 5 2 2
257 5 0 0 0 0 0 0 0 0
260 5 0 0 0 0 0 0 0 0
261 5 0 0 0 0 0 0 0 0
273 4 0 0 0 0 0 4 3 3
274 4 0 0 0 0 0 4 1 1
287 4 0 0 0 0 0 0 0 0
288 4 0 0 0 0 0 0 0 0
290 4 0 0 0 0 0 0 0 0
293 3 0 0 0 0 0 0 0 0
296 3 0 0 0 0 0 0 0 0
299 24 0 0 0 0 0 24 8 8
300 24 0 0 0 0 0 24 15 15
301 24 0 0 0 0 0 24 9 9
302 24 0 0 0 0 0 24 15 15
303 24 0 0 0 0 0 0 0 0
304 24 0 0 0 0 0 0 0 0
305 27 0 0 0 0 0 0 0 0
308 4 1 1 0 0 0 4 2 2
309 4 0 0 0 0 0 4 0 0
310 4 0 0 0 0 0 4 2 2
311 4 0 0 0 0 0 4 0 0
314 8 0 0 4 0 0 0 0 0
325 4 1 1 0 0 0 0 0 0
326 4 0 0 0 0 0 0 0 0
327 4 0 0 0 0 0 0 0 0
328 61444 0 0 0 0 0 61440 963 963
329 4 0 0 0 0 0 0 0 0
330 8 0 0 4 0 0 0 0 0
fl=/home/wang/git-repositories/vcpkg/installed/x64-linux-clang-libcxx/include/boost/container_hash/hash.hpp
fn=unsigned int lob::v3::BookT<lob::ChecksumSink, 16u>::match<(lob::Side)0>(unsigned long, long, unsigned int)
538 16790 0 0 16790 0 0 0 0 0
fn=unsigned int lob::v3::BookT<lob::ChecksumSink, 16u>::match<(lob::Side)1>(unsigned long, long, unsigned int)
538 16646 2 1 16646 0 0 0 0 0
fl=/home/wang/git-repositories/vcpkg/installed/x64-linux-clang-libcxx/include/boost/unordered/detail/foa/core.hpp
fn=(anonymous namespace)::cmd_replay((anonymous namespace)::Args const&)
0 2841642 1 1 943482 0 0 0 0 0
271 1900542 0 0 0 0 0 0 0 0
272 1385188 0 0 0 0 0 0 0 0
279 2761572 1 1 1380786 1 1 0 0 0
336 950271 1 1 950271 738286 1 0 0 0
404 861030 0 0 0 0 0 0 0 0
849 6604374 1 1 2830446 494 30 0 0 0
881 6789 0 0 0 0 0 0 0 0
882 20367 0 0 0 0 0 0 0 0
883 6789 0 0 0 0 0 0 0 0
927 873280 0 0 0 0 0 0 0 0
1727 1900542 0 0 0 0 0 0 0 0
1729 950271 0 0 0 0 0 0 0 0
1732 869834 0 0 0 0 0 0 0 0
1733 434917 0 0 0 0 0 0 0 0
1737 1305519 1 1 0 0 0 0 0 0
1743 12250 0 0 0 0 0 0 0 0
1745 519756 0 0 0 0 0 0 0 0
1750 6789 0 0 0 0 0 0 0 0
1955 943482 1 1 943482 1 1 0 0 0
2266 3013605 1 1 861030 0 0 430515 0 0
fn=_ZN5boost9unordered6detail3foa10table_coreINS2_14flat_map_typesImN3lob2v35BookTINS5_12ChecksumSinkELj16EE3LocEEENS2_7group15INS2_14plain_integralEEENS2_12table_arraysENS2_18plain_size_controlENS_4hashImEENSt3__18equal_toImEENSJ_9allocatorINSJ_4pairIKmSA_EEEEE22for_all_elements_whileIZNSR_22for_all_elements_whileIZNSR_16for_all_elementsIZNSR_16unchecked_rehashERNSF_ISP_SE_NS2_16pow2_size_policyESQ_EEEUlPSP_E_EEDTcmclfL1p0_LDnEEcvv_EERKSW_T_EUlSY_E_EES10_S12_S13_EUlPSE_jSY_E_EEDTcmclfp0_LDnELi0ELDnEEcvv_EES12_S13_
0 26946 0 0 26846 5 0 60 0 0
296 57664 1 1 28832 1369 0 0 0 0
297 26786 0 0 0 0 0 0 0 0
313 2046 0 0 0 0 0 0 0 0
389 53572 0 0 26786 5 0 0 0 0
849 26786 0 0 0 0 0 0 0 0
927 80358 1 1 0 0 0 0 0 0
1033 11 1 1 11 0 0 0 0 0
1034 10 0 0 10 0 0 0 0 0
1955 26786 0 0 26786 0 0 0 0 0
1961 12276 0 0 0 0 0 0 0 0
2032 26786 0 0 26786 0 0 0 0 0
2063 22 0 0 0 0 0 0 0 0
2064 2076 0 0 10 0 0 0 0 0
2065 4092 0 0 0 0 0 0 0 0
2067 59710 0 0 0 0 0 0 0 0
2069 53572 0 0 0 0 0 0 0 0
2075 22 1 1 11 0 0 0 0 0
2292 53572 0 0 53572 0 0 0 0 0
2350 26786 0 0 26786 0 0 0 0 0
2373 107144 1 1 0 0 0 0 0 0
2375 26786 0 0 0 0 0 0 0 0
2377 107144 0 0 26786 0 0 0 0 0
fn=boost::unordered::detail::foa::table_core<boost::unordered::detail::foa::flat_map_types<unsigned long, lob::v3::BookT<lob::ChecksumSink, 16u>::Loc>, boost::unordered::detail::foa::group15<boost::unordered::detail::foa::plain_integral>, boost::unordered::detail::foa::table_arrays, boost::unordered::detail::foa::plain_size_control, boost::hash<unsigned long>, std::__1::equal_to<unsigned long>, std::__1::allocator<std::__1::pair<unsigned long const, lob::v3::BookT<lob::ChecksumSink, 16u>::Loc> > >::unchecked_rehash(boost::unordered::detail::foa::table_arrays<std::__1::pair<unsigned long const, lob::v3::BookT<lob::ChecksumSink, 16u>::Loc>, boost::unordered::detail::foa::group15<boost::unordered::detail::foa::plain_integral>, boost::unordered::detail::foa::pow2_size_policy, std::__1::allocator<std::__1::pair<unsigned long const, lob::v3::BookT<lob::ChecksumSink, 16u>::Loc> > >&)
0 44 0 0 0 0 0 11 0 0
1033 22 0 0 22 5 0 0 0 0
1096 22 0 0 0 0 0 0 0 0
1108 20 0 0 10 0 0 0 0 0
1563 132 1 1 22 6 0 0 0 0
1811 55 0 0 11 0 0 0 0 0
2025 55 1 1 0 0 0 33 0 0
2054 11 0 0 0 0 0 11 0 0
2288 55 1 1 0 0 0 22 0 0
2289 11 0 0 0 0 0 11 0 0
2320 22 1 1 11 0 0 11 0 0
2321 11 0 0 0 0 0 11 5 0
2322 55 0 0 33 0 0 0 0 0
fn=boost::unordered::detail::foa::table_locator<boost::unordered::detail::foa::group15<boost::unordered::detail::foa::plain_integral>, std::__1::pair<unsigned long const, lob::v3::BookT<lob::ChecksumSink, 16u>::Loc> > boost::unordered::detail::foa::table_core<boost::unordered::detail::foa::flat_map_types<unsigned long, lob::v3::BookT<lob::ChecksumSink, 16u>::Loc>, boost::unordered::detail::foa::group15<boost::unordered::detail::foa::plain_integral>, boost::unordered::detail::foa::table_arrays, boost::unordered::detail::foa::plain_size_control, boost::hash<unsigned long>, std::__1::equal_to<unsigned long>, std::__1::allocator<std::__1::pair<unsigned long const, lob::v3::BookT<lob::ChecksumSink, 16u>::Loc> > >::unchecked_emplace_with_rehash<boost::unordered::detail::foa::try_emplace_args_t, unsigned long&, lob::v3::BookT<lob::ChecksumSink, 16u>::Loc>(unsigned long, boost::unordered::detail::foa::try_emplace_args_t&&, unsigned long&, lob::v3::BookT<lob::ChecksumSink, 16u>::Loc&&)
0 198 1 1 33 0 0 11 0 0
296 22 0 0 11 0 0 0 0 0
297 22 1 1 0 0 0 0 0 0
389 33 0 0 11 0 0 0 0 0
837 44 0 0 0 0 0 0 0 0
842 22 0 0 0 0 0 0 0 0
849 11 0 0 0 0 0 0 0 0
859 22 1 1 0 0 0 0 0 0
927 22 0 0 0 0 0 0 0 0
1031 44 1 1 0 0 0 44 4 0
1051 22 0 0 0 0 0 11 0 0
1057 44 0 0 0 0 0 0 0 0
1058 33 0 0 0 0 0 0 0 0
1059 11 0 0 0 0 0 0 0 0
1066 11 0 0 0 0 0 0 0 0
1073 22 0 0 0 0 0 0 0 0
1085 11 0 0 0 0 0 0 0 0
1108 11 0 0 0 0 0 0 0 0
1125 33 1 1 0 0 0 11 0 0
1126 11 0 0 0 0 0 0 0 0
1689 11 0 0 11 0 0 0 0 0
1983 110 1 1 0 0 0 66 0 0
1988 44 0 0 0 0 0 33 0 0
1999 22 0 0 0 0 0 11 0 0
2000 11 0 0 11 0 0 0 0 0
2002 99 1 1 77 5 0 0 0 0
2132 198 1 1 22 7 1 0 0 0
2373 22 0 0 0 0 0 0 0 0
2375 11 0 0 0 0 0 0 0 0
2377 55 0 0 0 0 0 0 0 0
fn=lob::v3::BookT<lob::ChecksumSink, 16u>::erase(boost::unordered::detail::foa::table_iterator<boost::unordered::detail::foa::flat_map_types<unsigned long, lob::v3::BookT<lob::ChecksumSink, 16u>::Loc>, boost::unordered::detail::foa::group15<boost::unordered::detail::foa::plain_integral>*, false>)
279 89760 0 0 44880 0 0 0 0 0
404 44880 1 1 0 0 0 0 0 0
2266 157080 0 0 44880 0 0 22440 0 0
fn=lob::v3::BookT<lob::ChecksumSink, 16u>::modify(unsigned long, long, unsigned int)
0 339999 1 1 56729 0 0 0 0 0
271 113130 0 0 0 0 0 0 0 0
272 113083 1 1 0 0 0 0 0 0
279 47 0 0 47 0 0 0 0 0
336 56565 0 0 56565 39498 0 0 0 0
849 395626 1 1 169554 23 2 0 0 0
881 47 0 0 0 0 0 0 0 0
882 141 0 0 0 0 0 0 0 0
883 47 0 0 0 0 0 0 0 0
927 113458 0 0 0 0 0 0 0 0
1727 113130 0 0 0 0 0 0 0 0
1729 56565 0 0 0 0 0 0 0 0
1732 113036 0 0 0 0 0 0 0 0
1733 113036 0 0 0 0 0 56518 0 0
1737 170187 0 0 0 0 0 0 0 0
1743 422 0 0 0 0 0 0 0 0
1745 47 0 0 0 0 0 0 0 0
1750 47 0 0 0 0 0 0 0 0
1955 56518 0 0 56518 0 0 0 0 0
fn=lob::v3::BookT<lob::ChecksumSink, 16u>::rest(unsigned long, lob::Side, long, unsigned int)
0 7641810 3 3 3034922 5 0 8664 0 0
271 1020388 0 0 0 0 0 0 0 0
272 514524 0 0 0 0 0 0 0 0
279 1020388 0 0 510194 5 0 0 0 0
296 1009856 0 0 504928 180 0 0 0 0
297 1008873 0 0 0 0 0 0 0 0
336 510194 0 0 510194 35 0 0 0 0
849 503956 0 0 0 0 0 0 0 0
881 6238 0 0 0 0 0 0 0 0
882 20680 0 0 0 0 0 0 0 0
883 6238 0 0 0 0 0 0 0 0
927 1016558 0 0 0 0 0 0 0 0
1727 1020388 1 1 0 0 0 0 0 0
1729 510194 0 0 0 0 0 0 0 0
1732 8660 0 0 0 0 0 0 0 0
1733 4330 0 0 0 0 0 0 0 0
1737 8668 0 0 0 0 0 0 0 0
1743 8668 0 0 0 0 0 0 0 0
1745 510194 0 0 0 0 0 0 0 0
1750 6238 0 0 0 0 0 0 0 0
1955 503956 1 1 503956 0 0 0 0 0
1970 503945 0 0 503945 0 0 0 0 0
2373 2019712 0 0 0 0 0 0 0 0
2375 506980 0 0 0 0 0 0 0 0
2377 2015780 0 0 0 0 0 0 0 0
fn=unsigned int lob::v3::BookT<lob::ChecksumSink, 16u>::match<(lob::Side)0>(unsigned long, long, unsigned int)
0 67255 0 0 16847 0 0 16809 0 0
271 33618 0 0 0 0 0 0 0 0
272 33599 1 1 0 0 0 0 0 0
279 67198 1 1 33599 0 0 0 0 0
336 16809 0 0 16809 11740 0 0 0 0
404 16790 0 0 0 0 0 0 0 0
849 134320 1 1 50370 4 0 16790 0 0
881 19 0 0 0 0 0 0 0 0
882 57 0 0 0 0 0 0 0 0
883 19 0 0 0 0 0 0 0 0
927 33762 0 0 0 0 0 0 0 0
1727 33618 0 0 0 0 0 0 0 0
1729 16809 0 0 0 0 0 0 0 0
1732 33580 0 0 0 0 0 0 0 0
1733 16790 0 0 0 0 0 0 0 0
1737 50643 0 0 0 0 0 0 0 0
1743 182 0 0 0 0 0 0 0 0
1745 19 0 0 0 0 0 0 0 0
1750 19 0 0 0 0 0 0 0 0
2266 117530 0 0 16790 0 0 16790 0 0
fn=unsigned int lob::v3::BookT<lob::ChecksumSink, 16u>::match<(lob::Side)1>(unsigned long, long, unsigned int)
0 66659 1 1 16691 0 0 16661 0 0
271 33322 0 0 0 0 0 0 0 0
272 33307 0 0 0 0 0 0 0 0
279 66614 0 0 33307 0 0 0 0 0
336 16661 0 0 16661 11756 0 0 0 0
404 16646 0 0 0 0 0 0 0 0
849 133168 0 0 49938 5 1 16646 0 0
881 15 0 0 0 0 0 0 0 0
882 45 0 0 0 0 0 0 0 0
883 15 0 0 0 0 0 0 0 0
927 33508 1 1 0 0 0 0 0 0
1727 33322 0 0 0 0 0 0 0 0
1729 16661 0 0 0 0 0 0 0 0
1732 33292 0 0 0 0 0 0 0 0
1733 16646 0 0 0 0 0 0 0 0
1737 50262 0 0 0 0 0 0 0 0
1743 216 0 0 0 0 0 0 0 0
1745 15 0 0 0 0 0 0 0 0
1750 15 0 0 0 0 0 0 0 0
2266 116522 1 1 16646 0 0 16646 0 0
fl=/home/wang/git-repositories/vcpkg/installed/x64-linux-clang-libcxx/include/boost/unordered/detail/foa/table.hpp
fn=(anonymous namespace)::cmd_replay((anonymous namespace)::Args const&)
40 430515 0 0 0 0 0 430515 0 0
fn=_ZN5boost9unordered6detail3foa10table_coreINS2_14flat_map_typesImN3lob2v35BookTINS5_12ChecksumSinkELj16EE3LocEEENS2_7group15INS2_14plain_integralEEENS2_12table_arraysENS2_18plain_size_controlENS_4hashImEENSt3__18equal_toImEENSJ_9allocatorINSJ_4pairIKmSA_EEEEE22for_all_elements_whileIZNSR_22for_all_elements_whileIZNSR_16for_all_elementsIZNSR_16unchecked_rehashERNSF_ISP_SE_NS2_16pow2_size_policyESQ_EEEUlPSP_E_EEDTcmclfL1p0_LDnEEcvv_EERKSW_T_EUlSY_E_EES10_S12_S13_EUlPSE_jSY_E_EEDTcmclfp0_LDnELi0ELDnEEcvv_EES12_S13_
40 26786 0 0 0 0 0 26786 0 0
fn=boost::unordered::detail::foa::table_locator<boost::unordered::detail::foa::group15<boost::unordered::detail::foa::plain_integral>, std::__1::pair<unsigned long const, lob::v3::BookT<lob::ChecksumSink, 16u>::Loc> > boost::unordered::detail::foa::table_core<boost::unordered::detail::foa::flat_map_types<unsigned long, lob::v3::BookT<lob::ChecksumSink, 16u>::Loc>, boost::unordered::detail::foa::group15<boost::unordered::detail::foa::plain_integral>, boost::unordered::detail::foa::table_arrays, boost::unordered::detail::foa::plain_size_control, boost::hash<unsigned long>, std::__1::equal_to<unsigned long>, std::__1::allocator<std::__1::pair<unsigned long const, lob::v3::BookT<lob::ChecksumSink, 16u>::Loc> > >::unchecked_emplace_with_rehash<boost::unordered::detail::foa::try_emplace_args_t, unsigned long&, lob::v3::BookT<lob::ChecksumSink, 16u>::Loc>(unsigned long, boost::unordered::detail::foa::try_emplace_args_t&&, unsigned long&, lob::v3::BookT<lob::ChecksumSink, 16u>::Loc&&)
0 33 0 0 11 0 0 11 0 0
40 22 0 0 0 0 0 22 0 0
fn=lob::v3::BookT<lob::ChecksumSink, 16u>::erase(boost::unordered::detail::foa::table_iterator<boost::unordered::detail::foa::flat_map_types<unsigned long, lob::v3::BookT<lob::ChecksumSink, 16u>::Loc>, boost::unordered::detail::foa::group15<boost::unordered::detail::foa::plain_integral>*, false>)
40 22440 0 0 0 0 0 22440 0 0
fn=lob::v3::BookT<lob::ChecksumSink, 16u>::rest(unsigned long, lob::Side, long, unsigned int)
0 22 0 0 11 0 0 0 0 0
40 503945 0 0 0 0 0 503945 0 0
46 983 0 0 983 0 0 0 0 0
640 1511868 1 1 1007912 5 0 0 0 0
650 33 0 0 0 0 0 11 0 0
fn=unsigned int lob::v3::BookT<lob::ChecksumSink, 16u>::match<(lob::Side)0>(unsigned long, long, unsigned int)
0 16790 0 0 16790 0 0 0 0 0
40 16790 0 0 0 0 0 16790 0 0
140 16790 1 1 0 0 0 0 0 0
fn=unsigned int lob::v3::BookT<lob::ChecksumSink, 16u>::match<(lob::Side)1>(unsigned long, long, unsigned int)
0 16646 0 0 16646 0 0 0 0 0
40 16646 0 0 0 0 0 16646 0 0
140 16646 1 1 0 0 0 0 0 0
fl=/home/wang/git-repositories/vcpkg/installed/x64-linux-clang-libcxx/include/boost/unordered/detail/mulx.hpp
fn=(anonymous namespace)::cmd_replay((anonymous namespace)::Args const&)
45 2830446 0 0 0 0 0 0 0 0
46 943482 0 0 0 0 0 0 0 0
fn=_ZN5boost9unordered6detail3foa10table_coreINS2_14flat_map_typesImN3lob2v35BookTINS5_12ChecksumSinkELj16EE3LocEEENS2_7group15INS2_14plain_integralEEENS2_12table_arraysENS2_18plain_size_controlENS_4hashImEENSt3__18equal_toImEENSJ_9allocatorINSJ_4pairIKmSA_EEEEE22for_all_elements_whileIZNSR_22for_all_elements_whileIZNSR_16for_all_elementsIZNSR_16unchecked_rehashERNSF_ISP_SE_NS2_16pow2_size_policyESQ_EEEUlPSP_E_EEDTcmclfL1p0_LDnEEcvv_EERKSW_T_EUlSY_E_EES10_S12_S13_EUlPSE_jSY_E_EEDTcmclfp0_LDnELi0ELDnEEcvv_EES12_S13_
45 26786 0 0 26786 3165 0 0 0 0
46 26786 0 0 0 0 0 0 0 0
fn=lob::v3::BookT<lob::ChecksumSink, 16u>::modify(unsigned long, long, unsigned int)
45 113036 0 0 0 0 0 0 0 0
46 56518 0 0 0 0 0 0 0 0
fn=lob::v3::BookT<lob::ChecksumSink, 16u>::rest(unsigned long, lob::Side, long, unsigned int)
45 1007912 0 0 0 0 0 0 0 0
46 503956 0 0 0 0 0 0 0 0
fn=unsigned int lob::v3::BookT<lob::ChecksumSink, 16u>::match<(lob::Side)0>(unsigned long, long, unsigned int)
0 16790 0 0 16790 0 0 0 0 0
45 16790 0 0 0 0 0 0 0 0
46 16790 0 0 0 0 0 0 0 0
fn=unsigned int lob::v3::BookT<lob::ChecksumSink, 16u>::match<(lob::Side)1>(unsigned long, long, unsigned int)
0 16646 0 0 16646 0 0 0 0 0
45 16646 0 0 0 0 0 0 0 0
46 16646 0 0 0 0 0 0 0 0
fl=/home/wang/sources/cxx/book/include/lob/events.hpp
fn=(anonymous namespace)::cmd_replay((anonymous namespace)::Args const&)
0 3013605 0 0 0 0 0 430515 0 0
92 430515 0 0 430515 0 0 0 0 0
93 861030 0 0 430515 0 0 0 0 0
fn=lob::v3::BookT<lob::ChecksumSink, 16u>::modify(unsigned long, long, unsigned int)
0 56518 1 1 56518 0 0 0 0 0
92 22440 0 0 22440 0 0 0 0 0
93 520300 1 1 56518 0 0 56518 0 0
fn=lob::v3::BookT<lob::ChecksumSink, 16u>::rest(unsigned long, lob::Side, long, unsigned int)
81 503956 0 0 0 0 0 0 0 0
92 503956 0 0 503956 0 0 0 0 0
93 6551428 1 1 1511868 15 0 503956 0 0
fn=unsigned int lob::v3::BookT<lob::ChecksumSink, 16u>::match<(lob::Side)0>(unsigned long, long, unsigned int)
92 97188 1 1 32396 0 0 32396 0 0
93 388752 0 0 64792 2161 0 32396 0 0
fn=unsigned int lob::v3::BookT<lob::ChecksumSink, 16u>::match<(lob::Side)1>(unsigned long, long, unsigned int)
92 96123 0 0 32041 0 0 32041 0 0
93 384492 1 1 64082 2188 0 32041 0 0
fl=/home/wang/sources/cxx/book/include/lob/replay.hpp
fn=(anonymous namespace)::cmd_replay((anonymous namespace)::Args const&)
0 1000002 0 0 1000001 125000 125000 0 0 0
21 4886964 1 1 1000000 178575 178566 0 0 0
23 1538901 1 1 1538901 64348 64348 0 0 0
27 430515 0 0 0 0 0 0 0 0
29 282590 0 0 113036 7087 7087 56518 0 0
37 1000001 0 0 0 0 0 0 0 0
fl=/home/wang/sources/cxx/book/include/lob/v3/book.hpp
fn=(anonymous namespace)::cmd_replay((anonymous namespace)::Args const&)
0 1117394 0 0 430634 0 0 0 0 0
67 1025934 0 0 0 0 0 0 0 0
68 1025934 1 1 0 0 0 0 0 0
76 861030 0 0 861030 623252 2 0 0 0
78 430515 0 0 430515 0 0 0 0 0
240 861030 0 0 430515 0 0 0 0 0
242 861030 0 0 430515 0 0 0 0 0
244 430515 0 0 430515 0 0 0 0 0
245 3444120 1 1 0 0 0 0 0 0
247 861030 1 1 0 0 0 0 0 0
276 861030 0 0 430515 0 0 430515 0 0
277 430515 0 0 0 0 0 430515 0 0
294 1722060 0 0 430515 51206 0 0 0 0
295 429492 0 0 0 0 0 429492 411422 0
297 1023 0 0 0 0 0 1023 40 0
298 861030 0 0 0 0 0 0 0 0
299 859038 0 0 0 0 0 429519 410975 0
301 996 0 0 0 0 0 996 38 0
302 430515 1 1 430515 385 0 0 0 0
306 1025934 0 0 0 0 0 0 0 0
307 1026888 1 1 0 0 0 256722 1 1
309 1024980 0 0 0 0 0 256245 0 0
310 1025934 0 0 0 0 0 0 0 0
311 3410946 0 0 0 0 0 487278 0 0
383 430515 0 0 0 0 0 0 0 0
384 430515 0 0 430515 0 0 0 0 0
385 1291545 0 0 430515 0 0 0 0 0
386 430515 0 0 430515 4537 1 0 0 0
389 861387 0 0 430634 360 0 0 0 0
fn=lob::v3::BookT<lob::ChecksumSink, 16u>::alloc_node(unsigned long, unsigned int)
0 503956 0 0 0 0 0 0 0 0
262 3527692 1 1 0 0 0 3023736 1 1
263 1007912 0 0 503956 0 0 0 0 0
264 503956 0 0 0 0 0 0 0 0
265 1458045 0 0 486015 36459 0 486015 0 0
266 486015 0 0 0 0 0 0 0 0
267 35882 0 0 0 0 0 0 0 0
271 1529809 0 0 0 0 0 1511868 58930 0
272 4031648 0 0 3527692 5 0 0 0 0
fn=lob::v3::BookT<lob::ChecksumSink, 16u>::erase(boost::unordered::detail::foa::table_iterator<boost::unordered::detail::foa::flat_map_types<unsigned long, lob::v3::BookT<lob::ChecksumSink, 16u>::Loc>, boost::unordered::detail::foa::group15<boost::unordered::detail::foa::plain_integral>*, false>)
0 89765 0 0 44885 0 0 0 0 0
240 44880 0 0 22440 0 0 0 0 0
242 44880 0 0 22440 0 0 0 0 0
244 22440 0 0 22440 0 0 0 0 0
245 179520 1 1 0 0 0 0 0 0
247 44880 0 0 0 0 0 0 0 0
276 44880 0 0 22440 0 0 22440 0 0
277 22440 0 0 0 0 0 22440 0 0
294 89760 0 0 22440 2709 0 0 0 0
295 22391 0 0 0 0 0 22391 21392 0
297 49 0 0 0 0 0 49 4 0
298 44880 0 0 0 0 0 0 0 0
299 44776 0 0 0 0 0 22388 21391 0
301 52 0 0 0 0 0 52 1 0
302 22440 1 1 22440 24 0 0 0 0
382 112200 0 0 0 0 0 44880 0 0
383 22440 0 0 0 0 0 0 0 0
384 22440 0 0 22440 0 0 0 0 0
385 67320 0 0 22440 0 0 0 0 0
386 67320 0 0 67320 215 0 0 0 0
389 44895 0 0 22445 11 0 0 0 0
405 89760 0 0 67320 0 0 0 0 0
fn=lob::v3::BookT<lob::ChecksumSink, 16u>::modify(unsigned long, long, unsigned int)
0 565180 2 2 248512 54116 0 0 0 0
81 621698 2 2 0 0 0 452144 0 0
84 113036 0 0 0 0 0 0 0 0
85 113036 0 0 0 0 0 0 0 0
88 56518 0 0 56518 27599 0 0 0 0
89 226072 1 1 56518 0 0 0 0 0
90 68156 1 1 34078 376 0 0 0 0
91 34078 0 0 0 0 0 34078 0 0
92 68156 0 0 68156 0 0 0 0 0
95 22440 0 0 22440 0 0 0 0 0
97 22440 0 0 0 0 0 22440 0 0
98 22440 0 0 22440 0 0 0 0 0
100 318720 1 1 278880 0 0 0 0 0
240 68156 0 0 34078 1 0 0 0 0
242 102234 0 0 34078 0 0 0 0 0
244 34078 0 0 34078 0 0 0 0 0
245 306702 1 1 0 0 0 0 0 0
247 102234 0 0 0 0 0 0 0 0
257 68156 0 0 0 0 0 0 0 0
306 44880 0 0 0 0 0 0 0 0
307 11251 0 0 0 0 0 11251 0 0
309 11189 0 0 0 0 0 11189 0 0
310 47713 0 0 0 0 0 0 0 0
311 216814 1 1 116746 0 0 0 0 0
fn=lob::v3::BookT<lob::ChecksumSink, 16u>::rest(unsigned long, lob::Side, long, unsigned int)
0 1014352 0 0 1955 0 0 503956 5 0
242 1511868 0 0 503956 0 0 0 0 0
244 503956 0 0 503956 5 0 0 0 0
245 4031648 1 1 0 0 0 0 0 0
247 1007912 0 0 0 0 0 0 0 0
252 4 0 0 0 0 0 1 0 0
253 1 0 0 0 0 0 1 0 0
282 2015824 1 1 503956 0 0 503956 0 0
283 1007912 0 0 0 0 0 503956 0 0
284 503956 0 0 0 0 0 0 0 0
285 1007590 0 0 0 0 0 503795 30935 0
287 161 0 0 0 0 0 161 0 0
288 503956 1 1 0 0 0 503956 0 0
289 503956 0 0 503956 1133 7 0 0 0
365 6551428 2 2 0 0 0 3527692 1 1
366 1511868 0 0 0 0 0 503956 0 0
367 1511878 1 1 503957 5 0 503956 0 0
371 1511868 0 0 503956 0 0 0 0 0
372 1008395 1 1 503956 4657 21 0 0 0
377 1511868 0 0 503956 0 0 503956 0 0
378 2015824 0 0 0 0 0 1511868 0 0
379 503956 1 1 503956 5 0 0 0 0
380 4031648 1 1 3527692 10 0 0 0 0
fn=unsigned int lob::v3::BookT<lob::ChecksumSink, 16u>::match<(lob::Side)0>(unsigned long, long, unsigned int)
0 3018199 4 4 412615 5 1 632066 0 0
249 535944 0 0 267972 0 0 0 0 0
276 16790 0 0 0 0 0 16790 0 0
277 33580 0 0 0 0 0 16790 0 0
294 117530 1 1 50370 266 0 0 0 0
297 50370 0 0 16790 0 0 16790 0 0
298 33580 0 0 0 0 0 0 0 0
299 16790 0 0 0 0 0 16790 16077 0
302 16790 0 0 16790 0 0 0 0 0
317 2143784 1 1 0 0 0 1875811 1 1
326 535946 0 0 0 0 0 0 0 0
329 803919 0 0 0 0 0 0 0 0
332 267972 0 0 0 0 0 0 0 0
337 267972 0 0 0 0 0 0 0 0
339 788050 0 0 267972 0 0 0 0 0
340 158660 1 1 31732 0 0 31732 0 0
341 97188 1 1 0 0 0 0 0 0
343 32396 0 0 0 0 0 0 0 0
344 129584 0 0 0 0 0 0 0 0
347 97188 1 1 0 0 0 32396 0 0
348 32396 0 0 32396 1 0 0 0 0
349 32396 0 0 0 0 0 0 0 0
355 31732 0 0 0 0 0 0 0 0
362 2411757 1 1 1875811 0 0 0 0 0
fn=unsigned int lob::v3::BookT<lob::ChecksumSink, 16u>::match<(lob::Side)1>(unsigned long, long, unsigned int)
0 2991155 3 3 393175 7 0 629439 0 0
249 534868 0 0 267434 0 0 0 0 0
276 16646 0 0 0 0 0 16646 0 0
277 33292 0 0 0 0 0 16646 0 0
294 133168 1 1 66584 249 0 0 0 0
297 49938 0 0 16646 0 0 16646 0 0
298 33292 0 0 0 0 0 0 0 0
299 16646 0 0 0 0 0 16646 15885 0
302 16646 0 0 16646 0 0 0 0 0
317 2139472 1 1 0 0 0 1872038 0 0
326 534868 0 0 0 0 0 0 0 0
329 802302 0 0 0 0 0 0 0 0
332 267434 0 0 0 0 0 0 0 0
337 267434 0 0 0 0 0 0 0 0
339 786717 0 0 267434 0 0 0 0 0
340 155850 1 1 31170 0 0 31170 0 0
341 96123 1 1 0 0 0 0 0 0
343 32041 0 0 0 0 0 0 0 0
344 128164 0 0 0 0 0 0 0 0
347 96123 0 0 0 0 0 32041 0 0
348 32041 0 0 32041 0 0 0 0 0
349 32041 0 0 0 0 0 0 0 0
355 31170 0 0 0 0 0 0 0 0
362 2406906 0 0 1872038 0 0 0 0 0
fl=/home/wang/sources/cxx/book/include/lob/v3/hier_bitmap.hpp
fn=(anonymous namespace)::cmd_replay((anonymous namespace)::Args const&)
0 119 0 0 0 0 0 0 0 0
67 238 0 0 0 0 0 0 0 0
68 476 1 1 119 58 0 0 0 0
fn=lob::v3::BookT<lob::ChecksumSink, 16u>::erase(boost::unordered::detail::foa::table_iterator<boost::unordered::detail::foa::flat_map_types<unsigned long, lob::v3::BookT<lob::ChecksumSink, 16u>::Loc>, boost::unordered::detail::foa::group15<boost::unordered::detail::foa::plain_integral>*, false>)
0 5 0 0 0 0 0 0 0 0
67 10 1 1 0 0 0 0 0 0
68 25 0 0 5 5 0 0 0 0
fn=lob::v3::BookT<lob::ChecksumSink, 16u>::rest(unsigned long, lob::Side, long, unsigned int)
0 6 0 0 0 0 0 0 0 0
57 325 0 0 0 0 0 0 0 0
58 492 1 1 164 73 6 0 0 0
59 498 0 0 331 1 1 328 125 0
fn=unsigned int lob::v3::BookT<lob::ChecksumSink, 16u>::match<(lob::Side)0>(unsigned long, long, unsigned int)
0 267972 0 0 267972 0 0 0 0 0
48 803918 1 1 535946 12 2 0 0 0
79 1339860 0 0 0 0 0 0 0 0
fn=unsigned int lob::v3::BookT<lob::ChecksumSink, 16u>::match<(lob::Side)1>(unsigned long, long, unsigned int)
0 267434 0 0 267434 0 0 0 0 0
48 802302 1 1 534868 10 0 0 0 0
89 2674340 0 0 0 0 0 0 0 0
fl=/home/wang/sources/cxx/book/source/main.cxx
fn=(anonymous namespace)::cmd_replay((anonymous namespace)::Args const&)
0 1 0 0 0 0 0 0 0 0
293 2 1 1 0 0 0 1 1 1
295 9 2 2 0 0 0 6 2 2
fl=/usr/include/c++/v1/__algorithm/comp.h
fn=unsigned int lob::v3::BookT<lob::ChecksumSink, 16u>::match<(lob::Side)0>(unsigned long, long, unsigned int)
41 32396 0 0 32396 3609 0 0 0 0
fn=unsigned int lob::v3::BookT<lob::ChecksumSink, 16u>::match<(lob::Side)1>(unsigned long, long, unsigned int)
41 32041 0 0 32041 3599 0 0 0 0
fl=/usr/include/c++/v1/__bit/countl.h
fn=unsigned int lob::v3::BookT<lob::ChecksumSink, 16u>::match<(lob::Side)1>(unsigned long, long, unsigned int)
28 1337170 1 1 534868 24 0 0 0 0
fl=/usr/include/c++/v1/__bit/countr.h
fn=unsigned int lob::v3::BookT<lob::ChecksumSink, 16u>::match<(lob::Side)0>(unsigned long, long, unsigned int)
28 1339860 1 1 535944 21 0 0 0 0
fl=/usr/include/c++/v1/__functional/operations.h
fn=(anonymous namespace)::cmd_replay((anonymous namespace)::Args const&)
300 436640 0 0 436640 428555 24 0 0 0
fn=lob::v3::BookT<lob::ChecksumSink, 16u>::modify(unsigned long, long, unsigned int)
300 56729 0 0 56729 55603 6 0 0 0
fn=lob::v3::BookT<lob::ChecksumSink, 16u>::rest(unsigned long, lob::Side, long, unsigned int)
300 8668 0 0 8668 49 0 0 0 0
fn=unsigned int lob::v3::BookT<lob::ChecksumSink, 16u>::match<(lob::Side)0>(unsigned long, long, unsigned int)
300 16881 0 0 16881 16629 0 0 0 0
fn=unsigned int lob::v3::BookT<lob::ChecksumSink, 16u>::match<(lob::Side)1>(unsigned long, long, unsigned int)
300 16754 0 0 16754 16532 0 0 0 0
fl=/usr/include/c++/v1/__iterator/wrap_iter.h
fn=(anonymous namespace)::cmd_replay((anonymous namespace)::Args const&)
65 1000000 0 0 0 0 0 0 0 0
125 1000002 0 0 1000000 0 0 1 1 1
fl=/usr/include/c++/v1/__math/rounding_functions.h
fn=boost::unordered::detail::foa::table_locator<boost::unordered::detail::foa::group15<boost::unordered::detail::foa::plain_integral>, std::__1::pair<unsigned long const, lob::v3::BookT<lob::ChecksumSink, 16u>::Loc> > boost::unordered::detail::foa::table_core<boost::unordered::detail::foa::flat_map_types<unsigned long, lob::v3::BookT<lob::ChecksumSink, 16u>::Loc>, boost::unordered::detail::foa::group15<boost::unordered::detail::foa::plain_integral>, boost::unordered::detail::foa::table_arrays, boost::unordered::detail::foa::plain_size_control, boost::hash<unsigned long>, std::__1::equal_to<unsigned long>, std::__1::allocator<std::__1::pair<unsigned long const, lob::v3::BookT<lob::ChecksumSink, 16u>::Loc> > >::unchecked_emplace_with_rehash<boost::unordered::detail::foa::try_emplace_args_t, unsigned long&, lob::v3::BookT<lob::ChecksumSink, 16u>::Loc>(unsigned long, boost::unordered::detail::foa::try_emplace_args_t&&, unsigned long&, lob::v3::BookT<lob::ChecksumSink, 16u>::Loc&&)
29 11 0 0 0 0 0 0 0 0
fl=/usr/include/c++/v1/__memory/allocator.h
fn=lob::v3::BookT<lob::ChecksumSink, 16u>::alloc_node(unsigned long, unsigned int)
100 32 0 0 0 0 0 0 0 0
fl=/usr/include/c++/v1/__memory/construct_at.h
fn=lob::v3::BookT<lob::ChecksumSink, 16u>::alloc_node(unsigned long, unsigned int)
38 53823 0 0 0 0 0 35882 6673 4879
fl=/usr/include/c++/v1/__memory/uninitialized_algorithms.h
fn=lob::v3::BookT<lob::ChecksumSink, 16u>::alloc_node(unsigned long, unsigned int)
0 16 0 0 16 0 0 0 0 0
638 64 1 1 0 0 0 16 0 0
fl=/usr/include/c++/v1/__new/allocate.h
fn=(anonymous namespace)::cmd_replay((anonymous namespace)::Args const&)
0 861030 1 1 430515 0 0 0 0 0
fn=boost::unordered::detail::foa::table_core<boost::unordered::detail::foa::flat_map_types<unsigned long, lob::v3::BookT<lob::ChecksumSink, 16u>::Loc>, boost::unordered::detail::foa::group15<boost::unordered::detail::foa::plain_integral>, boost::unordered::detail::foa::table_arrays, boost::unordered::detail::foa::plain_size_control, boost::hash<unsigned long>, std::__1::equal_to<unsigned long>, std::__1::allocator<std::__1::pair<unsigned long const, lob::v3::BookT<lob::ChecksumSink, 16u>::Loc> > >::unchecked_rehash(boost::unordered::detail::foa::table_arrays<std::__1::pair<unsigned long const, lob::v3::BookT<lob::ChecksumSink, 16u>::Loc>, boost::unordered::detail::foa::group15<boost::unordered::detail::foa::plain_integral>, boost::unordered::detail::foa::pow2_size_policy, std::__1::allocator<std::__1::pair<unsigned long const, lob::v3::BookT<lob::ChecksumSink, 16u>::Loc> > >&)
57 10 0 0 0 0 0 0 0 0
63 10 0 0 0 0 0 10 0 0
fn=boost::unordered::detail::foa::table_locator<boost::unordered::detail::foa::group15<boost::unordered::detail::foa::plain_integral>, std::__1::pair<unsigned long const, lob::v3::BookT<lob::ChecksumSink, 16u>::Loc> > boost::unordered::detail::foa::table_core<boost::unordered::detail::foa::flat_map_types<unsigned long, lob::v3::BookT<lob::ChecksumSink, 16u>::Loc>, boost::unordered::detail::foa::group15<boost::unordered::detail::foa::plain_integral>, boost::unordered::detail::foa::table_arrays, boost::unordered::detail::foa::plain_size_control, boost::hash<unsigned long>, std::__1::equal_to<unsigned long>, std::__1::allocator<std::__1::pair<unsigned long const, lob::v3::BookT<lob::ChecksumSink, 16u>::Loc> > >::unchecked_emplace_with_rehash<boost::unordered::detail::foa::try_emplace_args_t, unsigned long&, lob::v3::BookT<lob::ChecksumSink, 16u>::Loc>(unsigned long, boost::unordered::detail::foa::try_emplace_args_t&&, unsigned long&, lob::v3::BookT<lob::ChecksumSink, 16u>::Loc&&)
0 44 0 0 0 0 0 33 0 0
37 11 0 0 0 0 0 0 0 0
43 22 1 1 0 0 0 11 0 0
fn=lob::v3::BookT<lob::ChecksumSink, 16u>::alloc_node(unsigned long, unsigned int)
0 63 1 1 63 0 0 0 0 0
37 32 0 0 0 0 0 0 0 0
43 48 0 0 0 0 0 16 0 0
63 45 0 0 0 0 0 15 0 0
fl=/usr/include/c++/v1/__split_buffer
fn=lob::v3::BookT<lob::ChecksumSink, 16u>::alloc_node(unsigned long, unsigned int)
335 16 0 0 0 0 0 0 0 0
341 32 0 0 0 0 0 0 0 0
fl=/usr/include/c++/v1/__utility/pair.h
fn=_ZN5boost9unordered6detail3foa10table_coreINS2_14flat_map_typesImN3lob2v35BookTINS5_12ChecksumSinkELj16EE3LocEEENS2_7group15INS2_14plain_integralEEENS2_12table_arraysENS2_18plain_size_controlENS_4hashImEENSt3__18equal_toImEENSJ_9allocatorINSJ_4pairIKmSA_EEEEE22for_all_elements_whileIZNSR_22for_all_elements_whileIZNSR_16for_all_elementsIZNSR_16unchecked_rehashERNSF_ISP_SE_NS2_16pow2_size_policyESQ_EEEUlPSP_E_EEDTcmclfL1p0_LDnEEcvv_EERKSW_T_EUlSY_E_EES10_S12_S13_EUlPSE_jSY_E_EEDTcmclfp0_LDnELi0ELDnEEcvv_EES12_S13_
196 160716 1 1 80358 11132 0 80358 17343 17339
fn=boost::unordered::detail::foa::table_locator<boost::unordered::detail::foa::group15<boost::unordered::detail::foa::plain_integral>, std::__1::pair<unsigned long const, lob::v3::BookT<lob::ChecksumSink, 16u>::Loc> > boost::unordered::detail::foa::table_core<boost::unordered::detail::foa::flat_map_types<unsigned long, lob::v3::BookT<lob::ChecksumSink, 16u>::Loc>, boost::unordered::detail::foa::group15<boost::unordered::detail::foa::plain_integral>, boost::unordered::detail::foa::table_arrays, boost::unordered::detail::foa::plain_size_control, boost::hash<unsigned long>, std::__1::equal_to<unsigned long>, std::__1::allocator<std::__1::pair<unsigned long const, lob::v3::BookT<lob::ChecksumSink, 16u>::Loc> > >::unchecked_emplace_with_rehash<boost::unordered::detail::foa::try_emplace_args_t, unsigned long&, lob::v3::BookT<lob::ChecksumSink, 16u>::Loc>(unsigned long, boost::unordered::detail::foa::try_emplace_args_t&&, unsigned long&, lob::v3::BookT<lob::ChecksumSink, 16u>::Loc&&)
445 22 0 0 11 0 0 11 11 11
446 44 1 1 22 0 0 22 2 2
fn=lob::v3::BookT<lob::ChecksumSink, 16u>::rest(unsigned long, lob::Side, long, unsigned int)
445 503945 0 0 0 0 0 503945 477528 942
446 2015780 0 0 1007890 0 0 1007890 237155 13565
fl=/usr/include/c++/v1/__utility/swap.h
fn=lob::v3::BookT<lob::ChecksumSink, 16u>::alloc_node(unsigned long, unsigned int)
44 48 0 0 0 0 0 48 5 0
fl=/usr/include/c++/v1/__vector/vector.h
fn=(anonymous namespace)::cmd_replay((anonymous namespace)::Args const&)
0 1 0 0 0 0 0 1 1 1
388 1 0 0 1 0 0 0 0 0
407 2150556 2 2 430515 0 0 0 0 0
449 1 1 1 1 1 1 0 0 0
fn=lob::v3::BookT<lob::ChecksumSink, 16u>::alloc_node(unsigned long, unsigned int)
0 96 0 0 0 0 0 64 0 0
388 161469 2 2 35882 0 0 0 0 0
391 64 0 0 0 0 0 0 0 0
407 1493927 0 0 503956 0 0 0 0 0
475 17925 0 0 0 0 0 0 0 0
902 32 1 1 0 0 0 0 0 0
905 80 1 1 0 0 0 0 0 0
1128 16 0 0 0 0 0 0 0 0
1131 32 0 0 0 0 0 0 0 0
1146 53823 0 0 17941 0 0 0 0 0
1149 17925 0 0 0 0 0 0 0 0
1152 17941 0 0 0 0 0 17941 0 0
fn=lob::v3::BookT<lob::ChecksumSink, 16u>::erase(boost::unordered::detail::foa::table_iterator<boost::unordered::detail::foa::flat_map_types<unsigned long, lob::v3::BookT<lob::ChecksumSink, 16u>::Loc>, boost::unordered::detail::foa::group15<boost::unordered::detail::foa::plain_integral>*, false>)
407 89659 2 2 22440 0 0 0 0 0
fn=lob::v3::BookT<lob::ChecksumSink, 16u>::modify(unsigned long, long, unsigned int)
407 113036 0 0 56518 0 0 0 0 0
fn=lob::v3::BookT<lob::ChecksumSink, 16u>::rest(unsigned long, lob::Side, long, unsigned int)
407 1511707 0 0 503956 0 0 0 0 0
fn=unsigned int lob::v3::BookT<lob::ChecksumSink, 16u>::match<(lob::Side)0>(unsigned long, long, unsigned int)
407 49186 0 0 0 0 0 0 0 0
fn=unsigned int lob::v3::BookT<lob::ChecksumSink, 16u>::match<(lob::Side)1>(unsigned long, long, unsigned int)
407 48687 0 0 0 0 0 0 0 0
fl=/usr/include/c++/v1/map
fn=unsigned int lob::v3::BookT<lob::ChecksumSink, 16u>::match<(lob::Side)0>(unsigned long, long, unsigned int)
1031 535945 0 0 267973 3 1 0 0 0
fn=unsigned int lob::v3::BookT<lob::ChecksumSink, 16u>::match<(lob::Side)1>(unsigned long, long, unsigned int)
1031 534868 1 1 267434 2 0 0 0 0
fl=???
fn=???
0 247 9 9 162 71 7 6 0 0
fn=operator delete(void*)
0 125 0 0 25 0 0 25 0 0
fn=operator delete(void*, unsigned long)
0 125 1 1 25 0 0 25 0 0
fn=operator new(unsigned long)
0 459 2 2 81 0 0 108 5 1
summary: 209778600 311 303 57026963 2541999 375267 28048169 1739236 42835
