desc: I1 cache:         32768 B, 64 B, 8-way associative
desc: D1 cache:         49152 B, 64 B, 12-way associative
desc: LL cache:         6291456 B, 64 B, 12-way associative
cmd: /home/wang/sources/cxx/book/build/profile/book replay --workload data/syn_default_s42.ops --version v19
events: Ir I1mr ILmr Dr D1mr DLmr Dw D1mw DLmw 
fl=./elf/../sysdeps/generic/dl-new-hash.h
fn=_dl_lookup_symbol_x
69 2 0 0 0 0 0 0 0 0
70 4 0 0 0 0 0 0 0 0
74 15 0 0 15 1 1 0 0 0
77 30 0 0 0 0 0 0 0 0
80 14 0 0 14 0 0 0 0 0
81 28 0 0 0 0 0 0 0 0
87 1 1 1 0 0 0 0 0 0
88 1 0 0 0 0 0 0 0 0
89 2 0 0 0 0 0 0 0 0
90 1 0 0 0 0 0 0 0 0
99 13 0 0 0 0 0 0 0 0
101 13 0 0 0 0 0 0 0 0
102 26 0 0 0 0 0 0 0 0
104 13 1 1 0 0 0 0 0 0
105 13 0 0 0 0 0 0 0 0
fl=./elf/../sysdeps/generic/dl-protected.h
fn=do_lookup_x
29 8 0 0 0 0 0 0 0 0
fl=./elf/../sysdeps/generic/ldsodefs.h
fn=do_lookup_x
139 4 0 0 2 0 0 0 0 0
140 6 0 0 0 0 0 0 0 0
fl=./elf/../sysdeps/x86_64/dl-machine.h
fn=_dl_fixup
234 2 0 0 0 0 0 2 0 0
fl=./elf/../sysdeps/x86_64/dl-runtime.h
fn=_dl_fixup
28 2 0 0 0 0 0 0 0 0
fl=./elf/../sysdeps/x86_64/dl-trampoline.h
fn=_dl_runtime_resolve_xsave
71 2 1 1 0 0 0 0 0 0
76 2 0 0 0 0 0 2 0 0
79 2 0 0 0 0 0 0 0 0
81 2 0 0 0 0 0 0 0 0
91 2 0 0 2 1 1 0 0 0
97 2 0 0 0 0 0 2 1 1
98 2 0 0 0 0 0 2 0 0
99 2 1 1 0 0 0 2 0 0
100 2 0 0 0 0 0 2 0 0
101 2 0 0 0 0 0 2 0 0
102 2 0 0 0 0 0 2 0 0
103 2 0 0 0 0 0 2 0 0
107 2 0 0 0 0 0 0 0 0
108 2 0 0 0 0 0 0 0 0
111 2 0 0 0 0 0 2 1 0
112 2 0 0 0 0 0 2 0 0
114 2 0 0 0 0 0 2 0 0
115 2 0 0 0 0 0 2 0 0
116 2 1 1 0 0 0 2 0 0
117 2 0 0 0 0 0 2 0 0
118 2 0 0 0 0 0 2 0 0
119 2 0 0 0 0 0 2 0 0
121 2 0 0 2 0 0 66 8 8
128 2 0 0 2 0 0 0 0 0
129 2 0 0 2 0 0 0 0 0
130 2 0 0 0 0 0 2 1 1
131 2 0 0 0 0 0 0 0 0
136 2 0 0 0 0 0 0 0 0
137 2 0 0 0 0 0 0 0 0
138 2 0 0 72 0 0 0 0 0
140 2 1 1 2 0 0 0 0 0
141 2 0 0 2 0 0 0 0 0
142 2 0 0 2 0 0 0 0 0
143 2 0 0 2 0 0 0 0 0
144 2 0 0 2 0 0 0 0 0
145 2 0 0 2 0 0 0 0 0
146 2 0 0 2 0 0 0 0 0
148 2 0 0 0 0 0 0 0 0
150 2 0 0 2 0 0 0 0 0
154 2 0 0 0 0 0 0 0 0
156 2 0 0 0 0 0 0 0 0
fl=./elf/./elf/dl-lookup.c
fn=_dl_lookup_symbol_x
772 26 2 2 0 0 0 18 3 3
774 4 0 0 0 0 0 2 0 0
775 8 0 0 0 0 0 2 0 0
778 2 0 0 2 1 1 0 0 0
782 4 0 0 0 0 0 0 0 0
785 4 1 1 2 0 0 0 0 0
787 4 0 0 4 0 0 0 0 0
791 28 0 0 0 0 0 6 0 0
792 34 2 2 14 0 0 14 1 1
797 10 0 0 4 0 0 0 0 0
816 2 0 0 0 0 0 2 0 0
820 4 0 0 2 0 0 0 0 0
821 14 0 0 2 0 0 0 0 0
828 2 0 0 2 0 0 0 0 0
856 8 1 1 2 0 0 0 0 0
870 6 0 0 2 1 1 0 0 0
873 4 0 0 2 0 0 0 0 0
890 8 0 0 2 0 0 0 0 0
892 18 1 1 14 0 0 0 0 0
fn=check_match
70 30 1 1 4 2 2 12 1 1
73 16 1 1 4 0 0 0 0 0
86 10 0 0 0 0 0 0 0 0
89 16 1 1 4 0 0 2 0 0
93 2 0 0 2 1 1 0 0 0
94 4 0 0 0 0 0 0 0 0
144 4 1 1 0 0 0 0 0 0
146 12 0 0 4 2 2 0 0 0
147 8 1 1 0 0 0 0 0 0
161 2 0 0 0 0 0 0 0 0
162 16 0 0 14 0 0 0 0 0
fn=do_lookup_x
347 28 2 2 4 0 0 20 2 2
348 2 0 0 2 1 1 0 0 0
353 2 0 0 0 0 0 0 0 0
354 2 0 0 2 0 0 0 0 0
358 16 1 1 16 6 6 0 0 0
361 16 0 0 0 0 0 0 0 0
365 20 0 0 2 0 0 0 0 0
386 16 1 1 8 3 3 0 0 0
390 16 0 0 8 1 1 0 0 0
396 24 0 0 8 3 3 0 0 0
400 8 0 0 0 0 0 8 0 0
401 8 0 0 0 0 0 8 0 0
404 40 0 0 24 6 6 0 0 0
405 24 1 1 16 2 2 0 0 0
408 8 0 0 8 0 0 0 0 0
409 16 0 0 0 0 0 0 0 0
411 8 0 0 8 6 6 0 0 0
412 6 0 0 0 0 0 2 0 0
413 16 0 0 16 0 0 0 0 0
415 14 1 1 2 0 0 4 0 0
416 32 0 0 16 0 0 0 0 0
419 56 0 0 8 0 0 0 0 0
422 4 0 0 4 2 2 0 0 0
423 6 1 1 2 0 0 0 0 0
424 4 0 0 0 0 0 0 0 0
426 4 0 0 2 0 0 0 0 0
429 15 1 1 3 2 2 0 0 0
431 6 0 0 2 0 0 0 0 0
432 50 2 2 14 0 0 26 2 2
433 4 0 0 0 0 0 0 0 0
436 6 0 0 0 0 0 0 0 0
439 3 0 0 0 0 0 0 0 0
461 16 1 1 12 0 0 0 0 0
476 4 1 1 0 0 0 0 0 0
483 8 0 0 2 0 0 0 0 0
487 6 1 1 2 1 1 0 0 0
499 4 0 0 2 0 0 2 0 0
500 2 0 0 0 0 0 2 0 0
501 2 0 0 0 0 0 0 0 0
518 18 0 0 0 0 0 0 0 0
522 16 0 0 14 0 0 0 0 0
fl=./elf/./elf/dl-runtime.c
fn=_dl_fixup
46 22 2 2 0 0 0 12 0 0
48 10 0 0 8 4 4 0 0 0
49 6 1 1 4 1 1 0 0 0
54 2 0 0 2 1 1 0 0 0
55 8 0 0 2 1 1 0 0 0
56 14 0 0 2 2 2 2 1 1
58 4 0 0 2 0 0 0 0 0
63 4 0 0 0 0 0 0 0 0
67 4 0 0 2 2 2 0 0 0
69 4 0 0 0 0 0 0 0 0
71 6 1 1 2 1 1 0 0 0
75 6 0 0 4 3 3 0 0 0
76 8 0 0 2 0 0 0 0 0
77 6 0 0 2 1 1 0 0 0
84 2 1 1 0 0 0 0 0 0
85 6 0 0 2 0 0 0 0 0
95 22 0 0 4 1 1 6 0 0
99 10 1 1 6 0 0 0 0 0
109 20 0 0 8 0 0 2 0 0
124 8 1 1 2 0 0 0 0 0
133 6 0 0 2 1 1 0 0 0
159 6 0 0 2 0 0 0 0 0
163 16 1 1 14 0 0 0 0 0
fl=./malloc/./malloc/arena.c
fn=_mid_memalign.isra.0
153 6 0 0 0 0 0 0 0 0
fn=free
153 24 0 0 0 0 0 0 0 0
fn=malloc
153 12 0 0 0 0 0 0 0 0
fl=./malloc/./malloc/malloc.c
fn=_int_free
1792 5 0 0 5 2 0 0 0 0
3163 6 1 1 3 0 0 3 0 0
3165 12 0 0 3 3 3 3 0 0
3166 3 0 0 0 0 0 3 0 0
3167 6 0 0 0 0 0 3 0 0
4495 56 1 1 0 0 0 32 0 0
4499 24 1 1 8 0 0 0 0 0
4505 32 0 0 0 0 0 0 0 0
4506 16 0 0 0 0 0 0 0 0
4510 40 0 0 0 0 0 0 0 0
4517 16 0 0 0 0 0 0 0 0
4518 48 1 1 24 2 0 0 0 0
4521 3 0 0 0 0 0 0 0 0
4527 9 0 0 6 3 1 0 0 0
4547 15 1 1 6 3 1 0 0 0
4550 3 0 0 0 0 0 0 0 0
4561 10 0 0 0 0 0 0 0 0
4637 10 0 0 5 0 0 0 0 0
4640 10 0 0 5 3 0 0 0 0
4643 10 1 1 0 0 0 0 0 0
4646 10 0 0 0 0 0 0 0 0
4658 43 1 1 35 0 0 0 0 0
fn=_int_free_maybe_consolidate
4770 99 1 1 9 2 0 63 0 0
4776 18 0 0 0 0 0 0 0 0
4778 8 0 0 2 0 0 0 0 0
4781 6 0 0 0 0 0 0 0 0
4784 10 2 2 6 2 1 0 0 0
4798 99 1 1 81 0 0 0 0 0
fn=_int_free_merge_chunk
1992 21 0 0 7 0 0 0 0 0
4665 56 1 1 0 0 0 42 0 0
4666 7 0 0 0 0 0 0 0 0
4670 42 0 0 7 3 0 0 0 0
4673 28 1 1 7 2 0 0 0 0
4675 21 1 1 7 4 0 0 0 0
4678 21 0 0 7 1 0 0 0 0
4681 14 0 0 0 0 0 0 0 0
4682 14 0 0 0 0 0 0 0 0
4683 14 0 0 7 4 0 0 0 0
4689 14 1 1 7 0 0 0 0 0
4691 3 0 0 3 0 0 0 0 0
4692 3 0 0 0 0 0 0 0 0
4693 3 0 0 0 0 0 0 0 0
4694 12 0 0 3 0 0 0 0 0
4696 6 0 0 0 0 0 3 0 0
4701 21 0 0 0 0 0 0 0 0
4702 49 0 0 42 0 0 0 0 0
4714 14 0 0 7 0 0 0 0 0
4720 12 0 0 6 2 0 0 0 0
4721 4 1 1 0 0 0 2 0 0
4722 4 0 0 0 0 0 0 0 0
4724 4 0 0 4 0 0 0 0 0
4732 6 0 0 0 0 0 0 0 0
4733 24 1 1 6 0 0 0 0 0
4734 12 0 0 6 0 0 0 0 0
4736 6 0 0 0 0 0 6 0 0
4738 12 0 0 0 0 0 0 0 0
4740 12 0 0 0 0 0 4 0 0
4743 6 0 0 0 0 0 6 0 0
4744 6 0 0 0 0 0 6 0 0
4746 18 0 0 0 0 0 6 0 0
4747 6 1 1 0 0 0 6 0 0
4756 1 0 0 0 0 0 0 0 0
4757 3 0 0 0 0 0 1 0 0
4758 2 0 0 0 0 0 1 0 0
fn=_int_malloc
1326 18 0 0 0 0 0 0 0 0
1345 54 0 0 0 0 0 0 0 0
1794 9 1 1 9 0 0 0 0 0
1985 12 0 0 4 0 0 0 0 0
2552 6 1 1 2 2 1 2 0 0
2564 2 1 1 1 1 0 0 0 0
2565 3 0 0 2 0 0 0 0 0
2568 4 0 0 1 0 0 0 0 0
2576 6 0 0 1 0 0 2 1 0
2577 2 0 0 0 0 0 0 0 0
3846 99 2 2 9 5 1 63 4 1
3887 18 0 0 0 0 0 0 0 0
3914 18 0 0 0 0 0 0 0 0
3977 18 1 1 0 0 0 0 0 0
3979 6 0 0 0 0 0 0 0 0
3980 2 1 1 0 0 0 0 0 0
3982 3 0 0 1 1 1 0 0 0
4039 100 1 1 0 0 0 0 0 0
4040 24 1 1 8 5 1 0 0 0
4058 27 1 1 9 0 0 0 0 0
4059 27 0 0 0 0 0 9 2 0
4060 27 0 0 18 4 2 0 0 0
4069 12 0 0 0 0 0 6 0 0
4070 73 1 1 18 4 1 9 0 0
4072 9 0 0 9 0 0 0 0 0
4073 18 0 0 9 2 0 0 0 0
4074 9 0 0 0 0 0 0 0 0
4076 18 0 0 0 0 0 0 0 0
4077 27 1 1 9 2 0 0 0 0
4079 9 0 0 9 4 0 0 0 0
4080 36 0 0 0 0 0 0 0 0
4082 36 0 0 9 0 0 0 0 0
4084 18 1 1 9 1 0 0 0 0
4085 18 0 0 9 0 0 0 0 0
4087 18 0 0 0 0 0 0 0 0
4098 36 0 0 0 0 0 0 0 0
4099 2 1 1 1 0 0 0 0 0
4127 9 0 0 0 0 0 9 0 0
4128 9 0 0 0 0 0 9 0 0
4132 18 0 0 0 0 0 0 0 0
4161 19 2 2 0 0 0 0 0 0
4163 4 1 1 0 0 0 2 0 0
4164 8 0 0 0 0 0 0 0 0
4165 2 0 0 2 2 1 0 0 0
4169 107 2 2 0 0 0 7 0 0
4170 21 1 1 0 0 0 0 0 0
4171 7 0 0 7 6 3 0 0 0
4174 14 0 0 0 0 0 0 0 0
4218 28 0 0 0 0 0 7 1 0
4221 63 1 1 18 3 0 0 0 0
4222 9 0 0 0 0 0 9 0 0
4223 9 0 0 0 0 0 9 0 0
4224 9 0 0 0 0 0 9 0 0
4225 9 0 0 0 0 0 9 0 0
4230 18 0 0 18 0 0 0 0 0
4231 18 0 0 0 0 0 0 0 0
4240 36 1 1 18 0 0 0 0 0
4246 12 0 0 0 0 0 0 0 0
4257 27 1 1 0 0 0 0 0 0
4259 32 0 0 0 0 0 0 0 0
4262 24 0 0 8 8 6 0 0 0
4263 9 1 1 0 0 0 0 0 0
4330 9 0 0 0 0 0 0 0 0
4331 18 0 0 0 0 0 0 0 0
4332 18 0 0 0 0 0 0 0 0
4333 18 0 0 9 2 1 0 0 0
4334 54 0 0 0 0 0 0 0 0
4339 34 1 1 0 0 0 0 0 0
4343 29 2 2 0 0 0 0 0 0
4346 16 1 1 4 0 0 0 0 0
4348 8 0 0 0 0 0 0 0 0
4349 4 0 0 0 0 0 0 0 0
4353 66 0 0 0 0 0 0 0 0
4355 29 0 0 0 0 0 0 0 0
4357 58 0 0 0 0 0 0 0 0
4361 4 0 0 4 3 0 0 0 0
4364 8 0 0 0 0 0 0 0 0
4373 16 0 0 4 3 0 0 0 0
4376 8 0 0 0 0 0 0 0 0
4378 12 1 1 0 0 0 4 0 0
4381 12 0 0 0 0 0 8 2 0
4384 16 0 0 8 0 0 0 0 0
4394 4 0 0 0 0 0 0 0 0
4399 16 0 0 4 0 0 0 0 0
4400 8 1 1 4 0 0 0 0 0
4403 4 0 0 0 0 0 4 4 0
4404 4 0 0 0 0 0 4 0 0
4405 4 0 0 0 0 0 4 0 0
4408 8 0 0 0 0 0 0 0 0
4410 8 0 0 0 0 0 0 0 0
4412 8 0 0 0 0 0 4 3 0
4415 32 1 1 0 0 0 4 0 0
4417 12 0 0 0 0 0 4 0 0
4418 4 0 0 0 0 0 4 0 0
4421 4 0 0 0 0 0 0 0 0
4443 5 1 1 5 0 0 0 0 0
4444 10 0 0 5 1 0 0 0 0
4446 10 0 0 5 1 1 0 0 0
4449 15 0 0 0 0 0 0 0 0
4451 4 0 0 0 0 0 0 0 0
4452 8 1 1 0 0 0 0 0 0
4453 4 0 0 0 0 0 4 0 0
4454 32 1 1 0 0 0 4 0 0
4456 8 0 0 0 0 0 4 4 4
4459 8 0 0 0 0 0 0 0 0
4460 15 0 0 0 0 0 5 2 1
4461 5 0 0 0 0 0 0 0 0
4466 4 0 0 1 0 0 1 0 0
4482 2 0 0 0 0 0 0 0 0
4487 108 2 2 81 0 0 0 0 0
fn=_int_memalign
1326 6 0 0 0 0 0 0 0 0
1345 24 1 1 0 0 0 0 0 0
4714 4 0 0 0 0 0 0 0 0
4756 2 1 1 0 0 0 0 0 0
4757 6 0 0 0 0 0 2 1 1
4758 4 0 0 0 0 0 2 0 0
5039 24 1 1 0 0 0 18 2 1
5069 12 0 0 0 0 0 6 0 0
5071 9 0 0 3 0 0 0 0 0
5074 3 0 0 0 0 0 0 0 0
5076 12 0 0 0 0 0 0 0 0
5083 15 1 1 0 0 0 0 0 0
5085 12 0 0 0 0 0 0 0 0
5086 1 0 0 0 0 0 0 0 0
5089 2 0 0 0 0 0 0 0 0
5090 12 0 0 3 0 0 0 0 0
5093 6 0 0 0 0 0 0 0 0
5095 2 0 0 1 0 0 1 0 0
5096 2 0 0 0 0 0 1 0 0
5097 1 0 0 0 0 0 0 0 0
5101 20 1 1 0 0 0 4 1 1
5103 2 0 0 2 0 0 0 0 0
5104 10 0 0 2 0 0 2 0 0
5105 4 0 0 0 0 0 2 0 0
5106 2 0 0 0 0 0 0 0 0
5108 18 1 1 2 0 0 0 0 0
5113 6 0 0 2 0 0 0 0 0
5115 4 0 0 0 0 0 0 0 0
5116 2 0 0 0 0 0 0 0 0
5117 4 0 0 2 0 0 0 0 0
5118 4 0 0 0 0 0 0 0 0
5120 2 0 0 0 0 0 0 0 0
5121 4 0 0 0 0 0 0 0 0
5122 2 1 1 2 0 0 0 0 0
5129 2 0 0 0 0 0 0 0 0
5130 6 2 2 0 0 0 2 0 0
5134 6 1 1 0 0 0 2 0 0
5140 2 0 0 0 0 0 0 0 0
5141 27 0 0 21 0 0 0 0 0
fn=_mid_memalign.isra.0
1326 6 0 0 0 0 0 0 0 0
1345 15 0 0 0 0 0 0 0 0
3575 21 1 1 0 0 0 12 0 0
3581 6 1 1 0 0 0 0 0 0
3585 6 0 0 0 0 0 0 0 0
3590 9 2 2 0 0 0 0 0 0
3598 9 0 0 0 0 0 0 0 0
3615 9 0 0 0 0 0 0 0 0
3617 6 1 1 3 3 1 0 0 0
3638 6 0 0 3 2 1 0 0 0
3640 15 1 1 0 0 0 3 0 0
3641 15 1 1 3 0 0 0 0 0
3643 6 1 1 0 0 0 0 0 0
3662 18 0 0 15 0 0 0 0 0
fn=aligned_alloc
3556 21 1 1 0 0 0 9 2 1
3557 6 0 0 3 2 1 0 0 0
3564 15 0 0 0 0 0 0 0 0
3571 9 0 0 0 0 0 0 0 0
3572 9 1 1 9 0 0 0 0 0
fn=alloc_perturb
1985 15 1 1 5 0 0 0 0 0
1987 5 0 0 5 0 0 0 0 0
fn=free
3359 56 2 2 0 0 0 32 0 0
3363 16 0 0 0 0 0 0 0 0
3371 16 0 0 16 10 2 0 0 0
3373 8 0 0 0 0 0 0 0 0
3375 24 0 0 8 7 1 0 0 0
3392 24 0 0 16 4 0 0 0 0
3398 24 1 1 0 0 0 8 2 0
3401 8 0 0 0 0 0 8 0 0
3402 48 0 0 40 0 0 0 0 0
fn=malloc
1326 12 0 0 0 0 0 0 0 0
1345 30 1 1 0 0 0 0 0 0
3294 48 1 1 0 0 0 24 2 0
3301 12 0 0 6 2 0 0 0 0
3311 12 0 0 0 0 0 0 0 0
3313 24 0 0 12 4 0 0 0 0
3316 12 0 0 6 2 0 0 0 0
3318 6 1 1 2 2 2 0 0 0
3326 12 1 1 6 2 0 0 0 0
3328 24 1 1 0 0 0 6 0 0
3329 30 1 1 6 0 0 0 0 0
3354 36 1 1 30 0 0 0 0 0
fn=sysmalloc_mmap.isra.0
2008 4 0 0 1 0 0 0 0 0
2400 6 1 1 0 0 0 4 0 0
2413 3 0 0 0 0 0 0 0 0
2418 2 0 0 0 0 0 0 0 0
2421 10 1 1 0 0 0 1 1 0
2424 2 1 1 0 0 0 0 0 0
2428 2 0 0 0 0 0 0 0 0
2432 4 0 0 0 0 0 1 0 0
2448 3 0 0 0 0 0 0 0 0
2466 1 0 0 0 0 0 1 1 1
2467 3 1 1 0 0 0 1 0 0
2471 3 0 0 2 0 0 0 0 0
2472 5 0 0 2 0 0 0 0 0
2475 3 1 1 2 0 0 0 0 0
2476 5 0 0 2 0 0 0 0 0
2481 7 0 0 5 0 0 0 0 0
fn=unlink_chunk.isra.0
1608 18 1 1 0 0 0 9 0 0
1610 45 0 0 18 3 0 0 0 0
1613 18 0 0 18 0 0 0 0 0
1614 18 0 0 9 0 0 0 0 0
1616 36 1 1 18 3 0 0 0 0
1619 9 0 0 0 0 0 9 0 0
1620 9 0 0 0 0 0 9 0 0
1621 36 0 0 6 2 0 0 0 0
1623 12 0 0 6 0 0 0 0 0
1624 18 0 0 12 0 0 0 0 0
1627 12 0 0 6 2 1 0 0 0
1641 6 0 0 0 0 0 6 0 0
1642 6 0 0 0 0 0 6 0 0
1645 18 1 1 18 0 0 0 0 0
fl=./misc/../sysdeps/unix/sysv/linux/mmap64.c
fn=mmap
47 7 1 1 0 0 0 3 0 0
50 2 0 0 0 0 0 0 0 0
53 7 1 1 0 0 0 0 0 0
58 6 1 1 0 0 0 0 0 0
60 4 0 0 4 0 0 0 0 0
fl=./misc/../sysdeps/unix/sysv/linux/setvmaname.c
fn=__set_vma_name
33 7 2 2 0 0 0 4 0 0
35 5 0 0 2 1 1 1 0 0
49 9 0 0 7 0 0 0 0 0
fl=./string/../sysdeps/x86_64/multiarch/../multiarch/strcmp-sse2.S
fn=strcmp
98 2 1 1 0 0 0 0 0 0
131 2 0 0 0 0 0 0 0 0
132 2 0 0 0 0 0 0 0 0
134 2 0 0 0 0 0 0 0 0
135 2 0 0 0 0 0 0 0 0
156 2 0 0 0 0 0 0 0 0
157 2 0 0 0 0 0 0 0 0
158 2 0 0 0 0 0 0 0 0
159 2 0 0 0 0 0 0 0 0
160 2 0 0 2 2 2 0 0 0
161 2 1 1 2 0 0 0 0 0
162 2 0 0 2 0 0 0 0 0
163 2 0 0 2 0 0 0 0 0
180 2 0 0 0 0 0 0 0 0
181 2 0 0 0 0 0 0 0 0
182 2 0 0 0 0 0 0 0 0
183 2 0 0 0 0 0 0 0 0
184 2 0 0 0 0 0 0 0 0
185 2 0 0 0 0 0 0 0 0
186 2 0 0 0 0 0 0 0 0
191 1 0 0 0 0 0 0 0 0
192 3 0 0 0 0 0 0 0 0
201 1 1 1 0 0 0 0 0 0
202 1 0 0 0 0 0 0 0 0
203 1 0 0 0 0 0 0 0 0
204 1 0 0 0 0 0 0 0 0
205 1 0 0 0 0 0 0 0 0
206 1 0 0 0 0 0 0 0 0
207 1 0 0 0 0 0 0 0 0
208 1 0 0 0 0 0 0 0 0
209 1 0 0 0 0 0 0 0 0
214 1 0 0 0 0 0 0 0 0
215 1 0 0 0 0 0 0 0 0
216 1 0 0 0 0 0 0 0 0
217 1 0 0 1 1 1 0 0 0
218 1 0 0 0 0 0 0 0 0
219 1 0 0 0 0 0 0 0 0
1613 1 1 1 0 0 0 0 0 0
1614 1 0 0 1 0 0 0 0 0
1615 1 0 0 1 0 0 0 0 0
1616 1 0 0 0 0 0 0 0 0
1617 1 0 0 0 0 0 0 0 0
1619 1 0 0 0 0 0 0 0 0
1620 1 0 0 0 0 0 0 0 0
1621 1 1 1 0 0 0 0 0 0
1622 1 0 0 0 0 0 0 0 0
1623 1 0 0 0 0 0 0 0 0
1624 1 0 0 0 0 0 0 0 0
1625 1 0 0 0 0 0 0 0 0
2095 1 1 1 0 0 0 0 0 0
2096 1 0 0 0 0 0 0 0 0
2097 1 0 0 0 0 0 0 0 0
2098 1 0 0 0 0 0 0 0 0
2104 2 1 1 0 0 0 0 0 0
2110 2 0 0 2 0 0 0 0 0
2111 2 0 0 2 0 0 0 0 0
2119 2 0 0 0 0 0 0 0 0
2120 2 0 0 2 0 0 0 0 0
fl=./string/../sysdeps/x86_64/multiarch/memset-vec-unaligned-erms.S
fn=__memset_avx2_unaligned_erms
158 3 1 1 0 0 0 0 0 0
159 6 0 0 0 0 0 0 0 0
164 3 0 0 0 0 0 0 0 0
165 3 0 0 0 0 0 0 0 0
166 3 0 0 0 0 0 0 0 0
167 3 0 0 0 0 0 0 0 0
168 3 0 0 0 0 0 0 0 0
237 3 1 1 3 3 1 0 0 0
238 3 0 0 0 0 0 0 0 0
244 3 0 0 0 0 0 3 0 0
245 3 0 0 0 0 0 3 2 0
257 3 0 0 0 0 0 0 0 0
260 3 0 0 0 0 0 0 0 0
261 3 0 0 0 0 0 0 0 0
273 3 0 0 0 0 0 3 0 0
274 3 0 0 0 0 0 3 3 1
287 3 0 0 0 0 0 0 0 0
288 3 0 0 0 0 0 0 0 0
290 3 0 0 0 0 0 0 0 0
293 3 0 0 0 0 0 0 0 0
296 3 0 0 0 0 0 0 0 0
299 24 1 1 0 0 0 24 8 3
300 24 0 0 0 0 0 24 14 0
301 24 0 0 0 0 0 24 10 3
302 24 0 0 0 0 0 24 14 0
303 24 0 0 0 0 0 0 0 0
304 24 0 0 0 0 0 0 0 0
305 27 0 0 0 0 0 0 0 0
308 3 0 0 0 0 0 3 0 0
309 3 0 0 0 0 0 3 1 0
310 3 0 0 0 0 0 3 0 0
311 3 0 0 0 0 0 3 0 0
314 6 0 0 3 0 0 0 0 0
fl=/home/wang/git-repositories/vcpkg/installed/x64-linux-clang-libcxx/include/boost/unordered/detail/foa/core.hpp
fn=lob::v19::OrderTable::grow()
1033 3 1 1 3 3 1 0 0 0
fl=/home/wang/git-repositories/vcpkg/installed/x64-linux-clang-libcxx/include/boost/unordered/detail/foa/table.hpp
fn=lob::v19::OrderTable::grow()
390 6 0 0 0 0 0 0 0 0
fl=/home/wang/sources/cxx/book/include/lob/events.hpp
fn=lob::v19::BookT<lob::ChecksumSink, 16u>::modify(unsigned long, long, unsigned int)
0 22104 1 1 0 0 0 22104 0 0
92 72121 0 0 72121 0 0 0 0 0
93 592336 2 2 94225 0 0 22104 0 0
fn=unsigned int lob::v19::BookT<lob::ChecksumSink, 16u>::match<(lob::Side)0>(unsigned long, long, unsigned int)
92 93015 0 0 31005 0 0 31005 0 0
93 403065 1 1 62010 0 0 31005 0 0
fn=unsigned int lob::v19::BookT<lob::ChecksumSink, 16u>::match<(lob::Side)1>(unsigned long, long, unsigned int)
92 92103 0 0 30701 0 0 30701 0 0
93 399113 1 1 61402 0 0 30701 0 0
fn=void lob::replay<lob::v19::BookT<lob::ChecksumSink, 16u> >(lob::v19::BookT<lob::ChecksumSink, 16u>&, std::__1::span<lob::Op const, 18446744073709551615ul>)
0 1838190 1 1 479616 0 0 439479 0 0
92 919095 0 0 919095 4 1 0 0 0
93 9311361 1 1 1358574 0 0 479616 0 0
fl=/home/wang/sources/cxx/book/include/lob/replay.hpp
fn=void lob::replay<lob::v19::BookT<lob::ChecksumSink, 16u> >(lob::v19::BookT<lob::ChecksumSink, 16u>&, std::__1::span<lob::Op const, 18446744073709551615ul>)
0 18 1 1 0 0 0 8 1 1
53 1000001 0 0 0 0 0 0 0 0
57 1 0 0 1 0 0 0 0 0
fl=/home/wang/sources/cxx/book/include/lob/v11/exact_div.hpp
fn=lob::v19::BookT<lob::ChecksumSink, 16u>::modify(unsigned long, long, unsigned int)
37 49458 1 1 32972 0 0 0 0 0
fn=void lob::replay<lob::v19::BookT<lob::ChecksumSink, 16u> >(lob::v19::BookT<lob::ChecksumSink, 16u>&, std::__1::span<lob::Op const, 18446744073709551615ul>)
37 1438848 0 0 959232 0 0 0 0 0
fl=/home/wang/sources/cxx/book/include/lob/v19/book.hpp
fn=lob::v19::BookT<lob::ChecksumSink, 16u>::anchor_if_on_tick(long)
405 3 0 0 0 0 0 1 0 0
406 1 0 0 0 0 0 1 0 0
623 10 1 1 1 0 0 0 0 0
624 1 0 0 1 0 0 0 0 0
fn=lob::v19::BookT<lob::ChecksumSink, 16u>::loc_of(unsigned int, unsigned long) const
365 111270 0 0 0 0 0 0 0 0
366 55635 0 0 0 0 0 0 0 0
382 278175 1 1 0 0 0 278175 0 0
383 55635 0 0 55635 0 0 0 0 0
384 166905 1 1 0 0 0 0 0 0
386 500715 0 0 278175 0 0 0 0 0
402 111270 1 1 111270 0 0 0 0 0
fn=lob::v19::BookT<lob::ChecksumSink, 16u>::modify(unsigned long, long, unsigned int)
0 703169 5 5 310956 0 0 161096 0 0
224 500715 2 2 0 0 0 333810 1 0
225 55635 0 0 0 0 0 0 0 0
226 111270 0 0 0 0 0 0 0 0
227 111270 0 0 0 0 0 0 0 0
228 111270 0 0 0 0 0 0 0 0
230 333810 0 0 0 0 0 166905 1 0
232 222540 0 0 0 0 0 0 0 0
233 33531 0 0 0 0 0 33531 0 0
234 33531 0 0 33531 0 0 0 0 0
237 22104 0 0 0 0 0 0 0 0
238 55635 0 0 55635 0 0 0 0 0
240 22104 1 1 22104 0 0 0 0 0
242 445080 0 0 389445 0 0 0 0 0
356 38590 0 0 0 0 0 0 0 0
363 148374 0 0 0 0 0 0 0 0
365 44208 0 0 0 0 0 0 0 0
399 32972 0 0 16486 0 0 0 0 0
400 49458 0 0 0 0 0 0 0 0
402 44208 0 0 44208 0 0 0 0 0
452 16486 1 1 16486 75 0 0 0 0
453 32972 0 0 0 0 0 0 0 0
456 32972 0 0 0 0 0 0 0 0
457 16486 0 0 0 0 0 0 0 0
458 16486 1 1 0 0 0 16486 713 0
459 16486 0 0 0 0 0 16486 0 0
460 16486 0 0 0 0 0 16486 0 0
461 16486 0 0 0 0 0 16486 0 0
468 22104 0 0 0 0 0 0 0 0
469 22104 0 0 0 0 0 0 0 0
470 221040 0 0 0 0 0 0 0 0
471 198936 1 1 0 0 0 0 0 0
472 22104 0 0 0 0 0 22104 13609 0
473 44208 0 0 22104 0 0 22104 13402 0
481 22104 0 0 0 0 0 0 0 0
482 88416 1 1 0 0 0 0 0 0
483 44208 0 0 0 0 0 0 0 0
484 137874 1 1 0 0 0 0 0 0
485 44208 0 0 22104 0 0 0 0 0
486 22104 0 0 0 0 0 0 0 0
487 88416 0 0 0 0 0 0 0 0
488 44208 1 1 0 0 0 0 0 0
494 22104 0 0 0 0 0 0 0 0
495 5618 0 0 0 0 0 0 0 0
496 11400 0 0 5700 0 0 2850 0 0
498 11072 0 0 5536 0 0 2768 0 0
499 11236 1 1 5618 0 0 0 0 0
561 32972 0 0 16486 0 0 0 0 0
563 49458 0 0 0 0 0 49458 0 0
565 16486 0 0 0 0 0 0 0 0
566 49458 0 0 16486 0 0 0 0 0
567 16486 0 0 0 0 0 0 0 0
572 16486 0 0 16486 0 0 0 0 0
585 44208 0 0 0 0 0 0 0 0
588 110520 1 1 0 0 0 0 0 0
589 22104 0 0 22104 0 0 0 0 0
590 132624 1 1 0 0 0 0 0 0
fn=lob::v19::BookT<lob::ChecksumSink, 16u>::relink_after_grow()
431 12 1 1 6 3 0 0 0 0
433 225 0 0 75 14 0 75 0 0
434 225 0 0 75 0 0 75 0 0
438 38 0 0 0 0 0 0 0 0
440 3 0 0 0 0 0 0 0 0
441 3 0 0 0 0 0 0 0 0
443 3 0 0 3 0 0 0 0 0
fn=unsigned int lob::v19::BookT<lob::ChecksumSink, 16u>::match<(lob::Side)0>(unsigned long, long, unsigned int)
0 311107 3 3 77588 97 1 62312 0 0
402 31156 0 0 15578 0 0 0 0 0
468 16492 0 0 0 0 0 0 0 0
469 16492 1 1 0 0 0 0 0 0
470 148428 0 0 32984 0 0 0 0 0
471 115444 0 0 16492 0 0 0 0 0
472 16492 0 0 0 0 0 16492 0 0
473 16492 0 0 0 0 0 16492 10180 0
509 140202 1 1 0 0 0 124624 389 0
519 31156 0 0 0 0 0 0 0 0
522 46734 1 1 0 0 0 0 0 0
525 15578 0 0 0 0 0 0 0 0
530 15578 0 0 0 0 0 0 0 0
532 31156 0 0 15578 0 0 0 0 0
533 124624 1 1 31156 0 0 15578 0 0
534 124020 0 0 31005 0 0 0 0 0
537 93015 0 0 0 0 0 0 0 0
539 31005 1 1 31005 0 0 0 0 0
541 31005 0 0 0 0 0 31005 0 0
542 62010 0 0 0 0 0 0 0 0
544 32984 0 0 0 0 0 0 0 0
548 31156 0 0 15578 0 0 0 0 0
556 140202 1 1 109046 0 0 0 0 0
fn=unsigned int lob::v19::BookT<lob::ChecksumSink, 16u>::match<(lob::Side)1>(unsigned long, long, unsigned int)
0 337063 3 3 92022 81 0 76550 0 0
402 30620 0 0 15310 0 0 0 0 0
468 16225 0 0 0 0 0 0 0 0
469 16225 0 0 0 0 0 0 0 0
470 146025 0 0 32450 0 0 0 0 0
471 113575 1 1 16225 0 0 0 0 0
472 16225 0 0 0 0 0 16225 0 0
473 16225 0 0 0 0 0 16225 10414 0
509 137790 1 1 0 0 0 122480 387 0
519 30620 0 0 0 0 0 0 0 0
522 45930 0 0 0 0 0 0 0 0
525 15310 0 0 0 0 0 0 0 0
526 15310 0 0 0 0 0 0 0 0
530 15310 0 0 0 0 0 0 0 0
532 30620 0 0 15310 0 0 0 0 0
533 107170 1 1 45930 0 0 0 0 0
534 122804 0 0 30701 0 0 0 0 0
537 92103 1 1 0 0 0 0 0 0
539 30701 1 1 30701 0 0 0 0 0
541 30701 0 0 0 0 0 30701 0 0
542 61402 0 0 0 0 0 0 0 0
544 32450 0 0 0 0 0 0 0 0
548 30620 1 1 15310 0 0 0 0 0
556 137790 1 1 107170 0 0 0 0 0
fn=void lob::replay<lob::v19::BookT<lob::ChecksumSink, 16u> >(lob::v19::BookT<lob::ChecksumSink, 16u>&, std::__1::span<lob::Op const, 18446744073709551615ul>)
0 4017234 3 3 2398718 125000 125000 0 0 0
193 4888730 1 1 1000000 179945 179942 0 0 0
195 2019544 1 1 1514658 63211 63211 0 0 0
199 278175 0 0 111270 6848 6848 55635 0 0
205 504886 0 0 0 0 0 0 0 0
206 1449251 0 0 0 0 0 0 0 0
207 504886 0 0 0 0 0 504886 0 0
209 504886 0 0 0 0 0 0 0 0
210 12 1 1 0 0 0 9 0 0
211 1009772 1 1 504886 0 0 0 0 0
217 878958 1 1 0 0 0 0 0 0
218 1318437 0 0 878958 0 0 439479 0 0
221 439479 0 0 439479 0 0 0 0 0
356 2757285 1 1 0 0 0 0 0 0
363 4796160 0 0 0 0 0 0 0 0
365 878958 0 0 0 0 0 0 0 0
394 2 0 0 1 0 0 0 0 0
399 959232 0 0 479616 0 0 0 0 0
400 1438848 1 1 0 0 0 0 0 0
402 1009770 0 0 1009770 0 0 0 0 0
452 479616 0 0 479616 1421 9 0 0 0
453 959232 0 0 0 0 0 0 0 0
456 1438848 0 0 0 0 0 0 0 0
457 479616 0 0 0 0 0 0 0 0
458 479616 0 0 0 0 0 479616 8960 0
459 479616 0 0 0 0 0 479616 0 0
460 479616 0 0 0 0 0 479616 0 0
461 479616 1 1 0 0 0 479616 0 0
468 439479 0 0 0 0 0 0 0 0
469 878958 0 0 0 0 0 0 0 0
470 4834269 1 1 0 0 0 0 0 0
471 3955311 0 0 439479 0 0 0 0 0
472 439479 0 0 0 0 0 439479 270741 0
473 878958 1 1 0 0 0 439479 268712 0
482 1514658 0 0 0 0 0 0 0 0
483 1514655 0 0 0 0 0 0 0 0
484 3004046 0 0 0 0 0 25270 0 0
485 504886 1 1 504886 1 1 0 0 0
486 504886 0 0 0 0 0 0 0 0
487 2019540 0 0 0 0 0 0 0 0
488 1009772 1 1 0 0 0 0 0 0
494 504886 0 0 0 0 0 0 0 0
495 25270 0 0 0 0 0 0 0 0
496 12728 1 1 0 0 0 12728 0 0
498 12542 0 0 0 0 0 12542 0 0
499 75810 1 1 0 0 0 0 0 0
561 959237 1 1 479616 0 0 2 1 1
563 2398080 0 0 0 0 0 479616 0 0
565 479616 0 0 0 0 0 0 0 0
566 1438848 0 0 479616 0 0 0 0 0
567 479616 0 0 0 0 0 0 0 0
572 479616 0 0 479616 4 1 0 0 0
585 878958 1 1 0 0 0 0 0 0
588 2197395 0 0 878958 0 0 0 0 0
589 439479 0 0 439479 0 0 0 0 0
590 1757916 0 0 0 0 0 0 0 0
fl=/home/wang/sources/cxx/book/include/lob/v19/order_table.hpp
fn=lob::v19::BookT<lob::ChecksumSink, 16u>::loc_of(unsigned int, unsigned long) const
74 278175 0 0 55635 0 0 0 0 0
75 166905 0 0 0 0 0 0 0 0
fn=lob::v19::BookT<lob::ChecksumSink, 16u>::modify(unsigned long, long, unsigned int)
0 133706 1 1 22144 0 0 0 0 0
74 481625 3 3 160728 0 0 0 0 0
75 255512 0 0 0 0 0 0 0 0
88 166905 0 0 0 0 0 0 0 0
92 111542 0 0 0 0 0 0 0 0
93 272 0 0 136 0 0 0 0 0
129 5618 0 0 0 0 0 0 0 0
131 11236 0 0 0 0 0 0 0 0
132 5618 0 0 0 0 0 0 0 0
133 22472 0 0 11236 0 0 0 0 0
134 5618 0 0 0 0 0 5618 0 0
135 16854 0 0 5618 1 0 0 0 0
136 11336 0 0 20 0 0 0 0 0
137 5618 0 0 5618 0 0 0 0 0
138 5618 0 0 0 0 0 0 0 0
163 300647 1 1 122506 0 0 0 0 0
165 468 0 0 0 0 0 0 0 0
167 55635 0 0 0 0 0 0 0 0
172 111814 1 1 0 0 0 0 0 0
174 111542 0 0 55771 34567 0 0 0 0
fn=lob::v19::BookT<lob::ChecksumSink, 16u>::relink_after_grow()
0 87 0 0 6 0 0 0 0 0
143 150 0 0 0 0 0 0 0 0
144 150 0 0 150 4 0 0 0 0
fn=lob::v19::OrderTable::grow()
0 16152 3 3 8966 0 0 0 0 0
144 3434 0 0 3434 252 0 0 0 0
163 7168 0 0 1792 0 0 0 0 0
167 3584 0 0 0 0 0 0 0 0
184 1792 0 0 1792 30 0 0 0 0
185 8960 3 3 0 0 0 0 0 0
187 10316 1 1 0 0 0 1792 0 0
188 8960 0 0 1792 0 0 1792 1536 0
195 3 0 0 0 0 0 3 0 0
196 3 0 0 0 0 0 3 0 0
197 12 1 1 0 0 0 3 0 0
198 3 0 0 0 0 0 3 0 0
200 6 0 0 0 0 0 3 0 0
201 1825 1 1 0 0 0 0 0 0
202 3584 1 1 0 0 0 3584 3584 3584
203 3584 1 1 0 0 0 3584 0 0
207 24 1 1 0 0 0 21 2 1
210 3 0 0 3 0 0 0 0 0
211 3 0 0 0 0 0 0 0 0
212 12 0 0 0 0 0 3 0 0
213 5382 0 0 0 0 0 0 0 0
215 14336 0 0 3584 28 0 0 0 0
216 1792 1 1 1792 1527 0 0 0 0
218 12544 2 2 1792 0 0 1792 0 0
219 1792 0 0 0 0 0 1792 226 0
222 14342 0 0 0 0 0 0 0 0
224 26880 0 0 5376 46 0 0 0 0
226 7168 1 1 1792 1411 0 1792 0 0
227 7168 0 0 1792 0 0 1792 0 0
267 30 0 0 18 3 0 0 0 0
fn=unsigned int lob::v19::BookT<lob::ChecksumSink, 16u>::match<(lob::Side)0>(unsigned long, long, unsigned int)
0 109752 2 2 32117 0 0 0 0 0
74 191967 1 1 63989 0 0 0 0 0
75 109507 0 0 0 0 0 0 0 0
83 217035 1 1 62010 0 0 0 0 0
129 16492 0 0 0 0 0 0 0 0
131 32984 0 0 0 0 0 0 0 0
132 16492 1 1 0 0 0 0 0 0
133 65968 0 0 16492 0 0 0 0 0
134 16492 0 0 0 0 0 16492 0 0
135 65968 0 0 16492 1 0 0 0 0
136 33266 1 1 47 32 0 0 0 0
137 16492 0 0 16492 0 0 0 0 0
163 65968 0 0 32984 0 0 0 0 0
165 188 0 0 0 0 0 0 0 0
fn=unsigned int lob::v19::BookT<lob::ChecksumSink, 16u>::match<(lob::Side)1>(unsigned long, long, unsigned int)
0 108303 1 1 31563 0 0 0 0 0
74 189453 2 2 63151 0 0 0 0 0
75 108328 0 0 0 0 0 0 0 0
83 214907 0 0 61402 0 0 0 0 0
129 16225 0 0 0 0 0 0 0 0
131 32450 1 1 0 0 0 0 0 0
132 16225 0 0 0 0 0 0 0 0
133 64900 0 0 16225 0 0 0 0 0
134 16225 0 0 0 0 0 16225 0 0
135 64900 0 0 16225 0 0 0 0 0
136 32618 0 0 28 22 0 0 0 0
137 16225 0 0 16225 0 0 0 0 0
163 64900 1 1 32450 0 0 0 0 0
165 112 0 0 0 0 0 0 0 0
fn=void lob::replay<lob::v19::BookT<lob::ChecksumSink, 16u> >(lob::v19::BookT<lob::ChecksumSink, 16u>&, std::__1::span<lob::Op const, 18446744073709551615ul>)
0 3212287 2 2 946966 1 1 479619 0 0
74 12907467 3 3 2757285 0 0 0 0 0
75 2837559 0 0 0 0 0 0 0 0
88 878958 0 0 439479 0 0 0 0 0
92 881316 0 0 0 0 0 0 0 0
93 2358 0 0 1179 0 0 0 0 0
100 1514658 0 0 504886 1 1 0 0 0
101 1009772 1 1 0 0 0 504886 0 0
102 1514658 0 0 1009772 0 0 0 0 0
103 9 1 1 0 0 0 3 0 0
105 504886 0 0 0 0 0 504886 3 0
106 1009778 0 0 3 0 0 504886 0 0
129 490019 1 1 0 0 0 0 0 0
131 929498 1 1 0 0 0 0 0 0
132 464749 0 0 0 0 0 0 0 0
133 1394247 1 1 464749 0 0 0 0 0
134 464749 0 0 0 0 0 464749 0 0
135 1858996 0 0 464749 14 1 0 0 0
136 935813 1 1 1263 0 0 0 0 0
137 490019 1 1 464749 0 0 0 0 0
163 7020300 2 2 2313342 0 0 0 0 0
165 15220 0 0 0 0 0 0 0 0
167 1449251 0 0 0 0 0 0 0 0
172 884853 1 1 0 0 0 0 0 0
174 881316 0 0 440658 272611 0 0 0 0
184 506249 0 0 506249 84 11 0 0 0
185 2529882 1 1 0 0 0 0 0 0
187 2019544 0 0 0 0 0 504886 0 0
188 2019544 1 1 504886 0 0 504886 437874 222
191 4089 0 0 1363 750 0 0 0 0
fl=/home/wang/sources/cxx/book/include/lob/v3/hier_bitmap.hpp
fn=lob::v19::BookT<lob::ChecksumSink, 16u>::modify(unsigned long, long, unsigned int)
48 66312 0 0 44208 0 0 0 0 0
57 32972 0 0 0 0 0 0 0 0
58 49458 0 0 16486 0 0 0 0 0
59 49458 0 0 32972 0 0 32972 122 0
78 66312 0 0 22104 0 0 0 0 0
79 88416 0 0 44208 1 0 0 0 0
80 22104 0 0 0 0 0 0 0 0
95 110520 0 0 0 0 0 0 0 0
fn=lob::v19::BookT<lob::ChecksumSink, 16u>::relink_after_grow()
0 33 0 0 9 0 0 0 0 0
112 18432 0 0 0 0 0 0 0 0
113 18588 2 2 6144 771 253 0 0 0
115 38 0 0 0 0 0 0 0 0
fn=unsigned int lob::v19::BookT<lob::ChecksumSink, 16u>::match<(lob::Side)0>(unsigned long, long, unsigned int)
0 15578 0 0 15578 0 0 0 0 0
48 46734 0 0 31156 0 0 0 0 0
95 77890 0 0 0 0 0 0 0 0
fn=unsigned int lob::v19::BookT<lob::ChecksumSink, 16u>::match<(lob::Side)1>(unsigned long, long, unsigned int)
48 45930 1 1 30620 0 0 0 0 0
95 76550 0 0 0 0 0 0 0 0
fn=void lob::replay<lob::v19::BookT<lob::ChecksumSink, 16u> >(lob::v19::BookT<lob::ChecksumSink, 16u>&, std::__1::span<lob::Op const, 18446744073709551615ul>)
0 3 0 0 0 0 0 0 0 0
48 1514658 0 0 1009772 5 2 0 0 0
57 959238 0 0 0 0 0 0 0 0
58 1438857 0 0 479619 14 6 0 0 0
59 1438866 1 1 959241 1 1 959238 3 1
78 1318437 0 0 439479 0 0 0 0 0
79 1318437 0 0 439479 5 0 0 0 0
80 439479 0 0 0 0 0 0 0 0
95 2524425 0 0 0 0 0 0 0 0
fl=/home/wang/sources/cxx/book/source/main.cxx
fn=auto lob::for_each_type<std::__1::tuple<lob::v0::Book<lob::ChecksumSink>, lob::v1::Book<lob::ChecksumSink>, lob::v2::Book<lob::ChecksumSink>, lob::v3::BookT<lob::ChecksumSink, 16u>, lob::v4::BookT<lob::ChecksumSink, 16u>, lob::v5::BookT<lob::ChecksumSink, 16u>, lob::v7::BookT<lob::ChecksumSink, 16u>, lob::v8::BookT<lob::ChecksumSink, 16u>, lob::v9::BookT<lob::ChecksumSink, 16u>, lob::v10::BookT<lob::ChecksumSink, 16u>, lob::v11::BookT<lob::ChecksumSink, 16u>, lob::v12::BookT<lob::ChecksumSink, 16u>, lob::v13::BookT<lob::ChecksumSink, 16u>, lob::v14::BookT<lob::ChecksumSink, 16u>, lob::v15::BookT<lob::ChecksumSink, 16u>, lob::v16::BookT<lob::ChecksumSink, 16u>, lob::v17::BookT<lob::ChecksumSink, 16u>, lob::v18::BookT<lob::ChecksumSink, 16u>, lob::v19::BookT<lob::ChecksumSink, 16u> >, (anonymous namespace)::with_version<(anonymous namespace)::cmd_replay((anonymous namespace)::Args const&)::$_0>(std::__1::basic_string_view<char, std::__1::char_traits<char> >, (anonymous namespace)::cmd_replay((anonymous namespace)::Args const&)::$_0&&)::{lambda<typename $T0>()#1}>((anonymous namespace)::with_version<(anonymous namespace)::cmd_replay((anonymous namespace)::Args const&)::$_0>(std::__1::basic_string_view<char, std::__1::char_traits<char> >, (anonymous namespace)::cmd_replay((anonymous namespace)::Args const&)::$_0&&)::{lambda<typename $T0>()#1}&&)::{lambda<unsigned long... $N0>(std::__1::integer_sequence<unsigned long, ($N0)...>)#1}::operator()<0ul, 1ul, 2ul, 3ul, 4ul, 5ul, 6ul, 7ul, 8ul, 9ul, 10ul, 11ul, 12ul, 13ul, 14ul, 15ul, 16ul, 17ul, 18ul>(std::__1::integer_sequence<unsigned long, 0ul, 1ul, 2ul, 3ul, 4ul, 5ul, 6ul, 7ul, 8ul, 9ul, 10ul, 11ul, 12ul, 13ul, 14ul, 15ul, 16ul, 17ul, 18ul>) const
294 2 1 1 0 0 0 1 1 1
295 3 1 1 1 1 1 1 1 1
296 9 1 1 0 0 0 6 1 1
fl=/usr/include/c++/v1/__algorithm/comp.h
fn=unsigned int lob::v19::BookT<lob::ChecksumSink, 16u>::match<(lob::Side)0>(unsigned long, long, unsigned int)
41 31005 0 0 31005 123 0 0 0 0
fn=unsigned int lob::v19::BookT<lob::ChecksumSink, 16u>::match<(lob::Side)1>(unsigned long, long, unsigned int)
41 30701 0 0 30701 152 0 0 0 0
fl=/usr/include/c++/v1/__algorithm/fill_n.h
fn=std::__1::vector<unsigned int, std::__1::allocator<unsigned int> >::assign(unsigned long, unsigned int const&)
0 30 2 2 0 0 0 0 0 0
fl=/usr/include/c++/v1/__bit/countr.h
fn=lob::v19::BookT<lob::ChecksumSink, 16u>::modify(unsigned long, long, unsigned int)
28 199686 2 2 44208 0 0 0 0 0
fn=lob::v19::BookT<lob::ChecksumSink, 16u>::relink_after_grow()
28 150 2 2 0 0 0 0 0 0
fn=lob::v19::OrderTable::grow()
28 3584 0 0 0 0 0 0 0 0
fn=unsigned int lob::v19::BookT<lob::ChecksumSink, 16u>::match<(lob::Side)0>(unsigned long, long, unsigned int)
28 77890 0 0 31156 0 0 0 0 0
fn=unsigned int lob::v19::BookT<lob::ChecksumSink, 16u>::match<(lob::Side)1>(unsigned long, long, unsigned int)
28 76550 0 0 30620 0 0 0 0 0
fn=void lob::replay<lob::v19::BookT<lob::ChecksumSink, 16u> >(lob::v19::BookT<lob::ChecksumSink, 16u>&, std::__1::span<lob::Op const, 18446744073709551615ul>)
28 3403385 0 0 1009770 6 0 0 0 0
fl=/usr/include/c++/v1/__iterator/wrap_iter.h
fn=void lob::replay<lob::v19::BookT<lob::ChecksumSink, 16u> >(lob::v19::BookT<lob::ChecksumSink, 16u>&, std::__1::span<lob::Op const, 18446744073709551615ul>)
65 1000000 0 0 0 0 0 0 0 0
125 1000001 1 1 0 0 0 0 0 0
fl=/usr/include/c++/v1/__memory/construct_at.h
fn=std::__1::vector<unsigned int, std::__1::allocator<unsigned int> >::assign(unsigned long, unsigned int const&)
38 1123 1 1 3 3 1 896 445 82
fl=/usr/include/c++/v1/__memory/unique_ptr.h
fn=lob::v19::BookT<lob::ChecksumSink, 16u>::modify(unsigned long, long, unsigned int)
583 11236 0 0 5618 0 0 0 0 0
fn=lob::v19::OrderTable::grow()
91 6 1 1 0 0 0 3 2 0
281 3 0 0 3 0 0 0 0 0
282 3 0 0 0 0 0 3 0 0
287 3 0 0 3 0 0 0 0 0
288 3 0 0 0 0 0 3 0 0
289 12 0 0 0 0 0 0 0 0
597 3 0 0 3 0 0 0 0 0
598 3 0 0 0 0 0 3 0 0
606 3 1 1 3 2 0 0 0 0
607 3 0 0 0 0 0 3 0 0
609 6 0 0 0 0 0 0 0 0
617 6 1 1 0 0 0 0 0 0
765 21 1 1 0 0 0 6 2 0
fn=unsigned int lob::v19::BookT<lob::ChecksumSink, 16u>::match<(lob::Side)0>(unsigned long, long, unsigned int)
583 16492 0 0 16492 0 0 0 0 0
fn=unsigned int lob::v19::BookT<lob::ChecksumSink, 16u>::match<(lob::Side)1>(unsigned long, long, unsigned int)
583 16225 0 0 16225 0 0 0 0 0
fn=void lob::replay<lob::v19::BookT<lob::ChecksumSink, 16u> >(lob::v19::BookT<lob::ChecksumSink, 16u>&, std::__1::span<lob::Op const, 18446744073709551615ul>)
583 464749 0 0 464749 0 0 0 0 0
fl=/usr/include/c++/v1/__new/allocate.h
fn=std::__1::vector<unsigned int, std::__1::allocator<unsigned int> >::assign(unsigned long, unsigned int const&)
37 3 0 0 0 0 0 0 0 0
43 3 0 0 0 0 0 3 0 0
63 2 0 0 0 0 0 2 0 0
fl=/usr/include/c++/v1/__tree
fn=lob::v19::BookT<lob::ChecksumSink, 16u>::relink_after_grow()
680 6 0 0 0 0 0 0 0 0
859 6 0 0 0 0 0 0 0 0
915 6 1 1 6 3 0 0 0 0
fl=/usr/include/c++/v1/__vector/vector.h
fn=auto lob::for_each_type<std::__1::tuple<lob::v0::Book<lob::ChecksumSink>, lob::v1::Book<lob::ChecksumSink>, lob::v2::Book<lob::ChecksumSink>, lob::v3::BookT<lob::ChecksumSink, 16u>, lob::v4::BookT<lob::ChecksumSink, 16u>, lob::v5::BookT<lob::ChecksumSink, 16u>, lob::v7::BookT<lob::ChecksumSink, 16u>, lob::v8::BookT<lob::ChecksumSink, 16u>, lob::v9::BookT<lob::ChecksumSink, 16u>, lob::v10::BookT<lob::ChecksumSink, 16u>, lob::v11::BookT<lob::ChecksumSink, 16u>, lob::v12::BookT<lob::ChecksumSink, 16u>, lob::v13::BookT<lob::ChecksumSink, 16u>, lob::v14::BookT<lob::ChecksumSink, 16u>, lob::v15::BookT<lob::ChecksumSink, 16u>, lob::v16::BookT<lob::ChecksumSink, 16u>, lob::v17::BookT<lob::ChecksumSink, 16u>, lob::v18::BookT<lob::ChecksumSink, 16u>, lob::v19::BookT<lob::ChecksumSink, 16u> >, (anonymous namespace)::with_version<(anonymous namespace)::cmd_replay((anonymous namespace)::Args const&)::$_0>(std::__1::basic_string_view<char, std::__1::char_traits<char> >, (anonymous namespace)::cmd_replay((anonymous namespace)::Args const&)::$_0&&)::{lambda<typename $T0>()#1}>((anonymous namespace)::with_version<(anonymous namespace)::cmd_replay((anonymous namespace)::Args const&)::$_0>(std::__1::basic_string_view<char, std::__1::char_traits<char> >, (anonymous namespace)::cmd_replay((anonymous namespace)::Args const&)::$_0&&)::{lambda<typename $T0>()#1}&&)::{lambda<unsigned long... $N0>(std::__1::integer_sequence<unsigned long, ($N0)...>)#1}::operator()<0ul, 1ul, 2ul, 3ul, 4ul, 5ul, 6ul, 7ul, 8ul, 9ul, 10ul, 11ul, 12ul, 13ul, 14ul, 15ul, 16ul, 17ul, 18ul>(std::__1::integer_sequence<unsigned long, 0ul, 1ul, 2ul, 3ul, 4ul, 5ul, 6ul, 7ul, 8ul, 9ul, 10ul, 11ul, 12ul, 13ul, 14ul, 15ul, 16ul, 17ul, 18ul>) const
388 4 0 0 1 0 0 0 0 0
449 1 0 0 1 1 1 0 0 0
fn=lob::v19::BookT<lob::ChecksumSink, 16u>::relink_after_grow()
388 3 0 0 3 0 0 0 0 0
764 3 1 1 0 0 0 3 0 0
fn=lob::v19::OrderTable::grow()
407 1792 0 0 1792 0 0 0 0 0
fn=std::__1::vector<unsigned int, std::__1::allocator<unsigned int> >::assign(unsigned long, unsigned int const&)
0 6 0 0 0 0 0 0 0 0
391 18 0 0 6 2 0 0 0 0
572 6 0 0 0 0 0 0 0 0
575 3 0 0 0 0 0 3 0 0
577 6 0 0 0 0 0 3 0 0
741 3 0 0 0 0 0 0 0 0
746 6 1 1 0 0 0 3 0 0
764 2 0 0 0 0 0 2 0 0
889 6 0 0 0 0 0 0 0 0
893 8 0 0 0 0 0 4 0 0
902 9 1 1 0 0 0 0 0 0
905 18 1 1 0 0 0 0 0 0
935 469 0 0 0 0 0 0 0 0
1080 24 1 1 0 0 0 15 0 0
1081 6 0 0 0 0 0 0 0 0
1093 21 1 1 18 0 0 0 0 0
fn=void lob::replay<lob::v19::BookT<lob::ChecksumSink, 16u> >(lob::v19::BookT<lob::ChecksumSink, 16u>&, std::__1::span<lob::Op const, 18446744073709551615ul>)
394 1009772 0 0 1009772 1 1 0 0 0
fl=/usr/include/c++/v1/map
fn=unsigned int lob::v19::BookT<lob::ChecksumSink, 16u>::match<(lob::Side)0>(unsigned long, long, unsigned int)
1031 31156 0 0 15578 0 0 0 0 0
fn=unsigned int lob::v19::BookT<lob::ChecksumSink, 16u>::match<(lob::Side)1>(unsigned long, long, unsigned int)
1031 30620 1 1 15310 0 0 0 0 0
fl=???
fn=???
0 78 12 12 49 37 11 4 0 0
fn=operator delete(void*)
0 25 0 0 5 0 0 5 0 0
fn=operator delete(void*, std::align_val_t)
0 15 1 1 3 0 0 3 0 0
fn=operator delete(void*, unsigned long)
0 10 0 0 2 0 0 2 0 0
fn=operator delete[](void*)
0 15 1 1 3 0 0 3 0 0
fn=operator new(unsigned long)
0 102 2 2 18 0 0 24 0 0
fn=operator new(unsigned long, std::align_val_t)
0 81 3 3 12 0 0 12 0 0
fn=operator new[](unsigned long)
0 15 0 0 3 0 0 3 0 0
summary: 168303763 313 313 36932177 689433 375405 11601199 1041421 3933
