==45728== Cachegrind, a high-precision tracing profiler
==45728== Copyright (C) 2002-2017, and GNU GPL'd, by Nicholas Nethercote et al.
==45728== Using Valgrind-3.22.0 and LibVEX; rerun with -h for copyright info
==45728== Command: /home/wang/sources/cxx/book/build/profile/book replay --workload data/itch12302019_AAPL.ops --version v7
==45728== 
==45728== 
==45728== I refs:        341,825,053
==45728== I1  misses:            262
==45728== LLi misses:            262
==45728== I1  miss rate:        0.00%
==45728== LLi miss rate:        0.00%
==45728== 
==45728== D refs:        141,978,525  (90,910,288 rd   + 51,068,237 wr)
==45728== D1  misses:      3,060,512  ( 1,841,511 rd   +  1,219,001 wr)
==45728== LLd misses:        770,794  (   638,520 rd   +    132,274 wr)
==45728== D1  miss rate:         2.2% (       2.0%     +        2.4%  )
==45728== LLd miss rate:         0.5% (       0.7%     +        0.3%  )
==45728== 
==45728== LL refs:         3,060,774  ( 1,841,773 rd   +  1,219,001 wr)
==45728== LL misses:         771,056  (   638,782 rd   +    132,274 wr)
==45728== LL miss rate:          0.2% (       0.1%     +        0.3%  )
