==19320== Cachegrind, a high-precision tracing profiler
==19320== Copyright (C) 2002-2017, and GNU GPL'd, by Nicholas Nethercote et al.
==19320== Using Valgrind-3.22.0 and LibVEX; rerun with -h for copyright info
==19320== Command: /home/wang/sources/cxx/book/build/profile/book replay --workload data/syn_deep_s42.ops --version v0
==19320== 
==19320== 
==19320== I refs:        473,932,805
==19320== I1  misses:            319
==19320== LLi misses:            319
==19320== I1  miss rate:        0.00%
==19320== LLi miss rate:        0.00%
==19320== 
==19320== D refs:        191,948,885  (119,484,975 rd   + 72,463,910 wr)
==19320== D1  misses:      4,871,918  (  3,648,278 rd   +  1,223,640 wr)
==19320== LLd misses:        410,160  (    375,426 rd   +     34,734 wr)
==19320== D1  miss rate:         2.5% (        3.1%     +        1.7%  )
==19320== LLd miss rate:         0.2% (        0.3%     +        0.0%  )
==19320== 
==19320== LL refs:         4,872,237  (  3,648,597 rd   +  1,223,640 wr)
==19320== LL misses:         410,479  (    375,745 rd   +     34,734 wr)
==19320== LL miss rate:          0.1% (        0.1%     +        0.0%  )
