desc: I1 cache:         32768 B, 64 B, 8-way associative
desc: D1 cache:         49152 B, 64 B, 12-way associative
desc: LL cache:         6291456 B, 64 B, 12-way associative
cmd: /home/wang/sources/cxx/book/build/profile/book replay --workload data/syn_default_s42.ops --version v2
events: Ir I1mr ILmr Dr D1mr DLmr Dw D1mw DLmw 
fl=./malloc/./malloc/arena.c
fn=free
153 3777 0 0 0 0 0 0 0 0
fn=malloc
153 130 0 0 0 0 0 0 0 0
fl=./malloc/./malloc/malloc.c
fn=_int_free
1792 31 0 0 31 19 0 0 0 0
1992 57 1 1 19 0 0 0 0 0
3163 2456 1 1 1228 0 0 1228 0 0
3165 4912 0 0 1228 736 4 1228 0 0
3166 1228 0 0 0 0 0 1228 0 0
3167 2456 0 0 0 0 0 1228 0 0
4495 8813 1 1 0 0 0 5036 3 0
4499 3777 1 1 1259 0 0 0 0 0
4505 5036 0 0 0 0 0 0 0 0
4506 2518 0 0 0 0 0 0 0 0
4510 6295 0 0 0 0 0 0 0 0
4517 2518 0 0 0 0 0 0 0 0
4518 7554 1 1 3777 743 0 0 0 0
4521 1247 0 0 0 0 0 0 0 0
4527 3741 0 0 2494 1005 1 0 0 0
4547 6235 1 1 2494 798 0 0 0 0
4550 1228 0 0 0 0 0 0 0 0
4561 62 0 0 0 0 0 0 0 0
4572 76 0 0 19 1 0 0 0 0
4574 57 0 0 19 17 0 0 0 0
4593 19 0 0 0 0 0 0 0 0
4595 19 0 0 0 0 0 19 17 0
4596 19 0 0 0 0 0 0 0 0
4600 57 0 0 19 0 0 0 0 0
4602 38 0 0 19 17 0 0 0 0
4606 38 0 0 0 0 0 0 0 0
4608 57 0 0 0 0 0 19 0 0
4609 19 0 0 0 0 0 19 0 0
4628 76 0 0 0 0 0 0 0 0
4637 24 0 0 12 0 0 0 0 0
4640 24 0 0 12 4 0 0 0 0
4643 24 1 1 0 0 0 0 0 0
4646 24 0 0 0 0 0 0 0 0
4658 7542 1 1 6283 0 0 0 0 0
fn=_int_free_maybe_consolidate
4770 132 1 1 12 4 0 84 0 0
4776 24 0 0 0 0 0 0 0 0
4778 8 0 0 2 0 0 0 0 0
4781 6 0 0 0 0 0 0 0 0
4784 10 2 2 6 2 1 0 0 0
4785 5 0 0 3 0 0 0 0 0
4798 128 1 1 105 0 0 0 0 0
fn=_int_free_merge_chunk
1992 36 0 0 12 0 0 0 0 0
4665 96 1 1 0 0 0 72 0 0
4666 12 0 0 0 0 0 0 0 0
4670 72 0 0 12 4 0 0 0 0
4673 48 1 1 12 4 0 0 0 0
4675 36 1 1 12 4 0 0 0 0
4678 36 0 0 12 2 0 0 0 0
4681 24 0 0 0 0 0 0 0 0
4682 24 0 0 0 0 0 0 0 0
4683 24 0 0 12 4 0 0 0 0
4689 24 1 1 12 0 0 0 0 0
4691 7 0 0 7 0 0 0 0 0
4692 7 0 0 0 0 0 0 0 0
4693 7 0 0 0 0 0 0 0 0
4694 28 0 0 7 2 0 0 0 0
4696 14 0 0 0 0 0 7 1 0
4701 36 0 0 0 0 0 0 0 0
4702 84 0 0 72 0 0 0 0 0
4714 24 0 0 12 0 0 0 0 0
4720 24 0 0 12 2 0 0 0 0
4724 12 0 0 12 0 0 0 0 0
4732 12 0 0 0 0 0 0 0 0
4733 48 1 1 12 0 0 0 0 0
4734 24 0 0 12 0 0 0 0 0
4736 12 0 0 0 0 0 12 0 0
4738 24 0 0 0 0 0 0 0 0
4740 36 1 1 0 0 0 12 0 0
4743 12 0 0 0 0 0 12 0 0
4744 12 0 0 0 0 0 12 0 0
4746 36 0 0 0 0 0 12 0 0
4747 12 0 0 0 0 0 12 0 0
fn=_int_malloc
1326 130 0 0 0 0 0 0 0 0
1345 390 0 0 0 0 0 0 0 0
1794 65 1 1 65 0 0 0 0 0
1985 45 0 0 15 0 0 0 0 0
2008 8 0 0 2 0 0 0 0 0
2552 12 0 0 4 4 2 4 0 0
2553 2 1 1 0 0 0 2 0 0
2564 4 1 1 2 2 1 0 0 0
2589 8 0 0 2 0 0 2 0 0
2590 4 0 0 0 0 0 2 0 0
2599 24 1 1 6 0 0 0 0 0
2605 6 0 0 4 0 0 0 0 0
2608 6 1 1 0 0 0 0 0 0
2669 6 1 1 2 0 0 2 0 0
2677 4 0 0 2 0 0 0 0 0
2678 6 0 0 2 0 0 2 0 0
2691 6 1 1 2 0 0 0 0 0
2693 2 0 0 2 0 0 0 0 0
2699 10 0 0 2 0 0 2 0 0
2707 4 0 0 0 0 0 0 0 0
2709 8 2 2 0 0 0 4 2 0
2710 6 0 0 2 0 0 0 0 0
2711 2 0 0 0 0 0 0 0 0
2712 2 0 0 0 0 0 0 0 0
2715 4 0 0 0 0 0 0 0 0
2744 14 1 1 6 0 0 0 0 0
2746 4 1 1 0 0 0 2 0 0
2752 16 0 0 2 0 0 0 0 0
2753 12 0 0 2 0 0 2 0 0
2921 6 1 1 4 0 0 0 0 0
2922 2 0 0 0 0 0 2 0 0
2926 2 0 0 2 0 0 0 0 0
2930 10 1 1 4 0 0 0 0 0
2932 2 0 0 0 0 0 0 0 0
2933 2 0 0 0 0 0 0 0 0
2934 2 0 0 0 0 0 2 0 0
2935 14 0 0 0 0 0 2 0 0
2936 4 0 0 0 0 0 2 2 2
2938 2 0 0 0 0 0 0 0 0
3163 18 0 0 9 3 0 9 0 0
3165 24 0 0 9 2 0 9 0 0
3166 9 0 0 0 0 0 9 0 0
3167 18 0 0 0 0 0 9 0 0
3846 715 2 2 65 13 1 455 4 2
3887 130 0 0 0 0 0 0 0 0
3914 130 0 0 0 0 0 0 0 0
3916 188 0 0 0 0 0 0 0 0
3917 6 0 0 0 0 0 0 0 0
3919 47 0 0 47 12 1 0 0 0
3921 94 0 0 0 0 0 0 0 0
3923 12 0 0 0 0 0 0 0 0
3926 12 1 1 6 0 0 0 0 0
3927 30 0 0 6 4 0 6 0 0
3930 123 2 2 0 0 0 0 0 0
3932 12 0 0 6 1 0 0 0 0
3933 12 0 0 0 0 0 0 0 0
3939 12 0 0 0 0 0 0 0 0
3940 36 1 1 18 0 0 0 0 0
3945 27 0 0 12 0 0 0 0 0
3946 75 1 1 15 0 0 0 0 0
3948 18 0 0 0 0 0 0 0 0
3950 18 0 0 9 0 0 0 0 0
3951 54 0 0 9 7 0 9 0 0
3977 36 1 1 0 0 0 0 0 0
3979 118 0 0 0 0 0 0 0 0
3980 90 1 1 0 0 0 0 0 0
3982 135 0 0 45 13 7 0 0 0
4039 185 1 1 0 0 0 0 0 0
4040 42 0 0 14 1 0 0 0 0
4041 3 0 0 0 0 0 1 1 1
4058 177 1 1 59 0 0 0 0 0
4059 177 0 0 0 0 0 59 1 1
4060 177 1 1 118 0 0 0 0 0
4069 64 0 0 0 0 0 32 0 0
4070 368 1 1 82 7 2 59 0 0
4072 36 0 0 36 1 0 0 0 0
4073 72 0 0 36 5 1 0 0 0
4074 36 0 0 0 0 0 0 0 0
4076 72 0 0 0 0 0 0 0 0
4077 108 1 1 36 8 0 0 0 0
4079 36 0 0 36 3 0 0 0 0
4080 144 0 0 0 0 0 0 0 0
4082 144 0 0 36 0 0 0 0 0
4084 72 1 1 36 0 0 0 0 0
4085 72 0 0 36 0 0 0 0 0
4087 72 0 0 0 0 0 0 0 0
4098 144 0 0 0 0 0 0 0 0
4099 42 1 1 21 0 0 0 0 0
4100 28 0 0 0 0 0 0 0 0
4101 14 0 0 0 0 0 0 0 0
4104 13 0 0 0 0 0 0 0 0
4105 13 1 1 0 0 0 0 0 0
4106 13 0 0 0 0 0 13 0 0
4107 39 0 0 0 0 0 13 0 0
4108 39 1 1 0 0 0 13 11 3
4109 26 0 0 0 0 0 0 0 0
4111 26 0 0 0 0 0 13 3 2
4115 104 0 0 0 0 0 13 0 0
4117 39 1 1 0 0 0 13 2 0
4118 13 0 0 0 0 0 13 0 0
4121 13 0 0 0 0 0 0 0 0
4122 39 0 0 0 0 0 13 5 1
4123 13 0 0 0 0 0 0 0 0
4127 23 0 0 0 0 0 23 0 0
4128 23 0 0 0 0 0 23 0 0
4132 46 0 0 0 0 0 0 0 0
4161 52 2 2 0 0 0 0 0 0
4163 10 0 0 0 0 0 5 0 0
4164 20 0 0 0 0 0 0 0 0
4165 5 0 0 5 3 0 0 0 0
4169 244 4 4 0 0 0 18 0 0
4170 54 1 1 0 0 0 0 0 0
4171 18 0 0 18 8 2 0 0 0
4174 36 0 0 0 0 0 0 0 0
4218 72 0 0 0 0 0 18 0 0
4221 161 2 2 46 5 1 0 0 0
4222 23 0 0 0 0 0 23 0 0
4223 23 0 0 0 0 0 23 0 0
4224 23 0 0 0 0 0 23 0 0
4225 23 0 0 0 0 0 23 0 0
4230 46 0 0 46 0 0 0 0 0
4231 46 0 0 0 0 0 0 0 0
4240 92 1 1 46 0 0 0 0 0
4246 38 0 0 0 0 0 0 0 0
4257 138 1 1 0 0 0 0 0 0
4259 56 0 0 0 0 0 0 0 0
4262 42 0 0 14 11 10 0 0 0
4263 48 1 1 2 0 0 0 0 0
4266 2 0 0 2 0 0 0 0 0
4267 12 0 0 2 0 0 0 0 0
4273 4 1 1 2 0 0 0 0 0
4278 6 0 0 0 0 0 2 0 0
4279 6 0 0 0 0 0 4 0 0
4282 8 0 0 4 0 0 0 0 0
4291 2 0 0 0 0 0 0 0 0
4295 8 1 1 2 0 0 0 0 0
4296 4 0 0 2 0 0 0 0 0
4299 2 0 0 0 0 0 2 0 0
4300 2 0 0 0 0 0 2 0 0
4301 2 0 0 0 0 0 2 0 0
4302 4 0 0 0 0 0 0 0 0
4304 2 0 0 0 0 0 1 0 0
4307 16 1 1 0 0 0 2 0 0
4309 6 0 0 0 0 0 2 0 0
4310 2 0 0 0 0 0 2 0 0
4313 2 0 0 0 0 0 0 0 0
4330 44 0 0 0 0 0 0 0 0
4331 88 0 0 0 0 0 0 0 0
4332 88 0 0 0 0 0 0 0 0
4333 88 0 0 44 1 1 0 0 0
4334 264 0 0 0 0 0 0 0 0
4339 191 1 1 0 0 0 0 0 0
4343 347 2 2 0 0 0 0 0 0
4346 340 1 1 85 0 0 0 0 0
4348 32 0 0 0 0 0 0 0 0
4349 16 0 0 0 0 0 0 0 0
4353 262 0 0 0 0 0 0 0 0
4355 118 0 0 0 0 0 0 0 0
4357 236 0 0 0 0 0 0 0 0
4361 13 0 0 13 3 0 0 0 0
4364 26 0 0 0 0 0 0 0 0
4366 20 0 0 0 0 0 4 0 0
4367 4 0 0 0 0 0 0 0 0
4368 4 0 0 0 0 0 0 0 0
4373 36 0 0 9 2 0 0 0 0
4376 18 0 0 0 0 0 0 0 0
4378 27 1 1 0 0 0 9 0 0
4381 27 0 0 0 0 0 18 1 0
4384 36 0 0 18 0 0 0 0 0
4386 1 0 0 1 0 0 0 0 0
4387 3 1 1 0 0 0 0 0 0
4394 8 0 0 0 0 0 0 0 0
4399 32 0 0 8 0 0 0 0 0
4400 16 1 1 8 0 0 0 0 0
4403 8 0 0 0 0 0 8 6 0
4404 8 0 0 0 0 0 8 0 0
4405 8 0 0 0 0 0 8 0 0
4408 16 0 0 0 0 0 0 0 0
4409 8 0 0 0 0 0 8 0 0
4410 16 0 0 0 0 0 0 0 0
4412 14 0 0 0 0 0 7 1 0
4415 64 1 1 0 0 0 8 0 0
4417 24 0 0 0 0 0 8 0 0
4418 8 0 0 0 0 0 8 0 0
4421 9 0 0 0 0 0 0 0 0
4443 35 1 1 35 0 0 0 0 0
4444 70 0 0 35 3 1 0 0 0
4446 70 0 0 35 1 1 0 0 0
4449 105 0 0 0 0 0 0 0 0
4451 33 0 0 0 0 0 0 0 0
4452 66 1 1 0 0 0 0 0 0
4453 33 0 0 0 0 0 33 0 0
4454 264 1 1 0 0 0 33 0 0
4456 66 0 0 0 0 0 33 33 33
4459 70 0 0 0 0 0 0 0 0
4460 111 0 0 0 0 0 37 1 1
4461 37 0 0 0 0 0 0 0 0
4466 8 0 0 2 0 0 2 0 0
4482 2 0 0 0 0 0 0 0 0
4487 780 2 2 585 0 0 0 0 0
fn=alloc_perturb
1985 150 1 1 50 0 0 0 0 0
1987 50 0 0 50 0 0 0 0 0
fn=free
3359 8813 2 2 0 0 0 5036 0 0
3363 2518 0 0 0 0 0 0 0 0
3371 2518 0 0 2518 1988 2 0 0 0
3373 1259 0 0 0 0 0 0 0 0
3375 3777 0 0 1259 135 1 0 0 0
3392 3777 0 0 2518 1454 0 0 0 0
3398 3777 1 1 0 0 0 1259 1 0
3401 1259 0 0 0 0 0 1259 0 0
3402 7554 0 0 6295 0 0 0 0 0
fn=malloc
1326 2582 0 0 0 0 0 0 0 0
1345 6455 1 1 0 0 0 0 0 0
3178 2452 0 0 1226 724 0 0 0 0
3182 2452 0 0 0 0 0 0 0 0
3186 4904 0 0 1226 711 1 1226 0 0
3190 2452 0 0 0 0 0 1226 0 0
3191 1226 0 0 0 0 0 1226 0 0
3294 10328 1 1 0 0 0 5164 1 1
3301 2582 0 0 1291 974 1 0 0 0
3311 2582 0 0 0 0 0 0 0 0
3313 5164 0 0 2582 1439 2 0 0 0
3316 2582 0 0 1291 733 1 0 0 0
3318 3831 1 1 1277 785 3 0 0 0
3326 130 1 1 65 14 1 0 0 0
3328 260 1 1 0 0 0 65 1 0
3329 325 1 1 65 0 0 0 0 0
3354 7746 1 1 6455 0 0 0 0 0
fn=malloc_consolidate
4811 9 2 2 0 0 0 6 1 1
4826 1 0 0 0 0 0 1 0 0
4828 2 0 0 0 0 0 1 0 0
4839 1 0 0 0 0 0 0 0 0
4841 20 0 0 20 0 0 0 0 0
4842 20 0 0 0 0 0 0 0 0
4845 6 1 1 0 0 0 0 0 0
4849 9 0 0 3 1 0 0 0 0
4850 12 0 0 0 0 0 0 0 0
4855 15 1 1 3 0 0 0 0 0
4858 6 0 0 0 0 0 0 0 0
4859 3 0 0 0 0 0 0 0 0
4860 9 0 0 3 2 0 0 0 0
4862 6 0 0 0 0 0 0 0 0
4871 6 1 1 3 1 0 0 0 0
4874 6 1 1 3 2 1 0 0 0
4878 6 0 0 0 0 0 3 0 0
4880 3 0 0 3 0 0 0 0 0
4881 6 0 0 0 0 0 3 0 0
4882 6 0 0 3 0 0 3 1 0
4884 6 0 0 0 0 0 0 0 0
4889 9 0 0 0 0 0 3 0 0
4891 3 0 0 0 0 0 3 0 0
4892 3 0 0 0 0 0 3 0 0
4901 8 0 0 0 0 0 0 0 0
4904 30 0 0 10 0 0 0 0 0
4905 8 0 0 7 0 0 0 0 0
fn=systrim.constprop.0
2957 6 1 1 0 0 0 4 0 0
2966 3 0 0 2 0 0 0 0 0
2968 1 0 0 0 0 0 0 0 0
2969 2 0 0 0 0 0 0 0 0
2970 1 0 0 0 0 0 0 0 0
2974 3 0 0 1 0 0 0 0 0
2975 1 0 0 0 0 0 0 0 0
2978 5 1 1 2 2 0 0 0 0
2980 2 0 0 0 0 0 0 0 0
3020 6 0 0 5 0 0 0 0 0
fn=unlink_chunk.isra.0
1608 36 1 1 0 0 0 18 0 0
1610 90 0 0 36 1 0 0 0 0
1613 36 0 0 36 0 0 0 0 0
1614 36 0 0 18 0 0 0 0 0
1616 72 2 1 36 2 0 0 0 0
1619 18 0 0 0 0 0 18 0 0
1620 18 0 0 0 0 0 18 0 0
1621 84 0 0 16 2 0 0 0 0
1623 30 0 0 15 0 0 0 0 0
1624 45 0 0 30 0 0 0 0 0
1627 30 0 0 15 5 2 0 0 0
1641 15 0 0 0 0 0 15 0 0
1642 15 1 1 0 0 0 15 0 0
1645 36 0 0 36 0 0 0 0 0
fl=./malloc/./malloc/morecore.c
fn=__glibc_morecore
25 6 1 1 0 0 0 2 0 0
26 4 0 0 2 0 0 0 0 0
29 2 0 0 0 0 0 2 0 0
30 4 0 0 0 0 0 0 0 0
34 4 0 0 4 0 0 0 0 0
fl=./misc/../sysdeps/unix/sysv/linux/brk.c
fn=brk
36 2 1 1 0 0 0 0 0 0
37 4 0 0 2 0 0 2 0 0
38 4 0 0 0 0 0 0 0 0
44 2 0 0 0 0 0 0 0 0
45 2 0 0 2 0 0 0 0 0
fl=./misc/../sysdeps/unix/sysv/linux/brk_call.h
fn=brk
24 4 0 0 0 0 0 0 0 0
fl=./misc/./misc/sbrk.c
fn=sbrk
37 16 1 1 0 0 0 8 2 1
40 4 0 0 4 4 2 0 0 0
43 4 2 1 2 2 1 0 0 0
58 4 0 0 0 0 0 0 0 0
62 4 0 0 0 0 0 0 0 0
66 8 1 1 0 0 0 0 0 0
74 6 1 1 0 0 0 2 0 0
78 14 0 0 10 0 0 0 0 0
fl=./string/../sysdeps/x86_64/multiarch/memmove-vec-unaligned-erms.S
fn=__memcpy_avx_unaligned_erms
255 12 1 1 0 0 0 0 0 0
256 12 0 0 0 0 0 0 0 0
262 12 0 0 0 0 0 0 0 0
263 12 0 0 0 0 0 0 0 0
265 10 0 0 10 2 0 0 0 0
266 10 0 0 0 0 0 0 0 0
267 10 0 0 0 0 0 0 0 0
270 1 0 0 1 0 0 0 0 0
271 1 0 0 0 0 0 1 0 0
272 1 0 0 0 0 0 1 0 0
275 2 0 0 1 0 0 0 0 0
305 2 0 0 0 0 0 0 0 0
306 2 0 0 0 0 0 0 0 0
308 1 0 0 0 0 0 0 0 0
309 1 0 0 0 0 0 0 0 0
311 1 0 0 0 0 0 0 0 0
315 1 0 0 0 0 0 0 0 0
316 1 1 1 0 0 0 0 0 0
317 1 0 0 0 0 0 0 0 0
325 1 0 0 1 0 0 0 0 0
342 1 0 0 1 0 0 0 0 0
343 1 0 0 1 0 0 0 0 0
344 1 0 0 0 0 0 1 0 0
345 1 0 0 0 0 0 1 0 0
347 1 0 0 1 0 0 0 0 0
375 1 1 1 1 0 0 0 0 0
376 1 0 0 1 0 0 0 0 0
377 1 0 0 0 0 0 1 1 1
378 1 0 0 0 0 0 1 0 0
379 1 0 0 0 0 0 1 0 0
380 1 0 0 0 0 0 1 0 0
381 2 0 0 1 0 0 0 0 0
386 9 2 1 9 2 1 0 0 0
387 9 0 0 0 0 0 0 0 0
392 7 0 0 0 0 0 0 0 0
393 7 0 0 0 0 0 0 0 0
395 2 0 0 2 0 0 0 0 0
396 2 0 0 0 0 0 0 0 0
397 2 0 0 0 0 0 0 0 0
399 1 0 0 1 0 0 0 0 0
400 1 0 0 1 0 0 0 0 0
401 1 0 0 1 0 0 0 0 0
402 1 0 0 1 0 0 0 0 0
403 1 0 0 1 0 0 0 0 0
404 1 1 1 1 0 0 0 0 0
405 1 0 0 0 0 0 1 0 0
406 1 0 0 0 0 0 1 1 1
407 1 0 0 0 0 0 1 0 0
408 1 0 0 0 0 0 1 1 1
409 1 0 0 0 0 0 1 0 0
410 1 0 0 0 0 0 1 0 0
411 1 0 0 0 0 0 1 0 0
412 1 0 0 0 0 0 1 0 0
413 2 0 0 1 0 0 0 0 0
417 5 0 0 0 0 0 0 0 0
418 5 0 0 0 0 0 0 0 0
422 5 0 0 0 0 0 0 0 0
424 5 1 1 0 0 0 0 0 0
428 5 0 0 5 1 1 0 0 0
429 5 0 0 0 0 0 0 0 0
440 5 0 0 0 0 0 0 0 0
443 5 0 0 0 0 0 0 0 0
445 5 0 0 0 0 0 0 0 0
447 5 0 0 0 0 0 0 0 0
451 5 0 0 0 0 0 0 0 0
452 5 0 0 0 0 0 0 0 0
461 5 0 0 5 0 0 0 0 0
462 5 0 0 5 0 0 0 0 0
464 5 0 0 0 0 0 0 0 0
466 5 0 0 0 0 0 0 0 0
467 5 1 1 5 0 0 0 0 0
468 5 0 0 5 0 0 0 0 0
471 5 0 0 0 0 0 0 0 0
473 5 0 0 0 0 0 0 0 0
475 5 0 0 0 0 0 0 0 0
477 10 0 0 0 0 0 0 0 0
483 88 0 0 88 0 0 0 0 0
484 88 0 0 88 0 0 0 0 0
485 88 0 0 88 0 0 0 0 0
486 88 0 0 88 1 0 0 0 0
487 88 0 0 0 0 0 0 0 0
488 88 0 0 0 0 0 88 12 12
489 88 0 0 0 0 0 88 32 30
490 88 1 1 0 0 0 88 11 11
491 88 0 0 0 0 0 88 31 30
492 88 0 0 0 0 0 0 0 0
493 88 0 0 0 0 0 0 0 0
494 88 0 0 0 0 0 0 0 0
496 5 0 0 0 0 0 5 3 3
497 5 0 0 0 0 0 5 1 1
498 5 0 0 0 0 0 5 0 0
499 5 0 0 0 0 0 5 0 0
501 5 0 0 0 0 0 5 0 0
505 10 0 0 5 0 0 0 0 0
563 2 1 1 2 1 0 0 0 0
570 2 0 0 0 0 0 0 0 0
571 2 0 0 0 0 0 0 0 0
577 1 0 0 0 0 0 0 0 0
580 1 0 0 0 0 0 0 0 0
582 1 0 0 0 0 0 0 0 0
585 1 0 0 0 0 0 0 0 0
586 1 0 0 0 0 0 0 0 0
588 1 0 0 0 0 0 0 0 0
590 12241 0 0 12240 145 0 12240 190 0
592 1 0 0 0 0 0 1 0 0
594 1 0 0 0 0 0 1 0 0
596 2 0 0 1 0 0 0 0 0
601 2 1 1 0 0 0 0 0 0
602 2 0 0 0 0 0 0 0 0
606 2 0 0 0 0 0 0 0 0
608 2 0 0 0 0 0 0 0 0
611 2 0 0 0 0 0 0 0 0
615 2 0 0 2 2 0 0 0 0
616 2 0 0 0 0 0 0 0 0
620 2 0 0 2 0 0 0 0 0
624 2 0 0 0 0 0 0 0 0
648 1 0 0 0 0 0 0 0 0
650 1 0 0 0 0 0 0 0 0
652 1 0 0 0 0 0 0 0 0
654 1 1 1 0 0 0 0 0 0
657 1 0 0 0 0 0 0 0 0
658 1 0 0 0 0 0 0 0 0
660 24577 0 0 24576 378 0 24576 384 384
663 1 0 0 0 0 0 1 0 0
665 1 0 0 0 0 0 1 0 0
667 2 0 0 1 1 0 0 0 0
fl=./string/../sysdeps/x86_64/multiarch/memset-vec-unaligned-erms.S
fn=__memset_avx2_unaligned_erms
158 9 1 1 0 0 0 0 0 0
159 18 0 0 0 0 0 0 0 0
164 9 0 0 0 0 0 0 0 0
165 9 0 0 0 0 0 0 0 0
166 9 0 0 0 0 0 0 0 0
167 9 0 0 0 0 0 0 0 0
168 9 0 0 0 0 0 0 0 0
170 2 0 0 0 0 0 2 2 2
171 2 0 0 0 0 0 2 1 1
172 4 0 0 2 0 0 0 0 0
181 1 0 0 0 0 0 1 1 1
182 1 0 0 0 0 0 1 0 0
184 2 0 0 1 0 0 0 0 0
237 7 1 1 7 3 1 0 0 0
238 7 0 0 0 0 0 0 0 0
244 5 0 0 0 0 0 5 5 5
245 5 0 0 0 0 0 5 2 2
257 5 0 0 0 0 0 0 0 0
260 5 0 0 0 0 0 0 0 0
261 5 0 0 0 0 0 0 0 0
273 4 0 0 0 0 0 4 2 2
274 4 0 0 0 0 0 4 2 2
287 4 0 0 0 0 0 0 0 0
288 4 0 0 0 0 0 0 0 0
290 4 0 0 0 0 0 0 0 0
293 3 0 0 0 0 0 0 0 0
296 3 0 0 0 0 0 0 0 0
299 24 0 0 0 0 0 24 20 20
300 24 0 0 0 0 0 24 3 3
301 24 0 0 0 0 0 24 21 21
302 24 0 0 0 0 0 24 3 3
303 24 0 0 0 0 0 0 0 0
304 24 0 0 0 0 0 0 0 0
305 27 0 0 0 0 0 0 0 0
308 4 1 1 0 0 0 4 1 1
309 4 0 0 0 0 0 4 1 1
310 4 0 0 0 0 0 4 1 1
311 4 0 0 0 0 0 4 0 0
314 8 0 0 4 0 0 0 0 0
325 2 1 1 0 0 0 0 0 0
326 2 0 0 0 0 0 0 0 0
327 2 0 0 0 0 0 0 0 0
328 8194 0 0 0 0 0 8192 129 129
329 2 0 0 0 0 0 0 0 0
330 4 0 0 2 0 0 0 0 0
fl=/home/wang/git-repositories/vcpkg/installed/x64-linux-clang-libcxx/include/boost/container_hash/hash.hpp
fn=unsigned int lob::v2::Book<lob::ChecksumSink>::match<std::__1::map<long, lob::v2::Book<lob::ChecksumSink>::Level, std::__1::greater<void>, std::__1::allocator<std::__1::pair<long const, lob::v2::Book<lob::ChecksumSink>::Level> > >, lob::v2::Book<lob::ChecksumSink>::add(unsigned long, lob::Side, long, unsigned int)::{lambda(long)#2}>(std::__1::map<long, lob::v2::Book<lob::ChecksumSink>::Level, std::__1::greater<void>, std::__1::allocator<std::__1::pair<long const, lob::v2::Book<lob::ChecksumSink>::Level> > >&, unsigned long, unsigned int, lob::v2::Book<lob::ChecksumSink>::add(unsigned long, lob::Side, long, unsigned int)::{lambda(long)#2})
538 16225 0 0 16225 0 0 0 0 0
fn=unsigned int lob::v2::Book<lob::ChecksumSink>::match<std::__1::map<long, lob::v2::Book<lob::ChecksumSink>::Level, std::__1::less<void>, std::__1::allocator<std::__1::pair<long const, lob::v2::Book<lob::ChecksumSink>::Level> > >, lob::v2::Book<lob::ChecksumSink>::add(unsigned long, lob::Side, long, unsigned int)::{lambda(long)#1}>(std::__1::map<long, lob::v2::Book<lob::ChecksumSink>::Level, std::__1::less<void>, std::__1::allocator<std::__1::pair<long const, lob::v2::Book<lob::ChecksumSink>::Level> > >&, unsigned long, unsigned int, lob::v2::Book<lob::ChecksumSink>::add(unsigned long, lob::Side, long, unsigned int)::{lambda(long)#1})
538 16492 0 0 16492 0 0 0 0 0
fl=/home/wang/git-repositories/vcpkg/installed/x64-linux-clang-libcxx/include/boost/unordered/detail/foa/core.hpp
fn=(anonymous namespace)::cmd_replay((anonymous namespace)::Args const&)
0 1318450 0 0 439479 0 0 0 0 0
271 878984 1 1 0 0 0 0 0 0
272 878971 0 0 0 0 0 0 0 0
279 1757942 0 0 878971 1 1 0 0 0
336 439492 0 0 439492 4237 0 0 0 0
404 878958 0 0 0 0 0 0 0 0
849 3076353 0 0 1318437 15 2 0 0 0
881 13 0 0 0 0 0 0 0 0
882 39 0 0 0 0 0 0 0 0
883 13 0 0 0 0 0 0 0 0
927 885480 0 0 0 0 0 0 0 0
1727 878984 0 0 0 0 0 0 0 0
1729 439492 0 0 0 0 0 0 0 0
1732 878958 0 0 0 0 0 0 0 0
1733 439479 0 0 0 0 0 0 0 0
1737 1328220 0 0 0 0 0 0 0 0
1743 6522 1 1 0 0 0 0 0 0
1745 13 0 0 0 0 0 0 0 0
1750 13 0 0 0 0 0 0 0 0
1955 439479 0 0 439479 0 0 0 0 0
2266 3076353 1 1 878958 1 1 439479 0 0
fn=_ZN5boost9unordered6detail3foa10table_coreINS2_14flat_map_typesImN3lob2v24BookINS5_12ChecksumSinkEE3LocEEENS2_7group15INS2_14plain_integralEEENS2_12table_arraysENS2_18plain_size_controlENS_4hashImEENSt3__18equal_toImEENSJ_9allocatorINSJ_4pairIKmSA_EEEEE22for_all_elements_whileIZNSR_22for_all_elements_whileIZNSR_16for_all_elementsIZNSR_16unchecked_rehashERNSF_ISP_SE_NS2_16pow2_size_policyESQ_EEEUlPSP_E_EEDTcmclfL1p0_LDnEEcvv_EERKSW_T_EUlSY_E_EES10_S12_S13_EUlPSE_jSY_E_EEDTcmclfp0_LDnELi0ELDnEEcvv_EES12_S13_
0 5288 1 1 5208 3 0 48 0 0
296 11340 0 0 5670 175 0 0 0 0
297 5160 0 0 0 0 0 0 0 0
313 510 1 1 0 0 0 0 0 0
389 10320 0 0 5160 0 0 0 0 0
849 5160 0 0 0 0 0 0 0 0
927 15480 2 2 0 0 0 0 0 0
1033 9 1 1 9 0 0 0 0 0
1034 8 0 0 8 0 0 0 0 0
1955 5160 0 0 5160 0 0 0 0 0
1961 3060 0 0 0 0 0 0 0 0
2032 5160 0 0 5160 0 0 0 0 0
2063 18 0 0 0 0 0 0 0 0
2064 534 0 0 8 0 0 0 0 0
2065 1020 0 0 0 0 0 0 0 0
2067 11850 0 0 0 0 0 0 0 0
2069 10320 0 0 0 0 0 0 0 0
2075 18 1 1 9 0 0 0 0 0
2292 10320 0 0 10320 0 0 0 0 0
2350 5160 1 1 5160 0 0 0 0 0
2373 20640 0 0 0 0 0 0 0 0
2375 5160 0 0 0 0 0 0 0 0
2377 20640 0 0 5160 0 0 0 0 0
fn=boost::unordered::detail::foa::table_core<boost::unordered::detail::foa::flat_map_types<unsigned long, lob::v2::Book<lob::ChecksumSink>::Loc>, boost::unordered::detail::foa::group15<boost::unordered::detail::foa::plain_integral>, boost::unordered::detail::foa::table_arrays, boost::unordered::detail::foa::plain_size_control, boost::hash<unsigned long>, std::__1::equal_to<unsigned long>, std::__1::allocator<std::__1::pair<unsigned long const, lob::v2::Book<lob::ChecksumSink>::Loc> > >::unchecked_rehash(boost::unordered::detail::foa::table_arrays<std::__1::pair<unsigned long const, lob::v2::Book<lob::ChecksumSink>::Loc>, boost::unordered::detail::foa::group15<boost::unordered::detail::foa::plain_integral>, boost::unordered::detail::foa::pow2_size_policy, std::__1::allocator<std::__1::pair<unsigned long const, lob::v2::Book<lob::ChecksumSink>::Loc> > >&)
0 36 0 0 0 0 0 9 0 0
1033 18 0 0 18 3 1 0 0 0
1096 18 0 0 0 0 0 0 0 0
1108 16 0 0 8 0 0 0 0 0
1563 108 1 1 18 4 0 0 0 0
1811 45 0 0 9 0 0 0 0 0
2025 45 0 0 0 0 0 27 0 0
2054 9 0 0 0 0 0 9 0 0
2288 45 1 1 0 0 0 18 0 0
2289 9 1 1 0 0 0 9 0 0
2320 18 1 1 9 0 0 9 3 1
2321 9 1 1 0 0 0 9 0 0
2322 45 0 0 27 0 0 0 0 0
fn=boost::unordered::detail::foa::table_locator<boost::unordered::detail::foa::group15<boost::unordered::detail::foa::plain_integral>, std::__1::pair<unsigned long const, lob::v2::Book<lob::ChecksumSink>::Loc> > boost::unordered::detail::foa::table_core<boost::unordered::detail::foa::flat_map_types<unsigned long, lob::v2::Book<lob::ChecksumSink>::Loc>, boost::unordered::detail::foa::group15<boost::unordered::detail::foa::plain_integral>, boost::unordered::detail::foa::table_arrays, boost::unordered::detail::foa::plain_size_control, boost::hash<unsigned long>, std::__1::equal_to<unsigned long>, std::__1::allocator<std::__1::pair<unsigned long const, lob::v2::Book<lob::ChecksumSink>::Loc> > >::unchecked_emplace_with_rehash<boost::unordered::detail::foa::try_emplace_args_t, unsigned long&, lob::v2::Book<lob::ChecksumSink>::Loc>(unsigned long, boost::unordered::detail::foa::try_emplace_args_t&&, unsigned long&, lob::v2::Book<lob::ChecksumSink>::Loc&&)
0 162 2 2 27 0 0 9 0 0
296 18 0 0 9 0 0 0 0 0
297 18 0 0 0 0 0 0 0 0
389 27 0 0 9 0 0 0 0 0
837 36 0 0 0 0 0 0 0 0
842 18 0 0 0 0 0 0 0 0
849 9 0 0 0 0 0 0 0 0
859 18 0 0 0 0 0 0 0 0
927 18 0 0 0 0 0 0 0 0
1031 36 1 1 0 0 0 36 0 0
1051 18 0 0 0 0 0 9 0 0
1057 36 0 0 0 0 0 0 0 0
1058 27 0 0 0 0 0 0 0 0
1059 9 0 0 0 0 0 0 0 0
1066 9 0 0 0 0 0 0 0 0
1073 18 0 0 0 0 0 0 0 0
1085 9 0 0 0 0 0 0 0 0
1108 9 0 0 0 0 0 0 0 0
1125 27 0 0 0 0 0 9 0 0
1126 9 0 0 0 0 0 0 0 0
1689 9 0 0 9 0 0 0 0 0
1983 90 2 2 0 0 0 54 0 0
1988 36 1 1 0 0 0 27 0 0
1999 18 0 0 0 0 0 9 0 0
2000 9 0 0 9 0 0 0 0 0
2002 81 0 0 63 3 1 0 0 0
2132 162 1 1 18 5 2 0 0 0
2373 18 0 0 0 0 0 0 0 0
2375 9 0 0 0 0 0 0 0 0
2377 45 1 1 0 0 0 0 0 0
fn=lob::v2::Book<lob::ChecksumSink>::modify(unsigned long, long, unsigned int)
0 557589 1 1 166905 2 1 0 0 0
271 111270 0 0 0 0 0 0 0 0
272 111270 0 0 0 0 0 0 0 0
279 88416 0 0 44208 0 0 0 0 0
336 55635 0 0 55635 566 0 0 0 0
404 44208 1 1 0 0 0 0 0 0
849 111270 0 0 55635 0 0 0 0 0
927 112096 0 0 0 0 0 0 0 0
1727 111270 0 0 0 0 0 0 0 0
1729 55635 0 0 0 0 0 0 0 0
1732 111270 0 0 0 0 0 0 0 0
1733 55635 1 1 0 0 0 0 0 0
1737 168144 0 0 0 0 0 0 0 0
1743 826 0 0 0 0 0 0 0 0
1955 55635 0 0 55635 0 0 0 0 0
2266 176832 0 0 66312 0 0 22104 0 0
fn=lob::v2::Book<lob::ChecksumSink>::push(unsigned long, lob::Side, long, unsigned int)
0 2525981 2 2 504886 0 0 0 0 0
271 1012874 0 0 0 0 0 0 0 0
272 513795 0 0 0 0 0 0 0 0
279 1012874 0 0 506437 3 1 0 0 0
336 506437 0 0 506437 16348 1 0 0 0
849 3534202 1 1 1514658 49 25 0 0 0
881 1551 0 0 0 0 0 0 0 0
882 4653 0 0 0 0 0 0 0 0
883 1551 0 0 0 0 0 0 0 0
927 14720 0 0 0 0 0 0 0 0
1727 1012874 0 0 0 0 0 0 0 0
1729 506437 0 0 0 0 0 0 0 0
1732 14716 0 0 0 0 0 0 0 0
1733 7358 0 0 0 0 0 0 0 0
1737 14720 0 0 0 0 0 0 0 0
1743 14720 0 0 0 0 0 0 0 0
1745 506437 0 0 0 0 0 0 0 0
1750 1551 0 0 0 0 0 0 0 0
1955 504886 0 0 504886 1 1 0 0 0
fn=unsigned int lob::v2::Book<lob::ChecksumSink>::match<std::__1::map<long, lob::v2::Book<lob::ChecksumSink>::Level, std::__1::greater<void>, std::__1::allocator<std::__1::pair<long const, lob::v2::Book<lob::ChecksumSink>::Level> > >, lob::v2::Book<lob::ChecksumSink>::add(unsigned long, lob::Side, long, unsigned int)::{lambda(long)#2}>(std::__1::map<long, lob::v2::Book<lob::ChecksumSink>::Level, std::__1::greater<void>, std::__1::allocator<std::__1::pair<long const, lob::v2::Book<lob::ChecksumSink>::Level> > >&, unsigned long, unsigned int, lob::v2::Book<lob::ChecksumSink>::add(unsigned long, lob::Side, long, unsigned int)::{lambda(long)#2})
0 130055 0 0 32450 0 0 16225 0 0
271 48675 0 0 0 0 0 0 0 0
272 32450 0 0 0 0 0 0 0 0
279 64900 0 0 32450 0 0 0 0 0
336 16225 1 1 16225 166 0 0 0 0
404 16225 0 0 0 0 0 0 0 0
849 146025 1 1 48675 1 0 32450 0 0
927 32620 0 0 0 0 0 0 0 0
1727 32450 0 0 0 0 0 0 0 0
1729 16225 0 0 0 0 0 0 0 0
1732 48675 0 0 16225 0 0 0 0 0
1733 16225 0 0 0 0 0 0 0 0
1737 48930 1 1 0 0 0 0 0 0
1743 170 0 0 0 0 0 0 0 0
2266 113575 1 1 16225 0 0 16225 0 0
fn=unsigned int lob::v2::Book<lob::ChecksumSink>::match<std::__1::map<long, lob::v2::Book<lob::ChecksumSink>::Level, std::__1::less<void>, std::__1::allocator<std::__1::pair<long const, lob::v2::Book<lob::ChecksumSink>::Level> > >, lob::v2::Book<lob::ChecksumSink>::add(unsigned long, lob::Side, long, unsigned int)::{lambda(long)#1}>(std::__1::map<long, lob::v2::Book<lob::ChecksumSink>::Level, std::__1::less<void>, std::__1::allocator<std::__1::pair<long const, lob::v2::Book<lob::ChecksumSink>::Level> > >&, unsigned long, unsigned int, lob::v2::Book<lob::ChecksumSink>::add(unsigned long, lob::Side, long, unsigned int)::{lambda(long)#1})
0 132218 0 0 32984 0 0 16492 0 0
271 49476 0 0 0 0 0 0 0 0
272 32984 0 0 0 0 0 0 0 0
279 65968 0 0 32984 0 0 0 0 0
336 16492 1 1 16492 172 0 0 0 0
404 16492 0 0 0 0 0 0 0 0
849 148428 1 1 49476 0 0 32984 0 0
927 33172 0 0 0 0 0 0 0 0
1727 32984 0 0 0 0 0 0 0 0
1729 16492 0 0 0 0 0 0 0 0
1732 49476 0 0 16492 0 0 0 0 0
1733 16492 0 0 0 0 0 0 0 0
1737 49758 1 1 0 0 0 0 0 0
1743 188 0 0 0 0 0 0 0 0
2266 115444 1 1 16492 0 0 16492 0 0
fn=void lob::v2::Book<lob::ChecksumSink>::rest<std::__1::map<long, lob::v2::Book<lob::ChecksumSink>::Level, std::__1::greater<void>, std::__1::allocator<std::__1::pair<long const, lob::v2::Book<lob::ChecksumSink>::Level> > > >(std::__1::map<long, lob::v2::Book<lob::ChecksumSink>::Level, std::__1::greater<void>, std::__1::allocator<std::__1::pair<long const, lob::v2::Book<lob::ChecksumSink>::Level> > >&, unsigned long, lob::Side, long, unsigned int)
0 4043753 4 4 1500025 2 0 7148 0 0
271 497958 0 0 0 0 0 0 0 0
272 252553 0 0 0 0 0 0 0 0
279 248979 0 0 248979 1 0 0 0 0
296 496440 0 0 248220 0 0 0 0 0
297 496434 1 1 0 0 0 0 0 0
336 248979 0 0 248979 1 0 0 0 0
849 248219 0 0 0 0 0 0 0 0
881 760 0 0 0 0 0 0 0 0
882 2292 0 0 0 0 0 0 0 0
883 760 0 0 0 0 0 0 0 0
927 503576 0 0 0 0 0 0 0 0
1727 497958 0 0 0 0 0 0 0 0
1729 248979 1 1 0 0 0 0 0 0
1732 7148 0 0 0 0 0 0 0 0
1733 3574 0 0 0 0 0 0 0 0
1737 7148 0 0 0 0 0 0 0 0
1743 7148 0 0 0 0 0 0 0 0
1745 248979 0 0 0 0 0 0 0 0
1750 760 0 0 0 0 0 0 0 0
1955 248219 0 0 248219 0 0 0 0 0
1970 248214 0 0 248214 0 0 0 0 0
2373 992880 0 0 0 0 0 0 0 0
2375 248232 0 0 0 0 0 0 0 0
2377 992856 0 0 0 0 0 0 0 0
fn=void lob::v2::Book<lob::ChecksumSink>::rest<std::__1::map<long, lob::v2::Book<lob::ChecksumSink>::Level, std::__1::less<void>, std::__1::allocator<std::__1::pair<long const, lob::v2::Book<lob::ChecksumSink>::Level> > > >(std::__1::map<long, lob::v2::Book<lob::ChecksumSink>::Level, std::__1::less<void>, std::__1::allocator<std::__1::pair<long const, lob::v2::Book<lob::ChecksumSink>::Level> > >&, unsigned long, lob::Side, long, unsigned int)
0 4040470 3 3 1498323 0 0 7356 0 0
271 497290 1 1 0 0 0 0 0 0
272 252322 0 0 0 0 0 0 0 0
279 248645 0 0 248645 0 0 0 0 0
296 495774 0 0 247887 0 0 0 0 0
297 495766 1 1 0 0 0 0 0 0
336 248645 0 0 248645 0 0 0 0 0
849 247883 0 0 0 0 0 0 0 0
881 762 0 0 0 0 0 0 0 0
882 2302 0 0 0 0 0 0 0 0
883 762 0 0 0 0 0 0 0 0
927 503116 1 1 0 0 0 0 0 0
1727 497290 0 0 0 0 0 0 0 0
1729 248645 0 0 0 0 0 0 0 0
1732 7354 0 0 0 0 0 0 0 0
1733 3677 0 0 0 0 0 0 0 0
1737 7358 0 0 0 0 0 0 0 0
1743 7358 0 0 0 0 0 0 0 0
1745 248645 0 0 0 0 0 0 0 0
1750 762 0 0 0 0 0 0 0 0
1955 247883 0 0 247883 0 0 0 0 0
1970 247879 0 0 247879 0 0 0 0 0
2373 991548 0 0 0 0 0 0 0 0
2375 247903 0 0 0 0 0 0 0 0
2377 991516 0 0 0 0 0 0 0 0
fl=/home/wang/git-repositories/vcpkg/installed/x64-linux-clang-libcxx/include/boost/unordered/detail/foa/table.hpp
fn=(anonymous namespace)::cmd_replay((anonymous namespace)::Args const&)
40 439479 0 0 0 0 0 439479 0 0
fn=_ZN5boost9unordered6detail3foa10table_coreINS2_14flat_map_typesImN3lob2v24BookINS5_12ChecksumSinkEE3LocEEENS2_7group15INS2_14plain_integralEEENS2_12table_arraysENS2_18plain_size_controlENS_4hashImEENSt3__18equal_toImEENSJ_9allocatorINSJ_4pairIKmSA_EEEEE22for_all_elements_whileIZNSR_22for_all_elements_whileIZNSR_16for_all_elementsIZNSR_16unchecked_rehashERNSF_ISP_SE_NS2_16pow2_size_policyESQ_EEEUlPSP_E_EEDTcmclfL1p0_LDnEEcvv_EERKSW_T_EUlSY_E_EES10_S12_S13_EUlPSE_jSY_E_EEDTcmclfp0_LDnELi0ELDnEEcvv_EES12_S13_
40 5160 0 0 0 0 0 5160 0 0
fn=boost::unordered::detail::foa::table_locator<boost::unordered::detail::foa::group15<boost::unordered::detail::foa::plain_integral>, std::__1::pair<unsigned long const, lob::v2::Book<lob::ChecksumSink>::Loc> > boost::unordered::detail::foa::table_core<boost::unordered::detail::foa::flat_map_types<unsigned long, lob::v2::Book<lob::ChecksumSink>::Loc>, boost::unordered::detail::foa::group15<boost::unordered::detail::foa::plain_integral>, boost::unordered::detail::foa::table_arrays, boost::unordered::detail::foa::plain_size_control, boost::hash<unsigned long>, std::__1::equal_to<unsigned long>, std::__1::allocator<std::__1::pair<unsigned long const, lob::v2::Book<lob::ChecksumSink>::Loc> > >::unchecked_emplace_with_rehash<boost::unordered::detail::foa::try_emplace_args_t, unsigned long&, lob::v2::Book<lob::ChecksumSink>::Loc>(unsigned long, boost::unordered::detail::foa::try_emplace_args_t&&, unsigned long&, lob::v2::Book<lob::ChecksumSink>::Loc&&)
0 27 1 1 9 0 0 9 0 0
40 18 0 0 0 0 0 18 0 0
fn=lob::v2::Book<lob::ChecksumSink>::modify(unsigned long, long, unsigned int)
40 22104 0 0 0 0 0 22104 0 0
fn=unsigned int lob::v2::Book<lob::ChecksumSink>::match<std::__1::map<long, lob::v2::Book<lob::ChecksumSink>::Level, std::__1::greater<void>, std::__1::allocator<std::__1::pair<long const, lob::v2::Book<lob::ChecksumSink>::Level> > >, lob::v2::Book<lob::ChecksumSink>::add(unsigned long, lob::Side, long, unsigned int)::{lambda(long)#2}>(std::__1::map<long, lob::v2::Book<lob::ChecksumSink>::Level, std::__1::greater<void>, std::__1::allocator<std::__1::pair<long const, lob::v2::Book<lob::ChecksumSink>::Level> > >&, unsigned long, unsigned int, lob::v2::Book<lob::ChecksumSink>::add(unsigned long, lob::Side, long, unsigned int)::{lambda(long)#2})
0 16225 0 0 16225 0 0 0 0 0
40 16225 0 0 0 0 0 16225 0 0
140 16225 1 1 0 0 0 0 0 0
fn=unsigned int lob::v2::Book<lob::ChecksumSink>::match<std::__1::map<long, lob::v2::Book<lob::ChecksumSink>::Level, std::__1::less<void>, std::__1::allocator<std::__1::pair<long const, lob::v2::Book<lob::ChecksumSink>::Level> > >, lob::v2::Book<lob::ChecksumSink>::add(unsigned long, lob::Side, long, unsigned int)::{lambda(long)#1}>(std::__1::map<long, lob::v2::Book<lob::ChecksumSink>::Level, std::__1::less<void>, std::__1::allocator<std::__1::pair<long const, lob::v2::Book<lob::ChecksumSink>::Level> > >&, unsigned long, unsigned int, lob::v2::Book<lob::ChecksumSink>::add(unsigned long, lob::Side, long, unsigned int)::{lambda(long)#1})
0 16492 0 0 16492 0 0 0 0 0
40 16492 0 0 0 0 0 16492 0 0
140 16492 1 1 0 0 0 0 0 0
fn=void lob::v2::Book<lob::ChecksumSink>::rest<std::__1::map<long, lob::v2::Book<lob::ChecksumSink>::Level, std::__1::greater<void>, std::__1::allocator<std::__1::pair<long const, lob::v2::Book<lob::ChecksumSink>::Level> > > >(std::__1::map<long, lob::v2::Book<lob::ChecksumSink>::Level, std::__1::greater<void>, std::__1::allocator<std::__1::pair<long const, lob::v2::Book<lob::ChecksumSink>::Level> > >&, unsigned long, lob::Side, long, unsigned int)
0 5 0 0 0 0 0 0 0 0
40 248214 0 0 0 0 0 248214 0 0
46 6 0 0 6 0 0 0 0 0
640 744657 0 0 496438 0 0 0 0 0
650 15 0 0 0 0 0 5 0 0
fn=void lob::v2::Book<lob::ChecksumSink>::rest<std::__1::map<long, lob::v2::Book<lob::ChecksumSink>::Level, std::__1::less<void>, std::__1::allocator<std::__1::pair<long const, lob::v2::Book<lob::ChecksumSink>::Level> > > >(std::__1::map<long, lob::v2::Book<lob::ChecksumSink>::Level, std::__1::less<void>, std::__1::allocator<std::__1::pair<long const, lob::v2::Book<lob::ChecksumSink>::Level> > >&, unsigned long, lob::Side, long, unsigned int)
0 4 0 0 0 0 0 0 0 0
40 247879 0 0 0 0 0 247879 0 0
46 8 0 0 8 0 0 0 0 0
640 743649 1 1 495766 0 0 0 0 0
650 12 0 0 0 0 0 4 0 0
fl=/home/wang/git-repositories/vcpkg/installed/x64-linux-clang-libcxx/include/boost/unordered/detail/mulx.hpp
fn=(anonymous namespace)::cmd_replay((anonymous namespace)::Args const&)
45 878958 0 0 0 0 0 0 0 0
46 439479 1 1 0 0 0 0 0 0
fn=_ZN5boost9unordered6detail3foa10table_coreINS2_14flat_map_typesImN3lob2v24BookINS5_12ChecksumSinkEE3LocEEENS2_7group15INS2_14plain_integralEEENS2_12table_arraysENS2_18plain_size_controlENS_4hashImEENSt3__18equal_toImEENSJ_9allocatorINSJ_4pairIKmSA_EEEEE22for_all_elements_whileIZNSR_22for_all_elements_whileIZNSR_16for_all_elementsIZNSR_16unchecked_rehashERNSF_ISP_SE_NS2_16pow2_size_policyESQ_EEEUlPSP_E_EEDTcmclfL1p0_LDnEEcvv_EERKSW_T_EUlSY_E_EES10_S12_S13_EUlPSE_jSY_E_EEDTcmclfp0_LDnELi0ELDnEEcvv_EES12_S13_
45 5160 0 0 5160 872 0 0 0 0
46 5160 0 0 0 0 0 0 0 0
fn=lob::v2::Book<lob::ChecksumSink>::modify(unsigned long, long, unsigned int)
45 55635 0 0 0 0 0 0 0 0
46 55635 0 0 0 0 0 0 0 0
fn=lob::v2::Book<lob::ChecksumSink>::push(unsigned long, lob::Side, long, unsigned int)
45 1009772 0 0 0 0 0 0 0 0
46 504886 0 0 0 0 0 0 0 0
fn=unsigned int lob::v2::Book<lob::ChecksumSink>::match<std::__1::map<long, lob::v2::Book<lob::ChecksumSink>::Level, std::__1::greater<void>, std::__1::allocator<std::__1::pair<long const, lob::v2::Book<lob::ChecksumSink>::Level> > >, lob::v2::Book<lob::ChecksumSink>::add(unsigned long, lob::Side, long, unsigned int)::{lambda(long)#2}>(std::__1::map<long, lob::v2::Book<lob::ChecksumSink>::Level, std::__1::greater<void>, std::__1::allocator<std::__1::pair<long const, lob::v2::Book<lob::ChecksumSink>::Level> > >&, unsigned long, unsigned int, lob::v2::Book<lob::ChecksumSink>::add(unsigned long, lob::Side, long, unsigned int)::{lambda(long)#2})
0 16225 0 0 16225 0 0 0 0 0
45 16225 0 0 0 0 0 0 0 0
46 16225 0 0 0 0 0 0 0 0
fn=unsigned int lob::v2::Book<lob::ChecksumSink>::match<std::__1::map<long, lob::v2::Book<lob::ChecksumSink>::Level, std::__1::less<void>, std::__1::allocator<std::__1::pair<long const, lob::v2::Book<lob::ChecksumSink>::Level> > >, lob::v2::Book<lob::ChecksumSink>::add(unsigned long, lob::Side, long, unsigned int)::{lambda(long)#1}>(std::__1::map<long, lob::v2::Book<lob::ChecksumSink>::Level, std::__1::less<void>, std::__1::allocator<std::__1::pair<long const, lob::v2::Book<lob::ChecksumSink>::Level> > >&, unsigned long, unsigned int, lob::v2::Book<lob::ChecksumSink>::add(unsigned long, lob::Side, long, unsigned int)::{lambda(long)#1})
0 16492 0 0 16492 0 0 0 0 0
45 16492 0 0 0 0 0 0 0 0
46 16492 0 0 0 0 0 0 0 0
fn=void lob::v2::Book<lob::ChecksumSink>::rest<std::__1::map<long, lob::v2::Book<lob::ChecksumSink>::Level, std::__1::greater<void>, std::__1::allocator<std::__1::pair<long const, lob::v2::Book<lob::ChecksumSink>::Level> > > >(std::__1::map<long, lob::v2::Book<lob::ChecksumSink>::Level, std::__1::greater<void>, std::__1::allocator<std::__1::pair<long const, lob::v2::Book<lob::ChecksumSink>::Level> > >&, unsigned long, lob::Side, long, unsigned int)
45 248219 0 0 0 0 0 0 0 0
46 248219 0 0 0 0 0 0 0 0
fn=void lob::v2::Book<lob::ChecksumSink>::rest<std::__1::map<long, lob::v2::Book<lob::ChecksumSink>::Level, std::__1::less<void>, std::__1::allocator<std::__1::pair<long const, lob::v2::Book<lob::ChecksumSink>::Level> > > >(std::__1::map<long, lob::v2::Book<lob::ChecksumSink>::Level, std::__1::less<void>, std::__1::allocator<std::__1::pair<long const, lob::v2::Book<lob::ChecksumSink>::Level> > >&, unsigned long, lob::Side, long, unsigned int)
45 247883 0 0 0 0 0 0 0 0
46 247883 0 0 0 0 0 0 0 0
fl=/home/wang/sources/cxx/book/include/lob/events.hpp
fn=(anonymous namespace)::cmd_replay((anonymous namespace)::Args const&)
0 3515832 0 0 439479 0 0 439479 0 0
92 439479 0 0 439479 0 0 0 0 0
93 878958 0 0 439479 0 0 0 0 0
fn=lob::v2::Book<lob::ChecksumSink>::modify(unsigned long, long, unsigned int)
0 99843 2 2 55635 0 0 22104 0 0
92 55635 0 0 55635 0 0 0 0 0
93 411549 0 0 77739 0 0 22104 0 0
fn=unsigned int lob::v2::Book<lob::ChecksumSink>::match<std::__1::map<long, lob::v2::Book<lob::ChecksumSink>::Level, std::__1::greater<void>, std::__1::allocator<std::__1::pair<long const, lob::v2::Book<lob::ChecksumSink>::Level> > >, lob::v2::Book<lob::ChecksumSink>::add(unsigned long, lob::Side, long, unsigned int)::{lambda(long)#2}>(std::__1::map<long, lob::v2::Book<lob::ChecksumSink>::Level, std::__1::greater<void>, std::__1::allocator<std::__1::pair<long const, lob::v2::Book<lob::ChecksumSink>::Level> > >&, unsigned long, unsigned int, lob::v2::Book<lob::ChecksumSink>::add(unsigned long, lob::Side, long, unsigned int)::{lambda(long)#2})
92 92103 0 0 30701 0 0 30701 0 0
93 368412 1 1 61402 1389 0 30701 0 0
fn=unsigned int lob::v2::Book<lob::ChecksumSink>::match<std::__1::map<long, lob::v2::Book<lob::ChecksumSink>::Level, std::__1::less<void>, std::__1::allocator<std::__1::pair<long const, lob::v2::Book<lob::ChecksumSink>::Level> > >, lob::v2::Book<lob::ChecksumSink>::add(unsigned long, lob::Side, long, unsigned int)::{lambda(long)#1}>(std::__1::map<long, lob::v2::Book<lob::ChecksumSink>::Level, std::__1::less<void>, std::__1::allocator<std::__1::pair<long const, lob::v2::Book<lob::ChecksumSink>::Level> > >&, unsigned long, unsigned int, lob::v2::Book<lob::ChecksumSink>::add(unsigned long, lob::Side, long, unsigned int)::{lambda(long)#1})
92 93015 0 0 31005 0 0 31005 0 0
93 372060 1 1 62010 1469 0 31005 0 0
fn=void lob::v2::Book<lob::ChecksumSink>::rest<std::__1::map<long, lob::v2::Book<lob::ChecksumSink>::Level, std::__1::greater<void>, std::__1::allocator<std::__1::pair<long const, lob::v2::Book<lob::ChecksumSink>::Level> > > >(std::__1::map<long, lob::v2::Book<lob::ChecksumSink>::Level, std::__1::greater<void>, std::__1::allocator<std::__1::pair<long const, lob::v2::Book<lob::ChecksumSink>::Level> > >&, unsigned long, lob::Side, long, unsigned int)
81 248219 1 1 248219 0 0 0 0 0
92 248219 0 0 248219 0 0 0 0 0
93 3226847 0 0 744657 2 1 248219 0 0
fn=void lob::v2::Book<lob::ChecksumSink>::rest<std::__1::map<long, lob::v2::Book<lob::ChecksumSink>::Level, std::__1::less<void>, std::__1::allocator<std::__1::pair<long const, lob::v2::Book<lob::ChecksumSink>::Level> > > >(std::__1::map<long, lob::v2::Book<lob::ChecksumSink>::Level, std::__1::less<void>, std::__1::allocator<std::__1::pair<long const, lob::v2::Book<lob::ChecksumSink>::Level> > >&, unsigned long, lob::Side, long, unsigned int)
81 247883 0 0 247883 0 0 0 0 0
92 247883 0 0 247883 0 0 0 0 0
93 3222479 1 1 743649 6 2 247883 0 0
fl=/home/wang/sources/cxx/book/include/lob/replay.hpp
fn=(anonymous namespace)::cmd_replay((anonymous namespace)::Args const&)
0 1439479 1 1 1000000 125000 125000 0 0 0
21 4888730 1 1 1000000 179946 179942 0 0 0
23 3534202 1 1 1514658 63211 63211 504886 1 1
29 278175 0 0 111270 6848 6848 55635 0 0
37 1000001 0 0 0 0 0 0 0 0
fl=/home/wang/sources/cxx/book/include/lob/v2/book.hpp
fn=(anonymous namespace)::cmd_replay((anonymous namespace)::Args const&)
0 2196944 1 1 658993 0 0 439479 0 0
60 878958 0 0 878958 436163 0 0 0 0
62 439479 0 0 439479 0 0 0 0 0
203 439028 0 0 219514 0 0 219514 0 0
204 219514 0 0 0 0 0 219514 0 0
221 878056 0 0 219514 16863 0 0 0 0
222 215618 0 0 0 0 0 215618 133716 0
224 3896 0 0 0 0 0 3896 0 0
225 439028 0 0 0 0 0 0 0 0
226 431370 0 0 0 0 0 215685 131585 0
228 3829 0 0 0 0 0 3829 0 0
229 219514 0 0 219514 0 0 0 0 0
280 439479 0 0 0 0 0 0 0 0
281 878958 0 0 0 0 0 878958 2 2
284 219514 0 0 219514 402 0 0 0 0
287 439028 0 0 219514 0 0 0 0 0
289 878958 0 0 439479 0 0 0 0 0
290 659895 2 2 0 0 0 219965 0 0
fn=auto lob::v2::Book<lob::ChecksumSink>::erase(boost::unordered::detail::foa::table_iterator<boost::unordered::detail::foa::flat_map_types<unsigned long, lob::v2::Book<lob::ChecksumSink>::Loc>, boost::unordered::detail::foa::group15<boost::unordered::detail::foa::plain_integral>*, false>)::{lambda(auto:1&)#1}::operator()<std::__1::map<long, lob::v2::Book<lob::ChecksumSink>::Level, std::__1::greater<void>, std::__1::allocator<std::__1::pair<long const, lob::v2::Book<lob::ChecksumSink>::Level> > > >(std::__1::map<long, lob::v2::Book<lob::ChecksumSink>::Level, std::__1::greater<void>, std::__1::allocator<std::__1::pair<long const, lob::v2::Book<lob::ChecksumSink>::Level> > >&) const
0 693324 0 0 462216 0 0 0 0 0
203 462216 0 0 231108 0 0 231108 0 0
204 231108 0 0 0 0 0 231108 0 0
221 924432 1 1 231108 17751 0 0 0 0
222 227099 0 0 0 0 0 227099 140562 0
224 4009 0 0 0 0 0 4009 0 0
225 462216 0 0 0 0 0 0 0 0
226 454346 0 0 0 0 0 227173 139194 0
228 3935 0 0 0 0 0 3935 0 0
229 231108 1 1 231108 0 0 0 0 0
281 231108 0 0 0 0 0 231108 0 0
282 231108 0 0 231108 0 0 0 0 0
284 693324 0 0 693324 386 0 0 0 0
287 462216 0 0 231108 0 0 0 0 0
288 461018 0 0 461018 0 0 0 0 0
fn=auto lob::v2::Book<lob::ChecksumSink>::erase(boost::unordered::detail::foa::table_iterator<boost::unordered::detail::foa::flat_map_types<unsigned long, lob::v2::Book<lob::ChecksumSink>::Loc>, boost::unordered::detail::foa::group15<boost::unordered::detail::foa::plain_integral>*, false>)::{lambda(auto:1&)#1}::operator()<std::__1::map<long, lob::v2::Book<lob::ChecksumSink>::Level, std::__1::less<void>, std::__1::allocator<std::__1::pair<long const, lob::v2::Book<lob::ChecksumSink>::Level> > > >(std::__1::map<long, lob::v2::Book<lob::ChecksumSink>::Level, std::__1::less<void>, std::__1::allocator<std::__1::pair<long const, lob::v2::Book<lob::ChecksumSink>::Level> > >&) const
0 32883 0 0 21922 0 0 0 0 0
203 21922 0 0 10961 0 0 10961 0 0
204 10961 0 0 0 0 0 10961 0 0
221 43844 1 1 10961 861 0 0 0 0
222 10771 0 0 0 0 0 10771 6707 0
224 190 0 0 0 0 0 190 0 0
225 21922 0 0 0 0 0 0 0 0
226 21518 0 0 0 0 0 10759 6614 0
228 202 0 0 0 0 0 202 0 0
229 10961 1 1 10961 0 0 0 0 0
281 10961 1 1 0 0 0 10961 0 0
282 10961 0 0 10961 0 0 0 0 0
284 32883 0 0 32883 32 0 0 0 0
287 21922 0 0 10961 0 0 0 0 0
288 21832 0 0 21832 0 0 0 0 0
fn=lob::v2::Book<lob::ChecksumSink>::alloc_node(unsigned long, unsigned int)
0 496102 0 0 0 0 0 0 0 0
189 3472714 1 1 0 0 0 2976612 761 0
190 992204 0 0 496102 0 0 0 0 0
191 496102 0 0 0 0 0 0 0 0
192 1482300 0 0 494100 25513 0 494100 0 0
193 494100 0 0 0 0 0 0 0 0
194 4004 0 0 0 0 0 0 0 0
198 1490308 0 0 0 0 0 1488306 39673 0
199 3968816 1 1 3472714 1 0 0 0 0
fn=lob::v2::Book<lob::ChecksumSink>::modify(unsigned long, long, unsigned int)
0 333535 2 2 149860 34184 0 33531 0 0
65 611985 2 2 0 0 0 445080 0 0
68 111270 1 1 0 0 0 0 0 0
69 111270 0 0 0 0 0 0 0 0
71 55635 0 0 0 0 0 0 0 0
72 55635 0 0 55635 21005 0 0 0 0
73 222540 0 0 55635 0 0 0 0 0
74 67062 1 1 33531 64 0 0 0 0
75 33531 0 0 0 0 0 33531 0 0
76 33531 0 0 33531 0 0 0 0 0
79 22104 0 0 22104 0 0 0 0 0
82 22104 1 1 22104 0 0 0 0 0
84 445080 0 0 389445 0 0 0 0 0
185 67062 0 0 33531 0 0 0 0 0
233 22104 0 0 0 0 0 0 0 0
234 44572 0 0 0 0 0 11143 0 0
236 43844 0 0 0 0 0 10961 0 0
237 44208 1 1 0 0 0 0 0 0
239 49758 0 0 0 0 0 8293 0 0
241 49158 0 0 0 0 0 8193 0 0
281 66312 0 0 0 0 0 44208 0 0
289 110520 0 0 22104 0 0 22104 0 0
290 33429 0 0 0 0 0 11143 0 0
292 32883 0 0 0 0 0 10961 0 0
fn=lob::v2::Book<lob::ChecksumSink>::push(unsigned long, lob::Side, long, unsigned int)
0 1489388 0 0 0 0 0 0 0 0
50 3534202 1 1 0 0 0 3534202 0 0
51 1009772 1 1 0 0 0 0 0 0
52 1009772 0 0 0 0 0 0 0 0
55 202160 0 0 176890 0 0 0 0 0
233 1009772 0 0 0 0 0 0 0 0
234 1515924 1 1 0 0 0 252654 1 1
236 1513392 0 0 0 0 0 252232 0 0
237 1009772 0 0 0 0 0 0 0 0
239 3119038 0 0 1439556 0 0 0 0 0
241 3115970 1 1 1438140 0 0 0 0 0
fn=unsigned int lob::v2::Book<lob::ChecksumSink>::match<std::__1::map<long, lob::v2::Book<lob::ChecksumSink>::Level, std::__1::greater<void>, std::__1::allocator<std::__1::pair<long const, lob::v2::Book<lob::ChecksumSink>::Level> > >, lob::v2::Book<lob::ChecksumSink>::add(unsigned long, lob::Side, long, unsigned int)::{lambda(long)#2}>(std::__1::map<long, lob::v2::Book<lob::ChecksumSink>::Level, std::__1::greater<void>, std::__1::allocator<std::__1::pair<long const, lob::v2::Book<lob::ChecksumSink>::Level> > >&, unsigned long, unsigned int, lob::v2::Book<lob::ChecksumSink>::add(unsigned long, lob::Side, long, unsigned int)::{lambda(long)#2})
0 2647143 3 3 370363 1 0 603851 0 0
203 16225 0 0 0 0 0 16225 0 0
204 32450 0 0 0 0 0 16225 0 0
221 113575 1 1 64900 127 0 0 0 0
224 32450 0 0 0 0 0 16225 0 0
225 32450 0 0 0 0 0 0 0 0
226 16225 0 0 0 0 0 16225 10562 0
229 16225 0 0 16225 0 0 0 0 0
236 263193 0 0 263193 0 0 0 0 0
245 2105544 0 0 0 0 0 1842351 0 0
246 789579 1 1 0 0 0 0 0 0
248 526386 0 0 263193 4 1 0 0 0
250 92103 1 1 0 0 0 0 0 0
252 30701 0 0 0 0 0 0 0 0
253 122804 0 0 0 0 0 0 0 0
256 92103 0 0 0 0 0 30701 0 0
257 30701 0 0 30701 0 0 0 0 0
258 30701 0 0 0 0 0 0 0 0
264 30620 0 0 0 0 0 0 0 0
266 2368737 0 0 1842351 0 0 0 0 0
fn=unsigned int lob::v2::Book<lob::ChecksumSink>::match<std::__1::map<long, lob::v2::Book<lob::ChecksumSink>::Level, std::__1::less<void>, std::__1::allocator<std::__1::pair<long const, lob::v2::Book<lob::ChecksumSink>::Level> > >, lob::v2::Book<lob::ChecksumSink>::add(unsigned long, lob::Side, long, unsigned int)::{lambda(long)#1}>(std::__1::map<long, lob::v2::Book<lob::ChecksumSink>::Level, std::__1::less<void>, std::__1::allocator<std::__1::pair<long const, lob::v2::Book<lob::ChecksumSink>::Level> > >&, unsigned long, unsigned int, lob::v2::Book<lob::ChecksumSink>::add(unsigned long, lob::Side, long, unsigned int)::{lambda(long)#1})
0 2657168 3 3 372843 3 1 606398 1 1
203 16492 0 0 0 0 0 16492 0 0
204 32984 0 0 0 0 0 16492 0 0
221 115444 1 1 65968 127 0 0 0 0
224 32984 0 0 0 0 0 16492 0 0
225 32984 0 0 0 0 0 0 0 0
226 16492 0 0 0 0 0 16492 10685 0
229 16492 0 0 16492 0 0 0 0 0
234 263796 0 0 263796 0 0 0 0 0
245 2110376 1 1 0 0 0 1846579 1 1
246 791391 1 1 0 0 0 0 0 0
248 527592 0 0 263796 2 0 0 0 0
250 93015 1 1 0 0 0 0 0 0
252 31005 0 0 0 0 0 0 0 0
253 124020 0 0 0 0 0 0 0 0
256 93015 0 0 0 0 0 31005 0 0
257 31005 0 0 31005 0 0 0 0 0
258 31005 0 0 0 0 0 0 0 0
264 31156 0 0 0 0 0 0 0 0
266 2374173 1 1 1846579 0 0 0 0 0
fn=void lob::v2::Book<lob::ChecksumSink>::rest<std::__1::map<long, lob::v2::Book<lob::ChecksumSink>::Level, std::__1::greater<void>, std::__1::allocator<std::__1::pair<long const, lob::v2::Book<lob::ChecksumSink>::Level> > > >(std::__1::map<long, lob::v2::Book<lob::ChecksumSink>::Level, std::__1::greater<void>, std::__1::allocator<std::__1::pair<long const, lob::v2::Book<lob::ChecksumSink>::Level> > >&, unsigned long, lob::Side, long, unsigned int)
0 744693 1 1 248225 0 0 248219 0 0
166 614 0 0 0 0 0 614 0 0
168 1228 0 0 0 0 0 614 64 0
209 992876 0 0 248219 0 0 248219 0 0
210 496438 1 1 0 0 0 248219 0 0
211 248219 0 0 0 0 0 0 0 0
212 495210 0 0 0 0 0 247605 8080 0
214 614 0 0 0 0 0 614 0 0
215 248219 0 0 0 0 0 248219 0 0
216 248219 0 0 248219 354 1 0 0 0
270 3226847 2 2 0 0 0 2233971 0 0
271 992876 0 0 0 0 0 248219 305 0
274 744657 0 0 496438 0 0 248219 0 0
275 1241095 0 0 248219 0 0 744657 0 0
276 248219 1 1 248219 0 0 0 0 0
277 1985752 0 0 1737533 1 0 0 0 0
fn=void lob::v2::Book<lob::ChecksumSink>::rest<std::__1::map<long, lob::v2::Book<lob::ChecksumSink>::Level, std::__1::less<void>, std::__1::allocator<std::__1::pair<long const, lob::v2::Book<lob::ChecksumSink>::Level> > > >(std::__1::map<long, lob::v2::Book<lob::ChecksumSink>::Level, std::__1::less<void>, std::__1::allocator<std::__1::pair<long const, lob::v2::Book<lob::ChecksumSink>::Level> > >&, unsigned long, lob::Side, long, unsigned int)
0 743697 0 0 247891 0 0 247883 0 0
166 656 1 1 0 0 0 656 0 0
168 1312 0 0 0 0 0 656 81 0
209 991532 1 1 247883 0 0 247883 0 0
210 495766 0 0 0 0 0 247883 0 0
211 247883 0 0 0 0 0 0 0 0
212 494454 0 0 0 0 0 247227 8040 0
214 656 0 0 0 0 0 656 0 0
215 247883 0 0 0 0 0 247883 0 0
216 247883 0 0 247883 329 2 0 0 0
270 3222479 1 1 0 0 0 2230947 0 0
271 991532 0 0 0 0 0 247883 373 0
274 743649 1 1 495766 0 0 247883 0 0
275 1239415 0 0 247883 0 0 743649 0 0
276 247883 0 0 247883 3 1 0 0 0
277 1983064 1 1 1735181 3 1 0 0 0
fl=/home/wang/sources/cxx/book/source/main.cxx
fn=(anonymous namespace)::cmd_replay((anonymous namespace)::Args const&)
0 1 0 0 0 0 0 0 0 0
290 2 1 1 0 0 0 1 1 1
292 9 1 1 0 0 0 6 0 0
fl=/usr/include/c++/v1/__algorithm/comp.h
fn=unsigned int lob::v2::Book<lob::ChecksumSink>::match<std::__1::map<long, lob::v2::Book<lob::ChecksumSink>::Level, std::__1::greater<void>, std::__1::allocator<std::__1::pair<long const, lob::v2::Book<lob::ChecksumSink>::Level> > >, lob::v2::Book<lob::ChecksumSink>::add(unsigned long, lob::Side, long, unsigned int)::{lambda(long)#2}>(std::__1::map<long, lob::v2::Book<lob::ChecksumSink>::Level, std::__1::greater<void>, std::__1::allocator<std::__1::pair<long const, lob::v2::Book<lob::ChecksumSink>::Level> > >&, unsigned long, unsigned int, lob::v2::Book<lob::ChecksumSink>::add(unsigned long, lob::Side, long, unsigned int)::{lambda(long)#2})
41 30701 0 0 30701 2040 0 0 0 0
fn=unsigned int lob::v2::Book<lob::ChecksumSink>::match<std::__1::map<long, lob::v2::Book<lob::ChecksumSink>::Level, std::__1::less<void>, std::__1::allocator<std::__1::pair<long const, lob::v2::Book<lob::ChecksumSink>::Level> > >, lob::v2::Book<lob::ChecksumSink>::add(unsigned long, lob::Side, long, unsigned int)::{lambda(long)#1}>(std::__1::map<long, lob::v2::Book<lob::ChecksumSink>::Level, std::__1::less<void>, std::__1::allocator<std::__1::pair<long const, lob::v2::Book<lob::ChecksumSink>::Level> > >&, unsigned long, unsigned int, lob::v2::Book<lob::ChecksumSink>::add(unsigned long, lob::Side, long, unsigned int)::{lambda(long)#1})
41 31005 0 0 31005 2033 0 0 0 0
fl=/usr/include/c++/v1/__functional/operations.h
fn=(anonymous namespace)::cmd_replay((anonymous namespace)::Args const&)
300 442740 0 0 442740 358101 0 0 0 0
375 2798407 0 0 1079145 4339 5 0 0 0
fn=auto lob::v2::Book<lob::ChecksumSink>::erase(boost::unordered::detail::foa::table_iterator<boost::unordered::detail::foa::flat_map_types<unsigned long, lob::v2::Book<lob::ChecksumSink>::Loc>, boost::unordered::detail::foa::group15<boost::unordered::detail::foa::plain_integral>*, false>)::{lambda(auto:1&)#1}::operator()<std::__1::map<long, lob::v2::Book<lob::ChecksumSink>::Level, std::__1::greater<void>, std::__1::allocator<std::__1::pair<long const, lob::v2::Book<lob::ChecksumSink>::Level> > > >(std::__1::map<long, lob::v2::Book<lob::ChecksumSink>::Level, std::__1::greater<void>, std::__1::allocator<std::__1::pair<long const, lob::v2::Book<lob::ChecksumSink>::Level> > >&) const
462 2962953 1 1 1141723 4356 0 0 0 0
fn=auto lob::v2::Book<lob::ChecksumSink>::erase(boost::unordered::detail::foa::table_iterator<boost::unordered::detail::foa::flat_map_types<unsigned long, lob::v2::Book<lob::ChecksumSink>::Loc>, boost::unordered::detail::foa::group15<boost::unordered::detail::foa::plain_integral>*, false>)::{lambda(auto:1&)#1}::operator()<std::__1::map<long, lob::v2::Book<lob::ChecksumSink>::Level, std::__1::less<void>, std::__1::allocator<std::__1::pair<long const, lob::v2::Book<lob::ChecksumSink>::Level> > > >(std::__1::map<long, lob::v2::Book<lob::ChecksumSink>::Level, std::__1::less<void>, std::__1::allocator<std::__1::pair<long const, lob::v2::Book<lob::ChecksumSink>::Level> > >&) const
375 139874 1 1 53932 258 0 0 0 0
fn=lob::v2::Book<lob::ChecksumSink>::modify(unsigned long, long, unsigned int)
300 56048 0 0 56048 45376 0 0 0 0
375 214126 0 0 82556 377 0 0 0 0
462 214961 0 0 82827 330 0 0 0 0
fn=lob::v2::Book<lob::ChecksumSink>::push(unsigned long, lob::Side, long, unsigned int)
300 7360 0 0 7360 6644 0 0 0 0
fn=unsigned int lob::v2::Book<lob::ChecksumSink>::match<std::__1::map<long, lob::v2::Book<lob::ChecksumSink>::Level, std::__1::greater<void>, std::__1::allocator<std::__1::pair<long const, lob::v2::Book<lob::ChecksumSink>::Level> > >, lob::v2::Book<lob::ChecksumSink>::add(unsigned long, lob::Side, long, unsigned int)::{lambda(long)#2}>(std::__1::map<long, lob::v2::Book<lob::ChecksumSink>::Level, std::__1::greater<void>, std::__1::allocator<std::__1::pair<long const, lob::v2::Book<lob::ChecksumSink>::Level> > >&, unsigned long, unsigned int, lob::v2::Book<lob::ChecksumSink>::add(unsigned long, lob::Side, long, unsigned int)::{lambda(long)#2})
300 16310 0 0 16310 13982 0 0 0 0
fn=unsigned int lob::v2::Book<lob::ChecksumSink>::match<std::__1::map<long, lob::v2::Book<lob::ChecksumSink>::Level, std::__1::less<void>, std::__1::allocator<std::__1::pair<long const, lob::v2::Book<lob::ChecksumSink>::Level> > >, lob::v2::Book<lob::ChecksumSink>::add(unsigned long, lob::Side, long, unsigned int)::{lambda(long)#1}>(std::__1::map<long, lob::v2::Book<lob::ChecksumSink>::Level, std::__1::less<void>, std::__1::allocator<std::__1::pair<long const, lob::v2::Book<lob::ChecksumSink>::Level> > >&, unsigned long, unsigned int, lob::v2::Book<lob::ChecksumSink>::add(unsigned long, lob::Side, long, unsigned int)::{lambda(long)#1})
300 16586 0 0 16586 14239 0 0 0 0
fn=void lob::v2::Book<lob::ChecksumSink>::rest<std::__1::map<long, lob::v2::Book<lob::ChecksumSink>::Level, std::__1::greater<void>, std::__1::allocator<std::__1::pair<long const, lob::v2::Book<lob::ChecksumSink>::Level> > > >(std::__1::map<long, lob::v2::Book<lob::ChecksumSink>::Level, std::__1::greater<void>, std::__1::allocator<std::__1::pair<long const, lob::v2::Book<lob::ChecksumSink>::Level> > >&, unsigned long, lob::Side, long, unsigned int)
300 7148 0 0 7148 27 0 0 0 0
462 1685190 0 0 842595 3367 4 0 0 0
fn=void lob::v2::Book<lob::ChecksumSink>::rest<std::__1::map<long, lob::v2::Book<lob::ChecksumSink>::Level, std::__1::less<void>, std::__1::allocator<std::__1::pair<long const, lob::v2::Book<lob::ChecksumSink>::Level> > > >(std::__1::map<long, lob::v2::Book<lob::ChecksumSink>::Level, std::__1::less<void>, std::__1::allocator<std::__1::pair<long const, lob::v2::Book<lob::ChecksumSink>::Level> > >&, unsigned long, lob::Side, long, unsigned int)
300 7358 0 0 7358 32 0 0 0 0
375 1673122 0 0 836561 3655 1 0 0 0
fl=/usr/include/c++/v1/__iterator/wrap_iter.h
fn=(anonymous namespace)::cmd_replay((anonymous namespace)::Args const&)
65 1000000 1 1 0 0 0 0 0 0
125 1000002 0 0 1000000 4 1 1 0 0
fl=/usr/include/c++/v1/__math/rounding_functions.h
fn=boost::unordered::detail::foa::table_locator<boost::unordered::detail::foa::group15<boost::unordered::detail::foa::plain_integral>, std::__1::pair<unsigned long const, lob::v2::Book<lob::ChecksumSink>::Loc> > boost::unordered::detail::foa::table_core<boost::unordered::detail::foa::flat_map_types<unsigned long, lob::v2::Book<lob::ChecksumSink>::Loc>, boost::unordered::detail::foa::group15<boost::unordered::detail::foa::plain_integral>, boost::unordered::detail::foa::table_arrays, boost::unordered::detail::foa::plain_size_control, boost::hash<unsigned long>, std::__1::equal_to<unsigned long>, std::__1::allocator<std::__1::pair<unsigned long const, lob::v2::Book<lob::ChecksumSink>::Loc> > >::unchecked_emplace_with_rehash<boost::unordered::detail::foa::try_emplace_args_t, unsigned long&, lob::v2::Book<lob::ChecksumSink>::Loc>(unsigned long, boost::unordered::detail::foa::try_emplace_args_t&&, unsigned long&, lob::v2::Book<lob::ChecksumSink>::Loc&&)
29 9 0 0 0 0 0 0 0 0
fl=/usr/include/c++/v1/__memory/allocator.h
fn=lob::v2::Book<lob::ChecksumSink>::alloc_node(unsigned long, unsigned int)
100 24 0 0 0 0 0 0 0 0
fl=/usr/include/c++/v1/__memory/construct_at.h
fn=lob::v2::Book<lob::ChecksumSink>::alloc_node(unsigned long, unsigned int)
38 6006 1 1 0 0 0 4004 692 465
fl=/usr/include/c++/v1/__memory/uninitialized_algorithms.h
fn=lob::v2::Book<lob::ChecksumSink>::alloc_node(unsigned long, unsigned int)
0 12 0 0 12 1 0 0 0 0
638 48 0 0 0 0 0 12 0 0
fl=/usr/include/c++/v1/__new/allocate.h
fn=(anonymous namespace)::cmd_replay((anonymous namespace)::Args const&)
63 1788 0 0 0 0 0 596 0 0
fn=auto lob::v2::Book<lob::ChecksumSink>::erase(boost::unordered::detail::foa::table_iterator<boost::unordered::detail::foa::flat_map_types<unsigned long, lob::v2::Book<lob::ChecksumSink>::Loc>, boost::unordered::detail::foa::group15<boost::unordered::detail::foa::plain_integral>*, false>)::{lambda(auto:1&)#1}::operator()<std::__1::map<long, lob::v2::Book<lob::ChecksumSink>::Level, std::__1::greater<void>, std::__1::allocator<std::__1::pair<long const, lob::v2::Book<lob::ChecksumSink>::Level> > > >(std::__1::map<long, lob::v2::Book<lob::ChecksumSink>::Level, std::__1::greater<void>, std::__1::allocator<std::__1::pair<long const, lob::v2::Book<lob::ChecksumSink>::Level> > >&) const
63 2396 0 0 599 0 0 0 0 0
fn=auto lob::v2::Book<lob::ChecksumSink>::erase(boost::unordered::detail::foa::table_iterator<boost::unordered::detail::foa::flat_map_types<unsigned long, lob::v2::Book<lob::ChecksumSink>::Loc>, boost::unordered::detail::foa::group15<boost::unordered::detail::foa::plain_integral>*, false>)::{lambda(auto:1&)#1}::operator()<std::__1::map<long, lob::v2::Book<lob::ChecksumSink>::Level, std::__1::less<void>, std::__1::allocator<std::__1::pair<long const, lob::v2::Book<lob::ChecksumSink>::Level> > > >(std::__1::map<long, lob::v2::Book<lob::ChecksumSink>::Level, std::__1::less<void>, std::__1::allocator<std::__1::pair<long const, lob::v2::Book<lob::ChecksumSink>::Level> > >&) const
63 180 0 0 45 0 0 0 0 0
fn=boost::unordered::detail::foa::table_core<boost::unordered::detail::foa::flat_map_types<unsigned long, lob::v2::Book<lob::ChecksumSink>::Loc>, boost::unordered::detail::foa::group15<boost::unordered::detail::foa::plain_integral>, boost::unordered::detail::foa::table_arrays, boost::unordered::detail::foa::plain_size_control, boost::hash<unsigned long>, std::__1::equal_to<unsigned long>, std::__1::allocator<std::__1::pair<unsigned long const, lob::v2::Book<lob::ChecksumSink>::Loc> > >::unchecked_rehash(boost::unordered::detail::foa::table_arrays<std::__1::pair<unsigned long const, lob::v2::Book<lob::ChecksumSink>::Loc>, boost::unordered::detail::foa::group15<boost::unordered::detail::foa::plain_integral>, boost::unordered::detail::foa::pow2_size_policy, std::__1::allocator<std::__1::pair<unsigned long const, lob::v2::Book<lob::ChecksumSink>::Loc> > >&)
57 8 0 0 0 0 0 0 0 0
63 8 0 0 0 0 0 8 0 0
fn=boost::unordered::detail::foa::table_locator<boost::unordered::detail::foa::group15<boost::unordered::detail::foa::plain_integral>, std::__1::pair<unsigned long const, lob::v2::Book<lob::ChecksumSink>::Loc> > boost::unordered::detail::foa::table_core<boost::unordered::detail::foa::flat_map_types<unsigned long, lob::v2::Book<lob::ChecksumSink>::Loc>, boost::unordered::detail::foa::group15<boost::unordered::detail::foa::plain_integral>, boost::unordered::detail::foa::table_arrays, boost::unordered::detail::foa::plain_size_control, boost::hash<unsigned long>, std::__1::equal_to<unsigned long>, std::__1::allocator<std::__1::pair<unsigned long const, lob::v2::Book<lob::ChecksumSink>::Loc> > >::unchecked_emplace_with_rehash<boost::unordered::detail::foa::try_emplace_args_t, unsigned long&, lob::v2::Book<lob::ChecksumSink>::Loc>(unsigned long, boost::unordered::detail::foa::try_emplace_args_t&&, unsigned long&, lob::v2::Book<lob::ChecksumSink>::Loc&&)
0 36 1 1 0 0 0 27 0 0
37 9 0 0 0 0 0 0 0 0
43 18 0 0 0 0 0 9 0 0
fn=lob::v2::Book<lob::ChecksumSink>::alloc_node(unsigned long, unsigned int)
0 47 1 1 47 0 0 0 0 0
37 24 0 0 0 0 0 0 0 0
43 36 0 0 0 0 0 12 1 1
63 33 0 0 0 0 0 11 0 0
fn=void lob::v2::Book<lob::ChecksumSink>::rest<std::__1::map<long, lob::v2::Book<lob::ChecksumSink>::Level, std::__1::greater<void>, std::__1::allocator<std::__1::pair<long const, lob::v2::Book<lob::ChecksumSink>::Level> > > >(std::__1::map<long, lob::v2::Book<lob::ChecksumSink>::Level, std::__1::greater<void>, std::__1::allocator<std::__1::pair<long const, lob::v2::Book<lob::ChecksumSink>::Level> > >&, unsigned long, lob::Side, long, unsigned int)
43 1842 0 0 0 0 0 614 0 0
fn=void lob::v2::Book<lob::ChecksumSink>::rest<std::__1::map<long, lob::v2::Book<lob::ChecksumSink>::Level, std::__1::less<void>, std::__1::allocator<std::__1::pair<long const, lob::v2::Book<lob::ChecksumSink>::Level> > > >(std::__1::map<long, lob::v2::Book<lob::ChecksumSink>::Level, std::__1::less<void>, std::__1::allocator<std::__1::pair<long const, lob::v2::Book<lob::ChecksumSink>::Level> > >&, unsigned long, lob::Side, long, unsigned int)
43 1968 0 0 0 0 0 656 0 0
fl=/usr/include/c++/v1/__split_buffer
fn=lob::v2::Book<lob::ChecksumSink>::alloc_node(unsigned long, unsigned int)
335 12 0 0 0 0 0 0 0 0
341 24 0 0 0 0 0 0 0 0
fl=/usr/include/c++/v1/__tree
fn=(anonymous namespace)::cmd_replay((anonymous namespace)::Args const&)
0 2178342 1 1 1298659 2421 1 0 0 0
105 2304 0 0 2304 0 0 0 0 0
163 1017 0 0 271 155 0 0 0 0
191 2384 0 0 596 0 0 0 0 0
193 1152 0 0 0 0 0 0 0 0
680 219514 0 0 0 0 0 0 0 0
884 219514 0 0 219514 0 0 0 0 0
1824 1788 0 0 596 0 0 0 0 0
1826 596 0 0 596 0 0 0 0 0
1827 1192 0 0 0 0 0 596 0 0
1994 439028 0 0 0 0 0 0 0 0
2049 2158290 1 1 0 0 0 0 0 0
2050 859631 0 0 0 0 0 0 0 0
fn=auto lob::v2::Book<lob::ChecksumSink>::erase(boost::unordered::detail::foa::table_iterator<boost::unordered::detail::foa::flat_map_types<unsigned long, lob::v2::Book<lob::ChecksumSink>::Loc>, boost::unordered::detail::foa::group15<boost::unordered::detail::foa::plain_integral>*, false>)::{lambda(auto:1&)#1}::operator()<std::__1::map<long, lob::v2::Book<lob::ChecksumSink>::Level, std::__1::greater<void>, std::__1::allocator<std::__1::pair<long const, lob::v2::Book<lob::ChecksumSink>::Level> > > >(std::__1::map<long, lob::v2::Book<lob::ChecksumSink>::Level, std::__1::greater<void>, std::__1::allocator<std::__1::pair<long const, lob::v2::Book<lob::ChecksumSink>::Level> > >&) const
0 1837070 0 0 1141723 1287 1 0 0 0
105 2310 0 0 2310 0 0 0 0 0
163 1016 0 0 269 151 0 0 0 0
191 1797 0 0 599 0 0 0 0 0
193 1155 0 0 0 0 0 0 0 0
680 231108 0 0 0 0 0 0 0 0
862 231108 0 0 0 0 0 0 0 0
884 231108 0 0 231108 0 0 0 0 0
1824 1198 0 0 599 0 0 0 0 0
1826 599 0 0 599 0 0 0 0 0
1827 1198 0 0 0 0 0 599 0 0
1994 462216 0 0 0 0 0 0 0 0
2049 2283446 0 0 0 0 0 0 0 0
2050 910615 0 0 0 0 0 0 0 0
fn=auto lob::v2::Book<lob::ChecksumSink>::erase(boost::unordered::detail::foa::table_iterator<boost::unordered::detail::foa::flat_map_types<unsigned long, lob::v2::Book<lob::ChecksumSink>::Loc>, boost::unordered::detail::foa::group15<boost::unordered::detail::foa::plain_integral>*, false>)::{lambda(auto:1&)#1}::operator()<std::__1::map<long, lob::v2::Book<lob::ChecksumSink>::Level, std::__1::less<void>, std::__1::allocator<std::__1::pair<long const, lob::v2::Book<lob::ChecksumSink>::Level> > > >(std::__1::map<long, lob::v2::Book<lob::ChecksumSink>::Level, std::__1::less<void>, std::__1::allocator<std::__1::pair<long const, lob::v2::Book<lob::ChecksumSink>::Level> > >&) const
0 86975 0 0 53932 145 0 0 0 0
105 186 0 0 186 0 0 0 0 0
163 84 0 0 22 14 0 0 0 0
191 135 0 0 45 0 0 0 0 0
193 93 0 0 0 0 0 0 0 0
680 10961 0 0 0 0 0 0 0 0
862 10961 0 0 0 0 0 0 0 0
884 10961 0 0 10961 0 0 0 0 0
1824 90 1 1 45 0 0 0 0 0
1826 45 0 0 45 0 0 0 0 0
1827 90 0 0 0 0 0 45 0 0
1994 21922 0 0 0 0 0 0 0 0
2049 107864 0 0 0 0 0 0 0 0
2050 42971 0 0 0 0 0 0 0 0
fn=lob::v2::Book<lob::ChecksumSink>::modify(unsigned long, long, unsigned int)
0 198914 1 1 131852 297 0 0 0 0
680 33531 0 0 0 0 0 0 0 0
862 33531 0 0 0 0 0 0 0 0
884 33531 0 0 33531 0 0 0 0 0
1994 83833 0 0 0 0 0 0 0 0
2049 330766 0 0 0 0 0 0 0 0
2050 131852 0 0 0 0 0 0 0 0
fn=unsigned int lob::v2::Book<lob::ChecksumSink>::match<std::__1::map<long, lob::v2::Book<lob::ChecksumSink>::Level, std::__1::greater<void>, std::__1::allocator<std::__1::pair<long const, lob::v2::Book<lob::ChecksumSink>::Level> > >, lob::v2::Book<lob::ChecksumSink>::add(unsigned long, lob::Side, long, unsigned int)::{lambda(long)#2}>(std::__1::map<long, lob::v2::Book<lob::ChecksumSink>::Level, std::__1::greater<void>, std::__1::allocator<std::__1::pair<long const, lob::v2::Book<lob::ChecksumSink>::Level> > >&, unsigned long, unsigned int, lob::v2::Book<lob::ChecksumSink>::add(unsigned long, lob::Side, long, unsigned int)::{lambda(long)#2})
915 263193 0 0 263193 0 0 0 0 0
fn=unsigned int lob::v2::Book<lob::ChecksumSink>::match<std::__1::map<long, lob::v2::Book<lob::ChecksumSink>::Level, std::__1::less<void>, std::__1::allocator<std::__1::pair<long const, lob::v2::Book<lob::ChecksumSink>::Level> > >, lob::v2::Book<lob::ChecksumSink>::add(unsigned long, lob::Side, long, unsigned int)::{lambda(long)#1}>(std::__1::map<long, lob::v2::Book<lob::ChecksumSink>::Level, std::__1::less<void>, std::__1::allocator<std::__1::pair<long const, lob::v2::Book<lob::ChecksumSink>::Level> > >&, unsigned long, unsigned int, lob::v2::Book<lob::ChecksumSink>::add(unsigned long, lob::Side, long, unsigned int)::{lambda(long)#1})
915 263796 0 0 263796 0 0 0 0 0
fn=void lob::v2::Book<lob::ChecksumSink>::rest<std::__1::map<long, lob::v2::Book<lob::ChecksumSink>::Level, std::__1::greater<void>, std::__1::allocator<std::__1::pair<long const, lob::v2::Book<lob::ChecksumSink>::Level> > > >(std::__1::map<long, lob::v2::Book<lob::ChecksumSink>::Level, std::__1::greater<void>, std::__1::allocator<std::__1::pair<long const, lob::v2::Book<lob::ChecksumSink>::Level> > >&, unsigned long, lob::Side, long, unsigned int)
0 844224 1 1 614 0 0 0 0 0
884 248219 0 0 248219 2 1 0 0 0
1591 744658 0 0 0 0 0 248219 1 0
1593 842595 0 0 0 0 0 0 0 0
1594 2065908 0 0 516477 328 1 0 0 0
1601 326118 0 0 0 0 0 0 0 0
1602 235539 0 0 78513 271 1 0 0 0
1673 614 0 0 0 0 0 614 0 0
1674 614 1 1 0 0 0 614 0 0
1676 614 0 0 0 0 0 614 0 0
1677 2456 0 0 1228 1 0 0 0 0
1678 5 0 0 0 0 0 5 0 0
1679 1842 0 0 614 0 0 614 0 0
1680 614 0 0 614 0 0 0 0 0
fn=void lob::v2::Book<lob::ChecksumSink>::rest<std::__1::map<long, lob::v2::Book<lob::ChecksumSink>::Level, std::__1::less<void>, std::__1::allocator<std::__1::pair<long const, lob::v2::Book<lob::ChecksumSink>::Level> > > >(std::__1::map<long, lob::v2::Book<lob::ChecksumSink>::Level, std::__1::less<void>, std::__1::allocator<std::__1::pair<long const, lob::v2::Book<lob::ChecksumSink>::Level> > >&, unsigned long, lob::Side, long, unsigned int)
0 838288 1 1 656 0 0 0 0 0
884 247883 0 0 247883 0 0 0 0 0
1591 743650 0 0 0 0 0 247883 0 0
1593 836561 0 0 0 0 0 0 0 0
1594 2037772 0 0 509443 271 0 0 0 0
1601 327118 0 0 0 0 0 0 0 0
1602 239673 0 0 79891 278 0 0 0 0
1673 656 0 0 0 0 0 656 0 0
1674 656 0 0 0 0 0 656 0 0
1676 656 0 0 0 0 0 656 0 0
1677 2624 0 0 1312 0 0 0 0 0
1678 2 0 0 0 0 0 2 0 0
1679 1968 0 0 656 0 0 656 0 0
1680 656 0 0 656 0 0 0 0 0
fn=void std::__1::__tree_balance_after_insert[abi:ne210105]<std::__1::__tree_node_base<void*>*>(std::__1::__tree_node_base<void*>*, std::__1::__tree_node_base<void*>*)
0 387 0 0 0 0 0 0 0 0
105 2568 1 1 1844 0 0 0 0 0
235 285 0 0 285 0 0 0 0 0
236 570 0 0 285 0 0 285 0 0
237 570 0 0 0 0 0 0 0 0
239 454 0 0 169 0 0 285 0 0
240 169 0 0 0 0 0 0 0 0
241 160 0 0 0 0 0 160 0 0
243 125 0 0 0 0 0 125 0 0
244 285 1 1 0 0 0 285 0 0
254 122 0 0 122 0 0 0 0 0
255 442 1 1 221 0 0 221 0 0
256 442 0 0 0 0 0 0 0 0
258 391 0 0 170 0 0 221 0 0
259 221 0 0 0 0 0 0 0 0
260 23 0 0 0 0 0 23 0 0
262 250 0 0 0 0 0 198 0 0
263 221 1 1 0 0 0 221 0 0
278 2540 1 1 0 0 0 1270 0 0
279 4714 0 0 1493 0 0 0 0 0
281 561 0 0 0 0 0 0 0 0
282 231 0 0 231 0 0 0 0 0
283 600 0 0 69 45 0 0 0 0
285 62 0 0 0 0 0 62 0 0
287 124 0 0 0 0 0 62 0 0
288 124 0 0 0 0 0 62 0 0
290 216 0 0 0 0 0 0 0 0
295 169 0 0 0 0 0 169 0 0
297 169 0 0 0 0 0 169 0 0
303 1032 1 1 186 83 0 0 0 0
305 167 0 0 0 0 0 167 0 0
307 334 0 0 0 0 0 167 0 0
308 334 0 0 0 0 0 167 0 0
310 274 0 0 0 0 0 0 0 0
315 163 0 0 0 0 0 163 0 0
317 163 0 0 0 0 0 163 0 0
323 1270 0 0 1270 0 0 0 0 0
569 1667 0 0 1667 0 0 0 0 0
571 539 1 1 0 0 0 539 1 0
fn=void std::__1::__tree_remove[abi:ne210105]<std::__1::__tree_node_base<void*>*>(std::__1::__tree_node_base<void*>*, std::__1::__tree_node_base<void*>*)
0 3103 2 2 443 0 0 381 0 0
105 7499 2 2 3787 213 0 0 0 0
163 1461 0 0 487 0 0 0 0 0
235 72 0 0 72 0 0 0 0 0
236 244 0 0 122 1 0 122 0 0
237 244 0 0 0 0 0 0 0 0
239 244 0 0 122 0 0 122 0 0
240 122 0 0 0 0 0 0 0 0
241 53 0 0 0 0 0 53 0 0
243 78 0 0 0 0 0 69 0 0
244 122 0 0 0 0 0 122 0 0
254 133 0 0 133 0 0 0 0 0
255 368 1 1 184 3 0 184 0 0
256 368 0 0 0 0 0 0 0 0
258 368 0 0 184 0 0 184 0 0
259 184 1 1 0 0 0 0 0 0
260 4 0 0 0 0 0 4 0 0
262 231 0 0 0 0 0 180 0 0
263 184 0 0 0 0 0 184 0 0
339 6800 1 1 1700 0 0 0 0 0
341 1136 0 0 1136 0 0 0 0 0
345 2272 0 0 0 0 0 0 0 0
346 723 0 0 241 9 0 241 53 0
347 1240 0 0 0 0 0 0 0 0
348 409 0 0 0 0 0 409 0 0
349 818 0 0 0 0 0 0 0 0
350 409 0 0 409 0 0 0 0 0
354 831 0 0 0 0 0 831 0 0
358 1240 0 0 1240 0 0 0 0 0
361 2770 1 1 0 0 0 0 0 0
363 712 0 0 356 0 0 356 0 0
364 356 0 0 0 0 0 0 0 0
365 20 0 0 0 0 0 20 0 0
367 672 0 0 0 0 0 336 0 0
368 712 0 0 356 0 0 356 0 0
370 712 0 0 356 0 0 356 0 0
371 712 0 0 0 0 0 0 0 0
373 712 0 0 356 0 0 356 0 0
374 712 0 0 0 0 0 0 0 0
379 3720 1 1 0 0 0 0 0 0
392 1244 0 0 0 0 0 0 0 0
393 241 0 0 0 0 0 241 0 0
401 412 0 0 0 0 0 0 0 0
403 244 0 0 0 0 0 0 0 0
404 9 0 0 0 0 0 9 0 0
405 9 0 0 0 0 0 9 0 0
409 27 0 0 9 0 0 0 0 0
412 9 0 0 9 0 0 0 0 0
415 492 1 1 185 49 0 0 0 0
416 246 0 0 82 0 0 0 0 0
417 59 0 0 0 0 0 59 0 0
420 290 0 0 59 0 0 0 0 0
429 222 0 0 74 7 0 0 0 0
431 29 0 0 0 0 0 29 0 0
432 29 0 0 0 0 0 29 0 0
439 126 0 0 63 0 0 63 0 0
440 63 1 1 0 0 0 63 0 0
441 63 0 0 0 0 0 63 0 0
446 580 1 1 0 0 0 0 0 0
447 22 0 0 0 0 0 22 0 0
448 22 0 0 0 0 0 22 0 0
452 66 0 0 22 0 0 0 0 0
455 22 0 0 22 0 0 0 0 0
458 1310 1 1 485 71 0 0 0 0
459 621 0 0 207 0 0 0 0 0
460 157 0 0 0 0 0 157 0 0
463 366 0 0 157 0 0 0 0 0
472 133 0 0 0 0 0 0 0 0
474 50 0 0 0 0 0 50 0 0
475 50 0 0 0 0 0 50 0 0
482 266 0 0 133 0 0 133 0 0
483 133 0 0 0 0 0 133 0 0
484 133 0 0 0 0 0 133 0 0
492 1240 0 0 1240 0 0 0 0 0
569 412 1 1 412 0 0 0 0 0
571 718 0 0 0 0 0 718 40 0
fl=/usr/include/c++/v1/__utility/pair.h
fn=_ZN5boost9unordered6detail3foa10table_coreINS2_14flat_map_typesImN3lob2v24BookINS5_12ChecksumSinkEE3LocEEENS2_7group15INS2_14plain_integralEEENS2_12table_arraysENS2_18plain_size_controlENS_4hashImEENSt3__18equal_toImEENSJ_9allocatorINSJ_4pairIKmSA_EEEEE22for_all_elements_whileIZNSR_22for_all_elements_whileIZNSR_16for_all_elementsIZNSR_16unchecked_rehashERNSF_ISP_SE_NS2_16pow2_size_policyESQ_EEEUlPSP_E_EEDTcmclfL1p0_LDnEEcvv_EERKSW_T_EUlSY_E_EES10_S12_S13_EUlPSE_jSY_E_EEDTcmclfp0_LDnELi0ELDnEEcvv_EES12_S13_
196 30960 0 0 15480 1746 0 15480 3173 3173
fn=boost::unordered::detail::foa::table_locator<boost::unordered::detail::foa::group15<boost::unordered::detail::foa::plain_integral>, std::__1::pair<unsigned long const, lob::v2::Book<lob::ChecksumSink>::Loc> > boost::unordered::detail::foa::table_core<boost::unordered::detail::foa::flat_map_types<unsigned long, lob::v2::Book<lob::ChecksumSink>::Loc>, boost::unordered::detail::foa::group15<boost::unordered::detail::foa::plain_integral>, boost::unordered::detail::foa::table_arrays, boost::unordered::detail::foa::plain_size_control, boost::hash<unsigned long>, std::__1::equal_to<unsigned long>, std::__1::allocator<std::__1::pair<unsigned long const, lob::v2::Book<lob::ChecksumSink>::Loc> > >::unchecked_emplace_with_rehash<boost::unordered::detail::foa::try_emplace_args_t, unsigned long&, lob::v2::Book<lob::ChecksumSink>::Loc>(unsigned long, boost::unordered::detail::foa::try_emplace_args_t&&, unsigned long&, lob::v2::Book<lob::ChecksumSink>::Loc&&)
445 18 0 0 9 0 0 9 9 9
446 36 0 0 18 0 0 18 3 3
fn=void lob::v2::Book<lob::ChecksumSink>::rest<std::__1::map<long, lob::v2::Book<lob::ChecksumSink>::Level, std::__1::greater<void>, std::__1::allocator<std::__1::pair<long const, lob::v2::Book<lob::ChecksumSink>::Level> > > >(std::__1::map<long, lob::v2::Book<lob::ChecksumSink>::Level, std::__1::greater<void>, std::__1::allocator<std::__1::pair<long const, lob::v2::Book<lob::ChecksumSink>::Level> > >&, unsigned long, lob::Side, long, unsigned int)
445 248828 0 0 0 0 0 248828 182004 374
446 992856 0 0 496428 0 0 496428 86424 790
fn=void lob::v2::Book<lob::ChecksumSink>::rest<std::__1::map<long, lob::v2::Book<lob::ChecksumSink>::Level, std::__1::less<void>, std::__1::allocator<std::__1::pair<long const, lob::v2::Book<lob::ChecksumSink>::Level> > > >(std::__1::map<long, lob::v2::Book<lob::ChecksumSink>::Level, std::__1::less<void>, std::__1::allocator<std::__1::pair<long const, lob::v2::Book<lob::ChecksumSink>::Level> > >&, unsigned long, lob::Side, long, unsigned int)
445 248535 0 0 0 0 0 248535 182329 379
446 991516 0 0 495758 0 0 495758 86420 737
fl=/usr/include/c++/v1/__utility/swap.h
fn=lob::v2::Book<lob::ChecksumSink>::alloc_node(unsigned long, unsigned int)
44 36 0 0 0 0 0 36 1 0
fl=/usr/include/c++/v1/__vector/vector.h
fn=(anonymous namespace)::cmd_replay((anonymous namespace)::Args const&)
0 1 0 0 0 0 0 1 0 0
388 1 0 0 1 0 0 0 0 0
407 1310261 0 0 439479 0 0 0 0 0
449 1 0 0 1 1 1 0 0 0
fn=auto lob::v2::Book<lob::ChecksumSink>::erase(boost::unordered::detail::foa::table_iterator<boost::unordered::detail::foa::flat_map_types<unsigned long, lob::v2::Book<lob::ChecksumSink>::Loc>, boost::unordered::detail::foa::group15<boost::unordered::detail::foa::plain_integral>*, false>)::{lambda(auto:1&)#1}::operator()<std::__1::map<long, lob::v2::Book<lob::ChecksumSink>::Level, std::__1::greater<void>, std::__1::allocator<std::__1::pair<long const, lob::v2::Book<lob::ChecksumSink>::Level> > > >(std::__1::map<long, lob::v2::Book<lob::ChecksumSink>::Level, std::__1::greater<void>, std::__1::allocator<std::__1::pair<long const, lob::v2::Book<lob::ChecksumSink>::Level> > >&) const
407 916488 0 0 231108 0 0 0 0 0
fn=auto lob::v2::Book<lob::ChecksumSink>::erase(boost::unordered::detail::foa::table_iterator<boost::unordered::detail::foa::flat_map_types<unsigned long, lob::v2::Book<lob::ChecksumSink>::Loc>, boost::unordered::detail::foa::group15<boost::unordered::detail::foa::plain_integral>*, false>)::{lambda(auto:1&)#1}::operator()<std::__1::map<long, lob::v2::Book<lob::ChecksumSink>::Level, std::__1::less<void>, std::__1::allocator<std::__1::pair<long const, lob::v2::Book<lob::ChecksumSink>::Level> > > >(std::__1::map<long, lob::v2::Book<lob::ChecksumSink>::Level, std::__1::less<void>, std::__1::allocator<std::__1::pair<long const, lob::v2::Book<lob::ChecksumSink>::Level> > >&) const
407 43452 0 0 10961 0 0 0 0 0
fn=lob::v2::Book<lob::ChecksumSink>::alloc_node(unsigned long, unsigned int)
0 72 1 1 0 0 0 48 0 0
388 18018 1 1 4004 0 0 0 0 0
391 48 1 1 0 0 0 0 0 0
407 1486304 0 0 496102 0 0 0 0 0
475 1990 0 0 0 0 0 0 0 0
902 24 0 0 0 0 0 0 0 0
905 60 0 0 0 0 0 0 0 0
1128 12 0 0 0 0 0 0 0 0
1131 24 0 0 0 0 0 0 0 0
1146 6006 0 0 2002 0 0 0 0 0
1149 1990 0 0 0 0 0 0 0 0
1152 2002 0 0 0 0 0 2002 0 0
fn=lob::v2::Book<lob::ChecksumSink>::modify(unsigned long, long, unsigned int)
407 111270 0 0 55635 0 0 0 0 0
fn=unsigned int lob::v2::Book<lob::ChecksumSink>::match<std::__1::map<long, lob::v2::Book<lob::ChecksumSink>::Level, std::__1::greater<void>, std::__1::allocator<std::__1::pair<long const, lob::v2::Book<lob::ChecksumSink>::Level> > >, lob::v2::Book<lob::ChecksumSink>::add(unsigned long, lob::Side, long, unsigned int)::{lambda(long)#2}>(std::__1::map<long, lob::v2::Book<lob::ChecksumSink>::Level, std::__1::greater<void>, std::__1::allocator<std::__1::pair<long const, lob::v2::Book<lob::ChecksumSink>::Level> > >&, unsigned long, unsigned int, lob::v2::Book<lob::ChecksumSink>::add(unsigned long, lob::Side, long, unsigned int)::{lambda(long)#2})
407 46926 0 0 0 0 0 0 0 0
fn=unsigned int lob::v2::Book<lob::ChecksumSink>::match<std::__1::map<long, lob::v2::Book<lob::ChecksumSink>::Level, std::__1::less<void>, std::__1::allocator<std::__1::pair<long const, lob::v2::Book<lob::ChecksumSink>::Level> > >, lob::v2::Book<lob::ChecksumSink>::add(unsigned long, lob::Side, long, unsigned int)::{lambda(long)#1}>(std::__1::map<long, lob::v2::Book<lob::ChecksumSink>::Level, std::__1::less<void>, std::__1::allocator<std::__1::pair<long const, lob::v2::Book<lob::ChecksumSink>::Level> > >&, unsigned long, unsigned int, lob::v2::Book<lob::ChecksumSink>::add(unsigned long, lob::Side, long, unsigned int)::{lambda(long)#1})
407 47497 0 0 0 0 0 0 0 0
fn=void lob::v2::Book<lob::ChecksumSink>::rest<std::__1::map<long, lob::v2::Book<lob::ChecksumSink>::Level, std::__1::greater<void>, std::__1::allocator<std::__1::pair<long const, lob::v2::Book<lob::ChecksumSink>::Level> > > >(std::__1::map<long, lob::v2::Book<lob::ChecksumSink>::Level, std::__1::greater<void>, std::__1::allocator<std::__1::pair<long const, lob::v2::Book<lob::ChecksumSink>::Level> > >&, unsigned long, lob::Side, long, unsigned int)
407 744043 0 0 248219 0 0 0 0 0
fn=void lob::v2::Book<lob::ChecksumSink>::rest<std::__1::map<long, lob::v2::Book<lob::ChecksumSink>::Level, std::__1::less<void>, std::__1::allocator<std::__1::pair<long const, lob::v2::Book<lob::ChecksumSink>::Level> > > >(std::__1::map<long, lob::v2::Book<lob::ChecksumSink>::Level, std::__1::less<void>, std::__1::allocator<std::__1::pair<long const, lob::v2::Book<lob::ChecksumSink>::Level> > >&, unsigned long, lob::Side, long, unsigned int)
407 742993 0 0 247883 0 0 0 0 0
fl=/usr/include/c++/v1/map
fn=unsigned int lob::v2::Book<lob::ChecksumSink>::match<std::__1::map<long, lob::v2::Book<lob::ChecksumSink>::Level, std::__1::greater<void>, std::__1::allocator<std::__1::pair<long const, lob::v2::Book<lob::ChecksumSink>::Level> > >, lob::v2::Book<lob::ChecksumSink>::add(unsigned long, lob::Side, long, unsigned int)::{lambda(long)#2}>(std::__1::map<long, lob::v2::Book<lob::ChecksumSink>::Level, std::__1::greater<void>, std::__1::allocator<std::__1::pair<long const, lob::v2::Book<lob::ChecksumSink>::Level> > >&, unsigned long, unsigned int, lob::v2::Book<lob::ChecksumSink>::add(unsigned long, lob::Side, long, unsigned int)::{lambda(long)#2})
1031 263193 1 1 263193 0 0 0 0 0
fn=unsigned int lob::v2::Book<lob::ChecksumSink>::match<std::__1::map<long, lob::v2::Book<lob::ChecksumSink>::Level, std::__1::less<void>, std::__1::allocator<std::__1::pair<long const, lob::v2::Book<lob::ChecksumSink>::Level> > >, lob::v2::Book<lob::ChecksumSink>::add(unsigned long, lob::Side, long, unsigned int)::{lambda(long)#1}>(std::__1::map<long, lob::v2::Book<lob::ChecksumSink>::Level, std::__1::less<void>, std::__1::allocator<std::__1::pair<long const, lob::v2::Book<lob::ChecksumSink>::Level> > >&, unsigned long, unsigned int, lob::v2::Book<lob::ChecksumSink>::add(unsigned long, lob::Side, long, unsigned int)::{lambda(long)#1})
1031 263797 1 1 263797 0 0 0 0 0
fl=???
fn=???
0 10189 6 6 6380 4577 6 0 0 0
fn=operator delete(void*)
0 6295 0 0 1259 0 0 1259 0 0
fn=operator delete(void*, unsigned long)
0 6295 1 1 1259 0 0 1259 0 0
fn=operator new(unsigned long)
0 21947 2 2 3873 0 0 5164 0 0
summary: 224439328 283 280 65009335 1439276 375129 33159684 1179125 6656
