==80862== Cachegrind, a high-precision tracing profiler
==80862== Copyright (C) 2002-2017, and GNU GPL'd, by Nicholas Nethercote et al.
==80862== Using Valgrind-3.22.0 and LibVEX; rerun with -h for copyright info
==80862== Command: /home/wang/sources/cxx/book/build/profile/book replay --workload data/syn_default_s42.ops --version v12
==80862== 
==80862== 
==80862== I refs:        169,794,196
==80862== I1  misses:            243
==80862== LLi misses:            242
==80862== I1  miss rate:        0.00%
==80862== LLi miss rate:        0.00%
==80862== 
==80862== D refs:         66,017,985  (48,149,600 rd   + 17,868,385 wr)
==80862== D1  misses:      2,316,552  ( 1,253,744 rd   +  1,062,808 wr)
==80862== LLd misses:        380,195  (   375,168 rd   +      5,027 wr)
==80862== D1  miss rate:         3.5% (       2.6%     +        5.9%  )
==80862== LLd miss rate:         0.6% (       0.8%     +        0.0%  )
==80862== 
==80862== LL refs:         2,316,795  ( 1,253,987 rd   +  1,062,808 wr)
==80862== LL misses:         380,437  (   375,410 rd   +      5,027 wr)
==80862== LL miss rate:          0.2% (       0.2%     +        0.0%  )
