desc: I1 cache:         32768 B, 64 B, 8-way associative
desc: D1 cache:         49152 B, 64 B, 12-way associative
desc: LL cache:         6291456 B, 64 B, 12-way associative
cmd: /home/wang/sources/cxx/book/build/profile/book replay --workload data/syn_aggressive_s42.ops --version v14
events: Ir I1mr ILmr Dr D1mr DLmr Dw D1mw DLmw 
fl=./malloc/./malloc/arena.c
fn=free
153 54 0 0 0 0 0 0 0 0
fn=malloc
153 38 0 0 0 0 0 0 0 0
fl=./malloc/./malloc/malloc.c
fn=_int_free
1792 11 0 0 11 2 0 0 0 0
3163 14 1 1 7 0 0 7 0 0
3165 28 0 0 7 4 4 7 0 0
3166 7 0 0 0 0 0 7 0 0
3167 14 0 0 0 0 0 7 0 0
4495 126 1 1 0 0 0 72 0 0
4499 54 1 1 18 0 0 0 0 0
4505 72 0 0 0 0 0 0 0 0
4506 36 0 0 0 0 0 0 0 0
4510 90 0 0 0 0 0 0 0 0
4517 36 0 0 0 0 0 0 0 0
4518 108 1 1 54 3 0 0 0 0
4521 7 0 0 0 0 0 0 0 0
4527 21 0 0 14 1 1 0 0 0
4547 35 1 1 14 0 0 0 0 0
4550 7 0 0 0 0 0 0 0 0
4561 22 0 0 0 0 0 0 0 0
4637 22 0 0 11 0 0 0 0 0
4640 22 0 0 11 3 0 0 0 0
4643 22 1 1 0 0 0 0 0 0
4646 22 0 0 0 0 0 0 0 0
4658 97 1 1 79 0 0 0 0 0
fn=_int_free_maybe_consolidate
4770 121 1 1 11 3 0 77 0 0
4776 22 0 0 0 0 0 0 0 0
4778 4 0 0 1 0 0 0 0 0
4781 3 0 0 0 0 0 0 0 0
4784 5 2 2 3 1 0 0 0 0
4785 5 0 0 3 0 0 0 0 0
4798 117 1 1 96 0 0 0 0 0
fn=_int_free_merge_chunk
1992 33 0 0 11 0 0 0 0 0
4665 88 1 1 0 0 0 66 3 0
4666 11 0 0 0 0 0 0 0 0
4670 66 0 0 11 3 0 0 0 0
4673 44 1 1 11 3 0 0 0 0
4675 33 1 1 11 1 0 0 0 0
4678 33 0 0 11 1 0 0 0 0
4681 22 0 0 0 0 0 0 0 0
4682 22 0 0 0 0 0 0 0 0
4683 22 0 0 11 3 0 0 0 0
4689 22 1 1 11 0 0 0 0 0
4691 9 0 0 9 0 0 0 0 0
4692 9 0 0 0 0 0 0 0 0
4693 9 0 0 0 0 0 0 0 0
4694 36 0 0 9 3 0 0 0 0
4696 18 0 0 0 0 0 9 0 0
4701 33 0 0 0 0 0 0 0 0
4702 77 0 0 66 0 0 0 0 0
4714 22 0 0 11 0 0 0 0 0
4720 22 0 0 11 1 0 0 0 0
4721 2 1 1 0 0 0 1 0 0
4722 2 0 0 0 0 0 0 0 0
4724 10 0 0 10 0 0 0 0 0
4732 11 0 0 0 0 0 0 0 0
4733 44 1 1 11 0 0 0 0 0
4734 22 0 0 11 0 0 0 0 0
4736 11 0 0 0 0 0 11 0 0
4738 22 0 0 0 0 0 0 0 0
4740 33 1 1 0 0 0 11 0 0
4743 11 0 0 0 0 0 11 0 0
4744 11 0 0 0 0 0 11 0 0
4746 33 0 0 0 0 0 11 0 0
4747 11 0 0 0 0 0 11 0 0
fn=_int_malloc
1326 38 0 0 0 0 0 0 0 0
1345 114 0 0 0 0 0 0 0 0
1794 19 1 1 19 0 0 0 0 0
2008 4 0 0 1 0 0 0 0 0
2552 6 1 1 2 2 2 2 0 0
2553 1 1 1 0 0 0 1 0 0
2564 2 1 1 1 1 1 0 0 0
2589 4 0 0 1 0 0 1 0 0
2590 2 0 0 0 0 0 1 0 0
2599 12 1 1 3 0 0 0 0 0
2605 3 0 0 2 0 0 0 0 0
2608 3 1 1 0 0 0 0 0 0
2669 3 1 1 1 0 0 1 0 0
2677 2 0 0 1 0 0 0 0 0
2678 3 0 0 1 0 0 1 0 0
2691 3 1 1 1 0 0 0 0 0
2693 1 0 0 1 0 0 0 0 0
2699 5 0 0 1 0 0 1 0 0
2707 2 0 0 0 0 0 0 0 0
2709 4 2 2 0 0 0 2 1 0
2710 3 0 0 1 0 0 0 0 0
2711 1 0 0 0 0 0 0 0 0
2712 1 0 0 0 0 0 0 0 0
2715 2 0 0 0 0 0 0 0 0
2744 7 1 1 3 0 0 0 0 0
2746 2 1 1 0 0 0 1 0 0
2752 8 0 0 1 0 0 0 0 0
2753 6 0 0 1 0 0 1 0 0
2921 3 1 1 2 0 0 0 0 0
2922 1 0 0 0 0 0 1 0 0
2926 1 0 0 1 0 0 0 0 0
2930 5 1 1 2 0 0 0 0 0
2932 1 0 0 0 0 0 0 0 0
2933 1 0 0 0 0 0 0 0 0
2934 1 0 0 0 0 0 1 0 0
2935 7 0 0 0 0 0 1 0 0
2936 2 0 0 0 0 0 1 1 1
2938 1 0 0 0 0 0 0 0 0
3846 209 2 2 19 2 1 133 1 1
3887 38 0 0 0 0 0 0 0 0
3914 38 0 0 0 0 0 0 0 0
3916 8 0 0 0 0 0 0 0 0
3919 2 0 0 2 1 1 0 0 0
3921 4 0 0 0 0 0 0 0 0
3930 6 2 2 0 0 0 0 0 0
3977 34 1 1 0 0 0 0 0 0
3979 28 0 0 0 0 0 0 0 0
3980 12 1 1 0 0 0 0 0 0
3982 18 0 0 6 5 5 0 0 0
4039 160 1 1 0 0 0 0 0 0
4040 39 0 0 13 1 0 0 0 0
4058 57 1 1 19 0 0 0 0 0
4059 57 0 0 0 0 0 19 3 1
4060 57 1 1 38 0 0 0 0 0
4069 20 0 0 0 0 0 10 0 0
4070 129 1 1 29 2 1 19 0 0
4072 10 0 0 10 0 0 0 0 0
4073 20 0 0 10 1 0 0 0 0
4074 10 0 0 0 0 0 0 0 0
4076 20 0 0 0 0 0 0 0 0
4077 30 1 1 10 1 0 0 0 0
4079 10 0 0 10 2 0 0 0 0
4080 40 0 0 0 0 0 0 0 0
4082 40 0 0 10 0 0 0 0 0
4084 20 1 1 10 0 0 0 0 0
4085 20 0 0 10 0 0 0 0 0
4087 20 0 0 0 0 0 0 0 0
4098 40 0 0 0 0 0 0 0 0
4127 10 0 0 0 0 0 10 0 0
4128 10 0 0 0 0 0 10 0 0
4132 20 0 0 0 0 0 0 0 0
4161 22 2 2 0 0 0 0 0 0
4169 151 4 4 0 0 0 10 0 0
4170 30 1 1 0 0 0 0 0 0
4171 10 0 0 10 3 2 0 0 0
4174 20 0 0 0 0 0 0 0 0
4218 40 0 0 0 0 0 10 0 0
4221 70 2 2 20 3 0 0 0 0
4222 10 0 0 0 0 0 10 0 0
4223 10 0 0 0 0 0 10 0 0
4224 10 0 0 0 0 0 10 0 0
4225 10 0 0 0 0 0 10 0 0
4230 20 0 0 20 0 0 0 0 0
4231 20 0 0 0 0 0 0 0 0
4240 40 1 1 20 0 0 0 0 0
4246 20 0 0 0 0 0 0 0 0
4257 57 1 1 0 0 0 0 0 0
4259 52 0 0 0 0 0 0 0 0
4262 39 0 0 13 4 4 0 0 0
4263 21 1 1 2 0 0 0 0 0
4266 2 0 0 2 0 0 0 0 0
4267 12 0 0 2 0 0 0 0 0
4273 4 1 1 2 0 0 0 0 0
4278 6 0 0 0 0 0 2 0 0
4279 6 0 0 0 0 0 4 0 0
4282 8 0 0 4 0 0 0 0 0
4291 2 0 0 0 0 0 0 0 0
4295 8 1 1 2 0 0 0 0 0
4296 4 0 0 2 0 0 0 0 0
4299 2 0 0 0 0 0 2 1 0
4300 2 0 0 0 0 0 2 0 0
4301 2 0 0 0 0 0 2 0 0
4302 4 0 0 0 0 0 0 0 0
4304 4 0 0 0 0 0 2 0 0
4307 16 1 1 0 0 0 2 0 0
4309 6 0 0 0 0 0 2 0 0
4310 2 0 0 0 0 0 2 0 0
4313 2 0 0 0 0 0 0 0 0
4330 17 0 0 0 0 0 0 0 0
4331 34 0 0 0 0 0 0 0 0
4332 34 0 0 0 0 0 0 0 0
4333 34 0 0 17 1 1 0 0 0
4334 102 0 0 0 0 0 0 0 0
4339 68 1 1 0 0 0 0 0 0
4343 101 1 1 0 0 0 0 0 0
4346 72 1 1 18 0 0 0 0 0
4443 17 1 1 17 0 0 0 0 0
4444 34 0 0 17 0 0 0 0 0
4446 34 0 0 17 1 1 0 0 0
4449 51 0 0 0 0 0 0 0 0
4451 16 0 0 0 0 0 0 0 0
4452 32 1 1 0 0 0 0 0 0
4453 16 0 0 0 0 0 16 0 0
4454 128 1 1 0 0 0 16 0 0
4456 32 0 0 0 0 0 16 15 15
4459 36 0 0 0 0 0 0 0 0
4460 57 0 0 0 0 0 19 2 1
4461 19 0 0 0 0 0 0 0 0
4466 4 0 0 1 0 0 1 0 0
4482 1 0 0 0 0 0 0 0 0
4487 228 2 2 171 0 0 0 0 0
fn=alloc_perturb
1985 57 1 1 19 0 0 0 0 0
1987 19 0 0 19 0 0 0 0 0
fn=free
3359 126 2 2 0 0 0 72 0 0
3363 36 0 0 0 0 0 0 0 0
3371 36 0 0 36 8 2 0 0 0
3373 18 0 0 0 0 0 0 0 0
3375 54 0 0 18 4 1 0 0 0
3392 54 0 0 36 6 0 0 0 0
3398 54 1 1 0 0 0 18 1 0
3401 18 0 0 0 0 0 18 0 0
3402 108 0 0 90 0 0 0 0 0
fn=malloc
1326 40 0 0 0 0 0 0 0 0
1345 100 1 1 0 0 0 0 0 0
3178 2 0 0 1 1 1 0 0 0
3182 2 0 0 0 0 0 0 0 0
3186 4 0 0 1 1 1 1 0 0
3190 2 0 0 0 0 0 1 0 0
3191 1 0 0 0 0 0 1 0 0
3294 160 1 1 0 0 0 80 3 1
3301 40 0 0 20 2 1 0 0 0
3311 40 0 0 0 0 0 0 0 0
3313 80 0 0 40 4 2 0 0 0
3316 40 0 0 20 2 1 0 0 0
3318 21 1 1 7 2 2 0 0 0
3326 38 1 1 19 3 1 0 0 0
3328 76 1 1 0 0 0 19 0 0
3329 95 1 1 19 0 0 0 0 0
3354 120 1 1 100 0 0 0 0 0
fn=systrim.constprop.0
2957 6 1 1 0 0 0 4 0 0
2966 3 0 0 2 0 0 0 0 0
2968 1 0 0 0 0 0 0 0 0
2969 2 0 0 0 0 0 0 0 0
2970 1 0 0 0 0 0 0 0 0
2974 3 0 0 1 0 0 0 0 0
2975 1 0 0 0 0 0 0 0 0
2978 5 1 1 2 2 0 0 0 0
2980 2 0 0 0 0 0 0 0 0
3020 6 0 0 5 0 0 0 0 0
fn=unlink_chunk.isra.0
1608 24 1 1 0 0 0 12 0 0
1610 60 0 0 24 0 0 0 0 0
1613 24 0 0 24 0 0 0 0 0
1614 24 0 0 12 0 0 0 0 0
1616 48 1 1 24 2 0 0 0 0
1619 12 0 0 0 0 0 12 0 0
1620 12 0 0 0 0 0 12 0 0
1621 60 0 0 12 0 0 0 0 0
1623 20 0 0 10 0 0 0 0 0
1624 30 0 0 20 0 0 0 0 0
1627 20 0 0 10 1 1 0 0 0
1641 10 0 0 0 0 0 10 0 0
1642 10 1 1 0 0 0 10 0 0
1645 24 0 0 24 0 0 0 0 0
fl=./malloc/./malloc/morecore.c
fn=__glibc_morecore
25 3 1 1 0 0 0 1 0 0
26 2 0 0 1 0 0 0 0 0
29 1 0 0 0 0 0 1 0 0
30 2 0 0 0 0 0 0 0 0
34 2 0 0 2 0 0 0 0 0
fl=./misc/../sysdeps/unix/sysv/linux/brk.c
fn=brk
36 1 1 1 0 0 0 0 0 0
37 2 0 0 1 0 0 1 0 0
38 2 0 0 0 0 0 0 0 0
44 1 0 0 0 0 0 0 0 0
45 1 0 0 1 0 0 0 0 0
fl=./misc/../sysdeps/unix/sysv/linux/brk_call.h
fn=brk
24 2 0 0 0 0 0 0 0 0
fl=./misc/./misc/sbrk.c
fn=sbrk
37 8 1 1 0 0 0 4 0 0
40 2 0 0 2 2 2 0 0 0
43 2 1 1 1 1 1 0 0 0
58 2 0 0 0 0 0 0 0 0
62 2 0 0 0 0 0 0 0 0
66 4 1 1 0 0 0 0 0 0
74 3 1 1 0 0 0 1 1 1
78 7 0 0 5 0 0 0 0 0
fl=./string/../sysdeps/x86_64/multiarch/memmove-vec-unaligned-erms.S
fn=__memcpy_avx_unaligned_erms
255 12 1 1 0 0 0 0 0 0
256 12 0 0 0 0 0 0 0 0
262 12 0 0 0 0 0 0 0 0
263 12 0 0 0 0 0 0 0 0
265 10 0 0 10 1 0 0 0 0
266 10 0 0 0 0 0 0 0 0
267 10 0 0 0 0 0 0 0 0
270 1 0 0 1 0 0 0 0 0
271 1 0 0 0 0 0 1 0 0
272 1 0 0 0 0 0 1 0 0
275 2 0 0 1 0 0 0 0 0
305 2 0 0 0 0 0 0 0 0
306 2 0 0 0 0 0 0 0 0
308 1 0 0 0 0 0 0 0 0
309 1 0 0 0 0 0 0 0 0
311 1 0 0 0 0 0 0 0 0
315 1 0 0 0 0 0 0 0 0
316 1 1 1 0 0 0 0 0 0
317 1 0 0 0 0 0 0 0 0
325 1 0 0 1 0 0 0 0 0
342 1 0 0 1 0 0 0 0 0
343 1 0 0 1 0 0 0 0 0
344 1 0 0 0 0 0 1 0 0
345 1 0 0 0 0 0 1 0 0
347 1 0 0 1 0 0 0 0 0
375 1 1 1 1 0 0 0 0 0
376 1 0 0 1 0 0 0 0 0
377 1 0 0 0 0 0 1 0 0
378 1 0 0 0 0 0 1 1 1
379 1 0 0 0 0 0 1 0 0
380 1 0 0 0 0 0 1 0 0
381 2 0 0 1 0 0 0 0 0
386 9 1 1 9 2 1 0 0 0
387 9 0 0 0 0 0 0 0 0
392 7 0 0 0 0 0 0 0 0
393 7 0 0 0 0 0 0 0 0
395 2 0 0 2 0 0 0 0 0
396 2 0 0 0 0 0 0 0 0
397 2 0 0 0 0 0 0 0 0
399 1 0 0 1 0 0 0 0 0
400 1 0 0 1 0 0 0 0 0
401 1 0 0 1 0 0 0 0 0
402 1 0 0 1 0 0 0 0 0
403 1 0 0 1 0 0 0 0 0
404 1 1 1 1 0 0 0 0 0
405 1 0 0 0 0 0 1 1 1
406 1 0 0 0 0 0 1 0 0
407 1 0 0 0 0 0 1 1 1
408 1 0 0 0 0 0 1 0 0
409 1 0 0 0 0 0 1 0 0
410 1 0 0 0 0 0 1 0 0
411 1 0 0 0 0 0 1 0 0
412 1 0 0 0 0 0 1 0 0
413 2 0 0 1 0 0 0 0 0
417 5 0 0 0 0 0 0 0 0
418 5 0 0 0 0 0 0 0 0
422 5 0 0 0 0 0 0 0 0
424 5 1 1 0 0 0 0 0 0
428 5 0 0 5 1 1 0 0 0
429 5 0 0 0 0 0 0 0 0
440 5 0 0 0 0 0 0 0 0
443 5 0 0 0 0 0 0 0 0
445 5 0 0 0 0 0 0 0 0
447 5 0 0 0 0 0 0 0 0
451 5 0 0 0 0 0 0 0 0
452 5 0 0 0 0 0 0 0 0
461 5 0 0 5 0 0 0 0 0
462 5 0 0 5 0 0 0 0 0
464 5 0 0 0 0 0 0 0 0
466 5 0 0 0 0 0 0 0 0
467 5 1 1 5 0 0 0 0 0
468 5 0 0 5 0 0 0 0 0
471 5 0 0 0 0 0 0 0 0
473 5 0 0 0 0 0 0 0 0
475 5 0 0 0 0 0 0 0 0
477 10 0 0 0 0 0 0 0 0
483 88 0 0 88 0 0 0 0 0
484 88 0 0 88 0 0 0 0 0
485 88 0 0 88 0 0 0 0 0
486 88 0 0 88 0 0 0 0 0
487 88 0 0 0 0 0 0 0 0
488 88 0 0 0 0 0 88 25 25
489 88 0 0 0 0 0 88 22 18
490 88 1 1 0 0 0 88 23 23
491 88 0 0 0 0 0 88 21 18
492 88 0 0 0 0 0 0 0 0
493 88 0 0 0 0 0 0 0 0
494 88 0 0 0 0 0 0 0 0
496 5 0 0 0 0 0 5 3 3
497 5 0 0 0 0 0 5 1 1
498 5 0 0 0 0 0 5 0 0
499 5 0 0 0 0 0 5 0 0
501 5 0 0 0 0 0 5 0 0
505 10 0 0 5 0 0 0 0 0
563 2 1 1 2 2 0 0 0 0
570 2 0 0 0 0 0 0 0 0
571 2 0 0 0 0 0 0 0 0
577 1 0 0 0 0 0 0 0 0
580 1 0 0 0 0 0 0 0 0
582 1 0 0 0 0 0 0 0 0
585 1 0 0 0 0 0 0 0 0
586 1 0 0 0 0 0 0 0 0
588 1 0 0 0 0 0 0 0 0
590 12241 0 0 12240 139 0 12240 191 191
592 1 0 0 0 0 0 1 0 0
594 1 0 0 0 0 0 1 0 0
596 2 0 0 1 0 0 0 0 0
601 2 1 1 0 0 0 0 0 0
602 2 0 0 0 0 0 0 0 0
606 2 0 0 0 0 0 0 0 0
608 2 0 0 0 0 0 0 0 0
611 2 0 0 0 0 0 0 0 0
615 2 0 0 2 2 0 0 0 0
616 2 0 0 0 0 0 0 0 0
620 2 0 0 2 0 0 0 0 0
624 2 0 0 0 0 0 0 0 0
648 1 0 0 0 0 0 0 0 0
650 1 0 0 0 0 0 0 0 0
652 1 0 0 0 0 0 0 0 0
654 1 1 1 0 0 0 0 0 0
657 1 0 0 0 0 0 0 0 0
658 1 0 0 0 0 0 0 0 0
660 24529 0 0 24528 360 0 24528 383 1
663 1 0 0 0 0 0 1 1 0
665 1 0 0 0 0 0 1 0 0
667 2 0 0 1 1 0 0 0 0
fl=./string/../sysdeps/x86_64/multiarch/memset-vec-unaligned-erms.S
fn=__memset_avx2_unaligned_erms
158 8 1 1 0 0 0 0 0 0
159 16 0 0 0 0 0 0 0 0
164 8 0 0 0 0 0 0 0 0
165 8 0 0 0 0 0 0 0 0
166 8 0 0 0 0 0 0 0 0
167 8 0 0 0 0 0 0 0 0
168 8 0 0 0 0 0 0 0 0
170 2 0 0 0 0 0 2 2 2
171 2 0 0 0 0 0 2 0 0
172 4 0 0 2 0 0 0 0 0
181 1 0 0 0 0 0 1 1 1
182 1 0 0 0 0 0 1 0 0
184 2 0 0 1 0 0 0 0 0
237 6 1 1 6 2 0 0 0 0
238 6 0 0 0 0 0 0 0 0
244 5 0 0 0 0 0 5 5 5
245 5 0 0 0 0 0 5 2 2
257 5 0 0 0 0 0 0 0 0
260 5 0 0 0 0 0 0 0 0
261 5 0 0 0 0 0 0 0 0
273 4 0 0 0 0 0 4 2 2
274 4 0 0 0 0 0 4 2 2
287 4 0 0 0 0 0 0 0 0
288 4 0 0 0 0 0 0 0 0
290 4 0 0 0 0 0 0 0 0
293 3 0 0 0 0 0 0 0 0
296 3 0 0 0 0 0 0 0 0
299 25 0 0 0 0 0 25 14 14
300 25 0 0 0 0 0 25 10 10
301 25 0 0 0 0 0 25 15 15
302 25 0 0 0 0 0 25 9 9
303 25 0 0 0 0 0 0 0 0
304 25 0 0 0 0 0 0 0 0
305 28 0 0 0 0 0 0 0 0
308 4 1 1 0 0 0 4 0 0
309 4 0 0 0 0 0 4 1 1
310 4 0 0 0 0 0 4 0 0
311 4 0 0 0 0 0 4 0 0
314 8 0 0 4 0 0 0 0 0
325 1 1 1 0 0 0 0 0 0
326 1 0 0 0 0 0 0 0 0
327 1 0 0 0 0 0 0 0 0
328 4097 0 0 0 0 0 4096 64 64
329 1 0 0 0 0 0 0 0 0
330 2 0 0 1 0 0 0 0 0
fl=/home/wang/git-repositories/vcpkg/installed/x64-linux-clang-libcxx/include/boost/container_hash/hash.hpp
fn=unsigned int lob::v14::BookT<lob::ChecksumSink, 16u>::match<(lob::Side)0>(unsigned long, long, unsigned int)
0 82521 0 0 0 0 0 82521 0 0
538 82521 0 0 82521 0 0 0 0 0
fn=unsigned int lob::v14::BookT<lob::ChecksumSink, 16u>::match<(lob::Side)1>(unsigned long, long, unsigned int)
0 81679 0 0 0 0 0 81679 0 0
538 81679 0 0 81679 0 0 0 0 0
fn=void lob::replay<lob::v14::BookT<lob::ChecksumSink, 16u> >(lob::v14::BookT<lob::ChecksumSink, 16u>&, std::__1::span<lob::Op const, 18446744073709551615ul>)
538 1000000 0 0 1000000 287964 287961 0 0 0
fl=/home/wang/git-repositories/vcpkg/installed/x64-linux-clang-libcxx/include/boost/unordered/detail/foa/core.hpp
fn=_ZN5boost9unordered6detail3foa10table_coreINS2_14flat_map_typesImN3lob3v143LocEEENS2_7group15INS2_14plain_integralEEENS2_12table_arraysENS2_18plain_size_controlENS_4hashImEENSt3__18equal_toImEENSG_9allocatorINSG_4pairIKmS7_EEEEE22for_all_elements_whileIZNSO_22for_all_elements_whileIZNSO_16for_all_elementsIZNSO_16unchecked_rehashERNSC_ISM_SB_NS2_16pow2_size_policyESN_EEEUlPSM_E_EEDTcmclfL1p0_LDnEEcvv_EERKST_T_EUlSV_E_EESX_SZ_S10_EUlPSB_jSV_E_EEDTcmclfp0_LDnELi0ELDnEEcvv_EESZ_S10_
0 3442 0 0 3372 2 0 42 0 0
296 7168 1 1 3584 59 0 0 0 0
297 3330 0 0 0 0 0 0 0 0
313 254 0 0 0 0 0 0 0 0
389 6660 0 0 3330 0 0 0 0 0
849 3330 0 0 0 0 0 0 0 0
927 9990 1 1 0 0 0 0 0 0
1033 8 1 1 8 0 0 0 0 0
1034 7 0 0 7 0 0 0 0 0
1955 3330 0 0 3330 0 0 0 0 0
1961 1524 0 0 0 0 0 0 0 0
2032 3330 0 0 3330 0 0 0 0 0
2063 16 0 0 0 0 0 0 0 0
2064 275 0 0 7 0 0 0 0 0
2065 508 0 0 0 0 0 0 0 0
2067 7422 0 0 0 0 0 0 0 0
2069 6660 0 0 0 0 0 0 0 0
2075 16 1 1 8 0 0 0 0 0
2292 6660 0 0 6660 0 0 0 0 0
2350 3330 0 0 3330 0 0 0 0 0
2373 13320 1 1 0 0 0 0 0 0
2375 3330 0 0 0 0 0 0 0 0
2377 9990 0 0 3330 0 0 0 0 0
fn=boost::unordered::detail::foa::table_core<boost::unordered::detail::foa::flat_map_types<unsigned long, lob::v14::Loc>, boost::unordered::detail::foa::group15<boost::unordered::detail::foa::plain_integral>, boost::unordered::detail::foa::table_arrays, boost::unordered::detail::foa::plain_size_control, boost::hash<unsigned long>, std::__1::equal_to<unsigned long>, std::__1::allocator<std::__1::pair<unsigned long const, lob::v14::Loc> > >::unchecked_rehash(boost::unordered::detail::foa::table_arrays<std::__1::pair<unsigned long const, lob::v14::Loc>, boost::unordered::detail::foa::group15<boost::unordered::detail::foa::plain_integral>, boost::unordered::detail::foa::pow2_size_policy, std::__1::allocator<std::__1::pair<unsigned long const, lob::v14::Loc> > >&)
0 32 0 0 0 0 0 8 0 0
1033 16 0 0 16 2 0 0 0 0
1096 16 0 0 0 0 0 0 0 0
1108 7 0 0 7 0 0 0 0 0
1113 14 0 0 0 0 0 0 0 0
1563 96 1 1 16 2 0 0 0 0
1811 40 1 1 8 0 0 0 0 0
2025 40 0 0 0 0 0 24 0 0
2054 8 0 0 0 0 0 8 0 0
2288 40 1 1 0 0 0 16 0 0
2289 8 1 1 0 0 0 8 0 0
2320 16 1 1 8 0 0 8 0 0
2321 8 0 0 0 0 0 8 2 0
2322 40 0 0 24 0 0 0 0 0
fn=boost::unordered::detail::foa::table_locator<boost::unordered::detail::foa::group15<boost::unordered::detail::foa::plain_integral>, std::__1::pair<unsigned long const, lob::v14::Loc> > boost::unordered::detail::foa::table_core<boost::unordered::detail::foa::flat_map_types<unsigned long, lob::v14::Loc>, boost::unordered::detail::foa::group15<boost::unordered::detail::foa::plain_integral>, boost::unordered::detail::foa::table_arrays, boost::unordered::detail::foa::plain_size_control, boost::hash<unsigned long>, std::__1::equal_to<unsigned long>, std::__1::allocator<std::__1::pair<unsigned long const, lob::v14::Loc> > >::unchecked_emplace_with_rehash<boost::unordered::detail::foa::try_emplace_args_t, unsigned long&>(unsigned long, boost::unordered::detail::foa::try_emplace_args_t&&, unsigned long&)
0 136 1 1 16 0 0 0 0 0
296 16 0 0 8 0 0 0 0 0
297 16 0 0 0 0 0 0 0 0
389 24 0 0 8 0 0 0 0 0
837 32 0 0 0 0 0 0 0 0
842 16 0 0 0 0 0 0 0 0
849 8 0 0 0 0 0 0 0 0
859 16 1 1 0 0 0 0 0 0
927 16 0 0 0 0 0 0 0 0
1031 32 1 1 0 0 0 32 2 1
1051 16 0 0 0 0 0 8 0 0
1057 32 0 0 0 0 0 0 0 0
1058 24 1 1 0 0 0 0 0 0
1059 8 0 0 0 0 0 0 0 0
1066 8 0 0 0 0 0 0 0 0
1073 16 0 0 0 0 0 0 0 0
1085 8 0 0 0 0 0 0 0 0
1108 8 0 0 0 0 0 0 0 0
1113 8 0 0 0 0 0 0 0 0
1125 24 0 0 0 0 0 8 0 0
1126 8 0 0 0 0 0 0 0 0
1689 8 0 0 8 0 0 0 0 0
1983 80 1 1 0 0 0 48 2 1
1988 32 0 0 0 0 0 24 0 0
1999 16 0 0 0 0 0 8 0 0
2000 8 1 1 8 0 0 0 0 0
2002 72 0 0 56 2 0 0 0 0
2132 144 1 1 16 4 1 0 0 0
2373 16 0 0 0 0 0 0 0 0
2375 8 0 0 0 0 0 0 0 0
2377 32 0 0 0 0 0 0 0 0
fn=lob::v14::BookT<lob::ChecksumSink, 16u>::modify(unsigned long, long, unsigned int)
0 282406 1 1 73604 0 0 0 0 0
271 138988 0 0 0 0 0 0 0 0
272 138988 0 0 0 0 0 0 0 0
279 12330 0 0 8220 0 0 0 0 0
336 69494 0 0 69494 182 0 0 0 0
404 4110 0 0 0 0 0 0 0 0
849 486458 0 0 208482 1 1 0 0 0
927 139628 1 1 0 0 0 0 0 0
1727 138988 0 0 0 0 0 0 0 0
1729 69494 0 0 0 0 0 0 0 0
1732 138988 0 0 0 0 0 0 0 0
1733 69494 0 0 0 0 0 0 0 0
1737 209442 0 0 0 0 0 0 0 0
1743 640 0 0 0 0 0 0 0 0
1955 69494 0 0 69494 0 0 0 0 0
2266 32880 1 1 12330 0 0 4110 0 0
2273 4110 1 1 0 0 0 0 0 0
fn=unsigned int lob::v14::BookT<lob::ChecksumSink, 16u>::match<(lob::Side)0>(unsigned long, long, unsigned int)
0 577656 1 1 249437 0 0 0 0 0
271 165044 0 0 0 0 0 0 0 0
272 165043 1 1 0 0 0 0 0 0
279 330086 0 0 165043 0 0 0 0 0
336 82522 0 0 82522 174 0 0 0 0
404 82521 0 0 0 0 0 0 0 0
849 742689 0 0 247563 0 0 165042 0 0
881 1 0 0 0 0 0 0 0 0
882 3 0 0 0 0 0 0 0 0
883 1 0 0 0 0 0 0 0 0
927 165978 0 0 0 0 0 0 0 0
1727 165044 0 0 0 0 0 0 0 0
1729 82522 0 0 0 0 0 0 0 0
1732 247563 0 0 82521 0 0 0 0 0
1733 82521 0 0 0 0 0 0 0 0
1737 248967 0 0 0 0 0 0 0 0
1743 936 1 1 0 0 0 0 0 0
1745 1 0 0 0 0 0 0 0 0
1750 1 0 0 0 0 0 0 0 0
2266 577647 1 1 82521 0 0 82521 0 0
fn=unsigned int lob::v14::BookT<lob::ChecksumSink, 16u>::match<(lob::Side)1>(unsigned long, long, unsigned int)
0 571728 2 2 246369 0 0 0 0 0
271 163358 0 0 0 0 0 0 0 0
272 163358 1 1 0 0 0 0 0 0
279 326716 0 0 163358 0 0 0 0 0
336 81679 0 0 81679 181 0 0 0 0
404 81679 0 0 0 0 0 0 0 0
849 735111 0 0 245037 0 0 163358 0 0
927 164246 0 0 0 0 0 0 0 0
1727 163358 0 0 0 0 0 0 0 0
1729 81679 0 0 0 0 0 0 0 0
1732 245037 0 0 81679 0 0 0 0 0
1733 81679 0 0 0 0 0 0 0 0
1737 246369 0 0 0 0 0 0 0 0
1743 888 0 0 0 0 0 0 0 0
2266 571753 0 0 81679 0 0 81679 0 0
fn=void lob::replay<lob::v14::BookT<lob::ChecksumSink, 16u> >(lob::v14::BookT<lob::ChecksumSink, 16u>&, std::__1::span<lob::Op const, 18446744073709551615ul>)
0 2261968 2 2 1166613 0 0 0 0 0
271 1862120 0 0 0 0 0 0 0 0
272 1239095 0 0 0 0 0 0 0 0
279 3093664 1 1 1546832 4 1 0 0 0
296 1885392 0 0 628464 0 0 0 0 0
297 628464 1 1 0 0 0 0 0 0
336 931060 0 0 931060 6137 8 0 0 0
404 458905 0 0 0 0 0 0 0 0
849 1000000 0 0 0 0 0 0 0 0
881 554 0 0 0 0 0 0 0 0
882 1670 0 0 4 0 0 0 0 0
883 554 0 0 0 0 0 0 0 0
927 1875848 0 0 0 0 0 0 0 0
1033 12 1 1 4 0 0 0 0 0
1034 1000000 0 0 1000000 0 0 0 0 0
1266 1885380 0 0 0 0 0 1885380 0 0
1696 156867 1 1 0 0 0 0 0 0
1727 1862120 0 0 0 0 0 0 0 0
1729 931060 0 0 0 0 0 0 0 0
1732 616070 1 1 0 0 0 0 0 0
1733 308035 0 0 0 0 0 0 0 0
1737 922393 0 0 0 0 0 0 0 0
1743 14852 0 0 0 0 0 0 0 0
1745 629022 0 0 0 0 0 0 0 0
1750 554 0 0 0 0 0 0 0 0
1955 1000000 1 1 1000000 1 1 0 0 0
1970 628460 0 0 628460 0 0 0 0 0
2266 3369202 2 2 1074677 1 1 458905 0 0
2273 458905 1 1 0 0 0 0 0 0
2373 16 1 1 0 0 0 0 0 0
2375 628472 0 0 0 0 0 0 0 0
2377 3142300 0 0 0 0 0 0 0 0
fl=/home/wang/git-repositories/vcpkg/installed/x64-linux-clang-libcxx/include/boost/unordered/detail/foa/table.hpp
fn=_ZN5boost9unordered6detail3foa10table_coreINS2_14flat_map_typesImN3lob3v143LocEEENS2_7group15INS2_14plain_integralEEENS2_12table_arraysENS2_18plain_size_controlENS_4hashImEENSt3__18equal_toImEENSG_9allocatorINSG_4pairIKmS7_EEEEE22for_all_elements_whileIZNSO_22for_all_elements_whileIZNSO_16for_all_elementsIZNSO_16unchecked_rehashERNSC_ISM_SB_NS2_16pow2_size_policyESN_EEEUlPSM_E_EEDTcmclfL1p0_LDnEEcvv_EERKST_T_EUlSV_E_EESX_SZ_S10_EUlPSB_jSV_E_EEDTcmclfp0_LDnELi0ELDnEEcvv_EESZ_S10_
40 3330 0 0 0 0 0 3330 0 0
fn=boost::unordered::detail::foa::table_locator<boost::unordered::detail::foa::group15<boost::unordered::detail::foa::plain_integral>, std::__1::pair<unsigned long const, lob::v14::Loc> > boost::unordered::detail::foa::table_core<boost::unordered::detail::foa::flat_map_types<unsigned long, lob::v14::Loc>, boost::unordered::detail::foa::group15<boost::unordered::detail::foa::plain_integral>, boost::unordered::detail::foa::table_arrays, boost::unordered::detail::foa::plain_size_control, boost::hash<unsigned long>, std::__1::equal_to<unsigned long>, std::__1::allocator<std::__1::pair<unsigned long const, lob::v14::Loc> > >::unchecked_emplace_with_rehash<boost::unordered::detail::foa::try_emplace_args_t, unsigned long&>(unsigned long, boost::unordered::detail::foa::try_emplace_args_t&&, unsigned long&)
0 24 1 1 8 0 0 8 0 0
40 16 0 0 0 0 0 16 0 0
fn=lob::v14::BookT<lob::ChecksumSink, 16u>::modify(unsigned long, long, unsigned int)
40 4110 0 0 0 0 0 4110 0 0
fn=unsigned int lob::v14::BookT<lob::ChecksumSink, 16u>::match<(lob::Side)0>(unsigned long, long, unsigned int)
0 82521 0 0 82521 0 0 0 0 0
40 82521 0 0 0 0 0 82521 0 0
140 82521 1 1 0 0 0 0 0 0
fn=unsigned int lob::v14::BookT<lob::ChecksumSink, 16u>::match<(lob::Side)1>(unsigned long, long, unsigned int)
0 81679 0 0 81679 0 0 0 0 0
40 81679 1 1 0 0 0 81679 0 0
140 81679 1 1 0 0 0 0 0 0
fn=void lob::replay<lob::v14::BookT<lob::ChecksumSink, 16u> >(lob::v14::BookT<lob::ChecksumSink, 16u>&, std::__1::span<lob::Op const, 18446744073709551615ul>)
40 1087365 1 1 0 0 0 1087365 0 0
46 4 0 0 4 0 0 0 0 0
fl=/home/wang/git-repositories/vcpkg/installed/x64-linux-clang-libcxx/include/boost/unordered/detail/mulx.hpp
fn=_ZN5boost9unordered6detail3foa10table_coreINS2_14flat_map_typesImN3lob3v143LocEEENS2_7group15INS2_14plain_integralEEENS2_12table_arraysENS2_18plain_size_controlENS_4hashImEENSt3__18equal_toImEENSG_9allocatorINSG_4pairIKmS7_EEEEE22for_all_elements_whileIZNSO_22for_all_elements_whileIZNSO_16for_all_elementsIZNSO_16unchecked_rehashERNSC_ISM_SB_NS2_16pow2_size_policyESN_EEEUlPSM_E_EEDTcmclfL1p0_LDnEEcvv_EERKST_T_EUlSV_E_EESX_SZ_S10_EUlPSB_jSV_E_EEDTcmclfp0_LDnELi0ELDnEEcvv_EESZ_S10_
45 3330 0 0 3330 388 0 0 0 0
46 3330 0 0 0 0 0 0 0 0
fn=lob::v14::BookT<lob::ChecksumSink, 16u>::modify(unsigned long, long, unsigned int)
45 69494 1 1 0 0 0 0 0 0
46 69494 0 0 0 0 0 0 0 0
fn=unsigned int lob::v14::BookT<lob::ChecksumSink, 16u>::match<(lob::Side)0>(unsigned long, long, unsigned int)
0 82521 0 0 82521 0 0 0 0 0
45 82521 0 0 0 0 0 0 0 0
46 82521 0 0 0 0 0 0 0 0
fn=unsigned int lob::v14::BookT<lob::ChecksumSink, 16u>::match<(lob::Side)1>(unsigned long, long, unsigned int)
0 81679 1 1 81679 0 0 0 0 0
45 81679 0 0 0 0 0 0 0 0
46 81679 0 0 0 0 0 0 0 0
fn=void lob::replay<lob::v14::BookT<lob::ChecksumSink, 16u> >(lob::v14::BookT<lob::ChecksumSink, 16u>&, std::__1::span<lob::Op const, 18446744073709551615ul>)
45 2000000 0 0 0 0 0 0 0 0
46 1000000 0 0 0 0 0 0 0 0
fl=/home/wang/sources/cxx/book/include/lob/events.hpp
fn=lob::v14::BookT<lob::ChecksumSink, 16u>::modify(unsigned long, long, unsigned int)
92 93099 0 0 93099 0 0 0 0 0
93 885143 2 2 93113 0 0 69508 0 0
fn=unsigned int lob::v14::BookT<lob::ChecksumSink, 16u>::match<(lob::Side)0>(unsigned long, long, unsigned int)
92 449529 0 0 149843 0 0 149843 0 0
93 1798116 1 1 299686 4701 0 149843 0 0
fn=unsigned int lob::v14::BookT<lob::ChecksumSink, 16u>::match<(lob::Side)1>(unsigned long, long, unsigned int)
92 446100 1 1 148700 0 0 148700 0 0
93 1784400 0 0 297400 4464 0 148700 0 0
fn=void lob::replay<lob::v14::BookT<lob::ChecksumSink, 16u> >(lob::v14::BookT<lob::ChecksumSink, 16u>&, std::__1::span<lob::Op const, 18446744073709551615ul>)
0 2018453 1 1 0 0 0 773497 0 0
92 773639 0 0 773639 4 1 0 0 0
93 7132882 2 2 1075961 0 0 142 0 0
fl=/home/wang/sources/cxx/book/include/lob/replay.hpp
fn=void lob::replay<lob::v14::BookT<lob::ChecksumSink, 16u> >(lob::v14::BookT<lob::ChecksumSink, 16u>&, std::__1::span<lob::Op const, 18446744073709551615ul>)
0 7 1 1 0 0 0 1 1 1
52 7 1 1 0 0 0 6 1 1
53 1000001 0 0 0 0 0 0 0 0
57 8 1 1 7 1 1 0 0 0
fl=/home/wang/sources/cxx/book/include/lob/v11/exact_div.hpp
fn=lob::v14::BookT<lob::ChecksumSink, 16u>::modify(unsigned long, long, unsigned int)
0 41779 0 0 0 0 0 0 0 0
37 279710 1 1 130768 0 0 0 0 0
fn=lob::v14::BookT<lob::ChecksumSink, 16u>::remove_from_level(lob::v14::Loc const&)
37 83145 0 0 55430 0 0 0 0 0
fn=void lob::replay<lob::v14::BookT<lob::ChecksumSink, 16u> >(lob::v14::BookT<lob::ChecksumSink, 16u>&, std::__1::span<lob::Op const, 18446744073709551615ul>)
37 2320917 1 1 1547278 0 0 0 0 0
fl=/home/wang/sources/cxx/book/include/lob/v14/book.hpp
fn=lob::v14::BookT<lob::ChecksumSink, 16u>::anchor_if_on_tick(long)
425 3 1 1 0 0 0 1 0 0
426 1 0 0 0 0 0 1 0 0
657 10 1 1 1 0 0 0 0 0
658 1 0 0 1 0 0 0 0 0
fn=lob::v14::BookT<lob::ChecksumSink, 16u>::modify(unsigned long, long, unsigned int)
0 1013228 4 4 402557 40540 0 134451 0 0
244 694940 1 1 0 0 0 486458 0 0
247 138988 1 1 0 0 0 0 0 0
248 138988 0 0 0 0 0 0 0 0
251 69494 0 0 69494 10587 0 0 0 0
252 277976 1 1 69494 0 0 0 0 0
253 83558 1 1 41779 359 0 0 0 0
254 41779 0 0 0 0 0 41779 0 0
255 41779 0 0 41779 0 0 0 0 0
256 41779 0 0 0 0 0 0 0 0
258 110860 0 0 27715 0 0 0 0 0
260 27715 0 0 0 0 0 27715 0 0
261 27715 0 0 27715 0 0 0 0 0
263 555952 1 1 486458 0 0 0 0 0
381 23605 0 0 0 0 0 0 0 0
414 83558 0 0 41779 0 0 0 0 0
419 130754 0 0 65384 0 0 0 0 0
420 172547 1 1 0 0 0 0 0 0
422 55430 0 0 55430 0 0 0 0 0
439 83558 1 1 0 0 0 0 0 0
445 47210 0 0 23605 0 0 0 0 0
446 23605 0 0 0 0 0 0 0 0
447 70815 0 0 23605 0 0 23605 0 0
448 23605 0 0 0 0 0 0 0 0
453 70815 2 2 0 0 0 70815 1857 0
469 47210 2 2 23605 276 0 0 0 0
471 94420 0 0 23605 0 0 0 0 0
472 23605 0 0 0 0 0 23605 1582 0
473 23605 0 0 0 0 0 23605 0 0
474 23605 0 0 0 0 0 23605 0 0
475 23605 0 0 0 0 0 23605 0 0
476 23605 1 1 23605 76 0 0 0 0
498 83145 1 1 0 0 0 0 0 0
499 83145 0 0 0 0 0 0 0 0
500 74939 0 0 14 0 0 0 0 0
501 27715 0 0 27715 0 0 0 0 0
502 27715 0 0 0 0 0 0 0 0
503 110860 0 0 0 0 0 0 0 0
504 83145 0 0 27715 0 0 0 0 0
511 27715 1 1 0 0 0 0 0 0
512 4124 0 0 0 0 0 0 0 0
513 2032 0 0 0 0 0 2032 0 0
515 2092 0 0 0 0 0 2092 0 0
516 8248 0 0 0 0 0 0 0 0
518 4110 0 0 0 0 0 0 0 0
582 70801 0 0 23605 0 0 0 0 0
586 70815 0 0 23605 0 0 0 0 0
587 23647 0 0 0 0 0 14 0 0
588 14 0 0 0 0 0 0 0 0
592 47238 0 0 23633 0 0 0 0 0
593 70829 0 0 14 0 0 70815 0 0
594 23605 0 0 23605 0 0 0 0 0
fn=lob::v14::BookT<lob::ChecksumSink, 16u>::remove_from_level(lob::v14::Loc const&)
0 110860 0 0 0 0 0 55430 0 0
381 27715 1 1 0 0 0 0 0 0
414 55430 1 1 27715 0 0 0 0 0
419 27715 0 0 27715 0 0 0 0 0
420 27715 0 0 0 0 0 0 0 0
458 55430 0 0 27715 0 0 27715 0 0
459 55430 0 0 0 0 0 27715 0 0
481 55430 0 0 27715 2081 0 0 0 0
482 55430 0 0 27715 0 0 0 0 0
485 83145 0 0 0 0 0 0 0 0
486 110860 1 1 0 0 0 0 0 0
487 27715 0 0 0 0 0 27715 16059 0
488 27715 0 0 0 0 0 27715 15723 0
489 27715 0 0 27715 28 0 0 0 0
617 27715 0 0 27715 0 0 0 0 0
618 83145 0 0 27715 0 0 0 0 0
619 83145 1 1 83145 239 0 0 0 0
621 27715 0 0 27715 0 0 0 0 0
624 221720 0 0 55430 6 0 0 0 0
628 83145 0 0 83145 0 0 0 0 0
fn=unsigned int lob::v14::BookT<lob::ChecksumSink, 16u>::match<(lob::Side)0>(unsigned long, long, unsigned int)
0 2188153 4 4 571418 0 0 569442 783 0
422 162882 0 0 81441 0 0 0 0 0
458 165042 0 0 82521 0 0 82521 0 0
459 165042 0 0 0 0 0 82521 0 0
481 165042 0 0 82521 20 0 0 0 0
482 165042 0 0 82521 0 0 0 0 0
485 247563 1 1 0 0 0 0 0 0
486 330084 0 0 0 0 0 0 0 0
487 82521 0 0 0 0 0 82521 0 0
488 82521 0 0 0 0 0 82521 35094 0
489 82521 0 0 82521 0 0 0 0 0
526 645856 1 1 0 0 0 565124 1 0
536 161464 0 0 0 0 0 0 0 0
539 244323 0 0 0 0 0 0 0 0
542 81441 1 1 0 0 0 0 0 0
547 81441 0 0 0 0 0 0 0 0
549 162959 0 0 81441 0 0 0 0 0
550 813640 1 1 162728 0 0 162728 0 0
551 601499 1 1 150552 0 0 0 0 0
554 599372 1 1 0 0 0 0 0 0
557 449529 0 0 0 0 0 149843 0 0
558 149843 0 0 149843 0 0 0 0 0
559 149843 0 0 0 0 0 0 0 0
565 161310 0 0 80655 0 0 0 0 0
566 2690 0 0 1345 0 0 0 0 0
573 726588 1 1 565124 0 0 0 0 0
fn=unsigned int lob::v14::BookT<lob::ChecksumSink, 16u>::match<(lob::Side)1>(unsigned long, long, unsigned int)
0 2175665 5 5 568060 0 0 566653 831 0
422 162244 0 0 81122 0 0 0 0 0
458 163358 0 0 81679 0 0 81679 0 0
459 245037 0 0 81679 0 0 81679 0 0
481 163358 0 0 81679 16 0 0 0 0
482 163358 0 0 81679 0 0 0 0 0
485 245037 0 0 0 0 0 0 0 0
486 326716 0 0 0 0 0 0 0 0
487 81679 0 0 0 0 0 81679 0 0
488 81679 0 0 0 0 0 81679 33872 0
489 81679 0 0 81679 0 0 0 0 0
526 643208 1 1 0 0 0 562807 0 0
536 160802 0 0 0 0 0 0 0 0
539 243366 0 0 0 0 0 0 0 0
542 81122 0 0 0 0 0 0 0 0
543 81122 0 0 0 0 0 0 0 0
547 81122 0 0 0 0 0 0 0 0
549 162323 0 0 81122 0 0 0 0 0
550 810430 1 1 162086 0 0 162086 0 0
551 596963 1 1 149421 0 0 0 0 0
554 594800 0 0 0 0 0 0 0 0
557 446100 0 0 0 0 0 148700 0 0
558 148700 0 0 148700 0 0 0 0 0
559 148700 0 0 0 0 0 0 0 0
565 160644 0 0 80322 0 0 0 0 0
566 2644 0 0 1322 0 0 0 0 0
570 2644 0 0 0 0 0 0 0 0
573 723609 1 1 562807 0 0 0 0 0
fn=void lob::replay<lob::v14::BookT<lob::ChecksumSink, 16u> >(lob::v14::BookT<lob::ChecksumSink, 16u>&, std::__1::span<lob::Op const, 18446744073709551615ul>)
0 19819939 6 6 5384704 39 20 4701314 1 1
200 3000000 0 0 0 0 0 0 0 0
201 3743064 0 0 1000000 0 0 0 0 0
203 3444378 1 1 1885404 78501 78501 0 0 0
207 347470 0 0 138988 8539 8539 69494 0 0
226 628468 0 0 0 0 0 0 0 0
227 1256936 1 1 0 0 0 0 0 0
230 2513864 0 0 1256936 2 1 0 0 0
232 40 1 1 0 0 0 8 0 0
233 628500 1 1 628500 4 0 0 0 0
239 604076 0 0 604076 222494 0 0 0 0
241 302038 0 0 302038 0 0 0 0 0
381 2320917 1 1 0 0 0 0 0 0
414 604078 0 0 302039 0 0 0 0 0
419 1245240 1 1 773639 0 0 0 0 0
420 1547278 0 0 0 0 0 0 0 0
422 1256934 0 0 1256934 0 0 0 0 0
445 1414803 1 1 471601 0 0 0 0 0
446 471601 0 0 0 0 0 0 0 0
447 2347858 0 0 939058 21575 0 939058 0 0
448 469458 0 0 0 0 0 0 0 0
449 8004 1 1 2001 0 0 0 0 0
453 1890406 2 2 471459 0 0 1414945 26648 0
458 604076 0 0 302038 0 0 302038 0 0
459 302038 0 0 0 0 0 302038 0 0
469 1414803 0 0 471601 2663 23 0 0 0
471 1886404 0 0 471601 0 0 0 0 0
472 471601 0 0 0 0 0 471601 11950 0
473 471601 1 1 0 0 0 471601 0 0
474 471601 0 0 0 0 0 471601 0 0
475 471601 0 0 0 0 0 471601 0 0
476 943060 0 0 943060 683 7 0 0 0
481 604076 0 0 302038 22598 0 0 0 0
482 604076 0 0 302038 0 0 0 0 0
485 906114 0 0 0 0 0 0 0 0
486 1208152 0 0 0 0 0 0 0 0
487 302038 0 0 0 0 0 302038 173938 0
488 604076 0 0 302038 0 0 302038 170298 0
489 302038 1 1 302038 313 0 0 0 0
498 1885404 0 0 0 0 0 0 0 0
499 1256934 0 0 0 0 0 0 0 0
500 4557143 0 0 1100069 0 0 0 0 0
501 628468 0 0 628468 4 1 0 0 0
502 628468 0 0 0 0 0 0 0 0
503 2513868 0 0 0 0 0 0 0 0
504 1885404 0 0 0 0 0 628468 0 0
511 628468 0 0 0 0 0 0 0 0
512 157009 0 0 0 0 0 0 0 0
513 78700 0 0 0 0 0 78700 0 0
515 78309 0 0 0 0 0 78309 0 0
516 314018 0 0 0 0 0 0 0 0
582 943205 0 0 471601 1 0 1 0 0
586 1414803 0 0 471601 0 0 0 0 0
587 472027 0 0 0 0 0 142 0 0
588 142 1 1 0 0 0 0 0 0
592 943344 1 1 943344 0 0 0 0 0
593 1414945 0 0 142 0 0 1414803 3 0
594 471601 0 0 471601 4 1 0 0 0
598 302038 0 0 0 0 0 0 0 0
599 302038 0 0 302038 0 0 0 0 0
600 906114 1 1 302038 0 0 0 0 0
601 302038 0 0 302038 2616 1 0 0 0
603 302038 0 0 302038 0 0 0 0 0
606 2114266 1 1 604076 73 0 0 0 0
fl=/home/wang/sources/cxx/book/include/lob/v3/hier_bitmap.hpp
fn=lob::v14::BookT<lob::ChecksumSink, 16u>::modify(unsigned long, long, unsigned int)
48 83145 0 0 55430 0 0 0 0 0
57 47182 1 1 0 0 0 0 0 0
58 70773 0 0 23591 30 0 0 0 0
59 70773 0 0 47182 0 0 47182 309 0
95 138575 1 1 0 0 0 0 0 0
fn=lob::v14::BookT<lob::ChecksumSink, 16u>::remove_from_level(lob::v14::Loc const&)
78 83145 0 0 27715 0 0 0 0 0
79 83145 0 0 27715 29 0 0 0 0
80 27715 0 0 0 0 0 0 0 0
fn=lob::v3::HierBitmap<16u>::set(unsigned int)
55 156 1 1 156 0 0 0 0 0
57 312 0 0 0 0 0 0 0 0
58 468 0 0 156 0 0 0 0 0
59 468 0 0 312 0 0 312 0 0
63 156 0 0 156 0 0 0 0 0
fn=unsigned int lob::v14::BookT<lob::ChecksumSink, 16u>::match<(lob::Side)0>(unsigned long, long, unsigned int)
0 84767 0 0 82786 0 0 0 0 0
48 244323 0 0 162882 0 0 0 0 0
67 2690 0 0 0 0 0 0 0 0
68 5380 0 0 1345 0 0 0 0 0
95 407205 0 0 0 0 0 0 0 0
fn=unsigned int lob::v14::BookT<lob::ChecksumSink, 16u>::match<(lob::Side)1>(unsigned long, long, unsigned int)
0 3245 0 0 1322 0 0 0 0 0
48 243366 0 0 162244 0 0 0 0 0
67 2644 0 0 0 0 0 0 0 0
68 5288 0 0 1322 0 0 0 0 0
95 405610 0 0 0 0 0 0 0 0
fn=void lob::replay<lob::v14::BookT<lob::ChecksumSink, 16u> >(lob::v14::BookT<lob::ChecksumSink, 16u>&, std::__1::span<lob::Op const, 18446744073709551615ul>)
0 3 0 0 0 0 0 0 0 0
48 1885404 1 1 1256936 9 2 0 0 0
57 942921 0 0 0 0 0 0 0 0
58 1885845 0 0 942921 383 6 0 0 0
59 1414395 1 1 942927 1 1 942924 1 0
78 906114 0 0 302038 0 0 0 0 0
79 906114 0 0 302038 374 0 0 0 0
80 302038 0 0 0 0 0 0 0 0
95 3142335 0 0 0 0 0 0 0 0
fl=/home/wang/sources/cxx/book/source/main.cxx
fn=auto lob::for_each_type<std::__1::tuple<lob::v0::Book<lob::ChecksumSink>, lob::v1::Book<lob::ChecksumSink>, lob::v2::Book<lob::ChecksumSink>, lob::v3::BookT<lob::ChecksumSink, 16u>, lob::v4::BookT<lob::ChecksumSink, 16u>, lob::v5::BookT<lob::ChecksumSink, 16u>, lob::v7::BookT<lob::ChecksumSink, 16u>, lob::v8::BookT<lob::ChecksumSink, 16u>, lob::v9::BookT<lob::ChecksumSink, 16u>, lob::v10::BookT<lob::ChecksumSink, 16u>, lob::v11::BookT<lob::ChecksumSink, 16u>, lob::v12::BookT<lob::ChecksumSink, 16u>, lob::v13::BookT<lob::ChecksumSink, 16u>, lob::v14::BookT<lob::ChecksumSink, 16u> >, (anonymous namespace)::with_version<(anonymous namespace)::cmd_replay((anonymous namespace)::Args const&)::$_0>(std::__1::basic_string_view<char, std::__1::char_traits<char> >, (anonymous namespace)::cmd_replay((anonymous namespace)::Args const&)::$_0&&)::{lambda<typename $T0>()#1}>((anonymous namespace)::with_version<(anonymous namespace)::cmd_replay((anonymous namespace)::Args const&)::$_0>(std::__1::basic_string_view<char, std::__1::char_traits<char> >, (anonymous namespace)::cmd_replay((anonymous namespace)::Args const&)::$_0&&)::{lambda<typename $T0>()#1}&&)::{lambda<unsigned long... $N0>(std::__1::integer_sequence<unsigned long, ($N0)...>)#1}::operator()<0ul, 1ul, 2ul, 3ul, 4ul, 5ul, 6ul, 7ul, 8ul, 9ul, 10ul, 11ul, 12ul, 13ul>(std::__1::integer_sequence<unsigned long, 0ul, 1ul, 2ul, 3ul, 4ul, 5ul, 6ul, 7ul, 8ul, 9ul, 10ul, 11ul, 12ul, 13ul>) const
293 2 1 1 0 0 0 1 1 1
294 2 0 0 1 1 1 1 0 0
295 9 2 2 0 0 0 6 1 1
fl=/usr/include/c++/v1/__algorithm/comp.h
fn=unsigned int lob::v14::BookT<lob::ChecksumSink, 16u>::match<(lob::Side)0>(unsigned long, long, unsigned int)
41 149843 0 0 149843 4899 0 0 0 0
fn=unsigned int lob::v14::BookT<lob::ChecksumSink, 16u>::match<(lob::Side)1>(unsigned long, long, unsigned int)
41 148700 0 0 148700 4672 0 0 0 0
fl=/usr/include/c++/v1/__bit/countr.h
fn=lob::v14::BookT<lob::ChecksumSink, 16u>::modify(unsigned long, long, unsigned int)
28 110860 0 0 55430 0 0 0 0 0
fn=unsigned int lob::v14::BookT<lob::ChecksumSink, 16u>::match<(lob::Side)0>(unsigned long, long, unsigned int)
28 407205 0 0 162882 0 0 0 0 0
fn=unsigned int lob::v14::BookT<lob::ChecksumSink, 16u>::match<(lob::Side)1>(unsigned long, long, unsigned int)
28 405610 1 1 162244 0 0 0 0 0
fn=void lob::replay<lob::v14::BookT<lob::ChecksumSink, 16u> >(lob::v14::BookT<lob::ChecksumSink, 16u>&, std::__1::span<lob::Op const, 18446744073709551615ul>)
28 2513868 0 0 1256934 8 0 0 0 0
fl=/usr/include/c++/v1/__functional/operations.h
fn=lob::v14::BookT<lob::ChecksumSink, 16u>::modify(unsigned long, long, unsigned int)
300 69814 0 0 69814 46030 0 0 0 0
fn=unsigned int lob::v14::BookT<lob::ChecksumSink, 16u>::match<(lob::Side)0>(unsigned long, long, unsigned int)
300 82989 0 0 82989 41444 0 0 0 0
fn=unsigned int lob::v14::BookT<lob::ChecksumSink, 16u>::match<(lob::Side)1>(unsigned long, long, unsigned int)
300 82123 0 0 82123 40191 0 0 0 0
fn=void lob::replay<lob::v14::BookT<lob::ChecksumSink, 16u> >(lob::v14::BookT<lob::ChecksumSink, 16u>&, std::__1::span<lob::Op const, 18446744073709551615ul>)
300 309464 0 0 309464 204955 0 0 0 0
fl=/usr/include/c++/v1/__iterator/wrap_iter.h
fn=void lob::replay<lob::v14::BookT<lob::ChecksumSink, 16u> >(lob::v14::BookT<lob::ChecksumSink, 16u>&, std::__1::span<lob::Op const, 18446744073709551615ul>)
65 1000000 0 0 0 0 0 0 0 0
125 1000001 0 0 0 0 0 0 0 0
fl=/usr/include/c++/v1/__math/rounding_functions.h
fn=boost::unordered::detail::foa::table_locator<boost::unordered::detail::foa::group15<boost::unordered::detail::foa::plain_integral>, std::__1::pair<unsigned long const, lob::v14::Loc> > boost::unordered::detail::foa::table_core<boost::unordered::detail::foa::flat_map_types<unsigned long, lob::v14::Loc>, boost::unordered::detail::foa::group15<boost::unordered::detail::foa::plain_integral>, boost::unordered::detail::foa::table_arrays, boost::unordered::detail::foa::plain_size_control, boost::hash<unsigned long>, std::__1::equal_to<unsigned long>, std::__1::allocator<std::__1::pair<unsigned long const, lob::v14::Loc> > >::unchecked_emplace_with_rehash<boost::unordered::detail::foa::try_emplace_args_t, unsigned long&>(unsigned long, boost::unordered::detail::foa::try_emplace_args_t&&, unsigned long&)
29 8 0 0 0 0 0 0 0 0
fl=/usr/include/c++/v1/__memory/allocator.h
fn=void lob::replay<lob::v14::BookT<lob::ChecksumSink, 16u> >(lob::v14::BookT<lob::ChecksumSink, 16u>&, std::__1::span<lob::Op const, 18446744073709551615ul>)
100 24 0 0 0 0 0 0 0 0
fl=/usr/include/c++/v1/__memory/construct_at.h
fn=void lob::replay<lob::v14::BookT<lob::ChecksumSink, 16u> >(lob::v14::BookT<lob::ChecksumSink, 16u>&, std::__1::span<lob::Op const, 18446744073709551615ul>)
38 6003 0 0 0 0 0 4002 699 290
fl=/usr/include/c++/v1/__memory/uninitialized_algorithms.h
fn=void lob::replay<lob::v14::BookT<lob::ChecksumSink, 16u> >(lob::v14::BookT<lob::ChecksumSink, 16u>&, std::__1::span<lob::Op const, 18446744073709551615ul>)
638 48 0 0 0 0 0 12 0 0
fl=/usr/include/c++/v1/__memory/unique_ptr.h
fn=auto lob::for_each_type<std::__1::tuple<lob::v0::Book<lob::ChecksumSink>, lob::v1::Book<lob::ChecksumSink>, lob::v2::Book<lob::ChecksumSink>, lob::v3::BookT<lob::ChecksumSink, 16u>, lob::v4::BookT<lob::ChecksumSink, 16u>, lob::v5::BookT<lob::ChecksumSink, 16u>, lob::v7::BookT<lob::ChecksumSink, 16u>, lob::v8::BookT<lob::ChecksumSink, 16u>, lob::v9::BookT<lob::ChecksumSink, 16u>, lob::v10::BookT<lob::ChecksumSink, 16u>, lob::v11::BookT<lob::ChecksumSink, 16u>, lob::v12::BookT<lob::ChecksumSink, 16u>, lob::v13::BookT<lob::ChecksumSink, 16u>, lob::v14::BookT<lob::ChecksumSink, 16u> >, (anonymous namespace)::with_version<(anonymous namespace)::cmd_replay((anonymous namespace)::Args const&)::$_0>(std::__1::basic_string_view<char, std::__1::char_traits<char> >, (anonymous namespace)::cmd_replay((anonymous namespace)::Args const&)::$_0&&)::{lambda<typename $T0>()#1}>((anonymous namespace)::with_version<(anonymous namespace)::cmd_replay((anonymous namespace)::Args const&)::$_0>(std::__1::basic_string_view<char, std::__1::char_traits<char> >, (anonymous namespace)::cmd_replay((anonymous namespace)::Args const&)::$_0&&)::{lambda<typename $T0>()#1}&&)::{lambda<unsigned long... $N0>(std::__1::integer_sequence<unsigned long, ($N0)...>)#1}::operator()<0ul, 1ul, 2ul, 3ul, 4ul, 5ul, 6ul, 7ul, 8ul, 9ul, 10ul, 11ul, 12ul, 13ul>(std::__1::integer_sequence<unsigned long, 0ul, 1ul, 2ul, 3ul, 4ul, 5ul, 6ul, 7ul, 8ul, 9ul, 10ul, 11ul, 12ul, 13ul>) const
268 1 0 0 1 1 1 0 0 0
fl=/usr/include/c++/v1/__new/allocate.h
fn=boost::unordered::detail::foa::table_core<boost::unordered::detail::foa::flat_map_types<unsigned long, lob::v14::Loc>, boost::unordered::detail::foa::group15<boost::unordered::detail::foa::plain_integral>, boost::unordered::detail::foa::table_arrays, boost::unordered::detail::foa::plain_size_control, boost::hash<unsigned long>, std::__1::equal_to<unsigned long>, std::__1::allocator<std::__1::pair<unsigned long const, lob::v14::Loc> > >::unchecked_rehash(boost::unordered::detail::foa::table_arrays<std::__1::pair<unsigned long const, lob::v14::Loc>, boost::unordered::detail::foa::group15<boost::unordered::detail::foa::plain_integral>, boost::unordered::detail::foa::pow2_size_policy, std::__1::allocator<std::__1::pair<unsigned long const, lob::v14::Loc> > >&)
57 28 0 0 0 0 0 0 0 0
63 7 0 0 0 0 0 7 0 0
fn=boost::unordered::detail::foa::table_locator<boost::unordered::detail::foa::group15<boost::unordered::detail::foa::plain_integral>, std::__1::pair<unsigned long const, lob::v14::Loc> > boost::unordered::detail::foa::table_core<boost::unordered::detail::foa::flat_map_types<unsigned long, lob::v14::Loc>, boost::unordered::detail::foa::group15<boost::unordered::detail::foa::plain_integral>, boost::unordered::detail::foa::table_arrays, boost::unordered::detail::foa::plain_size_control, boost::hash<unsigned long>, std::__1::equal_to<unsigned long>, std::__1::allocator<std::__1::pair<unsigned long const, lob::v14::Loc> > >::unchecked_emplace_with_rehash<boost::unordered::detail::foa::try_emplace_args_t, unsigned long&>(unsigned long, boost::unordered::detail::foa::try_emplace_args_t&&, unsigned long&)
0 24 0 0 0 0 0 16 0 0
37 40 1 1 0 0 0 8 0 0
43 16 0 0 0 0 0 8 0 0
fn=void lob::replay<lob::v14::BookT<lob::ChecksumSink, 16u> >(lob::v14::BookT<lob::ChecksumSink, 16u>&, std::__1::span<lob::Op const, 18446744073709551615ul>)
0 48 0 0 48 1 0 0 0 0
37 24 0 0 0 0 0 0 0 0
43 36 0 0 0 0 0 12 0 0
63 33 0 0 11 0 0 11 0 0
fl=/usr/include/c++/v1/__split_buffer
fn=void lob::replay<lob::v14::BookT<lob::ChecksumSink, 16u> >(lob::v14::BookT<lob::ChecksumSink, 16u>&, std::__1::span<lob::Op const, 18446744073709551615ul>)
0 12 1 1 0 0 0 12 0 0
335 12 0 0 0 0 0 0 0 0
341 24 0 0 0 0 0 0 0 0
fl=/usr/include/c++/v1/__tree
fn=lob::v14::BookT<lob::ChecksumSink, 16u>::modify(unsigned long, long, unsigned int)
0 4124 1 1 0 0 0 4124 0 0
fl=/usr/include/c++/v1/__utility/pair.h
fn=_ZN5boost9unordered6detail3foa10table_coreINS2_14flat_map_typesImN3lob3v143LocEEENS2_7group15INS2_14plain_integralEEENS2_12table_arraysENS2_18plain_size_controlENS_4hashImEENSt3__18equal_toImEENSG_9allocatorINSG_4pairIKmS7_EEEEE22for_all_elements_whileIZNSO_22for_all_elements_whileIZNSO_16for_all_elementsIZNSO_16unchecked_rehashERNSC_ISM_SB_NS2_16pow2_size_policyESN_EEEUlPSM_E_EEDTcmclfL1p0_LDnEEcvv_EERKST_T_EUlSV_E_EESX_SZ_S10_EUlPSB_jSV_E_EEDTcmclfp0_LDnELi0ELDnEEcvv_EESZ_S10_
196 13320 0 0 6660 507 0 6660 1674 1674
fn=boost::unordered::detail::foa::table_locator<boost::unordered::detail::foa::group15<boost::unordered::detail::foa::plain_integral>, std::__1::pair<unsigned long const, lob::v14::Loc> > boost::unordered::detail::foa::table_core<boost::unordered::detail::foa::flat_map_types<unsigned long, lob::v14::Loc>, boost::unordered::detail::foa::group15<boost::unordered::detail::foa::plain_integral>, boost::unordered::detail::foa::table_arrays, boost::unordered::detail::foa::plain_size_control, boost::hash<unsigned long>, std::__1::equal_to<unsigned long>, std::__1::allocator<std::__1::pair<unsigned long const, lob::v14::Loc> > >::unchecked_emplace_with_rehash<boost::unordered::detail::foa::try_emplace_args_t, unsigned long&>(unsigned long, boost::unordered::detail::foa::try_emplace_args_t&&, unsigned long&)
445 16 1 1 8 0 0 8 8 8
446 8 0 0 0 0 0 8 1 1
fn=void lob::replay<lob::v14::BookT<lob::ChecksumSink, 16u> >(lob::v14::BookT<lob::ChecksumSink, 16u>&, std::__1::span<lob::Op const, 18446744073709551615ul>)
445 628460 0 0 0 0 0 628460 404018 413
446 1256920 0 0 0 0 0 628460 112422 805
fl=/usr/include/c++/v1/__utility/swap.h
fn=void lob::replay<lob::v14::BookT<lob::ChecksumSink, 16u> >(lob::v14::BookT<lob::ChecksumSink, 16u>&, std::__1::span<lob::Op const, 18446744073709551615ul>)
0 12 0 0 12 1 0 0 0 0
44 36 1 1 0 0 0 36 1 0
fl=/usr/include/c++/v1/__vector/vector.h
fn=auto lob::for_each_type<std::__1::tuple<lob::v0::Book<lob::ChecksumSink>, lob::v1::Book<lob::ChecksumSink>, lob::v2::Book<lob::ChecksumSink>, lob::v3::BookT<lob::ChecksumSink, 16u>, lob::v4::BookT<lob::ChecksumSink, 16u>, lob::v5::BookT<lob::ChecksumSink, 16u>, lob::v7::BookT<lob::ChecksumSink, 16u>, lob::v8::BookT<lob::ChecksumSink, 16u>, lob::v9::BookT<lob::ChecksumSink, 16u>, lob::v10::BookT<lob::ChecksumSink, 16u>, lob::v11::BookT<lob::ChecksumSink, 16u>, lob::v12::BookT<lob::ChecksumSink, 16u>, lob::v13::BookT<lob::ChecksumSink, 16u>, lob::v14::BookT<lob::ChecksumSink, 16u> >, (anonymous namespace)::with_version<(anonymous namespace)::cmd_replay((anonymous namespace)::Args const&)::$_0>(std::__1::basic_string_view<char, std::__1::char_traits<char> >, (anonymous namespace)::cmd_replay((anonymous namespace)::Args const&)::$_0&&)::{lambda<typename $T0>()#1}>((anonymous namespace)::with_version<(anonymous namespace)::cmd_replay((anonymous namespace)::Args const&)::$_0>(std::__1::basic_string_view<char, std::__1::char_traits<char> >, (anonymous namespace)::cmd_replay((anonymous namespace)::Args const&)::$_0&&)::{lambda<typename $T0>()#1}&&)::{lambda<unsigned long... $N0>(std::__1::integer_sequence<unsigned long, ($N0)...>)#1}::operator()<0ul, 1ul, 2ul, 3ul, 4ul, 5ul, 6ul, 7ul, 8ul, 9ul, 10ul, 11ul, 12ul, 13ul>(std::__1::integer_sequence<unsigned long, 0ul, 1ul, 2ul, 3ul, 4ul, 5ul, 6ul, 7ul, 8ul, 9ul, 10ul, 11ul, 12ul, 13ul>) const
388 4 0 0 1 0 0 0 0 0
449 1 0 0 1 1 1 0 0 0
fn=lob::v14::BookT<lob::ChecksumSink, 16u>::modify(unsigned long, long, unsigned int)
407 209817 2 2 93113 0 0 0 0 0
fn=lob::v14::BookT<lob::ChecksumSink, 16u>::remove_from_level(lob::v14::Loc const&)
407 83145 0 0 27715 0 0 0 0 0
fn=unsigned int lob::v14::BookT<lob::ChecksumSink, 16u>::match<(lob::Side)0>(unsigned long, long, unsigned int)
407 149843 0 0 0 0 0 0 0 0
fn=unsigned int lob::v14::BookT<lob::ChecksumSink, 16u>::match<(lob::Side)1>(unsigned long, long, unsigned int)
407 148700 0 0 0 0 0 0 0 0
fn=void lob::replay<lob::v14::BookT<lob::ChecksumSink, 16u> >(lob::v14::BookT<lob::ChecksumSink, 16u>&, std::__1::span<lob::Op const, 18446744073709551615ul>)
0 12 0 0 0 0 0 0 0 0
388 14007 0 0 2001 0 0 0 0 0
391 72 1 1 0 0 0 12 0 0
407 1849316 0 0 304039 0 0 0 0 0
475 1989 0 0 0 0 0 0 0 0
902 24 0 0 0 0 0 0 0 0
905 72 0 0 0 0 0 0 0 0
1128 12 1 1 0 0 0 0 0 0
1131 12 0 0 0 0 0 0 0 0
1146 8004 0 0 2001 0 0 2001 0 0
1149 1989 0 0 0 0 0 0 0 0
1152 2001 0 0 0 0 0 2001 0 0
fl=/usr/include/c++/v1/map
fn=unsigned int lob::v14::BookT<lob::ChecksumSink, 16u>::match<(lob::Side)0>(unsigned long, long, unsigned int)
1031 162882 0 0 81441 0 0 0 0 0
fn=unsigned int lob::v14::BookT<lob::ChecksumSink, 16u>::match<(lob::Side)1>(unsigned long, long, unsigned int)
1031 162244 0 0 81122 0 0 0 0 0
fl=???
fn=???
0 170 5 5 114 24 5 0 0 0
fn=operator delete(void*)
0 90 0 0 18 0 0 18 0 0
fn=operator delete(void*, unsigned long)
0 90 1 1 18 0 0 18 0 0
fn=operator new(unsigned long)
0 340 2 2 60 0 0 80 0 0
summary: 202591455 255 255 55077023 1062785 375129 25097946 1008615 3629
