desc: I1 cache:         32768 B, 64 B, 8-way associative
desc: D1 cache:         49152 B, 64 B, 12-way associative
desc: LL cache:         6291456 B, 64 B, 12-way associative
cmd: /home/wang/sources/cxx/book/build/profile/book replay --workload data/itch12302019_SPY.ops --version v16
events: Ir I1mr ILmr Dr D1mr DLmr Dw D1mw DLmw 
fl=./elf/../sysdeps/generic/dl-new-hash.h
fn=_dl_lookup_symbol_x
69 2 0 0 0 0 0 0 0 0
70 4 0 0 0 0 0 0 0 0
74 15 0 0 15 3 2 0 0 0
77 30 0 0 0 0 0 0 0 0
80 14 0 0 14 0 0 0 0 0
81 28 0 0 0 0 0 0 0 0
87 1 1 1 0 0 0 0 0 0
88 1 0 0 0 0 0 0 0 0
89 2 0 0 0 0 0 0 0 0
90 1 0 0 0 0 0 0 0 0
99 13 0 0 0 0 0 0 0 0
101 13 0 0 0 0 0 0 0 0
102 26 0 0 0 0 0 0 0 0
104 13 1 1 0 0 0 0 0 0
105 13 0 0 0 0 0 0 0 0
fl=./elf/../sysdeps/generic/dl-protected.h
fn=do_lookup_x
29 8 0 0 0 0 0 0 0 0
fl=./elf/../sysdeps/generic/ldsodefs.h
fn=do_lookup_x
139 4 0 0 2 0 0 0 0 0
140 6 0 0 0 0 0 0 0 0
fl=./elf/../sysdeps/x86_64/dl-machine.h
fn=_dl_fixup
234 2 0 0 0 0 0 2 0 0
fl=./elf/../sysdeps/x86_64/dl-runtime.h
fn=_dl_fixup
28 2 0 0 0 0 0 0 0 0
fl=./elf/../sysdeps/x86_64/dl-trampoline.h
fn=_dl_runtime_resolve_xsave
71 2 1 1 0 0 0 0 0 0
76 2 0 0 0 0 0 2 0 0
79 2 0 0 0 0 0 0 0 0
81 2 0 0 0 0 0 0 0 0
91 2 0 0 2 2 1 0 0 0
97 2 0 0 0 0 0 2 2 1
98 2 0 0 0 0 0 2 0 0
99 2 1 1 0 0 0 2 0 0
100 2 0 0 0 0 0 2 0 0
101 2 0 0 0 0 0 2 0 0
102 2 0 0 0 0 0 2 0 0
103 2 0 0 0 0 0 2 0 0
107 2 0 0 0 0 0 0 0 0
108 2 0 0 0 0 0 0 0 0
111 2 0 0 0 0 0 2 1 0
112 2 0 0 0 0 0 2 0 0
114 2 0 0 0 0 0 2 0 0
115 2 0 0 0 0 0 2 0 0
116 2 1 1 0 0 0 2 0 0
117 2 0 0 0 0 0 2 0 0
118 2 0 0 0 0 0 2 0 0
119 2 0 0 0 0 0 2 0 0
121 2 0 0 2 0 0 66 15 8
128 2 0 0 2 0 0 0 0 0
129 2 0 0 2 0 0 0 0 0
130 2 0 0 0 0 0 2 2 1
131 2 0 0 0 0 0 0 0 0
136 2 0 0 0 0 0 0 0 0
137 2 0 0 0 0 0 0 0 0
138 2 0 0 72 0 0 0 0 0
140 2 1 1 2 0 0 0 0 0
141 2 0 0 2 0 0 0 0 0
142 2 0 0 2 0 0 0 0 0
143 2 0 0 2 0 0 0 0 0
144 2 0 0 2 0 0 0 0 0
145 2 0 0 2 0 0 0 0 0
146 2 0 0 2 0 0 0 0 0
148 2 0 0 0 0 0 0 0 0
150 2 0 0 2 0 0 0 0 0
154 2 0 0 0 0 0 0 0 0
156 2 0 0 0 0 0 0 0 0
fl=./elf/./elf/dl-lookup.c
fn=_dl_lookup_symbol_x
772 26 2 2 0 0 0 18 6 3
774 4 0 0 0 0 0 2 0 0
775 8 0 0 0 0 0 2 0 0
778 2 0 0 2 2 1 0 0 0
782 4 0 0 0 0 0 0 0 0
785 4 1 1 2 0 0 0 0 0
787 4 0 0 4 0 0 0 0 0
791 28 0 0 0 0 0 6 0 0
792 34 2 2 14 0 0 14 2 1
797 10 0 0 4 0 0 0 0 0
816 2 0 0 0 0 0 2 0 0
820 4 0 0 2 0 0 0 0 0
821 14 0 0 2 0 0 0 0 0
828 2 0 0 2 0 0 0 0 0
856 8 1 1 2 0 0 0 0 0
870 6 0 0 2 2 1 0 0 0
873 4 0 0 2 0 0 0 0 0
890 8 0 0 2 0 0 0 0 0
892 18 1 1 14 0 0 0 0 0
fn=check_match
70 30 1 1 4 2 2 12 2 1
73 16 1 1 4 0 0 0 0 0
86 10 0 0 0 0 0 0 0 0
89 16 1 1 4 0 0 2 0 0
93 2 0 0 2 2 1 0 0 0
94 4 0 0 0 0 0 0 0 0
144 4 1 1 0 0 0 0 0 0
146 12 0 0 4 2 2 0 0 0
147 8 1 1 0 0 0 0 0 0
161 2 0 0 0 0 0 0 0 0
162 16 0 0 14 0 0 0 0 0
fn=do_lookup_x
347 28 2 2 4 0 0 20 4 2
348 2 0 0 2 2 1 0 0 0
353 2 0 0 0 0 0 0 0 0
354 2 0 0 2 0 0 0 0 0
358 16 1 1 16 12 6 0 0 0
361 16 0 0 0 0 0 0 0 0
365 20 0 0 2 0 0 0 0 0
386 16 1 1 8 6 3 0 0 0
390 16 0 0 8 2 1 0 0 0
396 24 0 0 8 6 3 0 0 0
400 8 0 0 0 0 0 8 0 0
401 8 0 0 0 0 0 8 0 0
404 40 0 0 24 12 6 0 0 0
405 24 1 1 16 4 2 0 0 0
408 8 0 0 8 0 0 0 0 0
409 16 0 0 0 0 0 0 0 0
411 8 0 0 8 8 6 0 0 0
412 6 0 0 0 0 0 2 0 0
413 16 0 0 16 0 0 0 0 0
415 14 1 1 2 0 0 4 0 0
416 32 0 0 16 0 0 0 0 0
419 56 0 0 8 0 0 0 0 0
422 4 0 0 4 2 2 0 0 0
423 6 1 1 2 0 0 0 0 0
424 4 0 0 0 0 0 0 0 0
426 4 0 0 2 0 0 0 0 0
429 15 1 1 3 2 2 0 0 0
431 6 0 0 2 0 0 0 0 0
432 50 2 2 14 0 0 26 4 2
433 4 0 0 0 0 0 0 0 0
436 6 0 0 0 0 0 0 0 0
439 3 0 0 0 0 0 0 0 0
461 16 1 1 12 0 0 0 0 0
476 4 1 1 0 0 0 0 0 0
483 8 0 0 2 0 0 0 0 0
487 6 1 1 2 2 1 0 0 0
499 4 0 0 2 0 0 2 0 0
500 2 0 0 0 0 0 2 0 0
501 2 0 0 0 0 0 0 0 0
518 18 0 0 0 0 0 0 0 0
522 16 0 0 14 0 0 0 0 0
fl=./elf/./elf/dl-runtime.c
fn=_dl_fixup
46 22 2 2 0 0 0 12 0 0
48 10 0 0 8 8 4 0 0 0
49 6 1 1 4 2 1 0 0 0
54 2 0 0 2 2 1 0 0 0
55 8 0 0 2 2 1 0 0 0
56 14 0 0 2 2 2 2 2 1
58 4 0 0 2 0 0 0 0 0
63 4 0 0 0 0 0 0 0 0
67 4 0 0 2 2 2 0 0 0
69 4 0 0 0 0 0 0 0 0
71 6 1 1 2 2 1 0 0 0
75 6 0 0 4 4 3 0 0 0
76 8 0 0 2 0 0 0 0 0
77 6 0 0 2 2 1 0 0 0
84 2 1 1 0 0 0 0 0 0
85 6 0 0 2 1 0 0 0 0
95 22 0 0 4 2 1 6 0 0
99 10 1 1 6 0 0 0 0 0
109 20 0 0 8 0 0 2 0 0
124 8 1 1 2 0 0 0 0 0
133 6 0 0 2 2 1 0 0 0
159 6 0 0 2 0 0 0 0 0
163 16 1 1 14 0 0 0 0 0
fl=./malloc/./malloc/arena.c
fn=_mid_memalign.isra.0
153 4 0 0 0 0 0 0 0 0
fn=free
153 87 0 0 0 0 0 0 0 0
fn=malloc
153 40 0 0 0 0 0 0 0 0
fl=./malloc/./malloc/malloc.c
fn=_int_free
1792 10 0 0 10 4 1 0 0 0
1992 9 1 1 3 0 0 0 0 0
3163 38 1 1 19 0 0 19 0 0
3165 76 0 0 19 9 6 19 0 0
3166 19 0 0 0 0 0 19 0 0
3167 38 0 0 0 0 0 19 0 0
4495 203 1 1 0 0 0 116 0 0
4499 87 1 1 29 0 0 0 0 0
4505 116 0 0 0 0 0 0 0 0
4506 58 0 0 0 0 0 0 0 0
4510 145 0 0 0 0 0 0 0 0
4517 58 0 0 0 0 0 0 0 0
4518 174 1 1 87 5 1 0 0 0
4521 22 0 0 0 0 0 0 0 0
4527 66 0 0 44 7 3 0 0 0
4547 110 1 1 44 6 2 0 0 0
4550 19 0 0 0 0 0 0 0 0
4561 20 0 0 0 0 0 0 0 0
4572 12 0 0 3 0 0 0 0 0
4574 9 0 0 3 1 1 0 0 0
4593 3 0 0 0 0 0 0 0 0
4595 3 0 0 0 0 0 3 1 1
4596 3 0 0 0 0 0 0 0 0
4600 9 0 0 3 0 0 0 0 0
4602 6 0 0 3 1 1 0 0 0
4606 6 0 0 0 0 0 0 0 0
4608 9 0 0 0 0 0 3 0 0
4609 3 0 0 0 0 0 3 0 0
4628 12 0 0 0 0 0 0 0 0
4637 14 0 0 7 0 0 0 0 0
4640 14 0 0 7 3 0 0 0 0
4643 14 1 1 0 0 0 0 0 0
4646 14 0 0 0 0 0 0 0 0
4658 167 1 1 138 0 0 0 0 0
fn=_int_free_maybe_consolidate
4770 110 1 1 10 2 0 70 0 0
4776 20 0 0 0 0 0 0 0 0
4778 8 0 0 2 0 0 0 0 0
4781 6 0 0 0 0 0 0 0 0
4784 10 2 2 6 2 1 0 0 0
4798 110 1 1 90 0 0 0 0 0
fn=_int_free_merge_chunk
1992 24 0 0 8 0 0 0 0 0
4665 64 1 1 0 0 0 48 0 0
4666 8 0 0 0 0 0 0 0 0
4670 48 0 0 8 3 0 0 0 0
4673 32 1 1 8 3 0 0 0 0
4675 24 1 1 8 3 0 0 0 0
4678 24 0 0 8 2 0 0 0 0
4681 16 0 0 0 0 0 0 0 0
4682 16 0 0 0 0 0 0 0 0
4683 16 0 0 8 3 0 0 0 0
4689 16 1 1 8 0 0 0 0 0
4691 6 0 0 6 0 0 0 0 0
4692 6 0 0 0 0 0 0 0 0
4693 6 0 0 0 0 0 0 0 0
4694 24 0 0 6 2 0 0 0 0
4696 12 0 0 0 0 0 6 2 0
4701 24 0 0 0 0 0 0 0 0
4702 56 0 0 48 0 0 0 0 0
4714 16 0 0 8 0 0 0 0 0
4720 16 0 0 8 2 0 0 0 0
4724 8 0 0 8 0 0 0 0 0
4732 8 0 0 0 0 0 0 0 0
4733 32 1 1 8 0 0 0 0 0
4734 16 0 0 8 0 0 0 0 0
4736 8 0 0 0 0 0 8 0 0
4738 16 0 0 0 0 0 0 0 0
4740 21 1 1 0 0 0 7 0 0
4743 8 0 0 0 0 0 8 0 0
4744 8 0 0 0 0 0 8 0 0
4746 24 0 0 0 0 0 8 0 0
4747 8 0 0 0 0 0 8 0 0
fn=_int_malloc
1326 44 0 0 0 0 0 0 0 0
1345 132 0 0 0 0 0 0 0 0
1794 22 1 1 22 0 0 0 0 0
1985 3 0 0 1 0 0 0 0 0
2008 4 0 0 1 0 0 0 0 0
2552 6 0 0 2 1 1 2 0 0
2553 1 1 1 0 0 0 1 0 0
2564 2 1 1 1 1 1 0 0 0
2589 4 0 0 1 0 0 1 0 0
2590 2 0 0 0 0 0 1 0 0
2599 12 1 1 3 0 0 0 0 0
2605 3 0 0 2 0 0 0 0 0
2608 3 1 1 0 0 0 0 0 0
2669 3 1 1 1 0 0 1 0 0
2677 2 0 0 1 0 0 0 0 0
2678 3 0 0 1 0 0 1 0 0
2691 3 1 1 1 0 0 0 0 0
2693 1 0 0 1 0 0 0 0 0
2699 5 0 0 1 0 0 1 0 0
2707 2 0 0 0 0 0 0 0 0
2709 4 2 2 0 0 0 2 0 0
2710 3 0 0 1 0 0 0 0 0
2711 1 0 0 0 0 0 0 0 0
2712 1 0 0 0 0 0 0 0 0
2715 2 0 0 0 0 0 0 0 0
2744 7 1 1 3 0 0 0 0 0
2746 2 1 1 0 0 0 1 0 0
2752 8 0 0 1 0 0 0 0 0
2753 6 0 0 1 0 0 1 0 0
2921 3 1 1 2 0 0 0 0 0
2922 1 0 0 0 0 0 1 0 0
2926 1 0 0 1 0 0 0 0 0
2930 5 1 1 2 0 0 0 0 0
2932 1 0 0 0 0 0 0 0 0
2933 1 0 0 0 0 0 0 0 0
2934 1 0 0 0 0 0 1 0 0
2935 7 0 0 0 0 0 1 0 0
2936 2 0 0 0 0 0 1 1 1
2938 1 0 0 0 0 0 0 0 0
3846 242 2 2 22 9 2 154 5 3
3887 44 0 0 0 0 0 0 0 0
3914 44 0 0 0 0 0 0 0 0
3916 40 0 0 0 0 0 0 0 0
3919 10 0 0 10 3 1 0 0 0
3921 20 0 0 0 0 0 0 0 0
3930 30 2 2 0 0 0 0 0 0
3977 24 1 1 0 0 0 0 0 0
3979 38 0 0 0 0 0 0 0 0
3980 26 1 1 0 0 0 0 0 0
3982 39 0 0 13 7 4 0 0 0
4039 115 1 1 0 0 0 0 0 0
4040 27 0 0 9 6 1 0 0 0
4058 66 1 1 22 0 0 0 0 0
4059 66 0 0 0 0 0 22 5 1
4060 66 1 1 44 4 2 0 0 0
4069 30 0 0 0 0 0 15 0 0
4070 134 1 1 29 9 2 22 0 0
4072 15 0 0 15 1 1 0 0 0
4073 30 0 0 15 5 1 0 0 0
4074 15 0 0 0 0 0 0 0 0
4076 30 0 0 0 0 0 0 0 0
4077 45 1 1 15 6 1 0 0 0
4079 15 0 0 15 5 1 0 0 0
4080 60 0 0 0 0 0 0 0 0
4082 60 0 0 15 0 0 0 0 0
4084 30 1 1 15 0 0 0 0 0
4085 30 0 0 15 0 0 0 0 0
4087 30 0 0 0 0 0 0 0 0
4098 60 0 0 0 0 0 0 0 0
4099 18 1 1 9 0 0 0 0 0
4100 16 0 0 0 0 0 0 0 0
4101 8 0 0 0 0 0 0 0 0
4104 8 0 0 0 0 0 0 0 0
4105 8 1 1 0 0 0 0 0 0
4106 8 0 0 0 0 0 8 0 0
4107 24 0 0 0 0 0 8 0 0
4108 24 1 1 0 0 0 8 8 0
4109 16 0 0 0 0 0 0 0 0
4111 16 0 0 0 0 0 8 2 0
4115 64 0 0 0 0 0 8 0 0
4117 24 1 1 0 0 0 8 1 0
4118 8 0 0 0 0 0 8 0 0
4121 8 0 0 0 0 0 0 0 0
4122 24 0 0 0 0 0 8 0 0
4123 8 0 0 0 0 0 0 0 0
4127 7 0 0 0 0 0 7 0 0
4128 7 0 0 0 0 0 7 0 0
4132 14 0 0 0 0 0 0 0 0
4161 15 2 2 0 0 0 0 0 0
4169 111 4 4 0 0 0 7 0 0
4170 21 1 1 0 0 0 0 0 0
4171 7 0 0 7 6 3 0 0 0
4174 14 0 0 0 0 0 0 0 0
4218 28 0 0 0 0 0 7 3 0
4221 49 2 2 14 5 1 0 0 0
4222 7 0 0 0 0 0 7 0 0
4223 7 0 0 0 0 0 7 0 0
4224 7 0 0 0 0 0 7 0 0
4225 7 0 0 0 0 0 7 0 0
4230 14 0 0 14 0 0 0 0 0
4231 14 0 0 0 0 0 0 0 0
4240 28 1 1 14 0 0 0 0 0
4246 14 0 0 0 0 0 0 0 0
4257 42 1 1 0 0 0 0 0 0
4259 36 0 0 0 0 0 0 0 0
4262 27 0 0 9 8 6 0 0 0
4263 14 1 1 0 0 0 0 0 0
4330 14 0 0 0 0 0 0 0 0
4331 28 0 0 0 0 0 0 0 0
4332 28 0 0 0 0 0 0 0 0
4333 28 0 0 14 3 1 0 0 0
4334 84 0 0 0 0 0 0 0 0
4339 61 1 1 0 0 0 0 0 0
4343 86 2 2 0 0 0 0 0 0
4346 64 1 1 16 0 0 0 0 0
4348 8 0 0 0 0 0 0 0 0
4349 4 0 0 0 0 0 0 0 0
4353 50 0 0 0 0 0 0 0 0
4355 23 0 0 0 0 0 0 0 0
4357 46 0 0 0 0 0 0 0 0
4361 2 0 0 2 0 0 0 0 0
4364 4 0 0 0 0 0 0 0 0
4366 5 0 0 0 0 0 1 0 0
4367 1 0 0 0 0 0 0 0 0
4368 1 0 0 0 0 0 0 0 0
4373 4 0 0 1 0 0 0 0 0
4376 2 0 0 0 0 0 0 0 0
4378 3 1 1 0 0 0 1 0 0
4381 3 0 0 0 0 0 2 0 0
4384 4 0 0 2 0 0 0 0 0
4394 1 0 0 0 0 0 0 0 0
4399 4 0 0 1 0 0 0 0 0
4400 2 1 1 1 0 0 0 0 0
4403 1 0 0 0 0 0 1 1 0
4404 1 0 0 0 0 0 1 0 0
4405 1 0 0 0 0 0 1 0 0
4408 2 0 0 0 0 0 0 0 0
4409 1 0 0 0 0 0 1 0 0
4410 2 0 0 0 0 0 0 0 0
4412 2 0 0 0 0 0 1 0 0
4415 8 1 1 0 0 0 1 0 0
4417 3 0 0 0 0 0 1 0 0
4418 1 0 0 0 0 0 1 0 0
4421 1 0 0 0 0 0 0 0 0
4443 13 1 1 13 0 0 0 0 0
4444 26 0 0 13 4 2 0 0 0
4446 26 0 0 13 3 1 0 0 0
4449 39 0 0 0 0 0 0 0 0
4451 12 0 0 0 0 0 0 0 0
4452 24 1 1 0 0 0 0 0 0
4453 12 0 0 0 0 0 12 0 0
4454 96 1 1 0 0 0 12 0 0
4456 24 0 0 0 0 0 12 12 12
4459 24 0 0 0 0 0 0 0 0
4460 39 0 0 0 0 0 13 2 2
4461 13 0 0 0 0 0 0 0 0
4466 4 0 0 1 0 0 1 0 0
4482 1 0 0 0 0 0 0 0 0
4487 264 2 2 198 0 0 0 0 0
fn=_int_memalign
1326 4 0 0 0 0 0 0 0 0
1345 16 1 1 0 0 0 0 0 0
4714 4 0 0 0 0 0 0 0 0
4756 2 1 1 0 0 0 0 0 0
4757 6 0 0 0 0 0 2 2 2
4758 4 0 0 0 0 0 2 0 0
5039 16 1 1 0 0 0 12 0 0
5069 8 0 0 0 0 0 4 0 0
5071 6 0 0 2 0 0 0 0 0
5074 2 0 0 0 0 0 0 0 0
5076 8 0 0 0 0 0 0 0 0
5083 5 1 1 0 0 0 0 0 0
5085 4 0 0 0 0 0 0 0 0
5090 4 0 0 1 0 0 0 0 0
5093 2 0 0 0 0 0 0 0 0
5101 10 1 1 0 0 0 2 0 0
5103 1 0 0 1 0 0 0 0 0
5104 5 0 0 1 0 0 1 0 0
5105 2 0 0 0 0 0 1 0 0
5106 1 0 0 0 0 0 0 0 0
5108 9 0 0 1 0 0 0 0 0
5113 6 1 1 2 0 0 0 0 0
5115 4 0 0 0 0 0 0 0 0
5116 2 0 0 0 0 0 0 0 0
5117 4 0 0 2 0 0 0 0 0
5118 4 0 0 0 0 0 0 0 0
5120 2 0 0 0 0 0 0 0 0
5121 4 0 0 0 0 0 0 0 0
5122 2 1 1 2 0 0 0 0 0
5129 2 0 0 0 0 0 0 0 0
5130 6 2 2 0 0 0 2 0 0
5134 6 1 1 0 0 0 2 0 0
5140 2 0 0 0 0 0 0 0 0
5141 18 0 0 14 0 0 0 0 0
fn=_mid_memalign.isra.0
1326 4 0 0 0 0 0 0 0 0
1345 10 0 0 0 0 0 0 0 0
3575 14 1 1 0 0 0 8 0 0
3581 4 1 1 0 0 0 0 0 0
3585 4 0 0 0 0 0 0 0 0
3590 6 2 2 0 0 0 0 0 0
3598 6 0 0 0 0 0 0 0 0
3615 6 0 0 0 0 0 0 0 0
3617 4 1 1 2 2 1 0 0 0
3638 4 0 0 2 2 1 0 0 0
3640 10 1 1 0 0 0 2 2 1
3641 10 1 1 2 0 0 0 0 0
3643 4 1 1 0 0 0 0 0 0
3662 12 0 0 10 0 0 0 0 0
fn=aligned_alloc
3556 14 1 1 0 0 0 6 0 0
3557 4 0 0 2 2 1 0 0 0
3564 10 0 0 0 0 0 0 0 0
3571 6 0 0 0 0 0 0 0 0
3572 6 1 1 6 0 0 0 0 0
fn=alloc_perturb
1985 63 1 1 21 0 0 0 0 0
1987 21 0 0 21 0 0 0 0 0
fn=free
3359 203 2 2 0 0 0 116 0 0
3363 58 0 0 0 0 0 0 0 0
3371 58 0 0 58 26 6 0 0 0
3373 29 0 0 0 0 0 0 0 0
3375 87 0 0 29 3 1 0 0 0
3392 87 0 0 58 10 2 0 0 0
3398 87 1 1 0 0 0 29 2 0
3401 29 0 0 0 0 0 29 0 0
3402 174 0 0 145 0 0 0 0 0
fn=malloc
1326 56 0 0 0 0 0 0 0 0
1345 140 1 1 0 0 0 0 0 0
3178 16 0 0 8 4 2 0 0 0
3182 16 0 0 0 0 0 0 0 0
3186 32 1 1 8 2 1 8 0 0
3190 16 0 0 0 0 0 8 0 0
3191 8 0 0 0 0 0 8 0 0
3294 224 1 1 0 0 0 112 1 1
3301 56 0 0 28 7 1 0 0 0
3311 56 0 0 0 0 0 0 0 0
3313 112 0 0 56 14 2 0 0 0
3316 56 0 0 28 7 1 0 0 0
3318 66 1 1 22 7 3 0 0 0
3326 40 1 1 20 8 1 0 0 0
3328 80 0 0 0 0 0 20 0 0
3329 100 1 1 20 0 0 0 0 0
3354 168 1 1 140 0 0 0 0 0
fn=unlink_chunk.isra.0
1608 14 1 1 0 0 0 7 0 0
1610 35 0 0 14 0 0 0 0 0
1613 14 0 0 14 1 0 0 0 0
1614 14 0 0 7 0 0 0 0 0
1616 28 2 1 14 3 0 0 0 0
1619 7 0 0 0 0 0 7 0 0
1620 7 0 0 0 0 0 7 0 0
1621 32 0 0 6 1 0 0 0 0
1623 12 0 0 6 0 0 0 0 0
1624 18 0 0 12 0 0 0 0 0
1627 12 0 0 6 2 0 0 0 0
1641 6 0 0 0 0 0 6 0 0
1642 6 1 1 0 0 0 6 0 0
1645 14 0 0 14 0 0 0 0 0
fl=./malloc/./malloc/morecore.c
fn=__glibc_morecore
25 3 1 1 0 0 0 1 0 0
26 2 0 0 1 0 0 0 0 0
29 1 0 0 0 0 0 1 0 0
30 2 0 0 0 0 0 0 0 0
34 2 0 0 2 0 0 0 0 0
fl=./misc/../sysdeps/unix/sysv/linux/brk.c
fn=brk
36 1 1 1 0 0 0 0 0 0
37 2 0 0 1 0 0 1 0 0
38 2 0 0 0 0 0 0 0 0
44 1 0 0 0 0 0 0 0 0
45 1 0 0 1 0 0 0 0 0
fl=./misc/../sysdeps/unix/sysv/linux/brk_call.h
fn=brk
24 2 0 0 0 0 0 0 0 0
fl=./misc/./misc/sbrk.c
fn=sbrk
37 8 1 1 0 0 0 4 0 0
40 2 0 0 2 2 2 0 0 0
43 2 1 1 1 1 1 0 0 0
58 2 0 0 0 0 0 0 0 0
62 2 0 0 0 0 0 0 0 0
66 4 1 1 0 0 0 0 0 0
74 3 1 1 0 0 0 1 0 0
78 7 0 0 5 0 0 0 0 0
fl=./string/../sysdeps/x86_64/multiarch/../multiarch/strcmp-sse2.S
fn=strcmp
98 2 1 1 0 0 0 0 0 0
131 2 0 0 0 0 0 0 0 0
132 2 0 0 0 0 0 0 0 0
134 2 0 0 0 0 0 0 0 0
135 2 0 0 0 0 0 0 0 0
156 2 0 0 0 0 0 0 0 0
157 2 0 0 0 0 0 0 0 0
158 1 0 0 0 0 0 0 0 0
159 1 0 0 0 0 0 0 0 0
160 1 0 0 1 1 1 0 0 0
161 1 1 1 1 0 0 0 0 0
162 1 0 0 1 0 0 0 0 0
163 1 0 0 1 0 0 0 0 0
180 1 0 0 0 0 0 0 0 0
181 1 0 0 0 0 0 0 0 0
182 1 0 0 0 0 0 0 0 0
183 1 0 0 0 0 0 0 0 0
184 1 0 0 0 0 0 0 0 0
185 1 0 0 0 0 0 0 0 0
186 1 0 0 0 0 0 0 0 0
191 1 0 0 0 0 0 0 0 0
192 3 0 0 0 0 0 0 0 0
201 2 1 1 0 0 0 0 0 0
202 2 0 0 0 0 0 0 0 0
203 2 0 0 0 0 0 0 0 0
204 2 0 0 0 0 0 0 0 0
205 2 0 0 0 0 0 0 0 0
206 2 0 0 0 0 0 0 0 0
207 2 0 0 0 0 0 0 0 0
208 2 0 0 0 0 0 0 0 0
209 2 0 0 0 0 0 0 0 0
210 2 0 0 0 0 0 0 0 0
211 2 0 0 0 0 0 0 0 0
212 2 0 0 0 0 0 0 0 0
214 2 0 0 0 0 0 0 0 0
215 2 0 0 0 0 0 0 0 0
216 2 0 0 0 0 0 0 0 0
217 2 0 0 2 2 1 0 0 0
218 2 0 0 0 0 0 0 0 0
219 2 0 0 0 0 0 0 0 0
1494 1 1 1 0 0 0 0 0 0
1495 1 0 0 1 0 0 0 0 0
1496 1 0 0 1 1 1 0 0 0
1497 1 0 0 0 0 0 0 0 0
1498 1 0 0 0 0 0 0 0 0
1500 1 0 0 0 0 0 0 0 0
1501 1 0 0 0 0 0 0 0 0
1502 1 1 1 0 0 0 0 0 0
1503 1 0 0 0 0 0 0 0 0
1504 1 0 0 0 0 0 0 0 0
1505 1 0 0 0 0 0 0 0 0
1506 1 0 0 0 0 0 0 0 0
1507 1 0 0 1 0 0 0 0 0
1511 1 0 0 0 0 0 0 0 0
1512 1 0 0 0 0 0 0 0 0
1513 1 0 0 0 0 0 0 0 0
1519 1 0 0 0 0 0 0 0 0
1520 1 0 0 0 0 0 0 0 0
1521 2 0 0 0 0 0 0 0 0
1525 1 1 1 0 0 0 0 0 0
1526 1 0 0 0 0 0 0 0 0
1529 1 0 0 1 0 0 0 0 0
1530 1 0 0 1 0 0 0 0 0
1531 1 0 0 0 0 0 0 0 0
1533 1 0 0 0 0 0 0 0 0
1534 1 0 0 0 0 0 0 0 0
1535 1 0 0 0 0 0 0 0 0
1539 1 0 0 0 0 0 0 0 0
1540 1 0 0 0 0 0 0 0 0
1541 1 0 0 0 0 0 0 0 0
1542 1 0 0 0 0 0 0 0 0
1543 1 0 0 0 0 0 0 0 0
1544 1 1 1 0 0 0 0 0 0
1851 1 1 1 0 0 0 0 0 0
1852 1 0 0 1 0 0 0 0 0
1853 1 0 0 1 0 0 0 0 0
1854 1 0 0 0 0 0 0 0 0
1855 1 0 0 0 0 0 0 0 0
1857 1 0 0 0 0 0 0 0 0
1858 1 0 0 0 0 0 0 0 0
1859 1 1 1 0 0 0 0 0 0
1860 1 0 0 0 0 0 0 0 0
1861 1 0 0 0 0 0 0 0 0
1862 1 0 0 0 0 0 0 0 0
1863 1 0 0 0 0 0 0 0 0
2093 1 1 1 0 0 0 0 0 0
2095 2 0 0 0 0 0 0 0 0
2096 2 0 0 0 0 0 0 0 0
2097 2 0 0 0 0 0 0 0 0
2098 2 0 0 0 0 0 0 0 0
2099 4 0 0 0 0 0 0 0 0
2104 2 1 1 0 0 0 0 0 0
2110 2 0 0 2 0 0 0 0 0
2111 2 0 0 2 0 0 0 0 0
2119 2 0 0 0 0 0 0 0 0
2120 2 0 0 2 0 0 0 0 0
fl=./string/../sysdeps/x86_64/multiarch/memmove-vec-unaligned-erms.S
fn=__memcpy_avx_unaligned_erms
255 12 1 1 0 0 0 0 0 0
256 12 0 0 0 0 0 0 0 0
262 12 0 0 0 0 0 0 0 0
263 12 0 0 0 0 0 0 0 0
265 11 0 0 11 2 0 0 0 0
266 11 0 0 0 0 0 0 0 0
267 11 0 0 0 0 0 0 0 0
270 2 0 0 2 0 0 0 0 0
271 2 0 0 0 0 0 2 0 0
272 2 0 0 0 0 0 2 0 0
275 4 0 0 2 0 0 0 0 0
305 1 0 0 0 0 0 0 0 0
306 1 0 0 0 0 0 0 0 0
308 1 0 0 0 0 0 0 0 0
309 1 0 0 0 0 0 0 0 0
311 1 0 0 0 0 0 0 0 0
315 1 0 0 0 0 0 0 0 0
316 1 1 1 0 0 0 0 0 0
317 1 0 0 0 0 0 0 0 0
325 1 0 0 1 0 0 0 0 0
375 1 1 1 1 0 0 0 0 0
376 1 0 0 1 0 0 0 0 0
377 1 0 0 0 0 0 1 1 1
378 1 0 0 0 0 0 1 0 0
379 1 0 0 0 0 0 1 1 1
380 1 0 0 0 0 0 1 0 0
381 2 0 0 1 0 0 0 0 0
386 9 2 1 9 6 1 0 0 0
387 9 0 0 0 0 0 0 0 0
392 7 0 0 0 0 0 0 0 0
393 7 0 0 0 0 0 0 0 0
395 2 0 0 2 0 0 0 0 0
396 2 0 0 0 0 0 0 0 0
397 2 0 0 0 0 0 0 0 0
399 1 0 0 1 0 0 0 0 0
400 1 0 0 1 0 0 0 0 0
401 1 0 0 1 0 0 0 0 0
402 1 0 0 1 0 0 0 0 0
403 1 0 0 1 0 0 0 0 0
404 1 1 1 1 0 0 0 0 0
405 1 0 0 0 0 0 1 0 0
406 1 0 0 0 0 0 1 1 1
407 1 0 0 0 0 0 1 0 0
408 1 0 0 0 0 0 1 1 1
409 1 0 0 0 0 0 1 1 1
410 1 0 0 0 0 0 1 0 0
411 1 0 0 0 0 0 1 0 0
412 1 0 0 0 0 0 1 0 0
413 2 0 0 1 0 0 0 0 0
417 5 0 0 0 0 0 0 0 0
418 5 0 0 0 0 0 0 0 0
422 5 0 0 0 0 0 0 0 0
424 5 1 1 0 0 0 0 0 0
428 5 0 0 5 4 1 0 0 0
429 5 0 0 0 0 0 0 0 0
440 5 0 0 0 0 0 0 0 0
443 5 0 0 0 0 0 0 0 0
445 5 0 0 0 0 0 0 0 0
447 5 0 0 0 0 0 0 0 0
451 5 0 0 0 0 0 0 0 0
452 5 0 0 0 0 0 0 0 0
461 3 0 0 3 0 0 0 0 0
462 3 0 0 3 0 0 0 0 0
464 3 0 0 0 0 0 0 0 0
466 3 0 0 0 0 0 0 0 0
467 3 1 1 3 0 0 0 0 0
468 3 0 0 3 0 0 0 0 0
471 3 0 0 0 0 0 0 0 0
473 3 0 0 0 0 0 0 0 0
475 3 0 0 0 0 0 0 0 0
477 6 0 0 0 0 0 0 0 0
483 25 0 0 25 0 0 0 0 0
484 25 0 0 25 1 0 0 0 0
485 25 0 0 25 0 0 0 0 0
486 25 0 0 25 0 0 0 0 0
487 25 0 0 0 0 0 0 0 0
488 25 0 0 0 0 0 25 11 11
489 25 0 0 0 0 0 25 15 15
490 25 1 1 0 0 0 25 10 10
491 25 0 0 0 0 0 25 15 15
492 25 0 0 0 0 0 0 0 0
493 25 0 0 0 0 0 0 0 0
494 25 0 0 0 0 0 0 0 0
496 3 0 0 0 0 0 3 1 1
497 3 0 0 0 0 0 3 2 2
498 3 0 0 0 0 0 3 0 0
499 3 0 0 0 0 0 3 0 0
501 3 0 0 0 0 0 3 0 0
505 6 0 0 3 0 0 0 0 0
518 2 0 0 2 0 0 0 0 0
519 2 0 0 2 1 0 0 0 0
521 2 1 1 0 0 0 0 0 0
522 2 0 0 2 0 0 0 0 0
523 2 0 0 2 0 0 0 0 0
525 2 0 0 0 0 0 0 0 0
527 2 0 0 0 0 0 0 0 0
529 4 0 0 0 0 0 0 0 0
535 94 0 0 94 0 0 0 0 0
536 94 0 0 94 15 0 0 0 0
537 94 0 0 94 0 0 0 0 0
538 94 0 0 94 8 0 0 0 0
539 94 0 0 0 0 0 0 0 0
540 94 0 0 0 0 0 94 94 94
541 94 1 1 0 0 0 94 0 0
542 94 0 0 0 0 0 94 94 94
543 94 0 0 0 0 0 94 0 0
544 94 0 0 0 0 0 0 0 0
545 94 0 0 0 0 0 0 0 0
546 94 0 0 0 0 0 0 0 0
548 2 0 0 0 0 0 2 0 0
549 2 0 0 0 0 0 2 2 2
550 2 0 0 0 0 0 2 0 0
551 2 0 0 0 0 0 2 0 0
553 2 0 0 0 0 0 2 0 0
554 4 0 0 2 0 0 0 0 0
563 2 1 1 2 1 0 0 0 0
570 2 0 0 0 0 0 0 0 0
571 2 0 0 0 0 0 0 0 0
577 2 0 0 0 0 0 0 0 0
580 2 0 0 0 0 0 0 0 0
582 2 0 0 0 0 0 0 0 0
585 2 0 0 0 0 0 0 0 0
586 2 0 0 0 0 0 0 0 0
588 2 0 0 0 0 0 0 0 0
590 49106 0 0 49104 690 0 49104 767 765
592 2 0 0 0 0 0 2 1 0
594 2 0 0 0 0 0 2 1 0
596 4 0 0 2 1 0 0 0 0
601 2 1 1 0 0 0 0 0 0
602 2 0 0 0 0 0 0 0 0
606 2 0 0 0 0 0 0 0 0
608 2 0 0 0 0 0 0 0 0
611 2 0 0 0 0 0 0 0 0
615 2 0 0 2 2 0 0 0 0
616 2 0 0 0 0 0 0 0 0
620 2 0 0 2 0 0 0 0 0
624 2 0 0 0 0 0 0 0 0
fl=./string/../sysdeps/x86_64/multiarch/memset-vec-unaligned-erms.S
fn=__memset_avx2_unaligned_erms
158 2 1 1 0 0 0 0 0 0
159 4 0 0 0 0 0 0 0 0
164 2 0 0 0 0 0 0 0 0
165 2 0 0 0 0 0 0 0 0
166 2 0 0 0 0 0 0 0 0
167 2 0 0 0 0 0 0 0 0
168 2 0 0 0 0 0 0 0 0
237 2 1 1 2 2 1 0 0 0
238 2 0 0 0 0 0 0 0 0
244 2 0 0 0 0 0 2 0 0
245 2 0 0 0 0 0 2 2 1
257 2 0 0 0 0 0 0 0 0
260 2 0 0 0 0 0 0 0 0
261 2 0 0 0 0 0 0 0 0
273 2 0 0 0 0 0 2 0 0
274 2 0 0 0 0 0 2 2 1
287 2 0 0 0 0 0 0 0 0
288 2 0 0 0 0 0 0 0 0
290 2 0 0 0 0 0 0 0 0
293 2 0 0 0 0 0 0 0 0
296 2 0 0 0 0 0 0 0 0
299 9 1 1 0 0 0 9 2 0
300 9 0 0 0 0 0 9 6 6
301 9 0 0 0 0 0 9 3 0
302 9 0 0 0 0 0 9 6 6
303 9 0 0 0 0 0 0 0 0
304 9 0 0 0 0 0 0 0 0
305 11 0 0 0 0 0 0 0 0
308 2 0 0 0 0 0 2 0 0
309 2 0 0 0 0 0 2 1 1
310 2 0 0 0 0 0 2 0 0
311 2 0 0 0 0 0 2 2 1
314 4 0 0 2 0 0 0 0 0
fl=/home/wang/sources/cxx/book/include/lob/events.hpp
fn=lob::v16::BookT<lob::ChecksumSink, 16u>::modify(unsigned long, long, unsigned int)
92 31166 0 0 31166 0 0 0 0 0
93 280494 1 1 31166 0 0 31166 0 0
fn=void lob::replay<lob::v16::BookT<lob::ChecksumSink, 16u> >(lob::v16::BookT<lob::ChecksumSink, 16u>&, std::__1::span<lob::Op const, 18446744073709551615ul>)
0 2218292 1 1 0 0 0 1109146 0 0
92 2218292 0 0 2218292 4 2 0 0 0
93 23292066 1 1 4436584 0 0 1109146 0 0
fl=/home/wang/sources/cxx/book/include/lob/replay.hpp
fn=void lob::replay<lob::v16::BookT<lob::ChecksumSink, 16u> >(lob::v16::BookT<lob::ChecksumSink, 16u>&, std::__1::span<lob::Op const, 18446744073709551615ul>)
0 7 0 0 0 0 0 1 1 1
52 7 1 1 0 0 0 6 1 1
53 2249459 0 0 0 0 0 0 0 0
57 9 2 2 7 1 1 0 0 0
fl=/home/wang/sources/cxx/book/include/lob/v11/exact_div.hpp
fn=lob::v16::BookT<lob::ChecksumSink, 16u>::modify(unsigned long, long, unsigned int)
37 93498 0 0 62332 0 0 0 0 0
fn=void lob::replay<lob::v16::BookT<lob::ChecksumSink, 16u> >(lob::v16::BookT<lob::ChecksumSink, 16u>&, std::__1::span<lob::Op const, 18446744073709551615ul>)
37 6654876 0 0 4436584 0 0 0 0 0
fl=/home/wang/sources/cxx/book/include/lob/v16/book.hpp
fn=auto lob::v16::BookT<lob::ChecksumSink, 16u>::unlink_off_grid(lob::v16::BookT<lob::ChecksumSink, 16u>::Loc const&)::{lambda(auto:1&)#1}::operator()<std::__1::map<long, lob::v16::BookT<lob::ChecksumSink, 16u>::Level, std::__1::greater<void>, std::__1::allocator<std::__1::pair<long const, lob::v16::BookT<lob::ChecksumSink, 16u>::Level> > > >(std::__1::map<long, lob::v16::BookT<lob::ChecksumSink, 16u>::Level, std::__1::greater<void>, std::__1::allocator<std::__1::pair<long const, lob::v16::BookT<lob::ChecksumSink, 16u>::Level> > >&) const
0 7 0 0 7 0 0 0 0 0
382 8 0 0 0 0 0 4 0 0
383 11 0 0 3 0 0 4 0 0
406 14 0 0 7 0 0 7 0 0
407 7 0 0 0 0 0 7 0 0
429 14 0 0 7 0 0 0 0 0
430 14 0 0 7 0 0 0 0 0
433 35 1 1 0 0 0 0 0 0
434 35 0 0 0 0 0 0 0 0
435 7 0 0 0 0 0 7 3 2
436 7 0 0 0 0 0 7 0 0
437 7 0 0 7 0 0 0 0 0
583 21 1 1 0 0 0 21 0 0
584 7 0 0 7 0 0 0 0 0
585 7 0 0 0 0 0 0 0 0
586 21 0 0 21 1 0 0 0 0
588 7 0 0 7 0 0 0 0 0
589 14 0 0 7 0 0 0 0 0
593 28 0 0 28 0 0 0 0 0
fn=auto lob::v16::BookT<lob::ChecksumSink, 16u>::unlink_off_grid(lob::v16::BookT<lob::ChecksumSink, 16u>::Loc const&)::{lambda(auto:1&)#1}::operator()<std::__1::map<long, lob::v16::BookT<lob::ChecksumSink, 16u>::Level, std::__1::less<void>, std::__1::allocator<std::__1::pair<long const, lob::v16::BookT<lob::ChecksumSink, 16u>::Level> > > >(std::__1::map<long, lob::v16::BookT<lob::ChecksumSink, 16u>::Level, std::__1::less<void>, std::__1::allocator<std::__1::pair<long const, lob::v16::BookT<lob::ChecksumSink, 16u>::Level> > >&) const
0 10 0 0 10 0 0 0 0 0
382 29 0 0 9 0 0 10 0 0
383 30 0 0 10 1 1 10 0 0
406 20 0 0 10 0 0 10 0 0
407 10 0 0 0 0 0 10 0 0
429 20 0 0 10 0 0 0 0 0
430 20 0 0 10 0 0 0 0 0
433 50 1 1 0 0 0 0 0 0
434 50 0 0 0 0 0 0 0 0
435 10 0 0 0 0 0 10 0 0
436 10 0 0 0 0 0 10 0 0
437 10 0 0 10 0 0 0 0 0
583 30 1 1 0 0 0 30 0 0
584 10 0 0 10 0 0 0 0 0
585 10 0 0 0 0 0 0 0 0
586 30 0 0 30 0 0 0 0 0
588 10 0 0 10 0 0 0 0 0
589 20 0 0 10 0 0 0 0 0
593 40 0 0 40 0 0 0 0 0
fn=lob::v16::BookT<lob::ChecksumSink, 16u>::anchor_if_on_tick(long)
373 3 1 1 0 0 0 1 0 0
374 1 0 0 0 0 0 1 0 0
601 10 1 1 1 0 0 0 0 0
602 1 0 0 1 0 0 0 0 0
fn=lob::v16::BookT<lob::ChecksumSink, 16u>::modify(unsigned long, long, unsigned int)
0 186996 0 0 62332 0 0 0 0 0
186 342826 1 1 0 0 0 186996 0 0
189 62332 0 0 0 0 0 0 0 0
190 62332 0 0 0 0 0 0 0 0
192 93498 0 0 31166 0 0 62332 241 0
194 124664 0 0 0 0 0 0 0 0
195 62332 1 1 31166 4 0 0 0 0
196 31166 0 0 0 0 0 31166 0 0
197 31166 0 0 31166 0 0 0 0 0
198 31166 0 0 0 0 0 0 0 0
205 280494 1 1 218162 0 0 0 0 0
354 186996 2 1 62332 545 1 31166 215 0
362 62332 0 0 31166 0 0 0 0 0
367 62332 1 1 31166 0 0 0 0 0
368 93498 0 0 0 0 0 0 0 0
387 62332 0 0 0 0 0 0 0 0
445 31166 0 0 0 0 0 0 0 0
fn=lob::v16::BookT<lob::ChecksumSink, 16u>::off_grid_level(lob::Side, long)
0 17 0 0 0 0 0 0 0 0
339 14 0 0 0 0 0 14 0 0
341 28 0 0 0 0 0 14 0 0
382 44 0 0 10 0 0 17 0 0
383 51 1 1 17 2 0 17 0 0
575 153 0 0 0 0 0 119 0 0
576 79 0 0 14 0 0 0 0 0
578 153 0 0 119 0 0 0 0 0
fn=lob::v16::BookT<lob::ChecksumSink, 16u>::unlink_off_grid(lob::v16::BookT<lob::ChecksumSink, 16u>::Loc const&)
582 34 1 1 0 0 0 0 0 0
583 34 1 1 0 0 0 34 0 0
594 34 0 0 17 0 0 0 0 0
595 28 0 0 0 0 0 7 0 0
597 40 0 0 0 0 0 10 0 0
598 34 0 0 17 0 0 0 0 0
fn=void lob::replay<lob::v16::BookT<lob::ChecksumSink, 16u> >(lob::v16::BookT<lob::ChecksumSink, 16u>&, std::__1::span<lob::Op const, 18446744073709551615ul>)
0 11122662 2 2 5576897 281182 281182 3327438 0 0
158 11184958 1 1 2249458 420513 420512 0 0 0
160 5545730 2 2 3327438 137943 137943 0 0 0
164 186996 1 0 62332 3910 3910 31166 211 0
170 1109146 0 0 0 0 0 0 0 0
171 3327438 0 0 0 0 0 0 0 0
172 1109146 0 0 0 0 0 1109146 0 0
174 80 1 1 0 0 0 0 0 0
181 2218292 0 0 2218292 32824 292 0 0 0
183 1109146 0 0 1109146 0 0 0 0 0
324 6654774 1 1 0 0 0 0 0 0
354 5545730 1 1 2218292 36723 128 0 0 0
362 2218294 0 0 1109147 0 0 0 0 0
367 3327438 0 0 2218292 0 0 0 0 0
368 4436584 0 0 0 0 0 0 0 0
370 2218280 0 0 2218280 0 0 0 0 0
393 3327438 0 0 1109146 0 0 0 0 0
394 1109146 0 0 0 0 0 0 0 0
395 4428788 0 0 1107197 7926 0 2214394 0 0
396 1107197 0 0 0 0 0 0 0 0
397 5847 0 0 0 0 0 0 0 0
401 6658774 0 0 1109146 0 0 5545730 3460 1
406 2218258 0 0 1109129 0 0 1109129 0 0
407 1109129 0 0 0 0 0 1109129 0 0
417 3327438 0 0 1109146 11456 1249 0 0 0
419 5545730 0 0 1109146 0 0 0 0 0
420 1109146 0 0 0 0 0 1109146 14596 84
421 1109146 0 0 0 0 0 1109146 0 0
422 1109146 1 1 0 0 0 1109146 0 0
423 1109146 0 0 0 0 0 1109146 0 0
424 2218292 0 0 2218292 3393 295 0 0 0
429 2218258 0 0 1109129 0 0 0 0 0
430 2218258 0 0 1109129 0 0 0 0 0
433 5545645 0 0 0 0 0 0 0 0
434 5545645 1 1 0 0 0 0 0 0
435 1109129 0 0 0 0 0 1109129 46129 264
436 2218258 0 0 1109129 0 0 1109129 16898 212
437 1109129 0 0 1109129 898 48 0 0 0
446 3327438 0 0 0 0 0 0 0 0
447 3327420 0 0 0 0 0 0 0 0
448 6654825 0 0 0 0 0 0 0 0
449 1109146 0 0 1109146 4 2 0 0 0
451 4436560 0 0 0 0 0 0 0 0
452 4436584 1 1 0 0 0 2218292 0 0
457 1109146 0 0 0 0 0 0 0 0
526 2218297 0 0 1109146 1 0 1 0 0
530 3327387 0 0 1109129 0 0 0 0 0
531 1109129 0 0 0 0 0 0 0 0
533 119 0 0 17 0 0 17 0 0
536 2218292 0 0 2218292 0 0 0 0 0
537 1109146 0 0 0 0 0 1109146 1 0
538 1109146 0 0 1109146 4 2 0 0 0
542 2218292 0 0 0 0 0 2218292 0 0
544 3327387 1 1 1109129 0 0 0 0 0
545 2218258 0 0 2218258 8580 608 0 0 0
547 1109129 0 0 1109129 0 0 0 0 0
550 7763903 1 1 1109129 98 18 0 0 0
552 68 0 0 0 0 0 17 0 0
fl=/home/wang/sources/cxx/book/include/lob/v16/order_index.hpp
fn=lob::v16::BookT<lob::ChecksumSink, 16u>::modify(unsigned long, long, unsigned int)
0 93966 1 1 31322 0 0 0 0 0
72 62332 0 0 0 0 0 0 0 0
76 348 0 0 0 0 0 0 0 0
77 62680 0 0 0 0 0 0 0 0
78 348 0 0 174 0 0 0 0 0
80 93498 0 0 0 0 0 0 0 0
144 124664 0 0 31166 0 0 0 0 0
147 62332 0 0 0 0 0 0 0 0
152 156526 1 1 0 0 0 0 0 0
154 93846 0 0 31340 764 0 0 0 0
fn=lob::v16::OrderIndex::alloc(unsigned long)
0 4 0 0 2 0 0 0 0 0
178 10 1 1 0 0 0 6 0 0
179 2 0 0 0 0 0 2 0 0
180 8 1 1 0 0 0 2 0 0
181 4 0 0 0 0 0 2 0 0
182 4 0 0 0 0 0 2 0 0
183 8 0 0 0 0 0 2 0 0
184 2 1 1 0 0 0 2 0 0
186 792 2 2 0 0 0 0 0 0
187 1536 0 0 0 0 0 1536 1536 1536
188 1536 2 2 0 0 0 1536 0 0
190 10 0 0 8 1 0 0 0 0
fn=lob::v16::OrderIndex::grow()
0 5003 2 2 2690 1 1 0 0 0
144 10752 2 2 2688 1 1 0 0 0
167 2 0 0 0 0 0 0 0 0
168 2689 2 2 2689 21 1 0 0 0
169 13444 5 5 0 0 0 0 0 0
171 10752 1 1 0 0 0 2688 0 0
172 8064 1 1 2688 0 0 2688 863 0
175 3 0 0 1 0 0 0 0 0
191 16 1 1 0 0 0 14 0 0
193 2 0 0 2 0 0 0 0 0
194 4 0 0 0 0 0 2 1 0
195 2308 0 0 0 0 0 0 0 0
197 16128 3 3 5376 754 0 0 0 0
199 5376 0 0 2688 0 0 2688 0 0
214 20 1 1 12 2 0 0 0 0
fn=void lob::replay<lob::v16::BookT<lob::ChecksumSink, 16u> >(lob::v16::BookT<lob::ChecksumSink, 16u>&, std::__1::span<lob::Op const, 18446744073709551615ul>)
0 8924202 2 2 3352892 3 2 3327438 0 0
72 3327438 0 0 0 0 0 0 0 0
76 10884 0 0 0 0 0 0 0 0
77 2229176 0 0 0 0 0 0 0 0
78 10884 0 0 5442 0 0 0 0 0
80 3327438 0 0 0 0 0 0 0 0
87 3327438 0 0 1109146 2 1 0 0 0
88 2218212 1 1 0 0 0 1109106 0 0
89 3327318 0 0 2218212 0 0 0 0 0
90 8 1 1 0 0 0 2 1 0
94 1109106 0 0 1109106 0 0 0 0 0
95 1109106 0 0 0 0 0 1109106 2 1
98 80 1 1 0 0 0 0 0 0
100 120 0 0 80 0 0 0 0 0
105 80 0 0 0 0 0 0 0 0
109 80 0 0 40 0 0 0 0 0
112 80 0 0 40 0 0 0 0 0
113 40 0 0 0 0 0 40 0 0
119 5545730 2 2 1109146 0 0 0 0 0
123 7764022 0 0 1109146 0 0 0 0 0
124 3327438 0 0 0 0 0 1109146 0 0
125 4436584 0 0 1109146 12 1 0 0 0
126 2256386 0 0 5442 0 0 0 0 0
127 2218292 1 1 1109146 0 0 0 0 0
144 8873168 1 1 2218292 0 0 0 0 0
147 7764062 3 3 40 0 0 0 0 0
152 5567658 1 1 0 0 0 0 0 0
154 3338442 0 0 1114628 79169 0 0 0 0
167 10940 0 0 0 0 0 0 0 0
168 1114616 0 0 1114616 48 10 0 0 0
169 6676756 3 3 0 0 0 0 0 0
171 4436584 0 0 0 0 0 1109146 0 0
172 4436584 1 1 1109146 0 0 1109146 722766 256
175 16410 0 0 5470 1934 0 0 0 0
fl=/home/wang/sources/cxx/book/include/lob/v3/hier_bitmap.hpp
fn=void lob::replay<lob::v16::BookT<lob::ChecksumSink, 16u> >(lob::v16::BookT<lob::ChecksumSink, 16u>&, std::__1::span<lob::Op const, 18446744073709551615ul>)
0 3340644 0 0 2218258 0 0 0 0 0
48 4436584 1 1 2218292 14 7 0 0 0
57 2231439 0 0 0 0 0 0 0 0
58 3366930 0 0 1122310 385 82 0 0 0
59 3367158 1 1 2244696 1 1 2244620 4 3
78 3327387 0 0 1109129 0 0 0 0 0
79 3327387 0 0 1109129 721 44 0 0 0
80 1109129 0 0 0 0 0 0 0 0
83 13181 0 0 0 0 0 0 0 0
84 39847 0 0 13257 0 0 0 0 0
95 5545700 0 0 0 0 0 0 0 0
fl=/home/wang/sources/cxx/book/source/main.cxx
fn=auto lob::for_each_type<std::__1::tuple<lob::v0::Book<lob::ChecksumSink>, lob::v1::Book<lob::ChecksumSink>, lob::v2::Book<lob::ChecksumSink>, lob::v3::BookT<lob::ChecksumSink, 16u>, lob::v4::BookT<lob::ChecksumSink, 16u>, lob::v5::BookT<lob::ChecksumSink, 16u>, lob::v7::BookT<lob::ChecksumSink, 16u>, lob::v8::BookT<lob::ChecksumSink, 16u>, lob::v9::BookT<lob::ChecksumSink, 16u>, lob::v10::BookT<lob::ChecksumSink, 16u>, lob::v11::BookT<lob::ChecksumSink, 16u>, lob::v12::BookT<lob::ChecksumSink, 16u>, lob::v13::BookT<lob::ChecksumSink, 16u>, lob::v14::BookT<lob::ChecksumSink, 16u>, lob::v15::BookT<lob::ChecksumSink, 16u>, lob::v16::BookT<lob::ChecksumSink, 16u> >, (anonymous namespace)::with_version<(anonymous namespace)::cmd_replay((anonymous namespace)::Args const&)::$_0>(std::__1::basic_string_view<char, std::__1::char_traits<char> >, (anonymous namespace)::cmd_replay((anonymous namespace)::Args const&)::$_0&&)::{lambda<typename $T0>()#1}>((anonymous namespace)::with_version<(anonymous namespace)::cmd_replay((anonymous namespace)::Args const&)::$_0>(std::__1::basic_string_view<char, std::__1::char_traits<char> >, (anonymous namespace)::cmd_replay((anonymous namespace)::Args const&)::$_0&&)::{lambda<typename $T0>()#1}&&)::{lambda<unsigned long... $N0>(std::__1::integer_sequence<unsigned long, ($N0)...>)#1}::operator()<0ul, 1ul, 2ul, 3ul, 4ul, 5ul, 6ul, 7ul, 8ul, 9ul, 10ul, 11ul, 12ul, 13ul, 14ul, 15ul>(std::__1::integer_sequence<unsigned long, 0ul, 1ul, 2ul, 3ul, 4ul, 5ul, 6ul, 7ul, 8ul, 9ul, 10ul, 11ul, 12ul, 13ul, 14ul, 15ul>) const
293 2 1 1 0 0 0 1 1 1
294 3 0 0 1 1 1 1 1 1
295 9 2 2 0 0 0 6 1 1
fl=/usr/include/c++/v1/__bit/countr.h
fn=lob::v16::BookT<lob::ChecksumSink, 16u>::modify(unsigned long, long, unsigned int)
28 62332 1 1 0 0 0 0 0 0
fn=lob::v16::OrderIndex::alloc(unsigned long)
28 6 0 0 0 0 0 0 0 0
fn=lob::v16::OrderIndex::grow()
28 5376 0 0 0 0 0 0 0 0
fn=void lob::replay<lob::v16::BookT<lob::ChecksumSink, 16u> >(lob::v16::BookT<lob::ChecksumSink, 16u>&, std::__1::span<lob::Op const, 18446744073709551615ul>)
28 8873144 0 0 2218280 9 2 0 0 0
fl=/usr/include/c++/v1/__functional/operations.h
fn=auto lob::v16::BookT<lob::ChecksumSink, 16u>::unlink_off_grid(lob::v16::BookT<lob::ChecksumSink, 16u>::Loc const&)::{lambda(auto:1&)#1}::operator()<std::__1::map<long, lob::v16::BookT<lob::ChecksumSink, 16u>::Level, std::__1::greater<void>, std::__1::allocator<std::__1::pair<long const, lob::v16::BookT<lob::ChecksumSink, 16u>::Level> > > >(std::__1::map<long, lob::v16::BookT<lob::ChecksumSink, 16u>::Level, std::__1::greater<void>, std::__1::allocator<std::__1::pair<long const, lob::v16::BookT<lob::ChecksumSink, 16u>::Level> > >&) const
462 49 0 0 21 7 3 0 0 0
fn=auto lob::v16::BookT<lob::ChecksumSink, 16u>::unlink_off_grid(lob::v16::BookT<lob::ChecksumSink, 16u>::Loc const&)::{lambda(auto:1&)#1}::operator()<std::__1::map<long, lob::v16::BookT<lob::ChecksumSink, 16u>::Level, std::__1::less<void>, std::__1::allocator<std::__1::pair<long const, lob::v16::BookT<lob::ChecksumSink, 16u>::Level> > > >(std::__1::map<long, lob::v16::BookT<lob::ChecksumSink, 16u>::Level, std::__1::less<void>, std::__1::allocator<std::__1::pair<long const, lob::v16::BookT<lob::ChecksumSink, 16u>::Level> > >&) const
375 70 0 0 30 3 3 0 0 0
fn=lob::v16::BookT<lob::ChecksumSink, 16u>::off_grid_level(lob::Side, long)
375 38 0 0 19 1 0 0 0 0
462 20 0 0 10 2 0 0 0 0
fl=/usr/include/c++/v1/__iterator/wrap_iter.h
fn=void lob::replay<lob::v16::BookT<lob::ChecksumSink, 16u> >(lob::v16::BookT<lob::ChecksumSink, 16u>&, std::__1::span<lob::Op const, 18446744073709551615ul>)
65 2249458 0 0 0 0 0 0 0 0
125 2249459 1 1 0 0 0 0 0 0
fl=/usr/include/c++/v1/__memory/allocator.h
fn=void lob::replay<lob::v16::BookT<lob::ChecksumSink, 16u> >(lob::v16::BookT<lob::ChecksumSink, 16u>&, std::__1::span<lob::Op const, 18446744073709551615ul>)
100 24 0 0 0 0 0 0 0 0
fl=/usr/include/c++/v1/__memory/construct_at.h
fn=void lob::replay<lob::v16::BookT<lob::ChecksumSink, 16u> >(lob::v16::BookT<lob::ChecksumSink, 16u>&, std::__1::span<lob::Op const, 18446744073709551615ul>)
38 3898 0 0 0 0 0 1949 982 972
fl=/usr/include/c++/v1/__memory/uninitialized_algorithms.h
fn=void lob::replay<lob::v16::BookT<lob::ChecksumSink, 16u> >(lob::v16::BookT<lob::ChecksumSink, 16u>&, std::__1::span<lob::Op const, 18446744073709551615ul>)
0 12 0 0 12 1 0 0 0 0
638 48 0 0 0 0 0 12 0 0
fl=/usr/include/c++/v1/__memory/unique_ptr.h
fn=lob::v16::OrderIndex::alloc(unsigned long)
91 2 0 0 0 0 0 2 0 0
287 2 0 0 2 0 0 0 0 0
288 2 0 0 0 0 0 2 0 0
289 4 0 0 0 0 0 0 0 0
606 2 0 0 2 0 0 0 0 0
607 2 0 0 0 0 0 2 0 0
609 4 0 0 0 0 0 0 0 0
765 14 0 0 0 0 0 4 0 0
fn=lob::v16::OrderIndex::grow()
281 2 0 0 2 0 0 0 0 0
282 2 0 0 0 0 0 2 0 0
fn=void lob::replay<lob::v16::BookT<lob::ChecksumSink, 16u> >(lob::v16::BookT<lob::ChecksumSink, 16u>&, std::__1::span<lob::Op const, 18446744073709551615ul>)
583 1109146 1 1 1109146 0 0 0 0 0
fl=/usr/include/c++/v1/__new/allocate.h
fn=auto lob::v16::BookT<lob::ChecksumSink, 16u>::unlink_off_grid(lob::v16::BookT<lob::ChecksumSink, 16u>::Loc const&)::{lambda(auto:1&)#1}::operator()<std::__1::map<long, lob::v16::BookT<lob::ChecksumSink, 16u>::Level, std::__1::greater<void>, std::__1::allocator<std::__1::pair<long const, lob::v16::BookT<lob::ChecksumSink, 16u>::Level> > > >(std::__1::map<long, lob::v16::BookT<lob::ChecksumSink, 16u>::Level, std::__1::greater<void>, std::__1::allocator<std::__1::pair<long const, lob::v16::BookT<lob::ChecksumSink, 16u>::Level> > >&) const
63 12 0 0 0 0 0 4 0 0
fn=auto lob::v16::BookT<lob::ChecksumSink, 16u>::unlink_off_grid(lob::v16::BookT<lob::ChecksumSink, 16u>::Loc const&)::{lambda(auto:1&)#1}::operator()<std::__1::map<long, lob::v16::BookT<lob::ChecksumSink, 16u>::Level, std::__1::less<void>, std::__1::allocator<std::__1::pair<long const, lob::v16::BookT<lob::ChecksumSink, 16u>::Level> > > >(std::__1::map<long, lob::v16::BookT<lob::ChecksumSink, 16u>::Level, std::__1::less<void>, std::__1::allocator<std::__1::pair<long const, lob::v16::BookT<lob::ChecksumSink, 16u>::Level> > >&) const
63 30 0 0 0 0 0 10 0 0
fn=lob::v16::BookT<lob::ChecksumSink, 16u>::off_grid_level(lob::Side, long)
43 42 1 1 0 0 0 14 0 0
fn=void lob::replay<lob::v16::BookT<lob::ChecksumSink, 16u> >(lob::v16::BookT<lob::ChecksumSink, 16u>&, std::__1::span<lob::Op const, 18446744073709551615ul>)
0 48 0 0 48 1 0 0 0 0
37 12 0 0 0 0 0 0 0 0
43 36 0 0 0 0 0 12 1 1
63 33 0 0 11 0 0 11 0 0
fl=/usr/include/c++/v1/__split_buffer
fn=void lob::replay<lob::v16::BookT<lob::ChecksumSink, 16u> >(lob::v16::BookT<lob::ChecksumSink, 16u>&, std::__1::span<lob::Op const, 18446744073709551615ul>)
334 12 0 0 0 0 0 0 0 0
335 12 0 0 0 0 0 0 0 0
341 24 1 1 0 0 0 0 0 0
fl=/usr/include/c++/v1/__tree
fn=auto lob::v16::BookT<lob::ChecksumSink, 16u>::unlink_off_grid(lob::v16::BookT<lob::ChecksumSink, 16u>::Loc const&)::{lambda(auto:1&)#1}::operator()<std::__1::map<long, lob::v16::BookT<lob::ChecksumSink, 16u>::Level, std::__1::greater<void>, std::__1::allocator<std::__1::pair<long const, lob::v16::BookT<lob::ChecksumSink, 16u>::Level> > > >(std::__1::map<long, lob::v16::BookT<lob::ChecksumSink, 16u>::Level, std::__1::greater<void>, std::__1::allocator<std::__1::pair<long const, lob::v16::BookT<lob::ChecksumSink, 16u>::Level> > >&) const
0 55 2 2 21 2 1 0 0 0
105 10 0 0 10 0 0 0 0 0
191 12 0 0 4 0 0 0 0 0
193 5 0 0 0 0 0 0 0 0
680 7 0 0 0 0 0 0 0 0
862 7 0 0 0 0 0 0 0 0
884 7 0 0 7 0 0 0 0 0
915 6 0 0 3 0 0 0 0 0
1824 8 0 0 4 0 0 0 0 0
1825 2 0 0 0 0 0 2 0 0
1826 4 0 0 4 0 0 0 0 0
1827 8 0 0 0 0 0 4 0 0
1994 14 0 0 0 0 0 0 0 0
2049 42 0 0 0 0 0 0 0 0
2050 14 0 0 0 0 0 0 0 0
fn=auto lob::v16::BookT<lob::ChecksumSink, 16u>::unlink_off_grid(lob::v16::BookT<lob::ChecksumSink, 16u>::Loc const&)::{lambda(auto:1&)#1}::operator()<std::__1::map<long, lob::v16::BookT<lob::ChecksumSink, 16u>::Level, std::__1::less<void>, std::__1::allocator<std::__1::pair<long const, lob::v16::BookT<lob::ChecksumSink, 16u>::Level> > > >(std::__1::map<long, lob::v16::BookT<lob::ChecksumSink, 16u>::Level, std::__1::less<void>, std::__1::allocator<std::__1::pair<long const, lob::v16::BookT<lob::ChecksumSink, 16u>::Level> > >&) const
0 90 1 1 30 2 2 0 0 0
105 12 0 0 12 0 0 0 0 0
163 16 0 0 4 0 0 0 0 0
191 30 0 0 10 0 0 0 0 0
193 6 0 0 0 0 0 0 0 0
680 10 0 0 0 0 0 0 0 0
862 10 0 0 0 0 0 0 0 0
884 10 0 0 10 0 0 0 0 0
915 29 0 0 19 0 0 0 0 0
1824 20 1 1 10 0 0 0 0 0
1825 9 0 0 0 0 0 9 0 0
1826 10 0 0 10 0 0 0 0 0
1827 20 0 0 0 0 0 10 0 0
1994 20 0 0 0 0 0 0 0 0
2049 60 0 0 0 0 0 0 0 0
2050 20 0 0 0 0 0 0 0 0
fn=lob::v16::BookT<lob::ChecksumSink, 16u>::off_grid_level(lob::Side, long)
0 179 2 2 0 0 0 0 0 0
862 17 1 1 0 0 0 0 0 0
884 17 0 0 17 0 0 0 0 0
915 44 0 0 27 0 0 0 0 0
1593 29 0 0 0 0 0 0 0 0
1594 38 0 0 19 1 0 0 0 0
1601 10 0 0 0 0 0 0 0 0
1602 21 0 0 7 1 0 0 0 0
1673 14 0 0 0 0 0 14 0 0
1674 14 0 0 0 0 0 14 0 0
1676 14 0 0 0 0 0 14 0 0
1677 56 0 0 28 0 0 0 0 0
1678 9 0 0 0 0 0 9 0 0
1679 42 0 0 14 0 0 14 0 0
fn=void std::__1::__tree_balance_after_insert[abi:ne210105]<std::__1::__tree_node_base<void*>*>(std::__1::__tree_node_base<void*>*, std::__1::__tree_node_base<void*>*)
0 8 1 1 0 0 0 0 0 0
105 38 1 1 28 0 0 0 0 0
235 2 0 0 2 0 0 0 0 0
236 4 0 0 2 0 0 2 0 0
237 4 0 0 0 0 0 0 0 0
239 3 0 0 1 0 0 2 0 0
240 1 1 1 0 0 0 0 0 0
241 2 0 0 0 0 0 2 0 0
244 2 0 0 0 0 0 2 0 0
254 1 0 0 1 0 0 0 0 0
255 8 0 0 4 0 0 4 0 0
256 8 0 0 0 0 0 0 0 0
258 8 0 0 4 0 0 4 0 0
259 4 0 0 0 0 0 0 0 0
260 4 0 0 0 0 0 4 0 0
263 4 1 1 0 0 0 4 0 0
278 28 1 1 0 0 0 14 0 0
279 48 1 1 13 0 0 0 0 0
281 9 0 0 0 0 0 0 0 0
282 6 0 0 6 0 0 0 0 0
283 16 0 0 2 0 0 0 0 0
285 2 0 0 0 0 0 2 0 0
287 4 0 0 0 0 0 2 0 0
288 4 0 0 0 0 0 2 0 0
290 7 0 0 0 0 0 0 0 0
295 4 1 1 0 0 0 4 0 0
297 4 0 0 0 0 0 4 0 0
303 10 0 0 2 0 0 0 0 0
305 2 0 0 0 0 0 2 0 0
307 4 0 0 0 0 0 2 0 0
308 4 0 0 0 0 0 2 0 0
310 2 0 0 0 0 0 0 0 0
315 1 0 0 0 0 0 1 0 0
317 1 0 0 0 0 0 1 0 0
323 14 0 0 14 0 0 0 0 0
569 14 0 0 14 0 0 0 0 0
571 6 0 0 0 0 0 6 0 0
fn=void std::__1::__tree_remove[abi:ne210105]<std::__1::__tree_node_base<void*>*>(std::__1::__tree_node_base<void*>*, std::__1::__tree_node_base<void*>*)
0 41 1 1 7 0 0 7 0 0
105 88 1 1 45 2 2 0 0 0
163 3 0 0 1 0 0 0 0 0
235 2 0 0 2 0 0 0 0 0
236 4 0 0 2 0 0 2 0 0
237 4 0 0 0 0 0 0 0 0
239 4 0 0 2 0 0 2 0 0
240 2 0 0 0 0 0 0 0 0
241 2 0 0 0 0 0 2 0 0
244 2 0 0 0 0 0 2 0 0
254 1 0 0 1 0 0 0 0 0
255 6 0 0 3 0 0 3 0 0
256 6 0 0 0 0 0 0 0 0
258 6 0 0 3 0 0 3 0 0
259 3 0 0 0 0 0 0 0 0
260 1 0 0 0 0 0 1 0 0
262 4 0 0 0 0 0 2 0 0
263 3 0 0 0 0 0 3 0 0
339 60 1 1 15 0 0 0 0 0
341 14 0 0 14 0 0 0 0 0
345 28 1 1 0 0 0 0 0 0
346 9 0 0 3 0 0 3 0 0
347 14 0 0 0 0 0 0 0 0
348 12 0 0 0 0 0 12 0 0
349 24 0 0 0 0 0 0 0 0
350 8 0 0 8 0 0 0 0 0
354 2 0 0 0 0 0 2 0 0
358 14 0 0 14 0 0 0 0 0
361 36 0 0 0 0 0 0 0 0
363 2 1 1 1 0 0 1 0 0
364 1 0 0 0 0 0 0 0 0
365 1 0 0 0 0 0 1 0 0
368 2 0 0 1 0 0 1 0 0
370 2 0 0 1 0 0 1 0 0
371 2 0 0 0 0 0 0 0 0
373 2 0 0 1 0 0 1 0 0
374 2 0 0 0 0 0 0 0 0
379 38 0 0 0 0 0 0 0 0
392 20 0 0 0 0 0 0 0 0
393 3 0 0 0 0 0 3 0 0
401 7 0 0 0 0 0 0 0 0
403 12 0 0 0 0 0 0 0 0
415 22 1 1 8 1 1 0 0 0
416 12 0 0 4 0 0 0 0 0
417 4 0 0 0 0 0 4 0 0
420 11 0 0 1 0 0 0 0 0
429 6 1 1 2 0 0 0 0 0
431 2 0 0 0 0 0 2 0 0
432 2 0 0 0 0 0 2 0 0
439 4 0 0 2 0 0 2 0 0
440 2 0 0 0 0 0 2 0 0
441 2 0 0 0 0 0 2 0 0
446 2 1 1 0 0 0 0 0 0
458 5 2 2 2 0 0 0 0 0
472 1 0 0 0 0 0 0 0 0
482 2 0 0 1 0 0 1 0 0
483 1 0 0 0 0 0 1 0 0
484 1 0 0 0 0 0 1 0 0
492 14 0 0 14 0 0 0 0 0
569 7 1 1 7 0 0 0 0 0
571 4 3 3 0 0 0 4 0 0
fl=/usr/include/c++/v1/__utility/pair.h
fn=lob::v16::BookT<lob::ChecksumSink, 16u>::off_grid_level(lob::Side, long)
445 14 0 0 0 0 0 14 1 0
fl=/usr/include/c++/v1/__utility/swap.h
fn=void lob::replay<lob::v16::BookT<lob::ChecksumSink, 16u> >(lob::v16::BookT<lob::ChecksumSink, 16u>&, std::__1::span<lob::Op const, 18446744073709551615ul>)
44 36 0 0 0 0 0 36 1 0
fl=/usr/include/c++/v1/__vector/vector.h
fn=auto lob::for_each_type<std::__1::tuple<lob::v0::Book<lob::ChecksumSink>, lob::v1::Book<lob::ChecksumSink>, lob::v2::Book<lob::ChecksumSink>, lob::v3::BookT<lob::ChecksumSink, 16u>, lob::v4::BookT<lob::ChecksumSink, 16u>, lob::v5::BookT<lob::ChecksumSink, 16u>, lob::v7::BookT<lob::ChecksumSink, 16u>, lob::v8::BookT<lob::ChecksumSink, 16u>, lob::v9::BookT<lob::ChecksumSink, 16u>, lob::v10::BookT<lob::ChecksumSink, 16u>, lob::v11::BookT<lob::ChecksumSink, 16u>, lob::v12::BookT<lob::ChecksumSink, 16u>, lob::v13::BookT<lob::ChecksumSink, 16u>, lob::v14::BookT<lob::ChecksumSink, 16u>, lob::v15::BookT<lob::ChecksumSink, 16u>, lob::v16::BookT<lob::ChecksumSink, 16u> >, (anonymous namespace)::with_version<(anonymous namespace)::cmd_replay((anonymous namespace)::Args const&)::$_0>(std::__1::basic_string_view<char, std::__1::char_traits<char> >, (anonymous namespace)::cmd_replay((anonymous namespace)::Args const&)::$_0&&)::{lambda<typename $T0>()#1}>((anonymous namespace)::with_version<(anonymous namespace)::cmd_replay((anonymous namespace)::Args const&)::$_0>(std::__1::basic_string_view<char, std::__1::char_traits<char> >, (anonymous namespace)::cmd_replay((anonymous namespace)::Args const&)::$_0&&)::{lambda<typename $T0>()#1}&&)::{lambda<unsigned long... $N0>(std::__1::integer_sequence<unsigned long, ($N0)...>)#1}::operator()<0ul, 1ul, 2ul, 3ul, 4ul, 5ul, 6ul, 7ul, 8ul, 9ul, 10ul, 11ul, 12ul, 13ul, 14ul, 15ul>(std::__1::integer_sequence<unsigned long, 0ul, 1ul, 2ul, 3ul, 4ul, 5ul, 6ul, 7ul, 8ul, 9ul, 10ul, 11ul, 12ul, 13ul, 14ul, 15ul>) const
388 5 0 0 1 0 0 0 0 0
449 1 0 0 1 1 1 0 0 0
fn=auto lob::v16::BookT<lob::ChecksumSink, 16u>::unlink_off_grid(lob::v16::BookT<lob::ChecksumSink, 16u>::Loc const&)::{lambda(auto:1&)#1}::operator()<std::__1::map<long, lob::v16::BookT<lob::ChecksumSink, 16u>::Level, std::__1::greater<void>, std::__1::allocator<std::__1::pair<long const, lob::v16::BookT<lob::ChecksumSink, 16u>::Level> > > >(std::__1::map<long, lob::v16::BookT<lob::ChecksumSink, 16u>::Level, std::__1::greater<void>, std::__1::allocator<std::__1::pair<long const, lob::v16::BookT<lob::ChecksumSink, 16u>::Level> > >&) const
407 28 1 1 7 0 0 0 0 0
fn=auto lob::v16::BookT<lob::ChecksumSink, 16u>::unlink_off_grid(lob::v16::BookT<lob::ChecksumSink, 16u>::Loc const&)::{lambda(auto:1&)#1}::operator()<std::__1::map<long, lob::v16::BookT<lob::ChecksumSink, 16u>::Level, std::__1::less<void>, std::__1::allocator<std::__1::pair<long const, lob::v16::BookT<lob::ChecksumSink, 16u>::Level> > > >(std::__1::map<long, lob::v16::BookT<lob::ChecksumSink, 16u>::Level, std::__1::less<void>, std::__1::allocator<std::__1::pair<long const, lob::v16::BookT<lob::ChecksumSink, 16u>::Level> > >&) const
407 40 1 1 10 0 0 0 0 0
fn=lob::v16::BookT<lob::ChecksumSink, 16u>::modify(unsigned long, long, unsigned int)
411 93498 0 0 31166 0 0 0 0 0
fn=void lob::replay<lob::v16::BookT<lob::ChecksumSink, 16u> >(lob::v16::BookT<lob::ChecksumSink, 16u>&, std::__1::span<lob::Op const, 18446744073709551615ul>)
0 3946 1 1 12 0 0 36 0 0
388 5847 1 1 1949 0 0 0 0 0
391 12 0 0 0 0 0 0 0 0
407 8871185 1 1 1111095 0 0 0 0 0
475 1937 0 0 0 0 0 0 0 0
844 24 0 0 0 0 0 0 0 0
902 36 0 0 0 0 0 0 0 0
905 96 0 0 0 0 0 0 0 0
1128 12 1 1 0 0 0 0 0 0
1131 24 1 1 0 0 0 0 0 0
1146 7796 0 0 1949 0 0 1949 0 0
1149 1937 0 0 0 0 0 0 0 0
1152 1949 0 0 0 0 0 1949 0 0
fl=/usr/include/c++/v1/map
fn=auto lob::v16::BookT<lob::ChecksumSink, 16u>::unlink_off_grid(lob::v16::BookT<lob::ChecksumSink, 16u>::Loc const&)::{lambda(auto:1&)#1}::operator()<std::__1::map<long, lob::v16::BookT<lob::ChecksumSink, 16u>::Level, std::__1::greater<void>, std::__1::allocator<std::__1::pair<long const, lob::v16::BookT<lob::ChecksumSink, 16u>::Level> > > >(std::__1::map<long, lob::v16::BookT<lob::ChecksumSink, 16u>::Level, std::__1::greater<void>, std::__1::allocator<std::__1::pair<long const, lob::v16::BookT<lob::ChecksumSink, 16u>::Level> > >&) const
1031 12 1 1 8 0 0 0 0 0
fn=auto lob::v16::BookT<lob::ChecksumSink, 16u>::unlink_off_grid(lob::v16::BookT<lob::ChecksumSink, 16u>::Loc const&)::{lambda(auto:1&)#1}::operator()<std::__1::map<long, lob::v16::BookT<lob::ChecksumSink, 16u>::Level, std::__1::less<void>, std::__1::allocator<std::__1::pair<long const, lob::v16::BookT<lob::ChecksumSink, 16u>::Level> > > >(std::__1::map<long, lob::v16::BookT<lob::ChecksumSink, 16u>::Level, std::__1::less<void>, std::__1::allocator<std::__1::pair<long const, lob::v16::BookT<lob::ChecksumSink, 16u>::Level> > >&) const
1031 30 1 1 20 0 0 0 0 0
fn=lob::v16::BookT<lob::ChecksumSink, 16u>::off_grid_level(lob::Side, long)
1031 51 0 0 34 0 0 0 0 0
fl=???
fn=???
0 257 12 12 165 62 23 4 0 0
fn=operator delete(void*)
0 135 0 0 27 0 0 27 0 0
fn=operator delete(void*, std::align_val_t)
0 10 1 1 2 0 0 2 0 0
fn=operator delete(void*, unsigned long)
0 125 1 1 25 0 0 25 0 0
fn=operator delete[](void*)
0 10 0 0 2 0 0 2 0 0
fn=operator new(unsigned long)
0 476 2 2 84 0 0 112 0 0
fn=operator new(unsigned long, std::align_val_t)
0 54 3 3 8 0 0 8 1 0
fn=operator new[](unsigned long)
0 10 0 0 2 0 0 2 0 0
summary: 358994824 323 319 92005162 1031032 846525 40394721 809050 4411
