==80982== Cachegrind, a high-precision tracing profiler
==80982== Copyright (C) 2002-2017, and GNU GPL'd, by Nicholas Nethercote et al.
==80982== Using Valgrind-3.22.0 and LibVEX; rerun with -h for copyright info
==80982== Command: /home/wang/sources/cxx/book/build/profile/book replay --workload data/syn_deep_s42.ops --version v13
==80982== 
==80982== 
==80982== I refs:        192,335,135
==80982== I1  misses:            314
==80982== LLi misses:            309
==80982== I1  miss rate:        0.00%
==80982== LLi miss rate:        0.00%
==80982== 
==80982== D refs:         71,989,828  (51,980,101 rd   + 20,009,727 wr)
==80982== D1  misses:      4,046,925  ( 2,404,253 rd   +  1,642,672 wr)
==80982== LLd misses:        415,146  (   375,237 rd   +     39,909 wr)
==80982== D1  miss rate:         5.6% (       4.6%     +        8.2%  )
==80982== LLd miss rate:         0.6% (       0.7%     +        0.2%  )
==80982== 
==80982== LL refs:         4,047,239  ( 2,404,567 rd   +  1,642,672 wr)
==80982== LL misses:         415,455  (   375,546 rd   +     39,909 wr)
==80982== LL miss rate:          0.2% (       0.2%     +        0.2%  )
