==51057== Cachegrind, a high-precision tracing profiler
==51057== Copyright (C) 2002-2017, and GNU GPL'd, by Nicholas Nethercote et al.
==51057== Using Valgrind-3.22.0 and LibVEX; rerun with -h for copyright info
==51057== Command: /home/wang/sources/cxx/book/build/profile/book replay --workload data/syn_deep_s42.ops --version v8
==51057== 
==51057== 
==51057== I refs:        221,935,249
==51057== I1  misses:            319
==51057== LLi misses:            301
==51057== I1  miss rate:        0.00%
==51057== LLi miss rate:        0.00%
==51057== 
==51057== D refs:         90,213,811  (60,795,124 rd   + 29,418,687 wr)
==51057== D1  misses:      4,010,304  ( 2,399,162 rd   +  1,611,142 wr)
==51057== LLd misses:        415,141  (   375,242 rd   +     39,899 wr)
==51057== D1  miss rate:         4.4% (       3.9%     +        5.5%  )
==51057== LLd miss rate:         0.5% (       0.6%     +        0.1%  )
==51057== 
==51057== LL refs:         4,010,623  ( 2,399,481 rd   +  1,611,142 wr)
==51057== LL misses:         415,442  (   375,543 rd   +     39,899 wr)
==51057== LL miss rate:          0.1% (       0.1%     +        0.1%  )
