==26313== Cachegrind, a high-precision tracing profiler
==26313== Copyright (C) 2002-2017, and GNU GPL'd, by Nicholas Nethercote et al.
==26313== Using Valgrind-3.22.0 and LibVEX; rerun with -h for copyright info
==26313== Command: /home/wang/sources/cxx/book/build/profile/book replay --workload data/itch12302019_SPY.ops --version v4
==26313== 
==26313== 
==26313== I refs:        448,739,366
==26313== I1  misses:            249
==26313== LLi misses:            245
==26313== I1  miss rate:        0.00%
==26313== LLi miss rate:        0.00%
==26313== 
==26313== D refs:        178,618,118  (122,333,064 rd   + 56,285,054 wr)
==26313== D1  misses:      1,581,919  (  1,059,502 rd   +    522,417 wr)
==26313== LLd misses:        855,855  (    846,439 rd   +      9,416 wr)
==26313== D1  miss rate:         0.9% (        0.9%     +        0.9%  )
==26313== LLd miss rate:         0.5% (        0.7%     +        0.0%  )
==26313== 
==26313== LL refs:         1,582,168  (  1,059,751 rd   +    522,417 wr)
==26313== LL misses:         856,100  (    846,684 rd   +      9,416 wr)
==26313== LL miss rate:          0.1% (        0.1%     +        0.0%  )
