==23212== Cachegrind, a high-precision tracing profiler
==23212== Copyright (C) 2002-2017, and GNU GPL'd, by Nicholas Nethercote et al.
==23212== Using Valgrind-3.22.0 and LibVEX; rerun with -h for copyright info
==23212== Command: /home/wang/sources/cxx/book/build/profile/book replay --workload data/itch12302019_AAPL.ops --version v3
==23212== 
==23212== 
==23212== I refs:        344,074,702
==23212== I1  misses:            264
==23212== LLi misses:            264
==23212== I1  miss rate:        0.00%
==23212== LLi miss rate:        0.00%
==23212== 
==23212== D refs:        137,177,083  (93,751,374 rd   + 43,425,709 wr)
==23212== D1  misses:      3,220,128  ( 1,906,728 rd   +  1,313,400 wr)
==23212== LLd misses:        813,892  (   654,852 rd   +    159,040 wr)
==23212== D1  miss rate:         2.3% (       2.0%     +        3.0%  )
==23212== LLd miss rate:         0.6% (       0.7%     +        0.4%  )
==23212== 
==23212== LL refs:         3,220,392  ( 1,906,992 rd   +  1,313,400 wr)
==23212== LL misses:         814,156  (   655,116 rd   +    159,040 wr)
==23212== LL miss rate:          0.2% (       0.1%     +        0.4%  )
