==19583== Cachegrind, a high-precision tracing profiler
==19583== Copyright (C) 2002-2017, and GNU GPL'd, by Nicholas Nethercote et al.
==19583== Using Valgrind-3.22.0 and LibVEX; rerun with -h for copyright info
==19583== Command: /home/wang/sources/cxx/book/build/profile/book replay --workload data/itch12302019_QQQ.ops --version v2
==19583== 
==19583== 
==19583== I refs:        705,439,611
==19583== I1  misses:            291
==19583== LLi misses:            283
==19583== I1  miss rate:        0.00%
==19583== LLi miss rate:        0.00%
==19583== 
==19583== D refs:        287,747,883  (202,159,331 rd   + 85,588,552 wr)
==19583== D1  misses:      3,671,916  (  2,063,522 rd   +  1,608,394 wr)
==19583== LLd misses:        987,629  (    950,452 rd   +     37,177 wr)
==19583== D1  miss rate:         1.3% (        1.0%     +        1.9%  )
==19583== LLd miss rate:         0.3% (        0.5%     +        0.0%  )
==19583== 
==19583== LL refs:         3,672,207  (  2,063,813 rd   +  1,608,394 wr)
==19583== LL misses:         987,912  (    950,735 rd   +     37,177 wr)
==19583== LL miss rate:          0.1% (        0.1%     +        0.0%  )
