desc: I1 cache:         32768 B, 64 B, 8-way associative
desc: D1 cache:         49152 B, 64 B, 12-way associative
desc: LL cache:         6291456 B, 64 B, 12-way associative
cmd: /home/wang/sources/cxx/book/build/profile/book replay --workload data/itch12302019_SPY.ops --version v12
events: Ir I1mr ILmr Dr D1mr DLmr Dw D1mw DLmw 
fl=./malloc/./malloc/arena.c
fn=free
153 264 0 0 0 0 0 0 0 0
fn=malloc
153 142 0 0 0 0 0 0 0 0
fl=./malloc/./malloc/malloc.c
fn=_int_free
1792 55 0 0 55 16 0 0 0 0
1992 9 1 1 3 0 0 0 0 0
3163 66 1 1 33 0 0 33 0 0
3165 132 0 0 33 7 5 33 0 0
3166 33 0 0 0 0 0 33 0 0
3167 66 0 0 0 0 0 33 0 0
4495 616 1 1 0 0 0 352 0 0
4499 264 1 1 88 0 0 0 0 0
4505 352 0 0 0 0 0 0 0 0
4506 176 0 0 0 0 0 0 0 0
4510 440 0 0 0 0 0 0 0 0
4517 176 0 0 0 0 0 0 0 0
4518 528 1 1 264 16 0 0 0 0
4521 36 0 0 0 0 0 0 0 0
4527 108 0 0 72 5 2 0 0 0
4547 180 1 1 72 2 1 0 0 0
4550 33 0 0 0 0 0 0 0 0
4561 110 0 0 0 0 0 0 0 0
4572 12 0 0 3 0 0 0 0 0
4574 9 0 0 3 1 0 0 0 0
4593 3 0 0 0 0 0 0 0 0
4595 3 0 0 0 0 0 3 1 0
4596 3 0 0 0 0 0 0 0 0
4600 9 0 0 3 0 0 0 0 0
4602 6 0 0 3 1 0 0 0 0
4606 6 0 0 0 0 0 0 0 0
4608 9 0 0 0 0 0 3 0 0
4609 3 0 0 0 0 0 3 0 0
4628 12 0 0 0 0 0 0 0 0
4637 104 0 0 52 0 0 0 0 0
4640 104 0 0 52 14 0 0 0 0
4643 104 1 1 0 0 0 0 0 0
4646 104 0 0 0 0 0 0 0 0
4658 476 1 1 388 0 0 0 0 0
fn=_int_free_maybe_consolidate
4770 572 1 1 52 14 0 364 0 0
4776 104 0 0 0 0 0 0 0 0
4778 80 0 0 20 0 0 0 0 0
4781 60 0 0 0 0 0 0 0 0
4784 100 2 2 60 17 6 0 0 0
4785 30 0 0 18 0 0 0 0 0
4798 548 1 1 450 0 0 0 0 0
fn=_int_free_merge_chunk
1992 156 0 0 52 0 0 0 0 0
4665 416 1 1 0 0 0 312 14 0
4666 52 0 0 0 0 0 0 0 0
4670 312 0 0 52 14 0 0 0 0
4673 208 1 1 52 14 0 0 0 0
4675 156 1 1 52 14 1 0 0 0
4678 156 0 0 52 4 0 0 0 0
4681 104 0 0 0 0 0 0 0 0
4682 104 0 0 0 0 0 0 0 0
4683 104 0 0 52 14 0 0 0 0
4689 104 1 1 52 0 0 0 0 0
4691 12 0 0 12 0 0 0 0 0
4692 12 0 0 0 0 0 0 0 0
4693 12 0 0 0 0 0 0 0 0
4694 48 0 0 12 3 0 0 0 0
4696 24 0 0 0 0 0 12 0 0
4701 156 0 0 0 0 0 0 0 0
4702 364 0 0 312 0 0 0 0 0
4714 104 0 0 52 0 0 0 0 0
4720 78 0 0 39 9 0 0 0 0
4721 24 0 0 0 0 0 12 0 0
4722 24 0 0 0 0 0 0 0 0
4724 27 0 0 27 0 0 0 0 0
4732 39 0 0 0 0 0 0 0 0
4733 156 1 1 39 0 0 0 0 0
4734 78 0 0 39 1 0 0 0 0
4736 39 0 0 0 0 0 39 5 0
4738 78 0 0 0 0 0 0 0 0
4740 117 1 1 0 0 0 39 0 0
4743 39 0 0 0 0 0 39 0 0
4744 39 0 0 0 0 0 39 0 0
4746 117 0 0 0 0 0 39 0 0
4747 39 0 0 0 0 0 39 0 0
4756 13 0 0 0 0 0 0 0 0
4757 39 0 0 0 0 0 13 0 0
4758 26 1 1 0 0 0 13 0 0
fn=_int_malloc
1326 142 0 0 0 0 0 0 0 0
1345 426 0 0 0 0 0 0 0 0
1794 71 1 1 71 0 0 0 0 0
1985 90 0 0 30 0 0 0 0 0
2008 8 0 0 2 0 0 0 0 0
2552 12 0 0 4 4 2 4 0 0
2553 2 1 1 0 0 0 2 0 0
2564 4 1 1 2 2 0 0 0 0
2589 8 0 0 2 0 0 2 0 0
2590 4 0 0 0 0 0 2 0 0
2599 24 1 1 6 0 0 0 0 0
2605 6 0 0 4 0 0 0 0 0
2608 6 1 1 0 0 0 0 0 0
2669 6 1 1 2 0 0 2 0 0
2677 4 0 0 2 0 0 0 0 0
2678 6 0 0 2 0 0 2 0 0
2691 6 1 1 2 0 0 0 0 0
2693 2 0 0 2 0 0 0 0 0
2699 10 0 0 2 0 0 2 0 0
2707 4 0 0 0 0 0 0 0 0
2709 8 2 2 0 0 0 4 2 0
2710 6 0 0 2 0 0 0 0 0
2711 2 0 0 0 0 0 0 0 0
2712 2 0 0 0 0 0 0 0 0
2715 4 0 0 0 0 0 0 0 0
2744 14 1 1 6 0 0 0 0 0
2746 4 1 1 0 0 0 2 0 0
2752 16 0 0 2 0 0 0 0 0
2753 12 0 0 2 0 0 2 0 0
2921 6 1 1 4 0 0 0 0 0
2922 2 0 0 0 0 0 2 0 0
2926 2 0 0 2 0 0 0 0 0
2930 10 1 1 4 0 0 0 0 0
2932 2 0 0 0 0 0 0 0 0
2933 2 0 0 0 0 0 0 0 0
2934 2 0 0 0 0 0 2 0 0
2935 14 0 0 0 0 0 2 0 0
2936 4 0 0 0 0 0 2 2 2
2938 2 0 0 0 0 0 0 0 0
3846 781 2 2 71 20 4 497 5 1
3887 142 0 0 0 0 0 0 0 0
3914 142 0 0 0 0 0 0 0 0
3916 48 0 0 0 0 0 0 0 0
3919 12 0 0 12 2 1 0 0 0
3921 24 0 0 0 0 0 0 0 0
3930 36 2 2 0 0 0 0 0 0
3977 118 1 1 0 0 0 0 0 0
3979 54 0 0 0 0 0 0 0 0
3980 34 1 1 0 0 0 0 0 0
3982 51 0 0 17 9 5 0 0 0
4039 645 1 1 0 0 0 0 0 0
4040 162 0 0 54 17 3 0 0 0
4058 213 1 1 71 0 0 0 0 0
4059 213 0 0 0 0 0 71 20 5
4060 213 1 1 142 0 0 0 0 0
4069 106 0 0 0 0 0 53 0 0
4070 480 1 1 111 20 4 71 0 0
4072 60 0 0 60 9 2 0 0 0
4073 120 0 0 60 13 3 0 0 0
4074 60 0 0 0 0 0 0 0 0
4076 120 0 0 0 0 0 0 0 0
4077 180 1 1 60 17 3 0 0 0
4079 60 0 0 60 17 3 0 0 0
4080 240 0 0 0 0 0 0 0 0
4082 240 0 0 60 0 0 0 0 0
4084 120 1 1 60 1 0 0 0 0
4085 120 0 0 60 0 0 0 0 0
4087 120 0 0 0 0 0 0 0 0
4098 240 0 0 0 0 0 0 0 0
4099 20 1 1 10 0 0 0 0 0
4100 16 0 0 0 0 0 0 0 0
4101 8 0 0 0 0 0 0 0 0
4104 8 0 0 0 0 0 0 0 0
4105 8 1 1 0 0 0 0 0 0
4106 8 0 0 0 0 0 8 0 0
4107 24 0 0 0 0 0 8 0 0
4108 24 1 1 0 0 0 8 7 0
4109 16 0 0 0 0 0 0 0 0
4111 16 0 0 0 0 0 8 3 0
4115 64 0 0 0 0 0 8 0 0
4117 24 1 1 0 0 0 8 1 0
4118 8 0 0 0 0 0 8 0 0
4121 20 0 0 0 0 0 0 0 0
4122 24 0 0 0 0 0 8 1 0
4123 8 0 0 0 0 0 0 0 0
4127 52 0 0 0 0 0 52 0 0
4128 52 0 0 0 0 0 52 0 0
4132 104 0 0 0 0 0 0 0 0
4134 24 0 0 0 0 0 12 0 0
4135 36 0 0 0 0 0 0 0 0
4140 24 0 0 0 0 0 0 0 0
4161 87 2 2 0 0 0 0 0 0
4169 623 1 1 0 0 0 40 0 0
4170 119 1 1 0 0 0 0 0 0
4171 40 0 0 40 23 9 0 0 0
4174 80 0 0 0 0 0 0 0 0
4177 1 0 0 0 0 0 0 0 0
4179 4 0 0 2 1 0 0 0 0
4180 2 0 0 0 0 0 0 0 0
4192 3 1 1 1 0 0 0 0 0
4193 2 0 0 0 0 0 0 0 0
4199 1 0 0 0 0 0 0 0 0
4202 2 1 1 1 1 0 0 0 0
4212 1 1 1 1 0 0 0 0 0
4213 2 0 0 1 0 0 0 0 0
4218 156 0 0 0 0 0 39 3 0
4221 280 2 2 80 18 3 0 0 0
4222 40 0 0 0 0 0 40 0 0
4223 40 0 0 0 0 0 40 0 0
4224 40 0 0 0 0 0 40 0 0
4225 40 0 0 0 0 0 40 0 0
4230 80 0 0 80 0 0 0 0 0
4231 80 0 0 0 0 0 0 0 0
4240 160 1 1 80 0 0 0 0 0
4246 66 0 0 0 0 0 0 0 0
4257 153 1 1 0 0 0 0 0 0
4259 168 0 0 0 0 0 0 0 0
4262 126 0 0 42 20 8 0 0 0
4263 53 1 1 1 0 0 0 0 0
4330 51 0 0 0 0 0 0 0 0
4331 102 0 0 0 0 0 0 0 0
4332 102 0 0 0 0 0 0 0 0
4333 102 0 0 51 7 1 0 0 0
4334 306 0 0 0 0 0 0 0 0
4339 225 1 1 0 0 0 0 0 0
4343 188 1 1 0 0 0 0 0 0
4346 120 1 1 30 0 0 0 0 0
4348 12 0 0 0 0 0 0 0 0
4349 6 0 0 0 0 0 0 0 0
4353 124 0 0 0 0 0 0 0 0
4355 35 0 0 0 0 0 0 0 0
4357 70 0 0 0 0 0 0 0 0
4361 27 0 0 27 5 2 0 0 0
4364 54 0 0 0 0 0 0 0 0
4366 45 0 0 0 0 0 9 0 0
4367 9 0 0 0 0 0 0 0 0
4368 9 0 0 0 0 0 0 0 0
4373 72 1 1 18 0 0 0 0 0
4376 36 0 0 0 0 0 0 0 0
4378 54 1 1 0 0 0 18 0 0
4381 54 0 0 0 0 0 36 9 3
4384 72 0 0 36 0 0 0 0 0
4394 18 0 0 0 0 0 0 0 0
4399 72 0 0 18 0 0 0 0 0
4400 36 1 1 18 0 0 0 0 0
4403 18 0 0 0 0 0 18 9 1
4404 18 0 0 0 0 0 18 0 0
4405 18 0 0 0 0 0 18 0 0
4408 36 0 0 0 0 0 0 0 0
4409 2 0 0 0 0 0 2 0 0
4410 36 0 0 0 0 0 0 0 0
4412 36 0 0 0 0 0 18 0 0
4415 144 1 1 0 0 0 18 0 0
4417 54 0 0 0 0 0 18 2 0
4418 18 0 0 0 0 0 18 0 0
4421 18 0 0 0 0 0 0 0 0
4443 33 1 1 33 0 0 0 0 0
4444 66 0 0 33 6 2 0 0 0
4446 66 0 0 33 3 1 0 0 0
4449 99 0 0 0 0 0 0 0 0
4451 31 0 0 0 0 0 0 0 0
4452 62 1 1 0 0 0 0 0 0
4453 31 0 0 0 0 0 31 0 0
4454 248 1 1 0 0 0 31 0 0
4456 62 0 0 0 0 0 31 22 19
4459 62 0 0 0 0 0 0 0 0
4460 99 0 0 0 0 0 33 13 3
4461 33 0 0 0 0 0 0 0 0
4466 8 0 0 2 0 0 2 0 0
4482 2 0 0 0 0 0 0 0 0
4487 852 2 2 639 0 0 0 0 0
fn=alloc_perturb
1985 123 1 1 41 0 0 0 0 0
1987 41 0 0 41 0 0 0 0 0
fn=free
3359 616 2 2 0 0 0 352 0 0
3363 176 0 0 0 0 0 0 0 0
3371 176 0 0 176 49 8 0 0 0
3373 88 0 0 0 0 0 0 0 0
3375 264 0 0 88 18 4 0 0 0
3392 264 0 0 176 32 0 0 0 0
3398 264 1 1 0 0 0 88 3 0
3401 88 0 0 0 0 0 88 0 0
3402 528 0 0 440 0 0 0 0 0
fn=malloc
1326 180 0 0 0 0 0 0 0 0
1345 450 1 1 0 0 0 0 0 0
3178 38 0 0 19 1 1 0 0 0
3182 38 0 0 0 0 0 0 0 0
3186 76 0 0 19 1 1 19 0 0
3190 38 0 0 0 0 0 19 0 0
3191 19 0 0 0 0 0 19 0 0
3294 720 1 1 0 0 0 360 15 6
3301 180 0 0 90 19 4 0 0 0
3311 180 0 0 0 0 0 0 0 0
3313 360 0 0 180 39 8 0 0 0
3316 180 0 0 90 19 4 0 0 0
3318 108 1 1 36 8 2 0 0 0
3326 142 1 1 71 25 4 0 0 0
3328 284 1 1 0 0 0 71 0 0
3329 355 1 1 71 0 0 0 0 0
3354 540 1 1 450 0 0 0 0 0
fn=systrim.constprop.0
2957 36 1 1 0 0 0 24 0 0
2966 18 0 0 12 0 0 0 0 0
2968 6 0 0 0 0 0 0 0 0
2969 12 0 0 0 0 0 0 0 0
2970 5 0 0 0 0 0 0 0 0
2974 18 0 0 6 0 0 0 0 0
2975 6 0 0 0 0 0 0 0 0
2978 30 1 1 12 12 10 0 0 0
2980 12 0 0 0 0 0 0 0 0
2987 3 0 0 0 0 0 1 0 0
2988 4 0 0 1 0 0 0 0 0
3000 3 1 1 0 0 0 1 0 0
3001 2 0 0 0 0 0 1 0 0
3003 1 0 0 0 0 0 0 0 0
3005 2 0 0 0 0 0 0 0 0
3009 2 0 0 0 0 0 0 0 0
3012 1 0 0 1 0 0 0 0 0
3013 4 0 0 1 0 0 1 0 0
3015 2 0 0 0 0 0 0 0 0
3020 36 0 0 30 0 0 0 0 0
fn=unlink_chunk.isra.0
1608 84 1 1 0 0 0 42 0 0
1610 210 0 0 84 0 0 0 0 0
1613 85 1 1 84 3 0 0 0 0
1614 84 0 0 42 0 0 0 0 0
1616 168 2 1 84 8 0 0 0 0
1619 42 0 0 0 0 0 42 0 0
1620 42 0 0 0 0 0 42 0 0
1621 210 0 0 42 2 0 0 0 0
1623 76 0 0 38 0 0 0 0 0
1624 114 0 0 76 0 0 0 0 0
1627 76 0 0 38 3 2 0 0 0
1629 2 1 1 0 0 0 0 0 0
1630 1 0 0 0 0 0 1 0 0
1641 37 0 0 0 0 0 37 0 0
1642 37 0 0 0 0 0 37 0 0
1645 84 0 0 84 0 0 0 0 0
fl=./malloc/./malloc/morecore.c
fn=__glibc_morecore
25 15 1 1 0 0 0 5 0 0
26 10 0 0 5 0 0 0 0 0
29 5 0 0 0 0 0 5 0 0
30 10 0 0 0 0 0 0 0 0
34 10 0 0 10 0 0 0 0 0
fl=./misc/../sysdeps/unix/sysv/linux/brk.c
fn=brk
36 3 1 1 0 0 0 0 0 0
37 6 0 0 3 0 0 3 0 0
38 6 0 0 0 0 0 0 0 0
44 3 0 0 0 0 0 0 0 0
45 3 0 0 3 0 0 0 0 0
fl=./misc/../sysdeps/unix/sysv/linux/brk_call.h
fn=brk
24 6 0 0 0 0 0 0 0 0
fl=./misc/./misc/sbrk.c
fn=sbrk
37 40 1 1 0 0 0 20 0 0
40 10 0 0 10 6 4 0 0 0
43 10 2 1 5 3 2 0 0 0
58 10 0 0 0 0 0 0 0 0
62 10 0 0 0 0 0 0 0 0
66 12 1 1 0 0 0 0 0 0
68 2 0 0 0 0 0 0 0 0
74 9 1 1 0 0 0 3 3 1
78 35 0 0 25 0 0 0 0 0
fl=./string/../sysdeps/x86_64/multiarch/memmove-vec-unaligned-erms.S
fn=__memcpy_avx_unaligned_erms
255 12 1 1 0 0 0 0 0 0
256 12 0 0 0 0 0 0 0 0
262 12 0 0 0 0 0 0 0 0
263 12 0 0 0 0 0 0 0 0
265 10 0 0 10 3 0 0 0 0
266 10 0 0 0 0 0 0 0 0
267 10 0 0 0 0 0 0 0 0
270 1 0 0 1 0 0 0 0 0
271 1 0 0 0 0 0 1 0 0
272 1 0 0 0 0 0 1 0 0
275 2 0 0 1 0 0 0 0 0
305 2 0 0 0 0 0 0 0 0
306 2 0 0 0 0 0 0 0 0
308 1 0 0 0 0 0 0 0 0
309 1 0 0 0 0 0 0 0 0
311 1 0 0 0 0 0 0 0 0
315 1 0 0 0 0 0 0 0 0
316 1 1 1 0 0 0 0 0 0
317 1 0 0 0 0 0 0 0 0
325 1 0 0 1 0 0 0 0 0
342 1 0 0 1 0 0 0 0 0
343 1 0 0 1 0 0 0 0 0
344 1 0 0 0 0 0 1 0 0
345 1 0 0 0 0 0 1 0 0
347 1 0 0 1 0 0 0 0 0
375 1 1 1 1 0 0 0 0 0
376 1 0 0 1 0 0 0 0 0
377 1 0 0 0 0 0 1 0 0
378 1 0 0 0 0 0 1 1 1
379 1 0 0 0 0 0 1 0 0
380 1 0 0 0 0 0 1 0 0
381 2 0 0 1 0 0 0 0 0
386 9 2 1 9 6 1 0 0 0
387 9 0 0 0 0 0 0 0 0
392 7 0 0 0 0 0 0 0 0
393 7 0 0 0 0 0 0 0 0
395 2 0 0 2 0 0 0 0 0
396 2 0 0 0 0 0 0 0 0
397 2 0 0 0 0 0 0 0 0
399 1 0 0 1 0 0 0 0 0
400 1 0 0 1 0 0 0 0 0
401 1 0 0 1 0 0 0 0 0
402 1 0 0 1 0 0 0 0 0
403 1 0 0 1 0 0 0 0 0
404 1 1 1 1 0 0 0 0 0
405 1 0 0 0 0 0 1 1 1
406 1 0 0 0 0 0 1 0 0
407 1 0 0 0 0 0 1 1 1
408 1 0 0 0 0 0 1 0 0
409 1 0 0 0 0 0 1 0 0
410 1 0 0 0 0 0 1 0 0
411 1 0 0 0 0 0 1 0 0
412 1 0 0 0 0 0 1 0 0
413 2 0 0 1 0 0 0 0 0
417 5 0 0 0 0 0 0 0 0
418 5 0 0 0 0 0 0 0 0
422 5 0 0 0 0 0 0 0 0
424 5 1 1 0 0 0 0 0 0
428 5 0 0 5 4 1 0 0 0
429 5 0 0 0 0 0 0 0 0
440 5 0 0 0 0 0 0 0 0
443 5 0 0 0 0 0 0 0 0
445 5 0 0 0 0 0 0 0 0
447 5 0 0 0 0 0 0 0 0
451 5 0 0 0 0 0 0 0 0
452 5 0 0 0 0 0 0 0 0
461 5 0 0 5 0 0 0 0 0
462 5 0 0 5 0 0 0 0 0
464 5 0 0 0 0 0 0 0 0
466 5 0 0 0 0 0 0 0 0
467 5 1 1 5 0 0 0 0 0
468 5 0 0 5 0 0 0 0 0
471 5 0 0 0 0 0 0 0 0
473 5 0 0 0 0 0 0 0 0
475 5 0 0 0 0 0 0 0 0
477 10 0 0 0 0 0 0 0 0
483 88 0 0 88 1 0 0 0 0
484 88 0 0 88 13 0 0 0 0
485 88 0 0 88 0 0 0 0 0
486 88 0 0 88 8 0 0 0 0
487 88 0 0 0 0 0 0 0 0
488 88 0 0 0 0 0 88 33 18
489 88 0 0 0 0 0 88 25 2
490 88 1 1 0 0 0 88 33 18
491 88 0 0 0 0 0 88 25 2
492 88 0 0 0 0 0 0 0 0
493 88 0 0 0 0 0 0 0 0
494 88 0 0 0 0 0 0 0 0
496 5 0 0 0 0 0 5 2 1
497 5 0 0 0 0 0 5 2 2
498 5 0 0 0 0 0 5 0 0
499 5 0 0 0 0 0 5 0 0
501 5 0 0 0 0 0 5 0 0
505 10 0 0 5 0 0 0 0 0
563 2 1 1 2 0 0 0 0 0
570 2 0 0 0 0 0 0 0 0
571 2 0 0 0 0 0 0 0 0
601 2 1 1 0 0 0 0 0 0
602 2 0 0 0 0 0 0 0 0
606 2 0 0 0 0 0 0 0 0
608 2 0 0 0 0 0 0 0 0
611 2 0 0 0 0 0 0 0 0
615 2 0 0 2 2 0 0 0 0
616 2 0 0 0 0 0 0 0 0
620 2 0 0 2 0 0 0 0 0
624 2 0 0 0 0 0 0 0 0
648 2 0 0 0 0 0 0 0 0
650 2 0 0 0 0 0 0 0 0
652 2 0 0 0 0 0 0 0 0
654 2 1 1 0 0 0 0 0 0
657 2 0 0 0 0 0 0 0 0
658 2 0 0 0 0 0 0 0 0
660 36850 0 0 36848 476 0 36848 575 575
663 2 0 0 0 0 0 2 0 0
665 2 0 0 0 0 0 2 0 0
667 4 0 0 2 1 0 0 0 0
fl=./string/../sysdeps/x86_64/multiarch/memset-vec-unaligned-erms.S
fn=__memset_avx2_unaligned_erms
158 64 1 1 0 0 0 0 0 0
159 128 0 0 0 0 0 0 0 0
164 64 0 0 0 0 0 0 0 0
165 64 0 0 0 0 0 0 0 0
166 64 0 0 0 0 0 0 0 0
167 64 0 0 0 0 0 0 0 0
168 64 0 0 0 0 0 0 0 0
170 24 0 0 0 0 0 24 4 3
171 24 0 0 0 0 0 24 0 0
172 48 0 0 24 0 0 0 0 0
181 12 0 0 0 0 0 12 0 0
182 12 0 0 0 0 0 12 0 0
184 24 0 0 12 0 0 0 0 0
237 40 1 1 40 16 3 0 0 0
238 40 0 0 0 0 0 0 0 0
244 30 0 0 0 0 0 30 9 7
245 30 0 0 0 0 0 30 4 4
257 30 0 0 0 0 0 0 0 0
260 30 0 0 0 0 0 0 0 0
261 30 0 0 0 0 0 0 0 0
273 18 0 0 0 0 0 18 5 3
274 18 0 0 0 0 0 18 3 3
287 18 0 0 0 0 0 0 0 0
288 18 0 0 0 0 0 0 0 0
290 18 0 0 0 0 0 0 0 0
293 16 0 0 0 0 0 0 0 0
296 16 0 0 0 0 0 0 0 0
299 88 0 0 0 0 0 88 10 10
300 88 0 0 0 0 0 88 45 16
301 88 0 0 0 0 0 88 13 13
302 88 0 0 0 0 0 88 42 14
303 88 0 0 0 0 0 0 0 0
304 88 0 0 0 0 0 0 0 0
305 104 0 0 0 0 0 0 0 0
308 18 1 1 0 0 0 18 2 2
309 18 0 0 0 0 0 18 0 0
310 18 0 0 0 0 0 18 2 2
311 18 0 0 0 0 0 18 0 0
314 36 0 0 18 0 0 0 0 0
325 10 1 1 0 0 0 0 0 0
326 10 0 0 0 0 0 0 0 0
327 10 0 0 0 0 0 0 0 0
328 40970 0 0 0 0 0 40960 645 235
329 10 0 0 0 0 0 0 0 0
330 20 0 0 10 0 0 0 0 0
fl=/home/wang/git-repositories/vcpkg/installed/x64-linux-clang-libcxx/include/boost/unordered/detail/foa/core.hpp
fn=_ZN5boost9unordered6detail3foa10table_coreINS2_14flat_map_typesImN3lob3v125BookTINS5_12ChecksumSinkELj16EE3LocEEENS2_7group15INS2_14plain_integralEEENS2_12table_arraysENS2_18plain_size_controlENS_4hashImEENSt3__18equal_toImEENSJ_9allocatorINSJ_4pairIKmSA_EEEEE22for_all_elements_whileIZNSR_22for_all_elements_whileIZNSR_16for_all_elementsIZNSR_16unchecked_rehashERNSF_ISP_SE_NS2_16pow2_size_policyESQ_EEEUlPSP_E_EEDTcmclfL1p0_LDnEEcvv_EERKSW_T_EUlSY_E_EES10_S12_S13_EUlPSE_jSY_E_EEDTcmclfp0_LDnELi0ELDnEEcvv_EES12_S13_
0 33944 1 1 30494 8 4 848 2 0
296 67208 0 0 33604 889 6 0 0 0
297 30276 0 0 0 0 0 0 0 0
313 3328 1 1 0 0 0 0 0 0
389 59292 0 0 29646 1 0 0 0 0
849 29646 0 0 0 0 0 0 0 0
882 1260 0 0 630 0 0 0 0 0
927 88938 2 2 0 0 0 0 0 0
1033 64 1 1 64 0 0 0 0 0
1034 63 0 0 63 0 0 0 0 0
1955 29646 0 0 29646 0 0 0 0 0
1961 19968 0 0 0 0 0 0 0 0
2032 29646 0 0 29646 0 0 0 0 0
2063 128 0 0 0 0 0 0 0 0
2064 3517 0 0 63 0 0 0 0 0
2065 6656 0 0 0 0 0 0 0 0
2067 69276 0 0 0 0 0 0 0 0
2069 59292 0 0 0 0 0 0 0 0
2075 128 1 1 64 0 0 0 0 0
2292 59292 0 0 59292 0 0 0 0 0
2350 29646 1 1 29646 0 0 0 0 0
2373 121104 0 0 0 0 0 0 0 0
2375 31696 0 0 0 0 0 0 0 0
2377 88938 0 0 29646 0 0 0 0 0
fn=boost::unordered::detail::foa::table_core<boost::unordered::detail::foa::flat_map_types<unsigned long, lob::v12::BookT<lob::ChecksumSink, 16u>::Loc>, boost::unordered::detail::foa::group15<boost::unordered::detail::foa::plain_integral>, boost::unordered::detail::foa::table_arrays, boost::unordered::detail::foa::plain_size_control, boost::hash<unsigned long>, std::__1::equal_to<unsigned long>, std::__1::allocator<std::__1::pair<unsigned long const, lob::v12::BookT<lob::ChecksumSink, 16u>::Loc> > >::unchecked_rehash(boost::unordered::detail::foa::table_arrays<std::__1::pair<unsigned long const, lob::v12::BookT<lob::ChecksumSink, 16u>::Loc>, boost::unordered::detail::foa::group15<boost::unordered::detail::foa::plain_integral>, boost::unordered::detail::foa::pow2_size_policy, std::__1::allocator<std::__1::pair<unsigned long const, lob::v12::BookT<lob::ChecksumSink, 16u>::Loc> > >&)
0 256 0 0 0 0 0 64 0 0
1033 128 1 1 128 13 3 0 0 0
1096 128 1 1 0 0 0 0 0 0
1108 63 0 0 63 0 0 0 0 0
1113 126 0 0 0 0 0 0 0 0
1563 768 1 1 128 13 0 0 0 0
1811 320 0 0 64 0 0 0 0 0
2025 320 0 0 0 0 0 192 0 0
2054 64 0 0 0 0 0 64 0 0
2288 320 1 1 0 0 0 128 0 0
2289 64 0 0 0 0 0 64 0 0
2320 128 0 0 64 0 0 64 0 0
2321 64 0 0 0 0 0 64 13 3
2322 320 0 0 192 0 0 0 0 0
fn=boost::unordered::detail::foa::table_locator<boost::unordered::detail::foa::group15<boost::unordered::detail::foa::plain_integral>, std::__1::pair<unsigned long const, lob::v12::BookT<lob::ChecksumSink, 16u>::Loc> > boost::unordered::detail::foa::table_core<boost::unordered::detail::foa::flat_map_types<unsigned long, lob::v12::BookT<lob::ChecksumSink, 16u>::Loc>, boost::unordered::detail::foa::group15<boost::unordered::detail::foa::plain_integral>, boost::unordered::detail::foa::table_arrays, boost::unordered::detail::foa::plain_size_control, boost::hash<unsigned long>, std::__1::equal_to<unsigned long>, std::__1::allocator<std::__1::pair<unsigned long const, lob::v12::BookT<lob::ChecksumSink, 16u>::Loc> > >::unchecked_emplace_with_rehash<boost::unordered::detail::foa::try_emplace_args_t, unsigned long const&>(unsigned long, boost::unordered::detail::foa::try_emplace_args_t&&, unsigned long const&)
0 1088 1 1 128 0 0 0 0 0
296 128 0 0 64 0 0 0 0 0
297 128 0 0 0 0 0 0 0 0
389 192 0 0 64 0 0 0 0 0
837 256 0 0 0 0 0 0 0 0
842 128 0 0 0 0 0 0 0 0
849 64 0 0 0 0 0 0 0 0
859 128 0 0 0 0 0 0 0 0
927 128 1 1 0 0 0 0 0 0
1031 256 1 1 0 0 0 256 15 6
1051 128 0 0 0 0 0 64 0 0
1057 256 1 1 0 0 0 0 0 0
1058 192 0 0 0 0 0 0 0 0
1059 64 0 0 0 0 0 0 0 0
1066 64 0 0 0 0 0 0 0 0
1073 128 0 0 0 0 0 0 0 0
1085 64 0 0 0 0 0 0 0 0
1108 64 0 0 0 0 0 0 0 0
1113 64 0 0 0 0 0 0 0 0
1125 192 0 0 0 0 0 64 0 0
1126 64 0 0 0 0 0 0 0 0
1689 64 0 0 64 0 0 0 0 0
1983 640 3 2 0 0 0 384 2 1
1988 256 1 1 0 0 0 192 16 3
1999 128 0 0 0 0 0 64 0 0
2000 64 0 0 64 0 0 0 0 0
2002 576 0 0 448 12 5 0 0 0
2132 1152 1 1 128 20 3 0 0 0
2373 128 0 0 0 0 0 0 0 0
2375 64 0 0 0 0 0 0 0 0
2377 256 0 0 0 0 0 0 0 0
fn=lob::v12::BookT<lob::ChecksumSink, 16u>::modify(unsigned long, long, unsigned int)
0 93612 1 1 31166 0 0 0 0 0
271 62508 1 1 0 0 0 0 0 0
272 62433 0 0 0 0 0 0 0 0
279 176 0 0 88 0 0 0 0 0
336 31254 0 0 31254 10 0 0 0 0
849 218162 1 1 93498 0 0 0 0 0
881 88 0 0 0 0 0 0 0 0
882 264 0 0 0 0 0 0 0 0
883 88 0 0 0 0 0 0 0 0
927 63876 0 0 0 0 0 0 0 0
1727 62508 0 0 0 0 0 0 0 0
1729 31254 0 0 0 0 0 0 0 0
1732 62358 0 0 0 0 0 0 0 0
1733 31179 0 0 0 0 0 0 0 0
1737 95814 0 0 0 0 0 0 0 0
1743 1544 0 0 0 0 0 0 0 0
1745 88 0 0 0 0 0 0 0 0
1750 88 0 0 0 0 0 0 0 0
1955 31166 0 0 31166 0 0 0 0 0
fn=void lob::replay<lob::v12::BookT<lob::ChecksumSink, 16u> >(lob::v12::BookT<lob::ChecksumSink, 16u>&, std::__1::span<lob::Op const, 18446744073709551615ul>)
0 20037508 3 3 7756268 183 20 0 0 0
271 4482604 0 0 0 0 0 0 0 0
272 3380764 1 1 0 0 0 0 0 0
279 6700896 0 0 3350448 2 1 0 0 0
296 3341250 0 0 1113750 2 0 0 0 0
297 2222832 0 0 1109082 0 0 0 0 0
336 2241302 1 1 2241302 8208 2 0 0 0
399 1109082 0 0 0 0 0 0 0 0
404 2218292 0 0 0 0 0 0 0 0
849 8873168 2 1 3327438 33 1 0 0 0
881 23010 0 0 0 0 0 0 0 0
882 78366 0 0 0 0 0 0 0 0
883 23010 0 0 0 0 0 0 0 0
927 4551392 0 0 0 0 0 0 0 0
1033 7626 0 0 3813 0 0 0 0 0
1727 4482604 0 0 0 0 0 0 0 0
1729 2241302 0 0 0 0 0 0 0 0
1732 2278924 0 0 0 0 0 0 0 0
1733 1139462 0 0 0 0 0 0 0 0
1737 3469440 0 0 0 0 0 0 0 0
1743 114936 0 0 0 0 0 0 0 0
1745 1132156 0 0 0 0 0 0 0 0
1750 23010 0 0 0 0 0 0 0 0
1955 2218292 0 0 2218292 1 1 0 0 0
1970 1109082 0 0 1109082 0 0 0 0 0
2266 7764022 1 1 2218292 15 5 1109146 0 0
2373 4455000 0 0 0 0 0 0 0 0
2375 1123086 0 0 0 0 0 0 0 0
2377 4436328 0 0 0 0 0 0 0 0
fl=/home/wang/git-repositories/vcpkg/installed/x64-linux-clang-libcxx/include/boost/unordered/detail/foa/table.hpp
fn=_ZN5boost9unordered6detail3foa10table_coreINS2_14flat_map_typesImN3lob3v125BookTINS5_12ChecksumSinkELj16EE3LocEEENS2_7group15INS2_14plain_integralEEENS2_12table_arraysENS2_18plain_size_controlENS_4hashImEENSt3__18equal_toImEENSJ_9allocatorINSJ_4pairIKmSA_EEEEE22for_all_elements_whileIZNSR_22for_all_elements_whileIZNSR_16for_all_elementsIZNSR_16unchecked_rehashERNSF_ISP_SE_NS2_16pow2_size_policyESQ_EEEUlPSP_E_EEDTcmclfL1p0_LDnEEcvv_EERKSW_T_EUlSY_E_EES10_S12_S13_EUlPSE_jSY_E_EEDTcmclfp0_LDnELi0ELDnEEcvv_EES12_S13_
40 29646 0 0 0 0 0 29646 0 0
46 630 0 0 630 0 0 0 0 0
fn=boost::unordered::detail::foa::table_locator<boost::unordered::detail::foa::group15<boost::unordered::detail::foa::plain_integral>, std::__1::pair<unsigned long const, lob::v12::BookT<lob::ChecksumSink, 16u>::Loc> > boost::unordered::detail::foa::table_core<boost::unordered::detail::foa::flat_map_types<unsigned long, lob::v12::BookT<lob::ChecksumSink, 16u>::Loc>, boost::unordered::detail::foa::group15<boost::unordered::detail::foa::plain_integral>, boost::unordered::detail::foa::table_arrays, boost::unordered::detail::foa::plain_size_control, boost::hash<unsigned long>, std::__1::equal_to<unsigned long>, std::__1::allocator<std::__1::pair<unsigned long const, lob::v12::BookT<lob::ChecksumSink, 16u>::Loc> > >::unchecked_emplace_with_rehash<boost::unordered::detail::foa::try_emplace_args_t, unsigned long const&>(unsigned long, boost::unordered::detail::foa::try_emplace_args_t&&, unsigned long const&)
0 192 1 1 64 0 0 64 0 0
40 128 0 0 0 0 0 128 0 0
fn=void lob::replay<lob::v12::BookT<lob::ChecksumSink, 16u> >(lob::v12::BookT<lob::ChecksumSink, 16u>&, std::__1::span<lob::Op const, 18446744073709551615ul>)
0 256 0 0 192 13 4 0 0 0
40 2218228 0 0 0 0 0 2218228 0 0
46 4668 0 0 4668 0 0 0 0 0
140 64 1 1 64 0 0 0 0 0
626 128 0 0 128 12 0 0 0 0
640 3327438 1 1 2218292 2 1 0 0 0
650 384 1 1 0 0 0 64 0 0
fl=/home/wang/git-repositories/vcpkg/installed/x64-linux-clang-libcxx/include/boost/unordered/detail/mulx.hpp
fn=_ZN5boost9unordered6detail3foa10table_coreINS2_14flat_map_typesImN3lob3v125BookTINS5_12ChecksumSinkELj16EE3LocEEENS2_7group15INS2_14plain_integralEEENS2_12table_arraysENS2_18plain_size_controlENS_4hashImEENSt3__18equal_toImEENSJ_9allocatorINSJ_4pairIKmSA_EEEEE22for_all_elements_whileIZNSR_22for_all_elements_whileIZNSR_16for_all_elementsIZNSR_16unchecked_rehashERNSF_ISP_SE_NS2_16pow2_size_policyESQ_EEEUlPSP_E_EEDTcmclfL1p0_LDnEEcvv_EERKSW_T_EUlSY_E_EES10_S12_S13_EUlPSE_jSY_E_EEDTcmclfp0_LDnELi0ELDnEEcvv_EES12_S13_
45 29646 0 0 29646 5209 37 0 0 0
46 29646 0 0 0 0 0 0 0 0
fn=lob::v12::BookT<lob::ChecksumSink, 16u>::modify(unsigned long, long, unsigned int)
45 31166 0 0 0 0 0 0 0 0
46 31166 0 0 0 0 0 0 0 0
fn=void lob::replay<lob::v12::BookT<lob::ChecksumSink, 16u> >(lob::v12::BookT<lob::ChecksumSink, 16u>&, std::__1::span<lob::Op const, 18446744073709551615ul>)
45 4436584 0 0 0 0 0 0 0 0
46 2218292 0 0 0 0 0 0 0 0
fl=/home/wang/sources/cxx/book/include/lob/events.hpp
fn=lob::v12::BookT<lob::ChecksumSink, 16u>::modify(unsigned long, long, unsigned int)
92 31166 0 0 31166 0 0 0 0 0
93 280494 1 1 31166 0 0 0 0 0
fn=void lob::replay<lob::v12::BookT<lob::ChecksumSink, 16u> >(lob::v12::BookT<lob::ChecksumSink, 16u>&, std::__1::span<lob::Op const, 18446744073709551615ul>)
0 5545730 0 0 0 0 0 2218292 0 0
92 2218292 0 0 2218292 14 6 0 0 0
93 19964628 1 1 4436584 0 0 0 0 0
fl=/home/wang/sources/cxx/book/include/lob/replay.hpp
fn=void lob::replay<lob::v12::BookT<lob::ChecksumSink, 16u> >(lob::v12::BookT<lob::ChecksumSink, 16u>&, std::__1::span<lob::Op const, 18446744073709551615ul>)
0 7 0 0 0 0 0 1 1 1
52 7 1 1 0 0 0 6 1 1
53 2249459 0 0 0 0 0 0 0 0
57 8 1 1 7 2 1 0 0 0
fl=/home/wang/sources/cxx/book/include/lob/v11/exact_div.hpp
fn=lob::v12::BookT<lob::ChecksumSink, 16u>::modify(unsigned long, long, unsigned int)
0 31166 0 0 0 0 0 0 0 0
37 155830 0 0 62332 0 0 0 0 0
fn=void lob::replay<lob::v12::BookT<lob::ChecksumSink, 16u> >(lob::v12::BookT<lob::ChecksumSink, 16u>&, std::__1::span<lob::Op const, 18446744073709551615ul>)
37 6654876 1 1 4436584 0 0 0 0 0
fl=/home/wang/sources/cxx/book/include/lob/v12/book.hpp
fn=auto lob::v12::BookT<lob::ChecksumSink, 16u>::unlink_off_grid(lob::v12::BookT<lob::ChecksumSink, 16u>::Loc const&)::{lambda(auto:1&)#1}::operator()<std::__1::map<long, lob::v12::BookT<lob::ChecksumSink, 16u>::Level, std::__1::greater<void>, std::__1::allocator<std::__1::pair<long const, lob::v12::BookT<lob::ChecksumSink, 16u>::Level> > > >(std::__1::map<long, lob::v12::BookT<lob::ChecksumSink, 16u>::Level, std::__1::greater<void>, std::__1::allocator<std::__1::pair<long const, lob::v12::BookT<lob::ChecksumSink, 16u>::Level> > >&) const
0 14 0 0 7 0 0 0 0 0
357 8 0 0 0 0 0 4 0 0
358 11 0 0 3 0 0 4 0 0
381 14 0 0 7 0 0 7 0 0
382 7 0 0 0 0 0 7 0 0
404 14 0 0 7 0 0 0 0 0
405 14 0 0 7 0 0 0 0 0
408 21 0 0 0 0 0 0 0 0
409 28 1 1 0 0 0 0 0 0
410 7 0 0 0 0 0 7 3 3
411 7 0 0 0 0 0 7 0 0
412 7 0 0 7 0 0 0 0 0
560 21 0 0 0 0 0 21 0 0
561 7 0 0 7 0 0 0 0 0
562 7 0 0 0 0 0 0 0 0
563 21 0 0 21 1 0 0 0 0
565 7 0 0 7 0 0 0 0 0
566 14 0 0 7 0 0 0 0 0
570 28 1 1 28 0 0 0 0 0
fn=auto lob::v12::BookT<lob::ChecksumSink, 16u>::unlink_off_grid(lob::v12::BookT<lob::ChecksumSink, 16u>::Loc const&)::{lambda(auto:1&)#1}::operator()<std::__1::map<long, lob::v12::BookT<lob::ChecksumSink, 16u>::Level, std::__1::less<void>, std::__1::allocator<std::__1::pair<long const, lob::v12::BookT<lob::ChecksumSink, 16u>::Level> > > >(std::__1::map<long, lob::v12::BookT<lob::ChecksumSink, 16u>::Level, std::__1::less<void>, std::__1::allocator<std::__1::pair<long const, lob::v12::BookT<lob::ChecksumSink, 16u>::Level> > >&) const
0 20 0 0 10 0 0 0 0 0
357 29 0 0 9 0 0 10 0 0
358 30 0 0 10 1 1 10 0 0
381 20 0 0 10 0 0 10 0 0
382 10 0 0 0 0 0 10 0 0
404 20 0 0 10 0 0 0 0 0
405 20 0 0 10 0 0 0 0 0
408 30 0 0 0 0 0 0 0 0
409 40 1 1 0 0 0 0 0 0
410 10 0 0 0 0 0 10 0 0
411 10 0 0 0 0 0 10 0 0
412 10 0 0 10 0 0 0 0 0
560 30 1 1 0 0 0 30 0 0
561 10 0 0 10 0 0 0 0 0
562 10 0 0 0 0 0 0 0 0
563 30 0 0 30 0 0 0 0 0
565 10 0 0 10 0 0 0 0 0
566 20 0 0 10 0 0 0 0 0
570 40 1 1 40 0 0 0 0 0
fn=lob::v12::BookT<lob::ChecksumSink, 16u>::anchor_if_on_tick(long)
348 3 0 0 0 0 0 1 0 0
349 1 0 0 0 0 0 1 0 0
578 10 2 2 1 0 0 0 0 0
579 1 0 0 1 0 0 0 0 0
fn=lob::v12::BookT<lob::ChecksumSink, 16u>::modify(unsigned long, long, unsigned int)
0 280494 3 3 62332 215 0 31166 0 0
165 311660 1 1 0 0 0 186996 217 0
168 62332 1 1 0 0 0 0 0 0
169 62332 0 0 0 0 0 0 0 0
172 31166 0 0 31166 159 0 0 0 0
173 124664 0 0 31166 0 0 0 0 0
174 62332 1 1 31166 8 0 0 0 0
175 31166 0 0 0 0 0 31166 0 0
176 31166 0 0 31166 0 0 0 0 0
184 249328 1 1 218162 0 0 0 0 0
337 62332 1 1 31166 0 0 0 0 0
342 62332 0 0 31166 0 0 0 0 0
343 93498 0 0 0 0 0 0 0 0
362 62332 0 0 0 0 0 0 0 0
fn=lob::v12::BookT<lob::ChecksumSink, 16u>::off_grid_level(lob::Side, long)
0 17 0 0 0 0 0 0 0 0
315 14 0 0 0 0 0 14 0 0
317 28 0 0 0 0 0 14 0 0
357 44 1 1 10 0 0 17 0 0
358 51 0 0 17 2 0 17 0 0
552 153 0 0 0 0 0 119 0 0
553 79 0 0 14 0 0 0 0 0
555 153 0 0 119 0 0 0 0 0
fn=lob::v12::BookT<lob::ChecksumSink, 16u>::unlink_off_grid(lob::v12::BookT<lob::ChecksumSink, 16u>::Loc const&)
559 34 1 1 0 0 0 0 0 0
560 34 0 0 0 0 0 34 0 0
571 34 0 0 17 0 0 0 0 0
572 28 0 0 0 0 0 7 0 0
574 40 1 1 0 0 0 10 0 0
575 34 0 0 17 0 0 0 0 0
fn=void lob::replay<lob::v12::BookT<lob::ChecksumSink, 16u> >(lob::v12::BookT<lob::ChecksumSink, 16u>&, std::__1::span<lob::Op const, 18446744073709551615ul>)
0 18909528 4 4 6693704 281182 281182 6654876 1 1
138 11184958 1 1 2249458 420525 420512 0 0 0
140 7764022 2 2 3327438 137943 137943 0 0 0
144 155830 0 0 62332 3910 3910 31166 0 0
150 1109146 0 0 0 0 0 0 0 0
151 2218292 0 0 0 0 0 0 0 0
154 1109146 1 1 1109146 0 0 0 0 0
160 2218292 0 0 2218292 48904 213 0 0 0
162 1109146 0 0 1109146 0 0 0 0 0
302 6654774 0 0 0 0 0 0 0 0
337 3327440 0 0 1109147 0 0 1109146 0 0
342 3327438 1 1 2218292 0 0 0 0 0
343 4436584 0 0 0 0 0 0 0 0
345 2218280 0 0 2218280 0 0 0 0 0
368 3327438 0 0 1109146 0 0 0 0 0
369 1109146 0 0 0 0 0 0 0 0
370 4428788 0 0 1107197 7784 0 2214394 0 0
371 1107197 0 0 0 0 0 0 0 0
372 5847 0 0 0 0 0 0 0 0
376 4440482 1 1 1109146 0 0 3327438 10645 21
381 2218258 0 0 1109129 0 0 1109129 0 0
382 1109129 0 0 0 0 0 1109129 0 0
392 3327438 0 0 1109146 11855 1250 0 0 0
394 4436584 1 1 1109146 0 0 0 0 0
395 1109146 0 0 0 0 0 1109146 14950 82
396 1109146 0 0 0 0 0 1109146 0 0
397 1109146 0 0 0 0 0 1109146 0 0
398 1109146 0 0 0 0 0 1109146 0 0
399 2218292 0 0 2218292 3472 295 0 0 0
404 2218258 0 0 1109129 7815 33 0 0 0
405 2218258 0 0 1109129 0 0 0 0 0
408 3327387 1 1 0 0 0 0 0 0
409 4436516 0 0 0 0 0 0 0 0
410 1109129 0 0 0 0 0 1109129 45760 236
411 2218258 0 0 1109129 0 0 1109129 18192 176
412 1109129 0 0 1109129 969 48 0 0 0
421 3327438 1 1 0 0 0 0 0 0
422 3327420 0 0 0 0 0 0 0 0
423 8873100 0 0 2218275 0 0 0 0 0
424 1109146 0 0 1109146 15 4 0 0 0
425 1109146 0 0 0 0 0 0 0 0
426 4436560 0 0 0 0 0 0 0 0
427 3327438 1 1 0 0 0 1109146 0 0
432 1109146 0 0 0 0 0 0 0 0
503 2218295 0 0 1109146 1 0 1 0 0
507 3327387 0 0 1109129 0 0 0 0 0
508 1109129 0 0 0 0 0 0 0 0
510 68 0 0 0 0 0 17 0 0
513 2218292 0 0 2218292 0 0 0 0 0
514 3327438 0 0 0 0 0 3327438 13 0
515 1109146 0 0 1109146 15 4 0 0 0
519 1109146 0 0 0 0 0 0 0 0
520 1109146 0 0 1109146 0 0 0 0 0
521 3327387 0 0 1109129 0 0 0 0 0
522 1109129 0 0 1109129 9223 609 0 0 0
524 1109129 0 0 1109129 0 0 0 0 0
527 7763903 0 0 2218258 112 18 0 0 0
529 34 0 0 0 0 0 17 0 0
fl=/home/wang/sources/cxx/book/include/lob/v3/hier_bitmap.hpp
fn=void lob::replay<lob::v12::BookT<lob::ChecksumSink, 16u> >(lob::v12::BookT<lob::ChecksumSink, 16u>&, std::__1::span<lob::Op const, 18446744073709551615ul>)
0 13333 0 0 0 0 0 0 0 0
48 3327438 0 0 2218292 47 9 0 0 0
57 2231439 1 1 0 0 0 0 0 0
58 3366930 0 0 1122310 407 82 0 0 0
59 3367158 1 1 2244696 1 1 2244620 5 0
78 3327387 0 0 1109129 0 0 0 0 0
79 3327387 1 1 1109129 688 45 0 0 0
80 1109129 0 0 0 0 0 0 0 0
83 13181 0 0 0 0 0 0 0 0
84 39847 0 0 13257 2 0 0 0 0
95 5545700 0 0 0 0 0 0 0 0
fl=/home/wang/sources/cxx/book/source/main.cxx
fn=auto lob::for_each_type<std::__1::tuple<lob::v0::Book<lob::ChecksumSink>, lob::v1::Book<lob::ChecksumSink>, lob::v2::Book<lob::ChecksumSink>, lob::v3::BookT<lob::ChecksumSink, 16u>, lob::v4::BookT<lob::ChecksumSink, 16u>, lob::v5::BookT<lob::ChecksumSink, 16u>, lob::v7::BookT<lob::ChecksumSink, 16u>, lob::v8::BookT<lob::ChecksumSink, 16u>, lob::v9::BookT<lob::ChecksumSink, 16u>, lob::v10::BookT<lob::ChecksumSink, 16u>, lob::v11::BookT<lob::ChecksumSink, 16u>, lob::v12::BookT<lob::ChecksumSink, 16u>, lob::v13::BookT<lob::ChecksumSink, 16u>, lob::v14::BookT<lob::ChecksumSink, 16u>, lob::v15::BookT<lob::ChecksumSink, 16u>, lob::v16::BookT<lob::ChecksumSink, 16u> >, (anonymous namespace)::with_version<(anonymous namespace)::cmd_replay((anonymous namespace)::Args const&)::$_0>(std::__1::basic_string_view<char, std::__1::char_traits<char> >, (anonymous namespace)::cmd_replay((anonymous namespace)::Args const&)::$_0&&)::{lambda<typename $T0>()#1}>((anonymous namespace)::with_version<(anonymous namespace)::cmd_replay((anonymous namespace)::Args const&)::$_0>(std::__1::basic_string_view<char, std::__1::char_traits<char> >, (anonymous namespace)::cmd_replay((anonymous namespace)::Args const&)::$_0&&)::{lambda<typename $T0>()#1}&&)::{lambda<unsigned long... $N0>(std::__1::integer_sequence<unsigned long, ($N0)...>)#1}::operator()<0ul, 1ul, 2ul, 3ul, 4ul, 5ul, 6ul, 7ul, 8ul, 9ul, 10ul, 11ul, 12ul, 13ul, 14ul, 15ul>(std::__1::integer_sequence<unsigned long, 0ul, 1ul, 2ul, 3ul, 4ul, 5ul, 6ul, 7ul, 8ul, 9ul, 10ul, 11ul, 12ul, 13ul, 14ul, 15ul>) const
293 2 1 1 0 0 0 1 1 1
294 2 0 0 1 1 1 1 0 0
295 9 1 1 0 0 0 6 1 1
fl=/usr/include/c++/v1/__bit/countr.h
fn=void lob::replay<lob::v12::BookT<lob::ChecksumSink, 16u> >(lob::v12::BookT<lob::ChecksumSink, 16u>&, std::__1::span<lob::Op const, 18446744073709551615ul>)
28 4436560 0 0 2218280 45 6 0 0 0
fl=/usr/include/c++/v1/__functional/operations.h
fn=auto lob::v12::BookT<lob::ChecksumSink, 16u>::unlink_off_grid(lob::v12::BookT<lob::ChecksumSink, 16u>::Loc const&)::{lambda(auto:1&)#1}::operator()<std::__1::map<long, lob::v12::BookT<lob::ChecksumSink, 16u>::Level, std::__1::greater<void>, std::__1::allocator<std::__1::pair<long const, lob::v12::BookT<lob::ChecksumSink, 16u>::Level> > > >(std::__1::map<long, lob::v12::BookT<lob::ChecksumSink, 16u>::Level, std::__1::greater<void>, std::__1::allocator<std::__1::pair<long const, lob::v12::BookT<lob::ChecksumSink, 16u>::Level> > >&) const
462 49 1 1 21 7 3 0 0 0
fn=auto lob::v12::BookT<lob::ChecksumSink, 16u>::unlink_off_grid(lob::v12::BookT<lob::ChecksumSink, 16u>::Loc const&)::{lambda(auto:1&)#1}::operator()<std::__1::map<long, lob::v12::BookT<lob::ChecksumSink, 16u>::Level, std::__1::less<void>, std::__1::allocator<std::__1::pair<long const, lob::v12::BookT<lob::ChecksumSink, 16u>::Level> > > >(std::__1::map<long, lob::v12::BookT<lob::ChecksumSink, 16u>::Level, std::__1::less<void>, std::__1::allocator<std::__1::pair<long const, lob::v12::BookT<lob::ChecksumSink, 16u>::Level> > >&) const
375 70 0 0 30 3 3 0 0 0
fn=lob::v12::BookT<lob::ChecksumSink, 16u>::modify(unsigned long, long, unsigned int)
300 31938 0 0 31938 723 0 0 0 0
fn=lob::v12::BookT<lob::ChecksumSink, 16u>::off_grid_level(lob::Side, long)
375 38 0 0 19 1 0 0 0 0
462 20 0 0 10 2 0 0 0 0
fn=void lob::replay<lob::v12::BookT<lob::ChecksumSink, 16u> >(lob::v12::BookT<lob::ChecksumSink, 16u>&, std::__1::span<lob::Op const, 18446744073709551615ul>)
300 1166614 0 0 1166614 101955 19 0 0 0
fl=/usr/include/c++/v1/__iterator/wrap_iter.h
fn=void lob::replay<lob::v12::BookT<lob::ChecksumSink, 16u> >(lob::v12::BookT<lob::ChecksumSink, 16u>&, std::__1::span<lob::Op const, 18446744073709551615ul>)
65 2249458 0 0 0 0 0 0 0 0
125 2249459 1 1 0 0 0 0 0 0
fl=/usr/include/c++/v1/__math/rounding_functions.h
fn=boost::unordered::detail::foa::table_locator<boost::unordered::detail::foa::group15<boost::unordered::detail::foa::plain_integral>, std::__1::pair<unsigned long const, lob::v12::BookT<lob::ChecksumSink, 16u>::Loc> > boost::unordered::detail::foa::table_core<boost::unordered::detail::foa::flat_map_types<unsigned long, lob::v12::BookT<lob::ChecksumSink, 16u>::Loc>, boost::unordered::detail::foa::group15<boost::unordered::detail::foa::plain_integral>, boost::unordered::detail::foa::table_arrays, boost::unordered::detail::foa::plain_size_control, boost::hash<unsigned long>, std::__1::equal_to<unsigned long>, std::__1::allocator<std::__1::pair<unsigned long const, lob::v12::BookT<lob::ChecksumSink, 16u>::Loc> > >::unchecked_emplace_with_rehash<boost::unordered::detail::foa::try_emplace_args_t, unsigned long const&>(unsigned long, boost::unordered::detail::foa::try_emplace_args_t&&, unsigned long const&)
29 64 0 0 0 0 0 0 0 0
fl=/usr/include/c++/v1/__memory/allocator.h
fn=void lob::replay<lob::v12::BookT<lob::ChecksumSink, 16u> >(lob::v12::BookT<lob::ChecksumSink, 16u>&, std::__1::span<lob::Op const, 18446744073709551615ul>)
100 24 0 0 0 0 0 0 0 0
fl=/usr/include/c++/v1/__memory/construct_at.h
fn=void lob::replay<lob::v12::BookT<lob::ChecksumSink, 16u> >(lob::v12::BookT<lob::ChecksumSink, 16u>&, std::__1::span<lob::Op const, 18446744073709551615ul>)
38 5847 0 0 0 0 0 3898 715 589
fl=/usr/include/c++/v1/__memory/uninitialized_algorithms.h
fn=void lob::replay<lob::v12::BookT<lob::ChecksumSink, 16u> >(lob::v12::BookT<lob::ChecksumSink, 16u>&, std::__1::span<lob::Op const, 18446744073709551615ul>)
638 48 0 0 0 0 0 12 0 0
fl=/usr/include/c++/v1/__memory/unique_ptr.h
fn=auto lob::for_each_type<std::__1::tuple<lob::v0::Book<lob::ChecksumSink>, lob::v1::Book<lob::ChecksumSink>, lob::v2::Book<lob::ChecksumSink>, lob::v3::BookT<lob::ChecksumSink, 16u>, lob::v4::BookT<lob::ChecksumSink, 16u>, lob::v5::BookT<lob::ChecksumSink, 16u>, lob::v7::BookT<lob::ChecksumSink, 16u>, lob::v8::BookT<lob::ChecksumSink, 16u>, lob::v9::BookT<lob::ChecksumSink, 16u>, lob::v10::BookT<lob::ChecksumSink, 16u>, lob::v11::BookT<lob::ChecksumSink, 16u>, lob::v12::BookT<lob::ChecksumSink, 16u>, lob::v13::BookT<lob::ChecksumSink, 16u>, lob::v14::BookT<lob::ChecksumSink, 16u>, lob::v15::BookT<lob::ChecksumSink, 16u>, lob::v16::BookT<lob::ChecksumSink, 16u> >, (anonymous namespace)::with_version<(anonymous namespace)::cmd_replay((anonymous namespace)::Args const&)::$_0>(std::__1::basic_string_view<char, std::__1::char_traits<char> >, (anonymous namespace)::cmd_replay((anonymous namespace)::Args const&)::$_0&&)::{lambda<typename $T0>()#1}>((anonymous namespace)::with_version<(anonymous namespace)::cmd_replay((anonymous namespace)::Args const&)::$_0>(std::__1::basic_string_view<char, std::__1::char_traits<char> >, (anonymous namespace)::cmd_replay((anonymous namespace)::Args const&)::$_0&&)::{lambda<typename $T0>()#1}&&)::{lambda<unsigned long... $N0>(std::__1::integer_sequence<unsigned long, ($N0)...>)#1}::operator()<0ul, 1ul, 2ul, 3ul, 4ul, 5ul, 6ul, 7ul, 8ul, 9ul, 10ul, 11ul, 12ul, 13ul, 14ul, 15ul>(std::__1::integer_sequence<unsigned long, 0ul, 1ul, 2ul, 3ul, 4ul, 5ul, 6ul, 7ul, 8ul, 9ul, 10ul, 11ul, 12ul, 13ul, 14ul, 15ul>) const
268 1 0 0 1 1 1 0 0 0
fl=/usr/include/c++/v1/__new/allocate.h
fn=auto lob::v12::BookT<lob::ChecksumSink, 16u>::unlink_off_grid(lob::v12::BookT<lob::ChecksumSink, 16u>::Loc const&)::{lambda(auto:1&)#1}::operator()<std::__1::map<long, lob::v12::BookT<lob::ChecksumSink, 16u>::Level, std::__1::greater<void>, std::__1::allocator<std::__1::pair<long const, lob::v12::BookT<lob::ChecksumSink, 16u>::Level> > > >(std::__1::map<long, lob::v12::BookT<lob::ChecksumSink, 16u>::Level, std::__1::greater<void>, std::__1::allocator<std::__1::pair<long const, lob::v12::BookT<lob::ChecksumSink, 16u>::Level> > >&) const
63 12 0 0 0 0 0 4 0 0
fn=auto lob::v12::BookT<lob::ChecksumSink, 16u>::unlink_off_grid(lob::v12::BookT<lob::ChecksumSink, 16u>::Loc const&)::{lambda(auto:1&)#1}::operator()<std::__1::map<long, lob::v12::BookT<lob::ChecksumSink, 16u>::Level, std::__1::less<void>, std::__1::allocator<std::__1::pair<long const, lob::v12::BookT<lob::ChecksumSink, 16u>::Level> > > >(std::__1::map<long, lob::v12::BookT<lob::ChecksumSink, 16u>::Level, std::__1::less<void>, std::__1::allocator<std::__1::pair<long const, lob::v12::BookT<lob::ChecksumSink, 16u>::Level> > >&) const
63 30 1 1 0 0 0 10 0 0
fn=boost::unordered::detail::foa::table_core<boost::unordered::detail::foa::flat_map_types<unsigned long, lob::v12::BookT<lob::ChecksumSink, 16u>::Loc>, boost::unordered::detail::foa::group15<boost::unordered::detail::foa::plain_integral>, boost::unordered::detail::foa::table_arrays, boost::unordered::detail::foa::plain_size_control, boost::hash<unsigned long>, std::__1::equal_to<unsigned long>, std::__1::allocator<std::__1::pair<unsigned long const, lob::v12::BookT<lob::ChecksumSink, 16u>::Loc> > >::unchecked_rehash(boost::unordered::detail::foa::table_arrays<std::__1::pair<unsigned long const, lob::v12::BookT<lob::ChecksumSink, 16u>::Loc>, boost::unordered::detail::foa::group15<boost::unordered::detail::foa::plain_integral>, boost::unordered::detail::foa::pow2_size_policy, std::__1::allocator<std::__1::pair<unsigned long const, lob::v12::BookT<lob::ChecksumSink, 16u>::Loc> > >&)
57 252 0 0 0 0 0 0 0 0
63 63 0 0 0 0 0 63 0 0
fn=boost::unordered::detail::foa::table_locator<boost::unordered::detail::foa::group15<boost::unordered::detail::foa::plain_integral>, std::__1::pair<unsigned long const, lob::v12::BookT<lob::ChecksumSink, 16u>::Loc> > boost::unordered::detail::foa::table_core<boost::unordered::detail::foa::flat_map_types<unsigned long, lob::v12::BookT<lob::ChecksumSink, 16u>::Loc>, boost::unordered::detail::foa::group15<boost::unordered::detail::foa::plain_integral>, boost::unordered::detail::foa::table_arrays, boost::unordered::detail::foa::plain_size_control, boost::hash<unsigned long>, std::__1::equal_to<unsigned long>, std::__1::allocator<std::__1::pair<unsigned long const, lob::v12::BookT<lob::ChecksumSink, 16u>::Loc> > >::unchecked_emplace_with_rehash<boost::unordered::detail::foa::try_emplace_args_t, unsigned long const&>(unsigned long, boost::unordered::detail::foa::try_emplace_args_t&&, unsigned long const&)
0 192 0 0 0 0 0 128 0 0
37 320 1 1 0 0 0 64 0 0
43 128 0 0 0 0 0 64 0 0
fn=lob::v12::BookT<lob::ChecksumSink, 16u>::off_grid_level(lob::Side, long)
43 42 2 2 0 0 0 14 0 0
fn=void lob::replay<lob::v12::BookT<lob::ChecksumSink, 16u> >(lob::v12::BookT<lob::ChecksumSink, 16u>&, std::__1::span<lob::Op const, 18446744073709551615ul>)
0 48 1 1 48 1 0 0 0 0
37 24 0 0 0 0 0 0 0 0
43 36 0 0 0 0 0 12 0 0
63 33 0 0 11 0 0 11 0 0
fl=/usr/include/c++/v1/__split_buffer
fn=void lob::replay<lob::v12::BookT<lob::ChecksumSink, 16u> >(lob::v12::BookT<lob::ChecksumSink, 16u>&, std::__1::span<lob::Op const, 18446744073709551615ul>)
0 12 0 0 0 0 0 12 0 0
335 12 0 0 0 0 0 0 0 0
341 24 0 0 0 0 0 0 0 0
fl=/usr/include/c++/v1/__tree
fn=auto lob::v12::BookT<lob::ChecksumSink, 16u>::unlink_off_grid(lob::v12::BookT<lob::ChecksumSink, 16u>::Loc const&)::{lambda(auto:1&)#1}::operator()<std::__1::map<long, lob::v12::BookT<lob::ChecksumSink, 16u>::Level, std::__1::greater<void>, std::__1::allocator<std::__1::pair<long const, lob::v12::BookT<lob::ChecksumSink, 16u>::Level> > > >(std::__1::map<long, lob::v12::BookT<lob::ChecksumSink, 16u>::Level, std::__1::greater<void>, std::__1::allocator<std::__1::pair<long const, lob::v12::BookT<lob::ChecksumSink, 16u>::Level> > >&) const
0 55 0 0 21 2 1 0 0 0
105 10 0 0 10 0 0 0 0 0
191 12 0 0 4 0 0 0 0 0
193 5 0 0 0 0 0 0 0 0
680 7 0 0 0 0 0 0 0 0
862 7 0 0 0 0 0 0 0 0
884 7 1 1 7 0 0 0 0 0
915 6 0 0 3 0 0 0 0 0
1824 8 0 0 4 0 0 0 0 0
1825 2 0 0 0 0 0 2 0 0
1826 4 1 1 4 0 0 0 0 0
1827 8 0 0 0 0 0 4 0 0
1994 14 0 0 0 0 0 0 0 0
2049 42 0 0 0 0 0 0 0 0
2050 14 0 0 0 0 0 0 0 0
fn=auto lob::v12::BookT<lob::ChecksumSink, 16u>::unlink_off_grid(lob::v12::BookT<lob::ChecksumSink, 16u>::Loc const&)::{lambda(auto:1&)#1}::operator()<std::__1::map<long, lob::v12::BookT<lob::ChecksumSink, 16u>::Level, std::__1::less<void>, std::__1::allocator<std::__1::pair<long const, lob::v12::BookT<lob::ChecksumSink, 16u>::Level> > > >(std::__1::map<long, lob::v12::BookT<lob::ChecksumSink, 16u>::Level, std::__1::less<void>, std::__1::allocator<std::__1::pair<long const, lob::v12::BookT<lob::ChecksumSink, 16u>::Level> > >&) const
0 90 2 2 30 2 2 0 0 0
105 12 0 0 12 0 0 0 0 0
163 16 0 0 4 0 0 0 0 0
191 30 0 0 10 0 0 0 0 0
193 6 0 0 0 0 0 0 0 0
680 10 0 0 0 0 0 0 0 0
862 10 0 0 0 0 0 0 0 0
884 10 0 0 10 0 0 0 0 0
915 29 0 0 19 0 0 0 0 0
1824 20 0 0 10 0 0 0 0 0
1825 9 0 0 0 0 0 9 0 0
1826 10 0 0 10 0 0 0 0 0
1827 20 0 0 0 0 0 10 0 0
1994 20 0 0 0 0 0 0 0 0
2049 60 0 0 0 0 0 0 0 0
2050 20 0 0 0 0 0 0 0 0
fn=lob::v12::BookT<lob::ChecksumSink, 16u>::off_grid_level(lob::Side, long)
0 179 0 0 0 0 0 0 0 0
862 17 1 1 0 0 0 0 0 0
884 17 1 1 17 0 0 0 0 0
915 44 0 0 27 0 0 0 0 0
1593 29 0 0 0 0 0 0 0 0
1594 38 0 0 19 1 0 0 0 0
1601 10 0 0 0 0 0 0 0 0
1602 21 0 0 7 1 0 0 0 0
1673 14 0 0 0 0 0 14 0 0
1674 14 0 0 0 0 0 14 0 0
1676 14 0 0 0 0 0 14 0 0
1677 56 0 0 28 0 0 0 0 0
1678 9 1 1 0 0 0 9 0 0
1679 42 0 0 14 0 0 14 0 0
fn=void std::__1::__tree_balance_after_insert[abi:ne210105]<std::__1::__tree_node_base<void*>*>(std::__1::__tree_node_base<void*>*, std::__1::__tree_node_base<void*>*)
0 8 1 1 0 0 0 0 0 0
105 38 1 1 28 0 0 0 0 0
235 2 0 0 2 0 0 0 0 0
236 4 0 0 2 0 0 2 0 0
237 4 0 0 0 0 0 0 0 0
239 3 0 0 1 0 0 2 0 0
240 1 1 1 0 0 0 0 0 0
241 2 0 0 0 0 0 2 0 0
244 2 0 0 0 0 0 2 0 0
254 1 0 0 1 0 0 0 0 0
255 8 0 0 4 0 0 4 0 0
256 8 0 0 0 0 0 0 0 0
258 8 0 0 4 0 0 4 0 0
259 4 0 0 0 0 0 0 0 0
260 4 0 0 0 0 0 4 0 0
263 4 1 1 0 0 0 4 0 0
278 28 1 1 0 0 0 14 0 0
279 48 1 1 13 0 0 0 0 0
281 9 0 0 0 0 0 0 0 0
282 6 0 0 6 0 0 0 0 0
283 16 0 0 2 0 0 0 0 0
285 2 0 0 0 0 0 2 0 0
287 4 0 0 0 0 0 2 0 0
288 4 0 0 0 0 0 2 0 0
290 7 0 0 0 0 0 0 0 0
295 4 1 1 0 0 0 4 0 0
297 4 0 0 0 0 0 4 0 0
303 10 0 0 2 0 0 0 0 0
305 2 0 0 0 0 0 2 0 0
307 4 0 0 0 0 0 2 0 0
308 4 0 0 0 0 0 2 0 0
310 2 0 0 0 0 0 0 0 0
315 1 0 0 0 0 0 1 0 0
317 1 0 0 0 0 0 1 0 0
323 14 0 0 14 0 0 0 0 0
569 14 0 0 14 0 0 0 0 0
571 6 0 0 0 0 0 6 0 0
fn=void std::__1::__tree_remove[abi:ne210105]<std::__1::__tree_node_base<void*>*>(std::__1::__tree_node_base<void*>*, std::__1::__tree_node_base<void*>*)
0 41 1 1 7 0 0 7 0 0
105 88 1 1 45 2 2 0 0 0
163 3 0 0 1 0 0 0 0 0
235 2 0 0 2 0 0 0 0 0
236 4 0 0 2 0 0 2 0 0
237 4 0 0 0 0 0 0 0 0
239 4 0 0 2 0 0 2 0 0
240 2 0 0 0 0 0 0 0 0
241 2 0 0 0 0 0 2 0 0
244 2 0 0 0 0 0 2 0 0
254 1 0 0 1 0 0 0 0 0
255 6 0 0 3 0 0 3 0 0
256 6 0 0 0 0 0 0 0 0
258 6 0 0 3 0 0 3 0 0
259 3 0 0 0 0 0 0 0 0
260 1 0 0 0 0 0 1 0 0
262 4 0 0 0 0 0 2 0 0
263 3 0 0 0 0 0 3 0 0
339 60 1 1 15 0 0 0 0 0
341 14 0 0 14 0 0 0 0 0
345 28 1 1 0 0 0 0 0 0
346 9 0 0 3 0 0 3 0 0
347 14 0 0 0 0 0 0 0 0
348 12 0 0 0 0 0 12 0 0
349 24 0 0 0 0 0 0 0 0
350 8 0 0 8 0 0 0 0 0
354 2 0 0 0 0 0 2 0 0
358 14 0 0 14 0 0 0 0 0
361 36 0 0 0 0 0 0 0 0
363 2 1 1 1 0 0 1 0 0
364 1 0 0 0 0 0 0 0 0
365 1 0 0 0 0 0 1 0 0
368 2 0 0 1 0 0 1 0 0
370 2 0 0 1 0 0 1 0 0
371 2 0 0 0 0 0 0 0 0
373 2 0 0 1 0 0 1 0 0
374 2 0 0 0 0 0 0 0 0
379 38 0 0 0 0 0 0 0 0
392 20 0 0 0 0 0 0 0 0
393 3 0 0 0 0 0 3 0 0
401 7 0 0 0 0 0 0 0 0
403 12 0 0 0 0 0 0 0 0
415 22 1 1 8 1 0 0 0 0
416 12 0 0 4 0 0 0 0 0
417 4 0 0 0 0 0 4 0 0
420 11 0 0 1 0 0 0 0 0
429 6 1 1 2 0 0 0 0 0
431 2 0 0 0 0 0 2 0 0
432 2 0 0 0 0 0 2 0 0
439 4 0 0 2 0 0 2 0 0
440 2 0 0 0 0 0 2 0 0
441 2 0 0 0 0 0 2 0 0
446 2 1 1 0 0 0 0 0 0
458 5 2 2 2 0 0 0 0 0
472 1 0 0 0 0 0 0 0 0
482 2 0 0 1 0 0 1 0 0
483 1 0 0 0 0 0 1 0 0
484 1 0 0 0 0 0 1 0 0
492 14 0 0 14 0 0 0 0 0
569 7 1 1 7 0 0 0 0 0
571 4 3 3 0 0 0 4 0 0
fl=/usr/include/c++/v1/__utility/pair.h
fn=_ZN5boost9unordered6detail3foa10table_coreINS2_14flat_map_typesImN3lob3v125BookTINS5_12ChecksumSinkELj16EE3LocEEENS2_7group15INS2_14plain_integralEEENS2_12table_arraysENS2_18plain_size_controlENS_4hashImEENSt3__18equal_toImEENSJ_9allocatorINSJ_4pairIKmSA_EEEEE22for_all_elements_whileIZNSR_22for_all_elements_whileIZNSR_16for_all_elementsIZNSR_16unchecked_rehashERNSF_ISP_SE_NS2_16pow2_size_policyESQ_EEEUlPSP_E_EEDTcmclfL1p0_LDnEEcvv_EERKSW_T_EUlSY_E_EES10_S12_S13_EUlPSE_jSY_E_EEDTcmclfp0_LDnELi0ELDnEEcvv_EES12_S13_
196 118584 0 0 59292 5346 8 59292 11867 4428
fn=boost::unordered::detail::foa::table_locator<boost::unordered::detail::foa::group15<boost::unordered::detail::foa::plain_integral>, std::__1::pair<unsigned long const, lob::v12::BookT<lob::ChecksumSink, 16u>::Loc> > boost::unordered::detail::foa::table_core<boost::unordered::detail::foa::flat_map_types<unsigned long, lob::v12::BookT<lob::ChecksumSink, 16u>::Loc>, boost::unordered::detail::foa::group15<boost::unordered::detail::foa::plain_integral>, boost::unordered::detail::foa::table_arrays, boost::unordered::detail::foa::plain_size_control, boost::hash<unsigned long>, std::__1::equal_to<unsigned long>, std::__1::allocator<std::__1::pair<unsigned long const, lob::v12::BookT<lob::ChecksumSink, 16u>::Loc> > >::unchecked_emplace_with_rehash<boost::unordered::detail::foa::try_emplace_args_t, unsigned long const&>(unsigned long, boost::unordered::detail::foa::try_emplace_args_t&&, unsigned long const&)
445 128 0 0 64 0 0 64 24 13
446 64 0 0 0 0 0 64 7 3
fn=lob::v12::BookT<lob::ChecksumSink, 16u>::off_grid_level(lob::Side, long)
445 14 0 0 0 0 0 14 0 0
fn=void lob::replay<lob::v12::BookT<lob::ChecksumSink, 16u> >(lob::v12::BookT<lob::ChecksumSink, 16u>&, std::__1::span<lob::Op const, 18446744073709551615ul>)
445 1109082 0 0 0 0 0 1109082 313667 986
446 2218164 0 0 0 0 0 1109082 109100 1863
fl=/usr/include/c++/v1/__utility/swap.h
fn=void lob::replay<lob::v12::BookT<lob::ChecksumSink, 16u> >(lob::v12::BookT<lob::ChecksumSink, 16u>&, std::__1::span<lob::Op const, 18446744073709551615ul>)
0 12 0 0 12 1 0 0 0 0
44 36 0 0 0 0 0 36 1 0
fl=/usr/include/c++/v1/__vector/vector.h
fn=auto lob::for_each_type<std::__1::tuple<lob::v0::Book<lob::ChecksumSink>, lob::v1::Book<lob::ChecksumSink>, lob::v2::Book<lob::ChecksumSink>, lob::v3::BookT<lob::ChecksumSink, 16u>, lob::v4::BookT<lob::ChecksumSink, 16u>, lob::v5::BookT<lob::ChecksumSink, 16u>, lob::v7::BookT<lob::ChecksumSink, 16u>, lob::v8::BookT<lob::ChecksumSink, 16u>, lob::v9::BookT<lob::ChecksumSink, 16u>, lob::v10::BookT<lob::ChecksumSink, 16u>, lob::v11::BookT<lob::ChecksumSink, 16u>, lob::v12::BookT<lob::ChecksumSink, 16u>, lob::v13::BookT<lob::ChecksumSink, 16u>, lob::v14::BookT<lob::ChecksumSink, 16u>, lob::v15::BookT<lob::ChecksumSink, 16u>, lob::v16::BookT<lob::ChecksumSink, 16u> >, (anonymous namespace)::with_version<(anonymous namespace)::cmd_replay((anonymous namespace)::Args const&)::$_0>(std::__1::basic_string_view<char, std::__1::char_traits<char> >, (anonymous namespace)::cmd_replay((anonymous namespace)::Args const&)::$_0&&)::{lambda<typename $T0>()#1}>((anonymous namespace)::with_version<(anonymous namespace)::cmd_replay((anonymous namespace)::Args const&)::$_0>(std::__1::basic_string_view<char, std::__1::char_traits<char> >, (anonymous namespace)::cmd_replay((anonymous namespace)::Args const&)::$_0&&)::{lambda<typename $T0>()#1}&&)::{lambda<unsigned long... $N0>(std::__1::integer_sequence<unsigned long, ($N0)...>)#1}::operator()<0ul, 1ul, 2ul, 3ul, 4ul, 5ul, 6ul, 7ul, 8ul, 9ul, 10ul, 11ul, 12ul, 13ul, 14ul, 15ul>(std::__1::integer_sequence<unsigned long, 0ul, 1ul, 2ul, 3ul, 4ul, 5ul, 6ul, 7ul, 8ul, 9ul, 10ul, 11ul, 12ul, 13ul, 14ul, 15ul>) const
388 5 1 1 1 0 0 0 0 0
449 1 0 0 1 1 1 0 0 0
fn=auto lob::v12::BookT<lob::ChecksumSink, 16u>::unlink_off_grid(lob::v12::BookT<lob::ChecksumSink, 16u>::Loc const&)::{lambda(auto:1&)#1}::operator()<std::__1::map<long, lob::v12::BookT<lob::ChecksumSink, 16u>::Level, std::__1::greater<void>, std::__1::allocator<std::__1::pair<long const, lob::v12::BookT<lob::ChecksumSink, 16u>::Level> > > >(std::__1::map<long, lob::v12::BookT<lob::ChecksumSink, 16u>::Level, std::__1::greater<void>, std::__1::allocator<std::__1::pair<long const, lob::v12::BookT<lob::ChecksumSink, 16u>::Level> > >&) const
407 21 0 0 7 0 0 0 0 0
fn=auto lob::v12::BookT<lob::ChecksumSink, 16u>::unlink_off_grid(lob::v12::BookT<lob::ChecksumSink, 16u>::Loc const&)::{lambda(auto:1&)#1}::operator()<std::__1::map<long, lob::v12::BookT<lob::ChecksumSink, 16u>::Level, std::__1::less<void>, std::__1::allocator<std::__1::pair<long const, lob::v12::BookT<lob::ChecksumSink, 16u>::Level> > > >(std::__1::map<long, lob::v12::BookT<lob::ChecksumSink, 16u>::Level, std::__1::less<void>, std::__1::allocator<std::__1::pair<long const, lob::v12::BookT<lob::ChecksumSink, 16u>::Level> > >&) const
407 30 1 1 10 0 0 0 0 0
fn=lob::v12::BookT<lob::ChecksumSink, 16u>::modify(unsigned long, long, unsigned int)
407 62332 0 0 31166 0 0 0 0 0
fn=void lob::replay<lob::v12::BookT<lob::ChecksumSink, 16u> >(lob::v12::BookT<lob::ChecksumSink, 16u>&, std::__1::span<lob::Op const, 18446744073709551615ul>)
0 12 1 1 0 0 0 0 0 0
388 13643 2 2 1949 0 0 0 0 0
391 72 0 0 0 0 0 12 3 0
407 6654859 1 1 2220241 0 0 0 0 0
475 1937 0 0 0 0 0 0 0 0
902 24 0 0 0 0 0 0 0 0
905 72 1 1 0 0 0 0 0 0
1128 12 0 0 0 0 0 0 0 0
1131 12 1 1 0 0 0 0 0 0
1146 7796 0 0 1949 0 0 1949 0 0
1149 1937 0 0 0 0 0 0 0 0
1152 1949 0 0 0 0 0 1949 0 0
fl=/usr/include/c++/v1/map
fn=auto lob::v12::BookT<lob::ChecksumSink, 16u>::unlink_off_grid(lob::v12::BookT<lob::ChecksumSink, 16u>::Loc const&)::{lambda(auto:1&)#1}::operator()<std::__1::map<long, lob::v12::BookT<lob::ChecksumSink, 16u>::Level, std::__1::greater<void>, std::__1::allocator<std::__1::pair<long const, lob::v12::BookT<lob::ChecksumSink, 16u>::Level> > > >(std::__1::map<long, lob::v12::BookT<lob::ChecksumSink, 16u>::Level, std::__1::greater<void>, std::__1::allocator<std::__1::pair<long const, lob::v12::BookT<lob::ChecksumSink, 16u>::Level> > >&) const
1031 12 0 0 8 0 0 0 0 0
fn=auto lob::v12::BookT<lob::ChecksumSink, 16u>::unlink_off_grid(lob::v12::BookT<lob::ChecksumSink, 16u>::Loc const&)::{lambda(auto:1&)#1}::operator()<std::__1::map<long, lob::v12::BookT<lob::ChecksumSink, 16u>::Level, std::__1::less<void>, std::__1::allocator<std::__1::pair<long const, lob::v12::BookT<lob::ChecksumSink, 16u>::Level> > > >(std::__1::map<long, lob::v12::BookT<lob::ChecksumSink, 16u>::Level, std::__1::less<void>, std::__1::allocator<std::__1::pair<long const, lob::v12::BookT<lob::ChecksumSink, 16u>::Level> > >&) const
1031 30 0 0 20 0 0 0 0 0
fn=lob::v12::BookT<lob::ChecksumSink, 16u>::off_grid_level(lob::Side, long)
1031 51 0 0 34 0 0 0 0 0
fl=???
fn=???
0 786 5 5 520 153 15 0 0 0
fn=operator delete(void*)
0 440 0 0 88 0 0 88 0 0
fn=operator delete(void*, unsigned long)
0 440 1 1 88 0 0 88 0 0
fn=operator new(unsigned long)
0 1530 2 2 270 0 0 360 0 0
summary: 364139684 242 237 103592745 1059326 846451 37088757 526844 9392
