==51111== Cachegrind, a high-precision tracing profiler
==51111== Copyright (C) 2002-2017, and GNU GPL'd, by Nicholas Nethercote et al.
==51111== Using Valgrind-3.22.0 and LibVEX; rerun with -h for copyright info
==51111== Command: /home/wang/sources/cxx/book/build/profile/book replay --workload data/itch12302019_AAPL.ops --version v4
==51111== 
==51111== 
==51111== I refs:        340,977,453
==51111== I1  misses:            265
==51111== LLi misses:            265
==51111== I1  miss rate:        0.00%
==51111== LLi miss rate:        0.00%
==51111== 
==51111== D refs:        135,090,030  (92,716,777 rd   + 42,373,253 wr)
==51111== D1  misses:      3,057,909  ( 1,839,510 rd   +  1,218,399 wr)
==51111== LLd misses:        770,802  (   638,521 rd   +    132,281 wr)
==51111== D1  miss rate:         2.3% (       2.0%     +        2.9%  )
==51111== LLd miss rate:         0.6% (       0.7%     +        0.3%  )
==51111== 
==51111== LL refs:         3,058,174  ( 1,839,775 rd   +  1,218,399 wr)
==51111== LL misses:         771,067  (   638,786 rd   +    132,281 wr)
==51111== LL miss rate:          0.2% (       0.1%     +        0.3%  )
