desc: I1 cache:         32768 B, 64 B, 8-way associative
desc: D1 cache:         49152 B, 64 B, 12-way associative
desc: LL cache:         6291456 B, 64 B, 12-way associative
cmd: /home/wang/sources/cxx/book/build/profile/book replay --workload data/itch12302019_AAPL.ops --version v0
events: Ir I1mr ILmr Dr D1mr DLmr Dw D1mw DLmw 
fl=./elf/../sysdeps/generic/dl-new-hash.h
fn=_dl_lookup_symbol_x
69 1 0 0 0 0 0 0 0 0
70 2 0 0 0 0 0 0 0 0
74 13 0 0 13 1 1 0 0 0
77 26 0 0 0 0 0 0 0 0
80 13 0 0 13 0 0 0 0 0
81 26 0 0 0 0 0 0 0 0
87 1 1 1 0 0 0 0 0 0
88 1 0 0 0 0 0 0 0 0
89 2 0 0 0 0 0 0 0 0
90 1 0 0 0 0 0 0 0 0
99 12 0 0 0 0 0 0 0 0
101 12 0 0 0 0 0 0 0 0
102 24 0 0 0 0 0 0 0 0
104 12 1 1 0 0 0 0 0 0
105 12 0 0 0 0 0 0 0 0
fl=./elf/../sysdeps/generic/dl-protected.h
fn=do_lookup_x
29 4 0 0 0 0 0 0 0 0
fl=./elf/../sysdeps/generic/ldsodefs.h
fn=do_lookup_x
139 2 0 0 1 0 0 0 0 0
140 3 0 0 0 0 0 0 0 0
fl=./elf/../sysdeps/x86_64/dl-machine.h
fn=_dl_fixup
234 1 0 0 0 0 0 1 0 0
fl=./elf/../sysdeps/x86_64/dl-runtime.h
fn=_dl_fixup
28 1 0 0 0 0 0 0 0 0
fl=./elf/../sysdeps/x86_64/dl-trampoline.h
fn=_dl_runtime_resolve_xsave
71 1 1 1 0 0 0 0 0 0
76 1 0 0 0 0 0 1 0 0
79 1 0 0 0 0 0 0 0 0
81 1 0 0 0 0 0 0 0 0
91 1 0 0 1 1 1 0 0 0
97 1 0 0 0 0 0 1 1 1
98 1 0 0 0 0 0 1 0 0
99 1 1 1 0 0 0 1 0 0
100 1 0 0 0 0 0 1 0 0
101 1 0 0 0 0 0 1 0 0
102 1 0 0 0 0 0 1 0 0
103 1 0 0 0 0 0 1 0 0
107 1 0 0 0 0 0 0 0 0
108 1 0 0 0 0 0 0 0 0
111 1 0 0 0 0 0 1 1 1
112 1 0 0 0 0 0 1 0 0
114 1 0 0 0 0 0 1 0 0
115 1 0 0 0 0 0 1 0 0
116 1 1 1 0 0 0 1 0 0
117 1 0 0 0 0 0 1 0 0
118 1 0 0 0 0 0 1 0 0
119 1 0 0 0 0 0 1 0 0
121 1 0 0 1 0 0 33 6 6
128 1 0 0 1 0 0 0 0 0
129 1 0 0 1 0 0 0 0 0
130 1 0 0 0 0 0 1 1 1
131 1 0 0 0 0 0 0 0 0
136 1 0 0 0 0 0 0 0 0
137 1 0 0 0 0 0 0 0 0
138 1 0 0 36 0 0 0 0 0
140 1 1 1 1 0 0 0 0 0
141 1 0 0 1 0 0 0 0 0
142 1 0 0 1 0 0 0 0 0
143 1 0 0 1 0 0 0 0 0
144 1 0 0 1 0 0 0 0 0
145 1 0 0 1 0 0 0 0 0
146 1 0 0 1 0 0 0 0 0
148 1 0 0 0 0 0 0 0 0
150 1 0 0 1 0 0 0 0 0
154 1 0 0 0 0 0 0 0 0
156 1 0 0 0 0 0 0 0 0
fl=./elf/./elf/dl-lookup.c
fn=_dl_lookup_symbol_x
772 13 2 2 0 0 0 9 3 3
774 2 0 0 0 0 0 1 0 0
775 4 0 0 0 0 0 1 0 0
778 1 0 0 1 1 1 0 0 0
782 2 0 0 0 0 0 0 0 0
785 2 1 1 1 0 0 0 0 0
787 2 0 0 2 0 0 0 0 0
791 14 0 0 0 0 0 3 0 0
792 17 2 2 7 0 0 7 1 1
797 5 0 0 2 0 0 0 0 0
816 1 0 0 0 0 0 1 0 0
820 2 0 0 1 0 0 0 0 0
821 7 0 0 1 0 0 0 0 0
828 1 0 0 1 0 0 0 0 0
856 4 1 1 1 0 0 0 0 0
870 3 0 0 1 1 1 0 0 0
873 2 0 0 1 0 0 0 0 0
890 4 0 0 1 0 0 0 0 0
892 9 1 1 7 0 0 0 0 0
fn=check_match
70 15 1 1 2 1 1 6 1 1
73 8 1 1 2 0 0 0 0 0
86 5 0 0 0 0 0 0 0 0
89 8 1 1 2 0 0 1 0 0
93 1 0 0 1 1 1 0 0 0
94 2 0 0 0 0 0 0 0 0
144 2 1 1 0 0 0 0 0 0
146 6 0 0 2 1 1 0 0 0
147 4 1 1 0 0 0 0 0 0
161 1 0 0 0 0 0 0 0 0
162 8 0 0 7 0 0 0 0 0
fn=do_lookup_x
347 14 2 2 2 0 0 10 2 2
348 1 0 0 1 1 1 0 0 0
353 1 0 0 0 0 0 0 0 0
354 1 0 0 1 0 0 0 0 0
358 6 1 1 6 5 5 0 0 0
361 6 0 0 0 0 0 0 0 0
365 8 0 0 1 0 0 0 0 0
386 6 1 1 3 2 2 0 0 0
390 6 0 0 3 1 1 0 0 0
396 9 0 0 3 2 2 0 0 0
400 3 0 0 0 0 0 3 0 0
401 3 0 0 0 0 0 3 0 0
404 15 0 0 9 4 4 0 0 0
405 9 1 1 6 1 1 0 0 0
408 3 0 0 3 0 0 0 0 0
409 6 0 0 0 0 0 0 0 0
411 3 0 0 3 3 3 0 0 0
412 3 0 0 0 0 0 1 0 0
413 6 0 0 6 0 0 0 0 0
415 7 1 1 1 0 0 2 0 0
416 12 0 0 6 0 0 0 0 0
419 21 0 0 3 0 0 0 0 0
422 2 0 0 2 1 1 0 0 0
423 3 1 1 1 0 0 0 0 0
424 2 0 0 0 0 0 0 0 0
426 2 0 0 1 0 0 0 0 0
429 15 1 1 3 1 1 0 0 0
431 3 0 0 1 0 0 0 0 0
432 25 2 2 7 0 0 13 2 2
433 2 0 0 0 0 0 0 0 0
436 3 0 0 0 0 0 0 0 0
439 6 0 0 0 0 0 0 0 0
461 8 1 1 6 0 0 0 0 0
476 2 1 1 0 0 0 0 0 0
483 8 0 0 1 0 0 0 0 0
499 2 0 0 1 0 0 1 0 0
500 1 0 0 0 0 0 1 0 0
501 1 0 0 0 0 0 0 0 0
518 6 0 0 0 0 0 0 0 0
522 8 0 0 7 0 0 0 0 0
fl=./elf/./elf/dl-runtime.c
fn=_dl_fixup
46 11 2 2 0 0 0 6 0 0
48 5 0 0 4 4 4 0 0 0
49 3 1 1 2 0 0 0 0 0
54 1 0 0 1 1 1 0 0 0
55 4 0 0 1 1 1 0 0 0
56 7 0 0 1 1 1 1 1 1
58 2 0 0 1 0 0 0 0 0
63 2 0 0 0 0 0 0 0 0
67 2 0 0 1 1 1 0 0 0
69 2 0 0 0 0 0 0 0 0
71 3 1 1 1 1 1 0 0 0
75 3 0 0 2 2 2 0 0 0
76 4 0 0 1 0 0 0 0 0
77 3 0 0 1 1 1 0 0 0
84 1 1 1 0 0 0 0 0 0
85 3 0 0 1 0 0 0 0 0
95 11 0 0 2 1 1 3 0 0
99 5 1 1 3 0 0 0 0 0
109 10 0 0 4 0 0 1 0 0
124 4 1 1 1 0 0 0 0 0
133 3 0 0 1 1 1 0 0 0
159 3 0 0 1 1 1 0 0 0
163 8 1 1 7 0 0 0 0 0
fl=./malloc/./malloc/arena.c
fn=free
153 5326671 0 0 0 0 0 0 0 0
fn=malloc
153 174656 0 0 0 0 0 0 0 0
fl=./malloc/./malloc/malloc.c
fn=_int_free
1792 279008 0 0 279008 0 0 0 0 0
1992 837003 1 1 279001 0 0 0 0 0
3163 2993098 1 1 1496549 0 0 1496549 0 0
3165 5986196 0 0 1496549 62 5 1496549 0 0
3166 1496549 0 0 0 0 0 1496549 0 0
3167 2993098 0 0 0 0 0 1496549 0 0
4495 12428899 1 1 0 0 0 7102228 0 0
4499 5326671 1 1 1775557 0 0 0 0 0
4505 7102228 0 0 0 0 0 0 0 0
4506 3551114 0 0 0 0 0 0 0 0
4510 8877785 0 0 0 0 0 0 0 0
4517 3551114 0 0 0 0 0 0 0 0
4518 10653342 1 1 5326671 2 0 0 0 0
4521 1775550 0 0 0 0 0 0 0 0
4527 5326650 0 0 3551100 66 1 0 0 0
4547 8877750 1 1 3551100 3 0 0 0 0
4550 1496549 0 0 0 0 0 0 0 0
4561 558016 0 0 0 0 0 0 0 0
4572 1116004 0 0 279001 27837 1372 0 0 0
4574 837003 0 0 279001 600 0 0 0 0
4593 279001 0 0 0 0 0 0 0 0
4595 279001 0 0 0 0 0 279001 227 0
4596 279001 0 0 0 0 0 0 0 0
4600 837003 0 0 279001 0 0 0 0 0
4602 558002 0 0 279001 495 0 0 0 0
4606 558002 0 0 0 0 0 0 0 0
4608 837003 0 0 0 0 0 279001 0 0
4609 279001 0 0 0 0 0 279001 0 0
4628 1116004 0 0 0 0 0 0 0 0
4637 14 0 0 7 0 0 0 0 0
4640 14 0 0 7 0 0 0 0 0
4643 14 1 1 0 0 0 0 0 0
4646 14 0 0 0 0 0 0 0 0
4658 10653335 1 1 8877778 0 0 0 0 0
fn=_int_free_maybe_consolidate
4770 77 1 1 7 0 0 49 0 0
4776 14 0 0 0 0 0 0 0 0
4778 4 0 0 1 0 0 0 0 0
4781 3 0 0 0 0 0 0 0 0
4784 5 2 2 3 0 0 0 0 0
4798 77 1 1 63 0 0 0 0 0
fn=_int_free_merge_chunk
1992 21 0 0 7 0 0 0 0 0
4665 56 1 1 0 0 0 42 0 0
4666 7 0 0 0 0 0 0 0 0
4670 42 0 0 7 0 0 0 0 0
4673 28 1 1 7 0 0 0 0 0
4675 21 1 1 7 0 0 0 0 0
4678 21 0 0 7 2 0 0 0 0
4681 14 0 0 0 0 0 0 0 0
4682 14 0 0 0 0 0 0 0 0
4683 14 0 0 7 0 0 0 0 0
4689 14 1 1 7 0 0 0 0 0
4701 21 0 0 0 0 0 0 0 0
4702 49 0 0 42 0 0 0 0 0
4714 14 0 0 7 0 0 0 0 0
4720 14 0 0 7 5 0 0 0 0
4724 7 0 0 7 0 0 0 0 0
4732 7 0 0 0 0 0 0 0 0
4733 28 1 1 7 0 0 0 0 0
4734 14 0 0 7 0 0 0 0 0
4736 7 0 0 0 0 0 7 2 0
4738 14 0 0 0 0 0 0 0 0
4740 21 1 1 0 0 0 7 0 0
4743 7 0 0 0 0 0 7 0 0
4744 7 0 0 0 0 0 7 0 0
4746 21 0 0 0 0 0 7 0 0
4747 7 0 0 0 0 0 7 0 0
fn=_int_malloc
1326 174656 0 0 0 0 0 0 0 0
1345 523968 0 0 0 0 0 0 0 0
1794 87328 1 1 87328 0 0 0 0 0
1985 83367 0 0 27789 0 0 0 0 0
2008 100 0 0 25 0 0 0 0 0
2552 162 0 0 54 53 3 54 0 0
2553 25 1 1 0 0 0 25 0 0
2564 54 1 1 27 27 2 0 0 0
2565 6 0 0 4 0 0 0 0 0
2568 8 0 0 2 0 0 0 0 0
2576 12 0 0 2 0 0 4 2 0
2577 4 0 0 0 0 0 0 0 0
2589 100 0 0 25 0 0 25 0 0
2590 50 0 0 0 0 0 25 0 0
2599 300 1 1 75 0 0 0 0 0
2605 75 0 0 50 0 0 0 0 0
2608 75 1 1 0 0 0 0 0 0
2669 75 1 1 25 0 0 25 0 0
2677 50 0 0 25 0 0 0 0 0
2678 75 0 0 25 0 0 25 0 0
2691 75 1 1 25 0 0 0 0 0
2693 25 0 0 25 0 0 0 0 0
2699 125 0 0 25 0 0 25 0 0
2707 50 0 0 0 0 0 0 0 0
2709 100 2 2 0 0 0 50 1 0
2710 75 0 0 25 0 0 0 0 0
2711 25 0 0 0 0 0 0 0 0
2712 25 0 0 0 0 0 0 0 0
2715 50 0 0 0 0 0 0 0 0
2744 175 1 1 75 0 0 0 0 0
2746 50 1 1 0 0 0 25 0 0
2752 200 0 0 25 0 0 0 0 0
2753 150 0 0 25 0 0 25 0 0
2921 75 1 1 50 0 0 0 0 0
2922 25 0 0 0 0 0 25 0 0
2926 25 0 0 25 0 0 0 0 0
2930 125 1 1 50 0 0 0 0 0
2932 25 0 0 0 0 0 0 0 0
2933 25 0 0 0 0 0 0 0 0
2934 25 0 0 0 0 0 25 0 0
2935 175 0 0 0 0 0 25 0 0
2936 50 0 0 0 0 0 25 21 21
2938 25 0 0 0 0 0 0 0 0
3163 383414 1 1 191707 1 1 191707 0 0
3165 411171 0 0 191708 0 0 191709 0 0
3166 191708 0 0 1 0 0 191707 0 0
3167 383414 0 0 0 0 0 191707 0 0
3178 1 0 0 1 0 0 0 0 0
3182 2 0 0 0 0 0 0 0 0
3186 4 1 1 1 0 0 1 0 0
3190 2 0 0 2 0 0 0 0 0
3191 2 0 0 0 0 0 1 0 0
3199 1 0 0 1 0 0 0 0 0
3846 960608 2 2 87328 3125 1 611296 5278 2
3887 174656 0 0 0 0 0 0 0 0
3914 174656 0 0 0 0 0 0 0 0
3916 349264 0 0 0 0 0 0 0 0
3917 27751 0 0 0 0 0 0 0 0
3919 87316 0 0 87316 238 1 0 0 0
3921 174632 0 0 0 0 0 0 0 0
3923 55502 0 0 0 0 0 0 0 0
3926 55502 1 1 27751 0 0 0 0 0
3927 138755 0 0 27751 1772 17 27751 0 0
3930 178695 2 2 0 0 0 0 0 0
3932 55502 0 0 27751 356 0 0 0 0
3933 55502 0 0 0 0 0 0 0 0
3939 55502 0 0 0 0 0 0 0 0
3940 166506 1 1 83253 0 0 0 0 0
3945 274959 0 0 55502 0 0 0 0 0
3946 1015877 1 1 192321 0 0 0 0 0
3948 383412 0 0 0 0 0 0 0 0
3950 383412 0 0 191706 0 0 0 0 0
3951 1150236 0 0 191706 58698 1750 191706 0 0
3977 24 1 1 0 0 0 0 0 0
3979 174650 0 0 0 0 0 0 0 0
3980 119136 1 1 0 0 0 0 0 0
3982 178704 0 0 59568 87 6 0 0 0
4039 149 1 1 0 0 0 0 0 0
4040 27 0 0 9 0 0 0 0 0
4041 18 0 0 0 0 0 6 6 0
4058 178731 1 1 59577 0 0 0 0 0
4059 178731 0 0 0 0 0 59577 0 0
4060 178731 1 1 119154 0 0 0 0 0
4069 7106 0 0 0 0 0 3553 0 0
4070 298101 2 2 59639 86 2 59577 0 0
4072 3575 0 0 3575 4 0 0 0 0
4073 7150 0 0 3575 4 0 0 0 0
4074 3575 0 0 0 0 0 0 0 0
4076 7150 0 0 0 0 0 0 0 0
4077 10725 1 1 3575 5 0 0 0 0
4079 3575 0 0 3575 5 0 0 0 0
4080 14300 0 0 0 0 0 0 0 0
4082 14300 0 0 3575 0 0 0 0 0
4084 7150 1 1 3575 0 0 0 0 0
4085 7150 0 0 3575 0 0 0 0 0
4087 7150 0 0 0 0 0 0 0 0
4098 14300 0 0 0 0 0 0 0 0
4099 7106 1 1 3553 0 0 0 0 0
4100 7086 0 0 0 0 0 0 0 0
4101 3543 0 0 0 0 0 0 0 0
4104 3524 0 0 0 0 0 0 0 0
4105 3524 1 1 0 0 0 0 0 0
4106 3524 0 0 0 0 0 3524 0 0
4107 10572 0 0 0 0 0 3524 0 0
4108 10572 1 1 0 0 0 3524 2278 0
4109 7048 0 0 0 0 0 0 0 0
4111 6816 0 0 0 0 0 3408 845 0
4115 28192 0 0 0 0 0 3524 0 0
4117 10572 1 1 0 0 0 3524 3 0
4118 3524 0 0 0 0 0 3524 0 0
4121 3525 0 0 0 0 0 0 0 0
4122 10572 0 0 0 0 0 3524 5 0
4123 3524 0 0 0 0 0 0 0 0
4127 51 0 0 0 0 0 51 0 0
4128 51 0 0 0 0 0 51 0 0
4132 102 0 0 0 0 0 0 0 0
4134 2 0 0 0 0 0 1 0 0
4135 3 0 0 0 0 0 0 0 0
4140 2 0 0 0 0 0 0 0 0
4141 6 0 0 4 0 0 0 0 0
4161 101 2 2 0 0 0 0 0 0
4163 86 0 0 0 0 0 43 0 0
4164 172 0 0 0 0 0 0 0 0
4165 43 0 0 43 0 0 0 0 0
4169 115 4 4 0 0 0 7 0 0
4170 21 1 1 0 0 0 0 0 0
4171 7 0 0 7 7 0 0 0 0
4174 14 0 0 0 0 0 0 0 0
4218 28 0 0 0 0 0 7 0 0
4221 350 2 2 100 9 0 0 0 0
4222 50 0 0 0 0 0 50 0 0
4223 50 0 0 0 0 0 50 0 0
4224 50 0 0 0 0 0 50 3 1
4225 50 0 0 0 0 0 50 0 0
4230 100 0 0 100 0 0 0 0 0
4231 100 0 0 0 0 0 0 0 0
4240 200 1 1 100 0 0 0 0 0
4246 56 0 0 0 0 0 0 0 0
4248 1 0 0 0 0 0 0 0 0
4257 168165 1 1 0 0 0 0 0 0
4259 36 0 0 0 0 0 0 0 0
4262 27 0 0 9 9 8 0 0 0
4263 56055 1 1 0 0 0 0 0 0
4313 18 1 1 0 0 0 0 0 0
4330 56064 0 0 0 0 0 0 0 0
4331 112128 0 0 0 0 0 0 0 0
4332 112128 0 0 0 0 0 0 0 0
4333 112128 0 0 56064 90 2 0 0 0
4334 336357 0 0 0 0 0 0 0 0
4339 224296 1 1 0 0 0 0 0 0
4343 616296 2 2 0 0 0 0 0 0
4346 672284 1 1 168071 0 0 0 0 0
4348 56 0 0 0 0 0 0 0 0
4349 28 0 0 0 0 0 0 0 0
4353 548 0 0 0 0 0 0 0 0
4355 220 0 0 0 0 0 0 0 0
4357 440 0 0 0 0 0 0 0 0
4361 54 0 0 54 5 0 0 0 0
4364 108 0 0 0 0 0 0 0 0
4366 80 0 0 0 0 0 16 0 0
4367 16 0 0 0 0 0 0 0 0
4368 16 0 0 0 0 0 0 0 0
4373 152 0 0 38 3 0 0 0 0
4376 76 0 0 0 0 0 0 0 0
4378 114 1 1 0 0 0 38 0 0
4381 114 0 0 0 0 0 76 5 0
4384 152 0 0 76 0 0 0 0 0
4386 19 0 0 19 0 0 0 0 0
4387 57 1 1 0 0 0 0 0 0
4394 19 0 0 0 0 0 0 0 0
4399 76 0 0 19 0 0 0 0 0
4400 38 1 1 19 0 0 0 0 0
4403 19 0 0 0 0 0 19 4 0
4404 19 0 0 0 0 0 19 0 0
4405 19 0 0 0 0 0 19 0 0
4408 38 0 0 0 0 0 0 0 0
4409 19 0 0 0 0 0 19 0 0
4410 38 0 0 0 0 0 0 0 0
4412 14 0 0 0 0 0 7 1 0
4415 152 1 1 0 0 0 19 0 0
4417 57 0 0 0 0 0 19 0 0
4418 19 0 0 0 0 0 19 0 0
4421 38 0 0 0 0 0 0 0 0
4443 56026 1 1 56026 0 0 0 0 0
4444 112052 0 0 56026 52 1 0 0 0
4446 112052 0 0 56026 14 1 0 0 0
4449 168078 0 0 0 0 0 0 0 0
4451 55987 0 0 0 0 0 0 0 0
4452 111974 1 1 0 0 0 0 0 0
4453 55987 0 0 0 0 0 55987 0 0
4454 447896 1 1 0 0 0 55987 0 0
4456 111974 0 0 0 0 0 55987 49703 49703
4459 111974 0 0 0 0 0 0 0 0
4460 168042 0 0 0 0 0 56014 74 3
4461 56014 0 0 0 0 0 0 0 0
4466 156 0 0 39 0 0 39 0 0
4468 24 1 1 0 0 0 12 0 0
4470 36 0 0 12 0 0 0 0 0
4471 24 0 0 0 0 0 0 0 0
4482 29 0 0 0 0 0 0 0 0
4487 1047936 2 2 785952 0 0 0 0 0
fn=alloc_perturb
1985 178614 1 1 59538 0 0 0 0 0
1987 59538 0 0 59538 0 0 0 0 0
fn=free
3359 12428906 2 2 0 0 0 7102232 0 0
3363 3551116 0 0 0 0 0 0 0 0
3371 3551116 0 0 3551116 136 4 0 0 0
3373 1775558 0 0 0 0 0 0 0 0
3375 5326674 0 0 1775558 83318 171 0 0 0
3379 3 1 1 1 0 0 0 0 0
3381 4 0 0 1 0 0 0 0 0
3383 2 0 0 0 0 0 1 0 0
3384 2 0 0 0 0 0 1 0 0
3385 1 0 0 0 0 0 0 0 0
3388 2 0 0 0 0 0 1 0 0
3392 5326671 0 0 3551114 4 0 0 0 0
3398 5326671 1 1 0 0 0 1775557 0 0
3401 1775558 0 0 0 0 0 1775558 0 0
3402 10653348 1 1 8877790 0 0 0 0 0
fn=malloc
1326 3551118 0 0 0 0 0 0 0 0
1345 8877795 1 1 0 0 0 0 0 0
3178 3376462 0 0 1688231 14 2 0 0 0
3182 3376462 0 0 0 0 0 0 0 0
3186 6752924 0 0 1688231 14652 2 1688231 0 0
3190 3376462 0 0 0 0 0 1688231 0 0
3191 1688231 0 0 0 0 0 1688231 0 0
3294 14204472 1 1 0 0 0 7102236 0 0
3301 3551118 0 0 1775559 8 2 0 0 0
3311 3551118 0 0 0 0 0 0 0 0
3313 7102236 0 0 3551118 10 4 0 0 0
3316 3551118 0 0 1775559 5 2 0 0 0
3318 5326650 1 1 1775550 6 3 0 0 0
3326 174656 1 1 87328 460 1 0 0 0
3328 349312 1 1 0 0 0 87328 2 1
3329 436640 1 1 87328 0 0 0 0 0
3354 10653354 1 1 8877795 0 0 0 0 0
fn=malloc_consolidate
4811 162 2 2 0 0 0 108 12 0
4826 18 0 0 0 0 0 18 0 0
4828 36 0 0 0 0 0 18 0 0
4839 18 0 0 0 0 0 0 0 0
4841 360 0 0 360 0 0 0 0 0
4842 360 0 0 0 0 0 0 0 0
4845 50 1 1 0 0 0 0 0 0
4849 75 0 0 25 18 0 0 0 0
4850 100 0 0 0 0 0 0 0 0
4855 125 1 1 25 7 0 0 0 0
4858 50 0 0 0 0 0 0 0 0
4859 25 0 0 0 0 0 0 0 0
4860 75 0 0 25 19 0 0 0 0
4862 50 0 0 0 0 0 0 0 0
4871 50 1 1 25 0 0 0 0 0
4874 50 1 1 25 15 0 0 0 0
4878 50 0 0 0 0 0 25 0 0
4880 25 0 0 25 0 0 0 0 0
4881 50 0 0 0 0 0 25 0 0
4882 50 0 0 25 0 0 25 0 0
4884 50 0 0 0 0 0 0 0 0
4889 75 0 0 0 0 0 25 0 0
4891 25 0 0 0 0 0 25 0 0
4892 25 0 0 0 0 0 25 0 0
4901 72 0 0 0 0 0 0 0 0
4904 540 0 0 180 0 0 0 0 0
4905 144 0 0 126 0 0 0 0 0
fn=munmap_chunk
3024 2 1 1 0 0 0 1 0 0
3025 2 0 0 2 0 0 0 0 0
3026 3 0 0 1 0 0 0 0 0
3028 2 0 0 0 0 0 0 0 0
3030 1 0 0 0 0 0 0 0 0
3031 3 0 0 1 0 0 0 0 0
3032 1 0 0 0 0 0 0 0 0
3038 4 0 0 0 0 0 0 0 0
3039 5 1 1 0 0 0 0 0 0
3042 1 0 0 2 0 0 0 0 0
3043 3 0 0 2 0 0 0 0 0
3048 2 0 0 0 0 0 0 0 0
3049 1 0 0 1 0 0 0 0 0
fn=sysmalloc_mmap.isra.0
2008 8 0 0 2 0 0 0 0 0
2400 12 1 1 0 0 0 8 0 0
2413 6 0 0 0 0 0 0 0 0
2418 4 0 0 0 0 0 0 0 0
2421 20 1 1 0 0 0 2 2 1
2424 4 1 1 0 0 0 0 0 0
2428 4 0 0 0 0 0 0 0 0
2432 8 0 0 0 0 0 2 0 0
2448 6 0 0 0 0 0 0 0 0
2466 2 0 0 0 0 0 2 2 2
2467 6 1 1 0 0 0 2 0 0
2471 6 0 0 4 0 0 0 0 0
2472 10 0 0 4 0 0 0 0 0
2475 6 1 1 4 0 0 0 0 0
2476 10 0 0 4 0 0 0 0 0
2481 14 0 0 10 0 0 0 0 0
fn=unlink_chunk.isra.0
1608 76 1 1 0 0 0 38 0 0
1610 190 0 0 76 4 0 0 0 0
1613 76 0 0 76 0 0 0 0 0
1614 76 0 0 38 0 0 0 0 0
1616 152 1 1 76 6 0 0 0 0
1619 38 0 0 0 0 0 38 0 0
1620 38 0 0 0 0 0 38 0 0
1621 97 0 0 7 0 0 0 0 0
1623 14 0 0 7 0 0 0 0 0
1624 21 0 0 14 0 0 0 0 0
1627 14 0 0 7 2 1 0 0 0
1641 7 0 0 0 0 0 7 0 0
1642 7 1 1 0 0 0 7 0 0
1645 76 0 0 76 0 0 0 0 0
fl=./malloc/./malloc/morecore.c
fn=__glibc_morecore
25 75 1 1 0 0 0 25 0 0
26 50 0 0 25 0 0 0 0 0
29 25 0 0 0 0 0 25 0 0
30 50 0 0 0 0 0 0 0 0
34 50 0 0 50 0 0 0 0 0
fl=./misc/../sysdeps/unix/syscall-template.S
fn=munmap
117 5 2 2 0 0 0 0 0 0
122 1 0 0 1 0 0 0 0 0
fl=./misc/../sysdeps/unix/sysv/linux/brk.c
fn=brk
36 25 1 1 0 0 0 0 0 0
37 50 0 0 25 0 0 25 0 0
38 50 0 0 0 0 0 0 0 0
44 25 0 0 0 0 0 0 0 0
45 25 0 0 25 0 0 0 0 0
fl=./misc/../sysdeps/unix/sysv/linux/brk_call.h
fn=brk
24 50 0 0 0 0 0 0 0 0
fl=./misc/../sysdeps/unix/sysv/linux/mmap64.c
fn=mmap
47 14 1 1 0 0 0 6 0 0
50 4 0 0 0 0 0 0 0 0
53 14 1 1 0 0 0 0 0 0
58 12 1 1 0 0 0 0 0 0
60 8 0 0 8 0 0 0 0 0
fl=./misc/../sysdeps/unix/sysv/linux/setvmaname.c
fn=__set_vma_name
33 14 2 2 0 0 0 8 0 0
35 10 0 0 4 2 2 2 0 0
49 18 0 0 14 0 0 0 0 0
fl=./misc/./misc/sbrk.c
fn=sbrk
37 200 1 1 0 0 0 100 8 1
40 50 0 0 50 50 4 0 0 0
43 50 1 1 25 25 2 0 0 0
58 50 0 0 0 0 0 0 0 0
62 50 0 0 0 0 0 0 0 0
66 100 1 1 0 0 0 0 0 0
74 75 1 1 0 0 0 25 0 0
78 175 0 0 125 0 0 0 0 0
fl=./string/../sysdeps/x86_64/multiarch/../multiarch/strcmp-sse2.S
fn=strcmp
98 1 1 1 0 0 0 0 0 0
131 1 0 0 0 0 0 0 0 0
132 1 0 0 0 0 0 0 0 0
134 1 0 0 0 0 0 0 0 0
135 1 0 0 0 0 0 0 0 0
156 1 0 0 0 0 0 0 0 0
157 1 0 0 0 0 0 0 0 0
158 1 0 0 0 0 0 0 0 0
159 1 0 0 0 0 0 0 0 0
160 1 0 0 1 1 1 0 0 0
161 1 1 1 1 0 0 0 0 0
162 1 0 0 1 0 0 0 0 0
163 1 0 0 1 0 0 0 0 0
180 1 0 0 0 0 0 0 0 0
181 1 0 0 0 0 0 0 0 0
182 1 0 0 0 0 0 0 0 0
183 1 0 0 0 0 0 0 0 0
184 1 0 0 0 0 0 0 0 0
185 1 0 0 0 0 0 0 0 0
186 1 0 0 0 0 0 0 0 0
191 1 0 0 0 0 0 0 0 0
192 3 0 0 0 0 0 0 0 0
201 1 1 1 0 0 0 0 0 0
202 1 0 0 0 0 0 0 0 0
203 1 0 0 0 0 0 0 0 0
204 1 0 0 0 0 0 0 0 0
205 1 0 0 0 0 0 0 0 0
206 1 0 0 0 0 0 0 0 0
207 1 0 0 0 0 0 0 0 0
208 1 0 0 0 0 0 0 0 0
209 1 0 0 0 0 0 0 0 0
210 1 0 0 0 0 0 0 0 0
211 1 0 0 0 0 0 0 0 0
212 1 0 0 0 0 0 0 0 0
214 1 0 0 0 0 0 0 0 0
215 1 0 0 0 0 0 0 0 0
216 1 0 0 0 0 0 0 0 0
217 1 0 0 1 1 1 0 0 0
218 1 0 0 0 0 0 0 0 0
219 1 0 0 0 0 0 0 0 0
1970 1 1 1 0 0 0 0 0 0
1971 1 0 0 1 0 0 0 0 0
1972 1 0 0 1 0 0 0 0 0
1973 1 0 0 0 0 0 0 0 0
1974 1 0 0 0 0 0 0 0 0
1976 1 0 0 0 0 0 0 0 0
1977 1 0 0 0 0 0 0 0 0
1978 1 1 1 0 0 0 0 0 0
1979 1 0 0 0 0 0 0 0 0
1980 1 0 0 0 0 0 0 0 0
1981 1 0 0 0 0 0 0 0 0
1982 1 0 0 0 0 0 0 0 0
1984 1 0 0 1 0 0 0 0 0
1988 1 0 0 0 0 0 0 0 0
1989 1 0 0 0 0 0 0 0 0
1990 1 0 0 0 0 0 0 0 0
1996 1 0 0 0 0 0 0 0 0
1997 1 0 0 0 0 0 0 0 0
1999 2 0 0 0 0 0 0 0 0
2003 1 1 1 0 0 0 0 0 0
2004 1 0 0 0 0 0 0 0 0
2007 1 0 0 1 0 0 0 0 0
2008 1 0 0 1 0 0 0 0 0
2009 1 0 0 0 0 0 0 0 0
2011 1 0 0 0 0 0 0 0 0
2012 1 0 0 0 0 0 0 0 0
2013 1 0 0 0 0 0 0 0 0
2017 1 0 0 0 0 0 0 0 0
2018 1 0 0 0 0 0 0 0 0
2019 1 0 0 0 0 0 0 0 0
2020 1 0 0 0 0 0 0 0 0
2021 1 0 0 0 0 0 0 0 0
2022 1 1 1 0 0 0 0 0 0
2093 1 1 1 0 0 0 0 0 0
2095 1 0 0 0 0 0 0 0 0
2096 1 0 0 0 0 0 0 0 0
2097 1 0 0 0 0 0 0 0 0
2098 1 0 0 0 0 0 0 0 0
2099 2 0 0 0 0 0 0 0 0
2104 1 1 1 0 0 0 0 0 0
2110 1 0 0 1 0 0 0 0 0
2111 1 0 0 1 0 0 0 0 0
2119 1 0 0 0 0 0 0 0 0
2120 1 0 0 1 0 0 0 0 0
fl=./string/../sysdeps/x86_64/multiarch/memset-vec-unaligned-erms.S
fn=__memset_avx2_unaligned_erms
158 15 1 1 0 0 0 0 0 0
159 30 0 0 0 0 0 0 0 0
164 15 0 0 0 0 0 0 0 0
165 15 0 0 0 0 0 0 0 0
166 14 0 0 0 0 0 0 0 0
167 14 0 0 0 0 0 0 0 0
168 14 0 0 0 0 0 0 0 0
170 1 0 0 0 0 0 1 0 0
171 1 0 0 0 0 0 1 0 0
172 2 0 0 1 0 0 0 0 0
181 1 0 0 0 0 0 1 0 0
182 1 0 0 0 0 0 1 0 0
184 2 0 0 1 0 0 0 0 0
237 13 1 1 13 10 2 0 0 0
238 13 0 0 0 0 0 0 0 0
244 5 0 0 0 0 0 5 2 2
245 5 0 0 0 0 0 5 3 3
257 5 0 0 0 0 0 0 0 0
260 5 0 0 0 0 0 0 0 0
261 5 0 0 0 0 0 0 0 0
273 4 0 0 0 0 0 4 1 1
274 4 0 0 0 0 0 4 3 3
287 4 0 0 0 0 0 0 0 0
288 4 0 0 0 0 0 0 0 0
290 4 0 0 0 0 0 0 0 0
293 3 0 0 0 0 0 0 0 0
296 3 0 0 0 0 0 0 0 0
299 18 0 0 0 0 0 18 1 1
300 18 0 0 0 0 0 18 16 16
301 18 0 0 0 0 0 18 2 2
302 18 0 0 0 0 0 18 15 15
303 18 0 0 0 0 0 0 0 0
304 18 0 0 0 0 0 0 0 0
305 21 0 0 0 0 0 0 0 0
308 4 1 1 0 0 0 4 0 0
309 4 0 0 0 0 0 4 0 0
310 4 0 0 0 0 0 4 0 0
311 4 0 0 0 0 0 4 0 0
314 8 0 0 4 0 0 0 0 0
325 8 0 0 0 0 0 0 0 0
326 8 0 0 0 0 0 0 0 0
327 8 0 0 0 0 0 0 0 0
328 819384 0 0 0 0 0 819376 12798 12796
329 8 0 0 0 0 0 0 0 0
330 16 0 0 8 4 1 0 0 0
337 1 1 1 0 0 0 0 0 0
346 1 0 0 0 0 0 0 0 0
347 1 0 0 0 0 0 0 0 0
378 1 1 1 0 0 0 1 0 0
379 1 0 0 0 0 0 1 0 0
380 1 0 0 1 0 0 0 0 0
fl=/home/wang/sources/cxx/book/include/lob/events.hpp
fn=lob::v0::Book<lob::ChecksumSink>::cancel(unsigned long)
0 795712 0 0 0 0 0 0 0 0
92 795712 0 0 795712 0 0 0 0 0
93 4774272 1 1 795712 0 0 0 0 0
fn=lob::v0::Book<lob::ChecksumSink>::modify(unsigned long, long, unsigned int)
92 17723 0 0 17723 0 0 0 0 0
93 141784 0 0 17723 0 0 0 0 0
fn=void lob::v0::Book<lob::ChecksumSink>::rest<std::__1::map<long, lob::v0::Book<lob::ChecksumSink>::Level, std::__1::greater<void>, std::__1::allocator<std::__1::pair<long const, lob::v0::Book<lob::ChecksumSink>::Level> > > >(std::__1::map<long, lob::v0::Book<lob::ChecksumSink>::Level, std::__1::greater<void>, std::__1::allocator<std::__1::pair<long const, lob::v0::Book<lob::ChecksumSink>::Level> > >&, unsigned long, lob::Side, long, unsigned int)
81 400419 1 1 0 0 0 0 0 0
92 400419 0 0 400419 0 0 0 0 0
93 5205447 0 0 800838 4 1 400419 0 0
fn=void lob::v0::Book<lob::ChecksumSink>::rest<std::__1::map<long, lob::v0::Book<lob::ChecksumSink>::Level, std::__1::less<void>, std::__1::allocator<std::__1::pair<long const, lob::v0::Book<lob::ChecksumSink>::Level> > > >(std::__1::map<long, lob::v0::Book<lob::ChecksumSink>::Level, std::__1::less<void>, std::__1::allocator<std::__1::pair<long const, lob::v0::Book<lob::ChecksumSink>::Level> > >&, unsigned long, lob::Side, long, unsigned int)
81 395293 0 0 0 0 0 0 0 0
92 395293 0 0 395293 0 0 0 0 0
93 5138809 1 1 790586 3 1 395293 0 0
fl=/home/wang/sources/cxx/book/include/lob/replay.hpp
fn=(anonymous namespace)::cmd_replay((anonymous namespace)::Args const&)
0 3218295 0 0 1609147 201143 201143 0 0 0
21 8010289 1 1 1609147 300731 300724 0 0 0
23 4774272 1 1 2387136 99418 99418 795712 1 1
26 2387136 0 0 0 0 0 795712 0 0
29 70892 0 0 35446 2146 2146 17723 0 0
37 1609149 0 0 0 0 0 0 0 0
fl=/home/wang/sources/cxx/book/include/lob/v0/book.hpp
fn=auto lob::v0::Book<lob::ChecksumSink>::erase(std::__1::__hash_map_iterator<std::__1::__hash_iterator<std::__1::__hash_node<std::__1::__hash_value_type<unsigned long, lob::v0::Book<lob::ChecksumSink>::Loc>, void*>*> >)::{lambda(auto:1&)#1}::operator()<std::__1::map<long, lob::v0::Book<lob::ChecksumSink>::Level, std::__1::greater<void>, std::__1::allocator<std::__1::pair<long const, lob::v0::Book<lob::ChecksumSink>::Level> > > >(std::__1::map<long, lob::v0::Book<lob::ChecksumSink>::Level, std::__1::greater<void>, std::__1::allocator<std::__1::pair<long const, lob::v0::Book<lob::ChecksumSink>::Level> > >&) const
203 1601676 1 1 0 0 0 1201257 0 0
204 400419 0 0 400419 0 0 0 0 0
206 1601676 0 0 800838 1 0 0 0 0
208 400419 0 0 0 0 0 0 0 0
209 1249536 0 0 1249536 0 0 0 0 0
fn=auto lob::v0::Book<lob::ChecksumSink>::erase(std::__1::__hash_map_iterator<std::__1::__hash_iterator<std::__1::__hash_node<std::__1::__hash_value_type<unsigned long, lob::v0::Book<lob::ChecksumSink>::Loc>, void*>*> >)::{lambda(auto:1&)#1}::operator()<std::__1::map<long, lob::v0::Book<lob::ChecksumSink>::Level, std::__1::less<void>, std::__1::allocator<std::__1::pair<long const, lob::v0::Book<lob::ChecksumSink>::Level> > > >(std::__1::map<long, lob::v0::Book<lob::ChecksumSink>::Level, std::__1::less<void>, std::__1::allocator<std::__1::pair<long const, lob::v0::Book<lob::ChecksumSink>::Level> > >&) const
203 1581172 1 1 0 0 0 1185879 0 0
204 395293 0 0 395293 0 0 0 0 0
206 1581172 0 0 790586 1 0 0 0 0
208 395293 0 0 0 0 0 0 0 0
209 1196832 0 0 1196832 0 0 0 0 0
fn=lob::v0::Book<lob::ChecksumSink>::cancel(unsigned long)
0 3578141 2 2 0 0 0 795712 0 0
48 6365696 1 1 0 0 0 4774272 0 0
51 795712 0 0 795712 58801 2825 0 0 0
53 795712 0 0 795712 0 0 0 0 0
54 6365696 0 0 5569984 0 0 0 0 0
202 795712 0 0 0 0 0 0 0 0
203 795712 0 0 0 0 0 795712 0 0
210 1591424 0 0 795712 0 0 0 0 0
211 1201257 0 0 0 0 0 400419 0 0
213 1185879 0 0 0 0 0 395293 0 0
fn=lob::v0::Book<lob::ChecksumSink>::modify(unsigned long, long, unsigned int)
0 88615 0 0 17723 470 1 17723 0 0
56 141784 0 0 0 0 0 106338 0 0
59 35446 1 1 0 0 0 0 0 0
60 35446 0 0 0 0 0 0 0 0
62 17723 0 0 0 0 0 0 0 0
63 70892 0 0 17723 907 8 0 0 0
64 35446 2 2 17723 126 0 0 0 0
65 17723 0 0 0 0 0 17723 0 0
66 17723 0 0 17723 0 0 0 0 0
74 141784 1 1 124061 0 0 0 0 0
154 35446 0 0 17723 0 0 0 0 0
fn=lob::v0::Book<lob::ChecksumSink>::push(unsigned long, lob::Side, long, unsigned int)
0 3182845 1 1 0 0 0 0 0 0
41 4774272 1 1 0 0 0 3978560 0 0
42 1591424 0 0 0 0 0 0 0 0
43 1591424 0 0 0 0 0 0 0 0
158 1591424 1 1 0 0 0 0 0 0
159 2402514 0 0 0 0 0 400419 0 0
161 2371758 0 0 0 0 0 395293 0 0
162 1591424 0 0 0 0 0 0 0 0
164 4404609 0 0 1601676 0 0 0 0 0
166 4348223 1 1 1581172 0 0 0 0 0
fn=unsigned int lob::v0::Book<lob::ChecksumSink>::match<std::__1::map<long, lob::v0::Book<lob::ChecksumSink>::Level, std::__1::greater<void>, std::__1::allocator<std::__1::pair<long const, lob::v0::Book<lob::ChecksumSink>::Level> > >, lob::v0::Book<lob::ChecksumSink>::add(unsigned long, lob::Side, long, unsigned int)::{lambda(long)#2}>(std::__1::map<long, lob::v0::Book<lob::ChecksumSink>::Level, std::__1::greater<void>, std::__1::allocator<std::__1::pair<long const, lob::v0::Book<lob::ChecksumSink>::Level> > >&, unsigned long, unsigned int, lob::v0::Book<lob::ChecksumSink>::add(unsigned long, lob::Side, long, unsigned int)::{lambda(long)#2})
0 2371758 0 0 0 0 0 395293 0 0
161 395292 0 0 395292 34 0 0 0 0
170 3557637 2 2 0 0 0 3162344 1 1
171 1185879 0 0 0 0 0 0 0 0
173 790584 0 0 0 0 0 0 0 0
189 3557637 1 1 2767051 0 0 0 0 0
fn=unsigned int lob::v0::Book<lob::ChecksumSink>::match<std::__1::map<long, lob::v0::Book<lob::ChecksumSink>::Level, std::__1::less<void>, std::__1::allocator<std::__1::pair<long const, lob::v0::Book<lob::ChecksumSink>::Level> > >, lob::v0::Book<lob::ChecksumSink>::add(unsigned long, lob::Side, long, unsigned int)::{lambda(long)#1}>(std::__1::map<long, lob::v0::Book<lob::ChecksumSink>::Level, std::__1::less<void>, std::__1::allocator<std::__1::pair<long const, lob::v0::Book<lob::ChecksumSink>::Level> > >&, unsigned long, unsigned int, lob::v0::Book<lob::ChecksumSink>::add(unsigned long, lob::Side, long, unsigned int)::{lambda(long)#1})
0 2402514 0 0 0 0 0 400419 0 0
159 400419 0 0 400419 27 0 0 0 0
170 3603771 1 1 0 0 0 3203352 0 0
171 1201257 0 0 0 0 0 0 0 0
173 800838 0 0 0 0 0 0 0 0
189 3603771 0 0 2802933 0 0 0 0 0
fn=void lob::v0::Book<lob::ChecksumSink>::rest<std::__1::map<long, lob::v0::Book<lob::ChecksumSink>::Level, std::__1::greater<void>, std::__1::allocator<std::__1::pair<long const, lob::v0::Book<lob::ChecksumSink>::Level> > > >(std::__1::map<long, lob::v0::Book<lob::ChecksumSink>::Level, std::__1::greater<void>, std::__1::allocator<std::__1::pair<long const, lob::v0::Book<lob::ChecksumSink>::Level> > >&, unsigned long, lob::Side, long, unsigned int)
0 800838 0 0 0 0 0 0 0 0
138 176070 0 0 0 0 0 88035 1252 6
193 5605866 1 1 0 0 0 3603771 0 0
196 400419 0 0 0 0 0 0 0 0
197 2002095 1 1 400419 0 0 1201257 0 0
198 400419 0 0 400419 4 1 0 0 0
199 3203352 0 0 2802933 4 1 0 0 0
fn=void lob::v0::Book<lob::ChecksumSink>::rest<std::__1::map<long, lob::v0::Book<lob::ChecksumSink>::Level, std::__1::less<void>, std::__1::allocator<std::__1::pair<long const, lob::v0::Book<lob::ChecksumSink>::Level> > > >(std::__1::map<long, lob::v0::Book<lob::ChecksumSink>::Level, std::__1::less<void>, std::__1::allocator<std::__1::pair<long const, lob::v0::Book<lob::ChecksumSink>::Level> > >&, unsigned long, lob::Side, long, unsigned int)
0 790586 0 0 0 0 0 0 0 0
138 192170 0 0 0 0 0 96085 1181 10
193 5534102 1 1 0 0 0 3557637 0 0
196 395293 0 0 0 0 0 0 0 0
197 1976465 0 0 395293 0 0 1185879 0 0
198 395293 0 0 395293 2 0 0 0 0
199 3162344 0 0 2767051 2 0 0 0 0
fl=/home/wang/sources/cxx/book/source/main.cxx
fn=(anonymous namespace)::cmd_replay((anonymous namespace)::Args const&)
0 1 0 0 0 0 0 0 0 0
290 2 1 1 1 0 0 1 1 1
292 9 2 2 0 0 0 6 2 2
fl=/usr/include/c++/v1/__functional/operations.h
fn=auto lob::v0::Book<lob::ChecksumSink>::erase(std::__1::__hash_map_iterator<std::__1::__hash_iterator<std::__1::__hash_node<std::__1::__hash_value_type<unsigned long, lob::v0::Book<lob::ChecksumSink>::Loc>, void*>*> >)::{lambda(auto:1&)#1}::operator()<std::__1::map<long, lob::v0::Book<lob::ChecksumSink>::Level, std::__1::greater<void>, std::__1::allocator<std::__1::pair<long const, lob::v0::Book<lob::ChecksumSink>::Level> > > >(std::__1::map<long, lob::v0::Book<lob::ChecksumSink>::Level, std::__1::greater<void>, std::__1::allocator<std::__1::pair<long const, lob::v0::Book<lob::ChecksumSink>::Level> > >&) const
462 16739040 0 0 5846626 86927 1823 0 0 0
fn=auto lob::v0::Book<lob::ChecksumSink>::erase(std::__1::__hash_map_iterator<std::__1::__hash_iterator<std::__1::__hash_node<std::__1::__hash_value_type<unsigned long, lob::v0::Book<lob::ChecksumSink>::Loc>, void*>*> >)::{lambda(auto:1&)#1}::operator()<std::__1::map<long, lob::v0::Book<lob::ChecksumSink>::Level, std::__1::less<void>, std::__1::allocator<std::__1::pair<long const, lob::v0::Book<lob::ChecksumSink>::Level> > > >(std::__1::map<long, lob::v0::Book<lob::ChecksumSink>::Level, std::__1::less<void>, std::__1::allocator<std::__1::pair<long const, lob::v0::Book<lob::ChecksumSink>::Level> > >&) const
375 13014835 0 0 4601807 75957 652 0 0 0
fn=lob::v0::Book<lob::ChecksumSink>::cancel(unsigned long)
300 795712 0 0 795712 64609 4067 0 0 0
fn=lob::v0::Book<lob::ChecksumSink>::modify(unsigned long, long, unsigned int)
300 17723 0 0 17723 1095 17 0 0 0
375 274054 1 1 97098 202 0 0 0 0
462 384319 0 0 134175 186 3 0 0 0
fn=void lob::v0::Book<lob::ChecksumSink>::rest<std::__1::map<long, lob::v0::Book<lob::ChecksumSink>::Level, std::__1::greater<void>, std::__1::allocator<std::__1::pair<long const, lob::v0::Book<lob::ChecksumSink>::Level> > > >(std::__1::map<long, lob::v0::Book<lob::ChecksumSink>::Level, std::__1::greater<void>, std::__1::allocator<std::__1::pair<long const, lob::v0::Book<lob::ChecksumSink>::Level> > >&, unsigned long, lob::Side, long, unsigned int)
462 10651182 0 0 5325591 70385 2001 0 0 0
fn=void lob::v0::Book<lob::ChecksumSink>::rest<std::__1::map<long, lob::v0::Book<lob::ChecksumSink>::Level, std::__1::less<void>, std::__1::allocator<std::__1::pair<long const, lob::v0::Book<lob::ChecksumSink>::Level> > > >(std::__1::map<long, lob::v0::Book<lob::ChecksumSink>::Level, std::__1::less<void>, std::__1::allocator<std::__1::pair<long const, lob::v0::Book<lob::ChecksumSink>::Level> > >&, unsigned long, lob::Side, long, unsigned int)
375 8024250 0 0 4012125 47071 800 0 0 0
fl=/usr/include/c++/v1/__hash_table
fn=lob::v0::Book<lob::ChecksumSink>::cancel(unsigned long)
0 3190501 2 2 803365 192092 69 0 0 0
106 803365 1 1 803365 171044 47 0 0 0
162 12001561 1 1 0 0 0 0 0 0
600 795712 0 0 795712 0 0 0 0 0
1812 3182848 0 0 795712 0 0 0 0 0
1815 795712 0 0 795712 194503 2 0 0 0
1816 1591424 0 0 0 0 0 0 0 0
1817 7653 0 0 0 0 0 0 0 0
1818 3221113 0 0 0 0 0 0 0 0
1820 795712 0 0 0 0 0 0 0 0
1895 2387136 0 0 0 0 0 795712 0 0
fn=lob::v0::Book<lob::ChecksumSink>::modify(unsigned long, long, unsigned int)
0 71057 0 0 17888 3177 0 0 0 0
106 17888 1 1 17888 2648 0 0 0 0
162 267330 2 2 0 0 0 0 0 0
600 17723 0 0 17723 0 0 0 0 0
1812 70892 1 1 17723 0 0 0 0 0
1815 17723 1 1 17723 3334 0 0 0 0
1816 35446 0 0 0 0 0 0 0 0
1817 165 0 0 0 0 0 0 0 0
1818 71717 0 0 0 0 0 0 0 0
1820 17723 0 0 0 0 0 0 0 0
fn=lob::v0::Book<lob::ChecksumSink>::push(unsigned long, lob::Side, long, unsigned int)
0 1098412 1 1 1098408 438220 175 0 0 0
106 1098333 2 2 1098333 1064669 1788 0 0 0
162 21111194 1 1 0 0 0 0 0 0
600 795712 0 0 795712 1 1 0 0 0
1833 3182846 1 1 795711 0 0 0 0 0
1836 795711 0 0 795711 660645 0 0 0 0
1837 1591422 0 0 0 0 0 0 0 0
1838 1542197 0 0 0 0 0 0 0 0
1839 5491815 0 0 0 0 0 0 0 0
fn=std::__1::__hash_table<std::__1::__hash_value_type<unsigned long, lob::v0::Book<lob::ChecksumSink>::Loc>, std::__1::__unordered_map_hasher<unsigned long, std::__1::pair<unsigned long const, lob::v0::Book<lob::ChecksumSink>::Loc>, std::__1::hash<unsigned long>, std::__1::equal_to<unsigned long>, true>, std::__1::__unordered_map_equal<unsigned long, std::__1::pair<unsigned long const, lob::v0::Book<lob::ChecksumSink>::Loc>, std::__1::equal_to<unsigned long>, std::__1::hash<unsigned long>, true>, std::__1::allocator<std::__1::pair<unsigned long const, lob::v0::Book<lob::ChecksumSink>::Loc> > >::remove(std::__1::__hash_const_iterator<std::__1::__hash_node<std::__1::__hash_value_type<unsigned long, lob::v0::Book<lob::ChecksumSink>::Loc>, void*>*>)
0 1599089 1 1 0 0 0 0 0 0
106 3149061 0 0 3149061 192297 46 0 0 0
162 37010994 5 5 0 0 0 0 0 0
600 795712 0 0 795712 0 0 0 0 0
1939 3182848 1 1 0 0 0 2387136 0 0
1945 795712 0 0 795712 0 0 0 0 0
1946 2410095 0 0 803365 0 0 0 0 0
1951 3930263 0 0 0 0 0 0 0 0
1952 4377051 0 0 789294 0 0 0 0 0
1953 358280 0 0 0 0 0 358280 0 0
1956 2387148 0 0 795712 0 0 0 0 0
1958 2023289 0 0 0 0 0 0 0 0
1959 363401 0 0 0 0 0 363401 79788 0
1962 1159113 0 0 363401 0 0 795712 0 0
1963 795712 0 0 0 0 0 795712 0 0
1964 795712 0 0 795712 0 0 0 0 0
1966 3978560 0 0 3182848 0 0 0 0 0
fn=std::__1::pair<std::__1::__hash_iterator<std::__1::__hash_node<std::__1::__hash_value_type<unsigned long, lob::v0::Book<lob::ChecksumSink>::Loc>, void*>*>, bool> std::__1::__hash_table<std::__1::__hash_value_type<unsigned long, lob::v0::Book<lob::ChecksumSink>::Loc>, std::__1::__unordered_map_hasher<unsigned long, std::__1::pair<unsigned long const, lob::v0::Book<lob::ChecksumSink>::Loc>, std::__1::hash<unsigned long>, std::__1::equal_to<unsigned long>, true>, std::__1::__unordered_map_equal<unsigned long, std::__1::pair<unsigned long const, lob::v0::Book<lob::ChecksumSink>::Loc>, std::__1::equal_to<unsigned long>, std::__1::hash<unsigned long>, true>, std::__1::allocator<std::__1::pair<unsigned long const, lob::v0::Book<lob::ChecksumSink>::Loc> > >::__emplace_unique_key_args<unsigned long, unsigned long&, lob::v0::Book<lob::ChecksumSink>::Loc>(unsigned long const&, unsigned long&, lob::v0::Book<lob::ChecksumSink>::Loc&&)
0 7765962 2 2 1894105 0 0 15 0 0
106 1450107 1 1 1450107 134 0 0 0 0
109 795712 0 0 0 0 0 795712 0 0
155 795712 0 0 0 0 0 795712 0 0
159 60 1 1 0 0 0 0 0 0
162 25776586 2 2 0 0 0 0 0 0
600 795741 1 1 795741 4 0 0 0 0
1567 6365696 1 1 0 0 0 5569984 0 0
1573 2387136 0 0 0 0 0 0 0 0
1575 795711 0 0 795711 0 0 0 0 0
1576 2387133 1 1 0 0 0 795711 0 0
1577 1098333 0 0 0 0 0 0 0 0
1578 5491815 0 0 0 0 0 0 0 0
1587 11139966 1 1 1591424 0 0 0 0 0
1588 30 0 0 0 0 0 0 0 0
1589 165 1 1 15 10 2 0 0 0
1594 795712 0 0 795712 4 0 0 0 0
1595 1591433 0 0 0 0 0 0 0 0
1596 351775 1 1 0 0 0 0 0 0
1597 703550 0 0 351775 0 0 351775 4 0
1598 351775 0 0 0 0 0 351775 0 0
1600 351775 0 0 0 0 0 351775 0 0
1601 1055325 0 0 351775 0 0 0 0 0
1602 703548 0 0 0 0 0 351774 185 0
1604 887874 0 0 443937 2 0 443937 2 0
1605 443937 0 0 0 0 0 443937 0 0
1609 1591424 1 1 795712 0 0 0 0 0
1614 7161408 0 0 5569984 7 1 0 0 0
1748 30 0 0 0 0 0 0 0 0
1750 28 0 0 0 0 0 0 0 0
1751 14 0 0 0 0 0 14 0 0
1753 30 0 0 0 0 0 0 0 0
fn=void lob::v0::Book<lob::ChecksumSink>::rest<std::__1::map<long, lob::v0::Book<lob::ChecksumSink>::Level, std::__1::greater<void>, std::__1::allocator<std::__1::pair<long const, lob::v0::Book<lob::ChecksumSink>::Level> > > >(std::__1::map<long, lob::v0::Book<lob::ChecksumSink>::Level, std::__1::greater<void>, std::__1::allocator<std::__1::pair<long const, lob::v0::Book<lob::ChecksumSink>::Level> > >&, unsigned long, lob::Side, long, unsigned int)
829 800838 0 0 0 0 0 400419 0 0
fn=void lob::v0::Book<lob::ChecksumSink>::rest<std::__1::map<long, lob::v0::Book<lob::ChecksumSink>::Level, std::__1::less<void>, std::__1::allocator<std::__1::pair<long const, lob::v0::Book<lob::ChecksumSink>::Level> > > >(std::__1::map<long, lob::v0::Book<lob::ChecksumSink>::Level, std::__1::less<void>, std::__1::allocator<std::__1::pair<long const, lob::v0::Book<lob::ChecksumSink>::Level> > >&, unsigned long, lob::Side, long, unsigned int)
829 790586 1 1 0 0 0 395293 0 0
fn=void std::__1::__hash_table<std::__1::__hash_value_type<unsigned long, lob::v0::Book<lob::ChecksumSink>::Loc>, std::__1::__unordered_map_hasher<unsigned long, std::__1::pair<unsigned long const, lob::v0::Book<lob::ChecksumSink>::Loc>, std::__1::hash<unsigned long>, std::__1::equal_to<unsigned long>, true>, std::__1::__unordered_map_equal<unsigned long, std::__1::pair<unsigned long const, lob::v0::Book<lob::ChecksumSink>::Loc>, std::__1::equal_to<unsigned long>, std::__1::hash<unsigned long>, true>, std::__1::allocator<std::__1::pair<unsigned long const, lob::v0::Book<lob::ChecksumSink>::Loc> > >::__do_rehash<true>(unsigned long)
0 115297 0 0 0 0 0 0 0 0
106 51367 0 0 51367 50686 128 0 0 0
162 459874 1 1 0 0 0 0 0 0
605 14 0 0 14 0 0 0 0 0
1767 90 1 1 0 0 0 75 0 0
1769 31 1 1 0 0 0 0 0 0
1770 15 0 0 0 0 0 15 0 0
1773 60 1 1 0 0 0 15 0 0
1775 15 0 0 15 4 1 0 0 0
1776 30 0 0 0 0 0 0 0 0
1778 14 0 0 0 0 0 14 1 0
1780 154115 1 1 51367 0 0 0 0 0
1782 153694 0 0 0 0 0 0 0 0
1785 102682 0 0 51341 41610 0 0 0 0
1786 38791 0 0 0 0 0 38791 0 0
1789 38791 0 0 0 0 0 0 0 0
1797 25100 0 0 12550 0 0 12550 0 0
1798 37650 0 0 25100 11188 0 12550 0 0
1799 37650 0 0 12550 0 0 12550 0 0
1805 90 1 1 75 11 1 0 0 0
fl=/usr/include/c++/v1/__iterator/wrap_iter.h
fn=(anonymous namespace)::cmd_replay((anonymous namespace)::Args const&)
125 4827443 0 0 0 0 0 0 0 0
fl=/usr/include/c++/v1/__math/rounding_functions.h
fn=std::__1::pair<std::__1::__hash_iterator<std::__1::__hash_node<std::__1::__hash_value_type<unsigned long, lob::v0::Book<lob::ChecksumSink>::Loc>, void*>*>, bool> std::__1::__hash_table<std::__1::__hash_value_type<unsigned long, lob::v0::Book<lob::ChecksumSink>::Loc>, std::__1::__unordered_map_hasher<unsigned long, std::__1::pair<unsigned long const, lob::v0::Book<lob::ChecksumSink>::Loc>, std::__1::hash<unsigned long>, std::__1::equal_to<unsigned long>, true>, std::__1::__unordered_map_equal<unsigned long, std::__1::pair<unsigned long const, lob::v0::Book<lob::ChecksumSink>::Loc>, std::__1::equal_to<unsigned long>, std::__1::hash<unsigned long>, true>, std::__1::allocator<std::__1::pair<unsigned long const, lob::v0::Book<lob::ChecksumSink>::Loc> > >::__emplace_unique_key_args<unsigned long, unsigned long&, lob::v0::Book<lob::ChecksumSink>::Loc>(unsigned long const&, unsigned long&, lob::v0::Book<lob::ChecksumSink>::Loc&&)
29 15 0 0 0 0 0 0 0 0
fl=/usr/include/c++/v1/__memory/allocator.h
fn=void std::__1::__hash_table<std::__1::__hash_value_type<unsigned long, lob::v0::Book<lob::ChecksumSink>::Loc>, std::__1::__unordered_map_hasher<unsigned long, std::__1::pair<unsigned long const, lob::v0::Book<lob::ChecksumSink>::Loc>, std::__1::hash<unsigned long>, std::__1::equal_to<unsigned long>, true>, std::__1::__unordered_map_equal<unsigned long, std::__1::pair<unsigned long const, lob::v0::Book<lob::ChecksumSink>::Loc>, std::__1::equal_to<unsigned long>, std::__1::hash<unsigned long>, true>, std::__1::allocator<std::__1::pair<unsigned long const, lob::v0::Book<lob::ChecksumSink>::Loc> > >::__do_rehash<true>(unsigned long)
100 45 0 0 0 0 0 0 0 0
fl=/usr/include/c++/v1/__memory/compressed_pair.h
fn=std::__1::__hash_table<std::__1::__hash_value_type<unsigned long, lob::v0::Book<lob::ChecksumSink>::Loc>, std::__1::__unordered_map_hasher<unsigned long, std::__1::pair<unsigned long const, lob::v0::Book<lob::ChecksumSink>::Loc>, std::__1::hash<unsigned long>, std::__1::equal_to<unsigned long>, true>, std::__1::__unordered_map_equal<unsigned long, std::__1::pair<unsigned long const, lob::v0::Book<lob::ChecksumSink>::Loc>, std::__1::equal_to<unsigned long>, std::__1::hash<unsigned long>, true>, std::__1::allocator<std::__1::pair<unsigned long const, lob::v0::Book<lob::ChecksumSink>::Loc> > >::remove(std::__1::__hash_const_iterator<std::__1::__hash_node<std::__1::__hash_value_type<unsigned long, lob::v0::Book<lob::ChecksumSink>::Loc>, void*>*>)
77 1591424 0 0 0 0 0 1591424 0 0
fl=/usr/include/c++/v1/__memory/construct_at.h
fn=void lob::v0::Book<lob::ChecksumSink>::rest<std::__1::map<long, lob::v0::Book<lob::ChecksumSink>::Level, std::__1::greater<void>, std::__1::allocator<std::__1::pair<long const, lob::v0::Book<lob::ChecksumSink>::Level> > > >(std::__1::map<long, lob::v0::Book<lob::ChecksumSink>::Level, std::__1::greater<void>, std::__1::allocator<std::__1::pair<long const, lob::v0::Book<lob::ChecksumSink>::Level> > >&, unsigned long, lob::Side, long, unsigned int)
38 800838 1 1 0 0 0 800838 739 2
fn=void lob::v0::Book<lob::ChecksumSink>::rest<std::__1::map<long, lob::v0::Book<lob::ChecksumSink>::Level, std::__1::less<void>, std::__1::allocator<std::__1::pair<long const, lob::v0::Book<lob::ChecksumSink>::Level> > > >(std::__1::map<long, lob::v0::Book<lob::ChecksumSink>::Level, std::__1::less<void>, std::__1::allocator<std::__1::pair<long const, lob::v0::Book<lob::ChecksumSink>::Level> > >&, unsigned long, lob::Side, long, unsigned int)
38 790586 0 0 0 0 0 790586 722 2
fl=/usr/include/c++/v1/__memory/unique_ptr.h
fn=lob::v0::Book<lob::ChecksumSink>::cancel(unsigned long)
287 795712 0 0 795712 0 0 0 0 0
288 795712 0 0 0 0 0 795712 0 0
289 1591424 0 0 0 0 0 0 0 0
583 795712 0 0 795712 0 0 0 0 0
fn=lob::v0::Book<lob::ChecksumSink>::modify(unsigned long, long, unsigned int)
583 17723 0 0 17723 0 0 0 0 0
fn=lob::v0::Book<lob::ChecksumSink>::push(unsigned long, lob::Side, long, unsigned int)
583 795711 0 0 795711 0 0 0 0 0
fn=std::__1::__hash_table<std::__1::__hash_value_type<unsigned long, lob::v0::Book<lob::ChecksumSink>::Loc>, std::__1::__unordered_map_hasher<unsigned long, std::__1::pair<unsigned long const, lob::v0::Book<lob::ChecksumSink>::Loc>, std::__1::hash<unsigned long>, std::__1::equal_to<unsigned long>, true>, std::__1::__unordered_map_equal<unsigned long, std::__1::pair<unsigned long const, lob::v0::Book<lob::ChecksumSink>::Loc>, std::__1::equal_to<unsigned long>, std::__1::hash<unsigned long>, true>, std::__1::allocator<std::__1::pair<unsigned long const, lob::v0::Book<lob::ChecksumSink>::Loc> > >::remove(std::__1::__hash_const_iterator<std::__1::__hash_node<std::__1::__hash_value_type<unsigned long, lob::v0::Book<lob::ChecksumSink>::Loc>, void*>*>)
203 795712 0 0 0 0 0 795712 0 0
204 1591424 0 0 0 0 0 1591424 0 0
583 795712 0 0 795712 0 0 0 0 0
fn=std::__1::pair<std::__1::__hash_iterator<std::__1::__hash_node<std::__1::__hash_value_type<unsigned long, lob::v0::Book<lob::ChecksumSink>::Loc>, void*>*>, bool> std::__1::__hash_table<std::__1::__hash_value_type<unsigned long, lob::v0::Book<lob::ChecksumSink>::Loc>, std::__1::__unordered_map_hasher<unsigned long, std::__1::pair<unsigned long const, lob::v0::Book<lob::ChecksumSink>::Loc>, std::__1::hash<unsigned long>, std::__1::equal_to<unsigned long>, true>, std::__1::__unordered_map_equal<unsigned long, std::__1::pair<unsigned long const, lob::v0::Book<lob::ChecksumSink>::Loc>, std::__1::equal_to<unsigned long>, std::__1::hash<unsigned long>, true>, std::__1::allocator<std::__1::pair<unsigned long const, lob::v0::Book<lob::ChecksumSink>::Loc> > >::__emplace_unique_key_args<unsigned long, unsigned long&, lob::v0::Book<lob::ChecksumSink>::Loc>(unsigned long const&, unsigned long&, lob::v0::Book<lob::ChecksumSink>::Loc&&)
583 1591423 0 0 1591423 0 0 0 0 0
fn=void std::__1::__hash_table<std::__1::__hash_value_type<unsigned long, lob::v0::Book<lob::ChecksumSink>::Loc>, std::__1::__unordered_map_hasher<unsigned long, std::__1::pair<unsigned long const, lob::v0::Book<lob::ChecksumSink>::Loc>, std::__1::hash<unsigned long>, std::__1::equal_to<unsigned long>, true>, std::__1::__unordered_map_equal<unsigned long, std::__1::pair<unsigned long const, lob::v0::Book<lob::ChecksumSink>::Loc>, std::__1::equal_to<unsigned long>, std::__1::hash<unsigned long>, true>, std::__1::allocator<std::__1::pair<unsigned long const, lob::v0::Book<lob::ChecksumSink>::Loc> > >::__do_rehash<true>(unsigned long)
606 15 0 0 15 0 0 0 0 0
607 15 0 0 0 0 0 15 0 0
609 30 0 0 0 0 0 0 0 0
fl=/usr/include/c++/v1/__new/allocate.h
fn=auto lob::v0::Book<lob::ChecksumSink>::erase(std::__1::__hash_map_iterator<std::__1::__hash_iterator<std::__1::__hash_node<std::__1::__hash_value_type<unsigned long, lob::v0::Book<lob::ChecksumSink>::Loc>, void*>*> >)::{lambda(auto:1&)#1}::operator()<std::__1::map<long, lob::v0::Book<lob::ChecksumSink>::Level, std::__1::greater<void>, std::__1::allocator<std::__1::pair<long const, lob::v0::Book<lob::ChecksumSink>::Level> > > >(std::__1::map<long, lob::v0::Book<lob::ChecksumSink>::Level, std::__1::greater<void>, std::__1::allocator<std::__1::pair<long const, lob::v0::Book<lob::ChecksumSink>::Level> > >&) const
63 1329048 2 2 264105 0 0 400419 0 0
fn=auto lob::v0::Book<lob::ChecksumSink>::erase(std::__1::__hash_map_iterator<std::__1::__hash_iterator<std::__1::__hash_node<std::__1::__hash_value_type<unsigned long, lob::v0::Book<lob::ChecksumSink>::Loc>, void*>*> >)::{lambda(auto:1&)#1}::operator()<std::__1::map<long, lob::v0::Book<lob::ChecksumSink>::Level, std::__1::less<void>, std::__1::allocator<std::__1::pair<long const, lob::v0::Book<lob::ChecksumSink>::Level> > > >(std::__1::map<long, lob::v0::Book<lob::ChecksumSink>::Level, std::__1::less<void>, std::__1::allocator<std::__1::pair<long const, lob::v0::Book<lob::ChecksumSink>::Level> > >&) const
63 1367096 2 2 288255 0 0 395293 0 0
fn=lob::v0::Book<lob::ChecksumSink>::cancel(unsigned long)
63 1591424 0 0 0 0 0 795712 0 0
fn=std::__1::pair<std::__1::__hash_iterator<std::__1::__hash_node<std::__1::__hash_value_type<unsigned long, lob::v0::Book<lob::ChecksumSink>::Loc>, void*>*>, bool> std::__1::__hash_table<std::__1::__hash_value_type<unsigned long, lob::v0::Book<lob::ChecksumSink>::Loc>, std::__1::__unordered_map_hasher<unsigned long, std::__1::pair<unsigned long const, lob::v0::Book<lob::ChecksumSink>::Loc>, std::__1::hash<unsigned long>, std::__1::equal_to<unsigned long>, true>, std::__1::__unordered_map_equal<unsigned long, std::__1::pair<unsigned long const, lob::v0::Book<lob::ChecksumSink>::Loc>, std::__1::equal_to<unsigned long>, std::__1::hash<unsigned long>, true>, std::__1::allocator<std::__1::pair<unsigned long const, lob::v0::Book<lob::ChecksumSink>::Loc> > >::__emplace_unique_key_args<unsigned long, unsigned long&, lob::v0::Book<lob::ChecksumSink>::Loc>(unsigned long const&, unsigned long&, lob::v0::Book<lob::ChecksumSink>::Loc&&)
43 2387136 1 1 0 0 0 795712 0 0
fn=unsigned int lob::v0::Book<lob::ChecksumSink>::match<std::__1::map<long, lob::v0::Book<lob::ChecksumSink>::Level, std::__1::greater<void>, std::__1::allocator<std::__1::pair<long const, lob::v0::Book<lob::ChecksumSink>::Level> > >, lob::v0::Book<lob::ChecksumSink>::add(unsigned long, lob::Side, long, unsigned int)::{lambda(long)#2}>(std::__1::map<long, lob::v0::Book<lob::ChecksumSink>::Level, std::__1::greater<void>, std::__1::allocator<std::__1::pair<long const, lob::v0::Book<lob::ChecksumSink>::Level> > >&, unsigned long, unsigned int, lob::v0::Book<lob::ChecksumSink>::add(unsigned long, lob::Side, long, unsigned int)::{lambda(long)#2})
0 395293 1 1 395293 0 0 0 0 0
fn=unsigned int lob::v0::Book<lob::ChecksumSink>::match<std::__1::map<long, lob::v0::Book<lob::ChecksumSink>::Level, std::__1::less<void>, std::__1::allocator<std::__1::pair<long const, lob::v0::Book<lob::ChecksumSink>::Level> > >, lob::v0::Book<lob::ChecksumSink>::add(unsigned long, lob::Side, long, unsigned int)::{lambda(long)#1}>(std::__1::map<long, lob::v0::Book<lob::ChecksumSink>::Level, std::__1::less<void>, std::__1::allocator<std::__1::pair<long const, lob::v0::Book<lob::ChecksumSink>::Level> > >&, unsigned long, unsigned int, lob::v0::Book<lob::ChecksumSink>::add(unsigned long, lob::Side, long, unsigned int)::{lambda(long)#1})
0 400419 1 1 400419 0 0 0 0 0
fn=void lob::v0::Book<lob::ChecksumSink>::rest<std::__1::map<long, lob::v0::Book<lob::ChecksumSink>::Level, std::__1::greater<void>, std::__1::allocator<std::__1::pair<long const, lob::v0::Book<lob::ChecksumSink>::Level> > > >(std::__1::map<long, lob::v0::Book<lob::ChecksumSink>::Level, std::__1::greater<void>, std::__1::allocator<std::__1::pair<long const, lob::v0::Book<lob::ChecksumSink>::Level> > >&, unsigned long, lob::Side, long, unsigned int)
43 1064943 0 0 0 0 0 488454 0 0
fn=void lob::v0::Book<lob::ChecksumSink>::rest<std::__1::map<long, lob::v0::Book<lob::ChecksumSink>::Level, std::__1::less<void>, std::__1::allocator<std::__1::pair<long const, lob::v0::Book<lob::ChecksumSink>::Level> > > >(std::__1::map<long, lob::v0::Book<lob::ChecksumSink>::Level, std::__1::less<void>, std::__1::allocator<std::__1::pair<long const, lob::v0::Book<lob::ChecksumSink>::Level> > >&, unsigned long, lob::Side, long, unsigned int)
43 1078841 0 0 0 0 0 491378 0 0
fn=void std::__1::__hash_table<std::__1::__hash_value_type<unsigned long, lob::v0::Book<lob::ChecksumSink>::Loc>, std::__1::__unordered_map_hasher<unsigned long, std::__1::pair<unsigned long const, lob::v0::Book<lob::ChecksumSink>::Loc>, std::__1::hash<unsigned long>, std::__1::equal_to<unsigned long>, true>, std::__1::__unordered_map_equal<unsigned long, std::__1::pair<unsigned long const, lob::v0::Book<lob::ChecksumSink>::Loc>, std::__1::equal_to<unsigned long>, std::__1::hash<unsigned long>, true>, std::__1::allocator<std::__1::pair<unsigned long const, lob::v0::Book<lob::ChecksumSink>::Loc> > >::__do_rehash<true>(unsigned long)
0 28 0 0 14 0 0 0 0 0
37 15 0 0 0 0 0 0 0 0
43 30 0 0 0 0 0 15 0 0
57 14 0 0 0 0 0 0 0 0
63 14 0 0 0 0 0 14 0 0
fl=/usr/include/c++/v1/__tree
fn=auto lob::v0::Book<lob::ChecksumSink>::erase(std::__1::__hash_map_iterator<std::__1::__hash_iterator<std::__1::__hash_node<std::__1::__hash_value_type<unsigned long, lob::v0::Book<lob::ChecksumSink>::Loc>, void*>*> >)::{lambda(auto:1&)#1}::operator()<std::__1::map<long, lob::v0::Book<lob::ChecksumSink>::Level, std::__1::greater<void>, std::__1::allocator<std::__1::pair<long const, lob::v0::Book<lob::ChecksumSink>::Level> > > >(std::__1::map<long, lob::v0::Book<lob::ChecksumSink>::Level, std::__1::greater<void>, std::__1::allocator<std::__1::pair<long const, lob::v0::Book<lob::ChecksumSink>::Level> > >&) const
0 6863566 0 0 5846626 53683 742 0 0 0
105 207288 0 0 207288 0 0 0 0 0
163 91694 0 0 24423 2498 268 0 0 0
191 264105 0 0 88035 0 0 0 0 0
193 103644 0 0 0 0 0 0 0 0
680 400419 0 0 0 0 0 0 0 0
862 400419 0 0 0 0 0 0 0 0
884 400419 0 0 400419 0 0 0 0 0
1824 176070 1 1 88035 0 0 0 0 0
1825 36379 0 0 0 0 0 36379 0 0
1826 88035 0 0 88035 0 0 0 0 0
1827 264105 0 0 88035 0 0 88035 0 0
1994 800838 1 1 0 0 0 0 0 0
2049 11693252 0 0 0 0 0 0 0 0
2050 5446207 0 0 0 0 0 0 0 0
fn=auto lob::v0::Book<lob::ChecksumSink>::erase(std::__1::__hash_map_iterator<std::__1::__hash_iterator<std::__1::__hash_node<std::__1::__hash_value_type<unsigned long, lob::v0::Book<lob::ChecksumSink>::Loc>, void*>*> >)::{lambda(auto:1&)#1}::operator()<std::__1::map<long, lob::v0::Book<lob::ChecksumSink>::Level, std::__1::less<void>, std::__1::allocator<std::__1::pair<long const, lob::v0::Book<lob::ChecksumSink>::Level> > > >(std::__1::map<long, lob::v0::Book<lob::ChecksumSink>::Level, std::__1::less<void>, std::__1::allocator<std::__1::pair<long const, lob::v0::Book<lob::ChecksumSink>::Level> > >&) const
0 5640551 0 0 4601807 42022 315 0 0 0
105 265964 0 0 265964 0 0 0 0 0
163 73712 0 0 19091 1761 57 0 0 0
191 288255 0 0 96085 0 0 0 0 0
193 132982 0 0 0 0 0 0 0 0
680 395293 0 0 0 0 0 0 0 0
862 395293 0 0 0 0 0 0 0 0
884 395293 0 0 395293 0 0 0 0 0
1824 192170 1 1 96085 0 0 0 0 0
1825 37068 0 0 0 0 0 37068 0 0
1826 96085 0 0 96085 0 0 0 0 0
1827 288255 0 0 96085 0 0 96085 0 0
1994 790586 1 1 0 0 0 0 0 0
2049 9203614 0 0 0 0 0 0 0 0
2050 4206514 0 0 0 0 0 0 0 0
fn=lob::v0::Book<lob::ChecksumSink>::modify(unsigned long, long, unsigned int)
0 231273 0 0 213550 206 2 0 0 0
680 17723 0 0 0 0 0 0 0 0
862 17723 1 1 0 0 0 0 0 0
884 17723 0 0 17723 0 0 0 0 0
1994 44066 0 0 0 0 0 0 0 0
2049 462546 0 0 0 0 0 0 0 0
2050 213550 0 0 0 0 0 0 0 0
fn=unsigned int lob::v0::Book<lob::ChecksumSink>::match<std::__1::map<long, lob::v0::Book<lob::ChecksumSink>::Level, std::__1::greater<void>, std::__1::allocator<std::__1::pair<long const, lob::v0::Book<lob::ChecksumSink>::Level> > >, lob::v0::Book<lob::ChecksumSink>::add(unsigned long, lob::Side, long, unsigned int)::{lambda(long)#2}>(std::__1::map<long, lob::v0::Book<lob::ChecksumSink>::Level, std::__1::greater<void>, std::__1::allocator<std::__1::pair<long const, lob::v0::Book<lob::ChecksumSink>::Level> > >&, unsigned long, unsigned int, lob::v0::Book<lob::ChecksumSink>::add(unsigned long, lob::Side, long, unsigned int)::{lambda(long)#2})
0 395292 0 0 395292 0 0 0 0 0
915 395292 0 0 395292 0 0 0 0 0
fn=unsigned int lob::v0::Book<lob::ChecksumSink>::match<std::__1::map<long, lob::v0::Book<lob::ChecksumSink>::Level, std::__1::less<void>, std::__1::allocator<std::__1::pair<long const, lob::v0::Book<lob::ChecksumSink>::Level> > >, lob::v0::Book<lob::ChecksumSink>::add(unsigned long, lob::Side, long, unsigned int)::{lambda(long)#1}>(std::__1::map<long, lob::v0::Book<lob::ChecksumSink>::Level, std::__1::less<void>, std::__1::allocator<std::__1::pair<long const, lob::v0::Book<lob::ChecksumSink>::Level> > >&, unsigned long, unsigned int, lob::v0::Book<lob::ChecksumSink>::add(unsigned long, lob::Side, long, unsigned int)::{lambda(long)#1})
0 400419 0 0 400419 0 0 0 0 0
915 400419 0 0 400419 0 0 0 0 0
fn=void lob::v0::Book<lob::ChecksumSink>::rest<std::__1::map<long, lob::v0::Book<lob::ChecksumSink>::Level, std::__1::greater<void>, std::__1::allocator<std::__1::pair<long const, lob::v0::Book<lob::ChecksumSink>::Level> > > >(std::__1::map<long, lob::v0::Book<lob::ChecksumSink>::Level, std::__1::greater<void>, std::__1::allocator<std::__1::pair<long const, lob::v0::Book<lob::ChecksumSink>::Level> > >&, unsigned long, lob::Side, long, unsigned int)
0 5795352 1 1 88035 0 0 88035 0 0
884 400419 0 0 400419 0 0 0 0 0
1591 800839 0 0 0 0 0 0 0 0
1593 5325591 0 0 0 0 0 0 0 0
1594 17528684 0 0 4382171 13477 465 0 0 0
1601 943420 0 0 0 0 0 0 0 0
1602 1893108 0 0 631036 9672 372 0 0 0
1673 88035 0 0 0 0 0 88035 0 0
1674 88035 1 1 0 0 0 88035 0 0
1676 88035 0 0 0 0 0 88035 0 0
1677 352140 0 0 176070 30 0 0 0 0
1678 39501 0 0 0 0 0 39501 0 0
1679 264105 0 0 88035 0 0 88035 0 0
1680 88035 0 0 88035 0 0 0 0 0
fn=void lob::v0::Book<lob::ChecksumSink>::rest<std::__1::map<long, lob::v0::Book<lob::ChecksumSink>::Level, std::__1::less<void>, std::__1::allocator<std::__1::pair<long const, lob::v0::Book<lob::ChecksumSink>::Level> > > >(std::__1::map<long, lob::v0::Book<lob::ChecksumSink>::Level, std::__1::less<void>, std::__1::allocator<std::__1::pair<long const, lob::v0::Book<lob::ChecksumSink>::Level> > >&, unsigned long, lob::Side, long, unsigned int)
0 4526584 1 1 96085 0 0 96085 0 0
884 395293 0 0 395293 0 0 0 0 0
1591 790587 0 0 0 0 0 0 0 0
1593 4012125 0 0 0 0 0 0 0 0
1594 12687260 0 0 3171815 9481 158 0 0 0
1601 840310 0 0 0 0 0 0 0 0
1602 1623306 0 0 541102 6509 156 0 0 0
1673 96085 0 0 0 0 0 96085 0 0
1674 96085 0 0 0 0 0 96085 0 0
1676 96085 0 0 0 0 0 96085 0 0
1677 384340 0 0 192170 23 0 0 0 0
1678 39754 0 0 0 0 0 39754 0 0
1679 288255 1 1 96085 0 0 96085 0 0
1680 96085 0 0 96085 0 0 0 0 0
fn=void std::__1::__tree_balance_after_insert[abi:ne210105]<std::__1::__tree_node_base<void*>*>(std::__1::__tree_node_base<void*>*, std::__1::__tree_node_base<void*>*)
0 64054 0 0 0 0 0 0 0 0
105 319587 1 1 238607 0 0 0 0 0
235 15362 0 0 15362 0 0 0 0 0
236 30724 0 0 15362 0 0 15362 0 0
237 30724 0 0 0 0 0 0 0 0
239 20975 0 0 5613 0 0 15362 0 0
240 5613 1 1 0 0 0 0 0 0
241 12938 0 0 0 0 0 12938 0 0
243 2424 0 0 0 0 0 2424 0 0
244 15362 0 0 0 0 0 15362 0 0
254 10538 0 0 10538 0 0 0 0 0
255 77422 1 1 38711 0 0 38711 0 0
256 77422 0 0 0 0 0 0 0 0
258 75975 0 0 37264 0 0 38711 0 0
259 38711 0 0 0 0 0 0 0 0
260 33194 0 0 0 0 0 33194 0 0
262 7081 0 0 0 0 0 5517 0 0
263 38711 1 1 0 0 0 38711 0 0
278 368240 1 1 0 0 0 184120 0 0
279 689064 1 1 218287 0 0 0 0 0
281 76156 0 0 0 0 0 0 0 0
282 65227 0 0 65227 0 0 0 0 0
283 203774 0 0 36660 2116 37 0 0 0
285 28080 0 0 0 0 0 28080 0 0
287 56160 0 0 0 0 0 28080 0 0
288 56160 0 0 0 0 0 28080 0 0
290 63756 0 0 0 0 0 0 0 0
295 37147 1 1 0 0 0 37147 0 0
297 37147 0 0 0 0 0 37147 0 0
303 36310 0 0 7226 982 56 0 0 0
305 6105 0 0 0 0 0 6105 0 0
307 12210 0 0 0 0 0 6105 0 0
308 12210 0 0 0 0 0 6105 0 0
310 8084 0 0 0 0 0 0 0 0
315 4824 0 0 0 0 0 4824 0 0
317 4824 0 0 0 0 0 4824 0 0
323 184120 0 0 184120 0 0 0 0 0
569 230389 0 0 230389 0 0 0 0 0
571 64680 0 0 0 0 0 64680 411 9
fn=void std::__1::__tree_remove[abi:ne210105]<std::__1::__tree_node_base<void*>*>(std::__1::__tree_node_base<void*>*, std::__1::__tree_node_base<void*>*)
0 328888 0 0 54316 0 0 32566 0 0
105 1071873 1 1 495640 4440 468 0 0 0
163 85911 0 0 28637 0 0 0 0 0
235 12336 0 0 12336 0 0 0 0 0
236 26728 0 0 13364 88 7 13364 0 0
237 26728 0 0 0 0 0 0 0 0
239 26728 0 0 13364 0 0 13364 0 0
240 13364 0 0 0 0 0 0 0 0
241 11982 1 1 0 0 0 11982 0 0
243 1714 0 0 0 0 0 1382 0 0
244 13364 0 0 0 0 0 13364 0 0
254 3317 0 0 3317 0 0 0 0 0
255 12152 0 0 6076 131 7 6076 0 0
256 12152 0 0 0 0 0 0 0 0
258 12152 1 1 6076 0 0 6076 0 0
259 6076 0 0 0 0 0 0 0 0
260 3266 0 0 0 0 0 3266 0 0
262 5155 0 0 0 0 0 2810 0 0
263 6076 0 0 0 0 0 6076 0 0
339 831708 1 1 207927 0 0 0 0 0
341 180300 0 0 180300 0 0 0 0 0
345 360600 0 0 0 0 0 0 0 0
346 61977 1 1 20659 73 3 20659 433 36
347 184120 0 0 0 0 0 0 0 0
348 119278 0 0 0 0 0 119278 0 0
349 238556 1 1 0 0 0 0 0 0
350 119275 0 0 119275 0 0 0 0 0
354 64842 0 0 0 0 0 64842 0 0
358 184120 0 0 184120 0 0 0 0 0
361 482489 0 0 0 0 0 0 0 0
363 39974 0 0 19987 0 0 19987 0 0
364 19987 0 0 0 0 0 0 0 0
365 16183 0 0 0 0 0 16183 0 0
367 7608 0 0 0 0 0 3804 0 0
368 39974 0 0 19987 0 0 19987 0 0
370 39974 0 0 19987 0 0 19987 0 0
371 39974 0 0 0 0 0 0 0 0
373 39974 0 0 19987 0 0 19987 0 0
374 39974 0 0 0 0 0 0 0 0
379 552356 1 1 0 0 0 0 0 0
392 106450 0 0 0 0 0 0 0 0
393 20659 0 0 0 0 0 20659 0 0
401 43441 0 0 0 0 0 0 0 0
403 66424 0 0 0 0 0 0 0 0
404 6397 0 0 0 0 0 6397 0 0
405 6397 0 0 0 0 0 6397 4 0
409 19191 0 0 6397 0 0 0 0 0
412 6397 0 0 6397 0 0 0 0 0
415 143804 1 1 55296 8277 1781 0 0 0
416 89727 0 0 29909 0 0 0 0 0
417 27273 0 0 0 0 0 27273 0 0
420 128392 0 0 27266 74 16 0 0 0
429 22146 0 0 7552 581 63 0 0 0
431 2200 0 0 0 0 0 2200 0 0
432 2200 0 0 0 0 0 2200 0 0
439 11878 0 0 5939 27 2 5939 0 0
440 5939 0 0 0 0 0 5939 0 0
441 5939 0 0 0 0 0 5939 0 0
446 20458 1 1 0 0 0 0 0 0
447 559 0 0 0 0 0 559 0 0
448 559 0 0 0 0 0 559 0 0
452 1677 0 0 559 0 0 0 0 0
455 559 0 0 559 0 0 0 0 0
458 43441 3 3 16092 1531 111 0 0 0
459 23820 0 0 7940 0 0 0 0 0
460 6912 0 0 0 0 0 6912 0 0
463 19688 0 0 6912 0 0 0 0 0
472 3505 0 0 94 0 0 0 0 0
474 1122 1 1 94 0 0 1028 0 0
475 1028 0 0 0 0 0 1028 0 0
482 6634 0 0 3317 0 0 3317 0 0
483 3317 0 0 0 0 0 3317 0 0
484 3317 0 0 0 0 0 3317 0 0
492 184120 0 0 184120 0 0 0 0 0
569 43441 1 1 43441 0 0 0 0 0
571 46869 0 0 0 0 0 46869 1111 103
fl=/usr/include/c++/v1/__utility/pair.h
fn=std::__1::pair<std::__1::__hash_iterator<std::__1::__hash_node<std::__1::__hash_value_type<unsigned long, lob::v0::Book<lob::ChecksumSink>::Loc>, void*>*>, bool> std::__1::__hash_table<std::__1::__hash_value_type<unsigned long, lob::v0::Book<lob::ChecksumSink>::Loc>, std::__1::__unordered_map_hasher<unsigned long, std::__1::pair<unsigned long const, lob::v0::Book<lob::ChecksumSink>::Loc>, std::__1::hash<unsigned long>, std::__1::equal_to<unsigned long>, true>, std::__1::__unordered_map_equal<unsigned long, std::__1::pair<unsigned long const, lob::v0::Book<lob::ChecksumSink>::Loc>, std::__1::equal_to<unsigned long>, std::__1::hash<unsigned long>, true>, std::__1::allocator<std::__1::pair<unsigned long const, lob::v0::Book<lob::ChecksumSink>::Loc> > >::__emplace_unique_key_args<unsigned long, unsigned long&, lob::v0::Book<lob::ChecksumSink>::Loc>(unsigned long const&, unsigned long&, lob::v0::Book<lob::ChecksumSink>::Loc&&)
0 795712 0 0 0 0 0 0 0 0
165 4774272 1 1 2387136 0 0 2387136 21125 350
fn=void lob::v0::Book<lob::ChecksumSink>::rest<std::__1::map<long, lob::v0::Book<lob::ChecksumSink>::Level, std::__1::greater<void>, std::__1::allocator<std::__1::pair<long const, lob::v0::Book<lob::ChecksumSink>::Level> > > >(std::__1::map<long, lob::v0::Book<lob::ChecksumSink>::Level, std::__1::greater<void>, std::__1::allocator<std::__1::pair<long const, lob::v0::Book<lob::ChecksumSink>::Level> > >&, unsigned long, lob::Side, long, unsigned int)
445 88035 0 0 0 0 0 88035 3892 941
446 88035 0 0 0 0 0 0 0 0
fn=void lob::v0::Book<lob::ChecksumSink>::rest<std::__1::map<long, lob::v0::Book<lob::ChecksumSink>::Level, std::__1::less<void>, std::__1::allocator<std::__1::pair<long const, lob::v0::Book<lob::ChecksumSink>::Level> > > >(std::__1::map<long, lob::v0::Book<lob::ChecksumSink>::Level, std::__1::less<void>, std::__1::allocator<std::__1::pair<long const, lob::v0::Book<lob::ChecksumSink>::Level> > >&, unsigned long, lob::Side, long, unsigned int)
445 96085 1 1 0 0 0 96085 3112 310
446 96085 0 0 0 0 0 0 0 0
fl=/usr/include/c++/v1/__vector/vector.h
fn=(anonymous namespace)::cmd_replay((anonymous namespace)::Args const&)
388 1 0 0 1 0 0 0 0 0
449 1 0 0 1 1 1 0 0 0
fl=/usr/include/c++/v1/list
fn=auto lob::v0::Book<lob::ChecksumSink>::erase(std::__1::__hash_map_iterator<std::__1::__hash_iterator<std::__1::__hash_node<std::__1::__hash_value_type<unsigned long, lob::v0::Book<lob::ChecksumSink>::Loc>, void*>*> >)::{lambda(auto:1&)#1}::operator()<std::__1::map<long, lob::v0::Book<lob::ChecksumSink>::Level, std::__1::greater<void>, std::__1::allocator<std::__1::pair<long const, lob::v0::Book<lob::ChecksumSink>::Level> > > >(std::__1::map<long, lob::v0::Book<lob::ChecksumSink>::Level, std::__1::greater<void>, std::__1::allocator<std::__1::pair<long const, lob::v0::Book<lob::ChecksumSink>::Level> > >&) const
388 400419 0 0 400419 0 0 0 0 0
539 488454 0 0 488454 0 0 0 0 0
616 800838 0 0 400419 11657 316 400419 55365 886
617 400419 0 0 0 0 0 400419 30569 3204
647 88035 0 0 0 0 0 0 0 0
1422 400419 0 0 400419 0 0 0 0 0
1424 800838 0 0 400419 13817 118 400419 0 0
fn=auto lob::v0::Book<lob::ChecksumSink>::erase(std::__1::__hash_map_iterator<std::__1::__hash_iterator<std::__1::__hash_node<std::__1::__hash_value_type<unsigned long, lob::v0::Book<lob::ChecksumSink>::Loc>, void*>*> >)::{lambda(auto:1&)#1}::operator()<std::__1::map<long, lob::v0::Book<lob::ChecksumSink>::Level, std::__1::less<void>, std::__1::allocator<std::__1::pair<long const, lob::v0::Book<lob::ChecksumSink>::Level> > > >(std::__1::map<long, lob::v0::Book<lob::ChecksumSink>::Level, std::__1::less<void>, std::__1::allocator<std::__1::pair<long const, lob::v0::Book<lob::ChecksumSink>::Level> > >&) const
388 395293 0 0 395293 0 0 0 0 0
539 491378 0 0 491378 0 0 0 0 0
616 790586 0 0 395293 12813 180 395293 61144 519
617 395293 0 0 0 0 0 395293 29593 1923
647 96085 0 0 0 0 0 0 0 0
1422 395293 0 0 395293 0 0 0 0 0
1424 790586 0 0 395293 15226 53 395293 0 0
fn=lob::v0::Book<lob::ChecksumSink>::cancel(unsigned long)
388 795712 0 0 795712 52741 3951 0 0 0
fn=lob::v0::Book<lob::ChecksumSink>::modify(unsigned long, long, unsigned int)
388 17723 0 0 17723 0 0 0 0 0
fn=void lob::v0::Book<lob::ChecksumSink>::rest<std::__1::map<long, lob::v0::Book<lob::ChecksumSink>::Level, std::__1::greater<void>, std::__1::allocator<std::__1::pair<long const, lob::v0::Book<lob::ChecksumSink>::Level> > > >(std::__1::map<long, lob::v0::Book<lob::ChecksumSink>::Level, std::__1::greater<void>, std::__1::allocator<std::__1::pair<long const, lob::v0::Book<lob::ChecksumSink>::Level> > >&, unsigned long, lob::Side, long, unsigned int)
300 176070 0 0 0 0 0 176070 1308 12
1046 400419 0 0 0 0 0 400419 0 0
1047 800838 0 0 400419 0 0 400419 0 0
1048 400419 0 0 0 0 0 400419 42254 671
1049 400419 0 0 0 0 0 400419 0 0
1335 2002095 0 0 1201257 16841 332 400419 0 0
fn=void lob::v0::Book<lob::ChecksumSink>::rest<std::__1::map<long, lob::v0::Book<lob::ChecksumSink>::Level, std::__1::less<void>, std::__1::allocator<std::__1::pair<long const, lob::v0::Book<lob::ChecksumSink>::Level> > > >(std::__1::map<long, lob::v0::Book<lob::ChecksumSink>::Level, std::__1::less<void>, std::__1::allocator<std::__1::pair<long const, lob::v0::Book<lob::ChecksumSink>::Level> > >&, unsigned long, lob::Side, long, unsigned int)
300 192170 0 0 0 0 0 192170 1221 10
1046 395293 0 0 0 0 0 395293 0 0
1047 790586 0 0 395293 0 0 395293 0 0
1048 395293 0 0 0 0 0 395293 41412 380
1049 395293 0 0 0 0 0 395293 0 0
1335 1976465 1 1 1185879 18120 163 395293 0 0
fl=/usr/include/c++/v1/map
fn=unsigned int lob::v0::Book<lob::ChecksumSink>::match<std::__1::map<long, lob::v0::Book<lob::ChecksumSink>::Level, std::__1::greater<void>, std::__1::allocator<std::__1::pair<long const, lob::v0::Book<lob::ChecksumSink>::Level> > >, lob::v0::Book<lob::ChecksumSink>::add(unsigned long, lob::Side, long, unsigned int)::{lambda(long)#2}>(std::__1::map<long, lob::v0::Book<lob::ChecksumSink>::Level, std::__1::greater<void>, std::__1::allocator<std::__1::pair<long const, lob::v0::Book<lob::ChecksumSink>::Level> > >&, unsigned long, unsigned int, lob::v0::Book<lob::ChecksumSink>::add(unsigned long, lob::Side, long, unsigned int)::{lambda(long)#2})
1031 395293 0 0 395293 1 1 0 0 0
fn=unsigned int lob::v0::Book<lob::ChecksumSink>::match<std::__1::map<long, lob::v0::Book<lob::ChecksumSink>::Level, std::__1::less<void>, std::__1::allocator<std::__1::pair<long const, lob::v0::Book<lob::ChecksumSink>::Level> > >, lob::v0::Book<lob::ChecksumSink>::add(unsigned long, lob::Side, long, unsigned int)::{lambda(long)#1}>(std::__1::map<long, lob::v0::Book<lob::ChecksumSink>::Level, std::__1::less<void>, std::__1::allocator<std::__1::pair<long const, lob::v0::Book<lob::ChecksumSink>::Level> > >&, unsigned long, unsigned int, lob::v0::Book<lob::ChecksumSink>::add(unsigned long, lob::Side, long, unsigned int)::{lambda(long)#1})
1031 400419 0 0 400419 0 0 0 0 0
fn=void lob::v0::Book<lob::ChecksumSink>::rest<std::__1::map<long, lob::v0::Book<lob::ChecksumSink>::Level, std::__1::greater<void>, std::__1::allocator<std::__1::pair<long const, lob::v0::Book<lob::ChecksumSink>::Level> > > >(std::__1::map<long, lob::v0::Book<lob::ChecksumSink>::Level, std::__1::greater<void>, std::__1::allocator<std::__1::pair<long const, lob::v0::Book<lob::ChecksumSink>::Level> > >&, unsigned long, lob::Side, long, unsigned int)
1399 400419 0 0 0 0 0 0 0 0
fn=void lob::v0::Book<lob::ChecksumSink>::rest<std::__1::map<long, lob::v0::Book<lob::ChecksumSink>::Level, std::__1::less<void>, std::__1::allocator<std::__1::pair<long const, lob::v0::Book<lob::ChecksumSink>::Level> > > >(std::__1::map<long, lob::v0::Book<lob::ChecksumSink>::Level, std::__1::less<void>, std::__1::allocator<std::__1::pair<long const, lob::v0::Book<lob::ChecksumSink>::Level> > >&, unsigned long, lob::Side, long, unsigned int)
1399 395293 0 0 0 0 0 0 0 0
fl=/usr/include/c++/v1/unordered_map
fn=std::__1::pair<std::__1::__hash_iterator<std::__1::__hash_node<std::__1::__hash_value_type<unsigned long, lob::v0::Book<lob::ChecksumSink>::Loc>, void*>*>, bool> std::__1::__hash_table<std::__1::__hash_value_type<unsigned long, lob::v0::Book<lob::ChecksumSink>::Loc>, std::__1::__unordered_map_hasher<unsigned long, std::__1::pair<unsigned long const, lob::v0::Book<lob::ChecksumSink>::Loc>, std::__1::hash<unsigned long>, std::__1::equal_to<unsigned long>, true>, std::__1::__unordered_map_equal<unsigned long, std::__1::pair<unsigned long const, lob::v0::Book<lob::ChecksumSink>::Loc>, std::__1::equal_to<unsigned long>, std::__1::hash<unsigned long>, true>, std::__1::allocator<std::__1::pair<unsigned long const, lob::v0::Book<lob::ChecksumSink>::Loc> > >::__emplace_unique_key_args<unsigned long, unsigned long&, lob::v0::Book<lob::ChecksumSink>::Loc>(unsigned long const&, unsigned long&, lob::v0::Book<lob::ChecksumSink>::Loc&&)
658 795712 0 0 795712 0 0 0 0 0
fl=???
fn=???
0 14204500 7 7 8877823 181 15 2 0 0
fn=operator delete(void*)
0 8877790 0 0 1775558 0 0 1775558 0 0
fn=operator delete(void*, unsigned long)
0 8877790 1 1 1775558 0 0 1775558 0 0
fn=operator new(unsigned long)
0 30184503 2 2 5326677 0 0 7102236 1 1
fn=std::__1::__next_prime(unsigned long)
0 4134 12 12 347 36 11 42 0 0
summary: 908458443 307 307 229013296 4528204 631541 122175953 448178 71973
