desc: I1 cache:         32768 B, 64 B, 8-way associative
desc: D1 cache:         49152 B, 64 B, 12-way associative
desc: LL cache:         6291456 B, 64 B, 12-way associative
cmd: /home/wang/sources/cxx/book/build/profile/book replay --workload data/syn_default_s42.ops --version v3
events: Ir I1mr ILmr Dr D1mr DLmr Dw D1mw DLmw 
fl=./malloc/./malloc/arena.c
fn=free
153 57 0 0 0 0 0 0 0 0
fn=malloc
153 40 0 0 0 0 0 0 0 0
fl=./malloc/./malloc/malloc.c
fn=_int_free
1792 12 0 0 12 4 0 0 0 0
3163 14 1 1 7 0 0 7 0 0
3165 28 0 0 7 4 4 7 0 0
3166 7 0 0 0 0 0 7 0 0
3167 14 0 0 0 0 0 7 0 0
4495 133 1 1 0 0 0 76 3 0
4499 57 1 1 19 0 0 0 0 0
4505 76 0 0 0 0 0 0 0 0
4506 38 0 0 0 0 0 0 0 0
4510 95 0 0 0 0 0 0 0 0
4517 38 0 0 0 0 0 0 0 0
4518 114 1 1 57 4 0 0 0 0
4521 7 0 0 0 0 0 0 0 0
4527 21 0 0 14 1 1 0 0 0
4547 35 1 1 14 0 0 0 0 0
4550 7 0 0 0 0 0 0 0 0
4561 24 0 0 0 0 0 0 0 0
4637 24 0 0 12 0 0 0 0 0
4640 24 0 0 12 5 0 0 0 0
4643 24 1 1 0 0 0 0 0 0
4646 24 0 0 0 0 0 0 0 0
4658 102 1 1 83 0 0 0 0 0
fn=_int_free_maybe_consolidate
4770 132 1 1 12 4 0 84 0 0
4776 24 0 0 0 0 0 0 0 0
4778 12 0 0 3 0 0 0 0 0
4781 9 0 0 0 0 0 0 0 0
4784 15 2 2 9 3 0 0 0 0
4785 10 0 0 6 0 0 0 0 0
4798 124 1 1 102 0 0 0 0 0
fn=_int_free_merge_chunk
1992 36 0 0 12 0 0 0 0 0
4665 96 1 1 0 0 0 72 1 0
4666 12 0 0 0 0 0 0 0 0
4670 72 0 0 12 4 0 0 0 0
4673 48 1 1 12 4 0 0 0 0
4675 36 1 1 12 3 0 0 0 0
4678 36 0 0 12 2 0 0 0 0
4681 24 0 0 0 0 0 0 0 0
4682 24 0 0 0 0 0 0 0 0
4683 24 0 0 12 4 0 0 0 0
4689 24 1 1 12 0 0 0 0 0
4691 10 0 0 10 0 0 0 0 0
4692 10 0 0 0 0 0 0 0 0
4693 10 0 0 0 0 0 0 0 0
4694 40 0 0 10 5 0 0 0 0
4696 20 0 0 0 0 0 10 0 0
4701 36 0 0 0 0 0 0 0 0
4702 84 0 0 72 0 0 0 0 0
4714 24 0 0 12 0 0 0 0 0
4720 24 0 0 12 1 0 0 0 0
4721 2 1 1 0 0 0 1 0 0
4722 2 0 0 0 0 0 0 0 0
4724 11 0 0 11 0 0 0 0 0
4732 12 0 0 0 0 0 0 0 0
4733 48 1 1 12 0 0 0 0 0
4734 24 0 0 12 0 0 0 0 0
4736 12 0 0 0 0 0 12 0 0
4738 24 0 0 0 0 0 0 0 0
4740 36 1 1 0 0 0 12 0 0
4743 12 0 0 0 0 0 12 0 0
4744 12 0 0 0 0 0 12 0 0
4746 36 0 0 0 0 0 12 0 0
4747 12 0 0 0 0 0 12 0 0
fn=_int_malloc
1326 40 0 0 0 0 0 0 0 0
1345 120 0 0 0 0 0 0 0 0
1794 20 1 1 20 0 0 0 0 0
1985 6 0 0 2 0 0 0 0 0
2008 8 0 0 2 0 0 0 0 0
2552 12 1 1 4 4 4 4 2 1
2553 2 1 1 0 0 0 2 0 0
2564 4 1 1 2 2 2 0 0 0
2589 8 0 0 2 0 0 2 0 0
2590 4 0 0 0 0 0 2 0 0
2599 24 1 1 6 0 0 0 0 0
2605 6 0 0 4 0 0 0 0 0
2608 6 1 1 0 0 0 0 0 0
2669 6 1 1 2 0 0 2 0 0
2677 4 0 0 2 0 0 0 0 0
2678 6 0 0 2 0 0 2 0 0
2691 6 1 1 2 0 0 0 0 0
2693 2 0 0 2 0 0 0 0 0
2699 10 0 0 2 0 0 2 0 0
2707 4 0 0 0 0 0 0 0 0
2709 8 2 2 0 0 0 4 0 0
2710 6 0 0 2 0 0 0 0 0
2711 2 0 0 0 0 0 0 0 0
2712 2 0 0 0 0 0 0 0 0
2715 4 0 0 0 0 0 0 0 0
2744 14 1 1 6 0 0 0 0 0
2746 4 1 1 0 0 0 2 0 0
2752 16 0 0 2 0 0 0 0 0
2753 12 0 0 2 0 0 2 0 0
2921 6 1 1 4 0 0 0 0 0
2922 2 0 0 0 0 0 2 0 0
2926 2 0 0 2 0 0 0 0 0
2930 10 1 1 4 0 0 0 0 0
2932 2 0 0 0 0 0 0 0 0
2933 2 0 0 0 0 0 0 0 0
2934 2 0 0 0 0 0 2 0 0
2935 14 0 0 0 0 0 2 0 0
2936 4 0 0 0 0 0 2 2 2
2938 2 0 0 0 0 0 0 0 0
3846 220 2 2 20 3 2 140 2 1
3887 40 0 0 0 0 0 0 0 0
3914 40 0 0 0 0 0 0 0 0
3916 8 0 0 0 0 0 0 0 0
3919 2 0 0 2 1 1 0 0 0
3921 4 0 0 0 0 0 0 0 0
3930 6 2 2 0 0 0 0 0 0
3977 36 1 1 0 0 0 0 0 0
3979 28 0 0 0 0 0 0 0 0
3980 12 1 1 0 0 0 0 0 0
3982 18 0 0 6 6 6 0 0 0
4039 185 1 1 0 0 0 0 0 0
4040 42 0 0 14 2 1 0 0 0
4058 60 1 1 20 0 0 0 0 0
4059 60 0 0 0 0 0 20 1 1
4060 60 1 1 40 0 0 0 0 0
4069 22 0 0 0 0 0 11 0 0
4070 140 1 1 32 3 2 20 0 0
4072 12 0 0 12 2 1 0 0 0
4073 24 0 0 12 3 1 0 0 0
4074 12 0 0 0 0 0 0 0 0
4076 24 0 0 0 0 0 0 0 0
4077 36 1 1 12 2 1 0 0 0
4079 12 0 0 12 2 1 0 0 0
4080 48 0 0 0 0 0 0 0 0
4082 48 0 0 12 0 0 0 0 0
4084 24 1 1 12 0 0 0 0 0
4085 24 0 0 12 0 0 0 0 0
4087 24 0 0 0 0 0 0 0 0
4098 48 0 0 0 0 0 0 0 0
4127 12 0 0 0 0 0 12 0 0
4128 12 0 0 0 0 0 12 0 0
4132 24 0 0 0 0 0 0 0 0
4161 25 2 2 0 0 0 0 0 0
4163 2 0 0 0 0 0 1 0 0
4164 4 0 0 0 0 0 0 0 0
4165 1 0 0 1 0 0 0 0 0
4169 177 4 4 0 0 0 11 0 0
4170 33 1 1 0 0 0 0 0 0
4171 11 0 0 11 6 3 0 0 0
4174 22 0 0 0 0 0 0 0 0
4218 44 0 0 0 0 0 11 1 0
4221 84 2 2 24 4 1 0 0 0
4222 12 0 0 0 0 0 12 0 0
4223 12 0 0 0 0 0 12 0 0
4224 12 0 0 0 0 0 12 0 0
4225 12 0 0 0 0 0 12 0 0
4230 24 0 0 24 0 0 0 0 0
4231 24 0 0 0 0 0 0 0 0
4240 48 1 1 24 0 0 0 0 0
4246 22 0 0 0 0 0 0 0 0
4257 60 1 1 0 0 0 0 0 0
4259 56 0 0 0 0 0 0 0 0
4262 42 0 0 14 7 6 0 0 0
4263 23 1 1 2 0 0 0 0 0
4266 1 0 0 1 0 0 0 0 0
4267 6 0 0 1 0 0 0 0 0
4273 2 1 1 1 0 0 0 0 0
4278 3 0 0 0 0 0 1 0 0
4279 3 0 0 0 0 0 2 0 0
4282 4 0 0 2 0 0 0 0 0
4291 1 0 0 0 0 0 0 0 0
4295 4 1 1 1 0 0 0 0 0
4296 2 0 0 1 0 0 0 0 0
4299 1 0 0 0 0 0 1 0 0
4300 1 0 0 0 0 0 1 0 0
4301 1 0 0 0 0 0 1 0 0
4302 2 0 0 0 0 0 0 0 0
4307 8 1 1 0 0 0 1 0 0
4309 3 0 0 0 0 0 1 0 0
4310 1 0 0 0 0 0 1 0 0
4313 1 0 0 0 0 0 0 0 0
4330 19 0 0 0 0 0 0 0 0
4331 38 0 0 0 0 0 0 0 0
4332 38 0 0 0 0 0 0 0 0
4333 38 0 0 19 1 1 0 0 0
4334 114 0 0 0 0 0 0 0 0
4339 74 1 1 0 0 0 0 0 0
4343 98 1 1 0 0 0 0 0 0
4346 68 1 1 17 0 0 0 0 0
4353 6 0 0 0 0 0 0 0 0
4355 1 0 0 0 0 0 0 0 0
4357 2 0 0 0 0 0 0 0 0
4361 2 0 0 2 0 0 0 0 0
4364 4 0 0 0 0 0 0 0 0
4373 8 1 1 2 0 0 0 0 0
4376 4 0 0 0 0 0 0 0 0
4378 6 1 1 0 0 0 2 0 0
4381 6 0 0 0 0 0 4 1 0
4384 8 0 0 4 0 0 0 0 0
4394 2 0 0 0 0 0 0 0 0
4399 8 0 0 2 0 0 0 0 0
4400 4 1 1 2 0 0 0 0 0
4403 2 0 0 0 0 0 2 1 0
4404 2 0 0 0 0 0 2 0 0
4405 2 0 0 0 0 0 2 0 0
4408 4 0 0 0 0 0 0 0 0
4410 4 0 0 0 0 0 0 0 0
4412 4 0 0 0 0 0 2 0 0
4415 16 1 1 0 0 0 2 0 0
4417 6 0 0 0 0 0 2 1 0
4418 2 0 0 0 0 0 2 0 0
4421 2 0 0 0 0 0 0 0 0
4443 17 1 1 17 0 0 0 0 0
4444 34 0 0 17 1 1 0 0 0
4446 34 0 0 17 1 1 0 0 0
4449 51 0 0 0 0 0 0 0 0
4451 15 0 0 0 0 0 0 0 0
4452 30 1 1 0 0 0 0 0 0
4453 15 0 0 0 0 0 15 0 0
4454 120 1 1 0 0 0 15 0 0
4456 30 0 0 0 0 0 15 15 15
4459 32 0 0 0 0 0 0 0 0
4460 54 0 0 0 0 0 18 2 1
4461 18 0 0 0 0 0 0 0 0
4466 8 0 0 2 0 0 2 0 0
4482 2 0 0 0 0 0 0 0 0
4487 240 2 2 180 0 0 0 0 0
fn=alloc_perturb
1985 54 1 1 18 0 0 0 0 0
1987 18 0 0 18 0 0 0 0 0
fn=free
3359 133 2 2 0 0 0 76 0 0
3363 38 0 0 0 0 0 0 0 0
3371 38 0 0 38 12 4 0 0 0
3373 19 0 0 0 0 0 0 0 0
3375 57 0 0 19 6 1 0 0 0
3392 57 0 0 38 8 0 0 0 0
3398 57 1 1 0 0 0 19 1 0
3401 19 0 0 0 0 0 19 0 0
3402 114 0 0 95 0 0 0 0 0
fn=malloc
1326 42 0 0 0 0 0 0 0 0
1345 105 1 1 0 0 0 0 0 0
3178 2 0 0 1 0 0 0 0 0
3182 2 0 0 0 0 0 0 0 0
3186 4 0 0 1 1 1 1 0 0
3190 2 0 0 0 0 0 1 0 0
3191 1 0 0 0 0 0 1 0 0
3294 168 1 1 0 0 0 84 1 1
3301 42 0 0 21 4 2 0 0 0
3311 42 0 0 0 0 0 0 0 0
3313 84 0 0 42 6 4 0 0 0
3316 42 0 0 21 3 2 0 0 0
3318 21 1 1 7 3 3 0 0 0
3326 40 1 1 20 4 2 0 0 0
3328 80 1 1 0 0 0 20 2 1
3329 100 1 1 20 0 0 0 0 0
3354 126 1 1 105 0 0 0 0 0
fn=systrim.constprop.0
2957 12 1 1 0 0 0 8 0 0
2966 6 0 0 4 0 0 0 0 0
2968 2 0 0 0 0 0 0 0 0
2969 4 0 0 0 0 0 0 0 0
2970 2 0 0 0 0 0 0 0 0
2974 6 0 0 2 0 0 0 0 0
2975 2 0 0 0 0 0 0 0 0
2978 10 1 1 4 4 0 0 0 0
2980 4 0 0 0 0 0 0 0 0
3020 12 0 0 10 0 0 0 0 0
fn=unlink_chunk.isra.0
1608 28 1 1 0 0 0 14 0 0
1610 70 0 0 28 0 0 0 0 0
1613 28 0 0 28 3 0 0 0 0
1614 28 0 0 14 0 0 0 0 0
1616 56 1 1 28 4 0 0 0 0
1619 14 0 0 0 0 0 14 0 0
1620 14 0 0 0 0 0 14 0 0
1621 67 0 0 13 2 0 0 0 0
1623 22 0 0 11 0 0 0 0 0
1624 33 0 0 22 0 0 0 0 0
1627 22 0 0 11 2 2 0 0 0
1641 11 0 0 0 0 0 11 0 0
1642 11 1 1 0 0 0 11 0 0
1645 28 0 0 28 0 0 0 0 0
fl=./malloc/./malloc/morecore.c
fn=__glibc_morecore
25 6 1 1 0 0 0 2 0 0
26 4 0 0 2 0 0 0 0 0
29 2 0 0 0 0 0 2 0 0
30 4 0 0 0 0 0 0 0 0
34 4 0 0 4 0 0 0 0 0
fl=./misc/../sysdeps/unix/sysv/linux/brk.c
fn=brk
36 2 1 1 0 0 0 0 0 0
37 4 0 0 2 0 0 2 0 0
38 4 0 0 0 0 0 0 0 0
44 2 0 0 0 0 0 0 0 0
45 2 0 0 2 0 0 0 0 0
fl=./misc/../sysdeps/unix/sysv/linux/brk_call.h
fn=brk
24 4 0 0 0 0 0 0 0 0
fl=./misc/./misc/sbrk.c
fn=sbrk
37 16 1 1 0 0 0 8 2 2
40 4 0 0 4 4 4 0 0 0
43 4 1 1 2 2 2 0 0 0
58 4 0 0 0 0 0 0 0 0
62 4 0 0 0 0 0 0 0 0
66 8 1 1 0 0 0 0 0 0
74 6 1 1 0 0 0 2 0 0
78 14 0 0 10 0 0 0 0 0
fl=./string/../sysdeps/x86_64/multiarch/memmove-vec-unaligned-erms.S
fn=__memcpy_avx_unaligned_erms
255 12 1 1 0 0 0 0 0 0
256 12 0 0 0 0 0 0 0 0
262 12 0 0 0 0 0 0 0 0
263 12 0 0 0 0 0 0 0 0
265 10 0 0 10 1 0 0 0 0
266 10 0 0 0 0 0 0 0 0
267 10 0 0 0 0 0 0 0 0
270 1 0 0 1 0 0 0 0 0
271 1 0 0 0 0 0 1 0 0
272 1 0 0 0 0 0 1 0 0
275 2 0 0 1 0 0 0 0 0
305 2 0 0 0 0 0 0 0 0
306 2 0 0 0 0 0 0 0 0
308 1 0 0 0 0 0 0 0 0
309 1 0 0 0 0 0 0 0 0
311 1 0 0 0 0 0 0 0 0
315 1 0 0 0 0 0 0 0 0
316 1 1 1 0 0 0 0 0 0
317 1 0 0 0 0 0 0 0 0
325 1 0 0 1 0 0 0 0 0
342 1 0 0 1 0 0 0 0 0
343 1 0 0 1 0 0 0 0 0
344 1 0 0 0 0 0 1 0 0
345 1 0 0 0 0 0 1 0 0
347 1 0 0 1 0 0 0 0 0
375 1 1 1 1 0 0 0 0 0
376 1 0 0 1 0 0 0 0 0
377 1 0 0 0 0 0 1 1 1
378 1 0 0 0 0 0 1 0 0
379 1 0 0 0 0 0 1 0 0
380 1 0 0 0 0 0 1 0 0
381 2 0 0 1 0 0 0 0 0
386 9 1 1 9 3 1 0 0 0
387 9 0 0 0 0 0 0 0 0
392 7 0 0 0 0 0 0 0 0
393 7 0 0 0 0 0 0 0 0
395 2 0 0 2 0 0 0 0 0
396 2 0 0 0 0 0 0 0 0
397 2 0 0 0 0 0 0 0 0
399 1 0 0 1 0 0 0 0 0
400 1 0 0 1 0 0 0 0 0
401 1 0 0 1 0 0 0 0 0
402 1 0 0 1 0 0 0 0 0
403 1 0 0 1 0 0 0 0 0
404 1 1 1 1 0 0 0 0 0
405 1 0 0 0 0 0 1 0 0
406 1 0 0 0 0 0 1 1 1
407 1 0 0 0 0 0 1 0 0
408 1 0 0 0 0 0 1 1 1
409 1 0 0 0 0 0 1 0 0
410 1 0 0 0 0 0 1 0 0
411 1 0 0 0 0 0 1 0 0
412 1 0 0 0 0 0 1 0 0
413 2 0 0 1 0 0 0 0 0
417 5 0 0 0 0 0 0 0 0
418 5 0 0 0 0 0 0 0 0
422 5 0 0 0 0 0 0 0 0
424 5 1 1 0 0 0 0 0 0
428 5 0 0 5 1 1 0 0 0
429 5 0 0 0 0 0 0 0 0
440 5 0 0 0 0 0 0 0 0
443 5 0 0 0 0 0 0 0 0
445 5 0 0 0 0 0 0 0 0
447 5 0 0 0 0 0 0 0 0
451 5 0 0 0 0 0 0 0 0
452 5 0 0 0 0 0 0 0 0
461 5 0 0 5 0 0 0 0 0
462 5 0 0 5 0 0 0 0 0
464 5 0 0 0 0 0 0 0 0
466 5 0 0 0 0 0 0 0 0
467 5 1 1 5 0 0 0 0 0
468 5 0 0 5 0 0 0 0 0
471 5 0 0 0 0 0 0 0 0
473 5 0 0 0 0 0 0 0 0
475 5 0 0 0 0 0 0 0 0
477 10 0 0 0 0 0 0 0 0
483 88 0 0 88 0 0 0 0 0
484 88 0 0 88 0 0 0 0 0
485 88 0 0 88 0 0 0 0 0
486 88 0 0 88 1 0 0 0 0
487 88 0 0 0 0 0 0 0 0
488 88 0 0 0 0 0 88 14 14
489 88 0 0 0 0 0 88 6 5
490 88 1 1 0 0 0 88 13 13
491 88 0 0 0 0 0 88 8 6
492 88 0 0 0 0 0 0 0 0
493 88 0 0 0 0 0 0 0 0
494 88 0 0 0 0 0 0 0 0
496 5 0 0 0 0 0 5 1 1
497 5 0 0 0 0 0 5 2 2
498 5 0 0 0 0 0 5 0 0
499 5 0 0 0 0 0 5 0 0
501 5 0 0 0 0 0 5 0 0
505 10 0 0 5 0 0 0 0 0
563 2 1 1 2 1 0 0 0 0
570 2 0 0 0 0 0 0 0 0
571 2 0 0 0 0 0 0 0 0
601 2 1 1 0 0 0 0 0 0
602 2 0 0 0 0 0 0 0 0
606 2 0 0 0 0 0 0 0 0
608 2 0 0 0 0 0 0 0 0
611 2 0 0 0 0 0 0 0 0
615 2 0 0 2 2 0 0 0 0
616 2 0 0 0 0 0 0 0 0
620 2 0 0 2 0 0 0 0 0
624 2 0 0 0 0 0 0 0 0
648 2 0 0 0 0 0 0 0 0
650 2 0 0 0 0 0 0 0 0
652 2 0 0 0 0 0 0 0 0
654 2 1 1 0 0 0 0 0 0
657 2 0 0 0 0 0 0 0 0
658 2 0 0 0 0 0 0 0 0
660 36818 0 0 36816 521 0 36816 573 197
663 2 0 0 0 0 0 2 1 0
665 2 0 0 0 0 0 2 0 0
667 4 0 0 2 1 0 0 0 0
fl=./string/../sysdeps/x86_64/multiarch/memset-vec-unaligned-erms.S
fn=__memset_avx2_unaligned_erms
158 9 1 1 0 0 0 0 0 0
159 18 0 0 0 0 0 0 0 0
164 9 0 0 0 0 0 0 0 0
165 9 0 0 0 0 0 0 0 0
166 9 0 0 0 0 0 0 0 0
167 9 0 0 0 0 0 0 0 0
168 9 0 0 0 0 0 0 0 0
170 2 0 0 0 0 0 2 2 2
171 2 0 0 0 0 0 2 0 0
172 4 0 0 2 0 0 0 0 0
181 1 0 0 0 0 0 1 1 1
182 1 0 0 0 0 0 1 0 0
184 2 0 0 1 0 0 0 0 0
237 7 1 1 7 3 1 0 0 0
238 7 0 0 0 0 0 0 0 0
244 5 0 0 0 0 0 5 5 5
245 5 0 0 0 0 0 5 3 3
257 5 0 0 0 0 0 0 0 0
260 5 0 0 0 0 0 0 0 0
261 5 0 0 0 0 0 0 0 0
273 4 0 0 0 0 0 4 1 1
274 4 0 0 0 0 0 4 3 3
287 4 0 0 0 0 0 0 0 0
288 4 0 0 0 0 0 0 0 0
290 4 0 0 0 0 0 0 0 0
293 3 0 0 0 0 0 0 0 0
296 3 0 0 0 0 0 0 0 0
299 24 0 0 0 0 0 24 14 14
300 24 0 0 0 0 0 24 9 9
301 24 0 0 0 0 0 24 15 15
302 24 0 0 0 0 0 24 9 9
303 24 0 0 0 0 0 0 0 0
304 24 0 0 0 0 0 0 0 0
305 27 0 0 0 0 0 0 0 0
308 4 1 1 0 0 0 4 0 0
309 4 0 0 0 0 0 4 2 2
310 4 0 0 0 0 0 4 0 0
311 4 0 0 0 0 0 4 1 1
314 8 0 0 4 0 0 0 0 0
325 2 1 1 0 0 0 0 0 0
326 2 0 0 0 0 0 0 0 0
327 2 0 0 0 0 0 0 0 0
328 8194 0 0 0 0 0 8192 130 130
329 2 0 0 0 0 0 0 0 0
330 4 0 0 2 0 0 0 0 0
fl=/home/wang/git-repositories/vcpkg/installed/x64-linux-clang-libcxx/include/boost/container_hash/hash.hpp
fn=unsigned int lob::v3::BookT<lob::ChecksumSink, 16u>::match<(lob::Side)0>(unsigned long, long, unsigned int)
538 16492 0 0 16492 0 0 0 0 0
fn=unsigned int lob::v3::BookT<lob::ChecksumSink, 16u>::match<(lob::Side)1>(unsigned long, long, unsigned int)
538 16225 0 0 16225 0 0 0 0 0
fl=/home/wang/git-repositories/vcpkg/installed/x64-linux-clang-libcxx/include/boost/unordered/detail/foa/core.hpp
fn=(anonymous namespace)::cmd_replay((anonymous namespace)::Args const&)
0 2842017 2 2 944365 0 0 0 0 0
271 1891858 0 0 0 0 0 0 0 0
272 1392766 1 1 0 0 0 0 0 0
279 2770816 0 0 1385408 1 1 0 0 0
336 945929 0 0 945929 10012 1 0 0 0
404 878958 1 1 0 0 0 0 0 0
849 6610555 2 2 2833095 92 25 0 0 0
881 1564 0 0 0 0 0 0 0 0
882 4692 0 0 0 0 0 0 0 0
883 1564 0 0 0 0 0 0 0 0
927 900200 0 0 0 0 0 0 0 0
1727 1891858 0 0 0 0 0 0 0 0
1729 945929 0 0 0 0 0 0 0 0
1732 893674 0 0 0 0 0 0 0 0
1733 446837 0 0 0 0 0 0 0 0
1737 1342940 0 0 0 0 0 0 0 0
1743 21242 0 0 0 0 0 0 0 0
1745 506450 0 0 0 0 0 0 0 0
1750 1564 0 0 0 0 0 0 0 0
1955 944365 0 0 944365 1 1 0 0 0
2266 3076353 0 0 878958 1 1 439479 0 0
fn=_ZN5boost9unordered6detail3foa10table_coreINS2_14flat_map_typesImN3lob2v35BookTINS5_12ChecksumSinkELj16EE3LocEEENS2_7group15INS2_14plain_integralEEENS2_12table_arraysENS2_18plain_size_controlENS_4hashImEENSt3__18equal_toImEENSJ_9allocatorINSJ_4pairIKmSA_EEEEE22for_all_elements_whileIZNSR_22for_all_elements_whileIZNSR_16for_all_elementsIZNSR_16unchecked_rehashERNSF_ISP_SE_NS2_16pow2_size_policyESQ_EEEUlPSP_E_EEDTcmclfL1p0_LDnEEcvv_EERKSW_T_EUlSY_E_EES10_S12_S13_EUlPSE_jSY_E_EEDTcmclfp0_LDnELi0ELDnEEcvv_EES12_S13_
0 5288 0 0 5208 3 0 48 0 0
296 11340 0 0 5670 174 0 0 0 0
297 5160 0 0 0 0 0 0 0 0
313 510 0 0 0 0 0 0 0 0
389 10320 0 0 5160 0 0 0 0 0
849 5160 0 0 0 0 0 0 0 0
927 15480 1 1 0 0 0 0 0 0
1033 9 1 1 9 0 0 0 0 0
1034 8 0 0 8 0 0 0 0 0
1955 5160 0 0 5160 0 0 0 0 0
1961 3060 1 1 0 0 0 0 0 0
2032 5160 0 0 5160 0 0 0 0 0
2063 18 0 0 0 0 0 0 0 0
2064 534 1 1 8 0 0 0 0 0
2065 1020 0 0 0 0 0 0 0 0
2067 11850 0 0 0 0 0 0 0 0
2069 10320 0 0 0 0 0 0 0 0
2075 18 1 1 9 0 0 0 0 0
2292 10320 1 1 10320 0 0 0 0 0
2350 5160 0 0 5160 0 0 0 0 0
2373 20640 0 0 0 0 0 0 0 0
2375 5160 0 0 0 0 0 0 0 0
2377 20640 1 1 5160 0 0 0 0 0
fn=boost::unordered::detail::foa::table_core<boost::unordered::detail::foa::flat_map_types<unsigned long, lob::v3::BookT<lob::ChecksumSink, 16u>::Loc>, boost::unordered::detail::foa::group15<boost::unordered::detail::foa::plain_integral>, boost::unordered::detail::foa::table_arrays, boost::unordered::detail::foa::plain_size_control, boost::hash<unsigned long>, std::__1::equal_to<unsigned long>, std::__1::allocator<std::__1::pair<unsigned long const, lob::v3::BookT<lob::ChecksumSink, 16u>::Loc> > >::unchecked_rehash(boost::unordered::detail::foa::table_arrays<std::__1::pair<unsigned long const, lob::v3::BookT<lob::ChecksumSink, 16u>::Loc>, boost::unordered::detail::foa::group15<boost::unordered::detail::foa::plain_integral>, boost::unordered::detail::foa::pow2_size_policy, std::__1::allocator<std::__1::pair<unsigned long const, lob::v3::BookT<lob::ChecksumSink, 16u>::Loc> > >&)
0 36 0 0 0 0 0 9 0 0
1033 18 0 0 18 3 1 0 0 0
1096 18 1 1 0 0 0 0 0 0
1108 16 0 0 8 0 0 0 0 0
1563 108 2 2 18 4 0 0 0 0
1811 45 0 0 9 0 0 0 0 0
2025 45 0 0 0 0 0 27 0 0
2054 9 0 0 0 0 0 9 0 0
2288 45 1 1 0 0 0 18 0 0
2289 9 0 0 0 0 0 9 0 0
2320 18 0 0 9 0 0 9 0 0
2321 9 0 0 0 0 0 9 0 0
2322 45 0 0 27 0 0 0 0 0
fn=boost::unordered::detail::foa::table_locator<boost::unordered::detail::foa::group15<boost::unordered::detail::foa::plain_integral>, std::__1::pair<unsigned long const, lob::v3::BookT<lob::ChecksumSink, 16u>::Loc> > boost::unordered::detail::foa::table_core<boost::unordered::detail::foa::flat_map_types<unsigned long, lob::v3::BookT<lob::ChecksumSink, 16u>::Loc>, boost::unordered::detail::foa::group15<boost::unordered::detail::foa::plain_integral>, boost::unordered::detail::foa::table_arrays, boost::unordered::detail::foa::plain_size_control, boost::hash<unsigned long>, std::__1::equal_to<unsigned long>, std::__1::allocator<std::__1::pair<unsigned long const, lob::v3::BookT<lob::ChecksumSink, 16u>::Loc> > >::unchecked_emplace_with_rehash<boost::unordered::detail::foa::try_emplace_args_t, unsigned long&, lob::v3::BookT<lob::ChecksumSink, 16u>::Loc>(unsigned long, boost::unordered::detail::foa::try_emplace_args_t&&, unsigned long&, lob::v3::BookT<lob::ChecksumSink, 16u>::Loc&&)
0 162 1 1 27 0 0 9 0 0
296 18 0 0 9 0 0 0 0 0
297 18 0 0 0 0 0 0 0 0
389 27 0 0 9 0 0 0 0 0
837 36 0 0 0 0 0 0 0 0
842 18 1 1 0 0 0 0 0 0
849 9 0 0 0 0 0 0 0 0
859 18 0 0 0 0 0 0 0 0
927 18 1 1 0 0 0 0 0 0
1031 36 0 0 0 0 0 36 1 0
1051 18 0 0 0 0 0 9 0 0
1057 36 1 1 0 0 0 0 0 0
1058 27 0 0 0 0 0 0 0 0
1059 9 0 0 0 0 0 0 0 0
1066 9 0 0 0 0 0 0 0 0
1073 18 0 0 0 0 0 0 0 0
1085 9 0 0 0 0 0 0 0 0
1108 9 0 0 0 0 0 0 0 0
1125 27 0 0 0 0 0 9 0 0
1126 9 0 0 0 0 0 0 0 0
1689 9 0 0 9 0 0 0 0 0
1983 90 1 1 0 0 0 54 0 0
1988 36 0 0 0 0 0 27 0 0
1999 18 0 0 0 0 0 9 0 0
2000 9 0 0 9 0 0 0 0 0
2002 81 0 0 63 3 1 0 0 0
2132 162 2 2 18 5 2 0 0 0
2373 18 0 0 0 0 0 0 0 0
2375 9 0 0 0 0 0 0 0 0
2377 45 0 0 0 0 0 0 0 0
fn=lob::v3::BookT<lob::ChecksumSink, 16u>::erase(boost::unordered::detail::foa::table_iterator<boost::unordered::detail::foa::flat_map_types<unsigned long, lob::v3::BookT<lob::ChecksumSink, 16u>::Loc>, boost::unordered::detail::foa::group15<boost::unordered::detail::foa::plain_integral>*, false>)
279 88416 0 0 44208 0 0 0 0 0
404 44208 0 0 0 0 0 0 0 0
2266 154728 0 0 44208 0 0 22104 0 0
fn=lob::v3::BookT<lob::ChecksumSink, 16u>::modify(unsigned long, long, unsigned int)
0 335462 1 1 56048 0 0 0 0 0
271 111270 0 0 0 0 0 0 0 0
272 111270 0 0 0 0 0 0 0 0
336 55635 0 0 55635 274 0 0 0 0
849 389445 0 0 166905 2 1 0 0 0
927 112096 0 0 0 0 0 0 0 0
1727 111270 1 1 0 0 0 0 0 0
1729 55635 0 0 0 0 0 0 0 0
1732 111270 0 0 0 0 0 0 0 0
1733 111270 0 0 0 0 0 55635 0 0
1737 168144 0 0 0 0 0 0 0 0
1743 826 0 0 0 0 0 0 0 0
1955 55635 1 1 55635 0 0 0 0 0
fn=lob::v3::BookT<lob::ChecksumSink, 16u>::rest(unsigned long, lob::Side, long, unsigned int)
0 7573592 4 4 2998325 1 0 14504 0 0
271 995248 0 0 0 0 0 0 0 0
272 504875 0 0 0 0 0 0 0 0
279 995248 1 1 497624 1 0 0 0 0
296 992214 0 0 496107 1 0 0 0 0
297 992200 1 1 0 0 0 0 0 0
336 497624 0 0 497624 1 0 0 0 0
849 496102 0 0 0 0 0 0 0 0
881 1522 0 0 0 0 0 0 0 0
882 4594 0 0 0 0 0 0 0 0
883 1522 0 0 0 0 0 0 0 0
927 1006692 0 0 0 0 0 0 0 0
1727 995248 0 0 0 0 0 0 0 0
1729 497624 0 0 0 0 0 0 0 0
1732 14502 0 0 0 0 0 0 0 0
1733 7251 0 0 0 0 0 0 0 0
1737 14506 0 0 0 0 0 0 0 0
1743 14506 0 0 0 0 0 0 0 0
1745 497624 0 0 0 0 0 0 0 0
1750 1522 0 0 0 0 0 0 0 0
1955 496102 0 0 496102 1 0 0 0 0
1970 496093 0 0 496093 0 0 0 0 0
2373 1984428 0 0 0 0 0 0 0 0
2375 496135 0 0 0 0 0 0 0 0
2377 1984372 0 0 0 0 0 0 0 0
fn=unsigned int lob::v3::BookT<lob::ChecksumSink, 16u>::match<(lob::Side)0>(unsigned long, long, unsigned int)
0 65968 0 0 16492 0 0 16492 0 0
271 32984 0 0 0 0 0 0 0 0
272 32984 0 0 0 0 0 0 0 0
279 65968 0 0 32984 0 0 0 0 0
336 16492 0 0 16492 82 0 0 0 0
404 16492 0 0 0 0 0 0 0 0
849 131936 0 0 49476 1 0 16492 0 0
927 33172 0 0 0 0 0 0 0 0
1727 32984 1 1 0 0 0 0 0 0
1729 16492 0 0 0 0 0 0 0 0
1732 32984 0 0 0 0 0 0 0 0
1733 16492 0 0 0 0 0 0 0 0
1737 49758 1 1 0 0 0 0 0 0
1743 188 0 0 0 0 0 0 0 0
2266 115444 0 0 16492 0 0 16492 0 0
fn=unsigned int lob::v3::BookT<lob::ChecksumSink, 16u>::match<(lob::Side)1>(unsigned long, long, unsigned int)
0 64900 0 0 16225 0 0 16225 0 0
271 32450 1 1 0 0 0 0 0 0
272 32450 0 0 0 0 0 0 0 0
279 64900 0 0 32450 0 0 0 0 0
336 16225 0 0 16225 73 0 0 0 0
404 16225 0 0 0 0 0 0 0 0
849 129800 1 1 48675 2 0 16225 0 0
927 32620 0 0 0 0 0 0 0 0
1727 32450 0 0 0 0 0 0 0 0
1729 16225 0 0 0 0 0 0 0 0
1732 32450 0 0 0 0 0 0 0 0
1733 16225 0 0 0 0 0 0 0 0
1737 48930 0 0 0 0 0 0 0 0
1743 170 0 0 0 0 0 0 0 0
2266 113575 1 1 16225 0 0 16225 0 0
fl=/home/wang/git-repositories/vcpkg/installed/x64-linux-clang-libcxx/include/boost/unordered/detail/foa/table.hpp
fn=(anonymous namespace)::cmd_replay((anonymous namespace)::Args const&)
40 439479 0 0 0 0 0 439479 0 0
fn=_ZN5boost9unordered6detail3foa10table_coreINS2_14flat_map_typesImN3lob2v35BookTINS5_12ChecksumSinkELj16EE3LocEEENS2_7group15INS2_14plain_integralEEENS2_12table_arraysENS2_18plain_size_controlENS_4hashImEENSt3__18equal_toImEENSJ_9allocatorINSJ_4pairIKmSA_EEEEE22for_all_elements_whileIZNSR_22for_all_elements_whileIZNSR_16for_all_elementsIZNSR_16unchecked_rehashERNSF_ISP_SE_NS2_16pow2_size_policyESQ_EEEUlPSP_E_EEDTcmclfL1p0_LDnEEcvv_EERKSW_T_EUlSY_E_EES10_S12_S13_EUlPSE_jSY_E_EEDTcmclfp0_LDnELi0ELDnEEcvv_EES12_S13_
40 5160 0 0 0 0 0 5160 0 0
fn=boost::unordered::detail::foa::table_locator<boost::unordered::detail::foa::group15<boost::unordered::detail::foa::plain_integral>, std::__1::pair<unsigned long const, lob::v3::BookT<lob::ChecksumSink, 16u>::Loc> > boost::unordered::detail::foa::table_core<boost::unordered::detail::foa::flat_map_types<unsigned long, lob::v3::BookT<lob::ChecksumSink, 16u>::Loc>, boost::unordered::detail::foa::group15<boost::unordered::detail::foa::plain_integral>, boost::unordered::detail::foa::table_arrays, boost::unordered::detail::foa::plain_size_control, boost::hash<unsigned long>, std::__1::equal_to<unsigned long>, std::__1::allocator<std::__1::pair<unsigned long const, lob::v3::BookT<lob::ChecksumSink, 16u>::Loc> > >::unchecked_emplace_with_rehash<boost::unordered::detail::foa::try_emplace_args_t, unsigned long&, lob::v3::BookT<lob::ChecksumSink, 16u>::Loc>(unsigned long, boost::unordered::detail::foa::try_emplace_args_t&&, unsigned long&, lob::v3::BookT<lob::ChecksumSink, 16u>::Loc&&)
0 27 1 1 9 0 0 9 0 0
40 18 1 1 0 0 0 18 0 0
fn=lob::v3::BookT<lob::ChecksumSink, 16u>::erase(boost::unordered::detail::foa::table_iterator<boost::unordered::detail::foa::flat_map_types<unsigned long, lob::v3::BookT<lob::ChecksumSink, 16u>::Loc>, boost::unordered::detail::foa::group15<boost::unordered::detail::foa::plain_integral>*, false>)
40 22104 0 0 0 0 0 22104 0 0
fn=lob::v3::BookT<lob::ChecksumSink, 16u>::rest(unsigned long, lob::Side, long, unsigned int)
0 18 0 0 9 0 0 0 0 0
40 496093 0 0 0 0 0 496093 0 0
46 14 0 0 14 0 0 0 0 0
640 1488306 0 0 992204 0 0 0 0 0
650 27 0 0 0 0 0 9 0 0
fn=unsigned int lob::v3::BookT<lob::ChecksumSink, 16u>::match<(lob::Side)0>(unsigned long, long, unsigned int)
0 16492 0 0 16492 0 0 0 0 0
40 16492 1 1 0 0 0 16492 0 0
140 16492 1 1 0 0 0 0 0 0
fn=unsigned int lob::v3::BookT<lob::ChecksumSink, 16u>::match<(lob::Side)1>(unsigned long, long, unsigned int)
0 16225 0 0 16225 0 0 0 0 0
40 16225 0 0 0 0 0 16225 0 0
140 16225 1 1 0 0 0 0 0 0
fl=/home/wang/git-repositories/vcpkg/installed/x64-linux-clang-libcxx/include/boost/unordered/detail/mulx.hpp
fn=(anonymous namespace)::cmd_replay((anonymous namespace)::Args const&)
45 2833095 1 1 0 0 0 0 0 0
46 944365 0 0 0 0 0 0 0 0
fn=_ZN5boost9unordered6detail3foa10table_coreINS2_14flat_map_typesImN3lob2v35BookTINS5_12ChecksumSinkELj16EE3LocEEENS2_7group15INS2_14plain_integralEEENS2_12table_arraysENS2_18plain_size_controlENS_4hashImEENSt3__18equal_toImEENSJ_9allocatorINSJ_4pairIKmSA_EEEEE22for_all_elements_whileIZNSR_22for_all_elements_whileIZNSR_16for_all_elementsIZNSR_16unchecked_rehashERNSF_ISP_SE_NS2_16pow2_size_policyESQ_EEEUlPSP_E_EEDTcmclfL1p0_LDnEEcvv_EERKSW_T_EUlSY_E_EES10_S12_S13_EUlPSE_jSY_E_EEDTcmclfp0_LDnELi0ELDnEEcvv_EES12_S13_
45 5160 0 0 5160 1343 0 0 0 0
46 5160 0 0 0 0 0 0 0 0
fn=lob::v3::BookT<lob::ChecksumSink, 16u>::modify(unsigned long, long, unsigned int)
45 111270 0 0 0 0 0 0 0 0
46 55635 0 0 0 0 0 0 0 0
fn=lob::v3::BookT<lob::ChecksumSink, 16u>::rest(unsigned long, lob::Side, long, unsigned int)
45 992204 0 0 0 0 0 0 0 0
46 496102 0 0 0 0 0 0 0 0
fn=unsigned int lob::v3::BookT<lob::ChecksumSink, 16u>::match<(lob::Side)0>(unsigned long, long, unsigned int)
0 16492 1 1 16492 0 0 0 0 0
45 16492 0 0 0 0 0 0 0 0
46 16492 0 0 0 0 0 0 0 0
fn=unsigned int lob::v3::BookT<lob::ChecksumSink, 16u>::match<(lob::Side)1>(unsigned long, long, unsigned int)
0 16225 0 0 16225 0 0 0 0 0
45 16225 0 0 0 0 0 0 0 0
46 16225 0 0 0 0 0 0 0 0
fl=/home/wang/sources/cxx/book/include/lob/events.hpp
fn=(anonymous namespace)::cmd_replay((anonymous namespace)::Args const&)
0 3076353 0 0 0 0 0 439479 0 0
92 439479 0 0 439479 0 0 0 0 0
93 878958 0 0 439479 0 0 0 0 0
fn=lob::v3::BookT<lob::ChecksumSink, 16u>::modify(unsigned long, long, unsigned int)
0 55635 1 1 55635 0 0 0 0 0
92 22104 0 0 22104 0 0 0 0 0
93 512142 0 0 55635 0 0 55635 0 0
fn=lob::v3::BookT<lob::ChecksumSink, 16u>::rest(unsigned long, lob::Side, long, unsigned int)
81 496102 0 0 0 0 0 0 0 0
92 496102 0 0 496102 0 0 0 0 0
93 6449326 1 1 1488306 4 1 496102 0 0
fn=unsigned int lob::v3::BookT<lob::ChecksumSink, 16u>::match<(lob::Side)0>(unsigned long, long, unsigned int)
92 93015 1 1 31005 0 0 31005 0 0
93 372060 0 0 62010 1236 0 31005 0 0
fn=unsigned int lob::v3::BookT<lob::ChecksumSink, 16u>::match<(lob::Side)1>(unsigned long, long, unsigned int)
92 92103 0 0 30701 0 0 30701 0 0
93 368412 1 1 61402 1276 0 30701 0 0
fl=/home/wang/sources/cxx/book/include/lob/replay.hpp
fn=(anonymous namespace)::cmd_replay((anonymous namespace)::Args const&)
0 1000002 0 0 1000001 125000 125000 0 0 0
21 4888730 1 1 1000000 179946 179942 0 0 0
23 1514658 1 1 1514658 63211 63211 0 0 0
27 439479 0 0 0 0 0 0 0 0
29 278175 0 0 111270 6848 6848 55635 0 0
37 1000001 0 0 0 0 0 0 0 0
fl=/home/wang/sources/cxx/book/include/lob/v3/book.hpp
fn=(anonymous namespace)::cmd_replay((anonymous namespace)::Args const&)
0 1132356 0 0 440645 0 0 0 0 0
67 1009772 0 0 0 0 0 0 0 0
68 1009772 0 0 0 0 0 0 0 0
76 878958 0 0 878958 251502 0 0 0 0
78 439479 0 0 439479 0 0 0 0 0
240 878958 1 1 439479 1 1 0 0 0
242 878958 0 0 439479 0 0 0 0 0
244 439479 0 0 439479 0 0 0 0 0
245 3515832 1 1 0 0 0 0 0 0
247 878958 0 0 0 0 0 0 0 0
276 878958 1 1 439479 0 0 439479 0 0
277 439479 0 0 0 0 0 439479 0 0
294 1757916 0 0 439479 29780 0 0 0 0
295 431755 0 0 0 0 0 431755 241863 0
297 7724 0 0 0 0 0 7724 135 0
298 878958 0 0 0 0 0 0 0 0
299 863834 0 0 0 0 0 431917 238439 0
301 7562 0 0 0 0 0 7562 33 0
302 439479 0 0 439479 251 0 0 0 0
306 1009772 1 1 0 0 0 0 0 0
307 1010616 2 2 0 0 0 252654 1 1
309 1008928 0 0 0 0 0 252232 0 0
310 1009772 0 0 0 0 0 0 0 0
311 3357312 0 0 0 0 0 479616 0 0
383 439479 0 0 0 0 0 0 0 0
384 439479 0 0 439479 0 0 0 0 0
385 1318437 0 0 439479 0 0 0 0 0
386 439479 1 1 439479 2932 1 0 0 0
389 882456 0 0 440645 49 1 0 0 0
fn=lob::v3::BookT<lob::ChecksumSink, 16u>::alloc_node(unsigned long, unsigned int)
0 496102 0 0 0 0 0 0 0 0
262 3472714 1 1 0 0 0 2976612 1 1
263 992204 1 1 496102 0 0 0 0 0
264 496102 0 0 0 0 0 0 0 0
265 1482300 0 0 494100 21551 0 494100 0 0
266 494100 0 0 0 0 0 0 0 0
267 4004 0 0 0 0 0 0 0 0
271 1490308 1 1 0 0 0 1488306 33476 0
272 3968816 0 0 3472714 1 0 0 0 0
fn=lob::v3::BookT<lob::ChecksumSink, 16u>::erase(boost::unordered::detail::foa::table_iterator<boost::unordered::detail::foa::flat_map_types<unsigned long, lob::v3::BookT<lob::ChecksumSink, 16u>::Loc>, boost::unordered::detail::foa::group15<boost::unordered::detail::foa::plain_integral>*, false>)
0 88490 1 1 44282 0 0 0 0 0
240 44208 0 0 22104 0 0 0 0 0
242 44208 0 0 22104 0 0 0 0 0
244 22104 0 0 22104 0 0 0 0 0
245 176832 1 1 0 0 0 0 0 0
247 44208 0 0 0 0 0 0 0 0
276 44208 1 1 22104 0 0 22104 0 0
277 22104 0 0 0 0 0 22104 0 0
294 88416 1 1 22104 1509 0 0 0 0
295 21733 0 0 0 0 0 21733 12231 0
297 371 0 0 0 0 0 371 12 0
298 44208 0 0 0 0 0 0 0 0
299 43400 0 0 0 0 0 21700 11920 0
301 404 0 0 0 0 0 404 2 0
302 22104 1 1 22104 22 0 0 0 0
382 110520 0 0 0 0 0 44208 0 0
383 22104 1 1 0 0 0 0 0 0
384 22104 0 0 22104 0 0 0 0 0
385 66312 0 0 22104 0 0 0 0 0
386 66312 0 0 66312 168 0 0 0 0
389 44430 0 0 22178 2 0 0 0 0
405 88416 0 0 66312 0 0 0 0 0
fn=lob::v3::BookT<lob::ChecksumSink, 16u>::modify(unsigned long, long, unsigned int)
0 556350 1 1 244644 30885 0 0 0 0
81 611985 1 1 0 0 0 445080 0 0
84 111270 0 0 0 0 0 0 0 0
85 111270 1 1 0 0 0 0 0 0
88 55635 0 0 55635 959 0 0 0 0
89 222540 0 0 55635 0 0 0 0 0
90 67062 1 1 33531 277 0 0 0 0
91 33531 0 0 0 0 0 33531 0 0
92 67062 0 0 67062 0 0 0 0 0
95 22104 0 0 22104 0 0 0 0 0
97 22104 0 0 0 0 0 22104 0 0
98 22104 1 1 22104 0 0 0 0 0
100 313192 0 0 274043 0 0 0 0 0
240 67062 0 0 33531 0 0 0 0 0
242 100593 1 1 33531 0 0 0 0 0
244 33531 0 0 33531 0 0 0 0 0
245 301779 0 0 0 0 0 0 0 0
247 100593 1 1 0 0 0 0 0 0
257 67062 0 0 0 0 0 0 0 0
306 44208 0 0 0 0 0 0 0 0
307 11143 0 0 0 0 0 11143 0 0
309 10961 0 0 0 0 0 10961 0 0
310 46976 0 0 0 0 0 0 0 0
311 214318 1 1 115402 0 0 0 0 0
fn=lob::v3::BookT<lob::ChecksumSink, 16u>::rest(unsigned long, lob::Side, long, unsigned int)
0 993572 1 1 1298 0 0 496102 0 0
242 1488306 0 0 496102 0 0 0 0 0
244 496102 0 0 496102 0 0 0 0 0
245 3968816 0 0 0 0 0 0 0 0
247 992204 1 1 0 0 0 0 0 0
252 4 0 0 0 0 0 1 0 0
253 1 1 1 0 0 0 1 0 0
282 1984408 1 1 496102 0 0 496102 0 0
283 992204 1 1 0 0 0 496102 0 0
284 496102 0 0 0 0 0 0 0 0
285 989664 0 0 0 0 0 494832 12016 0
287 1270 0 0 0 0 0 1270 0 0
288 496102 0 0 0 0 0 496102 0 0
289 496102 0 0 496102 743 8 0 0 0
365 6449326 1 1 0 0 0 3472714 0 0
366 1488306 0 0 0 0 0 496102 0 0
367 1488316 1 1 496103 1 0 496102 0 0
371 1488306 0 0 496102 0 0 0 0 0
372 996014 0 0 496102 3156 21 0 0 0
377 1488306 0 0 496102 0 0 496102 0 0
378 1984408 0 0 0 0 0 1488306 1 0
379 496102 1 1 496102 5 2 0 0 0
380 3968816 0 0 3472714 7 2 0 0 0
fn=unsigned int lob::v3::BookT<lob::ChecksumSink, 16u>::match<(lob::Side)0>(unsigned long, long, unsigned int)
0 2969526 4 4 405827 3 1 621976 79 0
249 527592 0 0 263796 0 0 0 0 0
276 16492 0 0 0 0 0 16492 0 0
277 32984 0 0 0 0 0 16492 0 0
294 115444 0 0 49476 60 0 0 0 0
297 49476 0 0 16492 0 0 16492 0 0
298 32984 0 0 0 0 0 0 0 0
299 16492 0 0 0 0 0 16492 9760 0
302 16492 0 0 16492 0 0 0 0 0
317 2110376 2 2 0 0 0 1846579 2 2
326 527594 0 0 0 0 0 0 0 0
329 791391 0 0 0 0 0 0 0 0
332 263796 0 0 0 0 0 0 0 0
337 263796 0 0 0 0 0 0 0 0
339 775810 0 0 263796 0 0 0 0 0
340 155780 1 1 31156 0 0 31156 0 0
341 93015 1 1 0 0 0 0 0 0
343 31005 0 0 0 0 0 0 0 0
344 124020 0 0 0 0 0 0 0 0
347 93015 0 0 0 0 0 31005 0 0
348 31005 0 0 31005 0 0 0 0 0
349 31005 0 0 0 0 0 0 0 0
355 31156 0 0 0 0 0 0 0 0
362 2374173 2 2 1846579 0 0 0 0 0
fn=unsigned int lob::v3::BookT<lob::ChecksumSink, 16u>::match<(lob::Side)1>(unsigned long, long, unsigned int)
0 2941871 5 5 386588 1 0 619161 91 0
249 526386 0 0 263193 0 0 0 0 0
276 16225 0 0 0 0 0 16225 0 0
277 32450 0 0 0 0 0 16225 0 0
294 129800 0 0 64900 86 0 0 0 0
297 48675 0 0 16225 0 0 16225 0 0
298 32450 0 0 0 0 0 0 0 0
299 16225 0 0 0 0 0 16225 9656 0
302 16225 0 0 16225 0 0 0 0 0
317 2105544 0 0 0 0 0 1842351 0 0
326 526386 0 0 0 0 0 0 0 0
329 789579 0 0 0 0 0 0 0 0
332 263193 0 0 0 0 0 0 0 0
337 263193 0 0 0 0 0 0 0 0
339 774269 0 0 263193 0 0 0 0 0
340 153100 0 0 30620 0 0 30620 0 0
341 92103 1 1 0 0 0 0 0 0
343 30701 0 0 0 0 0 0 0 0
344 122804 0 0 0 0 0 0 0 0
347 92103 0 0 0 0 0 30701 0 0
348 30701 0 0 30701 0 0 0 0 0
349 30701 0 0 0 0 0 0 0 0
355 30620 0 0 0 0 0 0 0 0
362 2368737 1 1 1842351 0 0 0 0 0
fl=/home/wang/sources/cxx/book/include/lob/v3/hier_bitmap.hpp
fn=(anonymous namespace)::cmd_replay((anonymous namespace)::Args const&)
0 1166 1 1 0 0 0 0 0 0
67 2332 0 0 0 0 0 0 0 0
68 4664 0 0 1166 436 0 0 0 0
fn=lob::v3::BookT<lob::ChecksumSink, 16u>::erase(boost::unordered::detail::foa::table_iterator<boost::unordered::detail::foa::flat_map_types<unsigned long, lob::v3::BookT<lob::ChecksumSink, 16u>::Loc>, boost::unordered::detail::foa::group15<boost::unordered::detail::foa::plain_integral>*, false>)
0 74 1 1 0 0 0 0 0 0
67 148 0 0 0 0 0 0 0 0
68 370 0 0 74 21 0 0 0 0
fn=lob::v3::BookT<lob::ChecksumSink, 16u>::rest(unsigned long, lob::Side, long, unsigned int)
0 6 0 0 0 0 0 0 0 0
57 2543 0 0 0 0 0 0 0 0
58 3819 1 1 1273 463 6 0 0 0
59 3825 0 0 2549 1 1 2546 914 0
fn=unsigned int lob::v3::BookT<lob::ChecksumSink, 16u>::match<(lob::Side)0>(unsigned long, long, unsigned int)
0 263796 1 1 263796 0 0 0 0 0
48 791390 1 1 527594 8 3 0 0 0
79 1318980 0 0 0 0 0 0 0 0
fn=unsigned int lob::v3::BookT<lob::ChecksumSink, 16u>::match<(lob::Side)1>(unsigned long, long, unsigned int)
0 263193 0 0 263193 0 0 0 0 0
48 789579 1 1 526386 6 2 0 0 0
89 2631930 1 1 0 0 0 0 0 0
fl=/home/wang/sources/cxx/book/source/main.cxx
fn=(anonymous namespace)::cmd_replay((anonymous namespace)::Args const&)
0 1 0 0 0 0 0 0 0 0
293 2 1 1 0 0 0 1 1 1
295 9 2 2 0 0 0 6 2 2
fl=/usr/include/c++/v1/__algorithm/comp.h
fn=unsigned int lob::v3::BookT<lob::ChecksumSink, 16u>::match<(lob::Side)0>(unsigned long, long, unsigned int)
41 31005 0 0 31005 1691 0 0 0 0
fn=unsigned int lob::v3::BookT<lob::ChecksumSink, 16u>::match<(lob::Side)1>(unsigned long, long, unsigned int)
41 30701 1 1 30701 1674 0 0 0 0
fl=/usr/include/c++/v1/__bit/countl.h
fn=unsigned int lob::v3::BookT<lob::ChecksumSink, 16u>::match<(lob::Side)1>(unsigned long, long, unsigned int)
28 1315965 0 0 526386 11 2 0 0 0
fl=/usr/include/c++/v1/__bit/countr.h
fn=unsigned int lob::v3::BookT<lob::ChecksumSink, 16u>::match<(lob::Side)0>(unsigned long, long, unsigned int)
28 1318980 0 0 527592 9 2 0 0 0
fl=/usr/include/c++/v1/__functional/operations.h
fn=(anonymous namespace)::cmd_replay((anonymous namespace)::Args const&)
300 450100 0 0 450100 375681 0 0 0 0
fn=lob::v3::BookT<lob::ChecksumSink, 16u>::modify(unsigned long, long, unsigned int)
300 56048 0 0 56048 46746 0 0 0 0
fn=lob::v3::BookT<lob::ChecksumSink, 16u>::rest(unsigned long, lob::Side, long, unsigned int)
300 14506 0 0 14506 83 0 0 0 0
fn=unsigned int lob::v3::BookT<lob::ChecksumSink, 16u>::match<(lob::Side)0>(unsigned long, long, unsigned int)
300 16586 0 0 16586 14904 0 0 0 0
fn=unsigned int lob::v3::BookT<lob::ChecksumSink, 16u>::match<(lob::Side)1>(unsigned long, long, unsigned int)
300 16310 0 0 16310 14671 0 0 0 0
fl=/usr/include/c++/v1/__iterator/wrap_iter.h
fn=(anonymous namespace)::cmd_replay((anonymous namespace)::Args const&)
65 1000000 0 0 0 0 0 0 0 0
125 1000002 0 0 1000000 4 1 1 1 1
fl=/usr/include/c++/v1/__math/rounding_functions.h
fn=boost::unordered::detail::foa::table_locator<boost::unordered::detail::foa::group15<boost::unordered::detail::foa::plain_integral>, std::__1::pair<unsigned long const, lob::v3::BookT<lob::ChecksumSink, 16u>::Loc> > boost::unordered::detail::foa::table_core<boost::unordered::detail::foa::flat_map_types<unsigned long, lob::v3::BookT<lob::ChecksumSink, 16u>::Loc>, boost::unordered::detail::foa::group15<boost::unordered::detail::foa::plain_integral>, boost::unordered::detail::foa::table_arrays, boost::unordered::detail::foa::plain_size_control, boost::hash<unsigned long>, std::__1::equal_to<unsigned long>, std::__1::allocator<std::__1::pair<unsigned long const, lob::v3::BookT<lob::ChecksumSink, 16u>::Loc> > >::unchecked_emplace_with_rehash<boost::unordered::detail::foa::try_emplace_args_t, unsigned long&, lob::v3::BookT<lob::ChecksumSink, 16u>::Loc>(unsigned long, boost::unordered::detail::foa::try_emplace_args_t&&, unsigned long&, lob::v3::BookT<lob::ChecksumSink, 16u>::Loc&&)
29 9 0 0 0 0 0 0 0 0
fl=/usr/include/c++/v1/__memory/allocator.h
fn=lob::v3::BookT<lob::ChecksumSink, 16u>::alloc_node(unsigned long, unsigned int)
100 24 0 0 0 0 0 0 0 0
fl=/usr/include/c++/v1/__memory/construct_at.h
fn=lob::v3::BookT<lob::ChecksumSink, 16u>::alloc_node(unsigned long, unsigned int)
38 6006 1 1 0 0 0 4004 646 252
fl=/usr/include/c++/v1/__memory/uninitialized_algorithms.h
fn=lob::v3::BookT<lob::ChecksumSink, 16u>::alloc_node(unsigned long, unsigned int)
0 12 0 0 12 1 0 0 0 0
638 48 0 0 0 0 0 12 0 0
fl=/usr/include/c++/v1/__new/allocate.h
fn=(anonymous namespace)::cmd_replay((anonymous namespace)::Args const&)
0 878958 1 1 439479 0 0 0 0 0
fn=boost::unordered::detail::foa::table_core<boost::unordered::detail::foa::flat_map_types<unsigned long, lob::v3::BookT<lob::ChecksumSink, 16u>::Loc>, boost::unordered::detail::foa::group15<boost::unordered::detail::foa::plain_integral>, boost::unordered::detail::foa::table_arrays, boost::unordered::detail::foa::plain_size_control, boost::hash<unsigned long>, std::__1::equal_to<unsigned long>, std::__1::allocator<std::__1::pair<unsigned long const, lob::v3::BookT<lob::ChecksumSink, 16u>::Loc> > >::unchecked_rehash(boost::unordered::detail::foa::table_arrays<std::__1::pair<unsigned long const, lob::v3::BookT<lob::ChecksumSink, 16u>::Loc>, boost::unordered::detail::foa::group15<boost::unordered::detail::foa::plain_integral>, boost::unordered::detail::foa::pow2_size_policy, std::__1::allocator<std::__1::pair<unsigned long const, lob::v3::BookT<lob::ChecksumSink, 16u>::Loc> > >&)
57 8 0 0 0 0 0 0 0 0
63 8 0 0 0 0 0 8 0 0
fn=boost::unordered::detail::foa::table_locator<boost::unordered::detail::foa::group15<boost::unordered::detail::foa::plain_integral>, std::__1::pair<unsigned long const, lob::v3::BookT<lob::ChecksumSink, 16u>::Loc> > boost::unordered::detail::foa::table_core<boost::unordered::detail::foa::flat_map_types<unsigned long, lob::v3::BookT<lob::ChecksumSink, 16u>::Loc>, boost::unordered::detail::foa::group15<boost::unordered::detail::foa::plain_integral>, boost::unordered::detail::foa::table_arrays, boost::unordered::detail::foa::plain_size_control, boost::hash<unsigned long>, std::__1::equal_to<unsigned long>, std::__1::allocator<std::__1::pair<unsigned long const, lob::v3::BookT<lob::ChecksumSink, 16u>::Loc> > >::unchecked_emplace_with_rehash<boost::unordered::detail::foa::try_emplace_args_t, unsigned long&, lob::v3::BookT<lob::ChecksumSink, 16u>::Loc>(unsigned long, boost::unordered::detail::foa::try_emplace_args_t&&, unsigned long&, lob::v3::BookT<lob::ChecksumSink, 16u>::Loc&&)
0 36 0 0 0 0 0 27 0 0
37 9 0 0 0 0 0 0 0 0
43 18 0 0 0 0 0 9 0 0
fn=lob::v3::BookT<lob::ChecksumSink, 16u>::alloc_node(unsigned long, unsigned int)
0 47 0 0 47 0 0 0 0 0
37 24 0 0 0 0 0 0 0 0
43 36 0 0 0 0 0 12 0 0
63 33 0 0 0 0 0 11 0 0
fl=/usr/include/c++/v1/__split_buffer
fn=lob::v3::BookT<lob::ChecksumSink, 16u>::alloc_node(unsigned long, unsigned int)
335 12 0 0 0 0 0 0 0 0
341 24 0 0 0 0 0 0 0 0
fl=/usr/include/c++/v1/__utility/pair.h
fn=_ZN5boost9unordered6detail3foa10table_coreINS2_14flat_map_typesImN3lob2v35BookTINS5_12ChecksumSinkELj16EE3LocEEENS2_7group15INS2_14plain_integralEEENS2_12table_arraysENS2_18plain_size_controlENS_4hashImEENSt3__18equal_toImEENSJ_9allocatorINSJ_4pairIKmSA_EEEEE22for_all_elements_whileIZNSR_22for_all_elements_whileIZNSR_16for_all_elementsIZNSR_16unchecked_rehashERNSF_ISP_SE_NS2_16pow2_size_policyESQ_EEEUlPSP_E_EEDTcmclfL1p0_LDnEEcvv_EERKSW_T_EUlSY_E_EES10_S12_S13_EUlPSE_jSY_E_EEDTcmclfp0_LDnELi0ELDnEEcvv_EES12_S13_
196 30960 0 0 15480 1101 0 15480 3188 3188
fn=boost::unordered::detail::foa::table_locator<boost::unordered::detail::foa::group15<boost::unordered::detail::foa::plain_integral>, std::__1::pair<unsigned long const, lob::v3::BookT<lob::ChecksumSink, 16u>::Loc> > boost::unordered::detail::foa::table_core<boost::unordered::detail::foa::flat_map_types<unsigned long, lob::v3::BookT<lob::ChecksumSink, 16u>::Loc>, boost::unordered::detail::foa::group15<boost::unordered::detail::foa::plain_integral>, boost::unordered::detail::foa::table_arrays, boost::unordered::detail::foa::plain_size_control, boost::hash<unsigned long>, std::__1::equal_to<unsigned long>, std::__1::allocator<std::__1::pair<unsigned long const, lob::v3::BookT<lob::ChecksumSink, 16u>::Loc> > >::unchecked_emplace_with_rehash<boost::unordered::detail::foa::try_emplace_args_t, unsigned long&, lob::v3::BookT<lob::ChecksumSink, 16u>::Loc>(unsigned long, boost::unordered::detail::foa::try_emplace_args_t&&, unsigned long&, lob::v3::BookT<lob::ChecksumSink, 16u>::Loc&&)
445 18 0 0 9 0 0 9 9 9
446 36 0 0 18 0 0 18 3 3
fn=lob::v3::BookT<lob::ChecksumSink, 16u>::rest(unsigned long, lob::Side, long, unsigned int)
445 496093 0 0 0 0 0 496093 341761 1155
446 1984372 0 0 992186 0 0 992186 8198 1196
fl=/usr/include/c++/v1/__utility/swap.h
fn=lob::v3::BookT<lob::ChecksumSink, 16u>::alloc_node(unsigned long, unsigned int)
44 36 1 1 0 0 0 36 1 0
fl=/usr/include/c++/v1/__vector/vector.h
fn=(anonymous namespace)::cmd_replay((anonymous namespace)::Args const&)
0 1 1 1 0 0 0 1 1 1
388 1 0 0 1 0 0 0 0 0
407 2182109 0 0 439479 1 1 0 0 0
449 1 0 0 1 1 1 0 0 0
fn=lob::v3::BookT<lob::ChecksumSink, 16u>::alloc_node(unsigned long, unsigned int)
0 72 1 1 0 0 0 48 1 1
388 18018 1 1 4004 0 0 0 0 0
391 48 1 1 0 0 0 0 0 0
407 1486304 0 0 496102 0 0 0 0 0
475 1990 0 0 0 0 0 0 0 0
902 24 0 0 0 0 0 0 0 0
905 60 0 0 0 0 0 0 0 0
1128 12 0 0 0 0 0 0 0 0
1131 24 0 0 0 0 0 0 0 0
1146 6006 0 0 2002 0 0 0 0 0
1149 1990 0 0 0 0 0 0 0 0
1152 2002 0 0 0 0 0 2002 0 0
fn=lob::v3::BookT<lob::ChecksumSink, 16u>::erase(boost::unordered::detail::foa::table_iterator<boost::unordered::detail::foa::flat_map_types<unsigned long, lob::v3::BookT<lob::ChecksumSink, 16u>::Loc>, boost::unordered::detail::foa::group15<boost::unordered::detail::foa::plain_integral>*, false>)
407 87641 0 0 22104 0 0 0 0 0
fn=lob::v3::BookT<lob::ChecksumSink, 16u>::modify(unsigned long, long, unsigned int)
407 111270 0 0 55635 0 0 0 0 0
fn=lob::v3::BookT<lob::ChecksumSink, 16u>::rest(unsigned long, lob::Side, long, unsigned int)
407 1487036 0 0 496102 0 0 0 0 0
fn=unsigned int lob::v3::BookT<lob::ChecksumSink, 16u>::match<(lob::Side)0>(unsigned long, long, unsigned int)
407 47497 0 0 0 0 0 0 0 0
fn=unsigned int lob::v3::BookT<lob::ChecksumSink, 16u>::match<(lob::Side)1>(unsigned long, long, unsigned int)
407 46926 0 0 0 0 0 0 0 0
fl=/usr/include/c++/v1/map
fn=unsigned int lob::v3::BookT<lob::ChecksumSink, 16u>::match<(lob::Side)0>(unsigned long, long, unsigned int)
1031 527593 1 1 263797 3 1 0 0 0
fn=unsigned int lob::v3::BookT<lob::ChecksumSink, 16u>::match<(lob::Side)1>(unsigned long, long, unsigned int)
1031 526386 1 1 263193 0 0 0 0 0
fl=???
fn=???
0 179 5 5 120 33 10 0 0 0
fn=operator delete(void*)
0 95 0 0 19 0 0 19 0 0
fn=operator delete(void*, unsigned long)
0 95 1 1 19 0 0 19 0 0
fn=operator new(unsigned long)
0 357 2 2 63 0 0 84 2 1
summary: 206336870 236 236 55595513 1191802 375173 26826387 925301 6275
