==96325== Cachegrind, a high-precision tracing profiler
==96325== Copyright (C) 2002-2017, and GNU GPL'd, by Nicholas Nethercote et al.
==96325== Using Valgrind-3.22.0 and LibVEX; rerun with -h for copyright info
==96325== Command: /home/wang/sources/cxx/book/build/profile/book replay --workload data/itch12302019_AAPL.ops --version v12
==96325== 
==96325== 
==96325== I refs:        275,686,670
==96325== I1  misses:            266
==96325== LLi misses:            256
==96325== I1  miss rate:        0.00%
==96325== LLi miss rate:        0.00%
==96325== 
==96325== D refs:        106,685,271  (78,317,954 rd   + 28,367,317 wr)
==96325== D1  misses:      3,048,860  ( 1,837,257 rd   +  1,211,603 wr)
==96325== LLd misses:        770,893  (   638,613 rd   +    132,280 wr)
==96325== D1  miss rate:         2.9% (       2.3%     +        4.3%  )
==96325== LLd miss rate:         0.7% (       0.8%     +        0.5%  )
==96325== 
==96325== LL refs:         3,049,126  ( 1,837,523 rd   +  1,211,603 wr)
==96325== LL misses:         771,149  (   638,869 rd   +    132,280 wr)
==96325== LL miss rate:          0.2% (       0.2%     +        0.5%  )
