==108681== Cachegrind, a high-precision tracing profiler
==108681== Copyright (C) 2002-2017, and GNU GPL'd, by Nicholas Nethercote et al.
==108681== Using Valgrind-3.22.0 and LibVEX; rerun with -h for copyright info
==108681== Command: /home/wang/sources/cxx/book/build/profile/book replay --workload data/syn_aggressive_s42.ops --version v18
==108681== 
==108681== 
==108681== I refs:        194,026,866
==108681== I1  misses:            350
==108681== LLi misses:            348
==108681== I1  miss rate:        0.00%
==108681== LLi miss rate:        0.00%
==108681== 
==108681== D refs:         63,814,785  (44,243,171 rd   + 19,571,614 wr)
==108681== D1  misses:      2,227,854  ( 1,014,907 rd   +  1,212,947 wr)
==108681== LLd misses:        378,382  (   375,151 rd   +      3,231 wr)
==108681== D1  miss rate:         3.5% (       2.3%     +        6.2%  )
==108681== LLd miss rate:         0.6% (       0.8%     +        0.0%  )
==108681== 
==108681== LL refs:         2,228,204  ( 1,015,257 rd   +  1,212,947 wr)
==108681== LL misses:         378,730  (   375,499 rd   +      3,231 wr)
==108681== LL miss rate:          0.1% (       0.2%     +        0.0%  )
