==23151== Cachegrind, a high-precision tracing profiler
==23151== Copyright (C) 2002-2017, and GNU GPL'd, by Nicholas Nethercote et al.
==23151== Using Valgrind-3.22.0 and LibVEX; rerun with -h for copyright info
==23151== Command: /home/wang/sources/cxx/book/build/profile/book replay --workload data/syn_deep_s42.ops --version v3
==23151== 
==23151== 
==23151== I refs:        209,778,595
==23151== I1  misses:            305
==23151== LLi misses:            305
==23151== I1  miss rate:        0.00%
==23151== LLi miss rate:        0.00%
==23151== 
==23151== D refs:         85,075,132  (57,026,963 rd   + 28,048,169 wr)
==23151== D1  misses:      4,282,257  ( 2,542,875 rd   +  1,739,382 wr)
==23151== LLd misses:        418,093  (   375,259 rd   +     42,834 wr)
==23151== D1  miss rate:         5.0% (       4.5%     +        6.2%  )
==23151== LLd miss rate:         0.5% (       0.7%     +        0.2%  )
==23151== 
==23151== LL refs:         4,282,562  ( 2,543,180 rd   +  1,739,382 wr)
==23151== LL misses:         418,398  (   375,564 rd   +     42,834 wr)
==23151== LL miss rate:          0.1% (       0.1%     +        0.2%  )
