==96270== Cachegrind, a high-precision tracing profiler
==96270== Copyright (C) 2002-2017, and GNU GPL'd, by Nicholas Nethercote et al.
==96270== Using Valgrind-3.22.0 and LibVEX; rerun with -h for copyright info
==96270== Command: /home/wang/sources/cxx/book/build/profile/book replay --workload data/syn_deep_s42.ops --version v15
==96270== 
==96270== 
==96270== I refs:        167,502,369
==96270== I1  misses:            341
==96270== LLi misses:            340
==96270== I1  miss rate:        0.00%
==96270== LLi miss rate:        0.00%
==96270== 
==96270== D refs:         59,991,930  (42,140,160 rd   + 17,851,770 wr)
==96270== D1  misses:      3,149,009  ( 2,176,643 rd   +    972,366 wr)
==96270== LLd misses:        414,689  (   375,470 rd   +     39,219 wr)
==96270== D1  miss rate:         5.2% (       5.2%     +        5.4%  )
==96270== LLd miss rate:         0.7% (       0.9%     +        0.2%  )
==96270== 
==96270== LL refs:         3,149,350  ( 2,176,984 rd   +    972,366 wr)
==96270== LL misses:         415,029  (   375,810 rd   +     39,219 wr)
==96270== LL miss rate:          0.2% (       0.2%     +        0.2%  )
