==100683== Cachegrind, a high-precision tracing profiler
==100683== Copyright (C) 2002-2017, and GNU GPL'd, by Nicholas Nethercote et al.
==100683== Using Valgrind-3.22.0 and LibVEX; rerun with -h for copyright info
==100683== Command: /home/wang/sources/cxx/book/build/profile/book replay --workload data/syn_deep_s42.ops --version v16
==100683== 
==100683== 
==100683== I refs:        170,267,042
==100683== I1  misses:            363
==100683== LLi misses:            357
==100683== I1  miss rate:        0.00%
==100683== LLi miss rate:        0.00%
==100683== 
==100683== D refs:         64,585,382  (44,153,892 rd   + 20,431,490 wr)
==100683== D1  misses:      3,417,212  ( 1,909,513 rd   +  1,507,699 wr)
==100683== LLd misses:        414,707  (   375,228 rd   +     39,479 wr)
==100683== D1  miss rate:         5.3% (       4.3%     +        7.4%  )
==100683== LLd miss rate:         0.6% (       0.8%     +        0.2%  )
==100683== 
==100683== LL refs:         3,417,575  ( 1,909,876 rd   +  1,507,699 wr)
==100683== LL misses:         415,064  (   375,585 rd   +     39,479 wr)
==100683== LL miss rate:          0.2% (       0.2%     +        0.2%  )
