desc: I1 cache:         32768 B, 64 B, 8-way associative
desc: D1 cache:         49152 B, 64 B, 12-way associative
desc: LL cache:         6291456 B, 64 B, 12-way associative
cmd: /home/wang/sources/cxx/book/build/profile/book replay --workload data/itch12302019_QQQ.ops --version v17
events: Ir I1mr ILmr Dr D1mr DLmr Dw D1mw DLmw 
fl=./elf/../sysdeps/generic/dl-new-hash.h
fn=_dl_lookup_symbol_x
69 2 0 0 0 0 0 0 0 0
70 4 0 0 0 0 0 0 0 0
74 15 0 0 15 2 1 0 0 0
77 30 0 0 0 0 0 0 0 0
80 14 0 0 14 0 0 0 0 0
81 28 0 0 0 0 0 0 0 0
87 1 1 1 0 0 0 0 0 0
88 1 0 0 0 0 0 0 0 0
89 2 0 0 0 0 0 0 0 0
90 1 0 0 0 0 0 0 0 0
99 13 0 0 0 0 0 0 0 0
101 13 0 0 0 0 0 0 0 0
102 26 0 0 0 0 0 0 0 0
104 13 1 1 0 0 0 0 0 0
105 13 0 0 0 0 0 0 0 0
fl=./elf/../sysdeps/generic/dl-protected.h
fn=do_lookup_x
29 8 0 0 0 0 0 0 0 0
fl=./elf/../sysdeps/generic/ldsodefs.h
fn=do_lookup_x
139 4 0 0 2 0 0 0 0 0
140 6 0 0 0 0 0 0 0 0
fl=./elf/../sysdeps/x86_64/dl-machine.h
fn=_dl_fixup
234 2 0 0 0 0 0 2 0 0
fl=./elf/../sysdeps/x86_64/dl-runtime.h
fn=_dl_fixup
28 2 0 0 0 0 0 0 0 0
fl=./elf/../sysdeps/x86_64/dl-trampoline.h
fn=_dl_runtime_resolve_xsave
71 2 1 1 0 0 0 0 0 0
76 2 0 0 0 0 0 2 0 0
79 2 0 0 0 0 0 0 0 0
81 2 0 0 0 0 0 0 0 0
91 2 0 0 2 2 1 0 0 0
97 2 0 0 0 0 0 2 2 1
98 2 0 0 0 0 0 2 0 0
99 2 1 1 0 0 0 2 0 0
100 2 0 0 0 0 0 2 0 0
101 2 0 0 0 0 0 2 0 0
102 2 0 0 0 0 0 2 0 0
103 2 0 0 0 0 0 2 0 0
107 2 0 0 0 0 0 0 0 0
108 2 0 0 0 0 0 0 0 0
111 2 0 0 0 0 0 2 1 0
112 2 0 0 0 0 0 2 0 0
114 2 0 0 0 0 0 2 0 0
115 2 0 0 0 0 0 2 0 0
116 2 1 1 0 0 0 2 0 0
117 2 0 0 0 0 0 2 0 0
118 2 0 0 0 0 0 2 0 0
119 2 0 0 0 0 0 2 0 0
121 2 0 0 2 0 0 66 15 8
128 2 0 0 2 0 0 0 0 0
129 2 0 0 2 0 0 0 0 0
130 2 0 0 0 0 0 2 2 1
131 2 0 0 0 0 0 0 0 0
136 2 0 0 0 0 0 0 0 0
137 2 0 0 0 0 0 0 0 0
138 2 0 0 72 0 0 0 0 0
140 2 1 1 2 0 0 0 0 0
141 2 0 0 2 0 0 0 0 0
142 2 0 0 2 0 0 0 0 0
143 2 0 0 2 0 0 0 0 0
144 2 0 0 2 0 0 0 0 0
145 2 0 0 2 0 0 0 0 0
146 2 0 0 2 0 0 0 0 0
148 2 0 0 0 0 0 0 0 0
150 2 0 0 2 0 0 0 0 0
154 2 0 0 0 0 0 0 0 0
156 2 0 0 0 0 0 0 0 0
fl=./elf/./elf/dl-lookup.c
fn=_dl_lookup_symbol_x
772 26 2 2 0 0 0 18 6 3
774 4 0 0 0 0 0 2 0 0
775 8 0 0 0 0 0 2 0 0
778 2 0 0 2 2 1 0 0 0
782 4 0 0 0 0 0 0 0 0
785 4 1 1 2 0 0 0 0 0
787 4 0 0 4 0 0 0 0 0
791 28 0 0 0 0 0 6 0 0
792 34 2 2 14 0 0 14 2 1
797 10 0 0 4 0 0 0 0 0
816 2 0 0 0 0 0 2 0 0
820 4 0 0 2 0 0 0 0 0
821 14 0 0 2 0 0 0 0 0
828 2 0 0 2 0 0 0 0 0
856 8 1 1 2 0 0 0 0 0
870 6 0 0 2 2 1 0 0 0
873 4 0 0 2 0 0 0 0 0
890 8 0 0 2 0 0 0 0 0
892 18 1 1 14 0 0 0 0 0
fn=check_match
70 30 1 1 4 2 2 12 2 1
73 16 1 1 4 0 0 0 0 0
86 10 0 0 0 0 0 0 0 0
89 16 1 1 4 0 0 2 0 0
93 2 0 0 2 2 1 0 0 0
94 4 0 0 0 0 0 0 0 0
144 4 1 1 0 0 0 0 0 0
146 12 0 0 4 2 2 0 0 0
147 8 1 1 0 0 0 0 0 0
161 2 0 0 0 0 0 0 0 0
162 16 0 0 14 0 0 0 0 0
fn=do_lookup_x
347 28 2 2 4 0 0 20 4 2
348 2 0 0 2 2 1 0 0 0
353 2 0 0 0 0 0 0 0 0
354 2 0 0 2 0 0 0 0 0
358 16 1 1 16 12 6 0 0 0
361 16 0 0 0 0 0 0 0 0
365 20 0 0 2 0 0 0 0 0
386 16 1 1 8 6 3 0 0 0
390 16 0 0 8 2 1 0 0 0
396 24 0 0 8 6 3 0 0 0
400 8 0 0 0 0 0 8 0 0
401 8 0 0 0 0 0 8 0 0
404 40 0 0 24 12 6 0 0 0
405 24 1 1 16 4 2 0 0 0
408 8 0 0 8 0 0 0 0 0
409 16 0 0 0 0 0 0 0 0
411 8 0 0 8 8 6 0 0 0
412 6 0 0 0 0 0 2 0 0
413 16 0 0 16 0 0 0 0 0
415 14 1 1 2 0 0 4 0 0
416 32 0 0 16 0 0 0 0 0
419 56 0 0 8 0 0 0 0 0
422 4 0 0 4 2 2 0 0 0
423 6 1 1 2 0 0 0 0 0
424 4 0 0 0 0 0 0 0 0
426 4 0 0 2 0 0 0 0 0
429 15 1 1 3 2 2 0 0 0
431 6 0 0 2 0 0 0 0 0
432 50 2 2 14 0 0 26 4 2
433 4 0 0 0 0 0 0 0 0
436 6 0 0 0 0 0 0 0 0
439 3 0 0 0 0 0 0 0 0
461 16 1 1 12 0 0 0 0 0
476 4 1 1 0 0 0 0 0 0
483 8 0 0 2 0 0 0 0 0
487 6 1 1 2 2 1 0 0 0
499 4 0 0 2 0 0 2 0 0
500 2 0 0 0 0 0 2 0 0
501 2 0 0 0 0 0 0 0 0
518 18 0 0 0 0 0 0 0 0
522 16 0 0 14 0 0 0 0 0
fl=./elf/./elf/dl-runtime.c
fn=_dl_fixup
46 22 2 2 0 0 0 12 0 0
48 10 0 0 8 8 4 0 0 0
49 6 1 1 4 2 1 0 0 0
54 2 0 0 2 2 1 0 0 0
55 8 0 0 2 2 1 0 0 0
56 14 0 0 2 2 2 2 2 1
58 4 0 0 2 0 0 0 0 0
63 4 0 0 0 0 0 0 0 0
67 4 0 0 2 2 2 0 0 0
69 4 0 0 0 0 0 0 0 0
71 6 1 1 2 2 1 0 0 0
75 6 0 0 4 4 3 0 0 0
76 8 0 0 2 0 0 0 0 0
77 6 0 0 2 2 1 0 0 0
84 2 1 1 0 0 0 0 0 0
85 6 0 0 2 1 0 0 0 0
95 22 0 0 4 2 1 6 0 0
99 10 1 1 6 0 0 0 0 0
109 20 0 0 8 0 0 2 0 0
124 8 1 1 2 0 0 0 0 0
133 6 0 0 2 2 1 0 0 0
159 6 0 0 2 0 0 0 0 0
163 16 1 1 14 0 0 0 0 0
fl=./malloc/./malloc/arena.c
fn=_mid_memalign.isra.0
153 8 0 0 0 0 0 0 0 0
fn=free
153 96 0 0 0 0 0 0 0 0
fn=malloc
153 52 0 0 0 0 0 0 0 0
fl=./malloc/./malloc/malloc.c
fn=_int_free
1792 15 0 0 15 8 0 0 0 0
1992 12 1 1 4 0 0 0 0 0
3163 34 1 1 17 0 0 17 0 0
3165 68 0 0 17 9 5 17 0 0
3166 17 0 0 0 0 0 17 0 0
3167 34 0 0 0 0 0 17 0 0
4495 224 1 1 0 0 0 128 0 0
4499 96 1 1 32 0 0 0 0 0
4505 128 0 0 0 0 0 0 0 0
4506 64 0 0 0 0 0 0 0 0
4510 160 0 0 0 0 0 0 0 0
4517 64 0 0 0 0 0 0 0 0
4518 192 1 1 96 9 0 0 0 0
4521 21 0 0 0 0 0 0 0 0
4527 63 0 0 42 7 2 0 0 0
4547 105 1 1 42 6 1 0 0 0
4550 17 0 0 0 0 0 0 0 0
4561 30 0 0 0 0 0 0 0 0
4572 16 0 0 4 0 0 0 0 0
4574 12 0 0 4 2 0 0 0 0
4593 4 0 0 0 0 0 0 0 0
4595 4 0 0 0 0 0 4 2 0
4596 4 0 0 0 0 0 0 0 0
4600 12 0 0 4 0 0 0 0 0
4602 8 0 0 4 2 0 0 0 0
4606 8 0 0 0 0 0 0 0 0
4608 12 0 0 0 0 0 4 0 0
4609 4 0 0 0 0 0 4 0 0
4628 16 0 0 0 0 0 0 0 0
4637 22 0 0 11 0 0 0 0 0
4640 22 0 0 11 6 0 0 0 0
4643 22 1 1 0 0 0 0 0 0
4646 22 0 0 0 0 0 0 0 0
4658 181 1 1 149 0 0 0 0 0
fn=_int_free_maybe_consolidate
4770 176 2 1 16 5 0 112 0 0
4776 32 0 0 0 0 0 0 0 0
4778 20 0 0 5 0 0 0 0 0
4781 15 0 0 0 0 0 0 0 0
4784 25 2 2 15 5 0 0 0 0
4785 5 0 0 3 0 0 0 0 0
4798 172 1 1 141 0 0 0 0 0
fn=_int_free_merge_chunk
1992 39 0 0 13 0 0 0 0 0
4665 104 1 1 0 0 0 78 0 0
4666 13 0 0 0 0 0 0 0 0
4670 78 0 0 13 6 0 0 0 0
4673 52 1 1 13 6 0 0 0 0
4675 39 1 1 13 7 0 0 0 0
4678 39 0 0 13 2 0 0 0 0
4681 26 0 0 0 0 0 0 0 0
4682 26 0 0 0 0 0 0 0 0
4683 26 0 0 13 6 0 0 0 0
4689 26 1 1 13 0 0 0 0 0
4691 9 0 0 9 0 0 0 0 0
4692 9 0 0 0 0 0 0 0 0
4693 9 0 0 0 0 0 0 0 0
4694 36 0 0 9 5 0 0 0 0
4696 18 0 0 0 0 0 9 5 0
4701 39 0 0 0 0 0 0 0 0
4702 91 0 0 78 0 0 0 0 0
4714 26 0 0 13 0 0 0 0 0
4720 22 0 0 11 2 0 0 0 0
4721 2 1 1 0 0 0 1 0 0
4722 2 0 0 0 0 0 0 0 0
4724 10 0 0 10 0 0 0 0 0
4732 11 0 0 0 0 0 0 0 0
4733 44 1 1 11 0 0 0 0 0
4734 22 0 0 11 0 0 0 0 0
4736 11 0 0 0 0 0 11 0 0
4738 22 0 0 0 0 0 0 0 0
4740 27 1 1 0 0 0 9 0 0
4743 11 0 0 0 0 0 11 0 0
4744 11 0 0 0 0 0 11 0 0
4746 33 0 0 0 0 0 11 0 0
4747 11 0 0 0 0 0 11 0 0
4756 2 0 0 0 0 0 0 0 0
4757 6 0 0 0 0 0 2 0 0
4758 4 0 0 0 0 0 2 0 0
fn=_int_malloc
1326 60 0 0 0 0 0 0 0 0
1345 180 0 0 0 0 0 0 0 0
1794 30 1 1 30 0 0 0 0 0
1985 12 0 0 4 0 0 0 0 0
2008 4 0 0 1 0 0 0 0 0
2552 30 0 0 10 10 3 10 1 0
2553 1 1 1 0 0 0 1 0 0
2564 10 1 1 5 5 2 0 0 0
2565 12 0 0 8 0 0 0 0 0
2568 16 0 0 4 0 0 0 0 0
2576 24 0 0 4 0 0 8 0 0
2577 8 0 0 0 0 0 0 0 0
2589 4 0 0 1 0 0 1 0 0
2590 2 0 0 0 0 0 1 0 0
2599 12 1 1 3 0 0 0 0 0
2605 3 0 0 2 0 0 0 0 0
2608 3 1 1 0 0 0 0 0 0
2669 3 1 1 1 0 0 1 0 0
2677 2 0 0 1 0 0 0 0 0
2678 3 0 0 1 0 0 1 0 0
2691 3 1 1 1 0 0 0 0 0
2693 1 0 0 1 0 0 0 0 0
2699 5 0 0 1 0 0 1 0 0
2707 2 0 0 0 0 0 0 0 0
2709 4 2 2 0 0 0 2 0 0
2710 3 0 0 1 0 0 0 0 0
2711 1 0 0 0 0 0 0 0 0
2712 1 0 0 0 0 0 0 0 0
2715 2 0 0 0 0 0 0 0 0
2744 7 1 1 3 0 0 0 0 0
2746 2 1 1 0 0 0 1 0 0
2752 8 0 0 1 0 0 0 0 0
2753 6 0 0 1 0 0 1 0 0
2921 3 1 1 2 0 0 0 0 0
2922 1 0 0 0 0 0 1 0 0
2926 1 0 0 1 0 0 0 0 0
2930 5 1 1 2 0 0 0 0 0
2932 1 0 0 0 0 0 0 0 0
2933 1 0 0 0 0 0 0 0 0
2934 1 0 0 0 0 0 1 0 0
2935 7 0 0 0 0 0 1 0 0
2936 2 0 0 0 0 0 1 1 1
2938 1 0 0 0 0 0 0 0 0
3846 330 2 2 30 15 2 210 11 2
3887 60 0 0 0 0 0 0 0 0
3914 60 0 0 0 0 0 0 0 0
3916 44 0 0 0 0 0 0 0 0
3919 11 0 0 11 3 1 0 0 0
3921 22 0 0 0 0 0 0 0 0
3930 33 2 2 0 0 0 0 0 0
3977 38 1 1 0 0 0 0 0 0
3979 40 0 0 0 0 0 0 0 0
3980 28 1 1 0 0 0 0 0 0
3982 42 0 0 14 7 4 0 0 0
4039 251 1 1 0 0 0 0 0 0
4040 48 0 0 16 12 1 0 0 0
4058 90 1 1 30 0 0 0 0 0
4059 90 0 0 0 0 0 30 9 2
4060 90 1 1 60 8 0 0 0 0
4069 42 0 0 0 0 0 21 0 0
4070 201 1 1 46 15 2 30 0 0
4072 24 0 0 24 1 0 0 0 0
4073 48 0 0 24 9 1 0 0 0
4074 24 0 0 0 0 0 0 0 0
4076 48 0 0 0 0 0 0 0 0
4077 72 1 1 24 12 1 0 0 0
4079 24 0 0 24 12 0 0 0 0
4080 96 0 0 0 0 0 0 0 0
4082 96 0 0 24 0 0 0 0 0
4084 48 1 1 24 2 0 0 0 0
4085 48 0 0 24 0 0 0 0 0
4087 48 0 0 0 0 0 0 0 0
4098 96 0 0 0 0 0 0 0 0
4099 20 1 1 10 0 0 0 0 0
4100 16 0 0 0 0 0 0 0 0
4101 8 0 0 0 0 0 0 0 0
4104 8 0 0 0 0 0 0 0 0
4105 8 1 1 0 0 0 0 0 0
4106 8 0 0 0 0 0 8 0 0
4107 24 0 0 0 0 0 8 0 0
4108 24 1 1 0 0 0 8 1 0
4109 16 0 0 0 0 0 0 0 0
4111 16 0 0 0 0 0 8 7 0
4115 64 0 0 0 0 0 8 0 0
4117 24 1 1 0 0 0 8 0 0
4118 8 0 0 0 0 0 8 0 0
4121 8 0 0 0 0 0 0 0 0
4122 24 0 0 0 0 0 8 0 0
4123 8 0 0 0 0 0 0 0 0
4127 16 0 0 0 0 0 16 0 0
4128 16 0 0 0 0 0 16 0 0
4132 32 0 0 0 0 0 0 0 0
4161 35 2 2 0 0 0 0 0 0
4163 4 0 0 0 0 0 2 0 0
4164 8 0 0 0 0 0 0 0 0
4165 2 0 0 2 2 0 0 0 0
4169 227 4 4 0 0 0 14 0 0
4170 42 1 1 0 0 0 0 0 0
4171 14 0 0 14 14 3 0 0 0
4174 28 0 0 0 0 0 0 0 0
4218 56 0 0 0 0 0 14 9 0
4221 112 2 2 32 12 1 0 0 0
4222 16 0 0 0 0 0 16 0 0
4223 16 0 0 0 0 0 16 0 0
4224 16 0 0 0 0 0 16 0 0
4225 16 0 0 0 0 0 16 0 0
4230 32 0 0 32 0 0 0 0 0
4231 32 0 0 0 0 0 0 0 0
4240 64 1 1 32 0 0 0 0 0
4246 26 0 0 0 0 0 0 0 0
4257 66 1 1 0 0 0 0 0 0
4259 64 0 0 0 0 0 0 0 0
4262 48 0 0 16 13 7 0 0 0
4263 23 1 1 1 0 0 0 0 0
4266 1 0 0 1 0 0 0 0 0
4267 6 0 0 1 0 0 0 0 0
4273 2 1 1 1 0 0 0 0 0
4278 3 0 0 0 0 0 1 0 0
4279 3 0 0 0 0 0 2 1 0
4282 4 0 0 2 0 0 0 0 0
4291 1 0 0 0 0 0 0 0 0
4295 4 1 1 1 0 0 0 0 0
4296 2 0 0 1 0 0 0 0 0
4299 1 0 0 0 0 0 1 1 0
4300 1 0 0 0 0 0 1 0 0
4301 1 0 0 0 0 0 1 0 0
4302 2 0 0 0 0 0 0 0 0
4304 2 0 0 0 0 0 1 1 0
4307 8 1 1 0 0 0 1 0 0
4309 3 0 0 0 0 0 1 0 0
4310 1 0 0 0 0 0 1 0 0
4313 1 0 0 0 0 0 0 0 0
4330 21 0 0 0 0 0 0 0 0
4331 42 0 0 0 0 0 0 0 0
4332 42 0 0 0 0 0 0 0 0
4333 42 0 0 21 3 1 0 0 0
4334 126 0 0 0 0 0 0 0 0
4339 100 1 1 0 0 0 0 0 0
4343 109 2 2 0 0 0 0 0 0
4346 76 1 1 19 0 0 0 0 0
4348 16 0 0 0 0 0 0 0 0
4349 8 0 0 0 0 0 0 0 0
4353 172 0 0 0 0 0 0 0 0
4355 78 0 0 0 0 0 0 0 0
4357 156 0 0 0 0 0 0 0 0
4361 8 0 0 8 4 0 0 0 0
4364 16 0 0 0 0 0 0 0 0
4366 20 0 0 0 0 0 4 0 0
4367 4 0 0 0 0 0 0 0 0
4368 4 0 0 0 0 0 0 0 0
4373 16 0 0 4 1 0 0 0 0
4376 8 0 0 0 0 0 0 0 0
4378 12 1 1 0 0 0 4 0 0
4381 12 0 0 0 0 0 8 0 0
4384 16 0 0 8 0 0 0 0 0
4394 4 0 0 0 0 0 0 0 0
4399 16 0 0 4 0 0 0 0 0
4400 8 1 1 4 0 0 0 0 0
4403 4 0 0 0 0 0 4 3 0
4404 4 0 0 0 0 0 4 0 0
4405 4 0 0 0 0 0 4 0 0
4408 8 0 0 0 0 0 0 0 0
4409 2 0 0 0 0 0 2 0 0
4410 8 0 0 0 0 0 0 0 0
4412 8 0 0 0 0 0 4 2 0
4415 32 1 1 0 0 0 4 0 0
4417 12 0 0 0 0 0 4 1 0
4418 4 0 0 0 0 0 4 0 0
4421 4 0 0 0 0 0 0 0 0
4443 17 1 1 17 0 0 0 0 0
4444 34 0 0 17 9 2 0 0 0
4446 34 0 0 17 3 1 0 0 0
4449 51 0 0 0 0 0 0 0 0
4451 12 0 0 0 0 0 0 0 0
4452 24 1 1 0 0 0 0 0 0
4453 12 0 0 0 0 0 12 0 0
4454 96 1 1 0 0 0 12 0 0
4456 24 0 0 0 0 0 12 12 12
4459 26 0 0 0 0 0 0 0 0
4460 54 0 0 0 0 0 18 2 1
4461 18 0 0 0 0 0 0 0 0
4466 20 0 0 5 0 0 5 0 0
4482 9 0 0 0 0 0 0 0 0
4487 360 3 2 270 0 0 0 0 0
fn=_int_memalign
1326 8 0 0 0 0 0 0 0 0
1345 32 1 1 0 0 0 0 0 0
4714 6 0 0 0 0 0 0 0 0
4720 2 0 0 1 0 0 0 0 0
4721 1 0 0 0 0 0 1 0 0
4722 2 0 0 0 0 0 0 0 0
4732 1 0 0 0 0 0 0 0 0
4733 4 0 0 1 0 0 0 0 0
4734 2 0 0 1 0 0 0 0 0
4736 1 0 0 0 0 0 1 0 0
4738 2 0 0 0 0 0 0 0 0
4740 3 0 0 0 0 0 1 0 0
4743 1 0 0 0 0 0 1 0 0
4744 1 0 0 0 0 0 1 0 0
4746 3 0 0 0 0 0 1 0 0
4747 1 0 0 0 0 0 1 0 0
4756 2 1 1 0 0 0 0 0 0
4757 6 0 0 0 0 0 2 2 2
4758 4 0 0 0 0 0 2 0 0
5039 32 1 1 0 0 0 24 0 0
5069 16 0 0 0 0 0 8 0 0
5071 12 0 0 4 0 0 0 0 0
5074 4 0 0 0 0 0 0 0 0
5076 16 0 0 0 0 0 0 0 0
5083 15 1 1 0 0 0 0 0 0
5085 12 0 0 0 0 0 0 0 0
5086 1 0 0 0 0 0 0 0 0
5089 2 0 0 0 0 0 0 0 0
5090 12 0 0 3 0 0 0 0 0
5093 6 0 0 0 0 0 0 0 0
5095 2 0 0 1 0 0 1 0 0
5096 2 0 0 0 0 0 1 0 0
5097 1 0 0 0 0 0 0 0 0
5101 20 1 1 0 0 0 4 0 0
5103 2 0 0 2 0 0 0 0 0
5104 10 0 0 2 0 0 2 0 0
5105 4 0 0 0 0 0 2 0 0
5106 2 0 0 0 0 0 0 0 0
5108 18 0 0 2 0 0 0 0 0
5113 9 1 1 3 0 0 0 0 0
5115 6 0 0 0 0 0 0 0 0
5116 3 0 0 0 0 0 0 0 0
5117 6 0 0 3 0 0 0 0 0
5118 6 0 0 0 0 0 0 0 0
5120 3 0 0 0 0 0 0 0 0
5121 6 0 0 0 0 0 0 0 0
5122 3 1 1 3 0 0 0 0 0
5123 1 0 0 0 0 0 0 0 0
5129 3 0 0 0 0 0 0 0 0
5130 9 2 2 0 0 0 3 0 0
5134 9 1 1 0 0 0 3 0 0
5140 3 0 0 0 0 0 0 0 0
5141 36 0 0 28 0 0 0 0 0
fn=_mid_memalign.isra.0
1326 8 0 0 0 0 0 0 0 0
1345 20 0 0 0 0 0 0 0 0
3575 28 1 1 0 0 0 16 0 0
3581 8 1 1 0 0 0 0 0 0
3585 8 0 0 0 0 0 0 0 0
3590 12 4 2 0 0 0 0 0 0
3598 12 0 0 0 0 0 0 0 0
3615 12 0 0 0 0 0 0 0 0
3617 8 1 1 4 4 0 0 0 0
3638 8 0 0 4 4 0 0 0 0
3640 20 2 1 0 0 0 4 4 0
3641 20 1 1 4 0 0 0 0 0
3643 8 1 1 0 0 0 0 0 0
3662 24 0 0 20 0 0 0 0 0
fn=aligned_alloc
3556 28 1 1 0 0 0 12 0 0
3557 8 0 0 4 4 0 0 0 0
3564 20 0 0 0 0 0 0 0 0
3571 12 0 0 0 0 0 0 0 0
3572 12 1 1 12 0 0 0 0 0
fn=alloc_perturb
1985 78 1 1 26 0 0 0 0 0
1987 26 0 0 26 0 0 0 0 0
fn=free
3359 238 2 2 0 0 0 136 0 0
3363 68 0 0 0 0 0 0 0 0
3371 68 0 0 68 40 4 0 0 0
3373 34 0 0 0 0 0 0 0 0
3375 102 0 0 34 10 2 0 0 0
3379 6 1 1 2 2 0 0 0 0
3381 8 0 0 2 2 0 0 0 0
3383 4 0 0 0 0 0 2 0 0
3384 4 0 0 0 0 0 2 0 0
3385 2 0 0 0 0 0 0 0 0
3388 4 0 0 0 0 0 2 2 0
3392 96 0 0 64 18 0 0 0 0
3398 96 1 1 0 0 0 32 7 0
3401 34 0 0 0 0 0 34 0 0
3402 204 1 1 170 0 0 0 0 0
fn=malloc
1326 62 0 0 0 0 0 0 0 0
1345 155 1 1 0 0 0 0 0 0
3178 10 0 0 5 4 1 0 0 0
3182 10 0 0 0 0 0 0 0 0
3186 20 1 1 5 3 2 5 0 0
3190 10 0 0 0 0 0 5 0 0
3191 5 0 0 0 0 0 5 0 0
3294 248 1 1 0 0 0 124 4 1
3301 62 0 0 31 13 2 0 0 0
3311 62 0 0 0 0 0 0 0 0
3313 124 0 0 62 24 4 0 0 0
3316 62 0 0 31 12 2 0 0 0
3318 60 1 1 20 8 2 0 0 0
3326 52 1 1 26 12 2 0 0 0
3328 104 0 0 0 0 0 26 0 0
3329 130 1 1 26 0 0 0 0 0
3354 186 1 1 155 0 0 0 0 0
fn=munmap_chunk
3024 4 1 1 0 0 0 2 0 0
3025 4 0 0 4 4 0 0 0 0
3026 6 0 0 2 0 0 0 0 0
3028 4 0 0 0 0 0 0 0 0
3030 2 0 0 0 0 0 0 0 0
3031 6 0 0 2 0 0 0 0 0
3032 2 0 0 0 0 0 0 0 0
3038 8 0 0 0 0 0 0 0 0
3039 10 1 1 0 0 0 0 0 0
3042 2 0 0 4 0 0 0 0 0
3043 6 0 0 4 0 0 0 0 0
3048 4 0 0 0 0 0 0 0 0
3049 2 0 0 2 0 0 0 0 0
fn=sysmalloc_mmap.isra.0
2008 16 0 0 4 0 0 0 0 0
2400 24 1 1 0 0 0 16 1 0
2413 12 0 0 0 0 0 0 0 0
2418 8 0 0 0 0 0 0 0 0
2421 40 1 1 0 0 0 4 0 0
2424 8 1 1 0 0 0 0 0 0
2428 8 0 0 0 0 0 0 0 0
2432 16 0 0 0 0 0 4 0 0
2448 12 0 0 0 0 0 0 0 0
2466 4 0 0 0 0 0 4 4 4
2467 12 1 1 0 0 0 4 0 0
2471 12 0 0 8 0 0 0 0 0
2472 18 0 0 7 0 0 0 0 0
2475 12 1 1 8 0 0 0 0 0
2476 20 0 0 8 0 0 0 0 0
2481 28 0 0 20 0 0 0 0 0
fn=systrim.constprop.0
2957 6 1 1 0 0 0 4 0 0
2966 3 0 0 2 0 0 0 0 0
2968 1 0 0 0 0 0 0 0 0
2969 2 0 0 0 0 0 0 0 0
2974 3 0 0 1 0 0 0 0 0
2975 1 0 0 0 0 0 0 0 0
2978 5 1 1 2 2 0 0 0 0
2980 2 0 0 0 0 0 0 0 0
2987 3 0 0 0 0 0 1 0 0
2988 4 0 0 1 0 0 0 0 0
3000 3 1 1 0 0 0 1 0 0
3001 2 0 0 0 0 0 1 0 0
3003 1 0 0 0 0 0 0 0 0
3005 2 0 0 0 0 0 0 0 0
3009 2 0 0 0 0 0 0 0 0
3012 1 0 0 1 0 0 0 0 0
3013 4 0 0 1 0 0 1 0 0
3015 2 0 0 0 0 0 0 0 0
3020 6 0 0 5 0 0 0 0 0
fn=unlink_chunk.isra.0
1608 32 1 1 0 0 0 16 0 0
1610 80 0 0 32 2 0 0 0 0
1613 32 0 0 32 0 0 0 0 0
1614 32 0 0 16 0 0 0 0 0
1616 64 3 1 32 7 0 0 0 0
1619 16 0 0 0 0 0 16 0 0
1620 16 0 0 0 0 0 16 0 0
1621 71 0 0 13 4 0 0 0 0
1623 24 0 0 12 0 0 0 0 0
1624 36 0 0 24 0 0 0 0 0
1627 24 0 0 12 6 0 0 0 0
1641 12 0 0 0 0 0 12 0 0
1642 12 1 1 0 0 0 12 0 0
1645 32 0 0 32 0 0 0 0 0
fl=./malloc/./malloc/morecore.c
fn=__glibc_morecore
25 12 1 1 0 0 0 4 0 0
26 8 0 0 4 0 0 0 0 0
29 4 0 0 0 0 0 4 0 0
30 8 0 0 0 0 0 0 0 0
34 8 0 0 8 0 0 0 0 0
fl=./misc/../sysdeps/unix/syscall-template.S
fn=munmap
117 10 2 2 0 0 0 0 0 0
122 2 0 0 2 0 0 0 0 0
fl=./misc/../sysdeps/unix/sysv/linux/brk.c
fn=brk
36 2 1 1 0 0 0 0 0 0
37 4 0 0 2 0 0 2 0 0
38 4 0 0 0 0 0 0 0 0
44 2 0 0 0 0 0 0 0 0
45 2 0 0 2 0 0 0 0 0
fl=./misc/../sysdeps/unix/sysv/linux/brk_call.h
fn=brk
24 4 0 0 0 0 0 0 0 0
fl=./misc/../sysdeps/unix/sysv/linux/mmap64.c
fn=mmap
47 28 1 1 0 0 0 12 0 0
50 8 0 0 0 0 0 0 0 0
53 28 1 1 0 0 0 0 0 0
58 24 1 1 0 0 0 0 0 0
60 16 0 0 16 0 0 0 0 0
fl=./misc/../sysdeps/unix/sysv/linux/setvmaname.c
fn=__set_vma_name
33 28 2 2 0 0 0 16 3 1
35 20 0 0 8 4 2 4 1 0
49 36 0 0 28 0 0 0 0 0
fl=./misc/./misc/sbrk.c
fn=sbrk
37 32 1 1 0 0 0 16 0 0
40 8 0 0 8 4 2 0 0 0
43 8 2 1 4 2 1 0 0 0
58 8 0 0 0 0 0 0 0 0
62 8 0 0 0 0 0 0 0 0
66 8 1 1 0 0 0 0 0 0
68 2 0 0 0 0 0 0 0 0
74 6 1 1 0 0 0 2 0 0
78 28 0 0 20 0 0 0 0 0
fl=./string/../sysdeps/x86_64/multiarch/../multiarch/strcmp-sse2.S
fn=strcmp
98 2 1 1 0 0 0 0 0 0
131 2 0 0 0 0 0 0 0 0
132 2 0 0 0 0 0 0 0 0
134 2 0 0 0 0 0 0 0 0
135 2 0 0 0 0 0 0 0 0
156 2 0 0 0 0 0 0 0 0
157 2 0 0 0 0 0 0 0 0
158 2 0 0 0 0 0 0 0 0
159 2 0 0 0 0 0 0 0 0
160 2 0 0 2 2 2 0 0 0
161 2 1 1 2 0 0 0 0 0
162 2 0 0 2 0 0 0 0 0
163 2 0 0 2 0 0 0 0 0
180 2 0 0 0 0 0 0 0 0
181 2 0 0 0 0 0 0 0 0
182 2 0 0 0 0 0 0 0 0
183 2 0 0 0 0 0 0 0 0
184 2 0 0 0 0 0 0 0 0
185 2 0 0 0 0 0 0 0 0
186 2 0 0 0 0 0 0 0 0
191 1 0 0 0 0 0 0 0 0
192 3 0 0 0 0 0 0 0 0
201 1 1 1 0 0 0 0 0 0
202 1 0 0 0 0 0 0 0 0
203 1 0 0 0 0 0 0 0 0
204 1 0 0 0 0 0 0 0 0
205 1 0 0 0 0 0 0 0 0
206 1 0 0 0 0 0 0 0 0
207 1 0 0 0 0 0 0 0 0
208 1 0 0 0 0 0 0 0 0
209 1 0 0 0 0 0 0 0 0
214 1 0 0 0 0 0 0 0 0
215 1 0 0 0 0 0 0 0 0
216 1 0 0 0 0 0 0 0 0
217 1 0 0 1 1 1 0 0 0
218 1 0 0 0 0 0 0 0 0
219 1 0 0 0 0 0 0 0 0
1375 1 1 1 0 0 0 0 0 0
1376 1 0 0 1 0 0 0 0 0
1377 1 0 0 1 0 0 0 0 0
1378 1 0 0 0 0 0 0 0 0
1379 1 0 0 0 0 0 0 0 0
1381 1 0 0 0 0 0 0 0 0
1382 1 0 0 0 0 0 0 0 0
1383 1 1 1 0 0 0 0 0 0
1384 1 0 0 0 0 0 0 0 0
1385 1 0 0 0 0 0 0 0 0
1386 1 0 0 0 0 0 0 0 0
1387 1 0 0 0 0 0 0 0 0
1388 1 0 0 1 0 0 0 0 0
1392 1 0 0 0 0 0 0 0 0
1393 1 0 0 0 0 0 0 0 0
1394 1 0 0 0 0 0 0 0 0
1400 1 0 0 0 0 0 0 0 0
1401 1 0 0 0 0 0 0 0 0
1402 2 0 0 0 0 0 0 0 0
1406 1 1 1 0 0 0 0 0 0
1407 1 0 0 0 0 0 0 0 0
1410 1 0 0 1 0 0 0 0 0
1411 1 0 0 1 0 0 0 0 0
1412 1 0 0 0 0 0 0 0 0
1414 1 0 0 0 0 0 0 0 0
1415 1 0 0 0 0 0 0 0 0
1416 1 0 0 0 0 0 0 0 0
1420 1 0 0 0 0 0 0 0 0
1421 1 0 0 0 0 0 0 0 0
1422 1 0 0 0 0 0 0 0 0
1423 1 0 0 0 0 0 0 0 0
1424 1 0 0 0 0 0 0 0 0
1425 1 1 1 0 0 0 0 0 0
2093 1 1 1 0 0 0 0 0 0
2095 1 0 0 0 0 0 0 0 0
2096 1 0 0 0 0 0 0 0 0
2097 1 0 0 0 0 0 0 0 0
2098 1 0 0 0 0 0 0 0 0
2104 2 1 1 0 0 0 0 0 0
2110 2 0 0 2 0 0 0 0 0
2111 2 0 0 2 0 0 0 0 0
2119 2 0 0 0 0 0 0 0 0
2120 2 0 0 2 0 0 0 0 0
fl=./string/../sysdeps/x86_64/multiarch/memmove-vec-unaligned-erms.S
fn=__memcpy_avx_unaligned_erms
255 15 1 1 0 0 0 0 0 0
256 15 0 0 0 0 0 0 0 0
262 15 0 0 0 0 0 0 0 0
263 15 0 0 0 0 0 0 0 0
265 14 0 0 14 5 1 0 0 0
266 14 0 0 0 0 0 0 0 0
267 14 0 0 0 0 0 0 0 0
270 2 0 0 2 0 0 0 0 0
271 2 0 0 0 0 0 2 0 0
272 2 0 0 0 0 0 2 0 0
275 4 0 0 2 0 0 0 0 0
305 1 0 0 0 0 0 0 0 0
306 1 0 0 0 0 0 0 0 0
308 1 0 0 0 0 0 0 0 0
309 1 0 0 0 0 0 0 0 0
311 1 0 0 0 0 0 0 0 0
315 1 0 0 0 0 0 0 0 0
316 1 1 1 0 0 0 0 0 0
317 1 0 0 0 0 0 0 0 0
325 1 0 0 1 0 0 0 0 0
375 1 1 1 1 0 0 0 0 0
376 1 0 0 1 0 0 0 0 0
377 1 0 0 0 0 0 1 1 1
378 1 0 0 0 0 0 1 0 0
379 1 0 0 0 0 0 1 1 1
380 1 0 0 0 0 0 1 0 0
381 2 0 0 1 0 0 0 0 0
386 12 5 2 12 9 2 0 0 0
387 12 0 0 0 0 0 0 0 0
392 7 0 0 0 0 0 0 0 0
393 7 0 0 0 0 0 0 0 0
395 2 0 0 2 0 0 0 0 0
396 2 0 0 0 0 0 0 0 0
397 2 0 0 0 0 0 0 0 0
399 1 0 0 1 0 0 0 0 0
400 1 0 0 1 0 0 0 0 0
401 1 0 0 1 0 0 0 0 0
402 1 0 0 1 0 0 0 0 0
403 1 0 0 1 0 0 0 0 0
404 1 1 1 1 0 0 0 0 0
405 1 0 0 0 0 0 1 0 0
406 1 0 0 0 0 0 1 1 1
407 1 0 0 0 0 0 1 0 0
408 1 0 0 0 0 0 1 1 1
409 1 0 0 0 0 0 1 1 1
410 1 0 0 0 0 0 1 0 0
411 1 0 0 0 0 0 1 0 0
412 1 0 0 0 0 0 1 0 0
413 2 0 0 1 0 0 0 0 0
417 5 0 0 0 0 0 0 0 0
418 5 0 0 0 0 0 0 0 0
422 5 0 0 0 0 0 0 0 0
424 5 1 1 0 0 0 0 0 0
428 5 0 0 5 4 1 0 0 0
429 5 0 0 0 0 0 0 0 0
440 5 0 0 0 0 0 0 0 0
443 5 0 0 0 0 0 0 0 0
445 5 0 0 0 0 0 0 0 0
447 5 0 0 0 0 0 0 0 0
451 5 0 0 0 0 0 0 0 0
452 5 0 0 0 0 0 0 0 0
461 3 0 0 3 0 0 0 0 0
462 3 0 0 3 0 0 0 0 0
464 3 0 0 0 0 0 0 0 0
466 3 0 0 0 0 0 0 0 0
467 3 1 1 3 0 0 0 0 0
468 3 0 0 3 0 0 0 0 0
471 3 0 0 0 0 0 0 0 0
473 3 0 0 0 0 0 0 0 0
475 3 0 0 0 0 0 0 0 0
477 6 0 0 0 0 0 0 0 0
483 25 0 0 25 0 0 0 0 0
484 25 0 0 25 1 0 0 0 0
485 25 0 0 25 0 0 0 0 0
486 25 0 0 25 2 0 0 0 0
487 25 0 0 0 0 0 0 0 0
488 25 0 0 0 0 0 25 11 11
489 25 0 0 0 0 0 25 15 15
490 25 1 1 0 0 0 25 10 10
491 25 0 0 0 0 0 25 15 15
492 25 0 0 0 0 0 0 0 0
493 25 0 0 0 0 0 0 0 0
494 25 0 0 0 0 0 0 0 0
496 3 0 0 0 0 0 3 1 1
497 3 0 0 0 0 0 3 2 2
498 3 0 0 0 0 0 3 0 0
499 3 0 0 0 0 0 3 0 0
501 3 0 0 0 0 0 3 0 0
505 6 0 0 3 0 0 0 0 0
518 2 0 0 2 0 0 0 0 0
519 2 0 0 2 0 0 0 0 0
521 2 1 1 0 0 0 0 0 0
522 2 0 0 2 0 0 0 0 0
523 2 0 0 2 0 0 0 0 0
525 2 0 0 0 0 0 0 0 0
527 2 0 0 0 0 0 0 0 0
529 4 0 0 0 0 0 0 0 0
535 94 0 0 94 0 0 0 0 0
536 94 0 0 94 28 0 0 0 0
537 94 0 0 94 0 0 0 0 0
538 94 0 0 94 29 0 0 0 0
539 94 0 0 0 0 0 0 0 0
540 94 0 0 0 0 0 94 94 94
541 94 1 1 0 0 0 94 0 0
542 94 0 0 0 0 0 94 94 94
543 94 0 0 0 0 0 94 0 0
544 94 0 0 0 0 0 0 0 0
545 94 0 0 0 0 0 0 0 0
546 94 0 0 0 0 0 0 0 0
548 2 0 0 0 0 0 2 0 0
549 2 0 0 0 0 0 2 2 2
550 2 0 0 0 0 0 2 0 0
551 2 0 0 0 0 0 2 0 0
553 2 0 0 0 0 0 2 0 0
554 4 0 0 2 0 0 0 0 0
563 5 1 1 5 3 1 0 0 0
570 5 0 0 0 0 0 0 0 0
571 5 0 0 0 0 0 0 0 0
577 4 0 0 0 0 0 0 0 0
580 4 0 0 0 0 0 0 0 0
582 4 0 0 0 0 0 0 0 0
585 4 0 0 0 0 0 0 0 0
586 4 0 0 0 0 0 0 0 0
588 4 0 0 0 0 0 0 0 0
590 442228 0 0 442224 6779 3091 442224 6911 6907
592 4 0 0 0 0 0 4 3 0
594 4 0 0 0 0 0 4 3 0
596 8 0 0 4 3 0 0 0 0
601 5 1 1 0 0 0 0 0 0
602 5 0 0 0 0 0 0 0 0
606 5 0 0 0 0 0 0 0 0
608 5 0 0 0 0 0 0 0 0
611 5 0 0 0 0 0 0 0 0
615 5 0 0 5 5 1 0 0 0
616 5 0 0 0 0 0 0 0 0
620 5 0 0 5 0 0 0 0 0
624 5 0 0 0 0 0 0 0 0
648 1 0 0 0 0 0 0 0 0
650 1 0 0 0 0 0 0 0 0
652 1 0 0 0 0 0 0 0 0
654 1 1 1 0 0 0 0 0 0
657 1 0 0 0 0 0 0 0 0
658 1 0 0 0 0 0 0 0 0
660 65489 0 0 65488 998 0 65488 1024 1023
663 1 0 0 0 0 0 1 1 0
665 1 0 0 0 0 0 1 1 0
667 2 0 0 1 1 0 0 0 0
fl=./string/../sysdeps/x86_64/multiarch/memset-vec-unaligned-erms.S
fn=__memset_avx2_unaligned_erms
158 4 1 1 0 0 0 0 0 0
159 8 0 0 0 0 0 0 0 0
164 4 0 0 0 0 0 0 0 0
165 4 0 0 0 0 0 0 0 0
166 4 0 0 0 0 0 0 0 0
167 4 0 0 0 0 0 0 0 0
168 4 0 0 0 0 0 0 0 0
237 4 1 1 4 4 0 0 0 0
238 4 0 0 0 0 0 0 0 0
244 3 0 0 0 0 0 3 0 0
245 3 0 0 0 0 0 3 3 0
257 3 0 0 0 0 0 0 0 0
260 3 0 0 0 0 0 0 0 0
261 3 0 0 0 0 0 0 0 0
273 3 0 0 0 0 0 3 0 0
274 3 0 0 0 0 0 3 3 0
287 3 0 0 0 0 0 0 0 0
288 3 0 0 0 0 0 0 0 0
290 3 0 0 0 0 0 0 0 0
293 3 0 0 0 0 0 0 0 0
296 3 0 0 0 0 0 0 0 0
299 23 1 1 0 0 0 23 2 0
300 23 0 0 0 0 0 23 20 0
301 23 0 0 0 0 0 23 3 0
302 23 0 0 0 0 0 23 20 0
303 23 0 0 0 0 0 0 0 0
304 23 0 0 0 0 0 0 0 0
305 26 0 0 0 0 0 0 0 0
308 3 0 0 0 0 0 3 0 0
309 3 0 0 0 0 0 3 2 0
310 3 0 0 0 0 0 3 0 0
311 3 0 0 0 0 0 3 2 0
314 6 0 0 3 0 0 0 0 0
325 1 1 1 0 0 0 0 0 0
326 1 0 0 0 0 0 0 0 0
327 1 0 0 0 0 0 0 0 0
328 4097 0 0 0 0 0 4096 62 0
329 1 0 0 0 0 0 0 0 0
330 2 0 0 1 0 0 0 0 0
fl=/home/wang/sources/cxx/book/include/lob/events.hpp
fn=lob::v17::BookT<lob::ChecksumSink, 16u>::modify(unsigned long, long, unsigned int)
0 41028 1 1 0 0 0 0 0 0
92 41028 0 0 41028 0 0 0 0 0
93 287196 0 0 41028 0 0 0 0 0
fn=void lob::replay<lob::v17::BookT<lob::ChecksumSink, 16u> >(lob::v17::BookT<lob::ChecksumSink, 16u>&, std::__1::span<lob::Op const, 18446744073709551615ul>)
92 2442192 0 0 2442192 9 2 0 0 0
93 15874248 0 0 2442192 0 0 0 0 0
fl=/home/wang/sources/cxx/book/include/lob/replay.hpp
fn=void lob::replay<lob::v17::BookT<lob::ChecksumSink, 16u> >(lob::v17::BookT<lob::ChecksumSink, 16u>&, std::__1::span<lob::Op const, 18446744073709551615ul>)
0 7 1 1 0 0 0 1 1 1
52 7 1 1 0 0 0 6 1 1
53 2483221 0 0 0 0 0 0 0 0
57 9 1 1 7 1 1 0 0 0
fl=/home/wang/sources/cxx/book/include/lob/v11/exact_div.hpp
fn=void lob::replay<lob::v17::BookT<lob::ChecksumSink, 16u> >(lob::v17::BookT<lob::ChecksumSink, 16u>&, std::__1::span<lob::Op const, 18446744073709551615ul>)
37 7326576 1 1 4884384 0 0 0 0 0
fl=/home/wang/sources/cxx/book/include/lob/v16/order_index.hpp
fn=lob::v16::OrderIndex::alloc(unsigned long)
0 8 0 0 4 0 0 0 0 0
178 20 3 1 0 0 0 12 0 0
179 4 0 0 0 0 0 4 0 0
180 16 0 0 0 0 0 4 0 0
181 8 0 0 0 0 0 4 0 0
182 8 0 0 0 0 0 4 0 0
183 16 0 0 0 0 0 4 0 0
184 4 0 0 0 0 0 4 0 0
186 3888 1 1 0 0 0 0 0 0
187 7680 1 1 0 0 0 7680 7680 5632
188 7680 1 1 0 0 0 7680 0 0
190 20 1 1 16 3 0 0 0 0
fn=lob::v16::OrderIndex::grow()
0 24976 2 2 13440 3 0 0 0 0
144 53760 1 1 13440 3 0 0 0 0
168 13440 2 2 13440 119 0 0 0 0
169 67200 9 6 0 0 0 0 0 0
171 53760 2 2 0 0 0 13440 0 0
172 40320 4 2 13440 0 0 13440 6045 0
191 32 1 1 0 0 0 28 0 0
193 4 0 0 4 0 0 0 0 0
194 8 0 0 0 0 0 4 2 0
195 11528 0 0 0 0 0 0 0 0
197 80640 2 1 26880 3801 0 0 0 0
199 26880 0 0 13440 0 0 13440 0 0
214 40 1 1 24 4 0 0 0 0
fn=lob::v17::BookT<lob::ChecksumSink, 16u>::modify(unsigned long, long, unsigned int)
0 123156 1 1 41052 0 0 0 0 0
72 82056 0 0 0 0 0 0 0 0
76 48 0 0 0 0 0 0 0 0
77 82104 0 0 0 0 0 0 0 0
78 48 0 0 24 0 0 0 0 0
80 123084 1 1 0 0 0 0 0 0
144 164112 0 0 41028 0 0 0 0 0
147 82056 0 0 0 0 0 0 0 0
152 205236 1 1 0 0 0 0 0 0
154 123132 0 0 41052 1070 0 0 0 0
fn=void lob::replay<lob::v17::BookT<lob::ChecksumSink, 16u> >(lob::v17::BookT<lob::ChecksumSink, 16u>&, std::__1::span<lob::Op const, 18446744073709551615ul>)
0 9814416 3 3 3675179 5 1 3663288 0 0
72 3663288 0 0 0 0 0 0 0 0
76 1832 0 0 0 0 0 0 0 0
77 2444024 0 0 0 0 0 0 0 0
78 1832 0 0 916 0 0 0 0 0
80 3663288 0 0 0 0 0 0 0 0
87 3663288 1 1 1221096 5 2 0 0 0
88 2427620 0 0 0 0 0 1213810 0 0
89 3641430 0 0 2427620 0 0 0 0 0
94 1213810 0 0 1213810 0 0 0 0 0
95 1213810 1 1 0 0 0 1213810 0 0
98 14572 1 1 0 0 0 0 0 0
100 21858 0 0 14572 0 0 0 0 0
101 16 1 1 0 0 0 4 2 0
104 94 0 0 0 0 0 0 0 0
105 14666 0 0 0 0 0 0 0 0
109 14666 1 1 7333 0 0 0 0 0
112 14572 0 0 7286 0 0 0 0 0
113 7286 0 0 0 0 0 7286 4 0
119 6105480 1 1 1221096 0 0 0 0 0
123 8547672 0 0 1221096 0 0 0 0 0
124 3663288 1 1 0 0 0 1221096 0 0
125 4884384 0 0 1221096 1105 0 0 0 0
126 2448604 0 0 916 0 0 0 0 0
127 2442192 1 1 1221096 0 0 0 0 0
144 9768768 1 1 2442192 0 0 0 0 0
147 8554958 1 1 7286 0 0 0 0 0
152 6138476 2 2 0 0 0 0 0 0
154 3687072 0 0 1229345 98296 0 0 0 0
167 2146 0 0 0 0 0 0 0 0
168 1222169 0 0 1222169 9647 4 0 0 0
169 7330868 2 2 0 0 0 0 0 0
171 4884384 0 0 0 0 0 1221096 0 0
172 4884384 1 1 1221096 0 0 1221096 1072644 256
175 3219 0 0 1073 764 0 0 0 0
fl=/home/wang/sources/cxx/book/include/lob/v17/book.hpp
fn=auto lob::v17::BookT<lob::ChecksumSink, 16u>::unlink_off_grid(lob::v17::BookT<lob::ChecksumSink, 16u>::Loc const&)::{lambda(auto:1&)#1}::operator()<std::__1::map<long, lob::v17::BookT<lob::ChecksumSink, 16u>::Level, std::__1::greater<void>, std::__1::allocator<std::__1::pair<long const, lob::v17::BookT<lob::ChecksumSink, 16u>::Level> > > >(std::__1::map<long, lob::v17::BookT<lob::ChecksumSink, 16u>::Level, std::__1::greater<void>, std::__1::allocator<std::__1::pair<long const, lob::v17::BookT<lob::ChecksumSink, 16u>::Level> > >&) const
0 5 0 0 5 0 0 0 0 0
386 6 0 0 0 0 0 3 0 0
387 8 0 0 2 0 0 3 0 0
416 10 0 0 5 0 0 5 0 0
417 5 0 0 0 0 0 5 0 0
438 10 0 0 5 0 0 0 0 0
439 10 0 0 5 0 0 0 0 0
442 25 0 0 0 0 0 0 0 0
443 25 1 1 0 0 0 0 0 0
444 5 0 0 0 0 0 5 1 0
445 5 0 0 0 0 0 5 0 0
591 15 0 0 0 0 0 15 0 0
592 5 0 0 5 0 0 0 0 0
593 5 0 0 0 0 0 0 0 0
594 5 0 0 5 0 0 0 0 0
595 5 0 0 5 0 0 0 0 0
596 10 0 0 5 0 0 0 0 0
600 20 0 0 20 0 0 0 0 0
fn=auto lob::v17::BookT<lob::ChecksumSink, 16u>::unlink_off_grid(lob::v17::BookT<lob::ChecksumSink, 16u>::Loc const&)::{lambda(auto:1&)#1}::operator()<std::__1::map<long, lob::v17::BookT<lob::ChecksumSink, 16u>::Level, std::__1::less<void>, std::__1::allocator<std::__1::pair<long const, lob::v17::BookT<lob::ChecksumSink, 16u>::Level> > > >(std::__1::map<long, lob::v17::BookT<lob::ChecksumSink, 16u>::Level, std::__1::less<void>, std::__1::allocator<std::__1::pair<long const, lob::v17::BookT<lob::ChecksumSink, 16u>::Level> > >&) const
0 11 0 0 11 0 0 0 0 0
386 25 0 0 7 0 0 9 0 0
387 26 0 0 8 1 1 9 0 0
416 22 0 0 11 0 0 11 0 0
417 11 0 0 0 0 0 11 0 0
438 22 0 0 11 0 0 0 0 0
439 22 0 0 11 0 0 0 0 0
442 55 0 0 0 0 0 0 0 0
443 55 1 1 0 0 0 0 0 0
444 11 0 0 0 0 0 11 0 0
445 11 0 0 0 0 0 11 2 0
591 33 1 1 0 0 0 33 0 0
592 11 0 0 11 0 0 0 0 0
593 11 0 0 0 0 0 0 0 0
594 11 0 0 11 0 0 0 0 0
595 11 0 0 11 0 0 0 0 0
596 22 0 0 11 0 0 0 0 0
600 44 2 2 44 0 0 0 0 0
fn=lob::v17::BookT<lob::ChecksumSink, 16u>::anchor_if_on_tick(long)
377 3 0 0 0 0 0 1 0 0
378 1 0 0 0 0 0 1 0 0
608 10 2 2 1 0 0 0 0 0
609 1 0 0 1 0 0 0 0 0
fn=lob::v17::BookT<lob::ChecksumSink, 16u>::modify(unsigned long, long, unsigned int)
0 164112 1 1 41028 0 0 41028 0 0
198 410280 1 1 0 0 0 246168 0 0
201 82056 0 0 0 0 0 0 0 0
202 82056 0 0 0 0 0 0 0 0
204 123084 0 0 41028 0 0 82056 207 0
206 164112 0 0 0 0 0 0 0 0
207 41028 0 0 0 0 0 41028 0 0
208 41028 0 0 41028 0 0 0 0 0
216 369252 1 1 287196 0 0 0 0 0
358 246168 1 1 82056 740 5 41028 304 0
453 41028 0 0 0 0 0 0 0 0
fn=lob::v17::BookT<lob::ChecksumSink, 16u>::off_grid_level(lob::Side, long)
0 16 0 0 0 0 0 0 0 0
386 48 0 0 16 2 0 16 0 0
387 46 0 0 14 0 0 16 0 0
583 144 0 0 0 0 0 112 0 0
584 72 1 1 12 0 0 0 0 0
586 144 0 0 112 0 0 0 0 0
fn=lob::v17::BookT<lob::ChecksumSink, 16u>::unlink_off_grid(lob::v17::BookT<lob::ChecksumSink, 16u>::Loc const&)
590 32 1 1 0 0 0 0 0 0
591 32 0 0 0 0 0 32 0 0
601 32 0 0 16 0 0 0 0 0
602 20 0 0 0 0 0 5 0 0
604 44 1 1 0 0 0 11 0 0
605 32 0 0 16 0 0 0 0 0
fn=void lob::replay<lob::v17::BookT<lob::ChecksumSink, 16u> >(lob::v17::BookT<lob::ChecksumSink, 16u>&, std::__1::span<lob::Op const, 18446744073709551615ul>)
0 24462982 2 2 11030893 310402 310402 6105480 0 0
170 12334044 1 1 2483220 463721 463714 0 0 0
172 6105480 1 1 3663288 151956 151956 0 0 0
176 246168 0 0 82056 5136 5136 41028 167 0
182 1221096 0 0 0 0 0 0 0 0
183 2442192 0 0 0 0 0 0 0 0
184 1221096 0 0 0 0 0 1221096 0 0
186 14572 0 0 0 0 0 0 0 0
193 2442192 0 0 2442192 34352 328 0 0 0
195 1221096 0 0 1221096 0 0 0 0 0
196 2442192 0 0 0 0 0 0 0 0
329 7326480 0 0 0 0 0 0 0 0
358 6105480 0 0 2442192 41434 214 0 0 0
366 2442194 0 0 1221097 0 0 0 0 0
371 3663288 0 0 2442192 0 0 0 0 0
372 4884384 0 0 0 0 0 0 0 0
374 2442190 0 0 2442190 0 0 0 0 0
403 3663288 1 1 1221096 0 0 0 0 0
404 1221096 0 0 0 0 0 0 0 0
405 4848996 0 0 1212249 10337 257 2424498 0 0
406 1212249 0 0 0 0 0 0 0 0
407 26541 0 0 0 0 0 0 0 0
411 7344270 1 1 1221096 0 0 6105480 5006 117
416 2442160 0 0 1221080 0 0 1221080 0 0
417 1221080 0 0 0 0 0 1221080 0 0
427 3663288 0 0 1221096 7934 1833 0 0 0
429 6105480 0 0 1221096 0 0 0 0 0
430 1221096 0 0 0 0 0 1221096 18099 338
431 1221096 1 1 0 0 0 1221096 0 0
432 1221096 0 0 0 0 0 1221096 0 0
433 2442192 0 0 1221096 0 0 1221096 0 0
442 6105400 1 1 0 0 0 0 0 0
443 6105400 0 0 0 0 0 0 0 0
444 1221080 0 0 0 0 0 1221080 44528 940
445 1221080 0 0 0 0 0 1221080 22501 199
454 3663288 0 0 0 0 0 0 0 0
455 3663285 0 0 0 0 0 0 0 0
456 7326528 1 1 0 0 0 0 0 0
457 1221096 1 1 1221096 13 2 0 0 0
459 4884380 0 0 0 0 0 0 0 0
460 4884384 1 1 0 0 0 2442192 0 0
465 1221096 0 0 0 0 0 0 0 0
533 2442197 1 1 1221096 4 1 1 0 0
537 2442160 0 0 1221080 0 0 0 0 0
538 1221080 0 0 0 0 0 0 0 0
540 112 0 0 16 0 0 16 1 0
543 1221096 0 0 0 0 0 1221096 4 0
544 1221096 0 0 1221096 9 2 0 0 0
548 2442192 0 0 0 0 0 2442192 0 0
550 2442160 0 0 1221080 0 0 0 0 0
554 10989720 0 0 2442160 0 0 0 0 0
556 1221080 0 0 1221080 0 0 0 0 0
557 4884320 0 0 0 0 0 0 0 0
559 64 0 0 0 0 0 16 2 0
fl=/home/wang/sources/cxx/book/include/lob/v3/hier_bitmap.hpp
fn=void lob::replay<lob::v17::BookT<lob::ChecksumSink, 16u> >(lob::v17::BookT<lob::ChecksumSink, 16u>&, std::__1::span<lob::Op const, 18446744073709551615ul>)
0 3664613 0 0 2442160 0 0 0 0 0
48 4884384 0 0 2442192 37 4 0 0 0
57 2443498 0 0 0 0 0 0 0 0
58 3667254 0 0 1222418 596 117 0 0 0
59 3667359 1 1 2444871 2 1 2444836 15 2
78 3663240 0 0 1221080 0 0 0 0 0
79 3663240 0 0 1221080 1353 46 0 0 0
80 1221080 1 1 0 0 0 0 0 0
83 1338 0 0 0 0 0 0 0 0
84 4154 0 0 1373 6 0 0 0 0
95 6105475 0 0 0 0 0 0 0 0
fl=/home/wang/sources/cxx/book/source/main.cxx
fn=auto lob::for_each_type<std::__1::tuple<lob::v0::Book<lob::ChecksumSink>, lob::v1::Book<lob::ChecksumSink>, lob::v2::Book<lob::ChecksumSink>, lob::v3::BookT<lob::ChecksumSink, 16u>, lob::v4::BookT<lob::ChecksumSink, 16u>, lob::v5::BookT<lob::ChecksumSink, 16u>, lob::v7::BookT<lob::ChecksumSink, 16u>, lob::v8::BookT<lob::ChecksumSink, 16u>, lob::v9::BookT<lob::ChecksumSink, 16u>, lob::v10::BookT<lob::ChecksumSink, 16u>, lob::v11::BookT<lob::ChecksumSink, 16u>, lob::v12::BookT<lob::ChecksumSink, 16u>, lob::v13::BookT<lob::ChecksumSink, 16u>, lob::v14::BookT<lob::ChecksumSink, 16u>, lob::v15::BookT<lob::ChecksumSink, 16u>, lob::v16::BookT<lob::ChecksumSink, 16u>, lob::v17::BookT<lob::ChecksumSink, 16u>, lob::v18::BookT<lob::ChecksumSink, 16u> >, (anonymous namespace)::with_version<(anonymous namespace)::cmd_replay((anonymous namespace)::Args const&)::$_0>(std::__1::basic_string_view<char, std::__1::char_traits<char> >, (anonymous namespace)::cmd_replay((anonymous namespace)::Args const&)::$_0&&)::{lambda<typename $T0>()#1}>((anonymous namespace)::with_version<(anonymous namespace)::cmd_replay((anonymous namespace)::Args const&)::$_0>(std::__1::basic_string_view<char, std::__1::char_traits<char> >, (anonymous namespace)::cmd_replay((anonymous namespace)::Args const&)::$_0&&)::{lambda<typename $T0>()#1}&&)::{lambda<unsigned long... $N0>(std::__1::integer_sequence<unsigned long, ($N0)...>)#1}::operator()<0ul, 1ul, 2ul, 3ul, 4ul, 5ul, 6ul, 7ul, 8ul, 9ul, 10ul, 11ul, 12ul, 13ul, 14ul, 15ul, 16ul, 17ul>(std::__1::integer_sequence<unsigned long, 0ul, 1ul, 2ul, 3ul, 4ul, 5ul, 6ul, 7ul, 8ul, 9ul, 10ul, 11ul, 12ul, 13ul, 14ul, 15ul, 16ul, 17ul>) const
294 2 1 1 0 0 0 1 1 1
295 3 1 1 1 1 1 1 1 1
296 9 1 1 0 0 0 6 1 1
fl=/usr/include/c++/v1/__bit/countr.h
fn=lob::v16::OrderIndex::alloc(unsigned long)
28 12 4 1 0 0 0 0 0 0
fn=lob::v16::OrderIndex::grow()
28 26880 0 0 0 0 0 0 0 0
fn=lob::v17::BookT<lob::ChecksumSink, 16u>::modify(unsigned long, long, unsigned int)
28 82056 0 0 0 0 0 0 0 0
fn=void lob::replay<lob::v17::BookT<lob::ChecksumSink, 16u> >(lob::v17::BookT<lob::ChecksumSink, 16u>&, std::__1::span<lob::Op const, 18446744073709551615ul>)
28 9768764 0 0 2442190 43 3 0 0 0
fl=/usr/include/c++/v1/__functional/operations.h
fn=auto lob::v17::BookT<lob::ChecksumSink, 16u>::unlink_off_grid(lob::v17::BookT<lob::ChecksumSink, 16u>::Loc const&)::{lambda(auto:1&)#1}::operator()<std::__1::map<long, lob::v17::BookT<lob::ChecksumSink, 16u>::Level, std::__1::greater<void>, std::__1::allocator<std::__1::pair<long const, lob::v17::BookT<lob::ChecksumSink, 16u>::Level> > > >(std::__1::map<long, lob::v17::BookT<lob::ChecksumSink, 16u>::Level, std::__1::greater<void>, std::__1::allocator<std::__1::pair<long const, lob::v17::BookT<lob::ChecksumSink, 16u>::Level> > >&) const
462 23 1 1 11 1 0 0 0 0
fn=auto lob::v17::BookT<lob::ChecksumSink, 16u>::unlink_off_grid(lob::v17::BookT<lob::ChecksumSink, 16u>::Loc const&)::{lambda(auto:1&)#1}::operator()<std::__1::map<long, lob::v17::BookT<lob::ChecksumSink, 16u>::Level, std::__1::less<void>, std::__1::allocator<std::__1::pair<long const, lob::v17::BookT<lob::ChecksumSink, 16u>::Level> > > >(std::__1::map<long, lob::v17::BookT<lob::ChecksumSink, 16u>::Level, std::__1::less<void>, std::__1::allocator<std::__1::pair<long const, lob::v17::BookT<lob::ChecksumSink, 16u>::Level> > >&) const
375 83 0 0 35 5 4 0 0 0
fn=lob::v17::BookT<lob::ChecksumSink, 16u>::off_grid_level(lob::Side, long)
375 42 0 0 21 1 0 0 0 0
462 12 0 0 6 1 0 0 0 0
fl=/usr/include/c++/v1/__iterator/wrap_iter.h
fn=void lob::replay<lob::v17::BookT<lob::ChecksumSink, 16u> >(lob::v17::BookT<lob::ChecksumSink, 16u>&, std::__1::span<lob::Op const, 18446744073709551615ul>)
65 2483220 0 0 0 0 0 0 0 0
125 2483221 0 0 0 0 0 0 0 0
fl=/usr/include/c++/v1/__memory/allocator.h
fn=void lob::replay<lob::v17::BookT<lob::ChecksumSink, 16u> >(lob::v17::BookT<lob::ChecksumSink, 16u>&, std::__1::span<lob::Op const, 18446744073709551615ul>)
100 30 0 0 0 0 0 0 0 0
fl=/usr/include/c++/v1/__memory/construct_at.h
fn=void lob::replay<lob::v17::BookT<lob::ChecksumSink, 16u> >(lob::v17::BookT<lob::ChecksumSink, 16u>&, std::__1::span<lob::Op const, 18446744073709551615ul>)
38 17694 0 0 0 0 0 8847 4441 4423
fl=/usr/include/c++/v1/__memory/uninitialized_algorithms.h
fn=void lob::replay<lob::v17::BookT<lob::ChecksumSink, 16u> >(lob::v17::BookT<lob::ChecksumSink, 16u>&, std::__1::span<lob::Op const, 18446744073709551615ul>)
0 15 0 0 15 4 1 0 0 0
638 60 0 0 0 0 0 15 0 0
fl=/usr/include/c++/v1/__memory/unique_ptr.h
fn=lob::v16::OrderIndex::alloc(unsigned long)
91 4 0 0 0 0 0 4 0 0
287 4 0 0 4 0 0 0 0 0
288 4 0 0 0 0 0 4 0 0
289 8 0 0 0 0 0 0 0 0
606 4 0 0 4 0 0 0 0 0
607 4 0 0 0 0 0 4 0 0
609 8 0 0 0 0 0 0 0 0
765 28 2 1 0 0 0 8 0 0
fn=lob::v16::OrderIndex::grow()
281 4 1 1 4 0 0 0 0 0
282 4 0 0 0 0 0 4 0 0
fn=void lob::replay<lob::v17::BookT<lob::ChecksumSink, 16u> >(lob::v17::BookT<lob::ChecksumSink, 16u>&, std::__1::span<lob::Op const, 18446744073709551615ul>)
583 1221096 0 0 1221096 0 0 0 0 0
fl=/usr/include/c++/v1/__new/allocate.h
fn=auto lob::v17::BookT<lob::ChecksumSink, 16u>::unlink_off_grid(lob::v17::BookT<lob::ChecksumSink, 16u>::Loc const&)::{lambda(auto:1&)#1}::operator()<std::__1::map<long, lob::v17::BookT<lob::ChecksumSink, 16u>::Level, std::__1::greater<void>, std::__1::allocator<std::__1::pair<long const, lob::v17::BookT<lob::ChecksumSink, 16u>::Level> > > >(std::__1::map<long, lob::v17::BookT<lob::ChecksumSink, 16u>::Level, std::__1::greater<void>, std::__1::allocator<std::__1::pair<long const, lob::v17::BookT<lob::ChecksumSink, 16u>::Level> > >&) const
63 9 0 0 0 0 0 3 0 0
fn=auto lob::v17::BookT<lob::ChecksumSink, 16u>::unlink_off_grid(lob::v17::BookT<lob::ChecksumSink, 16u>::Loc const&)::{lambda(auto:1&)#1}::operator()<std::__1::map<long, lob::v17::BookT<lob::ChecksumSink, 16u>::Level, std::__1::less<void>, std::__1::allocator<std::__1::pair<long const, lob::v17::BookT<lob::ChecksumSink, 16u>::Level> > > >(std::__1::map<long, lob::v17::BookT<lob::ChecksumSink, 16u>::Level, std::__1::less<void>, std::__1::allocator<std::__1::pair<long const, lob::v17::BookT<lob::ChecksumSink, 16u>::Level> > >&) const
63 27 2 2 0 0 0 9 0 0
fn=lob::v17::BookT<lob::ChecksumSink, 16u>::off_grid_level(lob::Side, long)
43 36 2 2 0 0 0 12 1 0
fn=void lob::replay<lob::v17::BookT<lob::ChecksumSink, 16u> >(lob::v17::BookT<lob::ChecksumSink, 16u>&, std::__1::span<lob::Op const, 18446744073709551615ul>)
0 60 0 0 60 4 1 0 0 0
37 15 0 0 0 0 0 0 0 0
43 45 0 0 0 0 0 15 3 1
63 42 0 0 14 0 0 14 0 0
fl=/usr/include/c++/v1/__split_buffer
fn=void lob::replay<lob::v17::BookT<lob::ChecksumSink, 16u> >(lob::v17::BookT<lob::ChecksumSink, 16u>&, std::__1::span<lob::Op const, 18446744073709551615ul>)
334 15 0 0 0 0 0 0 0 0
335 15 3 1 0 0 0 0 0 0
341 30 0 0 0 0 0 0 0 0
fl=/usr/include/c++/v1/__tree
fn=auto lob::v17::BookT<lob::ChecksumSink, 16u>::unlink_off_grid(lob::v17::BookT<lob::ChecksumSink, 16u>::Loc const&)::{lambda(auto:1&)#1}::operator()<std::__1::map<long, lob::v17::BookT<lob::ChecksumSink, 16u>::Level, std::__1::greater<void>, std::__1::allocator<std::__1::pair<long const, lob::v17::BookT<lob::ChecksumSink, 16u>::Level> > > >(std::__1::map<long, lob::v17::BookT<lob::ChecksumSink, 16u>::Level, std::__1::greater<void>, std::__1::allocator<std::__1::pair<long const, lob::v17::BookT<lob::ChecksumSink, 16u>::Level> > >&) const
0 35 0 0 11 2 1 0 0 0
105 4 0 0 4 0 0 0 0 0
163 4 0 0 1 1 1 0 0 0
191 9 1 1 3 0 0 0 0 0
193 2 0 0 0 0 0 0 0 0
680 5 0 0 0 0 0 0 0 0
862 5 0 0 0 0 0 0 0 0
884 5 1 1 5 1 0 0 0 0
915 4 0 0 2 0 0 0 0 0
1824 6 0 0 3 0 0 0 0 0
1825 3 0 0 0 0 0 3 0 0
1826 3 1 1 3 0 0 0 0 0
1827 6 0 0 0 0 0 3 1 0
1994 10 0 0 0 0 0 0 0 0
2049 22 0 0 0 0 0 0 0 0
2050 6 0 0 0 0 0 0 0 0
fn=auto lob::v17::BookT<lob::ChecksumSink, 16u>::unlink_off_grid(lob::v17::BookT<lob::ChecksumSink, 16u>::Loc const&)::{lambda(auto:1&)#1}::operator()<std::__1::map<long, lob::v17::BookT<lob::ChecksumSink, 16u>::Level, std::__1::less<void>, std::__1::allocator<std::__1::pair<long const, lob::v17::BookT<lob::ChecksumSink, 16u>::Level> > > >(std::__1::map<long, lob::v17::BookT<lob::ChecksumSink, 16u>::Level, std::__1::less<void>, std::__1::allocator<std::__1::pair<long const, lob::v17::BookT<lob::ChecksumSink, 16u>::Level> > >&) const
0 95 3 3 35 3 3 0 0 0
105 12 0 0 12 0 0 0 0 0
163 12 0 0 3 0 0 0 0 0
191 27 0 0 9 0 0 0 0 0
193 6 0 0 0 0 0 0 0 0
680 11 0 0 0 0 0 0 0 0
862 11 0 0 0 0 0 0 0 0
884 11 0 0 11 0 0 0 0 0
915 23 0 0 15 0 0 0 0 0
1824 18 0 0 9 0 0 0 0 0
1825 9 0 0 0 0 0 9 0 0
1826 9 0 0 9 0 0 0 0 0
1827 18 0 0 0 0 0 9 1 0
1994 22 0 0 0 0 0 0 0 0
2049 70 0 0 0 0 0 0 0 0
2050 24 0 0 0 0 0 0 0 0
fn=lob::v17::BookT<lob::ChecksumSink, 16u>::off_grid_level(lob::Side, long)
0 167 1 1 0 0 0 0 0 0
862 16 0 0 0 0 0 0 0 0
884 16 1 1 16 0 0 0 0 0
915 44 0 0 30 0 0 0 0 0
1593 27 0 0 0 0 0 0 0 0
1594 36 0 0 18 2 0 0 0 0
1601 9 0 0 0 0 0 0 0 0
1602 15 0 0 5 0 0 0 0 0
1673 24 0 0 0 0 0 12 0 0
1674 12 0 0 0 0 0 12 0 0
1676 12 0 0 0 0 0 12 0 0
1677 48 0 0 24 0 0 0 0 0
1678 8 0 0 0 0 0 8 0 0
1679 36 0 0 12 0 0 12 0 0
fn=void std::__1::__tree_balance_after_insert[abi:ne210105]<std::__1::__tree_node_base<void*>*>(std::__1::__tree_node_base<void*>*, std::__1::__tree_node_base<void*>*)
0 3 1 1 0 0 0 0 0 0
105 16 1 1 12 0 0 0 0 0
235 1 0 0 1 0 0 0 0 0
236 2 0 0 1 0 0 1 0 0
237 2 0 0 0 0 0 0 0 0
239 1 0 0 0 0 0 1 0 0
241 1 0 0 0 0 0 1 0 0
244 1 0 0 0 0 0 1 0 0
254 1 0 0 1 0 0 0 0 0
255 4 0 0 2 0 0 2 0 0
256 4 0 0 0 0 0 0 0 0
258 4 0 0 2 0 0 2 0 0
259 2 0 0 0 0 0 0 0 0
260 2 0 0 0 0 0 2 0 0
263 2 0 0 0 0 0 2 0 0
278 24 1 1 0 0 0 12 0 0
279 36 0 0 10 0 0 0 0 0
281 4 0 0 0 0 0 0 0 0
282 4 1 1 4 0 0 0 0 0
283 12 0 0 2 0 0 0 0 0
285 2 0 0 0 0 0 2 0 0
287 4 0 0 0 0 0 2 0 0
288 4 0 0 0 0 0 2 0 0
290 3 0 0 0 0 0 0 0 0
295 2 0 0 0 0 0 2 0 0
297 2 1 1 0 0 0 2 0 0
323 12 0 0 12 0 0 0 0 0
569 11 0 0 11 0 0 0 0 0
571 3 0 0 0 0 0 3 0 0
fn=void std::__1::__tree_remove[abi:ne210105]<std::__1::__tree_node_base<void*>*>(std::__1::__tree_node_base<void*>*, std::__1::__tree_node_base<void*>*)
0 29 1 1 3 0 0 3 0 0
105 59 2 2 28 1 1 0 0 0
235 1 0 0 1 0 0 0 0 0
236 2 0 0 1 0 0 1 0 0
237 2 0 0 0 0 0 0 0 0
239 2 0 0 1 0 0 1 0 0
240 1 0 0 0 0 0 0 0 0
241 1 0 0 0 0 0 1 0 0
244 1 0 0 0 0 0 1 0 0
255 2 1 1 1 0 0 1 0 0
256 2 0 0 0 0 0 0 0 0
258 2 0 0 1 0 0 1 0 0
259 1 0 0 0 0 0 0 0 0
262 2 0 0 0 0 0 1 0 0
263 1 1 1 0 0 0 1 0 0
339 48 1 1 12 0 0 0 0 0
341 12 0 0 12 0 0 0 0 0
345 24 0 0 0 0 0 0 0 0
346 12 0 0 4 0 0 4 1 0
347 12 0 0 0 0 0 0 0 0
348 12 0 0 0 0 0 12 0 0
349 24 0 0 0 0 0 0 0 0
350 7 0 0 7 0 0 0 0 0
358 12 0 0 12 0 0 0 0 0
361 31 0 0 0 0 0 0 0 0
379 30 1 1 0 0 0 0 0 0
392 14 0 0 0 0 0 0 0 0
393 4 0 0 0 0 0 4 0 0
401 3 0 0 0 0 0 0 0 0
403 6 0 0 0 0 0 0 0 0
415 11 1 1 4 1 0 0 0 0
416 6 0 0 2 0 0 0 0 0
417 2 0 0 0 0 0 2 0 0
420 7 0 0 1 0 0 0 0 0
429 3 1 1 1 0 0 0 0 0
431 1 0 0 0 0 0 1 0 0
432 1 0 0 0 0 0 1 0 0
439 2 0 0 1 0 0 1 0 0
440 1 1 1 0 0 0 1 0 0
441 1 0 0 0 0 0 1 0 0
492 12 0 0 12 0 0 0 0 0
569 3 1 1 3 0 0 0 0 0
571 1 0 0 0 0 0 1 0 0
fl=/usr/include/c++/v1/__utility/pair.h
fn=lob::v17::BookT<lob::ChecksumSink, 16u>::off_grid_level(lob::Side, long)
445 12 0 0 0 0 0 12 0 0
446 12 0 0 0 0 0 12 0 0
fl=/usr/include/c++/v1/__utility/swap.h
fn=void lob::replay<lob::v17::BookT<lob::ChecksumSink, 16u> >(lob::v17::BookT<lob::ChecksumSink, 16u>&, std::__1::span<lob::Op const, 18446744073709551615ul>)
44 45 1 1 0 0 0 45 4 1
fl=/usr/include/c++/v1/__vector/vector.h
fn=auto lob::for_each_type<std::__1::tuple<lob::v0::Book<lob::ChecksumSink>, lob::v1::Book<lob::ChecksumSink>, lob::v2::Book<lob::ChecksumSink>, lob::v3::BookT<lob::ChecksumSink, 16u>, lob::v4::BookT<lob::ChecksumSink, 16u>, lob::v5::BookT<lob::ChecksumSink, 16u>, lob::v7::BookT<lob::ChecksumSink, 16u>, lob::v8::BookT<lob::ChecksumSink, 16u>, lob::v9::BookT<lob::ChecksumSink, 16u>, lob::v10::BookT<lob::ChecksumSink, 16u>, lob::v11::BookT<lob::ChecksumSink, 16u>, lob::v12::BookT<lob::ChecksumSink, 16u>, lob::v13::BookT<lob::ChecksumSink, 16u>, lob::v14::BookT<lob::ChecksumSink, 16u>, lob::v15::BookT<lob::ChecksumSink, 16u>, lob::v16::BookT<lob::ChecksumSink, 16u>, lob::v17::BookT<lob::ChecksumSink, 16u>, lob::v18::BookT<lob::ChecksumSink, 16u> >, (anonymous namespace)::with_version<(anonymous namespace)::cmd_replay((anonymous namespace)::Args const&)::$_0>(std::__1::basic_string_view<char, std::__1::char_traits<char> >, (anonymous namespace)::cmd_replay((anonymous namespace)::Args const&)::$_0&&)::{lambda<typename $T0>()#1}>((anonymous namespace)::with_version<(anonymous namespace)::cmd_replay((anonymous namespace)::Args const&)::$_0>(std::__1::basic_string_view<char, std::__1::char_traits<char> >, (anonymous namespace)::cmd_replay((anonymous namespace)::Args const&)::$_0&&)::{lambda<typename $T0>()#1}&&)::{lambda<unsigned long... $N0>(std::__1::integer_sequence<unsigned long, ($N0)...>)#1}::operator()<0ul, 1ul, 2ul, 3ul, 4ul, 5ul, 6ul, 7ul, 8ul, 9ul, 10ul, 11ul, 12ul, 13ul, 14ul, 15ul, 16ul, 17ul>(std::__1::integer_sequence<unsigned long, 0ul, 1ul, 2ul, 3ul, 4ul, 5ul, 6ul, 7ul, 8ul, 9ul, 10ul, 11ul, 12ul, 13ul, 14ul, 15ul, 16ul, 17ul>) const
388 5 0 0 1 0 0 0 0 0
449 1 0 0 1 1 1 0 0 0
fn=auto lob::v17::BookT<lob::ChecksumSink, 16u>::unlink_off_grid(lob::v17::BookT<lob::ChecksumSink, 16u>::Loc const&)::{lambda(auto:1&)#1}::operator()<std::__1::map<long, lob::v17::BookT<lob::ChecksumSink, 16u>::Level, std::__1::greater<void>, std::__1::allocator<std::__1::pair<long const, lob::v17::BookT<lob::ChecksumSink, 16u>::Level> > > >(std::__1::map<long, lob::v17::BookT<lob::ChecksumSink, 16u>::Level, std::__1::greater<void>, std::__1::allocator<std::__1::pair<long const, lob::v17::BookT<lob::ChecksumSink, 16u>::Level> > >&) const
407 20 0 0 5 0 0 0 0 0
fn=auto lob::v17::BookT<lob::ChecksumSink, 16u>::unlink_off_grid(lob::v17::BookT<lob::ChecksumSink, 16u>::Loc const&)::{lambda(auto:1&)#1}::operator()<std::__1::map<long, lob::v17::BookT<lob::ChecksumSink, 16u>::Level, std::__1::less<void>, std::__1::allocator<std::__1::pair<long const, lob::v17::BookT<lob::ChecksumSink, 16u>::Level> > > >(std::__1::map<long, lob::v17::BookT<lob::ChecksumSink, 16u>::Level, std::__1::less<void>, std::__1::allocator<std::__1::pair<long const, lob::v17::BookT<lob::ChecksumSink, 16u>::Level> > >&) const
407 44 1 1 11 0 0 0 0 0
fn=lob::v17::BookT<lob::ChecksumSink, 16u>::modify(unsigned long, long, unsigned int)
411 123084 0 0 41028 0 0 0 0 0
fn=void lob::replay<lob::v17::BookT<lob::ChecksumSink, 16u> >(lob::v17::BookT<lob::ChecksumSink, 16u>&, std::__1::span<lob::Op const, 18446744073709551615ul>)
0 17754 0 0 15 0 0 45 0 0
388 26541 1 1 8847 0 0 0 0 0
391 15 0 0 0 0 0 0 0 0
407 9759889 2 2 1229943 0 0 0 0 0
475 8832 0 0 0 0 0 0 0 0
844 30 0 0 0 0 0 0 0 0
902 45 0 0 0 0 0 0 0 0
905 120 2 1 0 0 0 0 0 0
1128 15 1 1 0 0 0 0 0 0
1131 30 0 0 0 0 0 0 0 0
1146 35388 0 0 8847 0 0 8847 0 0
1149 8832 0 0 0 0 0 0 0 0
1152 8847 0 0 0 0 0 8847 0 0
fl=/usr/include/c++/v1/map
fn=auto lob::v17::BookT<lob::ChecksumSink, 16u>::unlink_off_grid(lob::v17::BookT<lob::ChecksumSink, 16u>::Loc const&)::{lambda(auto:1&)#1}::operator()<std::__1::map<long, lob::v17::BookT<lob::ChecksumSink, 16u>::Level, std::__1::greater<void>, std::__1::allocator<std::__1::pair<long const, lob::v17::BookT<lob::ChecksumSink, 16u>::Level> > > >(std::__1::map<long, lob::v17::BookT<lob::ChecksumSink, 16u>::Level, std::__1::greater<void>, std::__1::allocator<std::__1::pair<long const, lob::v17::BookT<lob::ChecksumSink, 16u>::Level> > >&) const
1031 9 0 0 6 0 0 0 0 0
fn=auto lob::v17::BookT<lob::ChecksumSink, 16u>::unlink_off_grid(lob::v17::BookT<lob::ChecksumSink, 16u>::Loc const&)::{lambda(auto:1&)#1}::operator()<std::__1::map<long, lob::v17::BookT<lob::ChecksumSink, 16u>::Level, std::__1::less<void>, std::__1::allocator<std::__1::pair<long const, lob::v17::BookT<lob::ChecksumSink, 16u>::Level> > > >(std::__1::map<long, lob::v17::BookT<lob::ChecksumSink, 16u>::Level, std::__1::less<void>, std::__1::allocator<std::__1::pair<long const, lob::v17::BookT<lob::ChecksumSink, 16u>::Level> > >&) const
1031 27 0 0 18 0 0 0 0 0
fn=lob::v17::BookT<lob::ChecksumSink, 16u>::off_grid_level(lob::Side, long)
1031 48 1 1 32 0 0 0 0 0
fl=???
fn=???
0 302 12 12 195 104 15 4 0 0
fn=operator delete(void*)
0 150 0 0 30 0 0 30 0 0
fn=operator delete(void*, std::align_val_t)
0 20 1 1 4 0 0 4 0 0
fn=operator delete(void*, unsigned long)
0 130 1 1 26 0 0 26 0 0
fn=operator delete[](void*)
0 20 0 0 4 0 0 4 0 0
fn=operator new(unsigned long)
0 527 2 2 93 0 0 124 0 0
fn=operator new(unsigned long, std::align_val_t)
0 108 3 3 16 0 0 16 1 0
fn=operator new[](unsigned long)
0 20 0 0 4 0 0 4 0 0
summary: 388548443 366 340 94375144 1151483 937287 45027084 1190118 20139
