==64106== Cachegrind, a high-precision tracing profiler
==64106== Copyright (C) 2002-2017, and GNU GPL'd, by Nicholas Nethercote et al.
==64106== Using Valgrind-3.22.0 and LibVEX; rerun with -h for copyright info
==64106== Command: /home/wang/sources/cxx/book/build/profile/book replay --workload data/syn_deep_s42.ops --version v10
==64106== 
==64106== 
==64106== I refs:        207,675,866
==64106== I1  misses:            307
==64106== LLi misses:            307
==64106== I1  miss rate:        0.00%
==64106== LLi miss rate:        0.00%
==64106== 
==64106== D refs:         84,093,679  (54,981,540 rd   + 29,112,139 wr)
==64106== D1  misses:      4,043,231  ( 2,403,012 rd   +  1,640,219 wr)
==64106== LLd misses:        415,146  (   375,241 rd   +     39,905 wr)
==64106== D1  miss rate:         4.8% (       4.4%     +        5.6%  )
==64106== LLd miss rate:         0.5% (       0.7%     +        0.1%  )
==64106== 
==64106== LL refs:         4,043,538  ( 2,403,319 rd   +  1,640,219 wr)
==64106== LL misses:         415,453  (   375,548 rd   +     39,905 wr)
==64106== LL miss rate:          0.1% (       0.1%     +        0.1%  )
