desc: I1 cache:         32768 B, 64 B, 8-way associative
desc: D1 cache:         49152 B, 64 B, 12-way associative
desc: LL cache:         6291456 B, 64 B, 12-way associative
cmd: /home/wang/sources/cxx/book/build/profile/book replay --workload data/syn_aggressive_s42.ops --version v19
events: Ir I1mr ILmr Dr D1mr DLmr Dw D1mw DLmw 
fl=./elf/../sysdeps/generic/dl-new-hash.h
fn=_dl_lookup_symbol_x
69 2 0 0 0 0 0 0 0 0
70 4 0 0 0 0 0 0 0 0
74 15 0 0 15 1 1 0 0 0
77 30 0 0 0 0 0 0 0 0
80 14 0 0 14 0 0 0 0 0
81 28 0 0 0 0 0 0 0 0
87 1 1 1 0 0 0 0 0 0
88 1 0 0 0 0 0 0 0 0
89 2 0 0 0 0 0 0 0 0
90 1 0 0 0 0 0 0 0 0
99 13 0 0 0 0 0 0 0 0
101 13 0 0 0 0 0 0 0 0
102 26 0 0 0 0 0 0 0 0
104 13 1 1 0 0 0 0 0 0
105 13 0 0 0 0 0 0 0 0
fl=./elf/../sysdeps/generic/dl-protected.h
fn=do_lookup_x
29 8 0 0 0 0 0 0 0 0
fl=./elf/../sysdeps/generic/ldsodefs.h
fn=do_lookup_x
139 4 0 0 2 0 0 0 0 0
140 6 0 0 0 0 0 0 0 0
fl=./elf/../sysdeps/x86_64/dl-machine.h
fn=_dl_fixup
234 2 0 0 0 0 0 2 0 0
fl=./elf/../sysdeps/x86_64/dl-runtime.h
fn=_dl_fixup
28 2 0 0 0 0 0 0 0 0
fl=./elf/../sysdeps/x86_64/dl-trampoline.h
fn=_dl_runtime_resolve_xsave
71 2 1 1 0 0 0 0 0 0
76 2 0 0 0 0 0 2 0 0
79 2 0 0 0 0 0 0 0 0
81 2 0 0 0 0 0 0 0 0
91 2 0 0 2 1 1 0 0 0
97 2 0 0 0 0 0 2 1 1
98 2 0 0 0 0 0 2 0 0
99 2 1 1 0 0 0 2 0 0
100 2 0 0 0 0 0 2 0 0
101 2 0 0 0 0 0 2 0 0
102 2 0 0 0 0 0 2 0 0
103 2 0 0 0 0 0 2 0 0
107 2 0 0 0 0 0 0 0 0
108 2 0 0 0 0 0 0 0 0
111 2 0 0 0 0 0 2 1 0
112 2 0 0 0 0 0 2 0 0
114 2 0 0 0 0 0 2 0 0
115 2 0 0 0 0 0 2 0 0
116 2 1 1 0 0 0 2 0 0
117 2 0 0 0 0 0 2 0 0
118 2 0 0 0 0 0 2 0 0
119 2 0 0 0 0 0 2 0 0
121 2 0 0 2 0 0 66 8 8
128 2 0 0 2 0 0 0 0 0
129 2 0 0 2 0 0 0 0 0
130 2 0 0 0 0 0 2 1 1
131 2 0 0 0 0 0 0 0 0
136 2 0 0 0 0 0 0 0 0
137 2 0 0 0 0 0 0 0 0
138 2 0 0 72 0 0 0 0 0
140 2 1 1 2 0 0 0 0 0
141 2 0 0 2 0 0 0 0 0
142 2 0 0 2 0 0 0 0 0
143 2 0 0 2 0 0 0 0 0
144 2 0 0 2 0 0 0 0 0
145 2 0 0 2 0 0 0 0 0
146 2 0 0 2 0 0 0 0 0
148 2 0 0 0 0 0 0 0 0
150 2 0 0 2 0 0 0 0 0
154 2 0 0 0 0 0 0 0 0
156 2 0 0 0 0 0 0 0 0
fl=./elf/./elf/dl-lookup.c
fn=_dl_lookup_symbol_x
772 26 2 2 0 0 0 18 3 3
774 4 0 0 0 0 0 2 0 0
775 8 0 0 0 0 0 2 0 0
778 2 0 0 2 1 1 0 0 0
782 4 0 0 0 0 0 0 0 0
785 4 1 1 2 0 0 0 0 0
787 4 0 0 4 0 0 0 0 0
791 28 0 0 0 0 0 6 0 0
792 34 2 2 14 0 0 14 1 1
797 10 0 0 4 0 0 0 0 0
816 2 0 0 0 0 0 2 0 0
820 4 0 0 2 0 0 0 0 0
821 14 0 0 2 0 0 0 0 0
828 2 0 0 2 0 0 0 0 0
856 8 1 1 2 0 0 0 0 0
870 6 0 0 2 1 1 0 0 0
873 4 0 0 2 0 0 0 0 0
890 8 0 0 2 0 0 0 0 0
892 18 1 1 14 0 0 0 0 0
fn=check_match
70 30 1 1 4 2 2 12 1 1
73 16 1 1 4 0 0 0 0 0
86 10 0 0 0 0 0 0 0 0
89 16 1 1 4 0 0 2 0 0
93 2 0 0 2 1 1 0 0 0
94 4 0 0 0 0 0 0 0 0
144 4 1 1 0 0 0 0 0 0
146 12 0 0 4 2 2 0 0 0
147 8 1 1 0 0 0 0 0 0
161 2 0 0 0 0 0 0 0 0
162 16 0 0 14 0 0 0 0 0
fn=do_lookup_x
347 28 2 2 4 0 0 20 2 2
348 2 0 0 2 1 1 0 0 0
353 2 0 0 0 0 0 0 0 0
354 2 0 0 2 0 0 0 0 0
358 16 1 1 16 6 6 0 0 0
361 16 0 0 0 0 0 0 0 0
365 20 0 0 2 0 0 0 0 0
386 16 1 1 8 3 3 0 0 0
390 16 0 0 8 1 1 0 0 0
396 24 0 0 8 3 3 0 0 0
400 8 0 0 0 0 0 8 0 0
401 8 0 0 0 0 0 8 0 0
404 40 0 0 24 6 6 0 0 0
405 24 1 1 16 2 2 0 0 0
408 8 0 0 8 0 0 0 0 0
409 16 0 0 0 0 0 0 0 0
411 8 0 0 8 6 6 0 0 0
412 6 0 0 0 0 0 2 0 0
413 16 0 0 16 0 0 0 0 0
415 14 1 1 2 0 0 4 0 0
416 32 0 0 16 0 0 0 0 0
419 56 0 0 8 0 0 0 0 0
422 4 0 0 4 2 2 0 0 0
423 6 1 1 2 0 0 0 0 0
424 4 0 0 0 0 0 0 0 0
426 4 0 0 2 0 0 0 0 0
429 15 1 1 3 2 2 0 0 0
431 6 0 0 2 0 0 0 0 0
432 50 2 2 14 0 0 26 2 2
433 4 0 0 0 0 0 0 0 0
436 6 0 0 0 0 0 0 0 0
439 3 0 0 0 0 0 0 0 0
461 16 1 1 12 0 0 0 0 0
476 4 1 1 0 0 0 0 0 0
483 8 0 0 2 0 0 0 0 0
487 6 1 1 2 1 1 0 0 0
499 4 0 0 2 0 0 2 0 0
500 2 0 0 0 0 0 2 0 0
501 2 0 0 0 0 0 0 0 0
518 18 0 0 0 0 0 0 0 0
522 16 0 0 14 0 0 0 0 0
fl=./elf/./elf/dl-runtime.c
fn=_dl_fixup
46 22 2 2 0 0 0 12 0 0
48 10 0 0 8 4 4 0 0 0
49 6 1 1 4 1 1 0 0 0
54 2 0 0 2 1 1 0 0 0
55 8 0 0 2 1 1 0 0 0
56 14 0 0 2 2 2 2 1 1
58 4 0 0 2 0 0 0 0 0
63 4 0 0 0 0 0 0 0 0
67 4 0 0 2 2 2 0 0 0
69 4 0 0 0 0 0 0 0 0
71 6 1 1 2 1 1 0 0 0
75 6 0 0 4 3 3 0 0 0
76 8 0 0 2 0 0 0 0 0
77 6 0 0 2 1 1 0 0 0
84 2 1 1 0 0 0 0 0 0
85 6 0 0 2 0 0 0 0 0
95 22 0 0 4 1 1 6 0 0
99 10 1 1 6 0 0 0 0 0
109 20 0 0 8 0 0 2 0 0
124 8 1 1 2 0 0 0 0 0
133 6 0 0 2 1 1 0 0 0
159 6 0 0 2 0 0 0 0 0
163 16 1 1 14 0 0 0 0 0
fl=./malloc/./malloc/arena.c
fn=_mid_memalign.isra.0
153 6 0 0 0 0 0 0 0 0
fn=free
153 24 0 0 0 0 0 0 0 0
fn=malloc
153 12 0 0 0 0 0 0 0 0
fl=./malloc/./malloc/malloc.c
fn=_int_free
1792 5 0 0 5 2 0 0 0 0
3163 6 1 1 3 0 0 3 0 0
3165 12 0 0 3 3 3 3 0 0
3166 3 0 0 0 0 0 3 0 0
3167 6 0 0 0 0 0 3 0 0
4495 56 1 1 0 0 0 32 0 0
4499 24 1 1 8 0 0 0 0 0
4505 32 0 0 0 0 0 0 0 0
4506 16 0 0 0 0 0 0 0 0
4510 40 0 0 0 0 0 0 0 0
4517 16 0 0 0 0 0 0 0 0
4518 48 1 1 24 2 0 0 0 0
4521 3 0 0 0 0 0 0 0 0
4527 9 0 0 6 3 1 0 0 0
4547 15 1 1 6 3 1 0 0 0
4550 3 0 0 0 0 0 0 0 0
4561 10 0 0 0 0 0 0 0 0
4637 10 0 0 5 0 0 0 0 0
4640 10 0 0 5 3 0 0 0 0
4643 10 1 1 0 0 0 0 0 0
4646 10 0 0 0 0 0 0 0 0
4658 43 1 1 35 0 0 0 0 0
fn=_int_free_maybe_consolidate
4770 99 1 1 9 2 0 63 0 0
4776 18 0 0 0 0 0 0 0 0
4778 8 0 0 2 0 0 0 0 0
4781 6 0 0 0 0 0 0 0 0
4784 10 2 2 6 2 1 0 0 0
4798 99 1 1 81 0 0 0 0 0
fn=_int_free_merge_chunk
1992 21 0 0 7 0 0 0 0 0
4665 56 1 1 0 0 0 42 0 0
4666 7 0 0 0 0 0 0 0 0
4670 42 0 0 7 3 0 0 0 0
4673 28 1 1 7 2 0 0 0 0
4675 21 1 1 7 4 0 0 0 0
4678 21 0 0 7 1 0 0 0 0
4681 14 0 0 0 0 0 0 0 0
4682 14 0 0 0 0 0 0 0 0
4683 14 0 0 7 4 0 0 0 0
4689 14 1 1 7 0 0 0 0 0
4691 3 0 0 3 0 0 0 0 0
4692 3 0 0 0 0 0 0 0 0
4693 3 0 0 0 0 0 0 0 0
4694 12 0 0 3 0 0 0 0 0
4696 6 0 0 0 0 0 3 0 0
4701 21 0 0 0 0 0 0 0 0
4702 49 0 0 42 0 0 0 0 0
4714 14 0 0 7 0 0 0 0 0
4720 12 0 0 6 2 0 0 0 0
4721 4 1 1 0 0 0 2 0 0
4722 4 0 0 0 0 0 0 0 0
4724 4 0 0 4 0 0 0 0 0
4732 6 0 0 0 0 0 0 0 0
4733 24 1 1 6 0 0 0 0 0
4734 12 0 0 6 0 0 0 0 0
4736 6 0 0 0 0 0 6 0 0
4738 12 0 0 0 0 0 0 0 0
4740 12 0 0 0 0 0 4 0 0
4743 6 0 0 0 0 0 6 0 0
4744 6 0 0 0 0 0 6 0 0
4746 18 0 0 0 0 0 6 0 0
4747 6 1 1 0 0 0 6 0 0
4756 1 0 0 0 0 0 0 0 0
4757 3 0 0 0 0 0 1 0 0
4758 2 0 0 0 0 0 1 0 0
fn=_int_malloc
1326 18 0 0 0 0 0 0 0 0
1345 54 0 0 0 0 0 0 0 0
1794 9 1 1 9 0 0 0 0 0
1985 12 0 0 4 0 0 0 0 0
2552 6 1 1 2 2 1 2 0 0
2564 2 1 1 1 1 0 0 0 0
2565 3 0 0 2 0 0 0 0 0
2568 4 0 0 1 0 0 0 0 0
2576 6 0 0 1 0 0 2 1 0
2577 2 0 0 0 0 0 0 0 0
3846 99 2 2 9 5 1 63 4 1
3887 18 0 0 0 0 0 0 0 0
3914 18 0 0 0 0 0 0 0 0
3977 18 1 1 0 0 0 0 0 0
3979 6 0 0 0 0 0 0 0 0
3980 2 1 1 0 0 0 0 0 0
3982 3 0 0 1 1 1 0 0 0
4039 100 1 1 0 0 0 0 0 0
4040 24 1 1 8 5 1 0 0 0
4058 27 1 1 9 0 0 0 0 0
4059 27 0 0 0 0 0 9 2 0
4060 27 0 0 18 4 2 0 0 0
4069 12 0 0 0 0 0 6 0 0
4070 73 1 1 18 4 1 9 0 0
4072 9 0 0 9 0 0 0 0 0
4073 18 0 0 9 2 0 0 0 0
4074 9 0 0 0 0 0 0 0 0
4076 18 0 0 0 0 0 0 0 0
4077 27 1 1 9 2 0 0 0 0
4079 9 0 0 9 4 0 0 0 0
4080 36 0 0 0 0 0 0 0 0
4082 36 0 0 9 0 0 0 0 0
4084 18 1 1 9 1 0 0 0 0
4085 18 0 0 9 0 0 0 0 0
4087 18 0 0 0 0 0 0 0 0
4098 36 0 0 0 0 0 0 0 0
4099 2 1 1 1 0 0 0 0 0
4127 9 0 0 0 0 0 9 0 0
4128 9 0 0 0 0 0 9 0 0
4132 18 0 0 0 0 0 0 0 0
4161 19 2 2 0 0 0 0 0 0
4163 4 1 1 0 0 0 2 0 0
4164 8 0 0 0 0 0 0 0 0
4165 2 0 0 2 2 1 0 0 0
4169 107 2 2 0 0 0 7 0 0
4170 21 1 1 0 0 0 0 0 0
4171 7 0 0 7 6 3 0 0 0
4174 14 0 0 0 0 0 0 0 0
4218 28 0 0 0 0 0 7 1 0
4221 63 1 1 18 3 0 0 0 0
4222 9 0 0 0 0 0 9 0 0
4223 9 0 0 0 0 0 9 0 0
4224 9 0 0 0 0 0 9 0 0
4225 9 0 0 0 0 0 9 0 0
4230 18 0 0 18 0 0 0 0 0
4231 18 0 0 0 0 0 0 0 0
4240 36 1 1 18 0 0 0 0 0
4246 12 0 0 0 0 0 0 0 0
4257 27 1 1 0 0 0 0 0 0
4259 32 0 0 0 0 0 0 0 0
4262 24 0 0 8 8 6 0 0 0
4263 9 1 1 0 0 0 0 0 0
4330 9 0 0 0 0 0 0 0 0
4331 18 0 0 0 0 0 0 0 0
4332 18 0 0 0 0 0 0 0 0
4333 18 0 0 9 2 1 0 0 0
4334 54 0 0 0 0 0 0 0 0
4339 34 1 1 0 0 0 0 0 0
4343 29 2 2 0 0 0 0 0 0
4346 16 1 1 4 0 0 0 0 0
4348 8 0 0 0 0 0 0 0 0
4349 4 0 0 0 0 0 0 0 0
4353 66 0 0 0 0 0 0 0 0
4355 29 0 0 0 0 0 0 0 0
4357 58 0 0 0 0 0 0 0 0
4361 4 0 0 4 3 0 0 0 0
4364 8 0 0 0 0 0 0 0 0
4373 16 0 0 4 3 0 0 0 0
4376 8 0 0 0 0 0 0 0 0
4378 12 1 1 0 0 0 4 0 0
4381 12 0 0 0 0 0 8 2 0
4384 16 0 0 8 0 0 0 0 0
4394 4 0 0 0 0 0 0 0 0
4399 16 0 0 4 0 0 0 0 0
4400 8 1 1 4 0 0 0 0 0
4403 4 0 0 0 0 0 4 4 0
4404 4 0 0 0 0 0 4 0 0
4405 4 0 0 0 0 0 4 0 0
4408 8 0 0 0 0 0 0 0 0
4410 8 0 0 0 0 0 0 0 0
4412 8 0 0 0 0 0 4 3 0
4415 32 1 1 0 0 0 4 0 0
4417 12 0 0 0 0 0 4 0 0
4418 4 0 0 0 0 0 4 0 0
4421 4 0 0 0 0 0 0 0 0
4443 5 1 1 5 0 0 0 0 0
4444 10 0 0 5 1 0 0 0 0
4446 10 0 0 5 1 1 0 0 0
4449 15 0 0 0 0 0 0 0 0
4451 4 0 0 0 0 0 0 0 0
4452 8 1 1 0 0 0 0 0 0
4453 4 0 0 0 0 0 4 0 0
4454 32 1 1 0 0 0 4 0 0
4456 8 0 0 0 0 0 4 4 4
4459 8 0 0 0 0 0 0 0 0
4460 15 0 0 0 0 0 5 2 1
4461 5 0 0 0 0 0 0 0 0
4466 4 0 0 1 0 0 1 0 0
4482 2 0 0 0 0 0 0 0 0
4487 108 2 2 81 0 0 0 0 0
fn=_int_memalign
1326 6 0 0 0 0 0 0 0 0
1345 24 1 1 0 0 0 0 0 0
4714 4 0 0 0 0 0 0 0 0
4756 2 1 1 0 0 0 0 0 0
4757 6 0 0 0 0 0 2 1 1
4758 4 0 0 0 0 0 2 0 0
5039 24 1 1 0 0 0 18 2 1
5069 12 0 0 0 0 0 6 0 0
5071 9 0 0 3 0 0 0 0 0
5074 3 0 0 0 0 0 0 0 0
5076 12 0 0 0 0 0 0 0 0
5083 15 1 1 0 0 0 0 0 0
5085 12 0 0 0 0 0 0 0 0
5086 1 0 0 0 0 0 0 0 0
5089 2 0 0 0 0 0 0 0 0
5090 12 0 0 3 0 0 0 0 0
5093 6 0 0 0 0 0 0 0 0
5095 2 0 0 1 0 0 1 0 0
5096 2 0 0 0 0 0 1 0 0
5097 1 0 0 0 0 0 0 0 0
5101 20 1 1 0 0 0 4 1 1
5103 2 0 0 2 0 0 0 0 0
5104 10 0 0 2 0 0 2 0 0
5105 4 0 0 0 0 0 2 0 0
5106 2 0 0 0 0 0 0 0 0
5108 18 1 1 2 0 0 0 0 0
5113 6 0 0 2 0 0 0 0 0
5115 4 0 0 0 0 0 0 0 0
5116 2 0 0 0 0 0 0 0 0
5117 4 0 0 2 0 0 0 0 0
5118 4 0 0 0 0 0 0 0 0
5120 2 0 0 0 0 0 0 0 0
5121 4 0 0 0 0 0 0 0 0
5122 2 1 1 2 0 0 0 0 0
5129 2 0 0 0 0 0 0 0 0
5130 6 2 2 0 0 0 2 0 0
5134 6 1 1 0 0 0 2 0 0
5140 2 0 0 0 0 0 0 0 0
5141 27 0 0 21 0 0 0 0 0
fn=_mid_memalign.isra.0
1326 6 0 0 0 0 0 0 0 0
1345 15 0 0 0 0 0 0 0 0
3575 21 1 1 0 0 0 12 0 0
3581 6 1 1 0 0 0 0 0 0
3585 6 0 0 0 0 0 0 0 0
3590 9 2 2 0 0 0 0 0 0
3598 9 0 0 0 0 0 0 0 0
3615 9 0 0 0 0 0 0 0 0
3617 6 1 1 3 3 1 0 0 0
3638 6 0 0 3 2 1 0 0 0
3640 15 1 1 0 0 0 3 0 0
3641 15 1 1 3 0 0 0 0 0
3643 6 1 1 0 0 0 0 0 0
3662 18 0 0 15 0 0 0 0 0
fn=aligned_alloc
3556 21 1 1 0 0 0 9 2 1
3557 6 0 0 3 2 1 0 0 0
3564 15 0 0 0 0 0 0 0 0
3571 9 0 0 0 0 0 0 0 0
3572 9 1 1 9 0 0 0 0 0
fn=alloc_perturb
1985 15 1 1 5 0 0 0 0 0
1987 5 0 0 5 0 0 0 0 0
fn=free
3359 56 2 2 0 0 0 32 0 0
3363 16 0 0 0 0 0 0 0 0
3371 16 0 0 16 10 2 0 0 0
3373 8 0 0 0 0 0 0 0 0
3375 24 0 0 8 7 1 0 0 0
3392 24 0 0 16 4 0 0 0 0
3398 24 1 1 0 0 0 8 2 0
3401 8 0 0 0 0 0 8 0 0
3402 48 0 0 40 0 0 0 0 0
fn=malloc
1326 12 0 0 0 0 0 0 0 0
1345 30 1 1 0 0 0 0 0 0
3294 48 1 1 0 0 0 24 2 0
3301 12 0 0 6 2 0 0 0 0
3311 12 0 0 0 0 0 0 0 0
3313 24 0 0 12 4 0 0 0 0
3316 12 0 0 6 2 0 0 0 0
3318 6 1 1 2 2 2 0 0 0
3326 12 1 1 6 2 0 0 0 0
3328 24 1 1 0 0 0 6 0 0
3329 30 1 1 6 0 0 0 0 0
3354 36 1 1 30 0 0 0 0 0
fn=sysmalloc_mmap.isra.0
2008 4 0 0 1 0 0 0 0 0
2400 6 1 1 0 0 0 4 0 0
2413 3 0 0 0 0 0 0 0 0
2418 2 0 0 0 0 0 0 0 0
2421 10 1 1 0 0 0 1 1 0
2424 2 1 1 0 0 0 0 0 0
2428 2 0 0 0 0 0 0 0 0
2432 4 0 0 0 0 0 1 0 0
2448 3 0 0 0 0 0 0 0 0
2466 1 0 0 0 0 0 1 1 1
2467 3 1 1 0 0 0 1 0 0
2471 3 0 0 2 0 0 0 0 0
2472 5 0 0 2 0 0 0 0 0
2475 3 1 1 2 0 0 0 0 0
2476 5 0 0 2 0 0 0 0 0
2481 7 0 0 5 0 0 0 0 0
fn=unlink_chunk.isra.0
1608 18 1 1 0 0 0 9 0 0
1610 45 0 0 18 3 0 0 0 0
1613 18 0 0 18 0 0 0 0 0
1614 18 0 0 9 0 0 0 0 0
1616 36 1 1 18 3 0 0 0 0
1619 9 0 0 0 0 0 9 0 0
1620 9 0 0 0 0 0 9 0 0
1621 36 0 0 6 2 0 0 0 0
1623 12 0 0 6 0 0 0 0 0
1624 18 0 0 12 0 0 0 0 0
1627 12 0 0 6 2 1 0 0 0
1641 6 0 0 0 0 0 6 0 0
1642 6 0 0 0 0 0 6 0 0
1645 18 1 1 18 0 0 0 0 0
fl=./misc/../sysdeps/unix/sysv/linux/mmap64.c
fn=mmap
47 7 1 1 0 0 0 3 0 0
50 2 0 0 0 0 0 0 0 0
53 7 1 1 0 0 0 0 0 0
58 6 1 1 0 0 0 0 0 0
60 4 0 0 4 0 0 0 0 0
fl=./misc/../sysdeps/unix/sysv/linux/setvmaname.c
fn=__set_vma_name
33 7 2 2 0 0 0 4 0 0
35 5 0 0 2 1 1 1 0 0
49 9 0 0 7 0 0 0 0 0
fl=./string/../sysdeps/x86_64/multiarch/../multiarch/strcmp-sse2.S
fn=strcmp
98 2 1 1 0 0 0 0 0 0
131 2 0 0 0 0 0 0 0 0
132 2 0 0 0 0 0 0 0 0
134 2 0 0 0 0 0 0 0 0
135 2 0 0 0 0 0 0 0 0
156 2 0 0 0 0 0 0 0 0
157 2 0 0 0 0 0 0 0 0
158 2 0 0 0 0 0 0 0 0
159 2 0 0 0 0 0 0 0 0
160 2 0 0 2 2 2 0 0 0
161 2 1 1 2 0 0 0 0 0
162 2 0 0 2 0 0 0 0 0
163 2 0 0 2 0 0 0 0 0
180 2 0 0 0 0 0 0 0 0
181 2 0 0 0 0 0 0 0 0
182 2 0 0 0 0 0 0 0 0
183 2 0 0 0 0 0 0 0 0
184 2 0 0 0 0 0 0 0 0
185 2 0 0 0 0 0 0 0 0
186 2 0 0 0 0 0 0 0 0
191 1 0 0 0 0 0 0 0 0
192 3 0 0 0 0 0 0 0 0
201 1 1 1 0 0 0 0 0 0
202 1 0 0 0 0 0 0 0 0
203 1 0 0 0 0 0 0 0 0
204 1 0 0 0 0 0 0 0 0
205 1 0 0 0 0 0 0 0 0
206 1 0 0 0 0 0 0 0 0
207 1 0 0 0 0 0 0 0 0
208 1 0 0 0 0 0 0 0 0
209 1 0 0 0 0 0 0 0 0
214 1 0 0 0 0 0 0 0 0
215 1 0 0 0 0 0 0 0 0
216 1 0 0 0 0 0 0 0 0
217 1 0 0 1 1 1 0 0 0
218 1 0 0 0 0 0 0 0 0
219 1 0 0 0 0 0 0 0 0
1613 1 1 1 0 0 0 0 0 0
1614 1 0 0 1 0 0 0 0 0
1615 1 0 0 1 0 0 0 0 0
1616 1 0 0 0 0 0 0 0 0
1617 1 0 0 0 0 0 0 0 0
1619 1 0 0 0 0 0 0 0 0
1620 1 0 0 0 0 0 0 0 0
1621 1 1 1 0 0 0 0 0 0
1622 1 0 0 0 0 0 0 0 0
1623 1 0 0 0 0 0 0 0 0
1624 1 0 0 0 0 0 0 0 0
1625 1 0 0 0 0 0 0 0 0
2095 1 1 1 0 0 0 0 0 0
2096 1 0 0 0 0 0 0 0 0
2097 1 0 0 0 0 0 0 0 0
2098 1 0 0 0 0 0 0 0 0
2104 2 1 1 0 0 0 0 0 0
2110 2 0 0 2 0 0 0 0 0
2111 2 0 0 2 0 0 0 0 0
2119 2 0 0 0 0 0 0 0 0
2120 2 0 0 2 0 0 0 0 0
fl=./string/../sysdeps/x86_64/multiarch/memset-vec-unaligned-erms.S
fn=__memset_avx2_unaligned_erms
158 3 1 1 0 0 0 0 0 0
159 6 0 0 0 0 0 0 0 0
164 3 0 0 0 0 0 0 0 0
165 3 0 0 0 0 0 0 0 0
166 3 0 0 0 0 0 0 0 0
167 3 0 0 0 0 0 0 0 0
168 3 0 0 0 0 0 0 0 0
237 3 1 1 3 3 1 0 0 0
238 3 0 0 0 0 0 0 0 0
244 3 0 0 0 0 0 3 0 0
245 3 0 0 0 0 0 3 2 0
257 3 0 0 0 0 0 0 0 0
260 3 0 0 0 0 0 0 0 0
261 3 0 0 0 0 0 0 0 0
273 3 0 0 0 0 0 3 0 0
274 3 0 0 0 0 0 3 3 1
287 3 0 0 0 0 0 0 0 0
288 3 0 0 0 0 0 0 0 0
290 3 0 0 0 0 0 0 0 0
293 3 0 0 0 0 0 0 0 0
296 3 0 0 0 0 0 0 0 0
299 24 1 1 0 0 0 24 8 3
300 24 0 0 0 0 0 24 14 0
301 24 0 0 0 0 0 24 10 3
302 24 0 0 0 0 0 24 14 0
303 24 0 0 0 0 0 0 0 0
304 24 0 0 0 0 0 0 0 0
305 27 0 0 0 0 0 0 0 0
308 3 0 0 0 0 0 3 0 0
309 3 0 0 0 0 0 3 1 0
310 3 0 0 0 0 0 3 0 0
311 3 0 0 0 0 0 3 0 0
314 6 0 0 3 0 0 0 0 0
fl=/home/wang/git-repositories/vcpkg/installed/x64-linux-clang-libcxx/include/boost/unordered/detail/foa/core.hpp
fn=lob::v19::OrderTable::grow()
1033 3 1 1 3 3 1 0 0 0
fl=/home/wang/git-repositories/vcpkg/installed/x64-linux-clang-libcxx/include/boost/unordered/detail/foa/table.hpp
fn=lob::v19::OrderTable::grow()
390 6 0 0 0 0 0 0 0 0
fl=/home/wang/sources/cxx/book/include/lob/events.hpp
fn=lob::v19::BookT<lob::ChecksumSink, 16u>::modify(unsigned long, long, unsigned int)
0 27715 1 1 0 0 0 27715 0 0
92 93099 0 0 93099 0 0 0 0 0
93 779231 2 2 120856 0 0 27715 0 0
fn=unsigned int lob::v19::BookT<lob::ChecksumSink, 16u>::match<(lob::Side)0>(unsigned long, long, unsigned int)
92 449529 0 0 149843 0 0 149843 0 0
93 1947959 1 1 299686 0 0 149843 0 0
fn=unsigned int lob::v19::BookT<lob::ChecksumSink, 16u>::match<(lob::Side)1>(unsigned long, long, unsigned int)
92 446100 0 0 148700 0 0 148700 0 0
93 1933100 1 1 297400 0 0 148700 0 0
fn=void lob::replay<lob::v19::BookT<lob::ChecksumSink, 16u> >(lob::v19::BookT<lob::ChecksumSink, 16u>&, std::__1::span<lob::Op const, 18446744073709551615ul>)
0 1546994 1 1 471459 0 0 302038 0 0
92 773639 0 0 773639 4 1 0 0 0
93 8245505 2 2 1076103 0 0 471601 0 0
fl=/home/wang/sources/cxx/book/include/lob/replay.hpp
fn=void lob::replay<lob::v19::BookT<lob::ChecksumSink, 16u> >(lob::v19::BookT<lob::ChecksumSink, 16u>&, std::__1::span<lob::Op const, 18446744073709551615ul>)
0 18 1 1 0 0 0 8 1 1
53 1000001 0 0 0 0 0 0 0 0
57 1 0 0 1 0 0 0 0 0
fl=/home/wang/sources/cxx/book/include/lob/v11/exact_div.hpp
fn=lob::v19::BookT<lob::ChecksumSink, 16u>::modify(unsigned long, long, unsigned int)
37 70815 2 2 47210 0 0 0 0 0
fn=void lob::replay<lob::v19::BookT<lob::ChecksumSink, 16u> >(lob::v19::BookT<lob::ChecksumSink, 16u>&, std::__1::span<lob::Op const, 18446744073709551615ul>)
37 1414803 1 1 943202 0 0 0 0 0
fl=/home/wang/sources/cxx/book/include/lob/v19/book.hpp
fn=lob::v19::BookT<lob::ChecksumSink, 16u>::anchor_if_on_tick(long)
405 3 0 0 0 0 0 1 0 0
406 1 0 0 0 0 0 1 0 0
623 10 1 1 1 0 0 0 0 0
624 1 0 0 1 0 0 0 0 0
fn=lob::v19::BookT<lob::ChecksumSink, 16u>::loc_of(unsigned int, unsigned long) const
365 138988 0 0 0 0 0 0 0 0
366 69494 0 0 0 0 0 0 0 0
382 347470 1 1 0 0 0 347470 0 0
383 69494 0 0 69494 0 0 0 0 0
384 208482 1 1 0 0 0 0 0 0
386 625446 0 0 347470 0 0 0 0 0
402 138988 1 1 138988 0 0 0 0 0
fn=lob::v19::BookT<lob::ChecksumSink, 16u>::modify(unsigned long, long, unsigned int)
0 877526 5 5 388878 0 0 198556 0 0
224 625446 2 2 0 0 0 416964 0 0
225 69494 0 0 0 0 0 0 0 0
226 138988 0 0 0 0 0 0 0 0
227 138988 0 0 0 0 0 0 0 0
228 138988 0 0 0 0 0 0 0 0
230 416964 0 0 0 0 0 208482 0 0
232 277976 0 0 0 0 0 0 0 0
233 41779 0 0 0 0 0 41779 0 0
234 41779 0 0 41779 0 0 0 0 0
237 27715 0 0 0 0 0 0 0 0
238 69494 0 0 69494 0 0 0 0 0
240 27715 1 1 27715 0 0 0 0 0
242 555952 0 0 486458 0 0 0 0 0
356 51320 0 0 0 0 0 0 0 0
363 212445 0 0 0 0 0 0 0 0
365 55430 0 0 0 0 0 0 0 0
399 47196 0 0 23605 0 0 0 0 0
400 70815 0 0 0 0 0 0 0 0
402 55430 0 0 55430 0 0 0 0 0
452 23605 2 2 23605 98 0 0 0 0
453 47210 0 0 0 0 0 0 0 0
456 47210 1 1 0 0 0 0 0 0
457 23605 0 0 0 0 0 0 0 0
458 23605 1 1 0 0 0 23605 1058 0
459 23605 0 0 0 0 0 23605 0 0
460 23605 0 0 0 0 0 23605 0 0
461 23605 0 0 0 0 0 23605 0 0
468 27715 0 0 0 0 0 0 0 0
469 27715 0 0 0 0 0 0 0 0
470 277150 0 0 0 0 0 0 0 0
471 249435 1 1 0 0 0 0 0 0
472 27715 0 0 0 0 0 27715 15608 0
473 55430 0 0 27715 0 0 27715 15276 0
481 27715 0 0 0 0 0 0 0 0
482 110860 1 1 0 0 0 0 0 0
483 55430 0 0 0 0 0 0 0 0
484 181675 1 1 0 0 0 0 0 0
485 55430 0 0 27715 0 0 0 0 0
486 27715 0 0 0 0 0 0 0 0
487 110860 0 0 0 0 0 0 0 0
488 55430 1 1 0 0 0 0 0 0
494 27715 0 0 0 0 0 0 0 0
495 4124 0 0 0 0 0 0 0 0
496 8128 0 0 4064 0 0 2032 0 0
498 8368 0 0 4184 0 0 2092 0 0
499 8248 1 1 4124 0 0 0 0 0
561 47210 0 0 23605 0 0 0 0 0
563 70815 0 0 0 0 0 70815 0 0
565 23605 0 0 0 0 0 0 0 0
566 70829 0 0 23619 0 0 0 0 0
567 23647 0 0 0 0 0 14 0 0
568 14 0 0 0 0 0 0 0 0
572 23605 0 0 23605 0 0 0 0 0
585 55430 0 0 0 0 0 0 0 0
588 138575 1 1 0 0 0 0 0 0
589 27715 0 0 27715 0 0 0 0 0
590 166290 1 1 0 0 0 0 0 0
fn=lob::v19::BookT<lob::ChecksumSink, 16u>::relink_after_grow()
431 12 1 1 6 3 0 0 0 0
433 225 0 0 75 14 0 75 0 0
434 225 0 0 75 0 0 75 0 0
438 38 0 0 0 0 0 0 0 0
440 3 0 0 0 0 0 0 0 0
441 3 0 0 0 0 0 0 0 0
443 3 0 0 3 0 0 0 0 0
fn=unsigned int lob::v19::BookT<lob::ChecksumSink, 16u>::match<(lob::Side)0>(unsigned long, long, unsigned int)
0 1590367 4 4 383817 2 2 325456 1 0
402 162882 0 0 81441 0 0 0 0 0
468 82521 0 0 0 0 0 0 0 0
469 82521 1 1 0 0 0 0 0 0
470 742689 0 0 165042 0 0 0 0 0
471 577647 0 0 82521 0 0 0 0 0
472 82521 0 0 0 0 0 82521 0 0
473 82521 0 0 0 0 0 82521 30751 0
509 726588 1 1 0 0 0 645856 399 0
519 161464 0 0 0 0 0 0 0 0
522 244323 1 1 0 0 0 0 0 0
525 81441 0 0 0 0 0 0 0 0
530 81441 0 0 0 0 0 0 0 0
532 162959 0 0 81441 0 0 0 0 0
533 650912 1 1 162728 0 0 81364 0 0
534 601499 0 0 150552 0 0 0 0 0
537 449529 0 0 0 0 0 0 0 0
539 149843 1 1 149843 0 0 0 0 0
541 149843 0 0 0 0 0 149843 0 0
542 299686 0 0 0 0 0 0 0 0
544 165042 0 0 0 0 0 0 0 0
548 161310 0 0 80655 0 0 0 0 0
549 2690 0 0 0 0 0 0 0 0
556 726588 1 1 565124 0 0 0 0 0
fn=unsigned int lob::v19::BookT<lob::ChecksumSink, 16u>::match<(lob::Side)1>(unsigned long, long, unsigned int)
0 1744540 4 4 462288 0 0 405294 0 0
402 162244 0 0 81122 0 0 0 0 0
468 81679 0 0 0 0 0 0 0 0
469 81679 0 0 0 0 0 0 0 0
470 735111 0 0 163358 0 0 0 0 0
471 571753 1 1 81679 0 0 0 0 0
472 81679 0 0 0 0 0 81679 0 0
473 81679 0 0 0 0 0 81679 29134 0
509 723609 1 1 0 0 0 643208 433 0
519 160802 0 0 0 0 0 0 0 0
522 243366 0 0 0 0 0 0 0 0
525 81122 0 0 0 0 0 0 0 0
526 81122 0 0 0 0 0 0 0 0
530 81122 0 0 0 0 0 0 0 0
532 162323 0 0 81122 0 0 0 0 0
533 567301 1 1 243129 0 0 0 0 0
534 596963 0 0 149421 0 0 0 0 0
537 446100 1 1 0 0 0 0 0 0
539 148700 1 1 148700 0 0 0 0 0
541 148700 0 0 0 0 0 148700 0 0
542 297400 0 0 0 0 0 0 0 0
544 163358 0 0 0 0 0 0 0 0
548 160644 1 1 80322 0 0 0 0 0
549 2644 0 0 0 0 0 0 0 0
553 1322 0 0 0 0 0 0 0 0
556 723609 1 1 562807 0 0 0 0 0
fn=void lob::replay<lob::v19::BookT<lob::ChecksumSink, 16u> >(lob::v19::BookT<lob::ChecksumSink, 16u>&, std::__1::span<lob::Op const, 18446744073709551615ul>)
0 4580494 3 3 2245247 125000 125000 284 0 0
193 4861012 1 1 1000000 162964 162961 0 0 0
195 2513872 1 1 1885404 78501 78501 0 0 0
199 347470 0 0 138988 8539 8539 69494 0 0
205 628468 0 0 0 0 0 0 0 0
206 1558974 0 0 0 0 0 0 0 0
207 628468 0 0 0 0 0 628468 0 0
209 628468 0 0 0 0 0 0 0 0
210 12 1 1 0 0 0 9 0 0
211 1256936 1 1 628468 0 0 0 0 0
217 604076 1 1 0 0 0 0 0 0
218 906114 0 0 604076 0 0 302038 0 0
221 302038 0 0 302038 0 0 0 0 0
356 2320917 1 1 0 0 0 0 0 0
363 4716010 0 0 0 0 0 0 0 0
365 604076 0 0 0 0 0 0 0 0
394 2 0 0 1 0 0 0 0 0
399 943202 0 0 471601 0 0 0 0 0
400 1414803 1 1 0 0 0 0 0 0
402 1256934 0 0 1256934 0 0 0 0 0
452 471601 0 0 471601 1197 10 0 0 0
453 943202 0 0 0 0 0 0 0 0
456 1414945 0 0 0 0 0 0 0 0
457 471601 0 0 0 0 0 0 0 0
458 471601 0 0 0 0 0 471601 7598 0
459 471601 0 0 0 0 0 471601 0 0
460 471601 1 1 0 0 0 471601 0 0
461 471601 1 1 0 0 0 471601 0 0
468 302038 0 0 0 0 0 0 0 0
469 604076 0 0 0 0 0 0 0 0
470 3322418 1 1 0 0 0 0 0 0
471 2718342 0 0 302038 0 0 0 0 0
472 302038 0 0 0 0 0 302038 169784 0
473 604076 1 1 0 0 0 302038 166750 0
482 1885404 0 0 0 0 0 0 0 0
483 1885401 0 0 0 0 0 0 0 0
484 3614225 0 0 0 0 0 157009 0 0
485 628468 1 1 628468 1 1 0 0 0
486 628468 0 0 0 0 0 0 0 0
487 2513868 0 0 0 0 0 0 0 0
488 1256936 1 1 0 0 0 0 0 0
494 628468 0 0 0 0 0 0 0 0
495 157009 0 0 0 0 0 0 0 0
496 78700 1 1 0 0 0 78700 0 0
498 78309 0 0 0 0 0 78309 0 0
499 471027 1 1 0 0 0 0 0 0
561 943207 1 1 471601 0 0 2 1 1
563 2357721 0 0 0 0 0 471885 0 0
565 471601 0 0 0 0 0 0 0 0
566 1414803 0 0 471601 0 0 0 0 0
567 471885 0 0 0 0 0 142 0 0
568 142 0 0 0 0 0 0 0 0
572 471601 0 0 471601 4 1 0 0 0
585 604076 1 1 0 0 0 0 0 0
588 1510190 0 0 604076 0 0 0 0 0
589 302038 0 0 302038 0 0 0 0 0
590 1208152 0 0 0 0 0 0 0 0
fl=/home/wang/sources/cxx/book/include/lob/v19/order_table.hpp
fn=lob::v19::BookT<lob::ChecksumSink, 16u>::loc_of(unsigned int, unsigned long) const
74 347470 0 0 69494 0 0 0 0 0
75 208482 0 0 0 0 0 0 0 0
fn=lob::v19::BookT<lob::ChecksumSink, 16u>::modify(unsigned long, long, unsigned int)
0 166948 1 1 27729 0 0 0 0 0
74 634840 4 4 209803 0 0 0 0 0
75 325186 0 0 0 0 0 0 0 0
88 208482 0 0 0 0 0 0 0 0
92 139214 0 0 0 0 0 0 0 0
93 226 0 0 113 0 0 0 0 0
129 4110 0 0 0 0 0 0 0 0
131 8220 0 0 0 0 0 0 0 0
132 4110 0 0 0 0 0 0 0 0
133 16440 0 0 8220 0 0 0 0 0
134 4110 0 0 0 0 0 4110 0 0
135 12330 0 0 4110 0 0 0 0 0
136 8255 0 0 7 0 0 0 0 0
137 4110 0 0 4110 0 0 0 0 0
138 4110 0 0 0 0 0 0 0 0
163 363910 1 1 147208 0 0 0 0 0
165 360 0 0 0 0 0 0 0 0
167 69494 0 0 0 0 0 0 0 0
172 139440 1 1 0 0 0 0 0 0
174 139214 0 0 69607 39560 0 0 0 0
fn=lob::v19::BookT<lob::ChecksumSink, 16u>::relink_after_grow()
0 87 0 0 6 0 0 0 0 0
143 150 0 0 0 0 0 0 0 0
144 150 0 0 150 4 0 0 0 0
fn=lob::v19::OrderTable::grow()
0 16152 3 3 8966 0 0 0 0 0
144 3434 0 0 3434 252 0 0 0 0
163 7168 0 0 1792 0 0 0 0 0
167 3584 0 0 0 0 0 0 0 0
184 1792 0 0 1792 30 0 0 0 0
185 8960 3 3 0 0 0 0 0 0
187 10316 1 1 0 0 0 1792 0 0
188 8960 0 0 1792 0 0 1792 1536 0
195 3 0 0 0 0 0 3 0 0
196 3 0 0 0 0 0 3 0 0
197 12 1 1 0 0 0 3 0 0
198 3 0 0 0 0 0 3 0 0
200 6 0 0 0 0 0 3 0 0
201 1825 1 1 0 0 0 0 0 0
202 3584 1 1 0 0 0 3584 3584 3584
203 3584 1 1 0 0 0 3584 0 0
207 24 1 1 0 0 0 21 2 1
210 3 0 0 3 0 0 0 0 0
211 3 0 0 0 0 0 0 0 0
212 12 0 0 0 0 0 3 0 0
213 5382 0 0 0 0 0 0 0 0
215 14336 0 0 3584 28 0 0 0 0
216 1792 1 1 1792 1527 0 0 0 0
218 12544 2 2 1792 0 0 1792 0 0
219 1792 0 0 0 0 0 1792 226 0
222 14342 0 0 0 0 0 0 0 0
224 26880 0 0 5376 46 0 0 0 0
226 7168 1 1 1792 1411 0 1792 0 0
227 7168 0 0 1792 0 0 1792 0 0
267 30 0 0 18 3 0 0 0 0
fn=unsigned int lob::v19::BookT<lob::ChecksumSink, 16u>::match<(lob::Side)0>(unsigned long, long, unsigned int)
0 543799 2 2 163317 0 0 0 0 0
74 944655 1 1 314885 0 0 0 0 0
75 532050 0 0 0 0 0 0 0 0
83 1048901 1 1 299686 0 0 0 0 0
129 82521 0 0 0 0 0 0 0 0
131 165042 0 0 0 0 0 0 0 0
132 82521 1 1 0 0 0 0 0 0
133 330084 0 0 82521 0 0 0 0 0
134 82521 0 0 0 0 0 82521 0 0
135 330084 0 0 82521 1 1 0 0 0
136 165888 1 1 141 32 0 0 0 0
137 82521 0 0 82521 0 0 0 0 0
163 330084 0 0 165042 0 0 0 0 0
165 564 0 0 0 0 0 0 0 0
fn=unsigned int lob::v19::BookT<lob::ChecksumSink, 16u>::match<(lob::Side)1>(unsigned long, long, unsigned int)
0 540005 1 1 162142 0 0 0 0 0
74 936174 2 2 312058 0 0 0 0 0
75 527779 0 0 0 0 0 0 0 0
83 1040900 0 0 297400 0 0 0 0 0
129 81679 0 0 0 0 0 0 0 0
131 163358 1 1 0 0 0 0 0 0
132 81679 0 0 0 0 0 0 0 0
133 326716 0 0 81679 0 0 0 0 0
134 81679 0 0 0 0 0 81679 0 0
135 326716 0 0 81679 1 0 0 0 0
136 164204 0 0 141 38 0 0 0 0
137 81679 0 0 81679 0 0 0 0 0
163 326716 1 1 163358 0 0 0 0 0
165 564 0 0 0 0 0 0 0 0
fn=void lob::replay<lob::v19::BookT<lob::ChecksumSink, 16u> >(lob::v19::BookT<lob::ChecksumSink, 16u>&, std::__1::span<lob::Op const, 18446744073709551615ul>)
0 2770297 2 2 932301 1 1 471462 0 0
74 11000509 5 5 2320917 0 0 0 0 0
75 2660043 0 0 0 0 0 0 0 0
88 604076 0 0 302038 0 0 0 0 0
92 605020 0 0 0 0 0 0 0 0
93 944 0 0 472 0 0 0 0 0
100 1885404 0 0 628468 1 1 0 0 0
101 1256936 1 1 0 0 0 628468 0 0
102 1885404 0 0 1256936 0 0 0 0 0
103 9 1 1 0 0 0 3 0 0
105 628468 0 0 0 0 0 628468 3 0
106 1256942 0 0 3 0 0 628468 0 0
129 615772 1 1 0 0 0 0 0 0
131 917810 1 1 0 0 0 0 0 0
132 458905 0 0 0 0 0 0 0 0
133 1376715 1 1 458905 0 0 0 0 0
134 458905 0 0 0 0 0 458905 0 0
135 1835620 0 0 458905 0 0 0 0 0
136 921570 1 1 752 0 0 0 0 0
137 615772 1 1 458905 0 0 0 0 0
163 6790188 2 2 2150354 0 0 0 0 0
165 9080 0 0 0 0 0 0 0 0
167 1558974 0 0 0 0 0 0 0 0
172 606436 1 1 0 0 0 0 0 0
174 605020 0 0 302510 171216 0 0 0 0
184 629514 0 0 629514 44 7 0 0 0
185 3146524 1 1 0 0 0 0 0 0
187 2513872 0 0 0 0 0 628468 0 0
188 2513872 1 1 628468 0 0 628468 558931 222
191 3138 0 0 1046 531 0 0 0 0
fl=/home/wang/sources/cxx/book/include/lob/v3/hier_bitmap.hpp
fn=lob::v19::BookT<lob::ChecksumSink, 16u>::modify(unsigned long, long, unsigned int)
48 83145 0 0 55430 0 0 0 0 0
57 47182 0 0 0 0 0 0 0 0
58 70773 0 0 23591 21 0 0 0 0
59 70773 0 0 47182 0 0 47182 26 0
78 83145 0 0 27715 0 0 0 0 0
79 110860 0 0 55430 17 0 0 0 0
80 27715 0 0 0 0 0 0 0 0
95 138575 0 0 0 0 0 0 0 0
fn=lob::v19::BookT<lob::ChecksumSink, 16u>::relink_after_grow()
0 33 0 0 9 0 0 0 0 0
112 18432 0 0 0 0 0 0 0 0
113 18588 2 2 6144 771 253 0 0 0
115 38 0 0 0 0 0 0 0 0
fn=lob::v3::HierBitmap<16u>::set(unsigned int)
55 156 1 1 156 0 0 0 0 0
57 312 0 0 0 0 0 0 0 0
58 468 0 0 156 0 0 0 0 0
59 468 1 1 312 0 0 312 0 0
63 156 0 0 156 0 0 0 0 0
fn=unsigned int lob::v19::BookT<lob::ChecksumSink, 16u>::match<(lob::Side)0>(unsigned long, long, unsigned int)
0 83422 0 0 81441 0 0 0 0 0
48 244323 0 0 162882 0 0 0 0 0
67 2690 0 0 0 0 0 0 0 0
68 5380 0 0 1345 0 0 0 0 0
95 407205 0 0 0 0 0 0 0 0
fn=unsigned int lob::v19::BookT<lob::ChecksumSink, 16u>::match<(lob::Side)1>(unsigned long, long, unsigned int)
0 1923 0 0 0 0 0 0 0 0
48 243366 1 1 162244 0 0 0 0 0
67 2644 0 0 0 0 0 0 0 0
68 5288 0 0 1322 0 0 0 0 0
95 405610 0 0 0 0 0 0 0 0
fn=void lob::replay<lob::v19::BookT<lob::ChecksumSink, 16u> >(lob::v19::BookT<lob::ChecksumSink, 16u>&, std::__1::span<lob::Op const, 18446744073709551615ul>)
0 3 0 0 0 0 0 0 0 0
48 1885404 0 0 1256936 5 2 0 0 0
57 942924 0 0 0 0 0 0 0 0
58 1414386 0 0 471462 241 6 0 0 0
59 1414395 1 1 942927 1 1 942924 3 1
78 906114 0 0 302038 0 0 0 0 0
79 906114 0 0 302038 227 0 0 0 0
80 302038 0 0 0 0 0 0 0 0
95 3142335 0 0 0 0 0 0 0 0
fl=/home/wang/sources/cxx/book/source/main.cxx
fn=auto lob::for_each_type<std::__1::tuple<lob::v0::Book<lob::ChecksumSink>, lob::v1::Book<lob::ChecksumSink>, lob::v2::Book<lob::ChecksumSink>, lob::v3::BookT<lob::ChecksumSink, 16u>, lob::v4::BookT<lob::ChecksumSink, 16u>, lob::v5::BookT<lob::ChecksumSink, 16u>, lob::v7::BookT<lob::ChecksumSink, 16u>, lob::v8::BookT<lob::ChecksumSink, 16u>, lob::v9::BookT<lob::ChecksumSink, 16u>, lob::v10::BookT<lob::ChecksumSink, 16u>, lob::v11::BookT<lob::ChecksumSink, 16u>, lob::v12::BookT<lob::ChecksumSink, 16u>, lob::v13::BookT<lob::ChecksumSink, 16u>, lob::v14::BookT<lob::ChecksumSink, 16u>, lob::v15::BookT<lob::ChecksumSink, 16u>, lob::v16::BookT<lob::ChecksumSink, 16u>, lob::v17::BookT<lob::ChecksumSink, 16u>, lob::v18::BookT<lob::ChecksumSink, 16u>, lob::v19::BookT<lob::ChecksumSink, 16u> >, (anonymous namespace)::with_version<(anonymous namespace)::cmd_replay((anonymous namespace)::Args const&)::$_0>(std::__1::basic_string_view<char, std::__1::char_traits<char> >, (anonymous namespace)::cmd_replay((anonymous namespace)::Args const&)::$_0&&)::{lambda<typename $T0>()#1}>((anonymous namespace)::with_version<(anonymous namespace)::cmd_replay((anonymous namespace)::Args const&)::$_0>(std::__1::basic_string_view<char, std::__1::char_traits<char> >, (anonymous namespace)::cmd_replay((anonymous namespace)::Args const&)::$_0&&)::{lambda<typename $T0>()#1}&&)::{lambda<unsigned long... $N0>(std::__1::integer_sequence<unsigned long, ($N0)...>)#1}::operator()<0ul, 1ul, 2ul, 3ul, 4ul, 5ul, 6ul, 7ul, 8ul, 9ul, 10ul, 11ul, 12ul, 13ul, 14ul, 15ul, 16ul, 17ul, 18ul>(std::__1::integer_sequence<unsigned long, 0ul, 1ul, 2ul, 3ul, 4ul, 5ul, 6ul, 7ul, 8ul, 9ul, 10ul, 11ul, 12ul, 13ul, 14ul, 15ul, 16ul, 17ul, 18ul>) const
294 2 1 1 0 0 0 1 1 1
295 3 1 1 1 1 1 1 1 1
296 9 1 1 0 0 0 6 1 1
fl=/usr/include/c++/v1/__algorithm/comp.h
fn=unsigned int lob::v19::BookT<lob::ChecksumSink, 16u>::match<(lob::Side)0>(unsigned long, long, unsigned int)
41 149843 0 0 149843 123 0 0 0 0
fn=unsigned int lob::v19::BookT<lob::ChecksumSink, 16u>::match<(lob::Side)1>(unsigned long, long, unsigned int)
41 148700 0 0 148700 126 0 0 0 0
fl=/usr/include/c++/v1/__algorithm/fill_n.h
fn=std::__1::vector<unsigned int, std::__1::allocator<unsigned int> >::assign(unsigned long, unsigned int const&)
0 30 2 2 0 0 0 0 0 0
fl=/usr/include/c++/v1/__bit/countr.h
fn=lob::v19::BookT<lob::ChecksumSink, 16u>::modify(unsigned long, long, unsigned int)
28 249848 2 2 55430 0 0 0 0 0
fn=lob::v19::BookT<lob::ChecksumSink, 16u>::relink_after_grow()
28 150 2 2 0 0 0 0 0 0
fn=lob::v19::OrderTable::grow()
28 3584 0 0 0 0 0 0 0 0
fn=unsigned int lob::v19::BookT<lob::ChecksumSink, 16u>::match<(lob::Side)0>(unsigned long, long, unsigned int)
28 407205 0 0 162882 0 0 0 0 0
fn=unsigned int lob::v19::BookT<lob::ChecksumSink, 16u>::match<(lob::Side)1>(unsigned long, long, unsigned int)
28 405610 0 0 162244 0 0 0 0 0
fn=void lob::replay<lob::v19::BookT<lob::ChecksumSink, 16u> >(lob::v19::BookT<lob::ChecksumSink, 16u>&, std::__1::span<lob::Op const, 18446744073709551615ul>)
28 3746413 0 0 1256934 6 0 0 0 0
fl=/usr/include/c++/v1/__iterator/wrap_iter.h
fn=void lob::replay<lob::v19::BookT<lob::ChecksumSink, 16u> >(lob::v19::BookT<lob::ChecksumSink, 16u>&, std::__1::span<lob::Op const, 18446744073709551615ul>)
65 1000000 0 0 0 0 0 0 0 0
125 1000001 1 1 0 0 0 0 0 0
fl=/usr/include/c++/v1/__memory/construct_at.h
fn=std::__1::vector<unsigned int, std::__1::allocator<unsigned int> >::assign(unsigned long, unsigned int const&)
38 1123 1 1 3 3 1 896 445 82
fl=/usr/include/c++/v1/__memory/unique_ptr.h
fn=lob::v19::BookT<lob::ChecksumSink, 16u>::modify(unsigned long, long, unsigned int)
583 8220 0 0 4110 0 0 0 0 0
fn=lob::v19::OrderTable::grow()
91 6 1 1 0 0 0 3 2 0
281 3 0 0 3 0 0 0 0 0
282 3 0 0 0 0 0 3 0 0
287 3 0 0 3 0 0 0 0 0
288 3 0 0 0 0 0 3 0 0
289 12 0 0 0 0 0 0 0 0
597 3 0 0 3 0 0 0 0 0
598 3 0 0 0 0 0 3 0 0
606 3 1 1 3 2 0 0 0 0
607 3 0 0 0 0 0 3 0 0
609 6 0 0 0 0 0 0 0 0
617 6 1 1 0 0 0 0 0 0
765 21 1 1 0 0 0 6 2 0
fn=unsigned int lob::v19::BookT<lob::ChecksumSink, 16u>::match<(lob::Side)0>(unsigned long, long, unsigned int)
583 82521 0 0 82521 0 0 0 0 0
fn=unsigned int lob::v19::BookT<lob::ChecksumSink, 16u>::match<(lob::Side)1>(unsigned long, long, unsigned int)
583 81679 0 0 81679 0 0 0 0 0
fn=void lob::replay<lob::v19::BookT<lob::ChecksumSink, 16u> >(lob::v19::BookT<lob::ChecksumSink, 16u>&, std::__1::span<lob::Op const, 18446744073709551615ul>)
583 458905 0 0 458905 0 0 0 0 0
fl=/usr/include/c++/v1/__new/allocate.h
fn=std::__1::vector<unsigned int, std::__1::allocator<unsigned int> >::assign(unsigned long, unsigned int const&)
37 3 0 0 0 0 0 0 0 0
43 3 0 0 0 0 0 3 0 0
63 2 0 0 0 0 0 2 0 0
fl=/usr/include/c++/v1/__tree
fn=lob::v19::BookT<lob::ChecksumSink, 16u>::relink_after_grow()
680 6 0 0 0 0 0 0 0 0
859 6 0 0 0 0 0 0 0 0
915 6 1 1 6 3 0 0 0 0
fl=/usr/include/c++/v1/__vector/vector.h
fn=auto lob::for_each_type<std::__1::tuple<lob::v0::Book<lob::ChecksumSink>, lob::v1::Book<lob::ChecksumSink>, lob::v2::Book<lob::ChecksumSink>, lob::v3::BookT<lob::ChecksumSink, 16u>, lob::v4::BookT<lob::ChecksumSink, 16u>, lob::v5::BookT<lob::ChecksumSink, 16u>, lob::v7::BookT<lob::ChecksumSink, 16u>, lob::v8::BookT<lob::ChecksumSink, 16u>, lob::v9::BookT<lob::ChecksumSink, 16u>, lob::v10::BookT<lob::ChecksumSink, 16u>, lob::v11::BookT<lob::ChecksumSink, 16u>, lob::v12::BookT<lob::ChecksumSink, 16u>, lob::v13::BookT<lob::ChecksumSink, 16u>, lob::v14::BookT<lob::ChecksumSink, 16u>, lob::v15::BookT<lob::ChecksumSink, 16u>, lob::v16::BookT<lob::ChecksumSink, 16u>, lob::v17::BookT<lob::ChecksumSink, 16u>, lob::v18::BookT<lob::ChecksumSink, 16u>, lob::v19::BookT<lob::ChecksumSink, 16u> >, (anonymous namespace)::with_version<(anonymous namespace)::cmd_replay((anonymous namespace)::Args const&)::$_0>(std::__1::basic_string_view<char, std::__1::char_traits<char> >, (anonymous namespace)::cmd_replay((anonymous namespace)::Args const&)::$_0&&)::{lambda<typename $T0>()#1}>((anonymous namespace)::with_version<(anonymous namespace)::cmd_replay((anonymous namespace)::Args const&)::$_0>(std::__1::basic_string_view<char, std::__1::char_traits<char> >, (anonymous namespace)::cmd_replay((anonymous namespace)::Args const&)::$_0&&)::{lambda<typename $T0>()#1}&&)::{lambda<unsigned long... $N0>(std::__1::integer_sequence<unsigned long, ($N0)...>)#1}::operator()<0ul, 1ul, 2ul, 3ul, 4ul, 5ul, 6ul, 7ul, 8ul, 9ul, 10ul, 11ul, 12ul, 13ul, 14ul, 15ul, 16ul, 17ul, 18ul>(std::__1::integer_sequence<unsigned long, 0ul, 1ul, 2ul, 3ul, 4ul, 5ul, 6ul, 7ul, 8ul, 9ul, 10ul, 11ul, 12ul, 13ul, 14ul, 15ul, 16ul, 17ul, 18ul>) const
388 4 0 0 1 0 0 0 0 0
449 1 0 0 1 1 1 0 0 0
fn=lob::v19::BookT<lob::ChecksumSink, 16u>::relink_after_grow()
388 3 0 0 3 0 0 0 0 0
764 3 1 1 0 0 0 3 0 0
fn=lob::v19::OrderTable::grow()
407 1792 0 0 1792 0 0 0 0 0
fn=std::__1::vector<unsigned int, std::__1::allocator<unsigned int> >::assign(unsigned long, unsigned int const&)
0 6 0 0 0 0 0 0 0 0
391 18 0 0 6 2 0 0 0 0
572 6 0 0 0 0 0 0 0 0
575 3 0 0 0 0 0 3 0 0
577 6 0 0 0 0 0 3 0 0
741 3 0 0 0 0 0 0 0 0
746 6 1 1 0 0 0 3 0 0
764 2 0 0 0 0 0 2 0 0
889 6 0 0 0 0 0 0 0 0
893 8 0 0 0 0 0 4 0 0
902 9 1 1 0 0 0 0 0 0
905 18 1 1 0 0 0 0 0 0
935 469 0 0 0 0 0 0 0 0
1080 24 1 1 0 0 0 15 0 0
1081 6 0 0 0 0 0 0 0 0
1093 21 1 1 18 0 0 0 0 0
fn=void lob::replay<lob::v19::BookT<lob::ChecksumSink, 16u> >(lob::v19::BookT<lob::ChecksumSink, 16u>&, std::__1::span<lob::Op const, 18446744073709551615ul>)
394 1256936 0 0 1256936 1 1 0 0 0
fl=/usr/include/c++/v1/map
fn=unsigned int lob::v19::BookT<lob::ChecksumSink, 16u>::match<(lob::Side)0>(unsigned long, long, unsigned int)
1031 162882 0 0 81441 0 0 0 0 0
fn=unsigned int lob::v19::BookT<lob::ChecksumSink, 16u>::match<(lob::Side)1>(unsigned long, long, unsigned int)
1031 162244 1 1 81122 0 0 0 0 0
fl=???
fn=???
0 78 12 12 49 37 11 4 0 0
fn=operator delete(void*)
0 25 0 0 5 0 0 5 0 0
fn=operator delete(void*, std::align_val_t)
0 15 1 1 3 0 0 3 0 0
fn=operator delete(void*, unsigned long)
0 10 0 0 2 0 0 2 0 0
fn=operator delete[](void*)
0 15 1 1 3 0 0 3 0 0
fn=operator new(unsigned long)
0 102 2 2 18 0 0 24 0 0
fn=operator new(unsigned long, std::align_val_t)
0 81 3 3 12 0 0 12 0 0
fn=operator new[](unsigned long)
0 15 0 0 3 0 0 3 0 0
summary: 194568308 326 326 43836427 592857 375403 15120708 1001665 3933
